Computing Integrals
Basis Set                                            = def2-qzvp
Auxiliary Basis Set                                  = def2-universal-jkfit
Gaussian Type                                        = Spherical
Elapsed time:   10.00 Seconds

Number of basis functions                   (NBF)    = 588
Number of auxiliary basis functions         (NBFAUX) = 516
Inactive Doubly occupied orbitals up to     (NO1)    = 0
No. considered Strongly Doubly occupied MOs (NDOC)   = 18
No. considered Strongly Singly occupied MOs (NSOC)   = 0
NO. of Weakly occ. per St. Doubly occ.  MOs (NCWO)   = 1
Dimension of the Nat. Orb. subspace         (NBF5)   = 36
No. of electrons                                     = 36
    No. of alpha electrons                           = 18
    No. of beta electrons                            = 18
Multiplicity                                         = 1

Geometry
========
 C       0.6841602       0.3377511      -1.9114827
 C      -0.6841602      -0.3377511      -1.9114827
 H       1.4896455      -0.4014341      -1.9114827
 H       0.8127733       0.9696603      -2.7942920
 H       0.8127733       0.9696603      -1.0286734
 H      -1.4896455       0.4014341      -1.9114827
 H      -0.8127733      -0.9696603      -2.7942920
 H      -0.8127733      -0.9696603      -1.0286734
 C       0.6841602      -0.3377511       1.9114827
 C      -0.6841602       0.3377511       1.9114827
 H       1.4896455       0.4014341       1.9114827
 H       0.8127733      -0.9696603       2.7942920
 H       0.8127733      -0.9696603       1.0286734
 H      -1.4896455      -0.4014341       1.9114827
 H      -0.8127733       0.9696603       2.7942920
 H      -0.8127733       0.9696603       1.0286734

No violations of the orthonormality
No violations of the orthonormality
 
PNOF8/ADABelief Calculation
==================
 
  Nitext  Nit_orb  Time   Nit_occ  Time         Eelec          Etot           Ediff      maxdiff    MaxGrad_orb  Grad_occ
     1      10    1.2e+01    0    1.2e+01  -286.47027659  -159.14024329 -10285.47027659   0.000632   2.5e-03   4.2e-05 0.04
 
RESULTS OF THE OCCUPATION OPTIMIZATION
========================================
   1    1.9995772  -11.20653926
   2    1.9995774  -11.20636974
   3    1.9995744  -11.20634298
   4    1.9995818  -11.20614760
   5    1.9789950  -0.90323211
   6    1.9790030  -0.90228828
   7    1.9789568  -0.90037149
   8    1.9787813  -0.89373824
   9    1.9707418  -0.58438998
  10    1.9706931  -0.58330603
  11    1.9705914  -0.58174752
  12    1.9705310  -0.57886376
  13    1.9697739  -0.56053418
  14    1.9694765  -0.55555441
  15    1.9693698  -0.55526540
  16    1.9693664  -0.55473020
  17    1.9644918  -0.54117827
  18    1.9644697  -0.54084355
  19    0.0355303  -0.03607893
  20    0.0355082  -0.03614887
  21    0.0306336  -0.02686996
  22    0.0306302  -0.02687458
  23    0.0305235  -0.02680653
  24    0.0302261  -0.02668539
  25    0.0294690  -0.02654994
  26    0.0294086  -0.02658044
  27    0.0293069  -0.02654061
  28    0.0292582  -0.02648167
  29    0.0212187  -0.02438756
  30    0.0210432  -0.02423304
  31    0.0209970  -0.02421158
  32    0.0210050  -0.02421663
  33    0.0004182  -0.00748815
  34    0.0004256  -0.00754570
  35    0.0004226  -0.00752955
  36    0.0004228  -0.00752408
 
----------------
 Final Energies 
----------------
Final NOF Total Energy =    -159.1402433
 
Total Orbital Internal Iterations = 10
Total Occupation Internal Iterations = 0
 
Elapsed time:   31.03 Seconds

---------------------------------
   Lowdin Population Analysis    
---------------------------------
 Idx  Atom   Population   Charge 
---------------------------------
  1     C     5.806       0.194
  2     C     5.807       0.193
  3     H     1.065      -0.065
  4     H     1.066      -0.066
  5     H     1.063      -0.063
  6     H     1.065      -0.065
  7     H     1.066      -0.066
  8     H     1.063      -0.063
  9     C     5.806       0.194
 10     C     5.806       0.194
 11     H     1.062      -0.062
 12     H     1.066      -0.066
 13     H     1.066      -0.066
 14     H     1.062      -0.062
 15     H     1.066      -0.066
 16     H     1.066      -0.066

---------------------------------
   M Diagnostic: 0.04
---------------------------------

