Computing Integrals
Basis Set                                            = def2-qzvp
Auxiliary Basis Set                                  = def2-universal-jkfit
Gaussian Type                                        = Spherical
Elapsed time:    2.48 Seconds

Number of basis functions                   (NBF)    = 171
Number of auxiliary basis functions         (NBFAUX) = 231
Inactive Doubly occupied orbitals up to     (NO1)    = 0
No. considered Strongly Doubly occupied MOs (NDOC)   = 11
No. considered Strongly Singly occupied MOs (NSOC)   = 0
NO. of Weakly occ. per St. Doubly occ.  MOs (NCWO)   = 1
Dimension of the Nat. Orb. subspace         (NBF5)   = 22
No. of electrons                                     = 22
    No. of alpha electrons                           = 11
    No. of beta electrons                            = 11
Multiplicity                                         = 1

Geometry
========
 N       0.0000000       0.0000000      -1.1427267
 N       0.0000000       0.0000000      -0.0221616
 O       0.0000000       0.0000000       1.1648883

No violations of the orthonormality
No violations of the orthonormality
 
PNOF8/ADAM Calculation
==================
 
  Nitext  Nit_orb  Time   Nit_occ  Time         Eelec          Etot           Ediff      maxdiff    MaxGrad_orb  Grad_occ
     1      10    9.8e+00   10    1.2e+01  -231.77126422  -170.82541804 -10230.77126422   0.980733   3.9e+00   2.1e-04 0.02
     2      10    5.9e-01   13    2.0e-02  -239.75416338  -178.80831720    -7.98289916   0.647609   2.6e+00   1.4e-04 0.04
     3      10    7.4e-01   10    8.8e-02  -242.67051239  -181.72466621    -2.91634901   0.457729   1.8e+00   1.6e-04 0.05
     4      10    5.6e-01    7    3.2e-02  -243.99103570  -183.04518953    -1.32052332   0.274847   1.1e+00   2.5e-04 0.06
     5      10    4.6e-01    7    2.8e-02  -244.56712085  -183.62127467    -0.57608514   0.209298   8.4e-01   7.8e-05 0.05
     6      10    6.6e-01    6    4.2e-02  -244.86776394  -183.92191776    -0.30064309   0.183989   7.4e-01   1.1e-04 0.05
     7      10    7.8e-01    6    1.1e-02  -245.02831628  -184.08247010    -0.16055234   0.152532   6.1e-01   1.0e-04 0.05
     8      10    8.3e-01    6    2.4e-02  -245.11789546  -184.17204928    -0.08957918   0.135065   5.4e-01   1.4e-04 0.05
     9      10    8.3e-01    6    5.7e-02  -245.17451818  -184.22867201    -0.05662272   0.141876   5.7e-01   9.5e-05 0.05
    10      10    9.9e-01    4    3.5e-02  -245.19836285  -184.25251667    -0.02384466   0.138794   5.6e-01   2.0e-04 0.05
    11      10    7.2e-01    4    3.3e-02  -245.20896551  -184.26311933    -0.01060266   0.155719   6.2e-01   1.7e-04 0.05
    12      10    7.1e-01    3    2.6e-02  -245.21158552  -184.26573935    -0.00262002   0.139975   5.6e-01   1.7e-04 0.05
    13      10    7.3e-01    3    3.9e-02  -245.21256660  -184.26672042    -0.00098108   0.134231   5.4e-01   1.8e-04 0.05
    14      10    9.6e-01    2    5.1e-02  -245.21445694  -184.26861076    -0.00189034   0.136063   5.4e-01   2.0e-04 0.05
    15      10    9.2e-01    0    4.8e-02  -245.21449197  -184.26864579    -0.00003503   0.136063   5.4e-01   2.0e-04 0.05
    16      30    2.7e+00    2    4.2e-02  -245.22708073  -184.28123455    -0.01258876   0.004372   1.7e-02   2.2e-04 0.05
    17      30    2.4e+00    2    3.5e-02  -245.22757616  -184.28172999    -0.00049544   0.001237   4.9e-03   1.8e-04 0.05
    18      30    2.4e+00    2    8.0e-03  -245.22781914  -184.28197297    -0.00024298   0.001978   7.9e-03   1.5e-04 0.05
    19      30    2.6e+00    2    3.1e-02  -245.22796482  -184.28211864    -0.00014567   0.001794   7.2e-03   1.2e-04 0.05
    20      30    2.6e+00    2    2.7e-02  -245.22803723  -184.28219105    -0.00007241   0.001806   7.2e-03   1.2e-04 0.05
    21      30    2.2e+00    2    8.6e-02  -245.22808509  -184.28223891    -0.00004786   0.001725   6.9e-03   1.2e-04 0.05
    22      30    2.6e+00    2    2.4e-02  -245.22812348  -184.28227730    -0.00003839   0.001699   6.8e-03   1.3e-04 0.05
    23      30    2.5e+00    2    2.3e-02  -245.22817877  -184.28233260    -0.00005530   0.001709   6.8e-03   1.2e-04 0.05
    24      30    2.0e+00    2    2.2e-02  -245.22821891  -184.28237273    -0.00004014   0.002329   9.3e-03   1.1e-04 0.05
    25      30    1.9e+00    2    2.8e-02  -245.22826697  -184.28242079    -0.00004806   0.001831   7.3e-03   1.4e-04 0.05
    26      30    3.2e+00    2    3.5e-03  -245.22829461  -184.28244844    -0.00002765   0.001706   6.8e-03   1.2e-04 0.05
    27      30    1.7e+00    2    1.8e-02  -245.22831413  -184.28246796    -0.00001952   0.001876   7.5e-03   1.9e-04 0.05
    28      30    2.4e+00    2    7.0e-02  -245.22833143  -184.28248526    -0.00001730   0.001734   6.9e-03   1.5e-04 0.05
    29      30    2.6e+00    2    2.8e-02  -245.22837159  -184.28252541    -0.00004015   0.001961   7.8e-03   2.4e-04 0.05
    30      30    2.5e+00    2    1.8e-02  -245.22845047  -184.28260429    -0.00007888   0.001827   7.3e-03   2.2e-04 0.05
    31      30    2.1e+00    4    5.3e-02  -245.22851919  -184.28267301    -0.00006872   0.002063   8.3e-03   5.2e-05 0.05
    32      30    3.1e+00    3    6.0e-03  -245.22858718  -184.28274100    -0.00006799   0.001661   6.6e-03   1.3e-04 0.05
    33      30    2.5e+00    3    1.2e-02  -245.22865567  -184.28280949    -0.00006849   0.001586   6.3e-03   1.5e-04 0.05
    34      30    2.4e+00    2    1.5e-02  -245.22868314  -184.28283696    -0.00002747   0.001717   6.9e-03   1.9e-04 0.05
    35      30    2.4e+00    2    2.5e-02  -245.22870258  -184.28285640    -0.00001944   0.001635   6.5e-03   2.0e-04 0.05
    36      30    2.4e+00    2    2.7e-02  -245.22871990  -184.28287372    -0.00001732   0.001712   6.8e-03   1.5e-04 0.05
    37      30    3.2e+00    2    2.0e-02  -245.22874405  -184.28289787    -0.00002415   0.001714   6.9e-03   1.4e-04 0.05
    38      30    3.2e+00    2    3.6e-02  -245.22878840  -184.28294222    -0.00004435   0.001770   7.1e-03   8.4e-05 0.05
    39      30    2.4e+00    0    1.4e-02  -245.22884417  -184.28299799    -0.00005577   0.001749   7.0e-03   2.0e-04 0.05
    40      40    3.2e+00    2    2.5e-02  -245.22896408  -184.28311790    -0.00011991   0.000952   3.8e-03   7.4e-05 0.05
 
RESULTS OF THE OCCUPATION OPTIMIZATION
========================================
   1    1.9998026  -20.20404834
   2    1.9996993  -16.16175175
   3    1.9996130  -15.78050294
   4    1.9921149  -1.60946381
   5    1.9889635  -1.26220179
   6    1.9866675  -0.85762691
   7    1.9762395  -0.85070775
   8    1.9867986  -0.77631586
   9    1.9640535  -0.74132131
  10    1.9472502  -0.53897340
  11    1.9461727  -0.53724489
  12    0.0538273  -0.06555776
  13    0.0527498  -0.06526977
  14    0.0359465  -0.05643928
  15    0.0132014  -0.01747900
  16    0.0237605  -0.03505270
  17    0.0133325  -0.02250540
  18    0.0110365  -0.02038990
  19    0.0078851  -0.01524950
  20    0.0003870  -0.00918219
  21    0.0003007  -0.00734990
  22    0.0001974  -0.00661239
 
----------------
 Final Energies 
----------------
Final NOF Total Energy =    -184.2831179
 
Total Orbital Internal Iterations = 910
Total Occupation Internal Iterations = 139
 
Elapsed time:  110.35 Seconds

---------------------------------
   Lowdin Population Analysis    
---------------------------------
 Idx  Atom   Population   Charge 
---------------------------------
  1     N     6.947       0.053
  2     N     7.152      -0.152
  3     O     7.901       0.099

---------------------------------
   M Diagnostic: 0.05
---------------------------------

