Computing Integrals
Basis Set                                            = def2-qzvp
Auxiliary Basis Set                                  = def2-universal-jkfit
Gaussian Type                                        = Spherical
Elapsed time:    1.77 Seconds

Number of basis functions                   (NBF)    = 117
Number of auxiliary basis functions         (NBFAUX) = 113
Inactive Doubly occupied orbitals up to     (NO1)    = 0
No. considered Strongly Doubly occupied MOs (NDOC)   = 4
No. considered Strongly Singly occupied MOs (NSOC)   = 1
NO. of Weakly occ. per St. Doubly occ.  MOs (NCWO)   = 1
Dimension of the Nat. Orb. subspace         (NBF5)   = 9
No. of electrons                                     = 9
    No. of alpha electrons                           = 5
    No. of beta electrons                            = 4
Multiplicity                                         = 2

Geometry
========
 N       0.0000000       0.0000000       0.4242463
 H      -0.8023121       0.0000000      -0.2121232
 H       0.8023121       0.0000000      -0.2121232

No violations of the orthonormality
No violations of the orthonormality
 
PNOF8/ADABelief Calculation
==================
 
  Nitext  Nit_orb  Time   Nit_occ  Time         Eelec          Etot           Ediff      maxdiff    MaxGrad_orb  Grad_occ
     1      10    9.1e+00    0    1.2e+01   -63.30508211   -55.74079746 -10062.30508211   0.000630   2.5e-03   2.1e-04 0.04
 
RESULTS OF THE OCCUPATION OPTIMIZATION
========================================
   1    1.9997235  -15.58876520
   2    1.9844815  -1.03877870
   3    1.9628739  -0.62193494
   4    1.9629720  -0.62184940
   5    1.0000000  -0.26737351
   6    0.0370280  -0.03404250
   7    0.0371261  -0.03406382
   8    0.0155185  -0.02035812
   9    0.0002765  -0.00716366
 
----------------
 Final Energies 
----------------
Final NOF Total Energy =     -55.7407975
 
Total Orbital Internal Iterations = 10
Total Occupation Internal Iterations = 0
 
Elapsed time:   27.00 Seconds

---------------------------------
   Lowdin Population Analysis    
---------------------------------
 Idx  Atom   Population   Charge 
---------------------------------
  1     N     6.499       0.501
  2     H     1.250      -0.250
  3     H     1.251      -0.251

---------------------------------
   M Diagnostic: 0.04
---------------------------------

