Computing Integrals
Basis Set                                            = def2-qzvp
Auxiliary Basis Set                                  = def2-universal-jkfit
Gaussian Type                                        = Spherical
Elapsed time:    1.80 Seconds

Number of basis functions                   (NBF)    = 147
Number of auxiliary basis functions         (NBFAUX) = 129
Inactive Doubly occupied orbitals up to     (NO1)    = 0
No. considered Strongly Doubly occupied MOs (NDOC)   = 4
No. considered Strongly Singly occupied MOs (NSOC)   = 1
NO. of Weakly occ. per St. Doubly occ.  MOs (NCWO)   = 1
Dimension of the Nat. Orb. subspace         (NBF5)   = 9
No. of electrons                                     = 9
    No. of alpha electrons                           = 5
    No. of beta electrons                            = 4
Multiplicity                                         = 2

Geometry
========
 C       0.0000000       0.0000000       0.0000000
 H       0.5386581       0.9329832       0.0000000
 H       0.5386581      -0.9329832       0.0000000
 H      -1.0773162       0.0000000       0.0000000

No violations of the orthonormality
No violations of the orthonormality
 
PNOF8/ADABelief Calculation
==================
 
  Nitext  Nit_orb  Time   Nit_occ  Time         Eelec          Etot           Ediff      maxdiff    MaxGrad_orb  Grad_occ
     1      10    9.3e+00    0    1.2e+01   -49.40120222   -39.70884837 -10048.40120222   0.000493   2.0e-03   1.4e-04 0.03
 
RESULTS OF THE OCCUPATION OPTIMIZATION
========================================
   1    1.9995666  -11.22019957
   2    1.9746141  -0.86131475
   3    1.9694339  -0.61387063
   4    1.9693977  -0.61041240
   5    1.0000000  -0.19741638
   6    0.0306023  -0.02672332
   7    0.0305661  -0.02676205
   8    0.0253859  -0.02528823
   9    0.0004334  -0.00797665
 
----------------
 Final Energies 
----------------
Final NOF Total Energy =     -39.7088484
 
Total Orbital Internal Iterations = 10
Total Occupation Internal Iterations = 0
 
Elapsed time:   27.45 Seconds

---------------------------------
   Lowdin Population Analysis    
---------------------------------
 Idx  Atom   Population   Charge 
---------------------------------
  1     C     5.573       0.427
  2     H     1.143      -0.143
  3     H     1.141      -0.141
  4     H     1.143      -0.143

---------------------------------
   M Diagnostic: 0.03
---------------------------------

