Computing Integrals
Basis Set                                            = def2-qzvp
Auxiliary Basis Set                                  = def2-universal-jkfit
Gaussian Type                                        = Spherical
Elapsed time:    4.79 Seconds

Number of basis functions                   (NBF)    = 291
Number of auxiliary basis functions         (NBFAUX) = 301
Inactive Doubly occupied orbitals up to     (NO1)    = 0
No. considered Strongly Doubly occupied MOs (NDOC)   = 12
No. considered Strongly Singly occupied MOs (NSOC)   = 0
NO. of Weakly occ. per St. Doubly occ.  MOs (NCWO)   = 1
Dimension of the Nat. Orb. subspace         (NBF5)   = 24
No. of electrons                                     = 24
    No. of alpha electrons                           = 12
    No. of beta electrons                            = 12
Multiplicity                                         = 1

Geometry
========
 C       0.9811499       0.3246321       0.0000000
 H       1.0547986       1.4002254       0.0000000
 H       1.8357155      -0.3305905       0.0000000
 N      -0.2182044      -0.2186818       0.0000000
 H      -0.2010878      -1.2422573       0.0000000
 N      -1.3704069       0.3979153       0.0000000
 H      -2.0819648      -0.3312432       0.0000000

No violations of the orthonormality
No violations of the orthonormality
 
PNOF8/ADAM Calculation
==================
 
  Nitext  Nit_orb  Time   Nit_occ  Time         Eelec          Etot           Ediff      maxdiff    MaxGrad_orb  Grad_occ
     1      10    1.1e+01    9    1.2e+01  -209.37418081  -136.23358405 -10208.37418081   0.660997   2.6e+00   8.1e-05 0.01
     2      10    1.2e+00    8    1.0e-02  -217.55955107  -144.41895430    -8.18537025   0.471057   1.9e+00   2.1e-04 0.03
     3      10    1.2e+00    8    1.2e-02  -220.19823345  -147.05763669    -2.63868238   0.347326   1.4e+00   1.8e-04 0.05
     4      10    1.1e+00    7    4.2e-02  -221.46636971  -148.32577295    -1.26813626   0.192550   7.7e-01   7.3e-05 0.06
     5      10    1.6e+00    5    1.3e-02  -222.14099805  -149.00040129    -0.67462834   0.138612   5.5e-01   2.9e-04 0.05
     6      10    1.2e+00    6    2.8e-02  -222.45634187  -149.31574511    -0.31534382   0.117817   4.7e-01   1.1e-04 0.05
     7      10    1.8e+00    5    1.4e-02  -222.60013899  -149.45954223    -0.14379712   0.092117   3.7e-01   1.0e-04 0.05
     8      10    1.4e+00    6    6.0e-02  -222.64526969  -149.50467293    -0.04513070   0.096087   3.8e-01   8.5e-05 0.06
     9      10    1.2e+00    5    3.1e-02  -222.65726271  -149.51666595    -0.01199303   0.115101   4.6e-01   1.6e-04 0.06
    10      10    1.2e+00    3    1.2e-02  -222.65968802  -149.51909126    -0.00242530   0.097935   3.9e-01   2.1e-04 0.06
    11      10    1.6e+00    4    1.6e-02  -222.66064857  -149.52005180    -0.00096055   0.106391   4.3e-01   1.5e-04 0.06
    12      10    1.2e+00    3    2.0e-02  -222.66216787  -149.52157111    -0.00151931   0.101818   4.1e-01   1.7e-04 0.06
    13      10    2.1e+00    0    3.9e-02  -222.66221960  -149.52162284    -0.00005173   0.101818   4.1e-01   1.7e-04 0.06
    14      30    3.9e+00    4    3.5e-02  -222.67964007  -149.53904331    -0.01742048   0.004756   1.9e-02   1.4e-04 0.06
    15      30    3.7e+00    2    3.5e-02  -222.68052008  -149.53992332    -0.00088000   0.001926   7.7e-03   1.7e-04 0.06
    16      30    4.1e+00    3    1.1e-02  -222.68099120  -149.54039444    -0.00047113   0.030201   1.2e-01   2.4e-04 0.06
    17      30    3.8e+00    3    1.4e-02  -222.68132919  -149.54073243    -0.00033799   0.004192   1.7e-02   2.1e-04 0.06
    18      30    4.5e+00    2    2.5e-02  -222.68141879  -149.54082203    -0.00008960   0.004401   1.8e-02   1.5e-04 0.06
    19      30    3.6e+00    0    1.3e-02  -222.68142450  -149.54082774    -0.00000571   0.004401   1.8e-02   1.5e-04 0.06
    20      41    5.4e+00    1    1.3e-02  -222.68156435  -149.54096759    -0.00013985   0.000493   2.0e-03   1.2e-04 0.06
 
RESULTS OF THE OCCUPATION OPTIMIZATION
========================================
   1    1.9997127  -15.56183768
   2    1.9996349  -15.10663741
   3    1.9995408  -11.82411940
   4    1.9901874  -1.32273552
   5    1.9877158  -0.99621458
   6    1.9776798  -0.80219988
   7    1.9703078  -0.71273453
   8    1.9708641  -0.70496809
   9    1.9738418  -0.65330550
  10    1.9637217  -0.63805817
  11    1.9671708  -0.59974075
  12    1.9414213  -0.31860188
  13    0.0585787  -0.05801094
  14    0.0328292  -0.03235287
  15    0.0362783  -0.04671094
  16    0.0261582  -0.02539410
  17    0.0291359  -0.03185029
  18    0.0296922  -0.03756333
  19    0.0223202  -0.02427415
  20    0.0122842  -0.01843365
  21    0.0098126  -0.01443316
  22    0.0004592  -0.00838714
  23    0.0003651  -0.00849583
  24    0.0002873  -0.00707948
 
----------------
 Final Energies 
----------------
Final NOF Total Energy =    -149.5409676
 
Total Orbital Internal Iterations = 351
Total Occupation Internal Iterations = 84
 
Elapsed time:   78.70 Seconds

---------------------------------
   Lowdin Population Analysis    
---------------------------------
 Idx  Atom   Population   Charge 
---------------------------------
  1     C     5.884       0.116
  2     H     1.113      -0.113
  3     H     1.124      -0.124
  4     N     6.652       0.348
  5     H     1.105      -0.105
  6     N     6.837       0.163
  7     H     1.285      -0.285

---------------------------------
   M Diagnostic: 0.06
---------------------------------

