Computing Integrals
Basis Set                                            = def2-qzvp
Auxiliary Basis Set                                  = def2-universal-jkfit
Gaussian Type                                        = Spherical
Elapsed time:   10.28 Seconds

Number of basis functions                   (NBF)    = 555
Number of auxiliary basis functions         (NBFAUX) = 539
Inactive Doubly occupied orbitals up to     (NO1)    = 0
No. considered Strongly Doubly occupied MOs (NDOC)   = 20
No. considered Strongly Singly occupied MOs (NSOC)   = 0
NO. of Weakly occ. per St. Doubly occ.  MOs (NCWO)   = 1
Dimension of the Nat. Orb. subspace         (NBF5)   = 40
No. of electrons                                     = 40
    No. of alpha electrons                           = 20
    No. of beta electrons                            = 20
Multiplicity                                         = 1

Geometry
========
 C       1.4336238      -0.0717234       0.6820010
 C       1.4336238      -0.0717234      -0.6820010
 C      -0.9658292       0.1718331      -1.1995815
 N      -1.3426590      -0.3073458       0.0000000
 C      -0.9658292       0.1718331       1.1995815
 H       1.4734971      -0.9964973       1.2441549
 H       1.6593256       0.8272111       1.2428766
 H       1.4734971      -0.9964973      -1.2441549
 H       1.6593256       0.8272111      -1.2428766
 H      -0.8162270       1.2370668      -1.2855138
 H      -1.2955194      -0.3759926      -2.0704810
 H      -1.6350828      -1.2764493       0.0000000
 H      -0.8162270       1.2370668       1.2855138
 H      -1.2955194      -0.3759926       2.0704810

No violations of the orthonormality
No violations of the orthonormality
 
PNOF8/ADAM Calculation
==================
 
  Nitext  Nit_orb  Time   Nit_occ  Time         Eelec          Etot           Ediff      maxdiff    MaxGrad_orb  Grad_occ
     1      10    1.2e+01    9    1.2e+01  -368.48615488  -193.50890413 -10367.48615488   0.655264   2.6e+00   2.2e-04 0.01
     2      10    3.8e+00   11    1.2e-01  -380.75074108  -205.77349033   -12.26458620   0.467232   1.9e+00   2.4e-04 0.03
     3      10    3.5e+00    9    1.3e-01  -384.48560199  -209.50835124    -3.73486090   0.315655   1.3e+00   1.9e-04 0.04
     4      10    3.0e+00    7    1.4e-01  -385.49662263  -210.51937188    -1.01102064   0.158870   6.4e-01   2.2e-04 0.05
     5      10    4.0e+00    7    1.3e-01  -385.87582458  -210.89857383    -0.37920195   0.128580   5.1e-01   1.3e-04 0.05
     6      10    3.6e+00    6    1.2e-01  -386.10610376  -211.12885301    -0.23027918   0.104111   4.2e-01   1.6e-04 0.05
     7      10    3.0e+00    6    1.3e-01  -386.33025760  -211.35300685    -0.22415384   0.198890   8.0e-01   1.0e-04 0.05
     8      10    3.7e+00    3    1.2e-01  -386.53331690  -211.55606615    -0.20305930   0.294324   1.2e+00   3.2e-04 0.05
     9      10    5.8e+00    4    1.3e-01  -386.66321399  -211.68596324    -0.12989709   0.097646   3.9e-01   2.1e-04 0.05
    10      10    3.1e+00    4    1.2e-01  -386.72953320  -211.75228245    -0.06631920   0.091536   3.7e-01   2.1e-04 0.05
    11      10    3.1e+00    4    1.3e-01  -386.76046529  -211.78321453    -0.03093209   0.109577   4.4e-01   2.4e-04 0.05
    12      10    3.7e+00    3    1.2e-01  -386.77194585  -211.79469510    -0.01148056   0.099377   4.0e-01   2.2e-04 0.05
    13      10    3.1e+00    4    1.2e-01  -386.77732518  -211.80007443    -0.00537933   0.109957   4.4e-01   2.0e-04 0.05
    14      10    4.2e+00    3    1.1e-01  -386.77799941  -211.80074866    -0.00067423   0.115922   4.6e-01   2.3e-04 0.05
    15      10    3.4e+00    0    1.2e-01  -386.77806326  -211.80081251    -0.00006384   0.115922   4.6e-01   2.3e-04 0.05
    16      30    1.0e+01    4    1.2e-01  -386.82466201  -211.84741126    -0.04659876   0.002468   9.9e-03   2.0e-04 0.05
    17      30    9.1e+00    3    1.1e-01  -386.82601255  -211.84876180    -0.00135054   0.007069   2.8e-02   1.9e-04 0.05
    18      30    8.5e+00    3    1.2e-01  -386.82708067  -211.84982992    -0.00106812   0.001407   5.6e-03   1.7e-04 0.05
    19      30    8.5e+00    2    1.2e-01  -386.82791430  -211.85066355    -0.00083362   0.001756   7.0e-03   2.4e-04 0.06
    20      30    8.7e+00    2    1.2e-01  -386.82853041  -211.85127966    -0.00061611   0.001782   7.1e-03   1.8e-04 0.06
    21      30    8.5e+00    2    1.4e-01  -386.82890365  -211.85165290    -0.00037324   0.001815   7.3e-03   1.3e-04 0.06
    22      30    8.9e+00    2    1.2e-01  -386.82907689  -211.85182614    -0.00017324   0.001716   6.9e-03   9.6e-05 0.06
    23      30    8.4e+00    2    1.4e-01  -386.82909455  -211.85184380    -0.00001766   0.011955   4.8e-02   7.8e-05 0.06
    24      30    8.5e+00    0    1.2e-01  -386.82909720  -211.85184645    -0.00000265   0.001961   7.8e-03   2.8e-04 0.06
    25      40    1.1e+01    0    1.3e-01  -386.82917296  -211.85192221    -0.00007576   0.006842   2.7e-02   2.2e-04 0.06
    26      50    1.4e+01    0    1.2e-01  -386.82918729  -211.85193654    -0.00001434   0.000485   1.9e-03   2.5e-04 0.06
 
RESULTS OF THE OCCUPATION OPTIMIZATION
========================================
   1    1.9996616  -14.89172066
   2    1.9995484  -11.51651431
   3    1.9995442  -11.40487368
   4    1.9995599  -11.37566915
   5    1.9995499  -11.30550446
   6    1.9898207  -1.24647610
   7    1.9793599  -0.86245833
   8    1.9787264  -0.84853729
   9    1.9781067  -0.82850650
  10    1.9780912  -0.82665051
  11    1.9699250  -0.67429547
  12    1.9686777  -0.67200787
  13    1.9686952  -0.67151736
  14    1.9730160  -0.62955538
  15    1.9729910  -0.62935313
  16    1.9717659  -0.60604981
  17    1.9719573  -0.59165418
  18    1.9708515  -0.56064290
  19    1.9470935  -0.35373890
  20    1.9440006  -0.27787533
  21    0.0559994  -0.05279346
  22    0.0529065  -0.04388766
  23    0.0291485  -0.02632198
  24    0.0280427  -0.02603267
  25    0.0282341  -0.03206282
  26    0.0270090  -0.02587463
  27    0.0269840  -0.02586378
  28    0.0313048  -0.03844241
  29    0.0313223  -0.03842081
  30    0.0300750  -0.03178515
  31    0.0219088  -0.02409695
  32    0.0218933  -0.02408146
  33    0.0212736  -0.02353603
  34    0.0206401  -0.02317936
  35    0.0101793  -0.01542565
  36    0.0004501  -0.00788975
  37    0.0004401  -0.00779317
  38    0.0004558  -0.00795254
  39    0.0004516  -0.00792199
  40    0.0003384  -0.00791306
 
----------------
 Final Energies 
----------------
Final NOF Total Energy =    -211.8519365
 
Total Orbital Internal Iterations = 510
Total Occupation Internal Iterations = 100
 
Elapsed time:  206.57 Seconds

---------------------------------
   Lowdin Population Analysis    
---------------------------------
 Idx  Atom   Population   Charge 
---------------------------------
  1     C     5.867       0.133
  2     C     5.867       0.133
  3     C     5.899       0.101
  4     N     6.520       0.480
  5     C     5.898       0.102
  6     H     1.099      -0.099
  7     H     1.094      -0.094
  8     H     1.097      -0.097
  9     H     1.096      -0.096
 10     H     1.107      -0.107
 11     H     1.121      -0.121
 12     H     1.107      -0.107
 13     H     1.107      -0.107
 14     H     1.121      -0.121

---------------------------------
   M Diagnostic: 0.06
---------------------------------

