Computing Integrals
Basis Set                                            = def2-qzvp
Auxiliary Basis Set                                  = def2-universal-jkfit
Gaussian Type                                        = Spherical
Elapsed time:    4.51 Seconds

Number of basis functions                   (NBF)    = 321
Number of auxiliary basis functions         (NBFAUX) = 317
Inactive Doubly occupied orbitals up to     (NO1)    = 0
No. considered Strongly Doubly occupied MOs (NDOC)   = 12
No. considered Strongly Singly occupied MOs (NSOC)   = 0
NO. of Weakly occ. per St. Doubly occ.  MOs (NCWO)   = 1
Dimension of the Nat. Orb. subspace         (NBF5)   = 24
No. of electrons                                     = 24
    No. of alpha electrons                           = 12
    No. of beta electrons                            = 12
Multiplicity                                         = 1

Geometry
========
 N       0.0000000       0.0000000      -0.3687552
 H       0.0000000       0.0000000      -1.3837872
 C       1.2257745       0.0000000       0.1578401
 H       1.3393153       0.0000000       1.2298673
 H       2.0680943       0.0000000      -0.5114363
 C      -1.2257745       0.0000000       0.1578401
 H      -1.3393153       0.0000000       1.2298673
 H      -2.0680943       0.0000000      -0.5114363

No violations of the orthonormality
No violations of the orthonormality
 
PNOF8/ADAM Calculation
==================
 
  Nitext  Nit_orb  Time   Nit_occ  Time         Eelec          Etot           Ediff      maxdiff    MaxGrad_orb  Grad_occ
     1      10    1.0e+01   12    1.2e+01  -193.32385961  -120.27356896 -10192.32385961   0.760827   3.0e+00   2.0e-04 0.03
     2      10    1.2e+00   11    1.6e-02  -201.80413013  -128.75383948    -8.48027052   0.363809   1.5e+00   1.4e-04 0.04
     3      10    2.0e+00   10    1.8e-02  -204.38948915  -131.33919850    -2.58535902   0.196339   7.9e-01   7.5e-05 0.05
     4      10    1.4e+00    7    1.7e-02  -205.25974823  -132.20945758    -0.87025908   0.127472   5.1e-01   2.0e-04 0.06
     5      10    1.4e+00    7    6.5e-02  -205.59812728  -132.54783663    -0.33837904   0.130701   5.2e-01   1.7e-04 0.07
     6      10    1.4e+00    6    2.2e-02  -205.77011920  -132.71982855    -0.17199193   0.107533   4.3e-01   1.5e-04 0.08
     7      10    1.2e+00    4    2.2e-02  -205.93406273  -132.88377208    -0.16394353   0.107987   4.3e-01   2.4e-04 0.08
     8      10    1.5e+00    4    2.0e-02  -206.09048782  -133.04019717    -0.15642509   0.143688   5.7e-01   1.6e-04 0.08
     9      10    1.4e+00    4    3.2e-02  -206.21982067  -133.16953002    -0.12933285   0.163909   6.6e-01   1.2e-04 0.07
    10      10    1.2e+00    4    3.8e-02  -206.31888124  -133.26859059    -0.09906057   0.162284   6.5e-01   7.1e-05 0.06
    11      10    2.9e+00    4    3.1e-02  -206.39702058  -133.34672993    -0.07813934   0.147989   5.9e-01   8.4e-05 0.06
    12      10    1.1e+00    3    6.4e-02  -206.45614651  -133.40585586    -0.05912592   0.122609   4.9e-01   1.7e-04 0.06
    13      10    1.4e+00    3    1.5e-02  -206.50060421  -133.45031355    -0.04445770   0.104669   4.2e-01   1.7e-04 0.06
    14      10    1.2e+00    3    3.4e-02  -206.53009895  -133.47980830    -0.02949474   0.106298   4.3e-01   2.1e-04 0.06
    15      10    2.3e+00    3    3.9e-02  -206.54389827  -133.49360762    -0.01379933   0.095311   3.8e-01   2.2e-04 0.06
    16      10    1.2e+00    4    3.3e-02  -206.54699764  -133.49670699    -0.00309937   0.101468   4.1e-01   1.2e-04 0.06
    17      10    1.5e+00    2    4.8e-02  -206.54761203  -133.49732138    -0.00061439   0.101821   4.1e-01   2.1e-04 0.06
    18      10    1.7e+00    3    2.0e-02  -206.54805644  -133.49776579    -0.00044442   0.104838   4.2e-01   1.7e-04 0.06
    19      10    1.5e+00    0    1.7e-02  -206.54807357  -133.49778292    -0.00001713   0.104838   4.2e-01   1.7e-04 0.06
    20      30    5.4e+00    2    4.0e-02  -206.56097522  -133.51068457    -0.01290165   0.000818   3.3e-03   2.3e-04 0.06
 
RESULTS OF THE OCCUPATION OPTIMIZATION
========================================
   1    1.9996603  -15.00919822
   2    1.9995484  -11.64556233
   3    1.9995399  -11.45082771
   4    1.9904423  -1.26668953
   5    1.9790555  -0.85260818
   6    1.9774569  -0.78802286
   7    1.9704057  -0.71597273
   8    1.9698178  -0.69685610
   9    1.9689864  -0.63389928
  10    1.9735238  -0.63186137
  11    1.9736643  -0.62684405
  12    1.9416020  -0.25990315
  13    0.0583980  -0.05238528
  14    0.0263357  -0.02484991
  15    0.0264762  -0.02581937
  16    0.0310136  -0.03901309
  17    0.0301822  -0.03720782
  18    0.0295943  -0.03229834
  19    0.0225431  -0.02426095
  20    0.0209445  -0.02326370
  21    0.0095577  -0.01438934
  22    0.0004601  -0.00808241
  23    0.0004516  -0.00802623
  24    0.0003397  -0.00798690
 
----------------
 Final Energies 
----------------
Final NOF Total Energy =    -133.5106846
 
Total Orbital Internal Iterations = 220
Total Occupation Internal Iterations = 96
 
Elapsed time:   66.93 Seconds

---------------------------------
   Lowdin Population Analysis    
---------------------------------
 Idx  Atom   Population   Charge 
---------------------------------
  1     N     6.517       0.483
  2     H     1.088      -0.088
  3     C     5.934       0.066
  4     H     1.130      -0.130
  5     H     1.139      -0.139
  6     C     5.927       0.073
  7     H     1.129      -0.129
  8     H     1.136      -0.136

---------------------------------
   M Diagnostic: 0.06
---------------------------------

