Computing Integrals
Basis Set                                            = def2-qzvp
Auxiliary Basis Set                                  = def2-universal-jkfit
Gaussian Type                                        = Spherical
Elapsed time:   15.41 Seconds

Number of basis functions                   (NBF)    = 642
Number of auxiliary basis functions         (NBFAUX) = 634
Inactive Doubly occupied orbitals up to     (NO1)    = 0
No. considered Strongly Doubly occupied MOs (NDOC)   = 25
No. considered Strongly Singly occupied MOs (NSOC)   = 0
NO. of Weakly occ. per St. Doubly occ.  MOs (NCWO)   = 1
Dimension of the Nat. Orb. subspace         (NBF5)   = 50
No. of electrons                                     = 50
    No. of alpha electrons                           = 25
    No. of beta electrons                            = 25
Multiplicity                                         = 1

Geometry
========
 C       1.5783850       0.1476900       0.3438090
 H       1.3947500       0.0129680       1.4135450
 O       1.3599290      -1.0862030      -0.3597820
 C       0.6538450       1.2150990      -0.2213220
 H       1.0578270       2.1802830       0.0939240
 H       0.7296930       1.1848640      -1.3114380
 C      -0.8173340       1.1521270       0.2081560
 H      -1.3035250       2.0657380      -0.1458280
 H      -0.8837650       1.1597620       1.2992600
 H       1.9841200      -1.7344460      -0.0213850
 H       2.6162860       0.4589480       0.2065440
 C      -1.6277250      -0.0340520      -0.3113010
 H      -2.6842290       0.1510150      -0.1185660
 H      -1.5018680      -0.1181460      -1.3975060
 O      -1.3242620      -1.2601540       0.3333770
 H      -0.4176510      -1.4753140       0.0766370

No violations of the orthonormality
No violations of the orthonormality
 
PNOF8/ADABelief Calculation
==================
 
  Nitext  Nit_orb  Time   Nit_occ  Time         Eelec          Etot           Ediff      maxdiff    MaxGrad_orb  Grad_occ
     1      10    1.5e+01    0    1.2e+01  -571.68786829  -308.11200662 -10570.68786829   0.000499   2.0e-03   2.1e-04 0.04
 
RESULTS OF THE OCCUPATION OPTIMIZATION
========================================
   1    1.9997810  -20.59718611
   2    1.9997913  -20.56398513
   3    1.9995111  -11.26007943
   4    1.9995195  -11.24234932
   5    1.9995471  -11.22509950
   6    1.9995464  -11.21814109
   7    1.9900758  -1.32026639
   8    1.9896686  -1.30108811
   9    1.9788518  -0.91802276
  10    1.9772922  -0.86967014
  11    1.9778154  -0.86309740
  12    1.9773108  -0.85782943
  13    1.9667669  -0.72630787
  14    1.9822537  -0.67377492
  15    1.9587362  -0.65047948
  16    1.9653147  -0.63931534
  17    1.9589393  -0.61809645
  18    1.9807525  -0.61139623
  19    1.9706342  -0.59472476
  20    1.9707813  -0.58845186
  21    1.9705896  -0.58792667
  22    1.9694386  -0.57416318
  23    1.9643364  -0.55645705
  24    1.9638367  -0.53491554
  25    1.9635526  -0.50825472
  26    0.0364474  -0.03708779
  27    0.0361633  -0.03696085
  28    0.0356636  -0.03727342
  29    0.0305614  -0.02754090
  30    0.0294104  -0.02656122
  31    0.0292187  -0.02692555
  32    0.0293658  -0.02665366
  33    0.0192475  -0.02140258
  34    0.0410607  -0.04990368
  35    0.0346853  -0.04001192
  36    0.0412638  -0.05044045
  37    0.0177463  -0.02093495
  38    0.0332331  -0.03846903
  39    0.0226892  -0.02514190
  40    0.0221846  -0.02477539
  41    0.0227078  -0.02513526
  42    0.0211482  -0.02445494
  43    0.0103314  -0.02136399
  44    0.0099242  -0.02037786
  45    0.0004536  -0.00792723
  46    0.0004529  -0.00787645
  47    0.0004805  -0.00826090
  48    0.0004889  -0.00839121
  49    0.0002087  -0.00685649
  50    0.0002190  -0.00709722
 
----------------
 Final Energies 
----------------
Final NOF Total Energy =    -308.1120066
 
Total Orbital Internal Iterations = 10
Total Occupation Internal Iterations = 0
 
Elapsed time:   34.89 Seconds

---------------------------------
   Lowdin Population Analysis    
---------------------------------
 Idx  Atom   Population   Charge 
---------------------------------
  1     C     6.085      -0.085
  2     H     1.060      -0.060
  3     O     7.371       0.629
  4     C     5.919       0.081
  5     H     1.044      -0.044
  6     H     1.042      -0.042
  7     C     5.919       0.081
  8     H     1.046      -0.046
  9     H     1.046      -0.046
 10     H     1.334      -0.334
 11     H     1.066      -0.066
 12     C     6.119      -0.119
 13     H     1.063      -0.063
 14     H     1.062      -0.062
 15     O     7.425       0.575
 16     H     1.400      -0.400

---------------------------------
   M Diagnostic: 0.04
---------------------------------

