Computing Integrals
Basis Set                                            = def2-qzvp
Auxiliary Basis Set                                  = def2-universal-jkfit
Gaussian Type                                        = Spherical
Elapsed time:   15.69 Seconds

Number of basis functions                   (NBF)    = 642
Number of auxiliary basis functions         (NBFAUX) = 634
Inactive Doubly occupied orbitals up to     (NO1)    = 0
No. considered Strongly Doubly occupied MOs (NDOC)   = 25
No. considered Strongly Singly occupied MOs (NSOC)   = 0
NO. of Weakly occ. per St. Doubly occ.  MOs (NCWO)   = 1
Dimension of the Nat. Orb. subspace         (NBF5)   = 50
No. of electrons                                     = 50
    No. of alpha electrons                           = 25
    No. of beta electrons                            = 25
Multiplicity                                         = 1

Geometry
========
 C       1.7139450      -0.0175090       0.5651330
 H       1.2458280      -0.4923410       1.4260640
 O       1.9350920      -1.0721980      -0.3682280
 C       0.8254030       1.0933530       0.0128310
 H       0.6467490       1.8150520       0.8156000
 H       1.3729170       1.6306900      -0.7669440
 C      -0.5064180       0.6057500      -0.5607040
 H      -0.3304700      -0.0367100      -1.4231500
 H      -1.0873040       1.4621390      -0.9071140
 H       2.3740480      -0.6922250      -1.1345170
 H       2.6642510       0.4051140       0.9053130
 C      -1.3499560      -0.1574710       0.4442130
 H      -0.8727840      -1.1091520       0.6913320
 H      -1.4499490       0.4257790       1.3673760
 O      -2.6268930      -0.3775640      -0.1532370
 H      -3.1267280      -0.9549830       0.4289150

No violations of the orthonormality
No violations of the orthonormality
 
PNOF8/ADABelief Calculation
==================
 
  Nitext  Nit_orb  Time   Nit_occ  Time         Eelec          Etot           Ediff      maxdiff    MaxGrad_orb  Grad_occ
     1      10    1.6e+01    0    1.2e+01  -562.58009123  -308.10847442 -10561.58009123   0.000906   3.6e-03   2.0e-04 0.04
 
RESULTS OF THE OCCUPATION OPTIMIZATION
========================================
   1    1.9997854  -20.58515764
   2    1.9997788  -20.48589020
   3    1.9995616  -11.31908082
   4    1.9995151  -11.25336724
   5    1.9995136  -11.24895869
   6    1.9995403  -11.21665775
   7    1.9896040  -1.31977107
   8    1.9894711  -1.31535335
   9    1.9784900  -0.88771311
  10    1.9780394  -0.88224471
  11    1.9774523  -0.86645715
  12    1.9773824  -0.86643537
  13    1.9664054  -0.70214133
  14    1.9658860  -0.69206518
  15    1.9810593  -0.65158528
  16    1.9588610  -0.63971714
  17    1.9588469  -0.63799800
  18    1.9810256  -0.61806808
  19    1.9706712  -0.60426911
  20    1.9704859  -0.59083162
  21    1.9703155  -0.56814207
  22    1.9645316  -0.54892230
  23    1.9645491  -0.54769357
  24    1.9681173  -0.53025493
  25    1.9637023  -0.52481100
  26    0.0362977  -0.03717184
  27    0.0318827  -0.02791566
  28    0.0354509  -0.03690564
  29    0.0354684  -0.03655337
  30    0.0296845  -0.02653103
  31    0.0295141  -0.02674618
  32    0.0293288  -0.02739001
  33    0.0189744  -0.02118359
  34    0.0411531  -0.05032269
  35    0.0411390  -0.05033527
  36    0.0189407  -0.02144350
  37    0.0341140  -0.03863196
  38    0.0335946  -0.03840027
  39    0.0226176  -0.02511090
  40    0.0225477  -0.02511120
  41    0.0219606  -0.02480523
  42    0.0215100  -0.02449737
  43    0.0105289  -0.02150796
  44    0.0103960  -0.02149825
  45    0.0004597  -0.00795855
  46    0.0004864  -0.00834928
  47    0.0004849  -0.00829872
  48    0.0004384  -0.00776456
  49    0.0002212  -0.00708254
  50    0.0002146  -0.00695765
 
----------------
 Final Energies 
----------------
Final NOF Total Energy =    -308.1084744
 
Total Orbital Internal Iterations = 10
Total Occupation Internal Iterations = 0
 
Elapsed time:   36.48 Seconds

---------------------------------
   Lowdin Population Analysis    
---------------------------------
 Idx  Atom   Population   Charge 
---------------------------------
  1     C     6.109      -0.109
  2     H     1.062      -0.062
  3     O     7.408       0.592
  4     C     5.920       0.080
  5     H     1.042      -0.042
  6     H     1.051      -0.051
  7     C     5.918       0.082
  8     H     1.050      -0.050
  9     H     1.045      -0.045
 10     H     1.339      -0.339
 11     H     1.065      -0.065
 12     C     6.108      -0.108
 13     H     1.063      -0.063
 14     H     1.067      -0.067
 15     O     7.409       0.591
 16     H     1.345      -0.345

---------------------------------
   M Diagnostic: 0.04
---------------------------------

