Computing Integrals
Basis Set                                            = def2-qzvp
Auxiliary Basis Set                                  = def2-universal-jkfit
Gaussian Type                                        = Spherical
Elapsed time:    7.48 Seconds

Number of basis functions                   (NBF)    = 147
Number of auxiliary basis functions         (NBFAUX) = 131
Inactive Doubly occupied orbitals up to     (NO1)    = 0
No. considered Strongly Doubly occupied MOs (NDOC)   = 5
No. considered Strongly Singly occupied MOs (NSOC)   = 0
NO. of Weakly occ. per St. Doubly occ.  MOs (NCWO)   = 1
Dimension of the Nat. Orb. subspace         (NBF5)   = 10
No. of electrons                                     = 10
    No. of alpha electrons                           = 5
    No. of beta electrons                            = 5
Multiplicity                                         = 1

Geometry
========
 N      -1.0437843      -0.0948723       0.0000000
 H      -0.6557010      -1.0404794       0.0000000
 H      -0.6556774       0.3779676       0.8189212
 H      -0.6556774       0.3779676      -0.8189212

No violations of the orthonormality
No violations of the orthonormality
 
PNOF8/ADABelief Calculation
==================
 
  Nitext  Nit_orb  Time   Nit_occ  Time         Eelec          Etot           Ediff      maxdiff    MaxGrad_orb  Grad_occ
     1      10    2.8e+01    0    2.5e+01   -68.24851246   -56.40749975 -10067.24851246   0.000494   2.0e-03   1.7e-04 0.03
 
RESULTS OF THE OCCUPATION OPTIMIZATION
========================================
   1    1.9997012  -15.55189374
   2    1.9874172  -1.07993312
   3    1.9672898  -0.60461873
   4    1.9672481  -0.60457348
   5    1.9672131  -0.60449521
   6    0.0327869  -0.03210004
   7    0.0327519  -0.03208801
   8    0.0327102  -0.03207720
   9    0.0125828  -0.01887713
  10    0.0002988  -0.00762560
 
----------------
 Final Energies 
----------------
Final NOF Total Energy =     -56.4074998
 
Total Orbital Internal Iterations = 10
Total Occupation Internal Iterations = 0
 
Elapsed time:   72.59 Seconds

---------------------------------
   Lowdin Population Analysis    
---------------------------------
 Idx  Atom   Population   Charge 
---------------------------------
  1     N     6.441       0.559
  2     H     1.186      -0.186
  3     H     1.186      -0.186
  4     H     1.186      -0.186

---------------------------------
   M Diagnostic: 0.03
---------------------------------

