Computing Integrals
Basis Set                                            = def2-qzvp
Auxiliary Basis Set                                  = def2-universal-jkfit
Gaussian Type                                        = Spherical
Elapsed time:    2.87 Seconds

Number of basis functions                   (NBF)    = 117
Number of auxiliary basis functions         (NBFAUX) = 113
Inactive Doubly occupied orbitals up to     (NO1)    = 0
No. considered Strongly Doubly occupied MOs (NDOC)   = 5
No. considered Strongly Singly occupied MOs (NSOC)   = 0
NO. of Weakly occ. per St. Doubly occ.  MOs (NCWO)   = 1
Dimension of the Nat. Orb. subspace         (NBF5)   = 10
No. of electrons                                     = 10
    No. of alpha electrons                           = 5
    No. of beta electrons                            = 5
Multiplicity                                         = 1

Geometry
========
 O       0.0000000       0.0000000       0.3921953
 H      -0.7561000       0.0000000      -0.1960977
 H       0.7561000       0.0000000      -0.1960977

No violations of the orthonormality
No violations of the orthonormality
 
PNOF8/ADABelief Calculation
==================
 
  Nitext  Nit_orb  Time   Nit_occ  Time         Eelec          Etot           Ediff      maxdiff    MaxGrad_orb  Grad_occ
     1      10    1.9e+01    0    2.5e+01   -85.45067246   -76.26277704 -10084.45067246   0.000485   1.9e-03   1.5e-05 0.03
 
RESULTS OF THE OCCUPATION OPTIMIZATION
========================================
   1    1.9997995  -20.59455055
   2    1.9896307  -1.31671483
   3    1.9666990  -0.71147963
   4    1.9667068  -0.71128679
   5    1.9778925  -0.53971400
   6    0.0221075  -0.02408588
   7    0.0332932  -0.03820884
   8    0.0333010  -0.03821939
   9    0.0103693  -0.02210021
  10    0.0002005  -0.00679352
 
----------------
 Final Energies 
----------------
Final NOF Total Energy =     -76.2627770
 
Total Orbital Internal Iterations = 10
Total Occupation Internal Iterations = 0
 
Elapsed time:   57.26 Seconds

---------------------------------
   Lowdin Population Analysis    
---------------------------------
 Idx  Atom   Population   Charge 
---------------------------------
  1     O     7.333       0.667
  2     H     1.334      -0.334
  3     H     1.334      -0.334

---------------------------------
   M Diagnostic: 0.03
---------------------------------

