Job runing on na21
Choosing scratch ...
Automatic scratch folder selection
/scratch/pobleyef/349600
/scratch/pobleyef/349600 directory
cp HEAVY28-pbh4.gcf HEAVY28-pbh4.inp to  /scratch/pobleyef/349600/.
HEAVY28-pbh4
 This is the OpenMP version of the code
 This is the OpenMP version of the code
 This is the OpenMP version of the code
 This is the OpenMP version of the code
 This is the OpenMP version of the code
 This is the OpenMP version of the code
 This is the OpenMP version of the code
 This is the OpenMP version of the code
 This is the OpenMP version of the code
 This is the OpenMP version of the code
 This is the OpenMP version of the code
 This is the OpenMP version of the code
 This is the OpenMP version of the code
 This is the OpenMP version of the code
 This is the OpenMP version of the code
 This is the OpenMP version of the code
 This is the OpenMP version of the code
 This is the OpenMP version of the code
 This is the OpenMP version of the code
 This is the OpenMP version of the code
 This is the OpenMP version of the code
 This is the OpenMP version of the code
 This is the OpenMP version of the code
 This is the OpenMP version of the code
 This is the OpenMP version of the code
 This is the OpenMP version of the code
 This is the OpenMP version of the code
 This is the OpenMP version of the code
 This is the OpenMP version of the code
 This is the OpenMP version of the code
 This is the OpenMP version of the code
 This is the OpenMP version of the code
 This is the OpenMP version of the code
 This is the OpenMP version of the code
 This is the OpenMP version of the code
 This is the OpenMP version of the code
 This is the OpenMP version of the code
 This is the OpenMP version of the code
 This is the OpenMP version of the code
 This is the OpenMP version of the code
 This is the OpenMP version of the code
 This is the OpenMP version of the code
 This is the OpenMP version of the code
 This is the OpenMP version of the code
 This is the OpenMP version of the code
 This is the OpenMP version of the code
 This is the OpenMP version of the code
 This is the OpenMP version of the code
 This is the OpenMP version of the code
 This is the OpenMP version of the code
 This is the OpenMP version of the code
 This is the OpenMP version of the code
 This is the OpenMP version of the code
 This is the OpenMP version of the code
 This is the OpenMP version of the code
 This is the OpenMP version of the code
 This is the OpenMP version of the code
 This is the OpenMP version of the code
 This is the OpenMP version of the code
 This is the OpenMP version of the code
 This is the OpenMP version of the code
 This is the OpenMP version of the code
 This is the OpenMP version of the code
 This is the OpenMP version of the code
 This is the OpenMP version of the code
 This is the OpenMP version of the code
 This is the OpenMP version of the code
 This is the OpenMP version of the code
 This is the OpenMP version of the code
 This is the OpenMP version of the code
 This is the OpenMP version of the code
 This is the OpenMP version of the code
 This is the OpenMP version of the code
 This is the OpenMP version of the code
 This is the OpenMP version of the code
 This is the OpenMP version of the code
 This is the OpenMP version of the code
 This is the OpenMP version of the code
 This is the OpenMP version of the code
 This is the OpenMP version of the code
 This is the OpenMP version of the code
 This is the OpenMP version of the code
 This is the OpenMP version of the code
 This is the OpenMP version of the code
 This is the OpenMP version of the code
 This is the OpenMP version of the code
 This is the OpenMP version of the code
 This is the OpenMP version of the code
 This is the OpenMP version of the code
 This is the OpenMP version of the code
 This is the OpenMP version of the code
 This is the OpenMP version of the code
 This is the OpenMP version of the code
 This is the OpenMP version of the code
 This is the OpenMP version of the code
 This is the OpenMP version of the code
 This is the OpenMP version of the code
 This is the OpenMP version of the code
 This is the OpenMP version of the code
 This is the OpenMP version of the code
 This is the OpenMP version of the code
 This is the OpenMP version of the code
 This is the OpenMP version of the code
 This is the OpenMP version of the code
 This is the OpenMP version of the code
 This is the OpenMP version of the code
 This is the OpenMP version of the code
 This is the OpenMP version of the code
 This is the OpenMP version of the code
 This is the OpenMP version of the code
 This is the OpenMP version of the code
 This is the OpenMP version of the code
 This is the OpenMP version of the code
 This is the OpenMP version of the code
 This is the OpenMP version of the code
 This is the OpenMP version of the code
 This is the OpenMP version of the code
 This is the OpenMP version of the code
 This is the OpenMP version of the code
 This is the OpenMP version of the code

 The execution started at 16h 21min on the 11/ 6/2025

    ===========================================================
    !                                                         !
    !                        Do N O F                         !
    !                                                         !
    !  (Donostia Natural Orbital Functional Software Program) !
    !                                                         !
    !               COPYRIGHT by Mario Piris                  !
    !                                                         !
    !      Donostia International Physics Center (DIPC)       !
    !       University of the Basque Country (UPV/EHU)        !
    !       Basque Foundation for Science (IKERBASQUE)        !
    !                                                         !
    !          GNU General Public License version 3           !
    !                                                         !
    !                  VERSION: October 2025                  !
    !                                                         !
    ===========================================================

 Run Title
 ---------
  Molname                                                                        

 Basis Set
 ---------
 /home/pobleyef/DoNOFsw/basis/def2-QZVP.bas                                      

 Atom      Charge                Coordinates (Bohr)
                           x             y             z
 PB         82.0        0.0000        0.0000        0.0000
 H           1.0        1.8792       -1.8792        1.8792
 H           1.0       -1.8792        1.8792        1.8792
 H           1.0        1.8792        1.8792       -1.8792
 H           1.0       -1.8792       -1.8792       -1.8792

 Atomic Basis Set
 ----------------
 The contracted primitive functions were unnormalized
 The contracted basis functions are now normalized to unity

  Shell Type  Primitive         Exponent  Contraction Coefficient

 PB        

      1   S       1          9368.3300000    0.000034136073
      1   S       2          1366.9300000    0.000251143967
      1   S       3           299.6820000    0.000924112269
      1   S       4            34.8597000    0.056748783490
      1   S       5            21.7889000   -0.496036157006
      1   S       6            13.6200000    1.704887165912
      1   S       7             8.5129500   -1.479654916305
      1   S       8             5.3033200   -1.490751578403
      1   S       9             1.9281600    1.865846066168

      2   S      10            13.5599442    0.352119859911
      2   S      11            11.0396200   -0.590368297460
      2   S      12             2.1371723    1.158652262856

      3   S      13             1.0373400    1.000000000000

      4   S      14             0.5111169    1.000000000000

      5   S      15             0.2467399    1.000000000000

      6   S      16             0.1157798    1.000000000000

      7   S      17             0.0528742    1.000000000000

      8   P      18            59.0901000    0.000754772094
      8   P      19            20.9197000   -0.022223610733
      8   P      20            13.0777000    0.133941476302
      8   P      21             6.8991000   -0.392443539432
      8   P      22             2.1962700    0.459254573712
      8   P      23             1.3048600    0.459330472581
      8   P      24             0.7795720    0.275077532970

      9   P      25             9.1373183   -0.061423409595
      9   P      26             3.9570574    0.302855439115
      9   P      27             1.2246639    0.802563771238

     10   P      28             0.4260156    1.000000000000

     11   P      29             0.2037859    1.000000000000

     12   P      30             0.0881686    1.000000000000

     13   P      31             0.0370947    1.000000000000

     14   D      32            66.3482490    0.000313339274
     14   D      33            13.4558998    0.010260971277
     14   D      34             6.5510273   -0.082826992406
     14   D      35             2.6574137    0.183280411305
     14   D      36             1.6001278    0.343034392962
     14   D      37             0.9330445    0.361628277252
     14   D      38             0.5439137    0.249015333759

     15   D      39             0.3205955    1.000000000000

     16   D      40             0.1792230    1.000000000000

     17   D      41             0.0832000    1.000000000000

     18   F      42             2.5184939    1.000000000000

     19   F      43             1.1606000    1.000000000000

     20   F      44             0.4413000    1.000000000000

     21   F      45             0.1782000    1.000000000000

     22   G      46             0.3881000    1.000000000000

 H         

     23   S      47           190.6916900    0.005342636962
     23   S      48            28.6055320    0.041252338243
     23   S      49             6.5095943    0.210993525698
     23   S      50             1.8412455    0.812128545862

     24   S      51             0.5985373    1.000000000000

     25   S      52             0.2139762    1.000000000000

     26   S      53             0.0803163    1.000000000000

     27   P      54             2.2920000    1.000000000000

     28   P      55             0.8380000    1.000000000000

     29   P      56             0.2920000    1.000000000000

     30   D      57             2.0620000    1.000000000000

     31   D      58             0.6620000    1.000000000000

     32   F      59             1.3970000    1.000000000000

 H         

     33   S      60           190.6916900    0.005342636962
     33   S      61            28.6055320    0.041252338243
     33   S      62             6.5095943    0.210993525698
     33   S      63             1.8412455    0.812128545862

     34   S      64             0.5985373    1.000000000000

     35   S      65             0.2139762    1.000000000000

     36   S      66             0.0803163    1.000000000000

     37   P      67             2.2920000    1.000000000000

     38   P      68             0.8380000    1.000000000000

     39   P      69             0.2920000    1.000000000000

     40   D      70             2.0620000    1.000000000000

     41   D      71             0.6620000    1.000000000000

     42   F      72             1.3970000    1.000000000000

 H         

     43   S      73           190.6916900    0.005342636962
     43   S      74            28.6055320    0.041252338243
     43   S      75             6.5095943    0.210993525698
     43   S      76             1.8412455    0.812128545862

     44   S      77             0.5985373    1.000000000000

     45   S      78             0.2139762    1.000000000000

     46   S      79             0.0803163    1.000000000000

     47   P      80             2.2920000    1.000000000000

     48   P      81             0.8380000    1.000000000000

     49   P      82             0.2920000    1.000000000000

     50   D      83             2.0620000    1.000000000000

     51   D      84             0.6620000    1.000000000000

     52   F      85             1.3970000    1.000000000000

 H         

     53   S      86           190.6916900    0.005342636962
     53   S      87            28.6055320    0.041252338243
     53   S      88             6.5095943    0.210993525698
     53   S      89             1.8412455    0.812128545862

     54   S      90             0.5985373    1.000000000000

     55   S      91             0.2139762    1.000000000000

     56   S      92             0.0803163    1.000000000000

     57   P      93             2.2920000    1.000000000000

     58   P      94             0.8380000    1.000000000000

     59   P      95             0.2920000    1.000000000000

     60   D      96             2.0620000    1.000000000000

     61   D      97             0.6620000    1.000000000000

     62   F      98             1.3970000    1.000000000000

 Total Number of Basis Set Shells             =   62
 Total Number of Primitives                   =   98
 Number of Spherical Gaussian Basis Functions =  202
 Total Number of Auxiliary Basis Set Shells   =   77
 Number of Sph. Gaussian Auxiliary Set Func.  =  323
 Number of Electrons                          =   86
 Charge of Molecule                           =    0
 Spin Multiplicity                            =    1
 Number of Occupied Orbitals (Alpha)          =   43
 Number of Occupied Orbitals (Beta )          =   43
 Total Number of Atoms                        =    5

 Nuclear Energy =      101.8990638201

 Note: This calculation is using an effective core potential
 so NE and ENUC will be adjusted later after removal of the Core

 Input Run Options
 -----------------
 IRUNTYP = 1  MULT = 1  ICHARG =  0 IECP = 1  IEMOM = 1  UNITS = ANGS    

 ECP Potentials
 --------------
 Parameters for "PB-ECP  " on Atom  1 with ZCORE 60 and LMAX 3 are

 for L= 3      COEFF    N           ZETA
    1       12.20989    2        3.88751
    1       16.19029    2        3.81196
 for L= 0      COEFF    N           ZETA
    1      281.28550    2       12.29630
    1       62.52022    2        8.63263
    1      -12.20989    2        3.88751
    1      -16.19029    2        3.81196
 for L= 1      COEFF    N           ZETA
    1       72.27690    2       10.24179
    1      144.59108    2        8.92418
    1        4.75869    2        6.58134
    1        9.94062    2        6.25540
    1      -12.20989    2        3.88751
    1      -16.19029    2        3.81196
 for L= 2      COEFF    N           ZETA
    1       35.84851    2        7.75434
    1       53.72434    2        7.72028
    1       10.11526    2        4.97026
    1       14.83373    2        4.56379
    1      -12.20989    2        3.88751
    1      -16.19029    2        3.81196

 The ECP removes  60 core electrons and  60 protons

 Number of electrons kept in the run =   26
 Number of occupied orbitals (Alpha) =   13
 Number of occupied orbitals (Beta)  =   13

 Adjusted Nuclear Energy =       28.1647403045


 Integral Options
 ----------------
 ERITYP = RI     AUX = JKFIT

 Input NOF Options
 -----------------

 Natural Orbital Functional Selected:    (IPNOF)         8
 Modified version of GNOF (GNOFm):       (Imod)          1

 Type of calculation = ICOEF2 + ICOEF1:  (ICOEF)        21
 Use Softmax function for Occ. Opt.:     (ISOFTMAX)      1
 Type of Orb. Opt. = Orbital Rotations:  (IORBOPT)       2
 Maximum Number of Coef Outer Iter.:     (MAXIT21)       3
 Maximum Number of Occ-Coef Outer Iter.: (MAXIT)      1000

 Restart calculation Option:             (RESTART)       F
 Restart Gamma Matrix from GCF file:     (INPUTGAMMA)    1
 Coefficient Matrix from GCF file:       (INPUTC)        1
 Diagonal Elements FMIUG from GCF file:  (INPUTFMIUG)    0
 Cartesian Coordinates from GCF file:    (INPUTCXYZ)     0

 Threshold Lambda Convergence=10**(-N):  (NTHRESHL)      3
 Threshold Energy Convergence=10**(-N):  (NTHRESHE)      5
 Max. Number of Inner Coef. Iterations:  (MAXLOOP)      10
 Orthogonalize the initial Orbitals:     (ORTHO)         T

 Output Option:                          (NPRINT)        0
 Output the Coefficient Matrix:          (IWRITEC)       0
 Do a Mulliken Population Analysis:      (IMULPOP)       0
 Write Information into a WFN file:      (IAIMPAC)       1
 Write Information into a FCHK file:     (IFCHK)         1
 Write Information into a MLP file:      (MOLDEN)        1
 Create Ini. Cond. (ini.xyz) file:       (INICOND)       1
 Calculate IPs using Ext. Koopmans Theo: (IEKT)          0
 Write APSG expansion coefficient file:  (APSG)          F
 Output option for Lagrange Multipliers: (PRINTLAG)      F
 Diagonalize matrix of Lag. Multipliers: (DIAGLAG)       F

------------------------------------------------------------------------

 Orbital Space
 -------------

 You are doing a perfect pairing calculation: NCWO=1

 Inactive Doubly occupied orbitals up to NO1  =    0
 No. considered Strongly Doubly occupied MOs  =   13
 No. considered Strongly Singly occupied MOs  =    0
 NO. of Weakly occ. per St. Doubly occ.  MOs (NCWO)   =    1
 Dimension of the Active Nat. Orb. subspace   =   26
 Secondary Empty orbitals                     =  176

 1e- integrals
 -------------
 Time to do integrals =      0.36

 2e- integrals
 -------------
 DONTW option skips storage 2e- integrals on Unit 1
 Time to do integrals =      0.39

 No violations of the orthonormality

   INITIAL VALUES
  =================

   OM     Occupation      Elag Diag

    1      1.9983857     -6.1928611
    2      1.9965611     -3.8781930
    3      1.9949216     -3.8752356
    4      1.9943310     -3.8717732
    5      1.9855556     -0.9731042
    6      1.9854654     -0.9599960
    7      1.9853786     -0.9833793
    8      1.9852601     -1.0135168
    9      1.9850793     -0.9967207
   10      1.9819996     -0.7848363
   11      1.9815041     -0.7912679
   12      1.9785585     -0.6403762
   13      1.9717871     -0.4900634
   14      0.0282129     -0.0337451
   15      0.0214415     -0.0280945
   16      0.0184959     -0.0270002
   17      0.0180004     -0.0283259
   18      0.0149207     -0.0320640
   19      0.0147399     -0.0312274
   20      0.0146214     -0.0305517
   21      0.0145346     -0.0319868
   22      0.0144444     -0.0315547
   23      0.0056690     -0.0253996
   24      0.0050784     -0.0217765
   25      0.0034389     -0.0123498
   26      0.0016143     -0.0084638

   RO Sum (  26) =   26.00

  ---------------
   Dipole Moment
  ---------------

      0.0198 Debye [   0.0078  (  -0.0007,   0.0040,  -0.0067) ]


  RESULTS OF OCCUPATION-COEFFICIENT OPTIMIZATION
 ================================================

  Ex It  Occ Time  Orb Time  Orb It   Electronic Energy     Total Energy   Energy Convergency    Max Mul-Lag Diff

    1    1.5E-01   4.6E-01       0    -222.7817848112     -194.6170445067     0.0000000000           0.000998

   OM     Occupation      Elag Diag

    1      1.9983857     -6.1928611
    2      1.9965611     -3.8781930
    3      1.9949216     -3.8752356
    4      1.9943310     -3.8717732
    5      1.9855556     -0.9731042
    6      1.9854654     -0.9599960
    7      1.9853786     -0.9833793
    8      1.9852601     -1.0135168
    9      1.9850793     -0.9967207
   10      1.9819996     -0.7848363
   11      1.9815041     -0.7912679
   12      1.9785585     -0.6403762
   13      1.9717871     -0.4900634
   14      0.0282129     -0.0337451
   15      0.0214415     -0.0280945
   16      0.0184959     -0.0270002
   17      0.0180004     -0.0283259
   18      0.0149207     -0.0320640
   19      0.0147399     -0.0312274
   20      0.0146214     -0.0305517
   21      0.0145346     -0.0319868
   22      0.0144444     -0.0315547
   23      0.0056690     -0.0253996
   24      0.0050784     -0.0217765
   25      0.0034389     -0.0123498
   26      0.0016143     -0.0084638

   RO Sum (  26) =   26.00

  ---------------
   Dipole Moment
  ---------------

      0.0198 Debye [   0.0078  (  -0.0007,   0.0040,  -0.0067) ]

 ----------------
  Final Energies  
 ----------------

  Final NOF Total Energy =     -194.6170445067 ( 1.E-03 , 0.E+00 )


  **************************************************
  *                                                *
  *       SINGLE-POINT DoNOF CALCULATION           *
  *                                                *
  *             FULL OPTIMIZATION                  *
  *                                                *
  *  FINAL RESULTS   FINAL RESULTS  FINAL RESULTS  *
  *                                                *
  **************************************************

  **************************************************
  *         No. EXTERNAL ITER =     1              *
  *         No. of TOTAL ITER =     0              *
  **************************************************

  Elapsed real time :      1.55  (Seconds)

 The execution finished at 16h 21min on the 11/ 6/2025
Recovering execution output...
Moving from /scratch/pobleyef/349600 to /home-nas/pobleyef/Slim-NOF/ncwo1/Slim16/GNOFm25/arina.349600
mkdir -p /home-nas/pobleyef/Slim-NOF/ncwo1/Slim16/GNOFm25/arina.349600
mv /scratch/pobleyef/349600/* /home-nas/pobleyef/Slim-NOF/ncwo1/Slim16/GNOFm25/arina.349600
