Job runing on na19
Choosing scratch ...
Automatic scratch folder selection
/scratch/pobleyef/349598
/scratch/pobleyef/349598 directory
cp HEAVY28-bih3.gcf HEAVY28-bih3.inp to  /scratch/pobleyef/349598/.
HEAVY28-bih3
 This is the OpenMP version of the code
 This is the OpenMP version of the code
 This is the OpenMP version of the code
 This is the OpenMP version of the code
 This is the OpenMP version of the code
 This is the OpenMP version of the code
 This is the OpenMP version of the code
 This is the OpenMP version of the code
 This is the OpenMP version of the code
 This is the OpenMP version of the code
 This is the OpenMP version of the code
 This is the OpenMP version of the code
 This is the OpenMP version of the code
 This is the OpenMP version of the code
 This is the OpenMP version of the code
 This is the OpenMP version of the code
 This is the OpenMP version of the code
 This is the OpenMP version of the code
 This is the OpenMP version of the code
 This is the OpenMP version of the code
 This is the OpenMP version of the code
 This is the OpenMP version of the code
 This is the OpenMP version of the code
 This is the OpenMP version of the code
 This is the OpenMP version of the code
 This is the OpenMP version of the code
 This is the OpenMP version of the code
 This is the OpenMP version of the code
 This is the OpenMP version of the code
 This is the OpenMP version of the code
 This is the OpenMP version of the code
 This is the OpenMP version of the code
 This is the OpenMP version of the code
 This is the OpenMP version of the code
 This is the OpenMP version of the code
 This is the OpenMP version of the code
 This is the OpenMP version of the code
 This is the OpenMP version of the code
 This is the OpenMP version of the code
 This is the OpenMP version of the code
 This is the OpenMP version of the code
 This is the OpenMP version of the code
 This is the OpenMP version of the code
 This is the OpenMP version of the code
 This is the OpenMP version of the code
 This is the OpenMP version of the code
 This is the OpenMP version of the code
 This is the OpenMP version of the code
 This is the OpenMP version of the code
 This is the OpenMP version of the code
 This is the OpenMP version of the code
 This is the OpenMP version of the code
 This is the OpenMP version of the code
 This is the OpenMP version of the code
 This is the OpenMP version of the code
 This is the OpenMP version of the code
 This is the OpenMP version of the code
 This is the OpenMP version of the code
 This is the OpenMP version of the code
 This is the OpenMP version of the code
 This is the OpenMP version of the code
 This is the OpenMP version of the code
 This is the OpenMP version of the code
 This is the OpenMP version of the code
 This is the OpenMP version of the code
 This is the OpenMP version of the code
 This is the OpenMP version of the code
 This is the OpenMP version of the code
 This is the OpenMP version of the code
 This is the OpenMP version of the code
 This is the OpenMP version of the code
 This is the OpenMP version of the code
 This is the OpenMP version of the code
 This is the OpenMP version of the code
 This is the OpenMP version of the code
 This is the OpenMP version of the code
 This is the OpenMP version of the code
 This is the OpenMP version of the code
 This is the OpenMP version of the code
 This is the OpenMP version of the code
 This is the OpenMP version of the code
 This is the OpenMP version of the code
 This is the OpenMP version of the code
 This is the OpenMP version of the code
 This is the OpenMP version of the code
 This is the OpenMP version of the code
 This is the OpenMP version of the code
 This is the OpenMP version of the code
 This is the OpenMP version of the code
 This is the OpenMP version of the code
 This is the OpenMP version of the code
 This is the OpenMP version of the code
 This is the OpenMP version of the code
 This is the OpenMP version of the code
 This is the OpenMP version of the code
 This is the OpenMP version of the code
 This is the OpenMP version of the code
 This is the OpenMP version of the code
 This is the OpenMP version of the code
 This is the OpenMP version of the code
 This is the OpenMP version of the code
 This is the OpenMP version of the code
 This is the OpenMP version of the code
 This is the OpenMP version of the code
 This is the OpenMP version of the code
 This is the OpenMP version of the code
 This is the OpenMP version of the code
 This is the OpenMP version of the code
 This is the OpenMP version of the code
 This is the OpenMP version of the code
 This is the OpenMP version of the code
 This is the OpenMP version of the code
 This is the OpenMP version of the code
 This is the OpenMP version of the code
 This is the OpenMP version of the code
 This is the OpenMP version of the code
 This is the OpenMP version of the code
 This is the OpenMP version of the code
 This is the OpenMP version of the code
 This is the OpenMP version of the code

 The execution started at 16h 21min on the 11/ 6/2025

    ===========================================================
    !                                                         !
    !                        Do N O F                         !
    !                                                         !
    !  (Donostia Natural Orbital Functional Software Program) !
    !                                                         !
    !               COPYRIGHT by Mario Piris                  !
    !                                                         !
    !      Donostia International Physics Center (DIPC)       !
    !       University of the Basque Country (UPV/EHU)        !
    !       Basque Foundation for Science (IKERBASQUE)        !
    !                                                         !
    !          GNU General Public License version 3           !
    !                                                         !
    !                  VERSION: October 2025                  !
    !                                                         !
    ===========================================================

 Run Title
 ---------
  Molname                                                                        

 Basis Set
 ---------
 /home/pobleyef/DoNOFsw/basis/def2-QZVP.bas                                      

 Atom      Charge                Coordinates (Bohr)
                           x             y             z
 BI         83.0        0.0000        1.4460        0.0000
 H           1.0        2.7145       -0.4820        0.0000
 H           1.0       -1.3573       -0.4820        2.3508
 H           1.0       -1.3573       -0.4820       -2.3508

 Atomic Basis Set
 ----------------
 The contracted primitive functions were unnormalized
 The contracted basis functions are now normalized to unity

  Shell Type  Primitive         Exponent  Contraction Coefficient

 BI        

      1   S       1          8131.0900000    0.000071272491
      1   S       2          1225.7700000    0.000491534422
      1   S       3           274.6720000    0.001681047724
      1   S       4            37.6164000    0.049689214733
      1   S       5            23.4804000   -0.391571066701
      1   S       6            14.1065000    1.503421929557
      1   S       7             8.8130500   -1.338578488080
      1   S       8             5.5077800   -1.565252044517
      1   S       9             2.0397700    1.896580652442

      2   S      10            13.6142845    0.353370847250
      2   S      11            11.0108818   -0.607520655341
      2   S      12             2.2630090    1.173430725347

      3   S      13             1.0975227    1.000000000000

      4   S      14             0.5234445    1.000000000000

      5   S      15             0.2673441    1.000000000000

      6   S      16             0.1283661    1.000000000000

      7   S      17             0.0600977    1.000000000000

      8   P      18            99.5914000    0.000399211808
      8   P      19            19.8964000   -0.023048136078
      8   P      20            12.4376000    0.202428077813
      8   P      21             7.7740000   -0.437928430983
      8   P      22             4.8399500   -0.063760817779
      8   P      23             2.2547800    0.610221786224
      8   P      24             1.1804900    0.601499123591

      9   P      25             9.6213215   -0.058623300736
      9   P      26             4.1321351    0.295830548167
      9   P      27             1.2785828    0.806726143951

     10   P      28             0.5942360    1.000000000000

     11   P      29             0.2579417    1.000000000000

     12   P      30             0.1127360    1.000000000000

     13   P      31             0.0477920    1.000000000000

     14   D      32            69.6327992    0.000430975016
     14   D      33            14.8886150    0.010030864746
     14   D      34             6.5949629   -0.103152960833
     14   D      35             4.1796108    0.034465181552
     14   D      36             2.5697950    0.248366675156
     14   D      37             1.5601365    0.413338685568
     14   D      38             0.8921053    0.425728150361

     15   D      39             0.4809373    1.000000000000

     16   D      40             0.2423362    1.000000000000

     17   D      41             0.1044000    1.000000000000

     18   F      42             2.7210175    1.000000000000

     19   F      43             1.2625600    1.000000000000

     20   F      44             0.4803000    1.000000000000

     21   F      45             0.2006000    1.000000000000

     22   G      46             0.4203000    1.000000000000

 H         

     23   S      47           190.6916900    0.005342636962
     23   S      48            28.6055320    0.041252338243
     23   S      49             6.5095943    0.210993525698
     23   S      50             1.8412455    0.812128545862

     24   S      51             0.5985373    1.000000000000

     25   S      52             0.2139762    1.000000000000

     26   S      53             0.0803163    1.000000000000

     27   P      54             2.2920000    1.000000000000

     28   P      55             0.8380000    1.000000000000

     29   P      56             0.2920000    1.000000000000

     30   D      57             2.0620000    1.000000000000

     31   D      58             0.6620000    1.000000000000

     32   F      59             1.3970000    1.000000000000

 H         

     33   S      60           190.6916900    0.005342636962
     33   S      61            28.6055320    0.041252338243
     33   S      62             6.5095943    0.210993525698
     33   S      63             1.8412455    0.812128545862

     34   S      64             0.5985373    1.000000000000

     35   S      65             0.2139762    1.000000000000

     36   S      66             0.0803163    1.000000000000

     37   P      67             2.2920000    1.000000000000

     38   P      68             0.8380000    1.000000000000

     39   P      69             0.2920000    1.000000000000

     40   D      70             2.0620000    1.000000000000

     41   D      71             0.6620000    1.000000000000

     42   F      72             1.3970000    1.000000000000

 H         

     43   S      73           190.6916900    0.005342636962
     43   S      74            28.6055320    0.041252338243
     43   S      75             6.5095943    0.210993525698
     43   S      76             1.8412455    0.812128545862

     44   S      77             0.5985373    1.000000000000

     45   S      78             0.2139762    1.000000000000

     46   S      79             0.0803163    1.000000000000

     47   P      80             2.2920000    1.000000000000

     48   P      81             0.8380000    1.000000000000

     49   P      82             0.2920000    1.000000000000

     50   D      83             2.0620000    1.000000000000

     51   D      84             0.6620000    1.000000000000

     52   F      85             1.3970000    1.000000000000

 Total Number of Basis Set Shells             =   52
 Total Number of Primitives                   =   85
 Number of Spherical Gaussian Basis Functions =  172
 Total Number of Auxiliary Basis Set Shells   =   71
 Number of Sph. Gaussian Auxiliary Set Func.  =  305
 Number of Electrons                          =   86
 Charge of Molecule                           =    0
 Spin Multiplicity                            =    1
 Number of Occupied Orbitals (Alpha)          =   43
 Number of Occupied Orbitals (Beta )          =   43
 Total Number of Atoms                        =    4

 Nuclear Energy =       75.4227459649

 Note: This calculation is using an effective core potential
 so NE and ENUC will be adjusted later after removal of the Core

 Input Run Options
 -----------------
 IRUNTYP = 1  MULT = 1  ICHARG =  0 IECP = 1  IEMOM = 1  UNITS = ANGS    

 ECP Potentials
 --------------
 Parameters for "BI-ECP  " on Atom  1 with ZCORE 60 and LMAX 3 are

 for L= 3      COEFF    N           ZETA
    1       13.71338    2        4.21455
    1       18.19431    2        4.13340
 for L= 0      COEFF    N           ZETA
    1      283.26423    2       13.04309
    1       62.47196    2        8.22168
    1      -13.71338    2        4.21455
    1      -18.19431    2        4.13340
 for L= 1      COEFF    N           ZETA
    1       72.00150    2       10.46778
    1      144.00228    2        9.11890
    1        5.00795    2        6.75479
    1        9.99155    2        6.25259
    1      -13.71338    2        4.21455
    1      -18.19431    2        4.13340
 for L= 2      COEFF    N           ZETA
    1       36.39626    2        8.08147
    1       54.59766    2        7.89060
    1        9.98429    2        4.95556
    1       14.98148    2        4.70456
    1      -13.71338    2        4.21455
    1      -18.19431    2        4.13340

 The ECP removes  60 core electrons and  60 protons

 Number of electrons kept in the run =   26
 Number of occupied orbitals (Alpha) =   13
 Number of occupied orbitals (Beta)  =   13

 Adjusted Nuclear Energy =       21.3615357046


 Integral Options
 ----------------
 ERITYP = RI     AUX = JKFIT

 Input NOF Options
 -----------------

 Natural Orbital Functional Selected:    (IPNOF)         8
 Modified version of GNOF (GNOFm):       (Imod)          1

 Type of calculation = ICOEF2 + ICOEF1:  (ICOEF)        21
 Use Softmax function for Occ. Opt.:     (ISOFTMAX)      1
 Type of Orb. Opt. = Orbital Rotations:  (IORBOPT)       2
 Maximum Number of Coef Outer Iter.:     (MAXIT21)       3
 Maximum Number of Occ-Coef Outer Iter.: (MAXIT)      1000

 Restart calculation Option:             (RESTART)       F
 Restart Gamma Matrix from GCF file:     (INPUTGAMMA)    1
 Coefficient Matrix from GCF file:       (INPUTC)        1
 Diagonal Elements FMIUG from GCF file:  (INPUTFMIUG)    0
 Cartesian Coordinates from GCF file:    (INPUTCXYZ)     0

 Threshold Lambda Convergence=10**(-N):  (NTHRESHL)      3
 Threshold Energy Convergence=10**(-N):  (NTHRESHE)      5
 Max. Number of Inner Coef. Iterations:  (MAXLOOP)      10
 Orthogonalize the initial Orbitals:     (ORTHO)         T

 Output Option:                          (NPRINT)        0
 Output the Coefficient Matrix:          (IWRITEC)       0
 Do a Mulliken Population Analysis:      (IMULPOP)       0
 Write Information into a WFN file:      (IAIMPAC)       1
 Write Information into a FCHK file:     (IFCHK)         1
 Write Information into a MLP file:      (MOLDEN)        1
 Create Ini. Cond. (ini.xyz) file:       (INICOND)       1
 Calculate IPs using Ext. Koopmans Theo: (IEKT)          0
 Write APSG expansion coefficient file:  (APSG)          F
 Output option for Lagrange Multipliers: (PRINTLAG)      F
 Diagonalize matrix of Lag. Multipliers: (DIAGLAG)       F

------------------------------------------------------------------------

 Orbital Space
 -------------

 You are doing a perfect pairing calculation: NCWO=1

 Inactive Doubly occupied orbitals up to NO1  =    0
 No. considered Strongly Doubly occupied MOs  =   13
 No. considered Strongly Singly occupied MOs  =    0
 No. of Weakly occ. per St. Doubly occ.  MOs  =    1
 Dimension of the Active Nat. Orb. subspace   =   26
 Secondary Empty orbitals                     =  146

 1e- integrals
 -------------
 Time to do integrals =      0.26

 2e- integrals
 -------------
 DONTW option skips storage 2e- integrals on Unit 1
 Time to do integrals =      0.20

 No violations of the orthonormality

   INITIAL VALUES
  =================

   OM     Occupation      Elag Diag

    1      1.9982621     -6.5883086
    2      1.9967646     -4.3723853
    3      1.9964841     -4.2698254
    4      1.9944110     -4.2666985
    5      1.9857535     -1.2442800
    6      1.9856246     -1.2434722
    7      1.9855732     -1.2315965
    8      1.9855539     -1.2180718
    9      1.9855520     -1.2036689
   10      1.9855486     -1.2223301
   11      1.9731969     -0.4974462
   12      1.9709641     -0.4393385
   13      1.9697603     -0.4468245
   14      0.0302397     -0.0344346
   15      0.0290359     -0.0330188
   16      0.0268031     -0.0318306
   17      0.0144514     -0.0352114
   18      0.0144480     -0.0350303
   19      0.0144461     -0.0350839
   20      0.0144268     -0.0351687
   21      0.0143754     -0.0351341
   22      0.0142465     -0.0341119
   23      0.0055890     -0.0271154
   24      0.0035159     -0.0143399
   25      0.0032354     -0.0132532
   26      0.0017379     -0.0100173

   RO Sum (  26) =   26.00

  ---------------
   Dipole Moment
  ---------------

      1.0640 Debye [   0.4186  (  -0.0084,   0.4185,   0.0034) ]


  RESULTS OF OCCUPATION-COEFFICIENT OPTIMIZATION
 ================================================

  Ex It  Occ Time  Orb Time  Orb It   Electronic Energy     Total Energy   Energy Convergency    Max Mul-Lag Diff

    1    1.2E-01   3.6E-01       0    -237.2116175075     -215.8500818029     0.0000000000           0.000853

   OM     Occupation      Elag Diag

    1      1.9982621     -6.5883086
    2      1.9967646     -4.3723853
    3      1.9964841     -4.2698254
    4      1.9944110     -4.2666985
    5      1.9857535     -1.2442800
    6      1.9856246     -1.2434722
    7      1.9855732     -1.2315965
    8      1.9855539     -1.2180718
    9      1.9855520     -1.2036689
   10      1.9855486     -1.2223301
   11      1.9731969     -0.4974462
   12      1.9709641     -0.4393385
   13      1.9697603     -0.4468245
   14      0.0302397     -0.0344346
   15      0.0290359     -0.0330188
   16      0.0268031     -0.0318306
   17      0.0144514     -0.0352114
   18      0.0144480     -0.0350303
   19      0.0144461     -0.0350839
   20      0.0144268     -0.0351687
   21      0.0143754     -0.0351341
   22      0.0142465     -0.0341119
   23      0.0055890     -0.0271154
   24      0.0035159     -0.0143399
   25      0.0032354     -0.0132532
   26      0.0017379     -0.0100173

   RO Sum (  26) =   26.00

  ---------------
   Dipole Moment
  ---------------

      1.0640 Debye [   0.4186  (  -0.0084,   0.4185,   0.0034) ]

 ----------------
  Final Energies  
 ----------------

  Final NOF Total Energy =     -215.8500818029 ( 9.E-04 , 0.E+00 )


  **************************************************
  *                                                *
  *       SINGLE-POINT DoNOF CALCULATION           *
  *                                                *
  *             FULL OPTIMIZATION                  *
  *                                                *
  *  FINAL RESULTS   FINAL RESULTS  FINAL RESULTS  *
  *                                                *
  **************************************************

  **************************************************
  *         No. EXTERNAL ITER =     1              *
  *         No. of TOTAL ITER =     0              *
  **************************************************

  Elapsed real time :      1.08  (Seconds)

 The execution finished at 16h 21min on the 11/ 6/2025
Recovering execution output...
Moving from /scratch/pobleyef/349598 to /home-nas/pobleyef/Slim-NOF/ncwo1/Slim16/GNOFm25/arina.349598
mkdir -p /home-nas/pobleyef/Slim-NOF/ncwo1/Slim16/GNOFm25/arina.349598
mv /scratch/pobleyef/349598/* /home-nas/pobleyef/Slim-NOF/ncwo1/Slim16/GNOFm25/arina.349598
