Computing Integrals
Basis Set                                            = def2-qzvp
Auxiliary Basis Set                                  = def2-universal-jkfit
Gaussian Type                                        = Spherical
Elapsed time:   33.15 Seconds

Number of basis functions                   (NBF)    = 700
Number of auxiliary basis functions         (NBFAUX) = 1022
Inactive Doubly occupied orbitals up to     (NO1)    = 0
No. considered Strongly Doubly occupied MOs (NDOC)   = 56
No. considered Strongly Singly occupied MOs (NSOC)   = 0
NO. of Weakly occ. per St. Doubly occ.  MOs (NCWO)   = 1
Dimension of the Nat. Orb. subspace         (NBF5)   = 112
No. of electrons                                     = 112
    No. of alpha electrons                           = 56
    No. of beta electrons                            = 56
Multiplicity                                         = 1

Geometry
========
 P      -0.5837787       1.7770005       0.8665015
 P      -2.4053892       1.0648770      -0.2355291
 P      -1.9612690      -1.0643844      -0.6180722
 P      -0.4924716      -1.6655634       0.9642626
 P       1.3234717      -1.8304237      -0.3411962
 P       2.2480454       0.1135001       0.2975738
 P       0.8240795       1.4274484      -0.8474671
 H      -0.7776931       3.1416685       0.5066100
 H      -3.1621744       0.7813037       0.9336690
 H      -1.0367694      -0.8048780      -1.6637323
 H      -0.7871549      -3.0503888       0.8271128
 H       2.0507840      -2.5732393       0.6357452
 H       3.1781705       0.0911880      -0.7844465
 H       1.5821494       2.5918913      -0.5410316

No violations of the orthonormality
No violations of the orthonormality
 
PNOF8/ADABelief Calculation
==================
 
  Nitext  Nit_orb  Time   Nit_occ  Time         Eelec          Etot           Ediff      maxdiff    MaxGrad_orb  Grad_occ
     1      10    4.2e+01    0    2.8e+01 -3344.16379760 -2391.52684492 -13343.16379760   0.000572   2.3e-03   2.2e-04 0.04
 
RESULTS OF THE OCCUPATION OPTIMIZATION
========================================
   1    1.9999641  -80.00780740
   2    1.9999649  -80.00708514
   3    1.9999602  -80.00672791
   4    1.9999666  -80.00589737
   5    1.9999708  -80.00566328
   6    1.9999648  -80.00521918
   7    1.9999650  -80.00385629
   8    1.9988855  -7.49719597
   9    1.9988770  -7.49709554
  10    1.9988674  -7.49317675
  11    1.9988588  -7.49268849
  12    1.9988577  -7.49178259
  13    1.9988585  -7.49093206
  14    1.9988240  -7.47876839
  15    1.9976809  -5.42146183
  16    1.9982203  -5.41314458
  17    1.9981619  -5.41153289
  18    1.9981783  -5.41036160
  19    1.9982332  -5.40872022
  20    1.9977323  -5.40871322
  21    1.9982073  -5.40830173
  22    1.9979737  -5.40675493
  23    1.9977531  -5.40656537
  24    1.9980750  -5.40561012
  25    1.9978160  -5.40510824
  26    1.9979121  -5.40510299
  27    1.9982612  -5.40503488
  28    1.9981821  -5.40480989
  29    1.9977210  -5.40441229
  30    1.9980184  -5.40411488
  31    1.9976473  -5.40407843
  32    1.9978070  -5.40374664
  33    1.9979941  -5.40352353
  34    1.9977541  -5.40262994
  35    1.9977289  -5.40142037
  36    1.9903947  -0.93079604
  37    1.9900743  -0.90520852
  38    1.9896858  -0.89750750
  39    1.9892183  -0.84660588
  40    1.9854101  -0.80306796
  41    1.9824874  -0.70664829
  42    1.9816812  -0.69583418
  43    1.9645095  -0.49626085
  44    1.9641134  -0.49597635
  45    1.9641050  -0.49568784
  46    1.9640993  -0.49337841
  47    1.9639341  -0.49122803
  48    1.9641857  -0.48801935
  49    1.9642917  -0.48453782
  50    1.9592577  -0.41810018
  51    1.9585840  -0.41530380
  52    1.9590083  -0.41513423
  53    1.9582744  -0.41421934
  54    1.9583809  -0.41396860
  55    1.9579583  -0.41282713
  56    1.9584208  -0.41085566
  57    0.0415792  -0.04665512
  58    0.0420417  -0.04665770
  59    0.0416191  -0.04672737
  60    0.0417256  -0.04648395
  61    0.0409917  -0.04654602
  62    0.0414160  -0.04652549
  63    0.0407423  -0.04632006
  64    0.0357083  -0.03547564
  65    0.0358143  -0.03565683
  66    0.0360659  -0.03596693
  67    0.0359007  -0.03600137
  68    0.0358950  -0.03593912
  69    0.0358866  -0.03581623
  70    0.0354905  -0.03584640
  71    0.0183188  -0.02362318
  72    0.0175126  -0.02349019
  73    0.0145899  -0.02471555
  74    0.0107817  -0.02785743
  75    0.0103142  -0.02759028
  76    0.0099257  -0.02753155
  77    0.0096053  -0.02913938
  78    0.0022711  -0.02108320
  79    0.0022459  -0.02133768
  80    0.0020059  -0.01897766
  81    0.0021930  -0.02056842
  82    0.0023527  -0.02228725
  83    0.0019816  -0.01876240
  84    0.0022790  -0.02179808
  85    0.0018179  -0.01754429
  86    0.0017388  -0.01685438
  87    0.0020879  -0.01982907
  88    0.0021840  -0.02046139
  89    0.0019250  -0.01818973
  90    0.0022469  -0.02166154
  91    0.0020263  -0.01919170
  92    0.0017927  -0.01738210
  93    0.0022677  -0.02159039
  94    0.0017668  -0.01685588
  95    0.0018217  -0.01756266
  96    0.0018381  -0.01766320
  97    0.0017797  -0.01679407
  98    0.0023191  -0.02313765
  99    0.0011760  -0.01637453
 100    0.0011415  -0.01639744
 101    0.0011423  -0.01626018
 102    0.0011412  -0.01663468
 103    0.0011326  -0.01606274
 104    0.0011230  -0.01599154
 105    0.0011145  -0.01523875
 106    0.0000350  -0.00510308
 107    0.0000352  -0.00511299
 108    0.0000292  -0.00452417
 109    0.0000334  -0.00493765
 110    0.0000398  -0.00569650
 111    0.0000351  -0.00512071
 112    0.0000359  -0.00525757
 
----------------
 Final Energies 
----------------
Final NOF Total Energy =   -2391.5268449
 
Total Orbital Internal Iterations = 10
Total Occupation Internal Iterations = 0
 
Elapsed time:   92.84 Seconds

---------------------------------
   Lowdin Population Analysis    
---------------------------------
 Idx  Atom   Population   Charge 
---------------------------------
  1     P    14.837       0.163
  2     P    14.842       0.158
  3     P    14.822       0.178
  4     P    14.833       0.167
  5     P    14.835       0.165
  6     P    14.835       0.165
  7     P    14.826       0.174
  8     H     1.167      -0.167
  9     H     1.168      -0.168
 10     H     1.174      -0.174
 11     H     1.166      -0.166
 12     H     1.166      -0.166
 13     H     1.168      -0.168
 14     H     1.163      -0.163

---------------------------------
   M Diagnostic: 0.04
---------------------------------

