Computing Integrals
Basis Set                                            = def2-qzvp
Auxiliary Basis Set                                  = def2-universal-jkfit
Gaussian Type                                        = Spherical
Elapsed time:   13.61 Seconds

Number of basis functions                   (NBF)    = 468
Number of auxiliary basis functions         (NBFAUX) = 444
Inactive Doubly occupied orbitals up to     (NO1)    = 0
No. considered Strongly Doubly occupied MOs (NDOC)   = 16
No. considered Strongly Singly occupied MOs (NSOC)   = 0
NO. of Weakly occ. per St. Doubly occ.  MOs (NCWO)   = 1
Dimension of the Nat. Orb. subspace         (NBF5)   = 32
No. of electrons                                     = 32
    No. of alpha electrons                           = 16
    No. of beta electrons                            = 16
Multiplicity                                         = 1

Geometry
========
 C      -1.9584816      -0.0898634       0.0000000
 C      -0.5382922       0.3905860       0.0000000
 C       0.5382922      -0.3905860       0.0000000
 C       1.9584816       0.0898634       0.0000000
 H      -2.0121617      -1.1805475       0.0000000
 H      -2.5007541       0.2760592      -0.8780572
 H      -2.5007541       0.2760592       0.8780572
 H      -0.3987912       1.4708677       0.0000000
 H       0.3987912      -1.4708677       0.0000000
 H       2.0121617       1.1805475       0.0000000
 H       2.5007541      -0.2760592       0.8780572
 H       2.5007541      -0.2760592      -0.8780572

No violations of the orthonormality
No violations of the orthonormality
 
PNOF8/ADABelief Calculation
==================
 
  Nitext  Nit_orb  Time   Nit_occ  Time         Eelec          Etot           Ediff      maxdiff    MaxGrad_orb  Grad_occ
     1      10    2.1e+01    0    2.6e+01  -272.61071255  -156.75344867 -10271.61071255   0.000481   1.9e-03   1.4e-04 0.06
 
RESULTS OF THE OCCUPATION OPTIMIZATION
========================================
   1    1.9995806  -11.21189247
   2    1.9995720  -11.21124188
   3    1.9995003  -11.21033629
   4    1.9995284  -11.20975290
   5    1.9806893  -1.04444887
   6    1.9791226  -0.91068324
   7    1.9791234  -0.91042279
   8    1.9737099  -0.66959164
   9    1.9724984  -0.63418592
  10    1.9710320  -0.58905113
  11    1.9709838  -0.58885137
  12    1.9660079  -0.58228976
  13    1.9660104  -0.58062224
  14    1.9692938  -0.56066655
  15    1.9693159  -0.56049615
  16    1.9446124  -0.37080267
  17    0.0553876  -0.04365240
  18    0.0306841  -0.02708194
  19    0.0307062  -0.02710495
  20    0.0339896  -0.03649020
  21    0.0339921  -0.03654069
  22    0.0290162  -0.02634476
  23    0.0289680  -0.02633068
  24    0.0275016  -0.02682621
  25    0.0262901  -0.02625758
  26    0.0208766  -0.02402594
  27    0.0208774  -0.02400491
  28    0.0193107  -0.02714154
  29    0.0004716  -0.00820773
  30    0.0004997  -0.00852463
  31    0.0004280  -0.00754447
  32    0.0004194  -0.00743624
 
----------------
 Final Energies 
----------------
Final NOF Total Energy =    -156.7534487
 
Total Orbital Internal Iterations = 10
Total Occupation Internal Iterations = 0
 
Elapsed time:   59.98 Seconds

---------------------------------
   Lowdin Population Analysis    
---------------------------------
 Idx  Atom   Population   Charge 
---------------------------------
  1     C     5.797       0.203
  2     C     5.965       0.035
  3     C     5.965       0.035
  4     C     5.797       0.203
  5     H     1.056      -0.056
  6     H     1.055      -0.055
  7     H     1.058      -0.058
  8     H     1.069      -0.069
  9     H     1.069      -0.069
 10     H     1.056      -0.056
 11     H     1.058      -0.058
 12     H     1.055      -0.055

---------------------------------
   M Diagnostic: 0.06
---------------------------------

