Computing Integrals
Basis Set                                            = def2-qzvp
Auxiliary Basis Set                                  = def2-universal-jkfit
Gaussian Type                                        = Spherical
Elapsed time:    2.69 Seconds

Number of basis functions                   (NBF)    = 140
Number of auxiliary basis functions         (NBFAUX) = 256
Inactive Doubly occupied orbitals up to     (NO1)    = 0
No. considered Strongly Doubly occupied MOs (NDOC)   = 15
No. considered Strongly Singly occupied MOs (NSOC)   = 2
NO. of Weakly occ. per St. Doubly occ.  MOs (NCWO)   = 1
Dimension of the Nat. Orb. subspace         (NBF5)   = 32
No. of electrons                                     = 32
    No. of alpha electrons                           = 17
    No. of beta electrons                            = 15
Multiplicity                                         = 3

Geometry
========
 S       0.0000000       0.0000000      -0.9540074
 S       0.0000000       0.0000000       0.9540074

No violations of the orthonormality
No violations of the orthonormality
 
PNOF8/ADAM Calculation
==================
 
  Nitext  Nit_orb  Time   Nit_occ  Time         Eelec          Etot           Ediff      maxdiff    MaxGrad_orb  Grad_occ
     1      10    9.6e+00    8    1.2e+01  -839.49617202  -768.49615243 -10838.49617202   2.406162   9.6e+00   2.2e-04 0.00
     2      10    6.6e-01    6    4.4e-02  -856.33204182  -785.33202223   -16.83586979   1.320958   5.3e+00   1.3e-04 0.01
     3      10    7.0e-01    6    3.4e-02  -861.93309645  -790.93307686    -5.60105463   0.772891   3.1e+00   2.2e-04 0.02
     4      10    7.3e-01    7    2.5e-02  -864.38558662  -793.38556703    -2.45249017   0.444200   1.8e+00   1.6e-04 0.03
     5      10    8.4e-01    7    3.6e-03  -865.49900726  -794.49898767    -1.11342064   0.322763   1.3e+00   1.4e-04 0.04
     6      10    6.8e-01    8    4.3e-02  -866.03254938  -795.03252979    -0.53354211   0.235710   9.4e-01   7.7e-05 0.04
     7      10    8.1e-01    6    1.5e-02  -866.24275151  -795.24273192    -0.21020213   0.220581   8.8e-01   2.3e-04 0.04
     8      10    8.9e-01    6    4.8e-02  -866.34194219  -795.34192260    -0.09919069   0.209778   8.4e-01   2.3e-04 0.05
     9      10    9.4e-01    6    1.4e-02  -866.36475169  -795.36473210    -0.02280950   0.623761   2.5e+00   1.3e-04 0.05
    10      10    8.7e-01    5    3.5e-02  -866.39431901  -795.39429942    -0.02956732   0.300350   1.2e+00   2.1e-04 0.05
    11      10    9.7e-01    3    3.9e-02  -866.40916837  -795.40914878    -0.01484936   0.359363   1.4e+00   2.6e-04 0.05
    12      10    8.8e-01    5    1.1e-02  -866.41023047  -795.41021088    -0.00106210   0.349453   1.4e+00   1.9e-04 0.05
    13      10    9.3e-01    3    4.1e-02  -866.41948500  -795.41946541    -0.00925453   0.356898   1.4e+00   1.3e-04 0.05
    14      10    8.8e-01    4    1.9e-02  -866.42778761  -795.42776802    -0.00830261   0.261187   1.0e+00   1.7e-04 0.05
    15      10    7.2e-01    3    6.5e-02  -866.42973921  -795.42971962    -0.00195160   0.345284   1.4e+00   1.7e-04 0.05
    16      10    7.2e-01    0    4.2e-02  -866.42977669  -795.42975710    -0.00003748   0.345284   1.4e+00   1.7e-04 0.05
    17      30    2.6e+00    3    3.0e-02  -866.50443033  -795.50441074    -0.07465364   0.020219   8.1e-02   1.8e-04 0.05
    18      30    3.2e+00    3    3.3e-02  -866.52899654  -795.52897695    -0.02456620   0.027641   1.1e-01   1.5e-04 0.05
    19      30    2.5e+00    3    2.9e-02  -866.55288494  -795.55286535    -0.02388841   0.033046   1.3e-01   1.3e-04 0.05
    20      30    3.1e+00    3    4.1e-02  -866.57752935  -795.57750976    -0.02464441   0.036749   1.5e-01   1.2e-04 0.05
    21      30    2.4e+00    3    4.2e-02  -866.60258413  -795.60256454    -0.02505479   0.037479   1.5e-01   1.4e-04 0.05
    22      30    2.3e+00    3    3.5e-02  -866.62318680  -795.62316721    -0.02060267   0.035373   1.4e-01   1.7e-04 0.05
    23      30    3.1e+00    4    3.8e-02  -866.64157733  -795.64155775    -0.01839053   0.030735   1.2e-01   1.1e-04 0.05
    24      30    2.6e+00    4    6.8e-02  -866.65483188  -795.65481229    -0.01325454   0.025996   1.0e-01   9.9e-05 0.04
    25      30    2.2e+00    3    3.7e-02  -866.66441069  -795.66439110    -0.00957881   0.020843   8.3e-02   1.3e-04 0.04
    26      30    2.5e+00    3    8.1e-02  -866.67106651  -795.67104692    -0.00665582   0.013301   5.3e-02   9.9e-05 0.04
    27      30    2.9e+00    3    4.3e-02  -866.67464446  -795.67462487    -0.00357795   0.011750   4.7e-02   1.2e-04 0.04
    28      30    2.6e+00    2    4.8e-02  -866.67639973  -795.67638014    -0.00175528   0.010814   4.3e-02   2.2e-04 0.04
    29      30    2.9e+00    2    1.8e-02  -866.67708285  -795.67706326    -0.00068311   0.011304   4.5e-02   2.6e-04 0.04
    30      30    2.8e+00    2    2.0e-02  -866.67742567  -795.67740608    -0.00034283   0.011289   4.5e-02   1.6e-04 0.04
    31      30    3.3e+00    2    3.9e-02  -866.67773260  -795.67771301    -0.00030693   0.013895   5.6e-02   1.7e-04 0.04
    32      30    3.0e+00    2    3.7e-02  -866.67796825  -795.67794866    -0.00023565   0.016406   6.6e-02   1.7e-04 0.04
    33      30    2.9e+00    2    3.7e-02  -866.67827813  -795.67825854    -0.00030988   0.012110   4.8e-02   1.9e-04 0.04
    34      30    2.4e+00    2    4.3e-02  -866.67844407  -795.67842448    -0.00016594   0.018926   7.6e-02   1.8e-04 0.04
    35      30    2.3e+00    3    5.3e-02  -866.67895968  -795.67894009    -0.00051562   0.012592   5.0e-02   1.8e-04 0.04
    36      30    3.0e+00    2    3.4e-03  -866.67904898  -795.67902939    -0.00008930   0.014969   6.0e-02   2.1e-04 0.04
    37      30    2.2e+00    4    3.1e-02  -866.67942704  -795.67940745    -0.00037807   0.013053   5.2e-02   1.1e-04 0.04
    38      30    2.3e+00    3    3.2e-02  -866.67950865  -795.67948906    -0.00008160   0.013368   5.3e-02   2.1e-04 0.04
    39      30    3.0e+00    3    3.5e-02  -866.67967933  -795.67965974    -0.00017069   0.012805   5.1e-02   2.7e-04 0.04
    40      30    2.7e+00    0    2.8e-02  -866.67969219  -795.67967260    -0.00001286   0.012805   5.1e-02   2.7e-04 0.04
 
RESULTS OF THE OCCUPATION OPTIMIZATION
========================================
   1    1.9999650  -92.06004611
   2    1.9999688  -92.05996495
   3    1.9990403  -9.01232249
   4    1.9989674  -9.00613397
   5    1.9980676  -6.70213046
   6    1.9984894  -6.69660191
   7    1.9978327  -6.69626467
   8    1.9984937  -6.69581439
   9    1.9985221  -6.69361301
  10    1.9985512  -6.69338963
  11    1.9892936  -1.07704751
  12    1.9775115  -0.80815387
  13    1.9589047  -0.53472481
  14    1.9635465  -0.47607155
  15    1.9634837  -0.47518163
  16    1.0000000  -0.20198429
  17    1.0000000  -0.20188713
  18    0.0365163  -0.02761787
  19    0.0364535  -0.02766148
  20    0.0410953  -0.05377794
  21    0.0224885  -0.02149668
  22    0.0107064  -0.02842924
  23    0.0014488  -0.01989822
  24    0.0014779  -0.02019437
  25    0.0015063  -0.02056686
  26    0.0021673  -0.02827645
  27    0.0015106  -0.02064679
  28    0.0019324  -0.02457762
  29    0.0010326  -0.01741749
  30    0.0009597  -0.01672957
  31    0.0000312  -0.00535801
  32    0.0000350  -0.00589087
 
----------------
 Final Energies 
----------------
Final NOF Total Energy =    -795.6796726
 
Total Orbital Internal Iterations = 880
Total Occupation Internal Iterations = 147
 
Elapsed time:  109.42 Seconds

---------------------------------
   Lowdin Population Analysis    
---------------------------------
 Idx  Atom   Population   Charge 
---------------------------------
  1     S    15.995       0.005
  2     S    16.005      -0.005

---------------------------------
   M Diagnostic: 0.04
---------------------------------

