Computing Integrals
Basis Set                                            = def2-qzvp
Auxiliary Basis Set                                  = def2-universal-jkfit
Gaussian Type                                        = Spherical
Elapsed time:    1.75 Seconds

Number of basis functions                   (NBF)    = 76
Number of auxiliary basis functions         (NBFAUX) = 130
Inactive Doubly occupied orbitals up to     (NO1)    = 0
No. considered Strongly Doubly occupied MOs (NDOC)   = 6
No. considered Strongly Singly occupied MOs (NSOC)   = 0
NO. of Weakly occ. per St. Doubly occ.  MOs (NCWO)   = 1
Dimension of the Nat. Orb. subspace         (NBF5)   = 12
No. of electrons                                     = 12
    No. of alpha electrons                           = 6
    No. of beta electrons                            = 6
Multiplicity                                         = 1

Geometry
========
Na       0.0000000       0.0000000      -0.9485832
 H       0.0000000       0.0000000       0.9485832

No violations of the orthonormality
No violations of the orthonormality
 
PNOF8/ADAM Calculation
==================
 
  Nitext  Nit_orb  Time   Nit_occ  Time         Eelec          Etot           Ediff      maxdiff    MaxGrad_orb  Grad_occ
     1      10    9.0e+00    6    1.2e+01  -161.63063202  -158.56240491 -10160.63063202   0.707362   2.8e+00   1.1e-04 0.00
     2      10    1.2e-02    2    1.8e-02  -163.59342554  -160.52519843    -1.96279352   0.444214   1.8e+00   1.1e-04 0.00
     3      10    1.4e-02    2    4.4e-04  -164.53278199  -161.46455487    -0.93935645   0.278084   1.1e+00   1.4e-04 0.01
     4      10    9.8e-03    2    3.1e-04  -164.85411434  -161.78588723    -0.32133235   0.173115   6.9e-01   1.9e-04 0.01
     5      10    9.0e-03    2    6.9e-04  -164.96719381  -161.89896670    -0.11307947   0.102797   4.1e-01   1.3e-04 0.01
     6      10    1.9e-02    2    3.2e-04  -165.01293545  -161.94470834    -0.04574165   0.088485   3.5e-01   1.6e-04 0.01
     7      10    7.3e-03    4    3.5e-04  -165.05694163  -161.98871452    -0.04400618   0.075272   3.0e-01   2.1e-05 0.01
     8      10    8.4e-03    4    7.0e-04  -165.11499670  -162.04676959    -0.05805506   0.069368   2.8e-01   2.8e-05 0.01
     9      10    7.2e-03    3    4.4e-04  -165.22375260  -162.15552549    -0.10875590   0.102814   4.1e-01   1.0e-04 0.01
    10      10    7.1e-03    3    3.3e-04  -165.31006768  -162.24184057    -0.08631508   0.114981   4.6e-01   2.5e-05 0.01
    11      10    8.9e-03    1    3.7e-04  -165.38657990  -162.31835278    -0.07651222   0.153813   6.2e-01   5.0e-05 0.01
    12      10    7.9e-03    1    3.4e-04  -165.43639228  -162.36816517    -0.04981238   0.092969   3.7e-01   1.8e-04 0.01
    13      10    1.2e-02    2    4.7e-04  -165.48267909  -162.41445198    -0.04628682   0.079527   3.2e-01   3.5e-05 0.01
    14      10    7.1e-03    1    3.0e-04  -165.51206475  -162.44383764    -0.02938565   0.122518   4.9e-01   1.2e-04 0.01
    15      10    1.2e-02    1    3.1e-04  -165.52562675  -162.45739964    -0.01356200   0.107350   4.3e-01   1.4e-04 0.01
    16      10    8.3e-03    2    3.3e-04  -165.54085623  -162.47262912    -0.01522948   0.120653   4.8e-01   6.1e-05 0.01
    17      10    7.7e-03    1    5.0e-04  -165.54924801  -162.48102090    -0.00839178   0.115937   4.6e-01   6.3e-05 0.01
    18      10    7.7e-03    1    3.2e-04  -165.55552605  -162.48729894    -0.00627804   0.100757   4.0e-01   7.8e-05 0.01
    19      10    7.7e-03    0    2.9e-04  -165.56020416  -162.49197705    -0.00467811   0.105966   4.2e-01   1.2e-04 0.01
    20      20    1.8e-02    0    2.8e-04  -165.57076153  -162.50253442    -0.01055737   0.028326   1.1e-01   1.5e-04 0.01
    21      30    2.5e-02    1    3.0e-04  -165.59428318  -162.52605607    -0.02352165   0.013851   5.5e-02   8.8e-05 0.01
    22      30    3.2e-02    1    3.2e-04  -165.60303338  -162.53480627    -0.00875020   0.010471   4.2e-02   7.5e-05 0.01
    23      30    2.7e-02    1    3.1e-04  -165.60538480  -162.53715769    -0.00235142   0.008672   3.5e-02   8.8e-05 0.01
    24      30    2.9e-02    0    2.9e-04  -165.60538598  -162.53715887    -0.00000118   0.008672   3.5e-02   8.8e-05 0.01
    25      50    5.1e-02    0    2.8e-04  -165.60601546  -162.53778834    -0.00062948   0.002494   1.0e-02   9.8e-05 0.01
    26      60    6.7e-02    0    2.8e-04  -165.60603365  -162.53780653    -0.00001819   0.001503   6.0e-03   1.2e-04 0.01
    27      70    5.1e-02    0    2.8e-04  -165.60604229  -162.53781518    -0.00000864   0.001316   5.3e-03   1.0e-04 0.01
    28      80    5.5e-02    0    2.9e-04  -165.60605208  -162.53782497    -0.00000979   0.001162   4.6e-03   1.2e-04 0.01
    29      90    7.2e-02    0    2.8e-04  -165.60605688  -162.53782977    -0.00000480   0.001016   4.1e-03   1.0e-04 0.01
    30     100    9.1e-02    0    6.7e-04  -165.60605761  -162.53783050    -0.00000073   0.000998   4.0e-03   1.2e-04 0.01
 
RESULTS OF THE OCCUPATION OPTIMIZATION
========================================
   1    1.9999092  -40.48013619
   2    1.9973959  -2.80726931
   3    1.9965650  -1.30214507
   4    1.9965727  -1.29200450
   5    1.9965706  -1.27749376
   6    1.9894592  -0.98488636
   7    0.0105408  -0.03040660
   8    0.0034294  -0.01201062
   9    0.0034273  -0.01203931
  10    0.0034350  -0.01208611
  11    0.0026041  -0.01204441
  12    0.0000908  -0.00676773
 
----------------
 Final Energies 
----------------
Final NOF Total Energy =    -162.5378305
 
Total Orbital Internal Iterations = 780
Total Occupation Internal Iterations = 43
 
Elapsed time:   27.89 Seconds

---------------------------------
   Lowdin Population Analysis    
---------------------------------
 Idx  Atom   Population   Charge 
---------------------------------
  1    Na    10.783       0.217
  2     H     1.217      -0.217

---------------------------------
   M Diagnostic: 0.01
---------------------------------

