Computing Integrals
Basis Set                                            = def2-qzvp
Auxiliary Basis Set                                  = def2-universal-jkfit
Gaussian Type                                        = Spherical
Elapsed time:   22.89 Seconds

Number of basis functions                   (NBF)    = 767
Number of auxiliary basis functions         (NBFAUX) = 999
Inactive Doubly occupied orbitals up to     (NO1)    = 0
No. considered Strongly Doubly occupied MOs (NDOC)   = 46
No. considered Strongly Singly occupied MOs (NSOC)   = 0
NO. of Weakly occ. per St. Doubly occ.  MOs (NCWO)   = 1
Dimension of the Nat. Orb. subspace         (NBF5)   = 92
No. of electrons                                     = 92
    No. of alpha electrons                           = 46
    No. of beta electrons                            = 46
Multiplicity                                         = 1

Geometry
========
Si       0.4269673      -0.0956889      -1.7493074
 H      -0.6155885      -0.5328682       1.5409933
 N       1.4473367       0.4795675       1.3886781
 H       0.9017733      -1.6965568       0.8566220
 F      -2.4571587       0.9685821       0.4977302
 B       0.4467916      -0.5113110       0.9749192
 F      -0.9972948      -2.2485458      -0.3309189
 B       0.3537217      -1.7483435      -0.4431384
 B       0.8546106       1.3711981       0.3989014
 H      -1.6060539       3.1383959      -0.9621300
 H       2.4212438       0.2311576       1.2168058
 H       1.1438546      -2.5712782      -0.7997033
 H      -0.9962544       0.5389642      -1.4956763
Al      -1.0932177       1.9032439      -0.1243216
Li      -1.9606703      -0.7593501       0.3093412
 S       1.7299388       1.5328333      -1.2787952

No violations of the orthonormality
No violations of the orthonormality
 
PNOF8/ADAM Calculation
==================
 
  Nitext  Nit_orb  Time   Nit_occ  Time         Eelec          Etot           Ediff      maxdiff    MaxGrad_orb  Grad_occ
     1      10    3.0e+01    9    1.3e+01 -1887.09408947 -1187.55268421 -11886.09408947   0.815815   3.3e+00   2.5e-04 0.01
     2      10    2.1e+01   16    1.1e+00 -1940.95531498 -1241.41390972   -53.86122551   0.404744   1.6e+00   1.9e-04 0.03
     3      10    2.1e+01   12    1.0e+00 -1959.87251376 -1260.33110851   -18.91719879   0.434844   1.7e+00   3.3e-04 0.05
     4      10    2.1e+01   10    1.0e+00 -1964.42882928 -1264.88742402    -4.55631551   1.142878   4.6e+00   2.1e-04 0.05
     5      10    2.1e+01    9    9.6e-01 -1965.92842957 -1266.38702431    -1.49960029   0.954455   3.8e+00   1.5e-04 0.05
     6      10    2.1e+01    8    1.0e+00 -1966.51482335 -1266.97341809    -0.58639378   0.721647   2.9e+00   1.9e-04 0.06
     7      10    2.1e+01    7    9.6e-01 -1966.80478000 -1267.26337475    -0.28995666   0.792310   3.2e+00   2.2e-04 0.06
     8      10    2.1e+01    0    9.6e-01 -1966.80597540 -1267.26457014    -0.00119539   0.792310   3.2e+00   2.2e-04 0.06
     9      30    6.1e+01    8    1.0e+00 -1967.74954753 -1268.20814227    -0.94357213   0.116433   4.7e-01   1.7e-04 0.05
    10      30    6.0e+01    8    9.6e-01 -1968.03590649 -1268.49450123    -0.28635897   0.090811   3.6e-01   8.9e-05 0.05
    11      30    6.0e+01    6    1.0e+00 -1968.17526457 -1268.63385931    -0.13935807   0.067607   2.7e-01   1.6e-04 0.04
    12      30    6.1e+01    4    9.5e-01 -1968.24091007 -1268.69950481    -0.06564550   0.105353   4.2e-01   2.9e-04 0.04
    13      30    6.0e+01    4    9.5e-01 -1968.26931720 -1268.72791194    -0.02840713   0.030049   1.2e-01   3.1e-04 0.04
    14      30    5.9e+01    5    9.6e-01 -1968.28213549 -1268.74073023    -0.01281829   0.021279   8.5e-02   1.7e-04 0.04
    15      30    6.0e+01    4    9.6e-01 -1968.28844926 -1268.74704400    -0.00631377   0.043142   1.7e-01   2.6e-04 0.04
    16      30    5.9e+01    4    9.6e-01 -1968.29152632 -1268.75012106    -0.00307707   0.021695   8.7e-02   2.0e-04 0.04
    17      30    5.9e+01    3    9.4e-01 -1968.29314456 -1268.75173930    -0.00161824   0.019639   7.9e-02   2.4e-04 0.04
    18      30    5.9e+01    2    9.3e-01 -1968.29400349 -1268.75259823    -0.00085893   0.022989   9.2e-02   4.2e-04 0.04
    19      30    5.9e+01    3    9.6e-01 -1968.29599058 -1268.75458533    -0.00198710   0.020056   8.0e-02   2.3e-04 0.04
    20      30    5.9e+01    0    9.5e-01 -1968.29607316 -1268.75466790    -0.00008257   0.020056   8.0e-02   2.3e-04 0.04
    21      50    9.9e+01    2    9.4e-01 -1968.30384906 -1268.76244380    -0.00777590   0.004527   1.8e-02   3.2e-04 0.04
    22      50    9.9e+01    2    9.6e-01 -1968.30419099 -1268.76278573    -0.00034193   0.004056   1.6e-02   2.9e-04 0.04
    23      50    9.9e+01    2    9.6e-01 -1968.30465882 -1268.76325357    -0.00046783   0.003506   1.4e-02   2.7e-04 0.04
    24      50    9.9e+01    2    9.4e-01 -1968.30507174 -1268.76366648    -0.00041291   0.003852   1.5e-02   2.7e-04 0.05
    25      50    9.8e+01    2    9.6e-01 -1968.30549988 -1268.76409462    -0.00042814   0.004075   1.6e-02   2.7e-04 0.05
    26      50    9.9e+01    2    9.4e-01 -1968.30589664 -1268.76449138    -0.00039676   0.003556   1.4e-02   2.7e-04 0.05
    27      50    9.8e+01    2    9.6e-01 -1968.30628121 -1268.76487595    -0.00038458   0.003522   1.4e-02   2.9e-04 0.05
    28      50    9.8e+01    3    1.0e+00 -1968.30667412 -1268.76526886    -0.00039290   0.003619   1.4e-02   1.6e-04 0.05
    29      50    9.9e+01    2    9.5e-01 -1968.30709832 -1268.76569307    -0.00042421   0.003995   1.6e-02   3.0e-04 0.05
    30      50    9.9e+01    3    9.6e-01 -1968.30744818 -1268.76604292    -0.00034986   0.003930   1.6e-02   1.8e-04 0.05
    31      50    9.9e+01    3    9.7e-01 -1968.30772525 -1268.76632000    -0.00027707   0.003914   1.6e-02   1.7e-04 0.05
    32      50    9.8e+01    2    9.5e-01 -1968.30793414 -1268.76652888    -0.00020888   0.003664   1.5e-02   2.6e-04 0.05
    33      50    9.9e+01    3    9.3e-01 -1968.30809324 -1268.76668798    -0.00015910   0.004006   1.6e-02   1.4e-04 0.05
    34      50    9.8e+01    3    9.7e-01 -1968.30826623 -1268.76686097    -0.00017299   0.003784   1.5e-02   1.2e-04 0.05
    35      50    9.8e+01    3    9.6e-01 -1968.30842633 -1268.76702107    -0.00016010   0.003477   1.4e-02   1.3e-04 0.05
    36      50    9.8e+01    3    1.1e+00 -1968.30857379 -1268.76716853    -0.00014746   0.003484   1.4e-02   1.1e-04 0.05
    37      50    9.8e+01    3    9.5e-01 -1968.30870642 -1268.76730116    -0.00013263   0.003629   1.5e-02   1.1e-04 0.05
    38      50    9.9e+01    2    9.6e-01 -1968.30880718 -1268.76740192    -0.00010076   0.004218   1.7e-02   2.5e-04 0.05
    39      50    9.7e+01    3    9.6e-01 -1968.30889899 -1268.76749374    -0.00009182   0.003659   1.5e-02   1.1e-04 0.05
    40      50    9.8e+01    2    1.0e+00 -1968.30898822 -1268.76758296    -0.00008922   0.003386   1.4e-02   2.1e-04 0.05
 
RESULTS OF THE OCCUPATION OPTIMIZATION
========================================
   1    1.9999649  -89.66528581
   2    1.9999603  -70.14127501
   3    1.9999524  -59.54414757
   4    1.9998341  -26.36213521
   5    1.9998287  -26.34008833
   6    1.9996491  -15.55182028
   7    1.9991026  -8.22954487
   8    1.9991119  -8.15905539
   9    1.9992304  -7.54274486
  10    1.9991252  -7.42314877
  11    1.9986265  -6.50724662
  12    1.9986496  -6.38434564
  13    1.9983473  -6.23026524
  14    1.9982933  -6.18498878
  15    1.9982778  -6.15245962
  16    1.9968873  -3.88706738
  17    1.9975825  -3.85873092
  18    1.9969718  -3.83555699
  19    1.9972145  -3.82819989
  20    1.9966434  -3.12001477
  21    1.9965878  -3.11178346
  22    1.9938358  -2.38323576
  23    1.9935293  -2.08897235
  24    1.9897132  -1.48319885
  25    1.9885890  -1.35750373
  26    1.9896566  -0.98503223
  27    1.9885395  -0.92343011
  28    1.9779480  -0.76152825
  29    1.9660200  -0.74962799
  30    1.9795153  -0.74116787
  31    1.9762889  -0.69694776
  32    1.9753795  -0.69300275
  33    1.9692808  -0.68424929
  34    1.9762966  -0.65126421
  35    1.9793418  -0.64714974
  36    1.9696070  -0.63029366
  37    1.9710344  -0.61231573
  38    1.9750827  -0.58357337
  39    1.9690477  -0.57607569
  40    1.9694518  -0.55929184
  41    1.9682058  -0.53188865
  42    1.9652831  -0.46832495
  43    1.9631737  -0.45170133
  44    1.9659754  -0.43684264
  45    1.9619743  -0.43581167
  46    1.9516600  -0.31653901
  47    0.0483400  -0.04268496
  48    0.0380257  -0.03284871
  49    0.0340246  -0.03623852
  50    0.0368263  -0.03970050
  51    0.0347169  -0.03800072
  52    0.0317942  -0.03371954
  53    0.0305482  -0.02601484
  54    0.0309523  -0.03286685
  55    0.0249173  -0.02736306
  56    0.0289656  -0.03071176
  57    0.0303930  -0.03041588
  58    0.0206582  -0.02378387
  59    0.0237034  -0.02192030
  60    0.0307192  -0.04250987
  61    0.0246205  -0.03086413
  62    0.0237111  -0.02971993
  63    0.0204847  -0.02666116
  64    0.0339800  -0.04474624
  65    0.0220520  -0.02913951
  66    0.0114605  -0.02311258
  67    0.0103434  -0.02199132
  68    0.0114110  -0.02539496
  69    0.0102868  -0.02482102
  70    0.0064707  -0.02216706
  71    0.0061642  -0.02249032
  72    0.0034122  -0.01770381
  73    0.0033566  -0.02484138
  74    0.0027855  -0.01817938
  75    0.0030282  -0.01983000
  76    0.0024175  -0.01594239
  77    0.0031127  -0.02688646
  78    0.0017222  -0.01572761
  79    0.0017067  -0.01566023
  80    0.0016527  -0.01528118
  81    0.0013504  -0.01413553
  82    0.0013735  -0.01446605
  83    0.0008748  -0.01033209
  84    0.0007696  -0.00937566
  85    0.0008881  -0.01365348
  86    0.0008974  -0.01354632
  87    0.0003509  -0.00879966
  88    0.0001713  -0.00708148
  89    0.0001659  -0.00691218
  90    0.0000476  -0.00527725
  91    0.0000397  -0.00518644
  92    0.0000351  -0.00565797
 
----------------
 Final Energies 
----------------
Final NOF Total Energy =   -1268.7675830
 
Total Orbital Internal Iterations = 1440
Total Occupation Internal Iterations = 171
 
Elapsed time: 3115.46 Seconds

---------------------------------
   Lowdin Population Analysis    
---------------------------------
 Idx  Atom   Population   Charge 
---------------------------------
  1    Si    13.763       0.237
  2     H     0.906       0.094
  3     N     6.305       0.695
  4     H     0.897       0.103
  5     F     8.617       0.383
  6     B     5.405      -0.405
  7     F     8.406       0.594
  8     B     5.711      -0.711
  9     B     5.872      -0.872
 10     H     1.086      -0.086
 11     H     1.114      -0.114
 12     H     1.008      -0.008
 13     H     0.931       0.069
 14    Al    13.259      -0.259
 15    Li     3.507      -0.507
 16     S    15.214       0.786

---------------------------------
   M Diagnostic: 0.05
---------------------------------

