Computing Integrals
Basis Set                                            = def2-qzvp
Auxiliary Basis Set                                  = def2-universal-jkfit
Gaussian Type                                        = Spherical
Elapsed time:    1.72 Seconds

Number of basis functions                   (NBF)    = 114
Number of auxiliary basis functions         (NBFAUX) = 154
Inactive Doubly occupied orbitals up to     (NO1)    = 0
No. considered Strongly Doubly occupied MOs (NDOC)   = 7
No. considered Strongly Singly occupied MOs (NSOC)   = 0
NO. of Weakly occ. per St. Doubly occ.  MOs (NCWO)   = 1
Dimension of the Nat. Orb. subspace         (NBF5)   = 14
No. of electrons                                     = 14
    No. of alpha electrons                           = 7
    No. of beta electrons                            = 7
Multiplicity                                         = 1

Geometry
========
 N       0.0000000       0.0000000      -0.5500458
 N       0.0000000       0.0000000       0.5500458

No violations of the orthonormality
No violations of the orthonormality
 
PNOF8/ADAM Calculation
==================
 
  Nitext  Nit_orb  Time   Nit_occ  Time         Eelec          Etot           Ediff      maxdiff    MaxGrad_orb  Grad_occ
     1      10    9.3e+00   16    1.2e+01  -124.37124048  -100.80081220 -10123.37124048   0.928582   3.7e+00   5.1e-05 0.03
     2      10    3.2e-01   10    2.3e-02  -128.41172324  -104.84129496    -4.04048276   0.426595   1.7e+00   2.3e-05 0.04
     3      10    8.2e-01    5    4.0e-02  -130.47146245  -106.90103417    -2.05973920   0.271430   1.1e+00   1.6e-04 0.05
     4      10    2.1e-01    5    1.1e-03  -131.43481297  -107.86438469    -0.96335053   0.180012   7.2e-01   1.3e-04 0.05
     5      10    5.0e-01    5    3.7e-02  -131.84638822  -108.27595994    -0.41157525   0.142996   5.7e-01   1.9e-04 0.06
     6      10    9.4e-01    6    2.4e-03  -132.05648512  -108.48605684    -0.21009690   0.098510   3.9e-01   1.3e-04 0.07
     7      10    6.0e-01    6    1.6e-02  -132.17869865  -108.60827037    -0.12221353   0.101776   4.1e-01   1.7e-04 0.06
     8      10    1.9e-01    7    1.4e-02  -132.28498205  -108.71455377    -0.10628340   0.128528   5.1e-01   9.3e-05 0.06
     9      10    3.1e-01    5    5.5e-02  -132.37901470  -108.80858642    -0.09403265   0.159578   6.4e-01   7.9e-05 0.05
    10      10    5.1e-01    5    1.7e-02  -132.46494912  -108.89452084    -0.08593442   0.173525   6.9e-01   1.8e-04 0.05
    11      10    4.4e-01    5    1.2e-03  -132.54698344  -108.97655516    -0.08203431   0.177740   7.1e-01   1.9e-04 0.05
    12      10    5.9e-01    5    2.6e-03  -132.62798769  -109.05755941    -0.08100425   0.171839   6.9e-01   1.7e-04 0.05
    13      10    3.4e-01    5    2.4e-02  -132.70328266  -109.13285438    -0.07529497   0.158382   6.3e-01   1.1e-04 0.05
    14      10    8.9e-01    5    1.0e-02  -132.76563822  -109.19520994    -0.06235557   0.133712   5.3e-01   7.2e-05 0.05
    15      10    2.7e-01    4    1.9e-03  -132.81321777  -109.24278949    -0.04757955   0.103520   4.1e-01   1.2e-04 0.05
    16      10    3.4e-01    3    6.2e-02  -132.84318514  -109.27275686    -0.02996737   0.104065   4.2e-01   1.8e-04 0.05
    17      10    1.9e-01    4    9.9e-03  -132.86059636  -109.29016808    -0.01741121   0.100621   4.0e-01   1.7e-04 0.05
    18      10    4.6e-01    3    1.1e-02  -132.86854650  -109.29811823    -0.00795015   0.101128   4.0e-01   1.9e-04 0.05
    19      10    7.1e-01    3    2.2e-02  -132.87147017  -109.30104189    -0.00292366   0.110303   4.4e-01   1.7e-04 0.05
    20      10    9.5e-01    2    6.0e-03  -132.87257867  -109.30215039    -0.00110850   0.102801   4.1e-01   1.8e-04 0.05
    21      10    2.7e-01    2    8.8e-03  -132.87288644  -109.30245816    -0.00030777   0.103918   4.2e-01   1.5e-04 0.05
    22      10    5.0e-01    2    6.3e-03  -132.87331877  -109.30289049    -0.00043233   0.092039   3.7e-01   9.2e-05 0.05
    23      10    2.5e-01    2    7.3e-03  -132.87356800  -109.30313972    -0.00024923   0.098041   3.9e-01   7.9e-05 0.05
    24      10    2.6e-01    1    4.8e-03  -132.87458774  -109.30415946    -0.00101974   0.116549   4.7e-01   1.2e-04 0.05
    25      10    3.8e-01    0    8.3e-03  -132.87459256  -109.30416428    -0.00000482   0.116549   4.7e-01   1.2e-04 0.05
    26      30    1.0e+00    1    1.7e-02  -132.87864816  -109.30821988    -0.00405560   0.000919   3.7e-03   1.1e-04 0.05
 
RESULTS OF THE OCCUPATION OPTIMIZATION
========================================
   1    1.9997551  -15.66905362
   2    1.9997546  -15.66698880
   3    1.9920279  -1.36360084
   4    1.9847647  -0.79657224
   5    1.9730670  -0.75095019
   6    1.9469992  -0.62594680
   7    1.9467811  -0.62552289
   8    0.0532189  -0.05765166
   9    0.0530008  -0.05752148
  10    0.0269330  -0.03828861
  11    0.0152353  -0.02225064
  12    0.0079721  -0.01693765
  13    0.0002454  -0.00626431
  14    0.0002449  -0.00631770
 
----------------
 Final Energies 
----------------
Final NOF Total Energy =    -109.3082199
 
Total Orbital Internal Iterations = 280
Total Occupation Internal Iterations = 117
 
Elapsed time:   41.87 Seconds

---------------------------------
   Lowdin Population Analysis    
---------------------------------
 Idx  Atom   Population   Charge 
---------------------------------
  1     N     7.000      -0.000
  2     N     7.000       0.000

---------------------------------
   M Diagnostic: 0.05
---------------------------------

