Computing Integrals
Basis Set                                            = def2-qzvp
Auxiliary Basis Set                                  = def2-universal-jkfit
Gaussian Type                                        = Spherical
Elapsed time:    2.94 Seconds

Number of basis functions                   (NBF)    = 197
Number of auxiliary basis functions         (NBFAUX) = 333
Inactive Doubly occupied orbitals up to     (NO1)    = 0
No. considered Strongly Doubly occupied MOs (NDOC)   = 20
No. considered Strongly Singly occupied MOs (NSOC)   = 0
NO. of Weakly occ. per St. Doubly occ.  MOs (NCWO)   = 1
Dimension of the Nat. Orb. subspace         (NBF5)   = 40
No. of electrons                                     = 40
    No. of alpha electrons                           = 20
    No. of beta electrons                            = 20
Multiplicity                                         = 1

Geometry
========
 S      -0.7267710      -1.0750320       0.0000000
 S       0.0000000       0.6712440       0.0000000
 O       1.4535410       0.8075760       0.0000000

No violations of the orthonormality
No violations of the orthonormality
 
PNOF8/ADAM Calculation
==================
 
  Nitext  Nit_orb  Time   Nit_occ  Time         Eelec          Etot           Ediff      maxdiff    MaxGrad_orb  Grad_occ
     1      10    1.0e+01   10    1.2e+01  -963.35352268  -821.82270949 -10962.35352268   1.661610   6.6e+00   1.2e-04 0.01
     2      10    1.1e+00    8    6.1e-02  -996.77391646  -855.24310327   -33.42039378   0.790939   3.2e+00   2.0e-04 0.01
     3      10    1.3e+00    8    4.0e-02 -1006.88170866  -865.35089547   -10.10779220   0.339335   1.4e+00   1.2e-04 0.02
     4      10    1.3e+00    6    1.3e-02 -1009.89870875  -868.36789555    -3.01700009   0.766926   3.1e+00   2.4e-04 0.03
     5      10    1.2e+00    7    1.6e-02 -1011.12629652  -869.59548333    -1.22758778   1.448921   5.8e+00   1.3e-04 0.04
     6      10    1.0e+00    6    3.0e-02 -1011.71192146  -870.18110827    -0.58562494   1.101190   4.4e+00   2.3e-04 0.04
     7      10    1.5e+00    7    1.3e-02 -1011.93973854  -870.40892535    -0.22781708   0.827925   3.3e+00   1.6e-04 0.04
     8      10    1.2e+00    5    3.2e-02 -1012.02974655  -870.49893336    -0.09000801   0.534157   2.1e+00   2.4e-04 0.05
     9      10    1.1e+00    6    3.6e-02 -1012.12605013  -870.59523694    -0.09630358   0.334496   1.3e+00   2.6e-04 0.05
    10      10    1.4e+00    7    1.3e-02 -1012.15074748  -870.61993429    -0.02469735   0.243748   9.7e-01   1.1e-04 0.05
    11      10    1.2e+00    0    3.4e-02 -1012.15142045  -870.62060726    -0.00067298   0.243748   9.7e-01   1.1e-04 0.05
    12      30    3.8e+00    6    1.6e-02 -1012.28653379  -870.75572060    -0.13511334   0.023892   9.6e-02   3.1e-04 0.05
    13      30    3.8e+00    4    3.4e-02 -1012.31081388  -870.78000069    -0.02428009   0.013689   5.5e-02   1.9e-04 0.05
    14      30    3.6e+00    4    1.2e-02 -1012.31960158  -870.78878839    -0.00878770   0.012080   4.8e-02   1.9e-04 0.05
    15      30    3.8e+00    4    5.4e-02 -1012.32376041  -870.79294722    -0.00415883   0.012276   4.9e-02   1.6e-04 0.05
    16      30    3.5e+00    4    1.9e-02 -1012.32547441  -870.79466122    -0.00171400   0.012195   4.9e-02   1.6e-04 0.05
    17      30    3.5e+00    4    1.7e-02 -1012.32622237  -870.79540918    -0.00074796   0.012511   5.0e-02   1.7e-04 0.05
    18      30    3.7e+00    2    2.4e-02 -1012.32677183  -870.79595864    -0.00054946   0.012510   5.0e-02   2.6e-04 0.05
    19      30    3.6e+00    4    4.8e-02 -1012.32697417  -870.79616098    -0.00020234   0.011454   4.6e-02   1.7e-04 0.05
    20      30    3.6e+00    2    4.9e-02 -1012.32715674  -870.79634354    -0.00018256   0.011073   4.4e-02   1.8e-04 0.05
    21      30    3.9e+00    2    4.7e-02 -1012.32729126  -870.79647807    -0.00013452   0.012544   5.0e-02   2.1e-04 0.05
    22      30    4.0e+00    0    8.6e-03 -1012.32729678  -870.79648359    -0.00000552   0.012544   5.0e-02   2.1e-04 0.05
    23      50    6.8e+00    2    9.5e-03 -1012.32838307  -870.79756988    -0.00108629   0.003522   1.4e-02   1.9e-04 0.05
    24      50    5.4e+00    2    3.3e-02 -1012.32842224  -870.79760905    -0.00003917   0.002864   1.1e-02   1.8e-04 0.05
    25      50    6.1e+00    1    6.5e-02 -1012.32847675  -870.79766356    -0.00005451   0.002175   8.7e-03   2.2e-04 0.05
    26      50    5.6e+00    2    1.7e-02 -1012.32851415  -870.79770096    -0.00003740   0.002418   9.7e-03   1.6e-04 0.05
    27      50    5.8e+00    2    4.0e-02 -1012.32855177  -870.79773858    -0.00003762   0.002236   8.9e-03   1.4e-04 0.05
    28      50    6.2e+00    0    4.0e-02 -1012.32857610  -870.79776291    -0.00002433   0.002195   8.8e-03   2.5e-04 0.05
    29      60    7.2e+00    2    1.2e-02 -1012.32861623  -870.79780304    -0.00004012   0.001690   6.8e-03   1.8e-04 0.05
    30      60    7.6e+00    2    3.4e-02 -1012.32863914  -870.79782595    -0.00002291   0.001975   7.9e-03   1.5e-04 0.05
    31      60    7.6e+00    2    1.3e-02 -1012.32866512  -870.79785192    -0.00002598   0.002148   8.6e-03   1.5e-04 0.05
    32      60    7.5e+00    1    3.7e-02 -1012.32869192  -870.79787873    -0.00002681   0.002101   8.4e-03   2.0e-04 0.05
    33      60    7.2e+00    2    1.2e-02 -1012.32871653  -870.79790334    -0.00002461   0.002339   9.4e-03   1.5e-04 0.05
    34      60    7.2e+00    1    5.3e-02 -1012.32874177  -870.79792857    -0.00002524   0.002273   9.1e-03   1.8e-04 0.05
    35      60    7.5e+00    2    1.1e-02 -1012.32876650  -870.79795331    -0.00002473   0.002265   9.1e-03   1.5e-04 0.05
    36      60    7.1e+00    0    5.9e-02 -1012.32878554  -870.79797235    -0.00001905   0.002334   9.3e-03   2.3e-04 0.05
    37      70    8.9e+00    2    4.6e-02 -1012.32881523  -870.79800203    -0.00002968   0.001921   7.7e-03   1.8e-04 0.05
    38      70    8.4e+00    0    9.0e-03 -1012.32883310  -870.79801991    -0.00001788   0.001928   7.7e-03   2.4e-04 0.05
    39      80    9.8e+00    2    3.1e-02 -1012.32885399  -870.79804080    -0.00002089   0.001695   6.8e-03   1.8e-04 0.05
    40      80    9.8e+00    0    4.9e-02 -1012.32886946  -870.79805627    -0.00001547   0.001752   7.0e-03   2.3e-04 0.05
 
RESULTS OF THE OCCUPATION OPTIMIZATION
========================================
   1    1.9999667  -92.14009080
   2    1.9999587  -92.06612984
   3    1.9997631  -20.63147456
   4    1.9990143  -9.09386782
   5    1.9991326  -9.00505630
   6    1.9985905  -6.78360149
   7    1.9984331  -6.77455328
   8    1.9985422  -6.77260113
   9    1.9984543  -6.71209589
  10    1.9986085  -6.69376585
  11    1.9987425  -6.69294009
  12    1.9923413  -1.29917417
  13    1.9905319  -1.01828498
  14    1.9874490  -1.00453145
  15    1.9783334  -0.62996728
  16    1.9758448  -0.59027957
  17    1.9750084  -0.58962531
  18    1.9598634  -0.53348405
  19    1.9585821  -0.48772430
  20    1.9472404  -0.45622425
  21    0.0527596  -0.06758068
  22    0.0414179  -0.05623502
  23    0.0401366  -0.05398432
  24    0.0249916  -0.02881885
  25    0.0241552  -0.02782304
  26    0.0216666  -0.02672441
  27    0.0125510  -0.02582104
  28    0.0094681  -0.02651498
  29    0.0076587  -0.02699213
  30    0.0012575  -0.01827945
  31    0.0013915  -0.01944826
  32    0.0015457  -0.01852988
  33    0.0014578  -0.02014030
  34    0.0015669  -0.01948515
  35    0.0014095  -0.01923280
  36    0.0008674  -0.01577291
  37    0.0009857  -0.01659246
  38    0.0002369  -0.00802526
  39    0.0000413  -0.00643941
  40    0.0000333  -0.00543999
 
----------------
 Final Energies 
----------------
Final NOF Total Energy =    -870.7980563
 
Total Orbital Internal Iterations = 1520
Total Occupation Internal Iterations = 131
 
Elapsed time:  222.79 Seconds

---------------------------------
   Lowdin Population Analysis    
---------------------------------
 Idx  Atom   Population   Charge 
---------------------------------
  1     S    15.946       0.054
  2     S    15.990       0.010
  3     O     8.064      -0.064

---------------------------------
   M Diagnostic: 0.05
---------------------------------

