Computing Integrals
Basis Set                                            = def2-qzvp
Auxiliary Basis Set                                  = def2-universal-jkfit
Gaussian Type                                        = Spherical
Elapsed time:    1.80 Seconds

Number of basis functions                   (NBF)    = 70
Number of auxiliary basis functions         (NBFAUX) = 128
Inactive Doubly occupied orbitals up to     (NO1)    = 0
No. considered Strongly Doubly occupied MOs (NDOC)   = 9
No. considered Strongly Singly occupied MOs (NSOC)   = 0
NO. of Weakly occ. per St. Doubly occ.  MOs (NCWO)   = 6
Dimension of the Nat. Orb. subspace         (NBF5)   = 63
No. of electrons                                     = 18
    No. of alpha electrons                           = 9
    No. of beta electrons                            = 9
Multiplicity                                         = 1

Geometry
========
Cl      -5.2176585       1.0335412       0.0166542

No violations of the orthonormality
No violations of the orthonormality
 
PNOF8/ADABelief Calculation
==================
 
  Nitext  Nit_orb  Time   Nit_occ  Time         Eelec          Etot           Ediff      maxdiff    MaxGrad_orb  Grad_occ
     1      10    8.9e+00    0    1.1e+01  -460.11178619  -460.11178619 -10459.11178619   0.000498   2.0e-03   2.3e-04 0.02
 
RESULTS OF THE OCCUPATION OPTIMIZATION
========================================
   1    1.9999981  -104.55093315
   2    1.9995128  -10.24760352
   3    1.9993653  -7.71434194
   4    1.9992845  -7.71431529
   5    1.9991839  -7.71209705
   6    1.9829700  -0.74693216
   7    1.9789463  -0.17000888
   8    1.9698324  -0.16833368
   9    1.9761014  -0.16801028
  10    0.0092983  -0.01637303
  11    0.0097186  -0.01554399
  12    0.0080730  -0.02054080
  13    0.0073051  -0.02894394
  14    0.0006043  -0.01335841
  15    0.0004960  -0.01091213
  16    0.0004884  -0.01079811
  17    0.0003906  -0.01006040
  18    0.0000009  -0.00004321
  19    0.0092442  -0.01599434
  20    0.0094657  -0.01505684
  21    0.0075163  -0.01978212
  22    0.0063463  -0.02059505
  23    0.0000957  -0.00118395
  24    0.0000926  -0.00102299
  25    0.0000954  -0.00127491
  26    0.0000638  -0.00166903
  27    0.0000005  -0.00002271
  28    0.0022528  -0.00888598
  29    0.0094193  -0.01506085
  30    0.0021322  -0.00914781
  31    0.0019895  -0.01000264
  32    0.0000770  -0.00089772
  33    0.0000826  -0.00265486
  34    0.0000161  -0.00019266
  35    0.0000125  -0.00012858
  36    0.0000002  -0.00001517
  37    0.0021554  -0.00897018
  38    0.0006284  -0.00138710
  39    0.0020316  -0.00919873
  40    0.0005409  -0.00153894
  41    0.0000132  -0.00013138
  42    0.0000175  -0.00014806
  43    0.0000140  -0.00096837
  44    0.0000099  -0.00010270
  45    0.0000001  -0.00001094
  46    0.0006541  -0.00149852
  47    0.0006222  -0.00138378
  48    0.0006525  -0.00157361
  49    0.0005343  -0.00152908
  50    0.0000130  -0.00013039
  51    0.0000148  -0.00016666
  52    0.0000106  -0.00011957
  53    0.0000071  -0.00008028
  54    0.0000001  -0.00001023
  55    0.0002939  -0.00123929
  56    0.0003134  -0.00122055
  57    0.0006482  -0.00156648
  58    0.0003138  -0.00160129
  59    0.0000130  -0.00013019
  60    0.0000120  -0.00012528
  61    0.0000101  -0.00010457
  62    0.0000032  -0.00061338
  63    0.0000001  -0.00000890
 
----------------
 Final Energies 
----------------
Final NOF Total Energy =    -460.1117862
 
Total Orbital Internal Iterations = 10
Total Occupation Internal Iterations = 0
 
Elapsed time:   26.42 Seconds

---------------------------------
   Lowdin Population Analysis    
---------------------------------
 Idx  Atom   Population   Charge 
---------------------------------
  1    Cl    18.000      -1.000

---------------------------------
   M Diagnostic: 0.02
---------------------------------

