Computing Integrals
Basis Set                                            = def2-qzvp
Auxiliary Basis Set                                  = def2-universal-jkfit
Gaussian Type                                        = Spherical
Elapsed time:    1.81 Seconds

Number of basis functions                   (NBF)    = 87
Number of auxiliary basis functions         (NBFAUX) = 95
Inactive Doubly occupied orbitals up to     (NO1)    = 0
No. considered Strongly Doubly occupied MOs (NDOC)   = 5
No. considered Strongly Singly occupied MOs (NSOC)   = 0
NO. of Weakly occ. per St. Doubly occ.  MOs (NCWO)   = 16
Dimension of the Nat. Orb. subspace         (NBF5)   = 85
No. of electrons                                     = 10
    No. of alpha electrons                           = 5
    No. of beta electrons                            = 5
Multiplicity                                         = 1

Geometry
========
 F      -2.7901934       0.0821206       0.3920122
 H      -3.6339477       0.5853423       0.3904000

No violations of the orthonormality
No violations of the orthonormality
 
PNOF8/ADABelief Calculation
==================
 
  Nitext  Nit_orb  Time   Nit_occ  Time         Eelec          Etot           Ediff      maxdiff    MaxGrad_orb  Grad_occ
     1      10    9.0e+00    0    1.2e+01  -105.22595232  -100.37815990 -10104.22595232   0.000884   3.5e-03   1.4e-04 0.03
 
RESULTS OF THE OCCUPATION OPTIMIZATION
========================================
   1    1.9999896  -26.34286981
   2    1.9877623  -1.56649964
   3    1.9725750  -0.84366236
   4    1.9814753  -0.69254353
   5    1.9791633  -0.69198225
   6    0.0107857  -0.02106359
   7    0.0113835  -0.02163656
   8    0.0230372  -0.03913605
   9    0.0065897  -0.02263186
  10    0.0000094  -0.00041583
  11    0.0041107  -0.01017088
  12    0.0042985  -0.00993980
  13    0.0034763  -0.00862744
  14    0.0030491  -0.00990278
  15    0.0000005  -0.00005314
  16    0.0040797  -0.00966127
  17    0.0008457  -0.00306067
  18    0.0002781  -0.00108678
  19    0.0011731  -0.00550909
  20    0.0000001  -0.00000262
  21    0.0008295  -0.00301756
  22    0.0006258  -0.00446265
  23    0.0002644  -0.00105622
  24    0.0004773  -0.00236222
  25    0.0000000  -0.00000112
  26    0.0003871  -0.00140065
  27    0.0004529  -0.00149841
  28    0.0002600  -0.00098903
  29    0.0002409  -0.00111896
  30    0.0000000  -0.00000120
  31    0.0002606  -0.00099352
  32    0.0003205  -0.00120707
  33    0.0000396  -0.00012433
  34    0.0002394  -0.00109522
  35    0.0000000  -0.00000118
  36    0.0001568  -0.00077412
  37    0.0003113  -0.00117507
  38    0.0000157  -0.00014181
  39    0.0002154  -0.00096992
  40    0.0000000  -0.00000101
  41    0.0000811  -0.00030707
  42    0.0000997  -0.00043962
  43    0.0000134  -0.00011058
  44    0.0000851  -0.00129826
  45    0.0000000  -0.00000090
  46    0.0000328  -0.00016356
  47    0.0000605  -0.00029061
  48    0.0000101  -0.00004597
  49    0.0000504  -0.00020581
  50    0.0000000  -0.00000079
  51    0.0000253  -0.00012709
  52    0.0000275  -0.00014889
  53    0.0000076  -0.00004204
  54    0.0000302  -0.00018418
  55    0.0000000  -0.00000080
  56    0.0000177  -0.00011973
  57    0.0000225  -0.00013604
  58    0.0000075  -0.00004185
  59    0.0000192  -0.00016794
  60    0.0000000  -0.00000079
  61    0.0000168  -0.00011416
  62    0.0000185  -0.00012308
  63    0.0000054  -0.00000900
  64    0.0000160  -0.00012447
  65    0.0000000  -0.00000071
  66    0.0000161  -0.00011416
  67    0.0000182  -0.00011881
  68    0.0000039  -0.00001563
  69    0.0000155  -0.00012351
  70    0.0000000  -0.00000043
  71    0.0000149  -0.00009607
  72    0.0000173  -0.00012337
  73    0.0000028  -0.00001397
  74    0.0000151  -0.00012148
  75    0.0000000  -0.00000038
  76    0.0000138  -0.00006059
  77    0.0000135  -0.00011208
  78    0.0000017  -0.00001057
  79    0.0000112  -0.00008464
  80    0.0000000  -0.00000040
  81    0.0000082  -0.00003970
  82    0.0000088  -0.00005377
  83    0.0000013  -0.00000475
  84    0.0000100  -0.00006462
  85    0.0000000  -0.00000033
 
----------------
 Final Energies 
----------------
Final NOF Total Energy =    -100.3781599
 
Total Orbital Internal Iterations = 10
Total Occupation Internal Iterations = 0
 
Elapsed time:   26.88 Seconds

---------------------------------
   Lowdin Population Analysis    
---------------------------------
 Idx  Atom   Population   Charge 
---------------------------------
  1     F     8.646       0.354
  2     H     1.354      -0.354

---------------------------------
   M Diagnostic: 0.03
---------------------------------

