Computing Integrals
Basis Set                                            = def2-qzvp
Auxiliary Basis Set                                  = def2-universal-jkfit
Gaussian Type                                        = Spherical
Elapsed time:    1.63 Seconds

Number of basis functions                   (NBF)    = 70
Number of auxiliary basis functions         (NBFAUX) = 128
Inactive Doubly occupied orbitals up to     (NO1)    = 0
No. considered Strongly Doubly occupied MOs (NDOC)   = 9
No. considered Strongly Singly occupied MOs (NSOC)   = 0
NO. of Weakly occ. per St. Doubly occ.  MOs (NCWO)   = 6
Dimension of the Nat. Orb. subspace         (NBF5)   = 63
No. of electrons                                     = 18
    No. of alpha electrons                           = 9
    No. of beta electrons                            = 9
Multiplicity                                         = 1

Geometry
========
Cl      -0.0526998       1.4342122      -1.1479971

No violations of the orthonormality
No violations of the orthonormality
 
PNOF8/ADABelief Calculation
==================
 
  Nitext  Nit_orb  Time   Nit_occ  Time         Eelec          Etot           Ediff      maxdiff    MaxGrad_orb  Grad_occ
     1      10    9.0e+00    0    1.1e+01  -460.11456032  -460.11456032 -10459.11456032   0.000497   2.0e-03   1.6e-04 0.02
 
RESULTS OF THE OCCUPATION OPTIMIZATION
========================================
   1    1.9999975  -104.55167185
   2    1.9994950  -10.24847894
   3    1.9993422  -7.71532977
   4    1.9991751  -7.71454661
   5    1.9992671  -7.71367006
   6    1.9851208  -0.74891352
   7    1.9793706  -0.17058004
   8    1.9693383  -0.16891619
   9    1.9713382  -0.16891370
  10    0.0092766  -0.01538902
  11    0.0099456  -0.01538054
  12    0.0080420  -0.02056248
  13    0.0077393  -0.03013762
  14    0.0005256  -0.01126122
  15    0.0006041  -0.01343072
  16    0.0004996  -0.01093487
  17    0.0004116  -0.01043343
  18    0.0000012  -0.00014608
  19    0.0090462  -0.01499739
  20    0.0096295  -0.01504776
  21    0.0073315  -0.01988693
  22    0.0021353  -0.01029495
  23    0.0000918  -0.00092016
  24    0.0000955  -0.00128224
  25    0.0001061  -0.00146063
  26    0.0000654  -0.00169510
  27    0.0000007  -0.00002714
  28    0.0084373  -0.01907157
  29    0.0095491  -0.01491212
  30    0.0022174  -0.00933697
  31    0.0020714  -0.01019912
  32    0.0000789  -0.00264103
  33    0.0000836  -0.00099890
  34    0.0000161  -0.00014335
  35    0.0000102  -0.00011759
  36    0.0000003  -0.00001663
  37    0.0006360  -0.00144512
  38    0.0006305  -0.00137489
  39    0.0021243  -0.00938491
  40    0.0020565  -0.01022097
  41    0.0000139  -0.00014830
  42    0.0000148  -0.00013749
  43    0.0000140  -0.00096926
  44    0.0000085  -0.00008862
  45    0.0000001  -0.00001123
  46    0.0006350  -0.00144335
  47    0.0006274  -0.00137219
  48    0.0006419  -0.00157104
  49    0.0005662  -0.00156277
  50    0.0000138  -0.00013446
  51    0.0000140  -0.00013437
  52    0.0000113  -0.00012264
  53    0.0000056  -0.00007192
  54    0.0000001  -0.00000962
  55    0.0006307  -0.00140584
  56    0.0002797  -0.00101539
  57    0.0002724  -0.00117971
  58    0.0003105  -0.00149351
  59    0.0000089  -0.00010164
  60    0.0000128  -0.00012897
  61    0.0000108  -0.00011966
  62    0.0000039  -0.00055837
  63    0.0000001  -0.00000915
 
----------------
 Final Energies 
----------------
Final NOF Total Energy =    -460.1145603
 
Total Orbital Internal Iterations = 10
Total Occupation Internal Iterations = 0
 
Elapsed time:   26.51 Seconds

---------------------------------
   Lowdin Population Analysis    
---------------------------------
 Idx  Atom   Population   Charge 
---------------------------------
  1    Cl    18.000      -1.000

---------------------------------
   M Diagnostic: 0.02
---------------------------------

