Computing Integrals
Basis Set                                            = def2-qzvp
Auxiliary Basis Set                                  = def2-universal-jkfit
Gaussian Type                                        = Spherical
Elapsed time:    1.76 Seconds

Number of basis functions                   (NBF)    = 117
Number of auxiliary basis functions         (NBFAUX) = 113
Inactive Doubly occupied orbitals up to     (NO1)    = 0
No. considered Strongly Doubly occupied MOs (NDOC)   = 4
No. considered Strongly Singly occupied MOs (NSOC)   = 1
NO. of Weakly occ. per St. Doubly occ.  MOs (NCWO)   = 28
Dimension of the Nat. Orb. subspace         (NBF5)   = 117
No. of electrons                                     = 9
    No. of alpha electrons                           = 5
    No. of beta electrons                            = 4
Multiplicity                                         = 2

Geometry
========
 N       0.0000000       0.0000000       0.4242463
 H      -0.8023121       0.0000000      -0.2121232
 H       0.8023121       0.0000000      -0.2121232

No violations of the orthonormality
No violations of the orthonormality
 
PNOF8/ADABelief Calculation
==================
 
  Nitext  Nit_orb  Time   Nit_occ  Time         Eelec          Etot           Ediff      maxdiff    MaxGrad_orb  Grad_occ
     1      10    9.6e+00    0    1.2e+01   -63.38809627   -55.82381163 -10062.38809627   0.000719   2.9e-03   1.1e-04 0.03
 
RESULTS OF THE OCCUPATION OPTIMIZATION
========================================
   1    1.9999568  -15.59921393
   2    1.9804935  -0.91948602
   3    1.9699497  -0.69627752
   4    1.9697687  -0.69348540
   5    1.0000000  -0.27245148
   6    0.0201702  -0.02697179
   7    0.0203787  -0.02718601
   8    0.0074905  -0.01588973
   9    0.0000365  -0.00110336
  10    0.0040666  -0.00685585
  11    0.0041628  -0.00700753
  12    0.0039815  -0.00787012
  13    0.0000028  -0.00006493
  14    0.0037300  -0.00638392
  15    0.0037310  -0.00637891
  16    0.0028927  -0.00594660
  17    0.0000014  -0.00000961
  18    0.0005944  -0.00171924
  19    0.0005633  -0.00162565
  20    0.0011342  -0.00443801
  21    0.0000011  -0.00000527
  22    0.0003445  -0.00088362
  23    0.0004140  -0.00113049
  24    0.0011306  -0.00402459
  25    0.0000010  -0.00005190
  26    0.0002770  -0.00070400
  27    0.0001890  -0.00052555
  28    0.0007895  -0.00218062
  29    0.0000000  -0.00000277
  30    0.0002533  -0.00069192
  31    0.0001462  -0.00049426
  32    0.0005614  -0.00158065
  33    0.0000000  -0.00000051
  34    0.0001885  -0.00052039
  35    0.0001004  -0.00034047
  36    0.0004786  -0.00125118
  37    0.0000000  -0.00000048
  38    0.0001816  -0.00052870
  39    0.0000726  -0.00024028
  40    0.0004268  -0.00171846
  41    0.0000000  -0.00000047
  42    0.0001354  -0.00046358
  43    0.0000625  -0.00021512
  44    0.0002237  -0.00071388
  45    0.0000000  -0.00000052
  46    0.0000588  -0.00021301
  47    0.0000481  -0.00016520
  48    0.0000953  -0.00033463
  49    0.0000000  -0.00000044
  50    0.0000420  -0.00014407
  51    0.0000427  -0.00014250
  52    0.0000725  -0.00027508
  53    0.0000000  -0.00000050
  54    0.0000322  -0.00011964
  55    0.0000333  -0.00012681
  56    0.0000461  -0.00015322
  57    0.0000000  -0.00000043
  58    0.0000271  -0.00012365
  59    0.0000162  -0.00007207
  60    0.0000388  -0.00015376
  61    0.0000000  -0.00000040
  62    0.0000184  -0.00006968
  63    0.0000143  -0.00006724
  64    0.0000308  -0.00012552
  65    0.0000000  -0.00000042
  66    0.0000176  -0.00006079
  67    0.0000126  -0.00006437
  68    0.0000217  -0.00009213
  69    0.0000000  -0.00000034
  70    0.0000155  -0.00006048
  71    0.0000115  -0.00005559
  72    0.0000195  -0.00008222
  73    0.0000000  -0.00000035
  74    0.0000130  -0.00005296
  75    0.0000094  -0.00004361
  76    0.0000160  -0.00007627
  77    0.0000000  -0.00000039
  78    0.0000123  -0.00005214
  79    0.0000084  -0.00003680
  80    0.0000141  -0.00007103
  81    0.0000000  -0.00000032
  82    0.0000114  -0.00004429
  83    0.0000076  -0.00003472
  84    0.0000117  -0.00005362
  85    0.0000000  -0.00000028
  86    0.0000101  -0.00004230
  87    0.0000070  -0.00003026
  88    0.0000073  -0.00004342
  89    0.0000000  -0.00000029
  90    0.0000075  -0.00003607
  91    0.0000046  -0.00001484
  92    0.0000060  -0.00003536
  93    0.0000000  -0.00000019
  94    0.0000059  -0.00002836
  95    0.0000033  -0.00001287
  96    0.0000052  -0.00002832
  97    0.0000000  -0.00000021
  98    0.0000050  -0.00001785
  99    0.0000031  -0.00000886
 100    0.0000030  -0.00001407
 101    0.0000000  -0.00000019
 102    0.0000041  -0.00001565
 103    0.0000028  -0.00000628
 104    0.0000025  -0.00001313
 105    0.0000000  -0.00000013
 106    0.0000037  -0.00000880
 107    0.0000020  -0.00000324
 108    0.0000023  -0.00000719
 109    0.0000000  -0.00000015
 110    0.0000025  -0.00000624
 111    0.0000019  -0.00000346
 112    0.0000021  -0.00000685
 113    0.0000000  -0.00000013
 114    0.0000024  -0.00000564
 115    0.0000012  -0.00000261
 116    0.0000019  -0.00000460
 117    0.0000000  -0.00000015
 
----------------
 Final Energies 
----------------
Final NOF Total Energy =     -55.8238116
 
Total Orbital Internal Iterations = 10
Total Occupation Internal Iterations = 0
 
Elapsed time:   27.66 Seconds

---------------------------------
   Lowdin Population Analysis    
---------------------------------
 Idx  Atom   Population   Charge 
---------------------------------
  1     N     6.509       0.491
  2     H     1.245      -0.245
  3     H     1.245      -0.245

---------------------------------
   M Diagnostic: 0.03
---------------------------------

