Computing Integrals
Basis Set                                            = def2-qzvp
Auxiliary Basis Set                                  = def2-universal-jkfit
Gaussian Type                                        = Spherical
Elapsed time:    1.90 Seconds

Number of basis functions                   (NBF)    = 174
Number of auxiliary basis functions         (NBFAUX) = 190
Inactive Doubly occupied orbitals up to     (NO1)    = 0
No. considered Strongly Doubly occupied MOs (NDOC)   = 9
No. considered Strongly Singly occupied MOs (NSOC)   = 0
NO. of Weakly occ. per St. Doubly occ.  MOs (NCWO)   = 18
Dimension of the Nat. Orb. subspace         (NBF5)   = 171
No. of electrons                                     = 18
    No. of alpha electrons                           = 9
    No. of beta electrons                            = 9
Multiplicity                                         = 1

Geometry
========
 O      -0.0044695      -0.7207736       0.0000000
 O       0.0044695       0.7207736       0.0000000
 H      -0.9535873      -0.8702773       0.0000000
 H       0.9535873       0.8702773       0.0000000

No violations of the orthonormality
No violations of the orthonormality
 
PNOF8/ADABelief Calculation
==================
 
  Nitext  Nit_orb  Time   Nit_occ  Time         Eelec          Etot           Ediff      maxdiff    MaxGrad_orb  Grad_occ
     1      10    1.0e+01    0    1.2e+01  -188.49957817  -151.43048275 -10187.49957817   0.000977   3.9e-03   1.8e-04 0.04
 
RESULTS OF THE OCCUPATION OPTIMIZATION
========================================
   1    1.9999869  -20.65274213
   2    1.9999867  -20.65203487
   3    1.9872100  -1.29516879
   4    1.9868842  -1.28949461
   5    1.9738515  -0.77998102
   6    1.9730440  -0.77213344
   7    1.9625342  -0.69979582
   8    1.9778554  -0.58219211
   9    1.9771791  -0.57960132
  10    0.0096844  -0.01762858
  11    0.0102411  -0.01838026
  12    0.0373848  -0.06531824
  13    0.0188398  -0.03072357
  14    0.0196226  -0.03144295
  15    0.0067910  -0.01945960
  16    0.0069126  -0.01963642
  17    0.0000104  -0.00038364
  18    0.0000106  -0.00040065
  19    0.0045182  -0.00945734
  20    0.0047137  -0.00977401
  21    0.0000366  -0.00013453
  22    0.0037928  -0.00846408
  23    0.0036115  -0.00777533
  24    0.0028210  -0.00867239
  25    0.0019979  -0.00581367
  26    0.0000014  -0.00002502
  27    0.0000010  -0.00001535
  28    0.0043829  -0.00919479
  29    0.0041254  -0.00843607
  30    0.0000195  -0.00009976
  31    0.0035732  -0.00777339
  32    0.0019064  -0.00493692
  33    0.0011078  -0.00461022
  34    0.0010534  -0.00478337
  35    0.0000007  -0.00000888
  36    0.0000008  -0.00001152
  37    0.0020395  -0.00530021
  38    0.0006997  -0.00232489
  39    0.0000057  -0.00003263
  40    0.0002340  -0.00078477
  41    0.0004221  -0.00126560
  42    0.0006782  -0.00248885
  43    0.0006958  -0.00253886
  44    0.0000005  -0.00004242
  45    0.0000005  -0.00004073
  46    0.0005683  -0.00223217
  47    0.0005617  -0.00216363
  48    0.0000044  -0.00003233
  49    0.0002068  -0.00075070
  50    0.0001901  -0.00071522
  51    0.0005656  -0.00364791
  52    0.0006470  -0.00352989
  53    0.0000001  -0.00000421
  54    0.0000000  -0.00000119
  55    0.0004838  -0.00145485
  56    0.0005149  -0.00149671
  57    0.0000024  -0.00002376
  58    0.0000772  -0.00033274
  59    0.0001204  -0.00050304
  60    0.0002603  -0.00095855
  61    0.0004170  -0.00237861
  62    0.0000000  -0.00000124
  63    0.0000000  -0.00000121
  64    0.0004057  -0.00123784
  65    0.0003285  -0.00106306
  66    0.0000019  -0.00001808
  67    0.0000661  -0.00029820
  68    0.0000735  -0.00036562
  69    0.0002451  -0.00098018
  70    0.0003195  -0.00113385
  71    0.0000000  -0.00000075
  72    0.0000000  -0.00000074
  73    0.0002280  -0.00073414
  74    0.0003041  -0.00095712
  75    0.0000017  -0.00001140
  76    0.0000394  -0.00016282
  77    0.0000598  -0.00025620
  78    0.0001973  -0.00076881
  79    0.0002928  -0.00114568
  80    0.0000000  -0.00000056
  81    0.0000000  -0.00000057
  82    0.0001987  -0.00067292
  83    0.0002596  -0.00085599
  84    0.0000014  -0.00000960
  85    0.0000295  -0.00014219
  86    0.0000330  -0.00014672
  87    0.0001512  -0.00097813
  88    0.0001499  -0.00110815
  89    0.0000000  -0.00000057
  90    0.0000000  -0.00000051
  91    0.0001348  -0.00050162
  92    0.0002107  -0.00070629
  93    0.0000013  -0.00000845
  94    0.0000225  -0.00011543
  95    0.0000233  -0.00011799
  96    0.0000840  -0.00070897
  97    0.0000835  -0.00050402
  98    0.0000000  -0.00000046
  99    0.0000000  -0.00000047
 100    0.0000425  -0.00021347
 101    0.0000400  -0.00016814
 102    0.0000012  -0.00000831
 103    0.0000209  -0.00012247
 104    0.0000207  -0.00010188
 105    0.0000699  -0.00040741
 106    0.0000774  -0.00072222
 107    0.0000000  -0.00000039
 108    0.0000000  -0.00000045
 109    0.0000344  -0.00016577
 110    0.0000353  -0.00017076
 111    0.0000009  -0.00000583
 112    0.0000128  -0.00007219
 113    0.0000186  -0.00010426
 114    0.0000531  -0.00048667
 115    0.0000339  -0.00017859
 116    0.0000000  -0.00000037
 117    0.0000000  -0.00000048
 118    0.0000222  -0.00011842
 119    0.0000291  -0.00014291
 120    0.0000008  -0.00000525
 121    0.0000093  -0.00004989
 122    0.0000118  -0.00007149
 123    0.0000205  -0.00014014
 124    0.0000233  -0.00015092
 125    0.0000000  -0.00000032
 126    0.0000000  -0.00000034
 127    0.0000183  -0.00011125
 128    0.0000203  -0.00011974
 129    0.0000008  -0.00000452
 130    0.0000081  -0.00004942
 131    0.0000090  -0.00004931
 132    0.0000175  -0.00011692
 133    0.0000204  -0.00012672
 134    0.0000000  -0.00000028
 135    0.0000000  -0.00000034
 136    0.0000168  -0.00008658
 137    0.0000177  -0.00010222
 138    0.0000007  -0.00000450
 139    0.0000073  -0.00004407
 140    0.0000078  -0.00004773
 141    0.0000165  -0.00010514
 142    0.0000193  -0.00012220
 143    0.0000000  -0.00000024
 144    0.0000000  -0.00000035
 145    0.0000160  -0.00009364
 146    0.0000166  -0.00009148
 147    0.0000006  -0.00000380
 148    0.0000068  -0.00003996
 149    0.0000072  -0.00004083
 150    0.0000146  -0.00009755
 151    0.0000181  -0.00011718
 152    0.0000000  -0.00000024
 153    0.0000000  -0.00000028
 154    0.0000137  -0.00007374
 155    0.0000135  -0.00007406
 156    0.0000006  -0.00000350
 157    0.0000055  -0.00003646
 158    0.0000060  -0.00004201
 159    0.0000118  -0.00008102
 160    0.0000155  -0.00010230
 161    0.0000000  -0.00000014
 162    0.0000000  -0.00000029
 163    0.0000128  -0.00006695
 164    0.0000126  -0.00006878
 165    0.0000006  -0.00000346
 166    0.0000041  -0.00003107
 167    0.0000048  -0.00003405
 168    0.0000104  -0.00007255
 169    0.0000126  -0.00009073
 170    0.0000000  -0.00000012
 171    0.0000000  -0.00000024
 
----------------
 Final Energies 
----------------
Final NOF Total Energy =    -151.4304828
 
Total Orbital Internal Iterations = 10
Total Occupation Internal Iterations = 0
 
Elapsed time:   28.85 Seconds

---------------------------------
   Lowdin Population Analysis    
---------------------------------
 Idx  Atom   Population   Charge 
---------------------------------
  1     O     7.621       0.379
  2     O     7.623       0.377
  3     H     1.378      -0.378
  4     H     1.377      -0.377

---------------------------------
   M Diagnostic: 0.04
---------------------------------

