Computing Integrals
Basis Set                                            = def2-qzvp
Auxiliary Basis Set                                  = def2-universal-jkfit
Gaussian Type                                        = Spherical
Elapsed time:    1.72 Seconds

Number of basis functions                   (NBF)    = 117
Number of auxiliary basis functions         (NBFAUX) = 113
Inactive Doubly occupied orbitals up to     (NO1)    = 0
No. considered Strongly Doubly occupied MOs (NDOC)   = 5
No. considered Strongly Singly occupied MOs (NSOC)   = 0
NO. of Weakly occ. per St. Doubly occ.  MOs (NCWO)   = 22
Dimension of the Nat. Orb. subspace         (NBF5)   = 115
No. of electrons                                     = 10
    No. of alpha electrons                           = 5
    No. of beta electrons                            = 5
Multiplicity                                         = 1

Geometry
========
 N       0.0000000       0.0000000       0.4420686
 H       0.7939534       0.0000000      -0.2210343
 H      -0.7939534       0.0000000      -0.2210343

No violations of the orthonormality
No violations of the orthonormality
 
PNOF8/ADAM Calculation
==================
 
  Nitext  Nit_orb  Time   Nit_occ  Time         Eelec          Etot           Ediff      maxdiff    MaxGrad_orb  Grad_occ
     1      10    9.6e+00   34    1.2e+01   -57.00099530   -49.50593297 -10056.00099530   0.827128   3.3e+00   1.8e-04 0.01
     2      10    9.6e-01   71    5.1e-01   -60.06829229   -52.57322996    -3.06729699   0.547641   2.2e+00   1.5e-04 0.02
     3      10    8.0e-01   28    2.7e-01   -61.57478742   -54.07972508    -1.50649513   0.415061   1.7e+00   1.8e-04 0.02
     4      10    8.4e-01   17    1.7e-01   -62.26289051   -54.76782818    -0.68810310   0.266871   1.1e+00   2.3e-04 0.02
     5      10    7.5e-01   17    2.0e-01   -62.60600474   -55.11094240    -0.34311422   0.181546   7.3e-01   1.9e-04 0.02
     6      10    1.2e+00   17    2.4e-01   -62.84909504   -55.35403270    -0.24309030   0.128077   5.1e-01   1.9e-04 0.03
     7      10    8.4e-01   10    1.8e-01   -63.03519379   -55.54013145    -0.18609875   0.156690   6.3e-01   2.2e-04 0.03
     8      10    1.1e+00   17    1.5e-01   -63.15723254   -55.66217021    -0.12203875   0.116560   4.7e-01   1.9e-04 0.03
     9      10    9.9e-01    9    1.3e-01   -63.20607882   -55.71101648    -0.04884628   0.119938   4.8e-01   1.8e-04 0.03
    10      10    1.0e+00    9    7.6e-02   -63.24732103   -55.75225869    -0.04124221   0.079374   3.2e-01   2.2e-04 0.03
    11      10    9.9e-01    6    9.4e-02   -63.26198403   -55.76692169    -0.01466300   0.088314   3.5e-01   2.2e-04 0.03
    12      10    9.4e-01    8    1.6e-01   -63.27636691   -55.78130457    -0.01438288   0.091233   3.6e-01   1.9e-04 0.03
    13      10    9.0e-01    6    1.0e-01   -63.27842083   -55.78335849    -0.00205392   0.125025   5.0e-01   1.9e-04 0.03
    14      10    9.1e-01    8    1.6e-01   -63.29224639   -55.79718405    -0.01382556   0.155030   6.2e-01   2.0e-04 0.03
    15      10    1.0e+00    3    5.4e-02   -63.29596550   -55.80090316    -0.00371911   0.065982   2.6e-01   1.7e-04 0.03
    16      10    1.0e+00    5    1.3e-01   -63.29889759   -55.80383526    -0.00293209   0.114391   4.6e-01   1.6e-04 0.03
    17      10    1.0e+00    3    9.8e-02   -63.29995880   -55.80489646    -0.00106121   0.098123   3.9e-01   1.9e-04 0.03
    18      10    1.1e+00    0    5.9e-02   -63.29997438   -55.80491204    -0.00001558   0.098123   3.9e-01   1.9e-04 0.03
    19      30    2.9e+00    5    9.8e-02   -63.31489480   -55.81983247    -0.01492043   0.010029   4.0e-02   1.9e-04 0.03
    20      30    3.0e+00    3    8.8e-02   -63.31570956   -55.82064722    -0.00081475   0.003745   1.5e-02   1.9e-04 0.03
    21      30    2.6e+00    9    1.5e-01   -63.31585003   -55.82078770    -0.00014048   0.006750   2.7e-02   1.8e-04 0.03
    22      30    3.2e+00    3    9.9e-02   -63.31598884   -55.82092650    -0.00013880   0.005085   2.0e-02   1.3e-04 0.03
    23      30    2.9e+00    0    3.9e-02   -63.31606948   -55.82100714    -0.00008064   0.005029   2.0e-02   1.9e-04 0.03
    24      40    4.0e+00    7    1.5e-01   -63.31614599   -55.82108365    -0.00007651   0.003259   1.3e-02   1.7e-04 0.03
    25      40    4.0e+00    2    2.9e-02   -63.31617608   -55.82111374    -0.00003009   0.003869   1.5e-02   1.4e-04 0.03
    26      40    3.7e+00    1    1.7e-02   -63.31622546   -55.82116313    -0.00004938   0.002523   1.0e-02   2.3e-04 0.03
    27      40    3.6e+00    0    4.5e-02   -63.31622672   -55.82116438    -0.00000126   0.002523   1.0e-02   2.3e-04 0.03
    28      39    3.7e+00    5    1.5e-01   -63.31628441   -55.82122207    -0.00005769   0.000489   2.0e-03   1.5e-04 0.03
 
RESULTS OF THE OCCUPATION OPTIMIZATION
========================================
   1    1.9999745  -15.21703688
   2    1.9860410  -0.65944385
   3    1.9719624  -0.28775122
   4    1.9719035  -0.28612262
   5    1.9693958  -0.07268131
   6    0.0143809  -0.01562758
   7    0.0201885  -0.02329878
   8    0.0204028  -0.02347440
   9    0.0089855  -0.01665584
  10    0.0000133  -0.00048647
  11    0.0057320  -0.00745257
  12    0.0045567  -0.00669372
  13    0.0045795  -0.00668070
  14    0.0013572  -0.00480377
  15    0.0000027  -0.00003521
  16    0.0049127  -0.00645737
  17    0.0010323  -0.00240962
  18    0.0009927  -0.00237515
  19    0.0012880  -0.00345164
  20    0.0000019  -0.00002546
  21    0.0045306  -0.00616688
  22    0.0006610  -0.00142877
  23    0.0005948  -0.00130922
  24    0.0007516  -0.00339993
  25    0.0000015  -0.00001667
  26    0.0003134  -0.00066573
  27    0.0005048  -0.00106664
  28    0.0003737  -0.00083505
  29    0.0004993  -0.00122796
  30    0.0000010  -0.00000787
  31    0.0002153  -0.00051435
  32    0.0004823  -0.00105550
  33    0.0003726  -0.00087228
  34    0.0003031  -0.00081169
  35    0.0000010  -0.00000683
  36    0.0002088  -0.00051223
  37    0.0003877  -0.00088247
  38    0.0002860  -0.00068108
  39    0.0001722  -0.00132253
  40    0.0000007  -0.00000669
  41    0.0001065  -0.00030937
  42    0.0000598  -0.00018033
  43    0.0001081  -0.00031705
  44    0.0001300  -0.00038281
  45    0.0000006  -0.00003899
  46    0.0000826  -0.00023225
  47    0.0000517  -0.00016431
  48    0.0000804  -0.00022413
  49    0.0001201  -0.00048848
  50    0.0000005  -0.00000266
  51    0.0000335  -0.00010100
  52    0.0000396  -0.00013251
  53    0.0000644  -0.00018670
  54    0.0000981  -0.00031418
  55    0.0000004  -0.00000533
  56    0.0000177  -0.00007061
  57    0.0000268  -0.00008377
  58    0.0000570  -0.00016107
  59    0.0000831  -0.00029193
  60    0.0000004  -0.00000229
  61    0.0000164  -0.00006162
  62    0.0000240  -0.00009644
  63    0.0000423  -0.00013758
  64    0.0000561  -0.00019075
  65    0.0000003  -0.00000151
  66    0.0000139  -0.00005870
  67    0.0000206  -0.00009253
  68    0.0000293  -0.00010441
  69    0.0000468  -0.00016567
  70    0.0000003  -0.00000140
  71    0.0000124  -0.00005372
  72    0.0000186  -0.00007716
  73    0.0000176  -0.00008193
  74    0.0000260  -0.00010241
  75    0.0000002  -0.00000108
  76    0.0000091  -0.00003868
  77    0.0000143  -0.00007363
  78    0.0000147  -0.00005841
  79    0.0000117  -0.00006860
  80    0.0000001  -0.00000112
  81    0.0000071  -0.00003873
  82    0.0000111  -0.00005275
  83    0.0000111  -0.00005366
  84    0.0000093  -0.00005845
  85    0.0000001  -0.00000099
  86    0.0000051  -0.00003502
  87    0.0000054  -0.00003613
  88    0.0000039  -0.00002313
  89    0.0000053  -0.00004148
  90    0.0000001  -0.00000083
  91    0.0000019  -0.00000711
  92    0.0000042  -0.00002245
  93    0.0000019  -0.00000842
  94    0.0000039  -0.00002699
  95    0.0000001  -0.00000080
  96    0.0000013  -0.00000426
  97    0.0000034  -0.00001776
  98    0.0000017  -0.00000642
  99    0.0000035  -0.00002394
 100    0.0000001  -0.00000065
 101    0.0000012  -0.00000176
 102    0.0000014  -0.00000570
 103    0.0000010  -0.00000173
 104    0.0000029  -0.00002120
 105    0.0000001  -0.00000067
 106    0.0000010  -0.00000111
 107    0.0000013  -0.00000558
 108    0.0000010  -0.00000235
 109    0.0000028  -0.00001582
 110    0.0000001  -0.00000057
 111    0.0000009  -0.00000111
 112    0.0000012  -0.00000322
 113    0.0000010  -0.00000147
 114    0.0000026  -0.00001241
 115    0.0000000  -0.00000042
 
----------------
 Final Energies 
----------------
Final NOF Total Energy =     -55.8212221
 
Total Orbital Internal Iterations = 529
Total Occupation Internal Iterations = 303
 
Elapsed time:   84.06 Seconds

---------------------------------
   Lowdin Population Analysis    
---------------------------------
 Idx  Atom   Population   Charge 
---------------------------------
  1     N     7.251      -0.251
  2     H     1.374      -0.374
  3     H     1.374      -0.374

---------------------------------
   M Diagnostic: 0.03
---------------------------------

