Computing Integrals
Basis Set                                            = def2-qzvp
Auxiliary Basis Set                                  = def2-universal-jkfit
Gaussian Type                                        = Spherical
Elapsed time:    1.61 Seconds

Number of basis functions                   (NBF)    = 114
Number of auxiliary basis functions         (NBFAUX) = 154
Inactive Doubly occupied orbitals up to     (NO1)    = 0
No. considered Strongly Doubly occupied MOs (NDOC)   = 8
No. considered Strongly Singly occupied MOs (NSOC)   = 1
NO. of Weakly occ. per St. Doubly occ.  MOs (NCWO)   = 13
Dimension of the Nat. Orb. subspace         (NBF5)   = 113
No. of electrons                                     = 17
    No. of alpha electrons                           = 9
    No. of beta electrons                            = 8
Multiplicity                                         = 2

Geometry
========
 O       0.0000000       0.0000000       0.6774772
 O       0.0000000       0.0000000      -0.6774772

No violations of the orthonormality
No violations of the orthonormality
 
PNOF8/ADABelief Calculation
==================
 
  Nitext  Nit_orb  Time   Nit_occ  Time         Eelec          Etot           Ediff      maxdiff    MaxGrad_orb  Grad_occ
     1      10    9.7e+00    0    1.2e+01  -175.15468124  -150.15954299 -10174.15468124   0.000496   2.0e-03   1.4e-04 0.04
 
RESULTS OF THE OCCUPATION OPTIMIZATION
========================================
   1    1.9999515  -20.33394248
   2    1.9999726  -20.31354644
   3    1.9850271  -0.93075038
   4    1.9838031  -0.89502943
   5    1.9640690  -0.42037686
   6    1.9765158  -0.28877757
   7    1.9758426  -0.28670428
   8    1.9772589  -0.24885241
   9    1.0000000  -0.11233298
  10    0.0114210  -0.01785951
  11    0.0116824  -0.01551290
  12    0.0113846  -0.01786969
  13    0.0351162  -0.05679435
  14    0.0078481  -0.01883149
  15    0.0074125  -0.01903227
  16    0.0000141  -0.00057190
  17    0.0000242  -0.00092915
  18    0.0045420  -0.00834389
  19    0.0050745  -0.00782548
  20    0.0042335  -0.00784883
  21    0.0002346  -0.00075449
  22    0.0037510  -0.00864977
  23    0.0030270  -0.00741947
  24    0.0000035  -0.00006889
  25    0.0000045  -0.00009389
  26    0.0041555  -0.00788524
  27    0.0048617  -0.00744502
  28    0.0040825  -0.00774265
  29    0.0002211  -0.00073378
  30    0.0018348  -0.00528488
  31    0.0025284  -0.00791734
  32    0.0000027  -0.00006388
  33    0.0000037  -0.00006704
  34    0.0009278  -0.00269320
  35    0.0007956  -0.00262879
  36    0.0019553  -0.00477828
  37    0.0002095  -0.00069481
  38    0.0011835  -0.00358872
  39    0.0006728  -0.00426315
  40    0.0000015  -0.00004920
  41    0.0000033  -0.00006632
  42    0.0007402  -0.00354404
  43    0.0003907  -0.00101099
  44    0.0005461  -0.00207620
  45    0.0000344  -0.00009871
  46    0.0007046  -0.00441655
  47    0.0004213  -0.00204019
  48    0.0000013  -0.00003715
  49    0.0000022  -0.00006635
  50    0.0002694  -0.00085630
  51    0.0003222  -0.00089872
  52    0.0004855  -0.00137452
  53    0.0000173  -0.00010383
  54    0.0002806  -0.00100618
  55    0.0003448  -0.00118530
  56    0.0000011  -0.00003204
  57    0.0000021  -0.00005521
  58    0.0002677  -0.00084659
  59    0.0003219  -0.00090539
  60    0.0002429  -0.00084099
  61    0.0000167  -0.00009953
  62    0.0002783  -0.00096080
  63    0.0002582  -0.00096047
  64    0.0000009  -0.00002400
  65    0.0000019  -0.00005036
  66    0.0001607  -0.00059539
  67    0.0002797  -0.00087982
  68    0.0002010  -0.00069270
  69    0.0000153  -0.00008865
  70    0.0001620  -0.00117879
  71    0.0002092  -0.00084127
  72    0.0000007  -0.00001293
  73    0.0000018  -0.00004729
  74    0.0001372  -0.00074568
  75    0.0002749  -0.00082202
  76    0.0001606  -0.00058218
  77    0.0000139  -0.00008552
  78    0.0000718  -0.00051604
  79    0.0000229  -0.00014635
  80    0.0000005  -0.00001126
  81    0.0000017  -0.00004618
  82    0.0000565  -0.00028214
  83    0.0000817  -0.00040111
  84    0.0001337  -0.00082733
  85    0.0000138  -0.00008475
  86    0.0000260  -0.00015986
  87    0.0000219  -0.00014346
  88    0.0000004  -0.00001811
  89    0.0000013  -0.00003460
  90    0.0000234  -0.00013660
  91    0.0000277  -0.00015275
  92    0.0000206  -0.00012225
  93    0.0000135  -0.00008496
  94    0.0000211  -0.00013320
  95    0.0000188  -0.00012168
  96    0.0000003  -0.00002935
  97    0.0000010  -0.00002615
  98    0.0000210  -0.00012414
  99    0.0000237  -0.00012621
 100    0.0000202  -0.00012680
 101    0.0000124  -0.00008468
 102    0.0000180  -0.00012150
 103    0.0000178  -0.00011628
 104    0.0000003  -0.00003277
 105    0.0000007  -0.00001487
 106    0.0000187  -0.00010632
 107    0.0000207  -0.00011670
 108    0.0000176  -0.00010214
 109    0.0000122  -0.00008458
 110    0.0000171  -0.00010853
 111    0.0000172  -0.00011320
 112    0.0000001  -0.00000264
 113    0.0000002  -0.00000462
 
----------------
 Final Energies 
----------------
Final NOF Total Energy =    -150.1595430
 
Total Orbital Internal Iterations = 10
Total Occupation Internal Iterations = 0
 
Elapsed time:   27.66 Seconds

---------------------------------
   Lowdin Population Analysis    
---------------------------------
 Idx  Atom   Population   Charge 
---------------------------------
  1     O     8.570      -0.570
  2     O     8.430      -0.430

---------------------------------
   M Diagnostic: 0.04
---------------------------------

