Computing Integrals
Basis Set                                            = def2-qzvp
Auxiliary Basis Set                                  = def2-universal-jkfit
Gaussian Type                                        = Spherical
Elapsed time:    1.73 Seconds

Number of basis functions                   (NBF)    = 70
Number of auxiliary basis functions         (NBFAUX) = 128
Inactive Doubly occupied orbitals up to     (NO1)    = 0
No. considered Strongly Doubly occupied MOs (NDOC)   = 6
No. considered Strongly Singly occupied MOs (NSOC)   = 1
NO. of Weakly occ. per St. Doubly occ.  MOs (NCWO)   = 10
Dimension of the Nat. Orb. subspace         (NBF5)   = 67
No. of electrons                                     = 13
    No. of alpha electrons                           = 7
    No. of beta electrons                            = 6
Multiplicity                                         = 2

Geometry
========
Si       0.0000000       0.0000000       0.0000000

No violations of the orthonormality
No violations of the orthonormality
 
PNOF8/ADABelief Calculation
==================
 
  Nitext  Nit_orb  Time   Nit_occ  Time         Eelec          Etot           Ediff      maxdiff    MaxGrad_orb  Grad_occ
     1      10    8.9e+00    0    1.2e+01  -288.86707951  -288.86707951 -10287.86707951   0.000493   2.0e-03   1.8e-04 0.02
 
RESULTS OF THE OCCUPATION OPTIMIZATION
========================================
   1    1.9999984  -69.24003174
   2    1.9999353  -6.55200581
   3    1.9955930  -4.64121350
   4    1.9945826  -4.63950834
   5    1.9940744  -4.63421278
   6    1.9694617  -0.85263665
   7    1.0000000  -0.30176186
   8    0.0112902  -0.02413293
   9    0.0016796  -0.01068536
  10    0.0035729  -0.03108177
  11    0.0017188  -0.01081474
  12    0.0000595  -0.00190345
  13    0.0000008  -0.00001233
  14    0.0112549  -0.02406219
  15    0.0016576  -0.01054900
  16    0.0016256  -0.01050270
  17    0.0017132  -0.01076096
  18    0.0000046  -0.00045570
  19    0.0000001  -0.00000387
  20    0.0053320  -0.01693877
  21    0.0012346  -0.01016157
  22    0.0000767  -0.00048003
  23    0.0005747  -0.00499316
  24    0.0000001  -0.00000382
  25    0.0000001  -0.00000356
  26    0.0007727  -0.00170680
  27    0.0012140  -0.01001985
  28    0.0000755  -0.00051591
  29    0.0002952  -0.00632863
  30    0.0000001  -0.00000163
  31    0.0000001  -0.00000334
  32    0.0006425  -0.00140164
  33    0.0000731  -0.00051995
  34    0.0000222  -0.00017709
  35    0.0000306  -0.00016814
  36    0.0000001  -0.00000128
  37    0.0000001  -0.00000262
  38    0.0006256  -0.00138118
  39    0.0000283  -0.00020617
  40    0.0000201  -0.00012803
  41    0.0000276  -0.00016409
  42    0.0000001  -0.00000087
  43    0.0000001  -0.00000207
  44    0.0002353  -0.00056033
  45    0.0000164  -0.00012352
  46    0.0000099  -0.00007047
  47    0.0000203  -0.00010728
  48    0.0000001  -0.00000083
  49    0.0000001  -0.00000167
  50    0.0001426  -0.00034521
  51    0.0000113  -0.00057789
  52    0.0000054  -0.00003327
  53    0.0000142  -0.00009059
  54    0.0000000  -0.00000048
  55    0.0000001  -0.00000140
  56    0.0001233  -0.00029646
  57    0.0000056  -0.00003496
  58    0.0000047  -0.00002684
  59    0.0000065  -0.00004319
  60    0.0000000  -0.00000044
  61    0.0000001  -0.00000151
  62    0.0001191  -0.00028734
  63    0.0000050  -0.00002795
  64    0.0000045  -0.00002597
  65    0.0000059  -0.00003547
  66    0.0000000  -0.00000034
  67    0.0000001  -0.00000112
 
----------------
 Final Energies 
----------------
Final NOF Total Energy =    -288.8670795
 
Total Orbital Internal Iterations = 10
Total Occupation Internal Iterations = 0
 
Elapsed time:   26.63 Seconds

---------------------------------
   Lowdin Population Analysis    
---------------------------------
 Idx  Atom   Population   Charge 
---------------------------------
  1    Si    13.000       1.000

---------------------------------
   M Diagnostic: 0.02
---------------------------------

