Computing Integrals
Basis Set                                            = def2-qzvp
Auxiliary Basis Set                                  = def2-universal-jkfit
Gaussian Type                                        = Spherical
Elapsed time:    2.76 Seconds

Number of basis functions                   (NBF)    = 150
Number of auxiliary basis functions         (NBFAUX) = 532
Inactive Doubly occupied orbitals up to     (NO1)    = 0
No. considered Strongly Doubly occupied MOs (NDOC)   = 36
No. considered Strongly Singly occupied MOs (NSOC)   = 0
NO. of Weakly occ. per St. Doubly occ.  MOs (NCWO)   = 3
Dimension of the Nat. Orb. subspace         (NBF5)   = 144
No. of electrons                                     = 72
    No. of alpha electrons                           = 36
    No. of beta electrons                            = 36
Multiplicity                                         = 1

Geometry
========
Kr       0.0000000       0.0000000       2.0050000
Kr       0.0000000       0.0000000      -2.0050000

No violations of the orthonormality
No violations of the orthonormality
 
PNOF8/ADABelief Calculation
==================
 
  Nitext  Nit_orb  Time   Nit_occ  Time         Eelec          Etot           Ediff      maxdiff    MaxGrad_orb  Grad_occ
     1      10    1.1e+01    0    1.2e+01 -5676.70887410 -5505.68337313 -15675.70887410   0.000953   3.8e-03   2.6e-04 0.02
 
RESULTS OF THE OCCUPATION OPTIMIZATION
========================================
   1    1.9999999  -520.10403175
   2    1.9999999  -520.09029946
   3    1.9999986  -70.12389117
   4    1.9999984  -70.11195745
   5    1.9999976  -63.10343596
   6    1.9999940  -63.07857749
   7    1.9999939  -63.07819251
   8    1.9999975  -63.07810639
   9    1.9999961  -63.07801170
  10    1.9999970  -63.07795991
  11    1.9998101  -10.88173442
  12    1.9998044  -10.88143299
  13    1.9996999  -8.35938990
  14    1.9995509  -8.35914882
  15    1.9996951  -8.35887475
  16    1.9996951  -8.35840267
  17    1.9996973  -8.35795184
  18    1.9996975  -8.35780406
  19    1.9986986  -3.85248530
  20    1.9987313  -3.85207525
  21    1.9985775  -3.85188613
  22    1.9980929  -3.85138127
  23    1.9981298  -3.85119788
  24    1.9980911  -3.85090696
  25    1.9978091  -3.85062200
  26    1.9975105  -3.84980131
  27    1.9977344  -3.84952052
  28    1.9974723  -3.84919208
  29    1.9855502  -1.17662595
  30    1.9854175  -1.17623857
  31    1.9757258  -0.54818345
  32    1.9744131  -0.54796948
  33    1.9732136  -0.54748928
  34    1.9745301  -0.54735011
  35    1.9728791  -0.54725936
  36    1.9731995  -0.54708525
  37    0.0097899  -0.03235485
  38    0.0131325  -0.03531428
  39    0.0092486  -0.03249158
  40    0.0127147  -0.03523040
  41    0.0097549  -0.03257367
  42    0.0095225  -0.03284020
  43    0.0106788  -0.04771571
  44    0.0106906  -0.04799684
  45    0.0009947  -0.00878569
  46    0.0011663  -0.00844771
  47    0.0012156  -0.00744096
  48    0.0010124  -0.00907111
  49    0.0012232  -0.01214087
  50    0.0011887  -0.01192455
  51    0.0012256  -0.01571962
  52    0.0012416  -0.01403765
  53    0.0010913  -0.00960876
  54    0.0011163  -0.00972564
  55    0.0002335  -0.00212664
  56    0.0002304  -0.00230380
  57    0.0002348  -0.00200956
  58    0.0002354  -0.00201087
  59    0.0002255  -0.00197801
  60    0.0002293  -0.00236163
  61    0.0001448  -0.00735421
  62    0.0001465  -0.00933269
  63    0.0000018  -0.00005927
  64    0.0000022  -0.00008024
  65    0.0000014  -0.00005332
  66    0.0000050  -0.00176085
  67    0.0000050  -0.00172642
  68    0.0000012  -0.00062863
  69    0.0000011  -0.00080193
  70    0.0000009  -0.00004336
  71    0.0000000  -0.00000767
  72    0.0000000  -0.00000794
  73    0.0096749  -0.03197588
  74    0.0129510  -0.03497389
  75    0.0086962  -0.03274120
  76    0.0125518  -0.03484888
  77    0.0081427  -0.03321712
  78    0.0074970  -0.03466199
  79    0.0019560  -0.00790900
  80    0.0019076  -0.00762952
  81    0.0009600  -0.00862152
  82    0.0010097  -0.00905778
  83    0.0011865  -0.01619792
  84    0.0005902  -0.00294884
  85    0.0006057  -0.00299344
  86    0.0005807  -0.00295832
  87    0.0005960  -0.00298004
  88    0.0000905  -0.00049264
  89    0.0000928  -0.00049407
  90    0.0000937  -0.00049492
  91    0.0000370  -0.00035584
  92    0.0000376  -0.00034901
  93    0.0000370  -0.00037607
  94    0.0000382  -0.00036878
  95    0.0001870  -0.00473666
  96    0.0000397  -0.00039802
  97    0.0000261  -0.00054151
  98    0.0000241  -0.00032606
  99    0.0000007  -0.00003689
 100    0.0000010  -0.00029623
 101    0.0000006  -0.00003407
 102    0.0000010  -0.00010090
 103    0.0000010  -0.00007078
 104    0.0000006  -0.00003552
 105    0.0000003  -0.00002238
 106    0.0000003  -0.00002164
 107    0.0000000  -0.00000514
 108    0.0000000  -0.00000237
 109    0.0073357  -0.03322251
 110    0.0010375  -0.00305017
 111    0.0075251  -0.03419750
 112    0.0015198  -0.00586449
 113    0.0076894  -0.03371407
 114    0.0072547  -0.03444099
 115    0.0019477  -0.00786381
 116    0.0018516  -0.00735145
 117    0.0005729  -0.00292917
 118    0.0000896  -0.00048912
 119    0.0000874  -0.00048215
 120    0.0005882  -0.00293814
 121    0.0000800  -0.00047738
 122    0.0001008  -0.00050636
 123    0.0000855  -0.00047826
 124    0.0000904  -0.00048787
 125    0.0000845  -0.00053840
 126    0.0000914  -0.00049376
 127    0.0000320  -0.00181581
 128    0.0000347  -0.00102427
 129    0.0000331  -0.00181400
 130    0.0000313  -0.00223096
 131    0.0000367  -0.00039373
 132    0.0000311  -0.00186093
 133    0.0000248  -0.00042527
 134    0.0000193  -0.00028459
 135    0.0000006  -0.00003360
 136    0.0000007  -0.00003804
 137    0.0000005  -0.00003243
 138    0.0000001  -0.00000974
 139    0.0000001  -0.00000923
 140    0.0000006  -0.00003393
 141    0.0000002  -0.00001988
 142    0.0000002  -0.00001868
 143    0.0000000  -0.00000508
 144    0.0000000  -0.00000216
 
----------------
 Final Energies 
----------------
Final NOF Total Energy =   -5505.6833731
 
Total Orbital Internal Iterations = 10
Total Occupation Internal Iterations = 0
 
Elapsed time:   29.17 Seconds

---------------------------------
   Lowdin Population Analysis    
---------------------------------
 Idx  Atom   Population   Charge 
---------------------------------
  1    Kr    36.000       0.000
  2    Kr    36.000      -0.000

---------------------------------
   M Diagnostic: 0.02
---------------------------------

