Computing Integrals
Basis Set                                            = def2-qzvp
Auxiliary Basis Set                                  = def2-universal-jkfit
Gaussian Type                                        = Spherical
Elapsed time:    3.84 Seconds

Number of basis functions                   (NBF)    = 280
Number of auxiliary basis functions         (NBFAUX) = 512
Inactive Doubly occupied orbitals up to     (NO1)    = 0
No. considered Strongly Doubly occupied MOs (NDOC)   = 36
No. considered Strongly Singly occupied MOs (NSOC)   = 0
NO. of Weakly occ. per St. Doubly occ.  MOs (NCWO)   = 6
Dimension of the Nat. Orb. subspace         (NBF5)   = 252
No. of electrons                                     = 72
    No. of alpha electrons                           = 36
    No. of beta electrons                            = 36
Multiplicity                                         = 1

Geometry
========
Ar       1.4011941      -1.4011941       1.4011941
Ar      -1.4011941       1.4011941       1.4011941
Ar      -1.4011941      -1.4011941      -1.4011941
Ar       1.4011941       1.4011941      -1.4011941

No violations of the orthonormality
No violations of the orthonormality
 
PNOF8/ADABelief Calculation
==================
 
  Nitext  Nit_orb  Time   Nit_occ  Time         Eelec          Etot           Ediff      maxdiff    MaxGrad_orb  Grad_occ
     1      10    1.4e+01    0    1.2e+01 -2369.10069698 -2109.53146659 -12368.10069698   0.000560   2.2e-03   1.6e-04 0.02
 
RESULTS OF THE OCCUPATION OPTIMIZATION
========================================
   1    1.9999984  -118.66540876
   2    1.9999986  -118.66538451
   3    1.9999991  -118.66529022
   4    1.9999994  -118.66523861
   5    1.9996899  -12.35908008
   6    1.9996233  -12.35854512
   7    1.9996655  -12.35802058
   8    1.9996667  -12.35728741
   9    1.9995240  -9.60528251
  10    1.9991995  -9.60369675
  11    1.9993853  -9.60246290
  12    1.9992526  -9.60226891
  13    1.9992530  -9.60216242
  14    1.9989217  -9.60118407
  15    1.9989647  -9.60107664
  16    1.9990522  -9.60078075
  17    1.9991469  -9.60070083
  18    1.9989235  -9.60059520
  19    1.9989299  -9.60051359
  20    1.9990497  -9.60033135
  21    1.9851159  -1.29899310
  22    1.9849494  -1.29882367
  23    1.9850590  -1.29878021
  24    1.9817088  -1.29341374
  25    1.9832162  -0.62122155
  26    1.9804081  -0.61698660
  27    1.9777525  -0.61659575
  28    1.9771205  -0.61646147
  29    1.9743956  -0.61554333
  30    1.9764504  -0.61539789
  31    1.9717933  -0.61519207
  32    1.9717943  -0.61494688
  33    1.9744002  -0.61486914
  34    1.9717617  -0.61463628
  35    1.9714426  -0.61454565
  36    1.9689983  -0.61395391
  37    0.0100070  -0.02059746
  38    0.0100120  -0.02096739
  39    0.0099813  -0.02090846
  40    0.0111091  -0.02227529
  41    0.0100708  -0.02110157
  42    0.0100572  -0.02110325
  43    0.0127683  -0.02356085
  44    0.0112347  -0.02237771
  45    0.0113981  -0.02267335
  46    0.0111673  -0.02256939
  47    0.0130352  -0.02432681
  48    0.0082620  -0.02905956
  49    0.0066673  -0.02322617
  50    0.0063058  -0.03179052
  51    0.0063421  -0.03153729
  52    0.0062792  -0.03187263
  53    0.0008032  -0.01042355
  54    0.0007928  -0.01044712
  55    0.0007897  -0.01033798
  56    0.0007365  -0.01017779
  57    0.0008005  -0.01035834
  58    0.0007934  -0.01036916
  59    0.0007923  -0.01036882
  60    0.0004673  -0.01278260
  61    0.0004691  -0.01278081
  62    0.0004760  -0.01298166
  63    0.0005182  -0.01330591
  64    0.0003436  -0.01031459
  65    0.0002759  -0.00935953
  66    0.0002787  -0.00939204
  67    0.0002727  -0.00938828
  68    0.0002790  -0.00940273
  69    0.0000006  -0.00002795
  70    0.0000009  -0.00003638
  71    0.0000007  -0.00002954
  72    0.0000005  -0.00002392
  73    0.0097120  -0.02014019
  74    0.0099551  -0.02065590
  75    0.0096503  -0.02055611
  76    0.0108452  -0.02214893
  77    0.0098568  -0.02067588
  78    0.0095800  -0.02043071
  79    0.0078093  -0.02152736
  80    0.0107410  -0.02190087
  81    0.0076285  -0.02131131
  82    0.0076433  -0.02144590
  83    0.0023468  -0.01097587
  84    0.0021132  -0.01113024
  85    0.0052994  -0.02070603
  86    0.0051437  -0.02085372
  87    0.0051849  -0.02102558
  88    0.0051108  -0.02083728
  89    0.0000602  -0.00325765
  90    0.0001902  -0.00589801
  91    0.0001897  -0.00586991
  92    0.0000625  -0.00297929
  93    0.0000603  -0.00307406
  94    0.0001903  -0.00587561
  95    0.0001895  -0.00585574
  96    0.0001906  -0.00580740
  97    0.0001938  -0.00594748
  98    0.0000495  -0.00065718
  99    0.0002256  -0.00748171
 100    0.0000853  -0.00117073
 101    0.0000363  -0.00050597
 102    0.0000311  -0.00046974
 103    0.0000505  -0.00121003
 104    0.0000105  -0.00051844
 105    0.0000000  -0.00000085
 106    0.0000000  -0.00000238
 107    0.0000005  -0.00002466
 108    0.0000003  -0.00002063
 109    0.0096483  -0.02000413
 110    0.0068076  -0.01965449
 111    0.0067584  -0.01959841
 112    0.0020761  -0.00996893
 113    0.0068203  -0.01968010
 114    0.0067738  -0.01963032
 115    0.0007743  -0.00206578
 116    0.0020662  -0.00995467
 117    0.0021369  -0.01040881
 118    0.0021639  -0.01051289
 119    0.0023260  -0.01101499
 120    0.0020928  -0.01112151
 121    0.0050293  -0.02025874
 122    0.0018633  -0.01126500
 123    0.0019075  -0.01131639
 124    0.0018922  -0.01130186
 125    0.0000479  -0.00057749
 126    0.0000475  -0.00079305
 127    0.0000562  -0.00200784
 128    0.0000147  -0.00016072
 129    0.0000461  -0.00057180
 130    0.0000139  -0.00015752
 131    0.0000550  -0.00194450
 132    0.0000456  -0.00060904
 133    0.0000469  -0.00062733
 134    0.0000482  -0.00057612
 135    0.0000148  -0.00016263
 136    0.0000132  -0.00015358
 137    0.0000074  -0.00008988
 138    0.0000100  -0.00089754
 139    0.0000395  -0.00052154
 140    0.0000062  -0.00008322
 141    0.0000000  -0.00000082
 142    0.0000000  -0.00000207
 143    0.0000001  -0.00000964
 144    0.0000003  -0.00001954
 145    0.0005797  -0.00170174
 146    0.0006261  -0.00181969
 147    0.0006300  -0.00183297
 148    0.0006799  -0.00190080
 149    0.0006349  -0.00184341
 150    0.0006320  -0.00183209
 151    0.0007617  -0.00207884
 152    0.0006736  -0.00189372
 153    0.0007396  -0.00205540
 154    0.0007432  -0.00205433
 155    0.0008158  -0.00226537
 156    0.0020607  -0.01114845
 157    0.0005322  -0.00189493
 158    0.0006985  -0.00610691
 159    0.0006810  -0.00601453
 160    0.0006713  -0.00595233
 161    0.0000131  -0.00015307
 162    0.0000139  -0.00015700
 163    0.0000138  -0.00015744
 164    0.0000145  -0.00015934
 165    0.0000138  -0.00015747
 166    0.0000137  -0.00015616
 167    0.0000143  -0.00015901
 168    0.0000148  -0.00016098
 169    0.0000145  -0.00016034
 170    0.0000143  -0.00015853
 171    0.0000147  -0.00016235
 172    0.0000129  -0.00016419
 173    0.0000058  -0.00008072
 174    0.0000066  -0.00008555
 175    0.0000060  -0.00008171
 176    0.0000061  -0.00008192
 177    0.0000000  -0.00000082
 178    0.0000000  -0.00000178
 179    0.0000001  -0.00000931
 180    0.0000003  -0.00001863
 181    0.0005665  -0.00171508
 182    0.0006235  -0.00181687
 183    0.0006260  -0.00182694
 184    0.0006755  -0.00189722
 185    0.0006249  -0.00180403
 186    0.0006177  -0.00180792
 187    0.0007476  -0.00330870
 188    0.0006602  -0.00186831
 189    0.0007352  -0.00204117
 190    0.0002849  -0.00161417
 191    0.0008033  -0.00216880
 192    0.0020058  -0.01117280
 193    0.0005251  -0.00188910
 194    0.0006768  -0.00594047
 195    0.0006746  -0.00590189
 196    0.0006662  -0.00601415
 197    0.0000130  -0.00015271
 198    0.0000139  -0.00015695
 199    0.0000137  -0.00015610
 200    0.0000138  -0.00015682
 201    0.0000138  -0.00015672
 202    0.0000122  -0.00020528
 203    0.0000143  -0.00015915
 204    0.0000148  -0.00016109
 205    0.0000142  -0.00015851
 206    0.0000143  -0.00015879
 207    0.0000142  -0.00015767
 208    0.0000118  -0.00090326
 209    0.0000054  -0.00007745
 210    0.0000056  -0.00007933
 211    0.0000055  -0.00007787
 212    0.0000057  -0.00007982
 213    0.0000000  -0.00000079
 214    0.0000000  -0.00000169
 215    0.0000000  -0.00000779
 216    0.0000002  -0.00001570
 217    0.0004883  -0.00158039
 218    0.0005332  -0.00169665
 219    0.0005923  -0.00176176
 220    0.0002140  -0.00119633
 221    0.0001981  -0.00110660
 222    0.0005460  -0.00172396
 223    0.0006883  -0.00193003
 224    0.0002289  -0.00122951
 225    0.0002411  -0.00132712
 226    0.0002449  -0.00142624
 227    0.0002648  -0.00140127
 228    0.0002494  -0.00145264
 229    0.0002379  -0.00148340
 230    0.0002529  -0.00162957
 231    0.0002604  -0.00166722
 232    0.0002644  -0.00168451
 233    0.0000130  -0.00015381
 234    0.0000118  -0.00062708
 235    0.0000135  -0.00015570
 236    0.0000111  -0.00022236
 237    0.0000133  -0.00015365
 238    0.0000117  -0.00096158
 239    0.0000129  -0.00017698
 240    0.0000139  -0.00015719
 241    0.0000088  -0.00009645
 242    0.0000124  -0.00014942
 243    0.0000131  -0.00015207
 244    0.0000092  -0.00011776
 245    0.0000026  -0.00059785
 246    0.0000025  -0.00058375
 247    0.0000024  -0.00058095
 248    0.0000025  -0.00059277
 249    0.0000000  -0.00000078
 250    0.0000000  -0.00000170
 251    0.0000000  -0.00000657
 252    0.0000000  -0.00000728
 
----------------
 Final Energies 
----------------
Final NOF Total Energy =   -2109.5314666
 
Total Orbital Internal Iterations = 10
Total Occupation Internal Iterations = 0
 
Elapsed time:   34.36 Seconds

---------------------------------
   Lowdin Population Analysis    
---------------------------------
 Idx  Atom   Population   Charge 
---------------------------------
  1    Ar    18.000       0.000
  2    Ar    18.001      -0.001
  3    Ar    18.000       0.000
  4    Ar    18.000      -0.000

---------------------------------
   M Diagnostic: 0.02
---------------------------------

