Computing Integrals
Basis Set                                            = def2-qzvp
Auxiliary Basis Set                                  = def2-universal-jkfit
Gaussian Type                                        = Spherical
Elapsed time:    1.50 Seconds

Number of basis functions                   (NBF)    = 57
Number of auxiliary basis functions         (NBFAUX) = 77
Inactive Doubly occupied orbitals up to     (NO1)    = 0
No. considered Strongly Doubly occupied MOs (NDOC)   = 2
No. considered Strongly Singly occupied MOs (NSOC)   = 3
NO. of Weakly occ. per St. Doubly occ.  MOs (NCWO)   = 26
Dimension of the Nat. Orb. subspace         (NBF5)   = 57
No. of electrons                                     = 7
    No. of alpha electrons                           = 5
    No. of beta electrons                            = 2
Multiplicity                                         = 4

Geometry
========
 N       0.0000000       0.0000000       0.0000000

No violations of the orthonormality
No violations of the orthonormality
 
PNOF8/ADAM Calculation
==================
 
  Nitext  Nit_orb  Time   Nit_occ  Time         Eelec          Etot           Ediff      maxdiff    MaxGrad_orb  Grad_occ
     1      10    8.9e+00   25    1.2e+01   -52.16441837   -52.16441837 -10051.16441837   0.722493   2.9e+00   1.4e-04 0.01
     2      10    3.1e-02   22    2.0e-02   -53.23025496   -53.23025496    -1.06583659   0.473711   1.9e+00   2.0e-04 0.02
     3      10    1.1e-02   16    1.2e-02   -53.84646926   -53.84646926    -0.61621430   0.307295   1.2e+00   1.9e-04 0.02
     4      10    1.1e-02   22    1.8e-02   -54.20832248   -54.20832248    -0.36185322   0.139785   5.6e-01   1.3e-04 0.02
     5      10    8.9e-03   17    1.7e-02   -54.39719607   -54.39719607    -0.18887360   0.093612   3.7e-01   1.3e-04 0.02
     6      10    1.1e-02   23    2.0e-02   -54.47687626   -54.47687626    -0.07968019   0.124288   5.0e-01   1.6e-04 0.02
     7      10    1.1e-02    7    7.2e-03   -54.51638235   -54.51638235    -0.03950609   0.149918   6.0e-01   1.7e-04 0.02
     8      10    1.0e-02   13    1.7e-02   -54.52350578   -54.52350578    -0.00712343   0.134021   5.4e-01   1.3e-04 0.02
     9      10    7.8e-02    5    4.3e-03   -54.52802089   -54.52802089    -0.00451510   0.072847   2.9e-01   1.4e-04 0.02
    10      10    1.6e-02   10    1.2e-02   -54.53076580   -54.53076580    -0.00274491   0.111587   4.5e-01   1.2e-04 0.02
    11      10    1.4e-02    4    4.8e-03   -54.53162398   -54.53162398    -0.00085818   0.089509   3.6e-01   1.2e-04 0.02
    12      10    1.0e-02    4    4.7e-03   -54.53247232   -54.53247232    -0.00084833   0.098371   3.9e-01   1.6e-04 0.02
    13      10    1.0e-02    2    3.4e-03   -54.53313831   -54.53313831    -0.00066600   0.090766   3.6e-01   1.6e-04 0.02
    14      10    1.1e-02    0    1.0e-03   -54.53314837   -54.53314837    -0.00001006   0.090766   3.6e-01   1.6e-04 0.02
    15      30    2.9e-02    0    1.4e-03   -54.53800870   -54.53800870    -0.00486033   0.007193   2.9e-02   2.2e-04 0.02
    16      40    3.8e-02    9    9.6e-03   -54.53857038   -54.53857038    -0.00056169   0.004483   1.8e-02   1.8e-04 0.02
    17      40    3.9e-02    2    3.3e-03   -54.53873906   -54.53873906    -0.00016868   0.002048   8.2e-03   1.2e-04 0.02
    18      40    4.0e-02    0    2.6e-03   -54.53874185   -54.53874185    -0.00000279   0.002048   8.2e-03   1.2e-04 0.02
    19      28    2.6e-02    0    1.0e-03   -54.53878021   -54.53878021    -0.00003835   0.000483   1.9e-03   7.6e-05 0.02
 
RESULTS OF THE OCCUPATION OPTIMIZATION
========================================
   1    1.9998948  -15.64928033
   2    1.9685677  -0.96984112
   3    1.0000000  -0.30119974
   4    1.0000000  -0.30119951
   5    1.0000000  -0.30114432
   6    0.0068172  -0.01471718
   7    0.0000433  -0.00142264
   8    0.0036731  -0.00652146
   9    0.0000141  -0.00023669
  10    0.0036675  -0.00652542
  11    0.0000061  -0.00006529
  12    0.0036568  -0.00652313
  13    0.0000043  -0.00005581
  14    0.0021212  -0.00395758
  15    0.0000034  -0.00004883
  16    0.0021186  -0.00395374
  17    0.0000027  -0.00004347
  18    0.0021079  -0.00395546
  19    0.0000024  -0.00004115
  20    0.0020945  -0.00394773
  21    0.0000024  -0.00004114
  22    0.0020935  -0.00395090
  23    0.0000023  -0.00004077
  24    0.0005446  -0.00366932
  25    0.0000023  -0.00004024
  26    0.0003623  -0.00090867
  27    0.0000021  -0.00003911
  28    0.0003365  -0.00088797
  29    0.0000021  -0.00003872
  30    0.0003356  -0.00088803
  31    0.0000020  -0.00003792
  32    0.0001546  -0.00043286
  33    0.0000020  -0.00003782
  34    0.0001532  -0.00043404
  35    0.0000019  -0.00003690
  36    0.0001526  -0.00043318
  37    0.0000018  -0.00003648
  38    0.0001524  -0.00043309
  39    0.0000017  -0.00003593
  40    0.0001523  -0.00043239
  41    0.0000014  -0.00003846
  42    0.0001521  -0.00043296
  43    0.0000013  -0.00004047
  44    0.0001473  -0.00042990
  45    0.0000013  -0.00006108
  46    0.0001074  -0.00031067
  47    0.0000012  -0.00003736
  48    0.0001071  -0.00030942
  49    0.0000009  -0.00001438
  50    0.0000987  -0.00030734
  51    0.0000007  -0.00000618
  52    0.0000979  -0.00030485
  53    0.0000006  -0.00000442
  54    0.0000139  -0.00005130
  55    0.0000006  -0.00000593
  56    0.0000132  -0.00005116
  57    0.0000003  -0.00001822
 
----------------
 Final Energies 
----------------
Final NOF Total Energy =     -54.5387802
 
Total Orbital Internal Iterations = 318
Total Occupation Internal Iterations = 181
 
Elapsed time:   27.35 Seconds

---------------------------------
   Lowdin Population Analysis    
---------------------------------
 Idx  Atom   Population   Charge 
---------------------------------
  1     N     7.000      -0.000

---------------------------------
   M Diagnostic: 0.02
---------------------------------

