Computing Integrals
Basis Set                                            = def2-qzvp
Auxiliary Basis Set                                  = def2-universal-jkfit
Gaussian Type                                        = Spherical
Elapsed time:    1.80 Seconds

Number of basis functions                   (NBF)    = 127
Number of auxiliary basis functions         (NBFAUX) = 205
Inactive Doubly occupied orbitals up to     (NO1)    = 0
No. considered Strongly Doubly occupied MOs (NDOC)   = 13
No. considered Strongly Singly occupied MOs (NSOC)   = 0
NO. of Weakly occ. per St. Doubly occ.  MOs (NCWO)   = 8
Dimension of the Nat. Orb. subspace         (NBF5)   = 117
No. of electrons                                     = 26
    No. of alpha electrons                           = 13
    No. of beta electrons                            = 13
Multiplicity                                         = 1

Geometry
========
Cl       0.0000000       0.0000000       0.5648620
 F       0.0000000       0.0000000      -1.0669610

No violations of the orthonormality
No violations of the orthonormality
 
PNOF8/ADAM Calculation
==================
 
  Nitext  Nit_orb  Time   Nit_occ  Time         Eelec          Etot           Ediff      maxdiff    MaxGrad_orb  Grad_occ
     1      10    9.9e+00   50    1.2e+01  -559.25541376  -509.63977086 -10558.25541376   1.633083   6.5e+00   2.2e-04 0.05
     2      10    1.0e+00  100    6.8e-01  -590.29366483  -540.67802194   -31.03825107   1.150886   8.7e+00   5.0e-02 0.52
     3      10    1.1e+00   59    3.9e-01  -602.14408163  -552.52843873   -11.85041680   0.648683   2.6e+00   2.6e-04 0.90
     4      10    1.2e+00   41    3.0e-01  -604.83844049  -555.22279760    -2.69435887   0.294051   1.2e+00   1.9e-04 0.71
     5      10    1.2e+00   34    3.0e-01  -606.03811152  -556.42246863    -1.19967103   0.254832   1.0e+00   2.3e-04 0.36
     6      10    1.2e+00   82    6.5e-01  -606.71930871  -557.10366582    -0.68119719   0.343483   1.4e+00   2.2e-04 0.03
     7      10    1.3e+00   29    2.5e-01  -607.35769165  -557.74204876    -0.63838293   0.248214   9.9e-01   1.9e-04 0.03
     8      10    1.2e+00   24    1.9e-01  -607.66390103  -558.04825814    -0.30620939   0.377648   1.5e+00   2.6e-04 0.03
     9      10    1.2e+00   26    2.0e-01  -607.96049355  -558.34485066    -0.29659252   0.444301   1.8e+00   1.9e-04 0.03
    10      10    1.3e+00   18    1.6e-01  -608.26804784  -558.65240495    -0.30755429   0.499545   2.0e+00   2.3e-04 0.03
    11      10    1.3e+00   19    1.5e-01  -608.49223647  -558.87659358    -0.22418863   0.474770   1.9e+00   2.4e-04 0.03
    12      10    1.2e+00   20    2.3e-01  -608.59617420  -558.98053131    -0.10393773   0.519697   2.1e+00   2.2e-04 0.03
    13      10    1.1e+00   14    1.8e-01  -608.73197331  -559.11633041    -0.13579911   0.483275   1.9e+00   2.4e-04 0.03
    14      10    1.1e+00   20    2.0e-01  -608.81160674  -559.19596385    -0.07963344   0.334989   1.3e+00   2.4e-04 0.03
    15      10    1.1e+00   15    1.8e-01  -608.83266937  -559.21702648    -0.02106263   0.405025   1.6e+00   2.9e-04 0.03
    16      10    1.1e+00    0    4.3e-02  -608.83320786  -559.21756497    -0.00053849   0.405024   1.6e+00   2.9e-04 0.03
    17      30    3.7e+00   20    1.8e-01  -609.21633422  -559.60069133    -0.38312636   0.056808   2.3e-01   2.5e-04 0.03
    18      30    3.6e+00   15    1.5e-01  -609.28014163  -559.66449873    -0.06380741   0.045655   1.8e-01   2.5e-04 0.03
    19      30    3.4e+00   17    2.0e-01  -609.31484762  -559.69920473    -0.03470600   0.041149   1.6e-01   2.7e-04 0.03
    20      30    3.4e+00   20    2.4e-01  -609.34118479  -559.72554190    -0.02633717   0.028519   1.1e-01   1.8e-04 0.03
    21      30    3.4e+00   12    1.8e-01  -609.35579379  -559.74015090    -0.01460900   0.016878   6.8e-02   2.2e-04 0.03
    22      30    3.4e+00   14    1.1e-01  -609.36346383  -559.74782094    -0.00767004   0.020229   8.1e-02   2.5e-04 0.03
    23      30    3.4e+00   19    2.2e-01  -609.36669523  -559.75105234    -0.00323139   0.020443   8.2e-02   2.2e-04 0.03
    24      30    3.7e+00   11    1.4e-01  -609.36860888  -559.75296599    -0.00191366   0.025322   1.0e-01   2.4e-04 0.03
    25      30    3.8e+00    9    9.4e-02  -609.36962773  -559.75398484    -0.00101885   0.019532   7.8e-02   2.6e-04 0.03
    26      30    3.6e+00   14    1.8e-01  -609.37027133  -559.75462844    -0.00064360   0.022024   8.8e-02   1.6e-04 0.03
    27      30    3.4e+00    6    5.0e-02  -609.37041637  -559.75477348    -0.00014503   0.022264   8.9e-02   2.2e-04 0.03
    28      30    3.3e+00    5    7.6e-02  -609.37075889  -559.75511600    -0.00034252   0.023148   9.3e-02   2.7e-04 0.03
    29      30    3.8e+00   11    8.2e-02  -609.37094508  -559.75530219    -0.00018619   0.020061   8.0e-02   2.0e-04 0.03
    30      30    3.5e+00    3    6.4e-02  -609.37101514  -559.75537225    -0.00007007   0.020902   8.4e-02   1.9e-04 0.03
    31      30    3.7e+00    3    1.0e-01  -609.37127838  -559.75563549    -0.00026324   0.020771   8.3e-02   2.2e-04 0.03
    32      30    3.6e+00    0    1.3e-02  -609.37128587  -559.75564298    -0.00000749   0.020771   8.3e-02   2.2e-04 0.03
    33      50    5.8e+00    1    4.0e-02  -609.37250067  -559.75685778    -0.00121480   0.001420   5.7e-03   2.8e-04 0.03
    34      50    5.8e+00    0    4.4e-02  -609.37250242  -559.75685953    -0.00000175   0.001420   5.7e-03   2.8e-04 0.03
    35      70    8.4e+00    3    3.9e-02  -609.37253130  -559.75688841    -0.00002888   0.000594   2.4e-03   2.0e-04 0.03
 
RESULTS OF THE OCCUPATION OPTIMIZATION
========================================
   1    1.9999986  -104.98469018
   2    1.9999801  -26.40192616
   3    1.9998818  -10.67457486
   4    1.9992198  -8.14474248
   5    1.9995781  -8.14038974
   6    1.9994257  -8.14028192
   7    1.9899676  -1.64396801
   8    1.9838661  -1.11932608
   9    1.9653162  -0.78407874
  10    1.9813086  -0.74964592
  11    1.9762058  -0.74373218
  12    1.9745174  -0.53638806
  13    1.9725442  -0.53238850
  14    0.0091631  -0.01792662
  15    0.0092566  -0.01847069
  16    0.0081342  -0.02009610
  17    0.0116690  -0.02441053
  18    0.0338127  -0.06787514
  19    0.0052782  -0.02523070
  20    0.0069246  -0.02617315
  21    0.0004514  -0.01072251
  22    0.0002232  -0.00479213
  23    0.0004491  -0.01076161
  24    0.0000561  -0.00118388
  25    0.0000028  -0.00008068
  26    0.0000003  -0.00001771
  27    0.0086055  -0.01764097
  28    0.0075545  -0.01772037
  29    0.0035004  -0.01150458
  30    0.0044067  -0.01430083
  31    0.0001873  -0.00082605
  32    0.0038205  -0.01438738
  33    0.0010406  -0.00757621
  34    0.0000532  -0.00139710
  35    0.0000748  -0.00223441
  36    0.0002695  -0.00662871
  37    0.0000133  -0.00053801
  38    0.0000028  -0.00021577
  39    0.0000002  -0.00003345
  40    0.0067717  -0.01863500
  41    0.0065558  -0.01657031
  42    0.0032089  -0.00953364
  43    0.0006990  -0.00325663
  44    0.0001750  -0.00078906
  45    0.0018555  -0.00988551
  46    0.0007494  -0.00664415
  47    0.0000166  -0.00019661
  48    0.0000459  -0.00068966
  49    0.0000177  -0.00019820
  50    0.0000107  -0.00028268
  51    0.0000027  -0.00020173
  52    0.0000002  -0.00001504
  53    0.0013959  -0.00559083
  54    0.0007050  -0.00174814
  55    0.0028775  -0.00863943
  56    0.0006262  -0.00377153
  57    0.0001723  -0.00081250
  58    0.0018547  -0.00986421
  59    0.0004521  -0.00372514
  60    0.0000132  -0.00021124
  61    0.0000416  -0.00058453
  62    0.0000145  -0.00017166
  63    0.0000105  -0.00012099
  64    0.0000026  -0.00009426
  65    0.0000002  -0.00001124
  66    0.0005183  -0.00138385
  67    0.0006917  -0.00173400
  68    0.0027666  -0.00836498
  69    0.0005032  -0.00169330
  70    0.0001696  -0.00074390
  71    0.0017378  -0.00963188
  72    0.0002639  -0.00123283
  73    0.0000124  -0.00037355
  74    0.0000112  -0.00013089
  75    0.0000082  -0.00011850
  76    0.0000072  -0.00012042
  77    0.0000023  -0.00005443
  78    0.0000001  -0.00000926
  79    0.0005068  -0.00136516
  80    0.0002756  -0.00098564
  81    0.0025749  -0.00774560
  82    0.0002876  -0.00115835
  83    0.0000889  -0.00041252
  84    0.0014780  -0.00808245
  85    0.0002594  -0.00121937
  86    0.0000104  -0.00018570
  87    0.0000087  -0.00012602
  88    0.0000081  -0.00011210
  89    0.0000069  -0.00010363
  90    0.0000023  -0.00005738
  91    0.0000001  -0.00000824
  92    0.0004520  -0.00133837
  93    0.0002375  -0.00103161
  94    0.0005479  -0.00222613
  95    0.0002744  -0.00107975
  96    0.0000455  -0.00015996
  97    0.0000609  -0.00027704
  98    0.0002522  -0.00120624
  99    0.0000090  -0.00012148
 100    0.0000085  -0.00011993
 101    0.0000072  -0.00010901
 102    0.0000069  -0.00010166
 103    0.0000023  -0.00025166
 104    0.0000001  -0.00000720
 105    0.0000425  -0.00017443
 106    0.0002059  -0.00093482
 107    0.0001838  -0.00090261
 108    0.0002254  -0.00099783
 109    0.0000323  -0.00015183
 110    0.0000483  -0.00021224
 111    0.0000901  -0.00061965
 112    0.0000081  -0.00011424
 113    0.0000080  -0.00011157
 114    0.0000060  -0.00009171
 115    0.0000066  -0.00009548
 116    0.0000020  -0.00006032
 117    0.0000001  -0.00000563
 
----------------
 Final Energies 
----------------
Final NOF Total Energy =    -559.7568884
 
Total Orbital Internal Iterations = 810
Total Occupation Internal Iterations = 734
 
Elapsed time:  133.08 Seconds

---------------------------------
   Lowdin Population Analysis    
---------------------------------
 Idx  Atom   Population   Charge 
---------------------------------
  1    Cl    16.890       0.110
  2     F     9.110      -0.110

---------------------------------
   M Diagnostic: 0.03
---------------------------------

