Computing Integrals
Basis Set                                            = def2-qzvp
Auxiliary Basis Set                                  = def2-universal-jkfit
Gaussian Type                                        = Spherical
Elapsed time:    1.53 Seconds

Number of basis functions                   (NBF)    = 57
Number of auxiliary basis functions         (NBFAUX) = 75
Inactive Doubly occupied orbitals up to     (NO1)    = 0
No. considered Strongly Doubly occupied MOs (NDOC)   = 2
No. considered Strongly Singly occupied MOs (NSOC)   = 2
NO. of Weakly occ. per St. Doubly occ.  MOs (NCWO)   = 26
Dimension of the Nat. Orb. subspace         (NBF5)   = 56
No. of electrons                                     = 6
    No. of alpha electrons                           = 4
    No. of beta electrons                            = 2
Multiplicity                                         = 3

Geometry
========
 C       0.0000000       0.0000000       0.0000000

No violations of the orthonormality
No violations of the orthonormality
 
PNOF8/ADAM Calculation
==================
 
  Nitext  Nit_orb  Time   Nit_occ  Time         Eelec          Etot           Ediff      maxdiff    MaxGrad_orb  Grad_occ
     1      10    8.9e+00   23    1.1e+01   -36.24777916   -36.24777916 -10035.24777916   0.631854   2.5e+00   2.5e-04 0.02
     2      10    3.0e-02   21    1.8e-02   -36.98410361   -36.98410361    -0.73632445   0.414511   1.7e+00   1.9e-04 0.03
     3      10    9.7e-03   12    9.7e-03   -37.38167635   -37.38167635    -0.39757274   0.275977   1.1e+00   1.4e-04 0.04
     4      10    1.1e-02   17    1.5e-02   -37.60245546   -37.60245546    -0.22077911   0.191939   7.7e-01   1.9e-04 0.03
     5      10    1.2e-02   13    1.1e-02   -37.71832335   -37.71832335    -0.11586789   0.123253   4.9e-01   1.8e-04 0.03
     6      10    1.1e-02   13    1.2e-02   -37.75903945   -37.75903945    -0.04071610   0.049963   2.0e-01   1.5e-04 0.03
     7      10    8.6e-03   11    8.9e-03   -37.78346922   -37.78346922    -0.02442976   0.076036   3.0e-01   1.5e-04 0.03
     8      10    8.4e-03    6    5.2e-03   -37.78594815   -37.78594815    -0.00247894   0.082148   3.3e-01   1.6e-04 0.03
     9      10    9.8e-03    6    5.5e-03   -37.79012148   -37.79012148    -0.00417333   0.085197   3.4e-01   1.8e-04 0.03
    10      10    9.8e-03    4    4.1e-03   -37.79247231   -37.79247231    -0.00235082   0.100599   4.0e-01   1.6e-04 0.03
    11      10    8.3e-03    4    4.1e-03   -37.79354595   -37.79354595    -0.00107364   0.082843   3.3e-01   1.6e-04 0.03
    12      10    8.5e-03    4    4.2e-03   -37.79427458   -37.79427458    -0.00072862   0.082838   3.3e-01   1.3e-04 0.03
    13      10    9.8e-03    1    1.4e-03   -37.79702896   -37.79702896    -0.00275438   0.071206   2.8e-01   1.9e-04 0.03
    14      10    8.5e-03    2    3.3e-03   -37.79739431   -37.79739431    -0.00036536   0.069786   2.8e-01   1.6e-04 0.03
    15      10    1.2e-02    0    2.4e-03   -37.79740238   -37.79740238    -0.00000806   0.069786   2.8e-01   1.6e-04 0.03
    16      30    2.7e-02    2    3.3e-03   -37.80450906   -37.80450906    -0.00710668   0.008807   3.5e-02   1.7e-04 0.03
    17      30    2.7e-02    2    3.3e-03   -37.80475411   -37.80475411    -0.00024505   0.002487   9.9e-03   1.2e-04 0.03
    18      30    2.7e-02    0    1.0e-03   -37.80475795   -37.80475795    -0.00000384   0.002487   9.9e-03   1.2e-04 0.03
    19      50    4.3e-02    0    9.7e-04   -37.80478995   -37.80478995    -0.00003201   0.000489   2.0e-03   1.4e-04 0.03
 
RESULTS OF THE OCCUPATION OPTIMIZATION
========================================
   1    1.9996616  -11.33066252
   2    1.9544715  -0.72798286
   3    1.0000000  -0.23062872
   4    1.0000000  -0.23062047
   5    0.0232343  -0.02012802
   6    0.0002829  -0.00556266
   7    0.0061380  -0.01058323
   8    0.0000097  -0.00031687
   9    0.0033286  -0.00484429
  10    0.0000091  -0.00010456
  11    0.0033225  -0.00484459
  12    0.0000068  -0.00011266
  13    0.0022470  -0.00341418
  14    0.0000057  -0.00008018
  15    0.0022374  -0.00340968
  16    0.0000047  -0.00004142
  17    0.0009979  -0.00152508
  18    0.0000026  -0.00002778
  19    0.0009775  -0.00151400
  20    0.0000019  -0.00002396
  21    0.0007629  -0.00114792
  22    0.0000017  -0.00002219
  23    0.0006194  -0.00119858
  24    0.0000013  -0.00001898
  25    0.0003378  -0.00067274
  26    0.0000013  -0.00001893
  27    0.0002984  -0.00064509
  28    0.0000011  -0.00002951
  29    0.0001830  -0.00038935
  30    0.0000010  -0.00002924
  31    0.0001727  -0.00038405
  32    0.0000009  -0.00002092
  33    0.0001197  -0.00024532
  34    0.0000009  -0.00001066
  35    0.0001148  -0.00024288
  36    0.0000008  -0.00000903
  37    0.0000879  -0.00017147
  38    0.0000008  -0.00000765
  39    0.0000851  -0.00017050
  40    0.0000008  -0.00000763
  41    0.0000610  -0.00016977
  42    0.0000007  -0.00000721
  43    0.0000555  -0.00016312
  44    0.0000007  -0.00000757
  45    0.0000407  -0.00012768
  46    0.0000006  -0.00000664
  47    0.0000266  -0.00006673
  48    0.0000005  -0.00000830
  49    0.0000246  -0.00005430
  50    0.0000005  -0.00000729
  51    0.0000214  -0.00005426
  52    0.0000005  -0.00000271
  53    0.0000176  -0.00004015
  54    0.0000005  -0.00000281
  55    0.0000162  -0.00004007
  56    0.0000005  -0.00000314
 
----------------
 Final Energies 
----------------
Final NOF Total Energy =     -37.8047900
 
Total Orbital Internal Iterations = 290
Total Occupation Internal Iterations = 141
 
Elapsed time:   27.11 Seconds

---------------------------------
   Lowdin Population Analysis    
---------------------------------
 Idx  Atom   Population   Charge 
---------------------------------
  1     C     6.000      -0.000

---------------------------------
   M Diagnostic: 0.03
---------------------------------

