Computing Integrals
Basis Set                                            = def2-qzvp
Auxiliary Basis Set                                  = def2-universal-jkfit
Gaussian Type                                        = Spherical
Elapsed time:    4.48 Seconds

Number of basis functions                   (NBF)    = 258
Number of auxiliary basis functions         (NBFAUX) = 326
Inactive Doubly occupied orbitals up to     (NO1)    = 0
No. considered Strongly Doubly occupied MOs (NDOC)   = 16
No. considered Strongly Singly occupied MOs (NSOC)   = 0
NO. of Weakly occ. per St. Doubly occ.  MOs (NCWO)   = 1
Dimension of the Nat. Orb. subspace         (NBF5)   = 32
No. of electrons                                     = 32
    No. of alpha electrons                           = 16
    No. of beta electrons                            = 16
Multiplicity                                         = 1

Geometry
========
 N      -6.0621076       1.0771483       0.1240269
 N      -4.9480154       1.4388084       0.4093913
 N      -7.1816965       0.7579418      -0.1486349
 F      -2.7901934       0.0821206       0.3920122
 H      -3.6339477       0.5853423       0.3904000

No violations of the orthonormality
No violations of the orthonormality
 
PNOF8/ADABelief Calculation
==================
 
  Nitext  Nit_orb  Time   Nit_occ  Time         Eelec          Etot           Ediff      maxdiff    MaxGrad_orb  Grad_occ
     1      10    1.1e+01    4    1.2e+01  -358.04642327  -264.07757163 -10357.04642327   0.000724   2.9e-03   2.5e-04 0.04
 
RESULTS OF THE OCCUPATION OPTIMIZATION
========================================
   1    1.9998402  -26.11230040
   2    1.9997221  -15.49386928
   3    1.9997558  -15.40046620
   4    1.9997696  -15.38235922
   5    1.9931874  -1.19672336
   6    1.9922486  -1.02432401
   7    1.9925724  -0.98822368
   8    1.9866661  -0.68813617
   9    1.9849907  -0.56766565
  10    1.9848397  -0.55802620
  11    1.9727299  -0.53786302
  12    1.9864279  -0.47370468
  13    1.9804872  -0.46338264
  14    1.9728978  -0.43568976
  15    1.9572871  -0.18709677
  16    1.9570528  -0.16217185
  17    0.0429472  -0.04883521
  18    0.0427129  -0.04905305
  19    0.0271022  -0.04036513
  20    0.0195128  -0.02714640
  21    0.0135721  -0.01861676
  22    0.0272701  -0.03763832
  23    0.0151603  -0.02283727
  24    0.0150093  -0.02286879
  25    0.0133339  -0.02287656
  26    0.0074276  -0.01206875
  27    0.0077514  -0.01622983
  28    0.0068126  -0.01248503
  29    0.0002304  -0.00593279
  30    0.0002442  -0.00635890
  31    0.0002779  -0.00691113
  32    0.0001598  -0.00690941
 
----------------
 Final Energies 
----------------
Final NOF Total Energy =    -264.0775716
 
Total Orbital Internal Iterations = 10
Total Occupation Internal Iterations = 4
 
Elapsed time:   29.37 Seconds

---------------------------------
   Lowdin Population Analysis    
---------------------------------
 Idx  Atom   Population   Charge 
---------------------------------
  1     N     7.179      -0.179
  2     N     7.172      -0.172
  3     N     7.279      -0.279
  4     F     8.721       0.279
  5     H     1.650      -0.650

---------------------------------
   M Diagnostic: 0.04
---------------------------------

