Computing Integrals
Basis Set                                            = def2-qzvp
Auxiliary Basis Set                                  = def2-universal-jkfit
Gaussian Type                                        = Spherical
Elapsed time:    1.77 Seconds

Number of basis functions                   (NBF)    = 117
Number of auxiliary basis functions         (NBFAUX) = 113
Inactive Doubly occupied orbitals up to     (NO1)    = 0
No. considered Strongly Doubly occupied MOs (NDOC)   = 5
No. considered Strongly Singly occupied MOs (NSOC)   = 0
NO. of Weakly occ. per St. Doubly occ.  MOs (NCWO)   = 1
Dimension of the Nat. Orb. subspace         (NBF5)   = 10
No. of electrons                                     = 10
    No. of alpha electrons                           = 5
    No. of beta electrons                            = 5
Multiplicity                                         = 1

Geometry
========
 O       1.1975660      -0.1080870       0.0000000
 H       1.4153970       0.8270140       0.0000000
 H       0.1348300      -0.0843780       0.0000000

No violations of the orthonormality
No violations of the orthonormality
 
PNOF8/ADABelief Calculation
==================
 
  Nitext  Nit_orb  Time   Nit_occ  Time         Eelec          Etot           Ediff      maxdiff    MaxGrad_orb  Grad_occ
     1      10    9.3e+00    3    1.2e+01   -84.97354493   -76.24519320 -10083.97354493   0.000754   3.0e-03   1.8e-04 0.03
 
RESULTS OF THE OCCUPATION OPTIMIZATION
========================================
   1    1.9998120  -20.60245132
   2    1.9908468  -1.27956334
   3    1.9714194  -0.71529569
   4    1.9667213  -0.67802296
   5    1.9808410  -0.53533800
   6    0.0191590  -0.02255579
   7    0.0332787  -0.03878672
   8    0.0285806  -0.03523036
   9    0.0091532  -0.02104535
  10    0.0001880  -0.00644682
 
----------------
 Final Energies 
----------------
Final NOF Total Energy =     -76.2451932
 
Total Orbital Internal Iterations = 10
Total Occupation Internal Iterations = 3
 
Elapsed time:   27.45 Seconds

---------------------------------
   Lowdin Population Analysis    
---------------------------------
 Idx  Atom   Population   Charge 
---------------------------------
  1     O     7.456       0.544
  2     H     1.358      -0.358
  3     H     1.186      -0.186

---------------------------------
   M Diagnostic: 0.03
---------------------------------

