Computing Integrals
Basis Set                                            = def2-qzvp
Auxiliary Basis Set                                  = def2-universal-jkfit
Gaussian Type                                        = Spherical
Elapsed time:    1.74 Seconds

Number of basis functions                   (NBF)    = 117
Number of auxiliary basis functions         (NBFAUX) = 113
Inactive Doubly occupied orbitals up to     (NO1)    = 0
No. considered Strongly Doubly occupied MOs (NDOC)   = 5
No. considered Strongly Singly occupied MOs (NSOC)   = 0
NO. of Weakly occ. per St. Doubly occ.  MOs (NCWO)   = 1
Dimension of the Nat. Orb. subspace         (NBF5)   = 10
No. of electrons                                     = 10
    No. of alpha electrons                           = 5
    No. of beta electrons                            = 5
Multiplicity                                         = 1

Geometry
========
 O       0.0000000       0.0000000       0.3904848
 H      -0.7567076       0.0000000      -0.1952424
 H       0.7567076       0.0000000      -0.1952424

No violations of the orthonormality
No violations of the orthonormality
 
PNOF8/ADAM Calculation
==================
 
  Nitext  Nit_orb  Time   Nit_occ  Time         Eelec          Etot           Ediff      maxdiff    MaxGrad_orb  Grad_occ
     1      10    9.3e+00    6    1.2e+01   -78.90227959   -69.70456997 -10077.90227959   1.133880   4.5e+00   1.0e-04 0.01
     2      10    2.5e-01    5    5.8e-03   -82.47501561   -73.27730599    -3.57273602   0.771918   3.1e+00   1.7e-04 0.02
     3      10    4.7e-01    6    3.9e-03   -84.00472356   -74.80701394    -1.52970795   0.540200   2.2e+00   1.1e-04 0.02
     4      10    2.2e-01    4    2.3e-03   -84.76174171   -75.56403209    -0.75701815   0.362053   1.4e+00   1.0e-04 0.03
     5      10    2.8e-01    4    2.3e-02   -85.17365615   -75.97594653    -0.41191444   0.220393   8.8e-01   7.3e-05 0.03
     6      10    5.1e-01    4    4.6e-03   -85.34180280   -76.14409318    -0.16814664   0.112921   4.5e-01   1.1e-04 0.03
     7      10    2.8e-01    4    7.3e-03   -85.41361940   -76.21590978    -0.07181661   0.111056   4.4e-01   6.6e-05 0.02
     8      10    2.0e-01    4    2.6e-02   -85.43893860   -76.24122898    -0.02531920   0.111558   4.5e-01   3.0e-05 0.03
     9      10    2.3e-01    4    2.7e-02   -85.44417519   -76.24646557    -0.00523659   0.134937   5.4e-01   6.5e-05 0.03
    10      10    2.7e-01    2    1.4e-02   -85.44590286   -76.24819324    -0.00172767   0.133969   5.4e-01   1.2e-04 0.03
    11      10    2.9e-01    2    1.1e-03   -85.44656750   -76.24885788    -0.00066464   0.119172   4.8e-01   5.0e-05 0.03
    12      10    1.8e-01    1    5.9e-04   -85.44687451   -76.24916489    -0.00030701   0.127942   5.1e-01   2.1e-04 0.03
    13      10    2.3e-01    3    8.1e-03   -85.44689282   -76.24918320    -0.00001831   0.136702   5.5e-01   2.5e-05 0.03
    14      10    2.5e-01    0    3.3e-03   -85.44689987   -76.24919025    -0.00000705   0.136702   5.5e-01   2.5e-05 0.03
    15      30    7.7e-01    1    5.5e-03   -85.45000397   -76.25229435    -0.00310410   0.002604   1.0e-02   1.3e-04 0.03
    16      30    3.9e-01    1    7.1e-03   -85.45002328   -76.25231366    -0.00001931   0.001750   7.0e-03   1.7e-04 0.03
    17      30    7.5e-01    0    1.4e-03   -85.45002491   -76.25231529    -0.00000163   0.001750   7.0e-03   1.7e-04 0.03
    18      29    6.4e-01    1    1.1e-03   -85.45004665   -76.25233703    -0.00002174   0.000474   1.9e-03   1.5e-04 0.03
 
RESULTS OF THE OCCUPATION OPTIMIZATION
========================================
   1    1.9998185  -20.59243815
   2    1.9909714  -1.28525168
   3    1.9719154  -0.72317612
   4    1.9719016  -0.72308902
   5    1.9810698  -0.53686167
   6    0.0189302  -0.02241171
   7    0.0280984  -0.03509083
   8    0.0280846  -0.03508710
   9    0.0090286  -0.02098113
  10    0.0001815  -0.00637985
 
----------------
 Final Energies 
----------------
Final NOF Total Energy =     -76.2523370
 
Total Orbital Internal Iterations = 259
Total Occupation Internal Iterations = 52
 
Elapsed time:   35.02 Seconds

---------------------------------
   Lowdin Population Analysis    
---------------------------------
 Idx  Atom   Population   Charge 
---------------------------------
  1     O     7.333       0.667
  2     H     1.334      -0.334
  3     H     1.334      -0.334

---------------------------------
   M Diagnostic: 0.03
---------------------------------

