Computing Integrals
Basis Set                                            = def2-qzvp
Auxiliary Basis Set                                  = def2-universal-jkfit
Gaussian Type                                        = Spherical
Elapsed time:    1.66 Seconds

Number of basis functions                   (NBF)    = 70
Number of auxiliary basis functions         (NBFAUX) = 128
Inactive Doubly occupied orbitals up to     (NO1)    = 0
No. considered Strongly Doubly occupied MOs (NDOC)   = 8
No. considered Strongly Singly occupied MOs (NSOC)   = 1
NO. of Weakly occ. per St. Doubly occ.  MOs (NCWO)   = 1
Dimension of the Nat. Orb. subspace         (NBF5)   = 17
No. of electrons                                     = 17
    No. of alpha electrons                           = 9
    No. of beta electrons                            = 8
Multiplicity                                         = 2

Geometry
========
Cl       0.0000000       0.0000000       0.0000000

No violations of the orthonormality
No violations of the orthonormality
 
PNOF8/ADAM Calculation
==================
 
  Nitext  Nit_orb  Time   Nit_occ  Time         Eelec          Etot           Ediff      maxdiff    MaxGrad_orb  Grad_occ
     1      10    9.0e+00   11    1.2e+01  -435.14530450  -435.14530450 -10434.14530450   3.108575   1.2e+01   1.5e-04 0.01
     2      10    2.6e-02    8    8.1e-04  -447.86278967  -447.86278967   -12.71748516   1.886867   7.5e+00   1.4e-04 0.02
     3      10    9.3e-03    4    4.5e-04  -454.15212271  -454.15212271    -6.28933304   1.160182   4.6e+00   1.2e-04 0.02
     4      10    9.4e-03    7    5.9e-04  -456.87128033  -456.87128033    -2.71915763   0.683391   2.7e+00   7.3e-05 0.02
     5      10    9.9e-03    5    4.8e-04  -457.93893612  -457.93893612    -1.06765579   0.257172   1.0e+00   1.2e-04 0.03
     6      10    2.1e-02    8    5.8e-04  -458.41057908  -458.41057908    -0.47164296   0.215481   8.6e-01   9.9e-05 0.03
     7      10    9.0e-03    4    4.6e-04  -458.74186952  -458.74186952    -0.33129044   0.202348   8.1e-01   1.6e-04 0.04
     8      10    1.1e-02    4    4.6e-04  -458.96885632  -458.96885632    -0.22698680   0.336974   1.3e+00   1.0e-04 0.04
     9      10    8.9e-03    6    5.7e-04  -459.12862733  -459.12862733    -0.15977101   0.256968   1.0e+00   7.9e-05 0.04
    10      10    1.0e-02    5    6.5e-04  -459.28318524  -459.28318524    -0.15455791   0.452207   1.8e+00   2.3e-04 0.03
    11      10    1.1e-02    4    4.6e-04  -459.40763859  -459.40763859    -0.12445335   0.287691   1.2e+00   1.4e-04 0.03
    12      10    9.9e-03    3    4.3e-04  -459.51320857  -459.51320857    -0.10556998   0.297245   1.2e+00   2.0e-04 0.03
    13      10    1.0e-02    3    4.4e-04  -459.58926955  -459.58926955    -0.07606098   0.358421   1.4e+00   5.9e-05 0.02
    14      10    9.2e-03    3    4.6e-04  -459.64091905  -459.64091905    -0.05164950   0.274046   1.1e+00   8.1e-05 0.02
    15      10    1.1e-02    3    5.1e-04  -459.68321413  -459.68321413    -0.04229508   0.278012   1.1e+00   5.4e-05 0.02
    16      10    9.7e-03    3    4.2e-04  -459.70518403  -459.70518403    -0.02196990   0.314952   1.3e+00   4.0e-05 0.02
    17      10    1.5e-02    2    5.5e-04  -459.71402380  -459.71402380    -0.00883977   0.314971   1.3e+00   8.7e-05 0.02
    18      10    1.7e-02    2    4.7e-04  -459.72763808  -459.72763808    -0.01361428   0.250843   1.0e+00   6.8e-05 0.02
    19      10    1.1e-02    2    4.3e-04  -459.72822860  -459.72822860    -0.00059052   0.265457   1.1e+00   3.8e-05 0.02
    20      10    9.6e-03    0    3.2e-04  -459.72824788  -459.72824788    -0.00001928   0.265457   1.1e+00   3.8e-05 0.02
    21      30    2.4e-02    2    4.0e-04  -459.74719611  -459.74719611    -0.01894823   0.038239   1.5e-01   4.3e-05 0.02
    22      30    3.0e-02    2    4.3e-04  -459.75093055  -459.75093055    -0.00373443   0.023447   9.4e-02   3.3e-05 0.02
    23      30    3.6e-02    1    6.1e-04  -459.75215533  -459.75215533    -0.00122478   0.019653   7.9e-02   1.5e-04 0.02
    24      30    3.5e-02    1    4.8e-04  -459.75297158  -459.75297158    -0.00081625   0.011055   4.4e-02   1.5e-04 0.02
    25      30    3.3e-02    1    6.8e-04  -459.75326337  -459.75326337    -0.00029179   0.011964   4.8e-02   1.2e-04 0.02
    26      30    3.0e-02    1    3.6e-04  -459.75341857  -459.75341857    -0.00015520   0.010407   4.2e-02   1.1e-04 0.02
    27      30    4.0e-02    1    4.9e-04  -459.75360046  -459.75360046    -0.00018189   0.013273   5.3e-02   9.4e-05 0.02
    28      30    2.6e-02    1    3.7e-04  -459.75373234  -459.75373234    -0.00013188   0.009357   3.7e-02   8.4e-05 0.02
    29      30    2.8e-02    1    4.1e-04  -459.75386112  -459.75386112    -0.00012878   0.012499   5.0e-02   7.4e-05 0.02
    30      30    4.6e-02    1    4.2e-04  -459.75395360  -459.75395360    -0.00009248   0.011146   4.5e-02   8.0e-05 0.02
    31      30    6.8e-02    1    3.9e-04  -459.75407312  -459.75407312    -0.00011952   0.011212   4.5e-02   8.7e-05 0.02
    32      30    3.0e-02    1    3.8e-04  -459.75417825  -459.75417825    -0.00010513   0.012117   4.8e-02   1.2e-04 0.02
    33      30    3.2e-02    1    4.0e-04  -459.75432822  -459.75432822    -0.00014996   0.010433   4.2e-02   1.4e-04 0.02
    34      30    4.9e-02    3    1.9e-03  -459.75443564  -459.75443564    -0.00010743   0.011018   4.4e-02   3.0e-05 0.02
    35      30    3.4e-02    1    3.8e-04  -459.75455986  -459.75455986    -0.00012422   0.010584   4.2e-02   1.4e-04 0.02
    36      30    4.6e-02    2    4.1e-04  -459.75473359  -459.75473359    -0.00017373   0.011083   4.4e-02   1.8e-04 0.02
    37      30    3.3e-02    2    4.5e-04  -459.75487058  -459.75487058    -0.00013699   0.011146   4.5e-02   1.8e-04 0.02
    38      30    2.3e-02    3    4.6e-04  -459.75502218  -459.75502218    -0.00015159   0.011580   4.6e-02   4.5e-05 0.02
    39      30    3.6e-02    2    4.5e-04  -459.75514157  -459.75514157    -0.00011940   0.011516   4.6e-02   1.4e-04 0.02
    40      30    2.7e-02    3    5.8e-04  -459.75527784  -459.75527784    -0.00013627   0.011558   4.6e-02   3.8e-05 0.02
 
RESULTS OF THE OCCUPATION OPTIMIZATION
========================================
   1    1.9999702  -104.92802759
   2    1.9992454  -10.61149303
   3    1.9984679  -8.07804524
   4    1.9989939  -8.07761252
   5    1.9989996  -8.07576466
   6    1.9899594  -1.08023422
   7    1.9785401  -0.50272586
   8    1.9786129  -0.50025026
   9    1.0000000  -0.28969196
  10    0.0213871  -0.02429549
  11    0.0214599  -0.02436056
  12    0.0100406  -0.02683320
  13    0.0010004  -0.01869617
  14    0.0010061  -0.01871348
  15    0.0015321  -0.02350872
  16    0.0007546  -0.01684636
  17    0.0000298  -0.00579331
 
----------------
 Final Energies 
----------------
Final NOF Total Energy =    -459.7552778
 
Total Orbital Internal Iterations = 800
Total Occupation Internal Iterations = 118
 
Elapsed time:   28.36 Seconds

---------------------------------
   Lowdin Population Analysis    
---------------------------------
 Idx  Atom   Population   Charge 
---------------------------------
  1    Cl    17.000      -0.000

---------------------------------
   M Diagnostic: 0.02
---------------------------------

