Computing Integrals
Basis Set                                            = def2-qzvp
Auxiliary Basis Set                                  = def2-universal-jkfit
Gaussian Type                                        = Spherical
Elapsed time:    1.64 Seconds

Number of basis functions                   (NBF)    = 114
Number of auxiliary basis functions         (NBFAUX) = 154
Inactive Doubly occupied orbitals up to     (NO1)    = 0
No. considered Strongly Doubly occupied MOs (NDOC)   = 7
No. considered Strongly Singly occupied MOs (NSOC)   = 2
NO. of Weakly occ. per St. Doubly occ.  MOs (NCWO)   = 1
Dimension of the Nat. Orb. subspace         (NBF5)   = 16
No. of electrons                                     = 16
    No. of alpha electrons                           = 9
    No. of beta electrons                            = 7
Multiplicity                                         = 3

Geometry
========
 N       0.0000000       0.0000000       0.6348700
 O       0.0000000       0.0000000      -0.6348700

No violations of the orthonormality
No violations of the orthonormality
 
PNOF8/ADAM Calculation
==================
 
  Nitext  Nit_orb  Time   Nit_occ  Time         Eelec          Etot           Ediff      maxdiff    MaxGrad_orb  Grad_occ
     1      10    9.3e+00    9    1.2e+01  -144.08788833  -120.74935847 -10143.08788833   1.021058   4.1e+00   9.6e-05 0.02
     2      10    3.9e-01    8    2.2e-02  -148.99076925  -125.65223939    -4.90288092   0.586564   2.3e+00   1.4e-04 0.03
     3      10    3.5e-01    8    1.5e-02  -150.96686836  -127.62833850    -1.97609911   0.420724   1.7e+00   2.7e-05 0.04
     4      10    2.7e-01    3    1.0e-03  -151.96651542  -128.62798555    -0.99964705   0.277774   1.1e+00   1.6e-04 0.04
     5      10    2.4e-01    5    1.9e-03  -152.45477413  -129.11624427    -0.48825872   0.146479   5.9e-01   1.6e-04 0.04
     6      10    6.0e-01    5    6.1e-03  -152.69436976  -129.35583990    -0.23959563   0.235428   9.4e-01   6.7e-05 0.04
     7      10    4.0e-01    3    2.1e-03  -152.78961219  -129.45108233    -0.09524243   0.103310   4.1e-01   1.8e-04 0.03
     8      10    3.6e-01    3    1.7e-02  -152.82790584  -129.48937598    -0.03829365   0.118958   4.8e-01   2.2e-04 0.03
     9      10    6.4e-01    4    1.3e-02  -152.84697400  -129.50844414    -0.01906816   0.122656   4.9e-01   1.5e-04 0.03
    10      10    4.1e-01    5    1.9e-03  -152.85771306  -129.51918319    -0.01073905   0.123161   4.9e-01   6.0e-05 0.03
    11      10    6.6e-01    5    1.6e-03  -152.86434328  -129.52581342    -0.00663022   0.132685   5.3e-01   4.8e-05 0.03
    12      10    6.2e-01    4    7.0e-03  -152.86692543  -129.52839557    -0.00258215   0.136686   5.5e-01   1.5e-04 0.03
    13      10    4.9e-01    4    1.2e-02  -152.86892983  -129.53039997    -0.00200440   0.134337   5.4e-01   1.1e-04 0.03
    14      10    3.0e-01    2    3.2e-02  -152.87004883  -129.53151897    -0.00111900   0.125409   5.0e-01   1.5e-04 0.04
    15      10    4.8e-01    0    1.2e-03  -152.87007514  -129.53154528    -0.00002631   0.125409   5.0e-01   1.5e-04 0.04
    16      30    1.1e+00    3    2.8e-03  -152.87802293  -129.53949307    -0.00794779   0.001832   7.3e-03   1.2e-04 0.04
    17      30    2.1e+00    2    2.7e-02  -152.87824854  -129.53971868    -0.00022562   0.001382   5.5e-03   1.1e-04 0.04
    18      30    1.1e+00    0    1.5e-02  -152.87825680  -129.53972694    -0.00000826   0.001382   5.5e-03   1.1e-04 0.04
    19      31    1.0e+00    2    2.4e-02  -152.87828830  -129.53975844    -0.00003150   0.000471   1.9e-03   1.5e-04 0.04
 
RESULTS OF THE OCCUPATION OPTIMIZATION
========================================
   1    1.9998101  -20.08317815
   2    1.9997167  -15.52005296
   3    1.9895776  -0.97405949
   4    1.9812634  -0.59334004
   5    1.9640157  -0.42374109
   6    1.9790842  -0.29954368
   7    1.9788682  -0.29055532
   8    1.0000000  -0.06055882
   9    1.0000000  -0.06049982
  10    0.0211318  -0.01688993
  11    0.0209158  -0.01714900
  12    0.0359843  -0.04563313
  13    0.0187366  -0.01897585
  14    0.0104224  -0.01991279
  15    0.0002833  -0.00721342
  16    0.0001899  -0.00642791
 
----------------
 Final Energies 
----------------
Final NOF Total Energy =    -129.5397584
 
Total Orbital Internal Iterations = 271
Total Occupation Internal Iterations = 75
 
Elapsed time:   40.55 Seconds

---------------------------------
   Lowdin Population Analysis    
---------------------------------
 Idx  Atom   Population   Charge 
---------------------------------
  1     N     7.573      -0.573
  2     O     8.427      -0.427

---------------------------------
   M Diagnostic: 0.04
---------------------------------

