Computing Integrals
Basis Set                                            = def2-qzvp
Auxiliary Basis Set                                  = def2-universal-jkfit
Gaussian Type                                        = Spherical
Elapsed time:    1.69 Seconds

Number of basis functions                   (NBF)    = 114
Number of auxiliary basis functions         (NBFAUX) = 154
Inactive Doubly occupied orbitals up to     (NO1)    = 0
No. considered Strongly Doubly occupied MOs (NDOC)   = 7
No. considered Strongly Singly occupied MOs (NSOC)   = 2
NO. of Weakly occ. per St. Doubly occ.  MOs (NCWO)   = 1
Dimension of the Nat. Orb. subspace         (NBF5)   = 16
No. of electrons                                     = 16
    No. of alpha electrons                           = 9
    No. of beta electrons                            = 7
Multiplicity                                         = 3

Geometry
========
 O       0.0000000       0.0000000       0.6044902
 O       0.0000000       0.0000000      -0.6044902

No violations of the orthonormality
No violations of the orthonormality
 
PNOF8/ADAM Calculation
==================
 
  Nitext  Nit_orb  Time   Nit_occ  Time         Eelec          Etot           Ediff      maxdiff    MaxGrad_orb  Grad_occ
     1      10    9.1e+00   13    1.2e+01  -168.86055820  -140.84747116 -10167.86055820   1.029519   4.1e+00   2.3e-04 0.03
     2      10    3.2e-01   10    1.7e-03  -173.24582610  -145.23273907    -4.38526791   0.575686   2.3e+00   1.6e-04 0.05
     3      10    2.4e-01    8    2.5e-03  -175.42294085  -147.40985382    -2.17711475   0.392793   1.6e+00   7.7e-05 0.05
     4      10    5.5e-01    4    3.3e-02  -176.52313510  -148.51004806    -1.10019424   0.293610   1.2e+00   1.8e-04 0.04
     5      10    4.7e-01    6    1.2e-02  -177.13603692  -149.12294989    -0.61290183   0.274175   1.1e+00   1.8e-04 0.04
     6      10    4.7e-01    4    5.3e-02  -177.46688351  -149.45379648    -0.33084659   0.218463   8.7e-01   1.4e-04 0.04
     7      10    4.7e-01    5    5.5e-03  -177.64423625  -149.63114922    -0.17735274   0.153151   6.1e-01   8.7e-05 0.03
     8      10    4.9e-01    4    1.8e-02  -177.74047747  -149.72739043    -0.09624121   0.157593   6.3e-01   6.8e-05 0.03
     9      10    5.5e-01    5    1.3e-03  -177.78502771  -149.77194068    -0.04455025   0.139816   5.6e-01   3.3e-05 0.04
    10      10    3.8e-01    4    2.4e-02  -177.81771538  -149.80462835    -0.03268766   0.130724   5.2e-01   1.2e-04 0.04
    11      10    3.5e-01    4    4.8e-02  -177.84929748  -149.83621045    -0.03158211   0.132761   5.3e-01   2.2e-04 0.04
    12      10    6.0e-01    4    1.7e-02  -177.87853080  -149.86544377    -0.02923332   0.143834   5.8e-01   1.3e-04 0.04
    13      10    4.7e-01    4    4.3e-03  -177.90400472  -149.89091769    -0.02547392   0.143939   5.8e-01   1.8e-04 0.04
    14      10    6.9e-01    3    1.4e-02  -177.92286880  -149.90978177    -0.01886408   0.144053   5.8e-01   1.5e-04 0.04
    15      10    4.9e-01    3    1.7e-02  -177.93567531  -149.92258827    -0.01280650   0.152454   6.1e-01   5.0e-05 0.04
    16      10    4.0e-01    1    1.5e-02  -177.94318966  -149.93010262    -0.00751435   0.137642   5.5e-01   9.2e-05 0.04
    17      10    6.1e-01    2    1.3e-02  -177.94729735  -149.93421032    -0.00410769   0.149853   6.0e-01   1.1e-04 0.04
    18      10    6.4e-01    1    4.4e-03  -177.94942913  -149.93634210    -0.00213178   0.147123   5.9e-01   1.2e-04 0.04
    19      10    5.5e-01    2    2.2e-02  -177.95030745  -149.93722041    -0.00087832   0.150777   6.0e-01   1.4e-04 0.04
    20      10    7.5e-01    1    1.3e-02  -177.95155185  -149.93846482    -0.00124441   0.144514   5.8e-01   1.5e-04 0.04
    21      10    6.3e-01    0    2.1e-02  -177.95155276  -149.93846573    -0.00000091   0.144514   5.8e-01   1.5e-04 0.04
    22      30    1.3e+00    2    2.1e-02  -177.95982048  -149.94673344    -0.00826771   0.002669   1.1e-02   1.5e-04 0.04
    23      30    1.2e+00    2    7.2e-03  -177.95998805  -149.94690102    -0.00016757   0.001285   5.1e-03   1.6e-04 0.04
    24      30    1.2e+00    1    3.2e-03  -177.96002758  -149.94694054    -0.00003953   0.001462   5.8e-03   1.8e-04 0.04
    25      30    1.3e+00    2    1.3e-02  -177.96004128  -149.94695425    -0.00001371   0.002373   9.5e-03   1.6e-04 0.04
    26      30    1.7e+00    2    2.8e-02  -177.96007195  -149.94698492    -0.00003067   0.001922   7.7e-03   1.3e-04 0.04
    27      30    1.5e+00    1    1.6e-02  -177.96008139  -149.94699436    -0.00000944   0.001750   7.0e-03   1.0e-04 0.04
    28      30    1.8e+00    0    1.7e-02  -177.96008794  -149.94700091    -0.00000655   0.001953   7.8e-03   1.5e-04 0.04
    29      40    2.1e+00    1    7.2e-02  -177.96011744  -149.94703041    -0.00002950   0.000886   3.5e-03   1.0e-04 0.04
 
RESULTS OF THE OCCUPATION OPTIMIZATION
========================================
   1    1.9998145  -20.73840632
   2    1.9998237  -20.73723961
   3    1.9898072  -1.38714771
   4    1.9889747  -1.31448748
   5    1.9620132  -0.83833084
   6    1.9815653  -0.71924449
   7    1.9815648  -0.71905014
   8    1.0000000  -0.28761321
   9    1.0000000  -0.28757645
  10    0.0184352  -0.01771634
  11    0.0184347  -0.01771628
  12    0.0379868  -0.06024156
  13    0.0110253  -0.02182431
  14    0.0101928  -0.02145486
  15    0.0001763  -0.00605460
  16    0.0001855  -0.00626244
 
----------------
 Final Energies 
----------------
Final NOF Total Energy =    -149.9470304
 
Total Orbital Internal Iterations = 460
Total Occupation Internal Iterations = 99
 
Elapsed time:   52.31 Seconds

---------------------------------
   Lowdin Population Analysis    
---------------------------------
 Idx  Atom   Population   Charge 
---------------------------------
  1     O     8.001      -0.001
  2     O     7.999       0.001

---------------------------------
   M Diagnostic: 0.04
---------------------------------

