Computing Integrals
Basis Set                                            = def2-qzvp
Auxiliary Basis Set                                  = def2-universal-jkfit
Gaussian Type                                        = Spherical
Elapsed time:    2.33 Seconds

Number of basis functions                   (NBF)    = 140
Number of auxiliary basis functions         (NBFAUX) = 256
Inactive Doubly occupied orbitals up to     (NO1)    = 0
No. considered Strongly Doubly occupied MOs (NDOC)   = 17
No. considered Strongly Singly occupied MOs (NSOC)   = 0
NO. of Weakly occ. per St. Doubly occ.  MOs (NCWO)   = 1
Dimension of the Nat. Orb. subspace         (NBF5)   = 34
No. of electrons                                     = 34
    No. of alpha electrons                           = 17
    No. of beta electrons                            = 17
Multiplicity                                         = 1

Geometry
========
Cl       0.0000000       0.0000000       1.0210496
Cl       0.0000000       0.0000000      -1.0210496

No violations of the orthonormality
No violations of the orthonormality
 
PNOF8/ADAM Calculation
==================
 
  Nitext  Nit_orb  Time   Nit_occ  Time         Eelec          Etot           Ediff      maxdiff    MaxGrad_orb  Grad_occ
     1      10    9.8e+00   10    1.2e+01  -958.57240045  -883.68284253 -10957.57240045   2.300306   9.2e+00   2.2e-04 0.00
     2      10    7.9e-01    6    1.5e-02  -981.10326661  -906.21370869   -22.53086616   1.309803   5.2e+00   2.7e-04 0.01
     3      10    7.8e-01    6    3.6e-02  -989.31110318  -914.42154526    -8.20783657   0.781500   3.1e+00   3.1e-04 0.01
     4      10    1.0e+00    6    4.7e-02  -992.22529435  -917.33573643    -2.91419117   0.309879   1.2e+00   1.7e-04 0.02
     5      10    1.1e+00    5    2.4e-02  -993.32656733  -918.43700941    -1.10127298   0.285974   1.1e+00   2.8e-04 0.03
     6      10    7.4e-01    7    4.7e-02  -993.91495831  -919.02540039    -0.58839098   0.364143   1.5e+00   1.9e-04 0.03
     7      10    9.2e-01    7    5.5e-02  -994.17856920  -919.28901128    -0.26361089   0.338024   1.4e+00   1.3e-04 0.03
     8      10    9.2e-01    7    2.1e-02  -994.34764581  -919.45808789    -0.16907662   0.353407   1.4e+00   9.3e-05 0.03
     9      10    1.0e+00    4    6.2e-03  -994.40735028  -919.51779236    -0.05970447   0.349073   1.4e+00   2.2e-04 0.03
    10      10    1.3e+00    3    4.9e-02  -994.40826098  -919.51870306    -0.00091070   1.136149   4.5e+00   2.6e-04 0.03
    11      10    8.8e-01    3    2.0e-02  -994.43182748  -919.54226956    -0.02356650   0.535666   2.1e+00   1.3e-04 0.03
    12      10    1.0e+00    3    8.1e-02  -994.43761515  -919.54805724    -0.00578768   0.364270   1.5e+00   1.3e-04 0.03
    13      10    8.3e-01    0    3.6e-03  -994.43768084  -919.54812293    -0.00006569   0.364270   1.5e+00   1.3e-04 0.03
    14      30    2.7e+00    3    6.8e-02  -994.50680611  -919.61724819    -0.06912527   0.024395   9.8e-02   2.2e-04 0.04
    15      30    2.8e+00    3    8.5e-03  -994.51304824  -919.62349032    -0.00624212   0.015338   6.1e-02   1.8e-04 0.04
    16      30    2.8e+00    3    6.0e-03  -994.51461600  -919.62505808    -0.00156776   0.015324   6.1e-02   1.3e-04 0.04
    17      30    4.3e+00    2    3.6e-02  -994.51619409  -919.62663617    -0.00157810   0.016399   6.6e-02   2.1e-04 0.04
    18      30    2.8e+00    3    2.9e-02  -994.51679808  -919.62724017    -0.00060399   0.018313   7.3e-02   6.0e-05 0.04
    19      30    2.7e+00    2    3.9e-02  -994.51769539  -919.62813747    -0.00089731   0.015610   6.2e-02   1.9e-04 0.04
    20      30    3.1e+00    2    2.5e-02  -994.51804775  -919.62848983    -0.00035236   0.017776   7.1e-02   2.1e-04 0.04
    21      30    2.5e+00    2    4.5e-02  -994.51828441  -919.62872649    -0.00023666   0.017994   7.2e-02   1.7e-04 0.04
    22      30    2.5e+00    1    4.2e-02  -994.51867907  -919.62912115    -0.00039466   0.016194   6.5e-02   1.9e-04 0.04
    23      30    2.8e+00    2    2.7e-02  -994.51888771  -919.62932979    -0.00020864   0.016716   6.7e-02   2.0e-04 0.04
    24      30    3.0e+00    1    6.2e-02  -994.51906299  -919.62950507    -0.00017528   0.016758   6.7e-02   1.9e-04 0.04
    25      30    2.3e+00    1    2.4e-02  -994.51931716  -919.62975924    -0.00025416   0.017270   6.9e-02   2.4e-04 0.04
    26      30    2.6e+00    2    3.4e-02  -994.51945440  -919.62989648    -0.00013725   0.018413   7.4e-02   1.8e-04 0.04
    27      30    3.0e+00    1    1.8e-02  -994.51960535  -919.63004743    -0.00015094   0.016700   6.7e-02   2.0e-04 0.04
    28      30    3.3e+00    1    2.4e-02  -994.51970996  -919.63015204    -0.00010461   0.017010   6.8e-02   1.9e-04 0.04
    29      30    3.0e+00    2    3.2e-02  -994.51974763  -919.63018971    -0.00003767   0.017054   6.8e-02   1.6e-04 0.04
    30      30    5.1e+00    1    4.7e-02  -994.51977242  -919.63021451    -0.00002480   0.016389   6.6e-02   1.5e-04 0.04
    31      30    3.6e+00    0    6.0e-02  -994.51977448  -919.63021657    -0.00000206   0.016389   6.6e-02   1.5e-04 0.04
    32      50    5.1e+00    2    2.5e-02  -994.52091774  -919.63135982    -0.00114326   0.001228   4.9e-03   1.2e-04 0.04
    33      50    4.1e+00    0    2.7e-02  -994.52091900  -919.63136108    -0.00000126   0.001228   4.9e-03   1.2e-04 0.04
    34      70    5.6e+00    2    3.3e-02  -994.52093710  -919.63137918    -0.00001809   0.000625   2.5e-03   1.1e-04 0.04
 
RESULTS OF THE OCCUPATION OPTIMIZATION
========================================
   1    1.9999692  -104.94210001
   2    1.9999747  -104.94008444
   3    1.9993449  -10.62389072
   4    1.9993543  -10.62172322
   5    1.9990772  -8.09198722
   6    1.9990815  -8.09077506
   7    1.9985180  -8.08944814
   8    1.9990770  -8.08831818
   9    1.9990807  -8.08743093
  10    1.9981475  -8.08613954
  11    1.9910228  -1.12953303
  12    1.9882137  -1.10241231
  13    1.9634495  -0.60853990
  14    1.9801424  -0.52451951
  15    1.9796563  -0.51651570
  16    1.9791849  -0.50819975
  17    1.9797022  -0.50262743
  18    0.0202978  -0.02655142
  19    0.0208151  -0.02463545
  20    0.0203437  -0.02450056
  21    0.0198576  -0.02645013
  22    0.0365505  -0.05962717
  23    0.0117863  -0.02219927
  24    0.0089772  -0.02842362
  25    0.0018525  -0.03047676
  26    0.0009193  -0.01769577
  27    0.0009230  -0.01770125
  28    0.0014820  -0.02263882
  29    0.0009185  -0.01768241
  30    0.0009228  -0.01770249
  31    0.0006457  -0.01533482
  32    0.0006551  -0.01547802
  33    0.0000253  -0.00509342
  34    0.0000308  -0.00583730
 
----------------
 Final Energies 
----------------
Final NOF Total Energy =    -919.6313792
 
Total Orbital Internal Iterations = 840
Total Occupation Internal Iterations = 103
 
Elapsed time:  113.05 Seconds

---------------------------------
   Lowdin Population Analysis    
---------------------------------
 Idx  Atom   Population   Charge 
---------------------------------
  1    Cl    16.999       0.001
  2    Cl    17.001      -0.001

---------------------------------
   M Diagnostic: 0.04
---------------------------------

