Computing Integrals
Basis Set                                            = def2-qzvp
Auxiliary Basis Set                                  = def2-universal-jkfit
Gaussian Type                                        = Spherical
Elapsed time:    1.73 Seconds

Number of basis functions                   (NBF)    = 177
Number of auxiliary basis functions         (NBFAUX) = 147
Inactive Doubly occupied orbitals up to     (NO1)    = 0
No. considered Strongly Doubly occupied MOs (NDOC)   = 5
No. considered Strongly Singly occupied MOs (NSOC)   = 0
NO. of Weakly occ. per St. Doubly occ.  MOs (NCWO)   = 1
Dimension of the Nat. Orb. subspace         (NBF5)   = 10
No. of electrons                                     = 10
    No. of alpha electrons                           = 5
    No. of beta electrons                            = 5
Multiplicity                                         = 1

Geometry
========
 C       0.0000000       0.0000000       0.0000000
 H       0.6285100      -0.6285100       0.6285100
 H      -0.6285100       0.6285100       0.6285100
 H      -0.6285100      -0.6285100      -0.6285100
 H       0.6285100       0.6285100      -0.6285100

No violations of the orthonormality
No violations of the orthonormality
 
PNOF8/ADAM Calculation
==================
 
  Nitext  Nit_orb  Time   Nit_occ  Time         Eelec          Etot           Ediff      maxdiff    MaxGrad_orb  Grad_occ
     1      10    9.5e+00    8    1.2e+01   -47.32452532   -33.87202321 -10046.32452532   0.866974   3.5e+00   7.2e-05 0.01
     2      10    3.2e-01    4    2.7e-02   -50.70200280   -37.24950068    -3.37747748   0.575264   2.3e+00   1.0e-04 0.02
     3      10    4.8e-01    4    4.0e-02   -52.38818548   -38.93568336    -1.68618268   0.397969   1.6e+00   1.5e-04 0.02
     4      10    5.0e-01    4    2.8e-02   -53.29177910   -39.83927698    -0.90359362   0.251197   1.0e+00   3.1e-05 0.02
     5      10    4.6e-01    3    4.8e-03   -53.66872495   -40.21622283    -0.37694585   0.135259   5.4e-01   5.9e-05 0.03
     6      10    5.1e-01    2    6.7e-03   -53.78565433   -40.33315221    -0.11692938   0.081327   3.3e-01   1.9e-04 0.03
     7      10    7.4e-01    2    3.8e-03   -53.81161829   -40.35911617    -0.02596396   0.055505   2.2e-01   1.8e-04 0.03
     8      10    4.0e-01    2    1.5e-02   -53.81642123   -40.36391911    -0.00480294   0.048933   2.0e-01   1.0e-04 0.03
     9      10    5.7e-01    1    1.1e-02   -53.81667731   -40.36417519    -0.00025608   0.043659   1.7e-01   1.5e-04 0.03
    10      10    1.0e+00    1    6.3e-02   -53.81683980   -40.36433769    -0.00016249   0.073721   2.9e-01   5.6e-05 0.03
    11      10    6.1e-01    1    1.7e-02   -53.81742033   -40.36491821    -0.00058052   0.035421   1.4e-01   3.0e-05 0.03
    12      10    6.1e-01    0    1.0e-02   -53.81742176   -40.36491964    -0.00000143   0.035421   1.4e-01   3.0e-05 0.03
    13      21    9.9e-01    0    3.9e-02   -53.81917950   -40.36667738    -0.00175774   0.000496   2.0e-03   1.4e-04 0.03
 
RESULTS OF THE OCCUPATION OPTIMIZATION
========================================
   1    1.9996380  -11.20290749
   2    1.9819447  -0.86526274
   3    1.9749342  -0.58493737
   4    1.9749191  -0.58487817
   5    1.9749871  -0.58446221
   6    0.0250129  -0.02427844
   7    0.0250809  -0.02434338
   8    0.0250658  -0.02434102
   9    0.0180553  -0.02238192
  10    0.0003620  -0.00701449
 
----------------
 Final Energies 
----------------
Final NOF Total Energy =     -40.3666774
 
Total Orbital Internal Iterations = 141
Total Occupation Internal Iterations = 32
 
Elapsed time:   37.22 Seconds

---------------------------------
   Lowdin Population Analysis    
---------------------------------
 Idx  Atom   Population   Charge 
---------------------------------
  1     C     5.695       0.305
  2     H     1.077      -0.077
  3     H     1.077      -0.077
  4     H     1.075      -0.075
  5     H     1.077      -0.077

---------------------------------
   M Diagnostic: 0.03
---------------------------------

