Computing Integrals
Basis Set                                            = def2-qzvp
Auxiliary Basis Set                                  = def2-universal-jkfit
Gaussian Type                                        = Spherical
Elapsed time:    3.53 Seconds

Number of basis functions                   (NBF)    = 228
Number of auxiliary basis functions         (NBFAUX) = 306
Inactive Doubly occupied orbitals up to     (NO1)    = 0
No. considered Strongly Doubly occupied MOs (NDOC)   = 16
No. considered Strongly Singly occupied MOs (NSOC)   = 0
NO. of Weakly occ. per St. Doubly occ.  MOs (NCWO)   = 1
Dimension of the Nat. Orb. subspace         (NBF5)   = 32
No. of electrons                                     = 32
    No. of alpha electrons                           = 16
    No. of beta electrons                            = 16
Multiplicity                                         = 1

Geometry
========
 B       0.0000000       0.0000000       0.0000000
 F       0.6583670       1.1403250       0.0000000
 F       0.6583670      -1.1403250       0.0000000
 F      -1.3167339       0.0000000       0.0000000

No violations of the orthonormality
No violations of the orthonormality
 
PNOF8/ADAM Calculation
==================
 
  Nitext  Nit_orb  Time   Nit_occ  Time         Eelec          Etot           Ediff      maxdiff    MaxGrad_orb  Grad_occ
     1      10    1.0e+01    7    1.2e+01  -419.46817419  -308.83068787 -10418.46817419   1.125591   4.5e+00   1.7e-04 0.01
     2      10    9.9e-01   12    4.3e-02  -428.07584199  -317.43835567    -8.60766780   0.705800   2.8e+00   9.1e-05 0.02
     3      10    1.2e+00    9    3.2e-02  -431.82991568  -321.19242935    -3.75407368   0.453057   1.8e+00   1.3e-04 0.03
     4      10    1.0e+00    6    2.6e-02  -433.69275119  -323.05526487    -1.86283552   0.266393   1.1e+00   1.9e-04 0.03
     5      10    1.4e+00    5    8.8e-03  -434.37916928  -323.74168296    -0.68641809   0.167091   6.7e-01   2.6e-04 0.02
     6      10    1.2e+00    5    3.5e-02  -434.52130081  -323.88381448    -0.14213152   0.235252   9.4e-01   1.5e-04 0.02
     7      10    1.0e+00    5    4.3e-02  -434.54060343  -323.90311711    -0.01930263   0.214671   8.6e-01   1.1e-04 0.03
     8      10    1.2e+00    5    1.3e-02  -434.54546273  -323.90797640    -0.00485929   0.147507   5.9e-01   1.2e-04 0.03
     9      10    1.0e+00    4    4.1e-02  -434.54699631  -323.90950998    -0.00153358   0.152033   6.1e-01   1.8e-04 0.03
    10      10    1.4e+00    2    5.7e-02  -434.54751294  -323.91002662    -0.00051664   0.168342   6.7e-01   2.3e-04 0.03
    11      10    1.1e+00    2    1.1e-02  -434.54824506  -323.91075873    -0.00073212   0.170074   6.8e-01   2.5e-04 0.03
    12      10    9.6e-01    2    1.1e-02  -434.54939823  -323.91191191    -0.00115317   0.194285   7.8e-01   2.2e-04 0.03
    13      10    1.4e+00    2    3.8e-02  -434.55052179  -323.91303547    -0.00112356   0.169372   6.8e-01   2.0e-04 0.03
    14      10    1.1e+00    2    6.3e-02  -434.55111875  -323.91363243    -0.00059696   0.163561   6.5e-01   2.0e-04 0.03
    15      10    1.1e+00    0    6.6e-02  -434.55122982  -323.91374350    -0.00011107   0.163561   6.5e-01   2.0e-04 0.03
    16      30    3.9e+00    2    2.7e-02  -434.58165146  -323.94416514    -0.03042164   0.003501   1.4e-02   2.2e-04 0.03
    17      30    3.8e+00    2    1.6e-02  -434.58223457  -323.94474824    -0.00058311   0.003608   1.4e-02   2.0e-04 0.03
    18      30    3.8e+00    2    6.2e-02  -434.58253019  -323.94504387    -0.00029562   0.009751   3.9e-02   1.5e-04 0.03
    19      30    3.7e+00    2    4.0e-02  -434.58273642  -323.94525009    -0.00020622   0.003369   1.3e-02   1.3e-04 0.03
    20      30    3.6e+00    2    3.8e-02  -434.58287300  -323.94538668    -0.00013659   0.002855   1.1e-02   1.0e-04 0.03
    21      30    3.8e+00    1    1.1e-02  -434.58295829  -323.94547197    -0.00008529   0.003575   1.4e-02   2.1e-04 0.03
    22      30    4.3e+00    1    3.2e-02  -434.58301484  -323.94552851    -0.00005654   0.003360   1.3e-02   1.6e-04 0.03
    23      30    4.1e+00    1    8.9e-03  -434.58304410  -323.94555778    -0.00002927   0.005881   2.4e-02   1.6e-04 0.03
    24      30    3.8e+00    1    8.6e-03  -434.58305261  -323.94556628    -0.00000851   0.003497   1.4e-02   1.9e-04 0.03
    25      30    4.3e+00    1    3.0e-02  -434.58305998  -323.94557366    -0.00000737   0.003702   1.5e-02   1.7e-04 0.03
    26      30    3.7e+00    2    3.3e-02  -434.58306554  -323.94557922    -0.00000556   0.003431   1.4e-02   1.0e-04 0.03
    27      30    3.7e+00    0    8.4e-03  -434.58307016  -323.94558384    -0.00000462   0.003431   1.4e-02   1.0e-04 0.03
    28      36    4.1e+00    1    1.2e-02  -434.58330745  -323.94582113    -0.00023729   0.000485   1.9e-03   7.8e-05 0.03
 
RESULTS OF THE OCCUPATION OPTIMIZATION
========================================
   1    1.9998609  -26.38123758
   2    1.9998591  -26.38013435
   3    1.9998581  -26.37991695
   4    1.9992754  -7.75525692
   5    1.9919404  -1.56273876
   6    1.9920211  -1.55389066
   7    1.9919375  -1.55338763
   8    1.9745747  -0.87037575
   9    1.9746364  -0.86957750
  10    1.9747048  -0.86531718
  11    1.9876189  -0.83616750
  12    1.9873908  -0.82475952
  13    1.9868226  -0.80464209
  14    1.9810483  -0.73986592
  15    1.9809795  -0.73884902
  16    1.9798482  -0.73116764
  17    0.0201518  -0.02923468
  18    0.0190205  -0.02803795
  19    0.0189517  -0.02796621
  20    0.0131774  -0.02326044
  21    0.0126092  -0.02305796
  22    0.0123811  -0.02316004
  23    0.0252952  -0.04216466
  24    0.0253636  -0.04237405
  25    0.0254253  -0.04249556
  26    0.0080625  -0.02264540
  27    0.0079789  -0.02217407
  28    0.0080596  -0.02278583
  29    0.0007246  -0.00911669
  30    0.0001419  -0.00616778
  31    0.0001409  -0.00613741
  32    0.0001391  -0.00611342
 
----------------
 Final Energies 
----------------
Final NOF Total Energy =    -323.9458211
 
Total Orbital Internal Iterations = 546
Total Occupation Internal Iterations = 86
 
Elapsed time:  101.44 Seconds

---------------------------------
   Lowdin Population Analysis    
---------------------------------
 Idx  Atom   Population   Charge 
---------------------------------
  1     B     6.611      -1.611
  2     F     8.464       0.536
  3     F     8.464       0.536
  4     F     8.462       0.538

---------------------------------
   M Diagnostic: 0.03
---------------------------------

