Computing Integrals
Basis Set                                            = def2-qzvp
Auxiliary Basis Set                                  = def2-universal-jkfit
Gaussian Type                                        = Spherical
Elapsed time:    4.45 Seconds

Number of basis functions                   (NBF)    = 257
Number of auxiliary basis functions         (NBFAUX) = 367
Inactive Doubly occupied orbitals up to     (NO1)    = 0
No. considered Strongly Doubly occupied MOs (NDOC)   = 21
No. considered Strongly Singly occupied MOs (NSOC)   = 0
NO. of Weakly occ. per St. Doubly occ.  MOs (NCWO)   = 1
Dimension of the Nat. Orb. subspace         (NBF5)   = 42
No. of electrons                                     = 42
    No. of alpha electrons                           = 21
    No. of beta electrons                            = 21
Multiplicity                                         = 1

Geometry
========
Cl       0.0000000       1.4939925       0.8346445
 C       0.0000000       0.0000000      -0.1555982
Cl       0.0000000      -1.4939925       0.8346445
 H       0.8986495       0.0000000      -0.7568453
 H      -0.8986495       0.0000000      -0.7568453

No violations of the orthonormality
No violations of the orthonormality
 
PNOF8/ADAM Calculation
==================
 
  Nitext  Nit_orb  Time   Nit_occ  Time         Eelec          Etot           Ediff      maxdiff    MaxGrad_orb  Grad_occ
     1      10    1.1e+01    9    1.2e+01 -1044.06219731  -911.24032503 -11043.06219731   1.840726   7.4e+00   2.4e-04 0.01
     2      10    2.0e+00   10    2.6e-02 -1076.04882122  -943.22694894   -31.98662391   0.806749   3.2e+00   1.8e-04 0.01
     3      10    1.7e+00    8    4.9e-02 -1085.61822775  -952.79635547    -9.56940653   0.367626   1.5e+00   1.8e-04 0.03
     4      10    1.3e+00    6    3.7e-02 -1089.01023013  -956.18835785    -3.39200237   0.320447   1.3e+00   2.2e-04 0.03
     5      10    1.6e+00    6    3.1e-02 -1090.41363970  -957.59176742    -1.40340958   0.679660   2.7e+00   1.7e-04 0.03
     6      10    1.3e+00    7    3.2e-02 -1091.03472324  -958.21285096    -0.62108354   0.755664   3.0e+00   6.5e-05 0.03
     7      10    1.4e+00    5    2.2e-02 -1091.33203816  -958.51016588    -0.29731491   0.384350   1.5e+00   2.1e-04 0.03
     8      10    1.4e+00    5    2.7e-02 -1091.39938114  -958.57750886    -0.06734298   2.182325   8.7e+00   1.4e-04 0.03
     9      10    1.8e+00    4    4.8e-02 -1091.47752641  -958.65565413    -0.07814527   0.371973   1.5e+00   1.4e-04 0.03
    10      10    1.7e+00    0    2.8e-02 -1091.47780474  -958.65593246    -0.00027833   0.371973   1.5e+00   1.4e-04 0.03
    11      30    4.7e+00    4    3.5e-02 -1091.63619829  -958.81432601    -0.15839355   0.054680   2.2e-01   1.6e-04 0.03
    12      30    4.1e+00    4    2.4e-02 -1091.65375795  -958.83188567    -0.01755967   0.016366   6.5e-02   7.9e-05 0.03
    13      30    4.1e+00    3    3.2e-02 -1091.65790093  -958.83602865    -0.00414298   0.020598   8.2e-02   2.2e-04 0.03
    14      30    4.6e+00    3    2.6e-02 -1091.66071868  -958.83884640    -0.00281775   0.019303   7.7e-02   1.9e-04 0.03
    15      30    4.1e+00    3    2.5e-02 -1091.66215984  -958.84028756    -0.00144116   0.022339   8.9e-02   1.5e-04 0.03
    16      30    5.1e+00    2    1.8e-02 -1091.66325388  -958.84138160    -0.00109404   0.021369   8.5e-02   3.3e-04 0.03
    17      30    4.0e+00    3    4.6e-02 -1091.66391334  -958.84204106    -0.00065946   0.019433   7.8e-02   1.7e-04 0.03
    18      30    6.0e+00    0    2.6e-02 -1091.66393642  -958.84206414    -0.00002308   0.019433   7.8e-02   1.7e-04 0.03
    19      50    8.6e+00    3    2.9e-02 -1091.66681937  -958.84494709    -0.00288294   0.001722   6.9e-03   1.4e-04 0.03
    20      50    6.9e+00    3    2.7e-02 -1091.66692702  -958.84505474    -0.00010765   0.004098   1.6e-02   1.3e-04 0.03
    21      50    7.4e+00    1    2.5e-02 -1091.66710645  -958.84523417    -0.00017943   0.004771   1.9e-02   2.8e-04 0.03
    22      50    7.5e+00    3    3.1e-02 -1091.66722717  -958.84535489    -0.00012072   0.003246   1.3e-02   1.2e-04 0.03
    23      50    8.3e+00    1    2.1e-02 -1091.66733889  -958.84546661    -0.00011172   0.003499   1.4e-02   2.7e-04 0.03
    24      50    7.6e+00    1    4.5e-02 -1091.66744505  -958.84557277    -0.00010617   0.003247   1.3e-02   3.1e-04 0.03
    25      50    7.7e+00    1    2.0e-02 -1091.66754132  -958.84566904    -0.00009626   0.003436   1.4e-02   3.0e-04 0.03
    26      50    7.6e+00    2    2.1e-02 -1091.66762361  -958.84575133    -0.00008229   0.004343   1.7e-02   2.1e-04 0.03
    27      50    8.0e+00    2    2.0e-02 -1091.66771701  -958.84584473    -0.00009340   0.003414   1.4e-02   1.8e-04 0.03
    28      50    7.1e+00    2    2.0e-02 -1091.66779253  -958.84592025    -0.00007552   0.003314   1.3e-02   1.5e-04 0.03
    29      50    7.8e+00    2    2.0e-02 -1091.66785178  -958.84597950    -0.00005925   0.003485   1.4e-02   1.4e-04 0.03
    30      50    8.0e+00    2    2.3e-02 -1091.66791191  -958.84603963    -0.00006013   0.003385   1.4e-02   1.2e-04 0.03
    31      50    7.9e+00    2    2.7e-02 -1091.66797621  -958.84610393    -0.00006430   0.003414   1.4e-02   1.1e-04 0.03
    32      50    7.3e+00    2    2.7e-02 -1091.66805510  -958.84618282    -0.00007890   0.003435   1.4e-02   1.0e-04 0.03
    33      50    8.3e+00    2    3.3e-02 -1091.66813572  -958.84626344    -0.00008062   0.003433   1.4e-02   1.0e-04 0.03
    34      50    7.4e+00    2    2.9e-02 -1091.66824970  -958.84637742    -0.00011398   0.003465   1.4e-02   9.9e-05 0.03
    35      50    8.6e+00    2    2.4e-02 -1091.66836452  -958.84649224    -0.00011482   0.003334   1.3e-02   1.0e-04 0.03
    36      50    8.4e+00    2    4.9e-02 -1091.66851154  -958.84663926    -0.00014703   0.003429   1.4e-02   1.0e-04 0.03
    37      50    6.8e+00    2    2.3e-02 -1091.66866005  -958.84678777    -0.00014850   0.033063   1.3e-01   1.1e-04 0.03
    38      50    7.3e+00    2    2.1e-02 -1091.66885424  -958.84698196    -0.00019419   0.003068   1.2e-02   1.1e-04 0.03
    39      50    7.0e+00    2    3.8e-02 -1091.66903382  -958.84716154    -0.00017959   0.003030   1.2e-02   1.0e-04 0.03
    40      50    8.5e+00    2    2.6e-02 -1091.66921812  -958.84734584    -0.00018429   0.003074   1.2e-02   9.7e-05 0.03
 
RESULTS OF THE OCCUPATION OPTIMIZATION
========================================
   1    1.9999665  -104.89317949
   2    1.9999653  -104.89236579
   3    1.9993681  -10.70403798
   4    1.9993645  -10.62822376
   5    1.9990489  -8.87190628
   6    1.9990878  -8.85354803
   7    1.9989432  -8.61405995
   8    1.9988105  -8.42849846
   9    1.9990483  -8.31916530
  10    1.9990531  -8.29472732
  11    1.9986811  -8.07679329
  12    1.9926164  -1.14070729
  13    1.9921146  -1.12241912
  14    1.9857535  -0.89559993
  15    1.9792884  -0.66003436
  16    1.9662242  -0.59140659
  17    1.9661281  -0.58696655
  18    1.9804814  -0.49474903
  19    1.9797918  -0.49432058
  20    1.9799159  -0.49169954
  21    1.9801613  -0.48619876
  22    0.0198387  -0.02366570
  23    0.0200841  -0.02388561
  24    0.0202082  -0.02421870
  25    0.0195186  -0.02349802
  26    0.0338719  -0.04787376
  27    0.0337758  -0.04791537
  28    0.0207116  -0.02606030
  29    0.0142465  -0.02288409
  30    0.0078854  -0.02916704
  31    0.0073836  -0.03001791
  32    0.0013189  -0.01894258
  33    0.0009469  -0.01811596
  34    0.0009517  -0.01804044
  35    0.0011895  -0.01598863
  36    0.0010568  -0.01548998
  37    0.0009122  -0.01663326
  38    0.0009511  -0.01643520
  39    0.0006355  -0.01513175
  40    0.0006319  -0.01496980
  41    0.0000347  -0.00641296
  42    0.0000335  -0.00623419
 
----------------
 Final Energies 
----------------
Final NOF Total Energy =    -958.8473458
 
Total Orbital Internal Iterations = 1440
Total Occupation Internal Iterations = 125
 
Elapsed time:  261.70 Seconds

---------------------------------
   Lowdin Population Analysis    
---------------------------------
 Idx  Atom   Population   Charge 
---------------------------------
  1    Cl    16.614       0.386
  2     C     6.534      -0.534
  3    Cl    16.615       0.385
  4     H     1.116      -0.116
  5     H     1.121      -0.121

---------------------------------
   M Diagnostic: 0.03
---------------------------------

