Computing Integrals
Basis Set                                            = def2-qzvp
Auxiliary Basis Set                                  = def2-universal-jkfit
Gaussian Type                                        = Spherical
Elapsed time:    1.63 Seconds

Number of basis functions                   (NBF)    = 114
Number of auxiliary basis functions         (NBFAUX) = 154
Inactive Doubly occupied orbitals up to     (NO1)    = 0
No. considered Strongly Doubly occupied MOs (NDOC)   = 7
No. considered Strongly Singly occupied MOs (NSOC)   = 0
NO. of Weakly occ. per St. Doubly occ.  MOs (NCWO)   = 1
Dimension of the Nat. Orb. subspace         (NBF5)   = 14
No. of electrons                                     = 14
    No. of alpha electrons                           = 7
    No. of beta electrons                            = 7
Multiplicity                                         = 1

Geometry
========
 N       0.0000000       0.0000000      -0.5454291
 N       0.0000000       0.0000000       0.5454291

No violations of the orthonormality
No violations of the orthonormality
 
PNOF8/ADAM Calculation
==================
 
  Nitext  Nit_orb  Time   Nit_occ  Time         Eelec          Etot           Ediff      maxdiff    MaxGrad_orb  Grad_occ
     1      10    9.3e+00   14    1.2e+01  -124.35497409  -100.58503888 -10123.35497409   1.012571   4.1e+00   1.8e-04 0.02
     2      10    4.3e-01   10    1.3e-02  -128.29486088  -104.52492567    -3.93988679   0.546591   2.2e+00   2.6e-05 0.03
     3      10    3.2e-01    8    4.5e-02  -130.20502342  -106.43508822    -1.91016254   0.382073   1.5e+00   3.4e-05 0.04
     4      10    6.3e-01    5    1.1e-02  -131.18146017  -107.41152496    -0.97643675   0.240417   9.6e-01   2.1e-04 0.04
     5      10    3.7e-01    5    1.9e-02  -131.84305042  -108.07311522    -0.66159026   0.160862   6.4e-01   1.3e-04 0.04
     6      10    1.7e-01    4    2.3e-02  -132.35425758  -108.58432238    -0.51120716   0.135762   5.4e-01   2.3e-04 0.04
     7      10    3.4e-01    5    1.6e-02  -132.67290218  -108.90296698    -0.31864460   0.112243   4.5e-01   2.0e-04 0.04
     8      10    2.3e-01    5    5.4e-03  -132.86575485  -109.09581965    -0.19285267   0.107321   4.3e-01   1.9e-04 0.04
     9      10    3.6e-01    4    3.2e-02  -132.96920601  -109.19927080    -0.10345115   0.090509   3.6e-01   7.7e-05 0.04
    10      10    4.3e-01    4    9.0e-02  -133.01534089  -109.24540568    -0.04613488   0.106980   4.3e-01   6.7e-05 0.04
    11      10    2.6e-01    4    3.4e-02  -133.03344472  -109.26350952    -0.01810383   0.103531   4.1e-01   6.3e-05 0.04
    12      10    5.2e-01    4    7.4e-03  -133.03936009  -109.26942488    -0.00591537   0.110268   4.4e-01   1.7e-04 0.04
    13      10    3.4e-01    5    5.8e-02  -133.04149356  -109.27155835    -0.00213347   0.110560   4.4e-01   1.2e-04 0.04
    14      10    2.9e-01    5    7.9e-03  -133.04352426  -109.27358905    -0.00203070   0.117917   4.7e-01   1.7e-04 0.04
    15      10    2.8e-01    5    4.1e-02  -133.04524493  -109.27530972    -0.00172067   0.117681   4.7e-01   1.5e-04 0.04
    16      10    1.0e+00    3    1.7e-02  -133.04668574  -109.27675053    -0.00144081   0.112225   4.5e-01   2.6e-04 0.04
    17      10    2.8e-01    4    1.9e-03  -133.04794685  -109.27801164    -0.00126111   0.108772   4.4e-01   2.2e-04 0.04
    18      10    2.6e-01    2    7.1e-03  -133.04836223  -109.27842702    -0.00041538   0.113446   4.5e-01   2.3e-04 0.04
    19      10    5.8e-01    3    1.8e-02  -133.04881512  -109.27887991    -0.00045289   0.110998   4.4e-01   1.8e-04 0.04
    20      10    3.5e-01    2    1.5e-03  -133.04913008  -109.27919487    -0.00031496   0.117038   4.7e-01   2.3e-04 0.04
    21      10    5.0e-01    2    3.8e-02  -133.04966866  -109.27973346    -0.00053858   0.110356   4.4e-01   1.9e-04 0.04
    22      10    2.6e-01    2    1.9e-03  -133.05013562  -109.28020042    -0.00046696   0.123204   4.9e-01   2.0e-04 0.04
    23      10    3.7e-01    2    1.4e-03  -133.05029771  -109.28036251    -0.00016209   0.112971   4.5e-01   1.6e-04 0.04
    24      10    2.4e-01    0    1.6e-02  -133.05030655  -109.28037134    -0.00000883   0.112971   4.5e-01   1.6e-04 0.04
    25      30    1.4e+00    4    1.0e-02  -133.05503775  -109.28510254    -0.00473120   0.000810   3.2e-03   3.0e-05 0.04
 
RESULTS OF THE OCCUPATION OPTIMIZATION
========================================
   1    1.9997849  -15.66963414
   2    1.9997683  -15.66749005
   3    1.9911151  -1.15262978
   4    1.9892273  -0.95345304
   5    1.9780399  -0.80720564
   6    1.9575133  -0.62887265
   7    1.9575075  -0.62884977
   8    0.0424925  -0.05063187
   9    0.0424867  -0.05063658
  10    0.0219601  -0.03522710
  11    0.0107727  -0.01910108
  12    0.0088849  -0.01825233
  13    0.0002317  -0.00614952
  14    0.0002151  -0.00576750
 
----------------
 Final Energies 
----------------
Final NOF Total Energy =    -109.2851025
 
Total Orbital Internal Iterations = 270
Total Occupation Internal Iterations = 111
 
Elapsed time:   39.97 Seconds

---------------------------------
   Lowdin Population Analysis    
---------------------------------
 Idx  Atom   Population   Charge 
---------------------------------
  1     N     6.999       0.001
  2     N     7.001      -0.001

---------------------------------
   M Diagnostic: 0.04
---------------------------------

