Computing Integrals
Basis Set                                            = def2-qzvp
Auxiliary Basis Set                                  = def2-universal-jkfit
Gaussian Type                                        = Spherical
Elapsed time:    1.76 Seconds

Number of basis functions                   (NBF)    = 117
Number of auxiliary basis functions         (NBFAUX) = 113
Inactive Doubly occupied orbitals up to     (NO1)    = 0
No. considered Strongly Doubly occupied MOs (NDOC)   = 5
No. considered Strongly Singly occupied MOs (NSOC)   = 0
NO. of Weakly occ. per St. Doubly occ.  MOs (NCWO)   = 1
Dimension of the Nat. Orb. subspace         (NBF5)   = 10
No. of electrons                                     = 10
    No. of alpha electrons                           = 5
    No. of beta electrons                            = 5
Multiplicity                                         = 1

Geometry
========
 O      -0.0208547       0.0000000      -0.0149560
 H       0.0187681       0.0000000       0.9457821
 H       0.8977567       0.0000000      -0.2974891

No violations of the orthonormality
No violations of the orthonormality
 
PNOF8/ADABelief Calculation
==================
 
  Nitext  Nit_orb  Time   Nit_occ  Time         Eelec          Etot           Ediff      maxdiff    MaxGrad_orb  Grad_occ
     1      10    9.4e+00    3    1.2e+01   -85.40744894   -76.25238066 -10084.40744894   0.000752   3.0e-03   6.0e-05 0.03
 
RESULTS OF THE OCCUPATION OPTIMIZATION
========================================
   1    1.9998080  -20.59297933
   2    1.9907860  -1.28881408
   3    1.9716962  -0.71887255
   4    1.9716553  -0.71854907
   5    1.9809997  -0.53673020
   6    0.0190003  -0.02244173
   7    0.0283447  -0.03521059
   8    0.0283038  -0.03519317
   9    0.0092140  -0.02102032
  10    0.0001920  -0.00656680
 
----------------
 Final Energies 
----------------
Final NOF Total Energy =     -76.2523807
 
Total Orbital Internal Iterations = 10
Total Occupation Internal Iterations = 3
 
Elapsed time:   27.42 Seconds

---------------------------------
   Lowdin Population Analysis    
---------------------------------
 Idx  Atom   Population   Charge 
---------------------------------
  1     O     7.343       0.657
  2     H     1.328      -0.328
  3     H     1.329      -0.329

---------------------------------
   M Diagnostic: 0.03
---------------------------------

