Computing Integrals
Basis Set                                            = def2-qzvp
Auxiliary Basis Set                                  = def2-universal-jkfit
Gaussian Type                                        = Spherical
Elapsed time:    1.83 Seconds

Number of basis functions                   (NBF)    = 144
Number of auxiliary basis functions         (NBFAUX) = 172
Inactive Doubly occupied orbitals up to     (NO1)    = 0
No. considered Strongly Doubly occupied MOs (NDOC)   = 10
No. considered Strongly Singly occupied MOs (NSOC)   = 0
NO. of Weakly occ. per St. Doubly occ.  MOs (NCWO)   = 1
Dimension of the Nat. Orb. subspace         (NBF5)   = 20
No. of electrons                                     = 20
    No. of alpha electrons                           = 10
    No. of beta electrons                            = 10
Multiplicity                                         = 1

Geometry
========
 H       0.0000000       0.0000000      -0.4885188
 F       0.0000000       0.0000000      -1.4042599
Ne       0.0000000       0.0000000       1.8927787

No violations of the orthonormality
No violations of the orthonormality
 
PNOF8/ADABelief Calculation
==================
 
  Nitext  Nit_orb  Time   Nit_occ  Time         Eelec          Etot           Ediff      maxdiff    MaxGrad_orb  Grad_occ
     1      10    9.6e+00    2    1.2e+01  -250.83865517  -228.97059979 -10249.83865517   0.000689   2.8e-03   2.0e-04 0.03
 
RESULTS OF THE OCCUPATION OPTIMIZATION
========================================
   1    1.9998855  -32.18103634
   2    1.9998650  -27.02259771
   3    1.9925505  -1.89006233
   4    1.9920640  -1.58441430
   5    1.9876849  -0.95883593
   6    1.9877890  -0.95179738
   7    1.9875452  -0.91873850
   8    1.9719442  -0.84574172
   9    1.9842900  -0.68992327
  10    1.9842581  -0.68952624
  11    0.0157419  -0.02363022
  12    0.0157100  -0.02360815
  13    0.0280558  -0.04095055
  14    0.0124548  -0.02426936
  15    0.0122110  -0.02508863
  16    0.0123151  -0.02543182
  17    0.0079360  -0.02410999
  18    0.0074495  -0.02555150
  19    0.0001350  -0.00591954
  20    0.0001145  -0.00616064
 
----------------
 Final Energies 
----------------
Final NOF Total Energy =    -228.9705998
 
Total Orbital Internal Iterations = 10
Total Occupation Internal Iterations = 2
 
Elapsed time:   27.65 Seconds

---------------------------------
   Lowdin Population Analysis    
---------------------------------
 Idx  Atom   Population   Charge 
---------------------------------
  1     H     1.509      -0.509
  2     F     8.502       0.498
  3    Ne     9.989       0.011

---------------------------------
   M Diagnostic: 0.03
---------------------------------

