Computing Integrals
Basis Set                                            = def2-qzvp
Auxiliary Basis Set                                  = def2-universal-jkfit
Gaussian Type                                        = Spherical
Elapsed time:    4.05 Seconds

Number of basis functions                   (NBF)    = 225
Number of auxiliary basis functions         (NBFAUX) = 798
Inactive Doubly occupied orbitals up to     (NO1)    = 0
No. considered Strongly Doubly occupied MOs (NDOC)   = 54
No. considered Strongly Singly occupied MOs (NSOC)   = 0
NO. of Weakly occ. per St. Doubly occ.  MOs (NCWO)   = 1
Dimension of the Nat. Orb. subspace         (NBF5)   = 108
No. of electrons                                     = 108
    No. of alpha electrons                           = 54
    No. of beta electrons                            = 54
Multiplicity                                         = 1

Geometry
========
Kr       1.2055357       2.0880491       0.0000000
Kr       1.2055357      -2.0880491       0.0000000
Kr      -2.4110714       0.0000000       0.0000000

No violations of the orthonormality
No violations of the orthonormality
 
PNOF8/ADABelief Calculation
==================
 
  Nitext  Nit_orb  Time   Nit_occ  Time         Eelec          Etot           Ediff      maxdiff    MaxGrad_orb  Grad_occ
     1      10    1.2e+01    5    1.2e+01 -8750.96281513 -8258.29317791 -18749.96281513   0.000867   3.5e-03   1.8e-04 0.02
 
RESULTS OF THE OCCUPATION OPTIMIZATION
========================================
   1    1.9999988  -520.26201762
   2    1.9999990  -520.25869558
   3    1.9999991  -520.25668582
   4    1.9999922  -69.99600324
   5    1.9999910  -69.99389892
   6    1.9999836  -69.98831701
   7    1.9999694  -63.08436334
   8    1.9999688  -63.08434283
   9    1.9999729  -63.08403175
  10    1.9999804  -63.08367682
  11    1.9999802  -63.08367360
  12    1.9999807  -63.08367349
  13    1.9999800  -63.08366361
  14    1.9999808  -63.08365229
  15    1.9999807  -63.08365206
  16    1.9995855  -10.88036998
  17    1.9995842  -10.88021353
  18    1.9995821  -10.87998160
  19    1.9992946  -8.36737358
  20    1.9992632  -8.36729568
  21    1.9992664  -8.36726425
  22    1.9992674  -8.36725302
  23    1.9992646  -8.36725098
  24    1.9992669  -8.36716780
  25    1.9992673  -8.36716422
  26    1.9992631  -8.36714898
  27    1.9992680  -8.36705113
  28    1.9941326  -3.85137081
  29    1.9941384  -3.85135259
  30    1.9941429  -3.85127101
  31    1.9941967  -3.85126169
  32    1.9941431  -3.85116968
  33    1.9941811  -3.85111456
  34    1.9941510  -3.85083254
  35    1.9941632  -3.85036835
  36    1.9941377  -3.85032982
  37    1.9937127  -3.85025538
  38    1.9934749  -3.84975020
  39    1.9934478  -3.84919436
  40    1.9933934  -3.84911736
  41    1.9931186  -3.84904186
  42    1.9934797  -3.84818346
  43    1.9846737  -1.17351772
  44    1.9846916  -1.17294865
  45    1.9846857  -1.17279170
  46    1.9786468  -0.54441359
  47    1.9785697  -0.54419453
  48    1.9786737  -0.54401704
  49    1.9785856  -0.54365454
  50    1.9784983  -0.54335087
  51    1.9784791  -0.54288824
  52    1.9784537  -0.54274641
  53    1.9784342  -0.54269657
  54    1.9783217  -0.54189192
  55    0.0216783  -0.04240662
  56    0.0215658  -0.04235768
  57    0.0215463  -0.04233987
  58    0.0215209  -0.04233988
  59    0.0215017  -0.04232605
  60    0.0214144  -0.04226147
  61    0.0213263  -0.04231611
  62    0.0214303  -0.04231487
  63    0.0213532  -0.04225230
  64    0.0153143  -0.04128668
  65    0.0153084  -0.04127600
  66    0.0153263  -0.04126357
  67    0.0065203  -0.04651637
  68    0.0068814  -0.03771914
  69    0.0066066  -0.04443445
  70    0.0065522  -0.04535693
  71    0.0065251  -0.04554041
  72    0.0062873  -0.05338214
  73    0.0058623  -0.04292222
  74    0.0058368  -0.04287996
  75    0.0058490  -0.04289638
  76    0.0058189  -0.04284147
  77    0.0058569  -0.04290243
  78    0.0058033  -0.04283150
  79    0.0058571  -0.04292104
  80    0.0058616  -0.04290996
  81    0.0058674  -0.04292723
  82    0.0007320  -0.00635749
  83    0.0007369  -0.00621504
  84    0.0007327  -0.00614804
  85    0.0007331  -0.00617326
  86    0.0007354  -0.00618027
  87    0.0007326  -0.00613243
  88    0.0007336  -0.00615125
  89    0.0007368  -0.00618452
  90    0.0007054  -0.00653050
  91    0.0004179  -0.01990648
  92    0.0004158  -0.02051369
  93    0.0004145  -0.02009444
  94    0.0000193  -0.00108015
  95    0.0000192  -0.00107459
  96    0.0000200  -0.00111963
  97    0.0000193  -0.00108051
  98    0.0000198  -0.00110200
  99    0.0000196  -0.00110202
 100    0.0000271  -0.00690483
 101    0.0000312  -0.00654035
 102    0.0000306  -0.00645896
 103    0.0000164  -0.00100121
 104    0.0000090  -0.00166707
 105    0.0000078  -0.00167383
 106    0.0000009  -0.00117635
 107    0.0000010  -0.00126395
 108    0.0000012  -0.00158768
 
----------------
 Final Energies 
----------------
Final NOF Total Energy =   -8258.2931779
 
Total Orbital Internal Iterations = 10
Total Occupation Internal Iterations = 5
 
Elapsed time:   30.80 Seconds

---------------------------------
   Lowdin Population Analysis    
---------------------------------
 Idx  Atom   Population   Charge 
---------------------------------
  1    Kr    36.000      -0.000
  2    Kr    36.000       0.000
  3    Kr    36.000      -0.000

---------------------------------
   M Diagnostic: 0.02
---------------------------------

