Computing Integrals
Basis Set                                            = def2-qzvp
Auxiliary Basis Set                                  = def2-universal-jkfit
Gaussian Type                                        = Spherical
Elapsed time:    2.43 Seconds

Number of basis functions                   (NBF)    = 184
Number of auxiliary basis functions         (NBFAUX) = 282
Inactive Doubly occupied orbitals up to     (NO1)    = 0
No. considered Strongly Doubly occupied MOs (NDOC)   = 16
No. considered Strongly Singly occupied MOs (NSOC)   = 1
NO. of Weakly occ. per St. Doubly occ.  MOs (NCWO)   = 1
Dimension of the Nat. Orb. subspace         (NBF5)   = 33
No. of electrons                                     = 33
    No. of alpha electrons                           = 17
    No. of beta electrons                            = 16
Multiplicity                                         = 2

Geometry
========
Cl       0.0000000       0.0000000       0.3705400
 O       0.0000000       1.2590820      -0.3936990
 O       0.0000000      -1.2590820      -0.3936990

No violations of the orthonormality
No violations of the orthonormality
 
PNOF8/ADAM Calculation
==================
 
  Nitext  Nit_orb  Time   Nit_occ  Time         Eelec          Etot           Ediff      maxdiff    MaxGrad_orb  Grad_occ
     1      10    1.0e+01   21    1.2e+01  -663.47165071  -552.29773261 -10662.47165071   1.649741   6.6e+00   2.6e-04 0.02
     2      10    9.9e-01   11    3.9e-02  -701.91029367  -590.73637558   -38.43864296   0.668550   2.7e+00   2.3e-04 0.04
     3      10    1.3e+00    8    1.3e-02  -713.48306890  -602.30915080   -11.57277522   0.350292   1.4e+00   2.4e-04 0.04
     4      10    9.1e-01    7    2.3e-02  -717.22575168  -606.05183359    -3.74268278   0.431058   1.7e+00   2.4e-04 0.04
     5      10    1.2e+00    7    3.0e-02  -718.82876480  -607.65484670    -1.60301312   0.250640   1.0e+00   1.4e-04 0.04
     6      10    1.0e+00    7    5.4e-02  -719.70172484  -608.52780674    -0.87296004   0.243389   9.7e-01   1.8e-04 0.04
     7      10    1.2e+00    6    4.9e-02  -720.21660932  -609.04269122    -0.51488448   0.452035   1.8e+00   2.0e-04 0.04
     8      10    1.8e+00    6    4.2e-02  -720.48223068  -609.30831259    -0.26562136   0.291342   1.2e+00   1.7e-04 0.04
     9      10    1.2e+00    6    4.6e-02  -720.66735118  -609.49343309    -0.18512050   0.478809   1.9e+00   1.5e-04 0.04
    10      10    1.0e+00    6    4.2e-02  -720.73661673  -609.56269864    -0.06926555   0.283323   1.1e+00   1.1e-04 0.04
    11      10    1.3e+00    6    1.8e-02  -720.79409549  -609.62017740    -0.05747876   0.318725   1.3e+00   1.1e-04 0.04
    12      10    9.2e-01    5    2.5e-02  -720.82493115  -609.65101305    -0.03083566   0.309343   1.2e+00   1.7e-04 0.04
    13      10    1.2e+00    4    4.3e-02  -720.83332687  -609.65940878    -0.00839572   0.291822   1.2e+00   2.7e-04 0.04
    14      10    1.0e+00    4    2.7e-02  -720.85299015  -609.67907205    -0.01966328   0.328847   1.3e+00   1.9e-04 0.04
    15      10    9.9e-01    4    5.7e-02  -720.86806076  -609.69414267    -0.01507061   0.298683   1.2e+00   2.3e-04 0.04
    16      10    9.1e-01    2    6.1e-03  -720.87354541  -609.69962731    -0.00548465   0.293756   1.2e+00   2.8e-04 0.04
    17      10    1.3e+00    5    2.3e-02  -720.87443426  -609.70051617    -0.00088886   0.347521   1.4e+00   1.6e-04 0.04
    18      10    1.0e+00    0    8.9e-02  -720.87451402  -609.70059592    -0.00007975   0.347521   1.4e+00   1.6e-04 0.04
    19      30    3.2e+00    3    1.2e-02  -720.93109984  -609.75718175    -0.05658582   0.035237   1.4e-01   2.5e-04 0.04
    20      30    3.2e+00    3    4.2e-02  -720.93488465  -609.76096655    -0.00378480   0.019712   7.9e-02   2.6e-04 0.04
    21      30    3.3e+00    3    1.5e-02  -720.93561729  -609.76169920    -0.00073265   0.011877   4.8e-02   2.9e-04 0.04
    22      30    3.5e+00    3    6.4e-03  -720.93587556  -609.76195747    -0.00025827   0.013787   5.5e-02   2.3e-04 0.04
    23      30    4.2e+00    0    5.5e-03  -720.93590328  -609.76198519    -0.00002772   0.013787   5.5e-02   2.3e-04 0.04
    24      50    6.1e+00    3    2.9e-02  -720.93669210  -609.76277400    -0.00078882   0.001576   6.3e-03   2.1e-04 0.04
    25      50    5.4e+00    2    3.2e-02  -720.93671259  -609.76279449    -0.00002049   0.002989   1.2e-02   1.7e-04 0.04
    26      50    6.0e+00    1    5.5e-02  -720.93677047  -609.76285238    -0.00005789   0.002749   1.1e-02   2.9e-04 0.04
    27      50    5.2e+00    1    5.4e-02  -720.93679298  -609.76287488    -0.00002250   0.002831   1.1e-02   3.0e-04 0.04
    28      50    5.5e+00    2    2.9e-02  -720.93680917  -609.76289108    -0.00001619   0.002937   1.2e-02   1.9e-04 0.04
    29      50    5.5e+00    1    4.6e-02  -720.93681925  -609.76290116    -0.00001008   0.010783   4.3e-02   2.2e-04 0.04
    30      50    5.2e+00    0    5.4e-02  -720.93682201  -609.76290391    -0.00000275   0.002956   1.2e-02   3.1e-04 0.04
    31      60    6.7e+00    1    4.2e-02  -720.93683819  -609.76292010    -0.00001619   0.002961   1.2e-02   2.4e-04 0.04
    32      60    7.5e+00    0    4.4e-02  -720.93683925  -609.76292116    -0.00000106   0.002961   1.2e-02   2.4e-04 0.04
    33      46    4.5e+00    0    3.7e-02  -720.93686683  -609.76294874    -0.00002758   0.000489   2.0e-03   2.2e-04 0.04
 
RESULTS OF THE OCCUPATION OPTIMIZATION
========================================
   1    1.9999731  -105.11239237
   2    1.9997273  -20.65166459
   3    1.9996752  -20.65108269
   4    1.9993168  -10.77384445
   5    1.9989967  -8.24712991
   6    1.9989759  -8.24705260
   7    1.9986768  -8.24149015
   8    1.9924317  -1.40849949
   9    1.9921618  -1.38625684
  10    1.9881984  -1.12624153
  11    1.9839250  -0.75370577
  12    1.9763698  -0.69424933
  13    1.9684649  -0.64289017
  14    1.9746153  -0.63633187
  15    1.9687621  -0.63203239
  16    1.9632226  -0.58134032
  17    1.0000000  -0.24149757
  18    0.0367774  -0.05662180
  19    0.0312379  -0.04518652
  20    0.0253847  -0.02964331
  21    0.0315351  -0.04740090
  22    0.0236302  -0.02802708
  23    0.0160750  -0.02447347
  24    0.0118016  -0.02301120
  25    0.0078382  -0.02354238
  26    0.0075683  -0.02371042
  27    0.0013232  -0.02337912
  28    0.0010241  -0.01587709
  29    0.0010033  -0.01590374
  30    0.0006832  -0.01524773
  31    0.0003248  -0.01086810
  32    0.0002727  -0.00844938
  33    0.0000269  -0.00521152
 
----------------
 Final Energies 
----------------
Final NOF Total Energy =    -609.7629487
 
Total Orbital Internal Iterations = 846
Total Occupation Internal Iterations = 138
 
Elapsed time:  129.14 Seconds

---------------------------------
   Lowdin Population Analysis    
---------------------------------
 Idx  Atom   Population   Charge 
---------------------------------
  1    Cl    16.590       0.410
  2     O     8.207      -0.207
  3     O     8.203      -0.203

---------------------------------
   M Diagnostic: 0.04
---------------------------------

