Computing Integrals
Basis Set                                            = def2-qzvp
Auxiliary Basis Set                                  = def2-universal-jkfit
Gaussian Type                                        = Spherical
Elapsed time:    2.73 Seconds

Number of basis functions                   (NBF)    = 201
Number of auxiliary basis functions         (NBFAUX) = 249
Inactive Doubly occupied orbitals up to     (NO1)    = 0
No. considered Strongly Doubly occupied MOs (NDOC)   = 11
No. considered Strongly Singly occupied MOs (NSOC)   = 0
NO. of Weakly occ. per St. Doubly occ.  MOs (NCWO)   = 1
Dimension of the Nat. Orb. subspace         (NBF5)   = 22
No. of electrons                                     = 22
    No. of alpha electrons                           = 11
    No. of beta electrons                            = 11
Multiplicity                                         = 1

Geometry
========
 H       1.0789720      -1.3818100       0.0000000
 N       0.0937700      -1.1298800       0.0000000
 N       0.0000000       0.1110980       0.0000000
 N      -0.2479090       1.2161830       0.0000000

No violations of the orthonormality
No violations of the orthonormality
 
PNOF8/ADAM Calculation
==================
 
  Nitext  Nit_orb  Time   Nit_occ  Time         Eelec          Etot           Ediff      maxdiff    MaxGrad_orb  Grad_occ
     1      10    1.0e+01   11    1.2e+01  -213.46890287  -151.87844746 -10212.46890287   0.954770   3.8e+00   1.1e-04 0.02
     2      10    1.3e+00   11    4.5e-03  -221.01307473  -159.42261933    -7.54417187   0.425227   1.7e+00   5.7e-05 0.03
     3      10    7.4e-01    9    6.1e-02  -223.48278964  -161.89233424    -2.46971491   0.310155   1.2e+00   9.9e-05 0.03
     4      10    8.1e-01    7    4.2e-02  -224.41334666  -162.82289125    -0.93055702   0.263308   1.1e+00   1.9e-04 0.04
     5      10    7.6e-01    6    3.3e-02  -224.84378321  -163.25332780    -0.43043655   0.187391   7.5e-01   2.1e-04 0.04
     6      10    1.7e+00    5    2.1e-02  -225.17355091  -163.58309551    -0.32976771   0.145014   5.8e-01   1.6e-04 0.04
     7      10    1.1e+00    5    1.9e-02  -225.43818308  -163.84772768    -0.26463217   0.135519   5.4e-01   1.4e-04 0.04
     8      10    1.5e+00    5    5.3e-03  -225.63831777  -164.04786237    -0.20013469   0.144298   5.8e-01   1.6e-04 0.04
     9      10    8.9e-01    5    3.1e-02  -225.76268790  -164.17223249    -0.12437012   0.136018   5.4e-01   1.7e-04 0.04
    10      10    1.0e+00    5    7.6e-03  -225.84061741  -164.25016201    -0.07792951   0.135697   5.4e-01   1.2e-04 0.04
    11      10    8.2e-01    4    3.2e-02  -225.88189975  -164.29144434    -0.04128234   0.122399   4.9e-01   1.9e-04 0.04
    12      10    1.0e+00    4    2.7e-02  -225.91584957  -164.32539417    -0.03394982   0.130279   5.2e-01   2.4e-04 0.04
    13      10    1.3e+00    5    1.4e-02  -225.93312528  -164.34266988    -0.01727571   0.152712   6.1e-01   2.0e-04 0.04
    14      10    8.9e-01    4    2.9e-02  -225.94121593  -164.35076053    -0.00809065   0.133176   5.3e-01   2.3e-04 0.04
    15      10    9.6e-01    4    9.6e-03  -225.94248162  -164.35202622    -0.00126568   0.137411   5.5e-01   2.3e-04 0.04
    16      10    1.0e+00    3    1.3e-02  -225.94344077  -164.35298536    -0.00095915   0.131484   5.3e-01   1.6e-04 0.04
    17      10    7.8e-01    0    2.2e-02  -225.94345558  -164.35300018    -0.00001481   0.131484   5.3e-01   1.6e-04 0.04
    18      30    2.4e+00    3    5.8e-02  -225.95988468  -164.36942928    -0.01642910   0.002633   1.1e-02   2.0e-04 0.04
    19      30    3.0e+00    3    3.5e-02  -225.96071933  -164.37026393    -0.00083466   0.001456   5.8e-03   1.5e-04 0.04
    20      30    3.5e+00    2    4.8e-02  -225.96118986  -164.37073445    -0.00047052   0.002145   8.6e-03   2.1e-04 0.04
    21      30    2.8e+00    4    6.8e-03  -225.96164386  -164.37118846    -0.00045400   0.001840   7.4e-03   8.8e-05 0.04
    22      30    3.1e+00    2    2.7e-02  -225.96196832  -164.37151292    -0.00032446   0.001669   6.7e-03   2.0e-04 0.04
    23      30    4.1e+00    2    6.6e-02  -225.96223384  -164.37177844    -0.00026552   0.001809   7.2e-03   2.1e-04 0.04
    24      30    3.9e+00    2    2.9e-02  -225.96239863  -164.37194323    -0.00016479   0.001853   7.4e-03   2.2e-04 0.04
    25      30    2.9e+00    2    2.9e-02  -225.96257172  -164.37211632    -0.00017309   0.001717   6.9e-03   1.9e-04 0.04
    26      30    3.5e+00    2    3.5e-02  -225.96271228  -164.37225687    -0.00014055   0.001908   7.6e-03   2.2e-04 0.04
    27      30    3.2e+00    2    2.4e-02  -225.96289630  -164.37244089    -0.00018402   0.006904   2.8e-02   2.2e-04 0.04
    28      30    3.0e+00    3    3.9e-02  -225.96308596  -164.37263056    -0.00018967   0.001686   6.7e-03   2.3e-04 0.04
    29      30    3.2e+00    3    4.5e-03  -225.96318326  -164.37272785    -0.00009729   0.001743   7.0e-03   2.4e-04 0.04
    30      30    2.9e+00    3    6.1e-02  -225.96326054  -164.37280514    -0.00007728   0.001702   6.8e-03   2.5e-04 0.04
    31      30    2.9e+00    2    2.4e-02  -225.96332586  -164.37287046    -0.00006532   0.001624   6.5e-03   2.8e-04 0.04
    32      30    2.7e+00    2    7.0e-03  -225.96333929  -164.37288389    -0.00001343   0.001723   6.9e-03   2.3e-04 0.04
    33      30    3.2e+00    3    4.3e-02  -225.96336984  -164.37291444    -0.00003055   0.001775   7.1e-03   1.4e-04 0.04
    34      30    3.9e+00    0    4.3e-03  -225.96337308  -164.37291768    -0.00000325   0.001775   7.1e-03   1.4e-04 0.04
    35      29    2.8e+00    0    2.3e-02  -225.96345688  -164.37300148    -0.00008380   0.000498   2.0e-03   1.9e-04 0.04
 
RESULTS OF THE OCCUPATION OPTIMIZATION
========================================
   1    1.9997005  -15.75043429
   2    1.9997584  -15.66988076
   3    1.9997396  -15.63421995
   4    1.9927345  -1.39612180
   5    1.9897869  -1.00671135
   6    1.9900924  -0.93390296
   7    1.9793192  -0.84778167
   8    1.9754314  -0.73184736
   9    1.9723436  -0.67377562
  10    1.9577547  -0.60518033
  11    1.9576746  -0.47057144
  12    0.0423254  -0.05479801
  13    0.0422453  -0.05447345
  14    0.0276564  -0.04243252
  15    0.0245686  -0.02876849
  16    0.0206808  -0.03290654
  17    0.0099076  -0.01716181
  18    0.0102131  -0.01901553
  19    0.0072655  -0.01445156
  20    0.0002604  -0.00667481
  21    0.0002416  -0.00622929
  22    0.0002995  -0.00738803
 
----------------
 Final Energies 
----------------
Final NOF Total Energy =    -164.3730015
 
Total Orbital Internal Iterations = 709
Total Occupation Internal Iterations = 133
 
Elapsed time:  109.42 Seconds

---------------------------------
   Lowdin Population Analysis    
---------------------------------
 Idx  Atom   Population   Charge 
---------------------------------
  1     H     1.256      -0.256
  2     N     6.836       0.164
  3     N     6.974       0.026
  4     N     6.934       0.066

---------------------------------
   M Diagnostic: 0.04
---------------------------------

