Computing Integrals
Basis Set                                            = def2-qzvp
Auxiliary Basis Set                                  = def2-universal-jkfit
Gaussian Type                                        = Spherical
Elapsed time:    4.10 Seconds

Number of basis functions                   (NBF)    = 280
Number of auxiliary basis functions         (NBFAUX) = 512
Inactive Doubly occupied orbitals up to     (NO1)    = 0
No. considered Strongly Doubly occupied MOs (NDOC)   = 32
No. considered Strongly Singly occupied MOs (NSOC)   = 0
NO. of Weakly occ. per St. Doubly occ.  MOs (NCWO)   = 1
Dimension of the Nat. Orb. subspace         (NBF5)   = 64
No. of electrons                                     = 64
    No. of alpha electrons                           = 32
    No. of beta electrons                            = 32
Multiplicity                                         = 1

Geometry
========
Al       0.0000000       0.0000000       0.0000000
Cl       0.0000000       2.0709710       0.0000000
Cl       1.7935130      -1.0354850       0.0000000
Cl      -1.7935130      -1.0354850       0.0000000

No violations of the orthonormality
No violations of the orthonormality
 
PNOF8/ADABelief Calculation
==================
 
  Nitext  Nit_orb  Time   Nit_occ  Time         Eelec          Etot           Ediff      maxdiff    MaxGrad_orb  Grad_occ
     1      10    1.1e+01    3    1.2e+01 -1919.16637259 -1621.85186284 -11918.16637259   0.000487   1.9e-03   1.6e-04 0.02
 
RESULTS OF THE OCCUPATION OPTIMIZATION
========================================
   1    1.9999681  -104.89294097
   2    1.9999680  -104.89254001
   3    1.9999679  -104.89248345
   4    1.9999462  -58.60372353
   5    1.9993116  -10.57734612
   6    1.9993298  -10.57576876
   7    1.9993283  -10.57540710
   8    1.9990410  -8.04848109
   9    1.9990403  -8.04816302
  10    1.9990885  -8.04546682
  11    1.9990896  -8.04527196
  12    1.9990823  -8.04507823
  13    1.9990268  -8.04277630
  14    1.9984892  -7.81758744
  15    1.9984745  -7.75243123
  16    1.9984427  -7.56010828
  17    1.9980673  -5.99010986
  18    1.9959331  -3.29193358
  19    1.9964800  -3.28819032
  20    1.9965855  -3.28814015
  21    1.9908290  -1.11306438
  22    1.9908641  -1.11296386
  23    1.9908366  -1.11167922
  24    1.9755706  -0.53145754
  25    1.9755688  -0.53109144
  26    1.9756218  -0.52985966
  27    1.9760583  -0.52664539
  28    1.9762653  -0.52436455
  29    1.9764418  -0.51931266
  30    1.9768016  -0.51635063
  31    1.9772543  -0.51230864
  32    1.9771312  -0.51005055
  33    0.0228688  -0.02860228
  34    0.0227457  -0.02828056
  35    0.0231984  -0.02967251
  36    0.0235582  -0.03026472
  37    0.0237347  -0.03133632
  38    0.0239417  -0.03168928
  39    0.0243782  -0.03270810
  40    0.0244312  -0.03299716
  41    0.0244294  -0.03308029
  42    0.0091634  -0.02713279
  43    0.0091359  -0.02698176
  44    0.0091710  -0.02688825
  45    0.0034145  -0.02003540
  46    0.0035200  -0.02793727
  47    0.0040669  -0.02117345
  48    0.0019327  -0.01797918
  49    0.0015573  -0.02075507
  50    0.0015255  -0.02221291
  51    0.0015108  -0.02202690
  52    0.0009732  -0.01795052
  53    0.0009177  -0.01734274
  54    0.0009104  -0.01733187
  55    0.0009115  -0.01734126
  56    0.0009597  -0.01787962
  57    0.0009590  -0.01787522
  58    0.0006717  -0.01521475
  59    0.0006702  -0.01519853
  60    0.0006884  -0.01539575
  61    0.0000538  -0.00577892
  62    0.0000321  -0.00595758
  63    0.0000320  -0.00594989
  64    0.0000319  -0.00596391
 
----------------
 Final Energies 
----------------
Final NOF Total Energy =   -1621.8518628
 
Total Orbital Internal Iterations = 10
Total Occupation Internal Iterations = 3
 
Elapsed time:   29.60 Seconds

---------------------------------
   Lowdin Population Analysis    
---------------------------------
 Idx  Atom   Population   Charge 
---------------------------------
  1    Al    14.742      -1.742
  2    Cl    16.419       0.581
  3    Cl    16.419       0.581
  4    Cl    16.419       0.581

---------------------------------
   M Diagnostic: 0.02
---------------------------------

