Computing Integrals
Basis Set                                            = def2-qzvp
Auxiliary Basis Set                                  = def2-universal-jkfit
Gaussian Type                                        = Spherical
Elapsed time:    2.73 Seconds

Number of basis functions                   (NBF)    = 204
Number of auxiliary basis functions         (NBFAUX) = 208
Inactive Doubly occupied orbitals up to     (NO1)    = 0
No. considered Strongly Doubly occupied MOs (NDOC)   = 10
No. considered Strongly Singly occupied MOs (NSOC)   = 0
NO. of Weakly occ. per St. Doubly occ.  MOs (NCWO)   = 1
Dimension of the Nat. Orb. subspace         (NBF5)   = 20
No. of electrons                                     = 20
    No. of alpha electrons                           = 10
    No. of beta electrons                            = 10
Multiplicity                                         = 1

Geometry
========
 H      -0.0913883      -0.2448128       0.0130826
 H       1.5272733       0.3383121       0.6525543
 O      -1.2208378      -0.2356182       0.0613147
 O       1.2462132      -0.2206110      -0.0771381
 H      -1.4612604       0.3627299      -0.6498135

No violations of the orthonormality
No violations of the orthonormality
 
PNOF8/ADABelief Calculation
==================
 
  Nitext  Nit_orb  Time   Nit_occ  Time         Eelec          Etot           Ediff      maxdiff    MaxGrad_orb  Grad_occ
     1      10    9.7e+00    3    1.2e+01  -185.05844665  -151.89009873 -10184.05844665   0.000733   2.9e-03   1.8e-04 0.03
 
RESULTS OF THE OCCUPATION OPTIMIZATION
========================================
   1    1.9998043  -20.30558681
   2    1.9998121  -20.27570358
   3    1.9932086  -0.94522667
   4    1.9882479  -0.77694870
   5    1.9867213  -0.62041690
   6    1.9700920  -0.44582957
   7    1.9694073  -0.39658032
   8    1.9698125  -0.26003370
   9    1.9779215  -0.25960296
  10    1.9763575  -0.21358386
  11    0.0236425  -0.02198267
  12    0.0220785  -0.02163295
  13    0.0301875  -0.03640039
  14    0.0305927  -0.03196485
  15    0.0299080  -0.03221584
  16    0.0132787  -0.02007251
  17    0.0117521  -0.02002723
  18    0.0067914  -0.01445751
  19    0.0001879  -0.00631356
  20    0.0001957  -0.00656719
 
----------------
 Final Energies 
----------------
Final NOF Total Energy =    -151.8900987
 
Total Orbital Internal Iterations = 10
Total Occupation Internal Iterations = 3
 
Elapsed time:   27.88 Seconds

---------------------------------
   Lowdin Population Analysis    
---------------------------------
 Idx  Atom   Population   Charge 
---------------------------------
  1     H     1.483      -0.483
  2     H     1.518      -0.518
  3     O     7.656       0.344
  4     O     7.895       0.105
  5     H     1.449      -0.449

---------------------------------
   M Diagnostic: 0.03
---------------------------------

