Computing Integrals
Basis Set                                            = def2-qzvp
Auxiliary Basis Set                                  = def2-universal-jkfit
Gaussian Type                                        = Spherical
Elapsed time:    1.86 Seconds

Number of basis functions                   (NBF)    = 117
Number of auxiliary basis functions         (NBFAUX) = 113
Inactive Doubly occupied orbitals up to     (NO1)    = 0
No. considered Strongly Doubly occupied MOs (NDOC)   = 5
No. considered Strongly Singly occupied MOs (NSOC)   = 0
NO. of Weakly occ. per St. Doubly occ.  MOs (NCWO)   = 22
Dimension of the Nat. Orb. subspace         (NBF5)   = 115
No. of electrons                                     = 10
    No. of alpha electrons                           = 5
    No. of beta electrons                            = 5
Multiplicity                                         = 1

Geometry
========
 O       1.1975660      -0.1080870       0.0000000
 H       1.4153970       0.8270140       0.0000000
 H       0.1348300      -0.0843780       0.0000000

No violations of the orthonormality
No violations of the orthonormality
 
PNOF5/ADABelief Calculation
==================
 
  Nitext  Nit_orb  Time   Nit_occ  Time         Eelec          Etot           Ediff      maxdiff    MaxGrad_orb  Grad_occ
     1      10    9.8e+00    0    1.2e+01   -84.90015683   -76.17180510 -10083.90015683   0.000973   3.9e-03   2.1e-04 0.03
 
RESULTS OF THE OCCUPATION OPTIMIZATION
========================================
   1    1.9997769  -20.56590070
   2    1.9800389  -0.90896461
   3    1.9713781  -0.81594071
   4    1.9895604  -0.74643110
   5    1.9895833  -0.74608701
   6    0.0082264  -0.00958057
   7    0.0082513  -0.00959800
   8    0.0247394  -0.02159131
   9    0.0161347  -0.01688234
  10    0.0001891  -0.00689468
  11    0.0008278  -0.00155821
  12    0.0008380  -0.00157365
  13    0.0019834  -0.00267528
  14    0.0019054  -0.00293156
  15    0.0000191  -0.00050189
  16    0.0004795  -0.00103323
  17    0.0004790  -0.00103081
  18    0.0008686  -0.00133341
  19    0.0008643  -0.00147695
  20    0.0000103  -0.00031786
  21    0.0004579  -0.00099886
  22    0.0004625  -0.00100693
  23    0.0008236  -0.00127479
  24    0.0007957  -0.00139903
  25    0.0000026  -0.00016354
  26    0.0000941  -0.00024434
  27    0.0000961  -0.00023788
  28    0.0000465  -0.00017806
  29    0.0000655  -0.00019302
  30    0.0000002  -0.00000157
  31    0.0000843  -0.00020983
  32    0.0000847  -0.00021644
  33    0.0000321  -0.00011335
  34    0.0000453  -0.00016734
  35    0.0000001  -0.00000101
  36    0.0000718  -0.00019786
  37    0.0000755  -0.00020422
  38    0.0000267  -0.00008029
  39    0.0000355  -0.00011266
  40    0.0000001  -0.00000672
  41    0.0000626  -0.00017847
  42    0.0000630  -0.00018563
  43    0.0000230  -0.00007578
  44    0.0000295  -0.00009997
  45    0.0000001  -0.00000177
  46    0.0000518  -0.00016268
  47    0.0000343  -0.00013225
  48    0.0000193  -0.00005927
  49    0.0000221  -0.00007973
  50    0.0000001  0.00000034
  51    0.0000244  -0.00007899
  52    0.0000183  -0.00006320
  53    0.0000183  -0.00005759
  54    0.0000204  -0.00007385
  55    0.0000001  0.00000013
  56    0.0000122  -0.00002370
  57    0.0000091  -0.00002111
  58    0.0000118  -0.00005069
  59    0.0000149  -0.00006206
  60    0.0000001  -0.00000005
  61    0.0000054  -0.00001593
  62    0.0000061  -0.00001813
  63    0.0000089  -0.00003063
  64    0.0000102  -0.00003741
  65    0.0000001  0.00000017
  66    0.0000034  -0.00001426
  67    0.0000050  -0.00001544
  68    0.0000043  -0.00002430
  69    0.0000036  -0.00002527
  70    0.0000001  0.00000031
  71    0.0000030  -0.00001433
  72    0.0000034  -0.00001613
  73    0.0000038  -0.00001849
  74    0.0000036  -0.00002023
  75    0.0000001  0.00000034
  76    0.0000029  -0.00001348
  77    0.0000031  -0.00001277
  78    0.0000033  -0.00001665
  79    0.0000030  -0.00001603
  80    0.0000001  0.00000026
  81    0.0000027  -0.00001106
  82    0.0000027  -0.00001169
  83    0.0000030  -0.00001468
  84    0.0000019  -0.00001353
  85    0.0000001  -0.00000001
  86    0.0000022  -0.00001105
  87    0.0000025  -0.00000963
  88    0.0000016  -0.00000456
  89    0.0000018  -0.00001136
  90    0.0000001  0.00000032
  91    0.0000018  -0.00000612
  92    0.0000020  -0.00000443
  93    0.0000010  -0.00000356
  94    0.0000010  -0.00000544
  95    0.0000001  0.00000030
  96    0.0000010  -0.00000263
  97    0.0000013  -0.00000280
  98    0.0000009  -0.00000335
  99    0.0000009  -0.00000418
 100    0.0000001  0.00000026
 101    0.0000006  -0.00000052
 102    0.0000008  -0.00000122
 103    0.0000009  -0.00000305
 104    0.0000007  -0.00000244
 105    0.0000001  0.00000036
 106    0.0000004  -0.00000003
 107    0.0000005  0.00000003
 108    0.0000007  -0.00000252
 109    0.0000006  -0.00000215
 110    0.0000001  0.00000012
 111    0.0000003  0.00000003
 112    0.0000004  -0.00000019
 113    0.0000006  -0.00000154
 114    0.0000006  -0.00000248
 115    0.0000001  0.00000010
 
----------------
 Final Energies 
----------------
Final NOF Total Energy =     -76.1718051
 
Total Orbital Internal Iterations = 10
Total Occupation Internal Iterations = 0
 
Elapsed time:   27.93 Seconds

---------------------------------
   Lowdin Population Analysis    
---------------------------------
 Idx  Atom   Population   Charge 
---------------------------------
  1     O     7.466       0.534
  2     H     1.353      -0.353
  3     H     1.181      -0.181

---------------------------------
   M Diagnostic: 0.03
---------------------------------

