Computing Integrals
Basis Set                                            = def2-qzvp
Auxiliary Basis Set                                  = def2-universal-jkfit
Gaussian Type                                        = Spherical
Elapsed time:    1.74 Seconds

Number of basis functions                   (NBF)    = 100
Number of auxiliary basis functions         (NBFAUX) = 146
Inactive Doubly occupied orbitals up to     (NO1)    = 0
No. considered Strongly Doubly occupied MOs (NDOC)   = 9
No. considered Strongly Singly occupied MOs (NSOC)   = 0
NO. of Weakly occ. per St. Doubly occ.  MOs (NCWO)   = 10
Dimension of the Nat. Orb. subspace         (NBF5)   = 99
No. of electrons                                     = 18
    No. of alpha electrons                           = 9
    No. of beta electrons                            = 9
Multiplicity                                         = 1

Geometry
========
 H      -0.9189248       0.2767412      -0.5944477
Cl      -0.7548901       0.9332094      -1.9983145

No violations of the orthonormality
No violations of the orthonormality
 
PNOF5/ADABelief Calculation
==================
 
  Nitext  Nit_orb  Time   Nit_occ  Time         Eelec          Etot           Ediff      maxdiff    MaxGrad_orb  Grad_occ
     1      10    9.9e+00    0    1.2e+01  -465.96709666  -460.19461933 -10464.96709666   0.000846   3.4e-03   1.8e-04 0.04
 
RESULTS OF THE OCCUPATION OPTIMIZATION
========================================
   1    1.9999487  -94.56245101
   2    1.9999942  -20.86364498
   3    1.9996755  -8.06238073
   4    1.9996768  -8.04996297
   5    1.9994519  -8.03671628
   6    1.9882896  -0.68874957
   7    1.9879936  -0.68698193
   8    1.9868323  -0.68074948
   9    1.9564294  -0.65310368
  10    0.0380391  -0.02264984
  11    0.0061944  -0.00559478
  12    0.0060118  -0.00554371
  13    0.0060048  -0.00554194
  14    0.0001880  -0.00230023
  15    0.0001762  -0.00210006
  16    0.0001767  -0.00252624
  17    0.0000051  -0.00012950
  18    0.0000498  -0.00835814
  19    0.0025357  -0.00237270
  20    0.0032953  -0.00320793
  21    0.0030480  -0.00303331
  22    0.0031566  -0.00313206
  23    0.0001255  -0.00194368
  24    0.0001334  -0.00208947
  25    0.0001345  -0.00164692
  26    0.0000003  -0.00000444
  27    0.0000013  -0.00041860
  28    0.0013969  -0.00140066
  29    0.0025188  -0.00260822
  30    0.0019335  -0.00216876
  31    0.0015215  -0.00179073
  32    0.0001145  -0.00139019
  33    0.0000107  -0.00024163
  34    0.0000112  -0.00026915
  35    0.0000001  -0.00000202
  36    0.0000000  0.00000009
  37    0.0013321  -0.00134895
  38    0.0007865  -0.00101545
  39    0.0005962  -0.00079622
  40    0.0006163  -0.00082289
  41    0.0001076  -0.00136528
  42    0.0000015  -0.00000506
  43    0.0000009  -0.00000445
  44    0.0000000  -0.00000027
  45    0.0000000  0.00000010
  46    0.0001056  -0.00016396
  47    0.0001212  -0.00023240
  48    0.0001448  -0.00026399
  49    0.0001489  -0.00026988
  50    0.0000097  -0.00021618
  51    0.0000005  -0.00000136
  52    0.0000002  -0.00000012
  53    0.0000000  0.00000000
  54    0.0000000  0.00000010
  55    0.0000506  -0.00008666
  56    0.0001077  -0.00019965
  57    0.0001245  -0.00022300
  58    0.0001185  -0.00021798
  59    0.0000007  -0.00000428
  60    0.0000002  -0.00000029
  61    0.0000002  -0.00000019
  62    0.0000000  0.00000004
  63    0.0000000  0.00000009
  64    0.0000407  -0.00007851
  65    0.0000540  -0.00010375
  66    0.0000539  -0.00010148
  67    0.0000554  -0.00010501
  68    0.0000006  -0.00000222
  69    0.0000002  -0.00000007
  70    0.0000002  0.00000023
  71    0.0000000  0.00000004
  72    0.0000000  0.00000010
  73    0.0000322  -0.00006268
  74    0.0000442  -0.00008880
  75    0.0000474  -0.00009109
  76    0.0000456  -0.00009060
  77    0.0000005  -0.00000007
  78    0.0000002  -0.00000020
  79    0.0000002  -0.00000007
  80    0.0000000  0.00000005
  81    0.0000000  0.00000010
  82    0.0000208  -0.00004386
  83    0.0000345  -0.00007841
  84    0.0000347  -0.00007934
  85    0.0000322  -0.00007773
  86    0.0000005  0.00000007
  87    0.0000002  0.00000023
  88    0.0000002  0.00000028
  89    0.0000000  0.00000004
  90    0.0000000  0.00000010
  91    0.0000169  -0.00004201
  92    0.0000112  -0.00002410
  93    0.0000115  -0.00002583
  94    0.0000106  -0.00002276
  95    0.0000005  0.00000030
  96    0.0000002  0.00000021
  97    0.0000001  0.00000035
  98    0.0000000  0.00000004
  99    0.0000000  0.00000010
 
----------------
 Final Energies 
----------------
Final NOF Total Energy =    -460.1946193
 
Total Orbital Internal Iterations = 10
Total Occupation Internal Iterations = 0
 
Elapsed time:   28.14 Seconds

---------------------------------
   Lowdin Population Analysis    
---------------------------------
 Idx  Atom   Population   Charge 
---------------------------------
  1     H     1.089      -0.089
  2    Cl    16.911       0.089

---------------------------------
   M Diagnostic: 0.04
---------------------------------

