Computing Integrals
Basis Set                                            = def2-qzvp
Auxiliary Basis Set                                  = def2-universal-jkfit
Gaussian Type                                        = Spherical
Elapsed time:    1.73 Seconds

Number of basis functions                   (NBF)    = 70
Number of auxiliary basis functions         (NBFAUX) = 128
Inactive Doubly occupied orbitals up to     (NO1)    = 0
No. considered Strongly Doubly occupied MOs (NDOC)   = 7
No. considered Strongly Singly occupied MOs (NSOC)   = 2
NO. of Weakly occ. per St. Doubly occ.  MOs (NCWO)   = 8
Dimension of the Nat. Orb. subspace         (NBF5)   = 65
No. of electrons                                     = 16
    No. of alpha electrons                           = 9
    No. of beta electrons                            = 7
Multiplicity                                         = 3

Geometry
========
 S       0.0000000       0.0000000       0.0000000

No violations of the orthonormality
No violations of the orthonormality
 
PNOF5/ADABelief Calculation
==================
 
  Nitext  Nit_orb  Time   Nit_occ  Time         Eelec          Etot           Ediff      maxdiff    MaxGrad_orb  Grad_occ
     1      10    9.2e+00    0    1.2e+01  -397.57941061  -397.57941061 -10396.57941061   0.000496   2.0e-03   1.7e-04 0.01
 
RESULTS OF THE OCCUPATION OPTIMIZATION
========================================
   1    1.9999622  -91.25163769
   2    1.9997161  -7.76572374
   3    1.9995624  -7.60571705
   4    1.9994215  -7.26862281
   5    1.9995019  -7.17993029
   6    1.9874581  -0.68036569
   7    1.9853197  -0.66012016
   8    1.0000000  -0.24010720
   9    1.0000000  -0.24009218
  10    0.0060393  -0.00508582
  11    0.0054650  -0.00479886
  12    0.0002307  -0.00290563
  13    0.0003143  -0.00362326
  14    0.0002910  -0.00346584
  15    0.0002640  -0.00324750
  16    0.0000307  -0.00562020
  17    0.0027114  -0.00254549
  18    0.0021485  -0.00215920
  19    0.0001630  -0.00179430
  20    0.0001638  -0.00174292
  21    0.0001308  -0.00148449
  22    0.0000175  -0.00029489
  23    0.0000039  -0.00040763
  24    0.0027101  -0.00254584
  25    0.0021227  -0.00214266
  26    0.0001003  -0.00109827
  27    0.0000969  -0.00106752
  28    0.0000128  -0.00012660
  29    0.0000009  -0.00000140
  30    0.0000020  -0.00025580
  31    0.0018143  -0.00176591
  32    0.0011668  -0.00127850
  33    0.0000015  -0.00000510
  34    0.0000011  -0.00000547
  35    0.0000014  -0.00000313
  36    0.0000006  -0.00000123
  37    0.0000009  -0.00023928
  38    0.0006131  -0.00070183
  39    0.0007240  -0.00078459
  40    0.0000009  -0.00000182
  41    0.0000007  -0.00000162
  42    0.0000004  -0.00000100
  43    0.0000003  -0.00000030
  44    0.0000001  0.00000005
  45    0.0005617  -0.00067535
  46    0.0006932  -0.00077027
  47    0.0000006  -0.00000047
  48    0.0000006  -0.00000108
  49    0.0000004  -0.00000039
  50    0.0000003  -0.00000006
  51    0.0000001  0.00000007
  52    0.0001310  -0.00015962
  53    0.0001240  -0.00015691
  54    0.0000005  -0.00000011
  55    0.0000006  -0.00000088
  56    0.0000004  -0.00000226
  57    0.0000002  0.00000005
  58    0.0000001  0.00000007
  59    0.0000994  -0.00013759
  60    0.0000976  -0.00013682
  61    0.0000005  -0.00000027
  62    0.0000004  -0.00000072
  63    0.0000004  -0.00000026
  64    0.0000002  -0.00000011
  65    0.0000001  0.00000008
 
----------------
 Final Energies 
----------------
Final NOF Total Energy =    -397.5794106
 
Total Orbital Internal Iterations = 10
Total Occupation Internal Iterations = 0
 
Elapsed time:   27.52 Seconds

---------------------------------
   Lowdin Population Analysis    
---------------------------------
 Idx  Atom   Population   Charge 
---------------------------------
  1     S    16.000      -0.000

---------------------------------
   M Diagnostic: 0.01
---------------------------------

