Computing Integrals
Basis Set                                            = def2-qzvp
Auxiliary Basis Set                                  = def2-universal-jkfit
Gaussian Type                                        = Spherical
Elapsed time:    2.05 Seconds

Number of basis functions                   (NBF)    = 56
Number of auxiliary basis functions         (NBFAUX) = 160
Inactive Doubly occupied orbitals up to     (NO1)    = 0
No. considered Strongly Doubly occupied MOs (NDOC)   = 10
No. considered Strongly Singly occupied MOs (NSOC)   = 0
NO. of Weakly occ. per St. Doubly occ.  MOs (NCWO)   = 4
Dimension of the Nat. Orb. subspace         (NBF5)   = 50
No. of electrons                                     = 20
    No. of alpha electrons                           = 10
    No. of beta electrons                            = 10
Multiplicity                                         = 1

Geometry
========
Ca       0.0000000       0.0000000       0.0000000

No violations of the orthonormality
No violations of the orthonormality
 
PNOF5/ADABelief Calculation
==================
 
  Nitext  Nit_orb  Time   Nit_occ  Time         Eelec          Etot           Ediff      maxdiff    MaxGrad_orb  Grad_occ
     1      10    9.3e+00    0    1.2e+01  -676.83677430  -676.83677430 -10675.83677430   0.000521   2.1e-03   1.6e-04 0.12
 
RESULTS OF THE OCCUPATION OPTIMIZATION
========================================
   1    1.9999616  -129.47400930
   2    1.9999992  -35.69431411
   3    1.9999955  -13.59489857
   4    1.9999974  -13.57878925
   5    1.9999983  -13.53550008
   6    1.9999543  -3.34533662
   7    1.9894625  -1.37374431
   8    1.9880732  -1.37328344
   9    1.9929465  -1.36853817
  10    1.8168886  -0.20154541
  11    0.0602179  -0.00971575
  12    0.0064356  -0.00829957
  13    0.0067795  -0.00879299
  14    0.0053868  -0.00696184
  15    0.0000381  -0.00010345
  16    0.0000013  -0.00000535
  17    0.0000020  -0.00003367
  18    0.0000041  -0.00008208
  19    0.0000006  -0.00002267
  20    0.0000375  -0.00859147
  21    0.0599578  -0.00970402
  22    0.0004268  -0.00074571
  23    0.0045902  -0.00593300
  24    0.0046142  -0.00595776
  25    0.0000048  -0.00001702
  26    0.0000001  -0.00000055
  27    0.0000003  -0.00000078
  28    0.0000002  -0.00000009
  29    0.0000001  -0.00000002
  30    0.0000009  -0.00023853
  31    0.0593881  -0.00955516
  32    0.0001518  -0.00036226
  33    0.0004126  -0.00071988
  34    0.0004377  -0.00075037
  35    0.0000016  -0.00000502
  36    0.0000001  -0.00000015
  37    0.0000002  -0.00000018
  38    0.0000002  -0.00000002
  39    0.0000001  -0.00000002
  40    0.0000001  0.00000000
  41    0.0035477  -0.00080438
  42    0.0000393  -0.00007662
  43    0.0001445  -0.00032506
  44    0.0000989  -0.00027126
  45    0.0000012  -0.00000430
  46    0.0000001  -0.00000000
  47    0.0000002  0.00000001
  48    0.0000001  -0.00000005
  49    0.0000001  -0.00000002
  50    0.0000000  -0.00000000
 
----------------
 Final Energies 
----------------
Final NOF Total Energy =    -676.8367743
 
Total Orbital Internal Iterations = 10
Total Occupation Internal Iterations = 0
 
Elapsed time:   27.57 Seconds

---------------------------------
   Lowdin Population Analysis    
---------------------------------
 Idx  Atom   Population   Charge 
---------------------------------
  1    Ca    20.000      -0.000

---------------------------------
   M Diagnostic: 0.12
---------------------------------

