Computing Integrals
Basis Set                                            = def2-qzvp
Auxiliary Basis Set                                  = def2-universal-jkfit
Gaussian Type                                        = Spherical
Elapsed time:    1.96 Seconds

Number of basis functions                   (NBF)    = 113
Number of auxiliary basis functions         (NBFAUX) = 237
Inactive Doubly occupied orbitals up to     (NO1)    = 0
No. considered Strongly Doubly occupied MOs (NDOC)   = 14
No. considered Strongly Singly occupied MOs (NSOC)   = 0
NO. of Weakly occ. per St. Doubly occ.  MOs (NCWO)   = 7
Dimension of the Nat. Orb. subspace         (NBF5)   = 112
No. of electrons                                     = 28
    No. of alpha electrons                           = 14
    No. of beta electrons                            = 14
Multiplicity                                         = 1

Geometry
========
Ca       0.0000000       0.0000000      -0.8987290
 O       0.0000000       0.0000000       0.8987290

No violations of the orthonormality
No violations of the orthonormality
 
PNOF5/ADABelief Calculation
==================
 
  Nitext  Nit_orb  Time   Nit_occ  Time         Eelec          Etot           Ediff      maxdiff    MaxGrad_orb  Grad_occ
     1      10    1.0e+01    0    1.2e+01  -798.85817168  -751.75377196 -10797.85817168   0.000958   3.8e-03   1.7e-04 0.60
 
RESULTS OF THE OCCUPATION OPTIMIZATION
========================================
   1    1.9999624  -130.57430153
   2    1.9999996  -35.16889224
   3    1.9997774  -20.51775461
   4    1.9999972  -13.57207911
   5    1.9999983  -13.55517570
   6    1.9999991  -13.55053455
   7    1.9997623  -2.43806572
   8    1.9916660  -1.39497862
   9    1.9898350  -1.34679438
  10    1.9924676  -1.33117052
  11    1.9878965  -0.73945232
  12    1.9876633  -0.73697871
  13    1.9876183  -0.73431197
  14    1.4038636  -0.25479071
  15    0.5961287  -0.13730172
  16    0.0099529  -0.01079899
  17    0.0099126  -0.01076348
  18    0.0097120  -0.01064194
  19    0.0066294  -0.00849350
  20    0.0058975  -0.00782800
  21    0.0038994  -0.00534635
  22    0.0002246  -0.00069645
  23    0.0000005  -0.00000574
  24    0.0000012  -0.00000480
  25    0.0000023  -0.00005352
  26    0.0001855  -0.00681442
  27    0.0000002  -0.00001014
  28    0.0000366  -0.00848453
  29    0.0000023  -0.00000865
  30    0.0010008  -0.00175200
  31    0.0010034  -0.00174006
  32    0.0010038  -0.00173967
  33    0.0007586  -0.00120667
  34    0.0038092  -0.00503567
  35    0.0036115  -0.00509350
  36    0.0000049  -0.00001081
  37    0.0000001  0.00000002
  38    0.0000001  0.00000000
  39    0.0000001  -0.00000001
  40    0.0000230  -0.00057197
  41    0.0000000  0.00000016
  42    0.0000009  -0.00023567
  43    0.0000018  -0.00000482
  44    0.0008106  -0.00143497
  45    0.0007947  -0.00142288
  46    0.0007595  -0.00139334
  47    0.0000480  -0.00018362
  48    0.0003852  -0.00069856
  49    0.0007617  -0.00137048
  50    0.0000029  -0.00000777
  51    0.0000001  0.00000018
  52    0.0000001  -0.00000001
  53    0.0000001  0.00000001
  54    0.0000062  -0.00013987
  55    0.0000000  0.00000016
  56    0.0000000  0.00000018
  57    0.0000016  -0.00000354
  58    0.0004093  -0.00091328
  59    0.0004125  -0.00092202
  60    0.0004018  -0.00091261
  61    0.0000460  -0.00010060
  62    0.0000594  -0.00016471
  63    0.0000226  -0.00004167
  64    0.0000024  -0.00000104
  65    0.0000001  0.00000023
  66    0.0000001  -0.00000002
  67    0.0000001  0.00000004
  68    0.0000039  -0.00010125
  69    0.0000000  0.00000016
  70    0.0000000  0.00000011
  71    0.0000015  -0.00000159
  72    0.0000812  -0.00023733
  73    0.0000801  -0.00023950
  74    0.0000866  -0.00024520
  75    0.0000391  -0.00007954
  76    0.0000113  -0.00002974
  77    0.0000134  -0.00002677
  78    0.0000018  -0.00000089
  79    0.0000001  0.00000026
  80    0.0000001  -0.00000001
  81    0.0000001  0.00000004
  82    0.0000033  -0.00019147
  83    0.0000000  0.00000017
  84    0.0000000  0.00000011
  85    0.0000002  -0.00000133
  86    0.0000660  -0.00019296
  87    0.0000692  -0.00020734
  88    0.0000755  -0.00021447
  89    0.0000099  -0.00002344
  90    0.0000015  -0.00000715
  91    0.0000131  -0.00002661
  92    0.0000010  -0.00000021
  93    0.0000001  0.00000026
  94    0.0000001  -0.00000003
  95    0.0000001  0.00000011
  96    0.0000005  -0.00000642
  97    0.0000000  0.00000016
  98    0.0000000  0.00000009
  99    0.0000002  -0.00000133
 100    0.0000610  -0.00018112
 101    0.0000643  -0.00019364
 102    0.0000643  -0.00019155
 103    0.0000012  -0.00000490
 104    0.0000008  -0.00000185
 105    0.0000123  -0.00002251
 106    0.0000002  -0.00000002
 107    0.0000001  0.00000025
 108    0.0000001  0.00000005
 109    0.0000001  0.00000024
 110    0.0000002  -0.00001347
 111    0.0000000  0.00000014
 112    0.0000000  0.00000008
 
----------------
 Final Energies 
----------------
Final NOF Total Energy =    -751.7537720
 
Total Orbital Internal Iterations = 10
Total Occupation Internal Iterations = 0
 
Elapsed time:   28.32 Seconds

---------------------------------
   Lowdin Population Analysis    
---------------------------------
 Idx  Atom   Population   Charge 
---------------------------------
  1    Ca    19.653       0.347
  2     O     8.347      -0.347

---------------------------------
   M Diagnostic: 0.60
---------------------------------

