Computing Integrals
Basis Set                                            = def2-qzvp
Auxiliary Basis Set                                  = def2-universal-jkfit
Gaussian Type                                        = Spherical
Elapsed time:    1.69 Seconds

Number of basis functions                   (NBF)    = 70
Number of auxiliary basis functions         (NBFAUX) = 128
Inactive Doubly occupied orbitals up to     (NO1)    = 0
No. considered Strongly Doubly occupied MOs (NDOC)   = 8
No. considered Strongly Singly occupied MOs (NSOC)   = 1
NO. of Weakly occ. per St. Doubly occ.  MOs (NCWO)   = 7
Dimension of the Nat. Orb. subspace         (NBF5)   = 65
No. of electrons                                     = 17
    No. of alpha electrons                           = 9
    No. of beta electrons                            = 8
Multiplicity                                         = 2

Geometry
========
Cl       0.0000000       0.0000000       0.0000000

No violations of the orthonormality
No violations of the orthonormality
 
PNOF5/ADABelief Calculation
==================
 
  Nitext  Nit_orb  Time   Nit_occ  Time         Eelec          Etot           Ediff      maxdiff    MaxGrad_orb  Grad_occ
     1      10    9.2e+00    0    1.2e+01  -459.57268434  -459.57268434 -10458.57268434   0.000981   3.9e-03   2.3e-04 0.01
 
RESULTS OF THE OCCUPATION OPTIMIZATION
========================================
   1    1.9999318  -94.54895300
   2    1.9999994  -20.95176534
   3    1.9996739  -8.08112225
   4    1.9994531  -8.06214840
   5    1.9995683  -8.06144808
   6    1.9869859  -0.71711089
   7    1.9868031  -0.71611559
   8    1.9868160  -0.71461679
   9    1.0000000  -0.28407906
  10    0.0062315  -0.00581233
  11    0.0060947  -0.00575392
  12    0.0063440  -0.00585742
  13    0.0001737  -0.00213239
  14    0.0001604  -0.00190776
  15    0.0002075  -0.00266037
  16    0.0000001  -0.00000387
  17    0.0000479  -0.00816649
  18    0.0032869  -0.00319141
  19    0.0033178  -0.00320986
  20    0.0030192  -0.00304947
  21    0.0001373  -0.00188353
  22    0.0001553  -0.00209538
  23    0.0001148  -0.00137658
  24    0.0000001  -0.00000009
  25    0.0000069  -0.00079793
  26    0.0027298  -0.00274884
  27    0.0028243  -0.00279256
  28    0.0026993  -0.00273015
  29    0.0001162  -0.00139317
  30    0.0001176  -0.00139764
  31    0.0000009  -0.00001200
  32    0.0000001  -0.00000010
  33    0.0000059  -0.00067160
  34    0.0005500  -0.00085716
  35    0.0005601  -0.00087350
  36    0.0005523  -0.00087216
  37    0.0000013  -0.00001556
  38    0.0001095  -0.00135686
  39    0.0000008  -0.00000093
  40    0.0000001  -0.00000003
  41    0.0000059  -0.00066925
  42    0.0001785  -0.00028626
  43    0.0001804  -0.00029461
  44    0.0001945  -0.00030709
  45    0.0000011  -0.00000359
  46    0.0000015  -0.00001634
  47    0.0000007  -0.00000069
  48    0.0000001  -0.00000010
  49    0.0000013  -0.00041807
  50    0.0001613  -0.00028744
  51    0.0001548  -0.00027741
  52    0.0001670  -0.00028759
  53    0.0000010  -0.00000218
  54    0.0000013  -0.00000189
  55    0.0000007  -0.00000044
  56    0.0000001  0.00000005
  57    0.0000001  0.00000014
  58    0.0000460  -0.00010322
  59    0.0000648  -0.00011484
  60    0.0000378  -0.00009699
  61    0.0000010  -0.00000026
  62    0.0000012  -0.00000048
  63    0.0000007  -0.00000022
  64    0.0000001  -0.00000007
  65    0.0000001  0.00000012
 
----------------
 Final Energies 
----------------
Final NOF Total Energy =    -459.5726843
 
Total Orbital Internal Iterations = 10
Total Occupation Internal Iterations = 0
 
Elapsed time:   27.26 Seconds

---------------------------------
   Lowdin Population Analysis    
---------------------------------
 Idx  Atom   Population   Charge 
---------------------------------
  1    Cl    17.000      -0.000

---------------------------------
   M Diagnostic: 0.01
---------------------------------

