Computing Integrals
Basis Set                                            = def2-qzvp
Auxiliary Basis Set                                  = def2-universal-jkfit
Gaussian Type                                        = Spherical
Elapsed time:    2.12 Seconds

Number of basis functions                   (NBF)    = 157
Number of auxiliary basis functions         (NBFAUX) = 223
Inactive Doubly occupied orbitals up to     (NO1)    = 0
No. considered Strongly Doubly occupied MOs (NDOC)   = 12
No. considered Strongly Singly occupied MOs (NSOC)   = 2
NO. of Weakly occ. per St. Doubly occ.  MOs (NCWO)   = 11
Dimension of the Nat. Orb. subspace         (NBF5)   = 146
No. of electrons                                     = 26
    No. of alpha electrons                           = 14
    No. of beta electrons                            = 12
Multiplicity                                         = 3

Geometry
========
Cl       0.1631028      -1.2898889       0.0000000
 H      -0.3262056       0.0968941       0.0000000
 O       0.1631028       1.1929948       0.0000000

No violations of the orthonormality
No violations of the orthonormality
 
PNOF5/ADABelief Calculation
==================
 
  Nitext  Nit_orb  Time   Nit_occ  Time         Eelec          Etot           Ediff      maxdiff    MaxGrad_orb  Grad_occ
     1      10    1.0e+01    0    1.2e+01  -573.65124261  -535.02149069 -10572.65124261   0.000854   3.4e-03   2.1e-04 0.01
 
RESULTS OF THE OCCUPATION OPTIMIZATION
========================================
   1    1.9999319  -94.39528206
   2    1.9999997  -20.94024865
   3    1.9997677  -20.75083912
   4    1.9996863  -8.00109410
   5    1.9994498  -7.98723973
   6    1.9995577  -7.98606704
   7    1.9923354  -1.08456175
   8    1.9919931  -1.02846394
   9    1.9921128  -0.76726313
  10    1.9862633  -0.63683699
  11    1.9870232  -0.63315070
  12    1.9851884  -0.62602432
  13    1.0000000  -0.39323427
  14    1.0000000  -0.38133710
  15    0.0068633  -0.00573571
  16    0.0065091  -0.00560141
  17    0.0064459  -0.00548337
  18    0.0043547  -0.00445488
  19    0.0054180  -0.00790846
  20    0.0052230  -0.00796770
  21    0.0001790  -0.00226836
  22    0.0001688  -0.00227077
  23    0.0002013  -0.00262182
  24    0.0001806  -0.00673285
  25    0.0000000  -0.00000165
  26    0.0000483  -0.00818879
  27    0.0047992  -0.00407866
  28    0.0043024  -0.00383734
  29    0.0039950  -0.00358604
  30    0.0015983  -0.00183139
  31    0.0007410  -0.00166862
  32    0.0007111  -0.00164629
  33    0.0001445  -0.00185640
  34    0.0001551  -0.00184096
  35    0.0001104  -0.00139276
  36    0.0000235  -0.00057791
  37    0.0000000  0.00000011
  38    0.0000065  -0.00073702
  39    0.0022745  -0.00230072
  40    0.0013201  -0.00155583
  41    0.0024737  -0.00246261
  42    0.0009213  -0.00117909
  43    0.0006901  -0.00147715
  44    0.0006315  -0.00141227
  45    0.0001162  -0.00140410
  46    0.0001172  -0.00139676
  47    0.0000005  -0.00000775
  48    0.0000218  -0.00052495
  49    0.0000000  0.00000010
  50    0.0000059  -0.00068107
  51    0.0005677  -0.00070606
  52    0.0004261  -0.00056212
  53    0.0005179  -0.00064855
  54    0.0007362  -0.00106955
  55    0.0005400  -0.00128812
  56    0.0006110  -0.00140509
  57    0.0000007  -0.00000925
  58    0.0001062  -0.00132204
  59    0.0000004  -0.00000068
  60    0.0000025  -0.00017135
  61    0.0000000  0.00000010
  62    0.0000059  -0.00067717
  63    0.0000950  -0.00017430
  64    0.0001540  -0.00023570
  65    0.0001178  -0.00019646
  66    0.0001099  -0.00018155
  67    0.0001867  -0.00049842
  68    0.0001530  -0.00043102
  69    0.0000004  -0.00000024
  70    0.0000008  -0.00000882
  71    0.0000003  -0.00000005
  72    0.0000021  -0.00007037
  73    0.0000000  0.00000011
  74    0.0000014  -0.00042394
  75    0.0000808  -0.00014374
  76    0.0001234  -0.00019447
  77    0.0000749  -0.00013848
  78    0.0000607  -0.00014623
  79    0.0001821  -0.00049467
  80    0.0001503  -0.00041930
  81    0.0000003  -0.00000013
  82    0.0000004  -0.00000103
  83    0.0000002  0.00000031
  84    0.0000004  -0.00000667
  85    0.0000000  0.00000011
  86    0.0000000  0.00000015
  87    0.0000528  -0.00009878
  88    0.0000525  -0.00010060
  89    0.0000396  -0.00008830
  90    0.0000342  -0.00007610
  91    0.0000830  -0.00020765
  92    0.0000673  -0.00019807
  93    0.0000003  0.00000027
  94    0.0000004  0.00000019
  95    0.0000002  0.00000026
  96    0.0000004  -0.00000642
  97    0.0000000  0.00000010
  98    0.0000000  0.00000015
  99    0.0000393  -0.00008295
 100    0.0000384  -0.00008326
 101    0.0000338  -0.00007703
 102    0.0000232  -0.00005862
 103    0.0000789  -0.00020673
 104    0.0000530  -0.00020222
 105    0.0000003  0.00000022
 106    0.0000004  0.00000018
 107    0.0000001  0.00000042
 108    0.0000003  -0.00000377
 109    0.0000000  0.00000011
 110    0.0000000  0.00000013
 111    0.0000219  -0.00005990
 112    0.0000225  -0.00006263
 113    0.0000199  -0.00005856
 114    0.0000195  -0.00006245
 115    0.0000550  -0.00021497
 116    0.0000357  -0.00014817
 117    0.0000002  0.00000028
 118    0.0000003  0.00000017
 119    0.0000001  0.00000036
 120    0.0000003  -0.00000379
 121    0.0000000  0.00000010
 122    0.0000000  0.00000014
 123    0.0000103  -0.00001920
 124    0.0000164  -0.00002151
 125    0.0000105  -0.00001970
 126    0.0000163  -0.00003944
 127    0.0000190  -0.00006209
 128    0.0000186  -0.00005439
 129    0.0000002  0.00000032
 130    0.0000003  0.00000028
 131    0.0000001  0.00000041
 132    0.0000003  -0.00000324
 133    0.0000000  0.00000009
 134    0.0000000  0.00000012
 135    0.0000066  -0.00001705
 136    0.0000118  -0.00001909
 137    0.0000077  -0.00001699
 138    0.0000130  -0.00002967
 139    0.0000130  -0.00005617
 140    0.0000101  -0.00004778
 141    0.0000002  0.00000041
 142    0.0000003  0.00000030
 143    0.0000001  0.00000036
 144    0.0000002  -0.00000965
 145    0.0000000  0.00000009
 146    0.0000000  0.00000011
 
----------------
 Final Energies 
----------------
Final NOF Total Energy =    -535.0214907
 
Total Orbital Internal Iterations = 10
Total Occupation Internal Iterations = 0
 
Elapsed time:   28.55 Seconds

---------------------------------
   Lowdin Population Analysis    
---------------------------------
 Idx  Atom   Population   Charge 
---------------------------------
  1    Cl    16.910       0.090
  2     H     1.652      -0.652
  3     O     7.438       0.562

---------------------------------
   M Diagnostic: 0.01
---------------------------------

