Computing Integrals
Basis Set                                            = def2-qzvp
Auxiliary Basis Set                                  = def2-universal-jkfit
Gaussian Type                                        = Spherical
Elapsed time:    1.77 Seconds

Number of basis functions                   (NBF)    = 144
Number of auxiliary basis functions         (NBFAUX) = 170
Inactive Doubly occupied orbitals up to     (NO1)    = 0
No. considered Strongly Doubly occupied MOs (NDOC)   = 7
No. considered Strongly Singly occupied MOs (NSOC)   = 1
NO. of Weakly occ. per St. Doubly occ.  MOs (NCWO)   = 19
Dimension of the Nat. Orb. subspace         (NBF5)   = 141
No. of electrons                                     = 15
    No. of alpha electrons                           = 8
    No. of beta electrons                            = 7
Multiplicity                                         = 2

Geometry
========
 H      -1.0863328       0.9379790       0.0000000
 C       0.5431664       0.0984764       0.0000000
 O       0.5431664      -1.0364554       0.0000000

No violations of the orthonormality
No violations of the orthonormality
 
PNOF5/ADABelief Calculation
==================
 
  Nitext  Nit_orb  Time   Nit_occ  Time         Eelec          Etot           Ediff      maxdiff    MaxGrad_orb  Grad_occ
     1      10    1.0e+01    0    1.2e+01  -139.17231440  -113.40591866 -10138.17231440   0.000594   2.4e-03   2.0e-04 0.04
 
RESULTS OF THE OCCUPATION OPTIMIZATION
========================================
   1    1.9998059  -20.64645853
   2    1.9994854  -11.34525298
   3    1.9905657  -1.09484592
   4    1.9876977  -1.00863562
   5    1.9921888  -0.91829747
   6    1.9578039  -0.65279805
   7    1.9852892  -0.63203326
   8    1.0000000  -0.23244543
   9    0.0068849  -0.00572650
  10    0.0392297  -0.02501640
  11    0.0059031  -0.00798473
  12    0.0105186  -0.01282347
  13    0.0075860  -0.01066402
  14    0.0003805  -0.00759951
  15    0.0001816  -0.00679592
  16    0.0037919  -0.00349436
  17    0.0014285  -0.00166345
  18    0.0006278  -0.00134159
  19    0.0006554  -0.00134439
  20    0.0009798  -0.00190311
  21    0.0000429  -0.00059722
  22    0.0000092  -0.00023289
  23    0.0017698  -0.00191198
  24    0.0013592  -0.00147334
  25    0.0005409  -0.00121744
  26    0.0006137  -0.00121769
  27    0.0004126  -0.00097672
  28    0.0000424  -0.00059254
  29    0.0000019  -0.00015963
  30    0.0011075  -0.00129609
  31    0.0001336  -0.00027097
  32    0.0003594  -0.00088195
  33    0.0002844  -0.00076846
  34    0.0002833  -0.00074948
  35    0.0000402  -0.00057890
  36    0.0000002  -0.00000191
  37    0.0004041  -0.00049715
  38    0.0000173  -0.00006989
  39    0.0001183  -0.00035801
  40    0.0000514  -0.00017199
  41    0.0000370  -0.00014782
  42    0.0000057  -0.00028310
  43    0.0000001  -0.00000122
  44    0.0003413  -0.00045536
  45    0.0000111  -0.00002745
  46    0.0000848  -0.00026876
  47    0.0000383  -0.00012055
  48    0.0000339  -0.00011977
  49    0.0000004  -0.00001664
  50    0.0000001  0.00000017
  51    0.0000962  -0.00015333
  52    0.0000046  -0.00001539
  53    0.0000501  -0.00017514
  54    0.0000335  -0.00011725
  55    0.0000283  -0.00010856
  56    0.0000003  -0.00000229
  57    0.0000001  -0.00000006
  58    0.0000838  -0.00015539
  59    0.0000031  -0.00001434
  60    0.0000391  -0.00015866
  61    0.0000305  -0.00008407
  62    0.0000236  -0.00010289
  63    0.0000002  -0.00000121
  64    0.0000001  -0.00000022
  65    0.0000640  -0.00011943
  66    0.0000013  -0.00000600
  67    0.0000373  -0.00011073
  68    0.0000223  -0.00007400
  69    0.0000147  -0.00007543
  70    0.0000002  -0.00000034
  71    0.0000001  0.00000028
  72    0.0000367  -0.00008777
  73    0.0000010  -0.00000526
  74    0.0000111  -0.00003952
  75    0.0000157  -0.00005597
  76    0.0000087  -0.00003875
  77    0.0000002  -0.00000030
  78    0.0000001  -0.00000069
  79    0.0000308  -0.00006347
  80    0.0000010  -0.00000397
  81    0.0000088  -0.00003731
  82    0.0000107  -0.00002160
  83    0.0000043  -0.00001902
  84    0.0000002  0.00000010
  85    0.0000001  0.00000011
  86    0.0000283  -0.00006146
  87    0.0000009  -0.00000294
  88    0.0000069  -0.00003237
  89    0.0000082  -0.00002058
  90    0.0000041  -0.00001998
  91    0.0000002  0.00000019
  92    0.0000001  0.00000009
  93    0.0000231  -0.00005625
  94    0.0000009  -0.00000215
  95    0.0000056  -0.00003030
  96    0.0000046  -0.00001427
  97    0.0000035  -0.00001240
  98    0.0000002  0.00000013
  99    0.0000001  -0.00000129
 100    0.0000136  -0.00003694
 101    0.0000007  -0.00000148
 102    0.0000043  -0.00002368
 103    0.0000041  -0.00001191
 104    0.0000031  -0.00000632
 105    0.0000002  0.00000019
 106    0.0000001  -0.00000208
 107    0.0000124  -0.00003109
 108    0.0000007  -0.00000138
 109    0.0000036  -0.00002087
 110    0.0000028  -0.00000732
 111    0.0000029  -0.00000739
 112    0.0000002  0.00000023
 113    0.0000001  0.00000030
 114    0.0000094  -0.00002794
 115    0.0000007  -0.00000092
 116    0.0000030  -0.00001562
 117    0.0000023  -0.00000295
 118    0.0000026  -0.00000631
 119    0.0000002  0.00000021
 120    0.0000001  0.00000030
 121    0.0000055  -0.00002376
 122    0.0000006  -0.00000046
 123    0.0000029  -0.00001702
 124    0.0000022  -0.00000132
 125    0.0000023  -0.00000094
 126    0.0000002  0.00000025
 127    0.0000001  0.00000028
 128    0.0000041  -0.00002122
 129    0.0000006  -0.00000040
 130    0.0000023  -0.00000788
 131    0.0000019  -0.00000184
 132    0.0000018  -0.00000155
 133    0.0000002  0.00000021
 134    0.0000001  0.00000024
 135    0.0000035  -0.00001809
 136    0.0000005  -0.00000038
 137    0.0000019  -0.00000775
 138    0.0000016  -0.00000136
 139    0.0000018  -0.00000127
 140    0.0000001  0.00000033
 141    0.0000000  0.00000023
 
----------------
 Final Energies 
----------------
Final NOF Total Energy =    -113.4059187
 
Total Orbital Internal Iterations = 10
Total Occupation Internal Iterations = 0
 
Elapsed time:   28.81 Seconds

---------------------------------
   Lowdin Population Analysis    
---------------------------------
 Idx  Atom   Population   Charge 
---------------------------------
  1     H     0.998       0.002
  2     C     6.320      -0.320
  3     O     7.682       0.318

---------------------------------
   M Diagnostic: 0.04
---------------------------------

