Computing Integrals
Basis Set                                            = def2-qzvp
Auxiliary Basis Set                                  = def2-universal-jkfit
Gaussian Type                                        = Spherical
Elapsed time:    1.64 Seconds

Number of basis functions                   (NBF)    = 70
Number of auxiliary basis functions         (NBFAUX) = 128
Inactive Doubly occupied orbitals up to     (NO1)    = 0
No. considered Strongly Doubly occupied MOs (NDOC)   = 8
No. considered Strongly Singly occupied MOs (NSOC)   = 1
NO. of Weakly occ. per St. Doubly occ.  MOs (NCWO)   = 7
Dimension of the Nat. Orb. subspace         (NBF5)   = 65
No. of electrons                                     = 17
    No. of alpha electrons                           = 9
    No. of beta electrons                            = 8
Multiplicity                                         = 2

Geometry
========
 S       0.0000000       0.0000000       0.0000000

No violations of the orthonormality
No violations of the orthonormality
 
PNOF5/ADABelief Calculation
==================
 
  Nitext  Nit_orb  Time   Nit_occ  Time         Eelec          Etot           Ediff      maxdiff    MaxGrad_orb  Grad_occ
     1      10    8.9e+00    0    1.2e+01  -397.62876698  -397.62876698 -10396.62876698   0.000412   1.6e-03   1.6e-04 0.02
 
RESULTS OF THE OCCUPATION OPTIMIZATION
========================================
   1    1.9999391  -82.07154537
   2    1.9999991  -18.26863127
   3    1.9992933  -6.34969465
   4    1.9995535  -6.34786776
   5    1.9994420  -6.34178731
   6    1.9849842  -0.29339714
   7    1.9816456  -0.27508560
   8    1.9778747  -0.25935721
   9    1.0000000  -0.07549539
  10    0.0096292  -0.00499886
  11    0.0094786  -0.00506098
  12    0.0091142  -0.00507269
  13    0.0002501  -0.00301082
  14    0.0002730  -0.00324334
  15    0.0002735  -0.00321987
  16    0.0000002  -0.00000503
  17    0.0000562  -0.00827913
  18    0.0043613  -0.00248455
  19    0.0042242  -0.00248737
  20    0.0038563  -0.00242223
  21    0.0001737  -0.00170579
  22    0.0001567  -0.00151357
  23    0.0001580  -0.00152321
  24    0.0000001  -0.00000043
  25    0.0000028  -0.00027077
  26    0.0042183  -0.00245182
  27    0.0036005  -0.00221478
  28    0.0009069  -0.00091559
  29    0.0001290  -0.00125355
  30    0.0000122  -0.00021312
  31    0.0001310  -0.00126268
  32    0.0000001  -0.00000016
  33    0.0000016  -0.00042413
  34    0.0037174  -0.00211242
  35    0.0006398  -0.00065855
  36    0.0005433  -0.00055829
  37    0.0000017  -0.00001462
  38    0.0000016  -0.00001171
  39    0.0001286  -0.00124577
  40    0.0000001  -0.00000002
  41    0.0000001  -0.00000030
  42    0.0001012  -0.00014184
  43    0.0002159  -0.00024534
  44    0.0002357  -0.00027566
  45    0.0000013  -0.00000370
  46    0.0000011  -0.00000177
  47    0.0000124  -0.00021295
  48    0.0000001  -0.00000002
  49    0.0000001  0.00000003
  50    0.0000560  -0.00010455
  51    0.0001208  -0.00016683
  52    0.0002264  -0.00025951
  53    0.0000011  -0.00000263
  54    0.0000010  -0.00000117
  55    0.0000019  -0.00001215
  56    0.0000001  0.00000004
  57    0.0000001  0.00000006
  58    0.0000419  -0.00010153
  59    0.0000745  -0.00011247
  60    0.0001329  -0.00013280
  61    0.0000011  -0.00000009
  62    0.0000009  -0.00000008
  63    0.0000014  -0.00000157
  64    0.0000001  0.00000001
  65    0.0000001  0.00000007
 
----------------
 Final Energies 
----------------
Final NOF Total Energy =    -397.6287670
 
Total Orbital Internal Iterations = 10
Total Occupation Internal Iterations = 0
 
Elapsed time:   26.84 Seconds

---------------------------------
   Lowdin Population Analysis    
---------------------------------
 Idx  Atom   Population   Charge 
---------------------------------
  1     S    17.000      -1.000

---------------------------------
   M Diagnostic: 0.02
---------------------------------

