Computing Integrals
Basis Set                                            = def2-qzvp
Auxiliary Basis Set                                  = def2-universal-jkfit
Gaussian Type                                        = Spherical
Elapsed time:    2.05 Seconds

Number of basis functions                   (NBF)    = 127
Number of auxiliary basis functions         (NBFAUX) = 203
Inactive Doubly occupied orbitals up to     (NO1)    = 0
No. considered Strongly Doubly occupied MOs (NDOC)   = 10
No. considered Strongly Singly occupied MOs (NSOC)   = 1
NO. of Weakly occ. per St. Doubly occ.  MOs (NCWO)   = 11
Dimension of the Nat. Orb. subspace         (NBF5)   = 121
No. of electrons                                     = 21
    No. of alpha electrons                           = 11
    No. of beta electrons                            = 10
Multiplicity                                         = 2

Geometry
========
 C       0.0000000       0.0000000       0.7455163
 S       0.0000000       0.0000000      -0.7455163

No violations of the orthonormality
No violations of the orthonormality
 
PNOF5/ADABelief Calculation
==================
 
  Nitext  Nit_orb  Time   Nit_occ  Time         Eelec          Etot           Ediff      maxdiff    MaxGrad_orb  Grad_occ
     1      10    1.0e+01    0    1.2e+01  -469.18100137  -435.11004406 -10468.18100137   0.000940   3.8e-03   1.9e-04 0.08
 
RESULTS OF THE OCCUPATION OPTIMIZATION
========================================
   1    1.9999313  -82.85762496
   2    1.9999997  -18.84458271
   3    1.9994231  -11.66634655
   4    1.9994107  -7.03749277
   5    1.9995507  -7.03632647
   6    1.9993128  -7.02196214
   7    1.9949612  -1.39686009
   8    1.9892460  -1.06809900
   9    1.9190341  -0.76924045
  10    1.9197826  -0.76878225
  11    1.0000000  -0.46479419
  12    0.0779816  -0.04251852
  13    0.0766975  -0.04183506
  14    0.0052143  -0.00539998
  15    0.0022914  -0.00371743
  16    0.0002592  -0.00316033
  17    0.0003053  -0.00354459
  18    0.0003026  -0.00352640
  19    0.0004270  -0.00829444
  20    0.0000001  -0.00000210
  21    0.0000566  -0.00831456
  22    0.0017019  -0.00149101
  23    0.0039672  -0.00308817
  24    0.0015460  -0.00182972
  25    0.0010652  -0.00197245
  26    0.0001692  -0.00177539
  27    0.0001422  -0.00145217
  28    0.0001488  -0.00151289
  29    0.0000508  -0.00074904
  30    0.0000001  -0.00000003
  31    0.0000037  -0.00035899
  32    0.0001700  -0.00018557
  33    0.0000775  -0.00011567
  34    0.0014458  -0.00178462
  35    0.0007063  -0.00133867
  36    0.0001283  -0.00129665
  37    0.0000004  -0.00000748
  38    0.0001356  -0.00135230
  39    0.0000452  -0.00061690
  40    0.0000000  0.00000002
  41    0.0000037  -0.00035814
  42    0.0001339  -0.00013858
  43    0.0000657  -0.00010406
  44    0.0014228  -0.00175818
  45    0.0006904  -0.00132349
  46    0.0001280  -0.00129385
  47    0.0000003  -0.00000017
  48    0.0000005  -0.00000864
  49    0.0000445  -0.00060688
  50    0.0000000  0.00000003
  51    0.0000029  -0.00028240
  52    0.0000947  -0.00012110
  53    0.0000519  -0.00007770
  54    0.0005508  -0.00072050
  55    0.0000895  -0.00018976
  56    0.0000006  -0.00000905
  57    0.0000002  -0.00000018
  58    0.0000003  -0.00000148
  59    0.0000069  -0.00031237
  60    0.0000000  0.00000005
  61    0.0000016  -0.00043137
  62    0.0000494  -0.00007414
  63    0.0000381  -0.00006437
  64    0.0003610  -0.00055967
  65    0.0000699  -0.00017309
  66    0.0000004  -0.00000076
  67    0.0000002  -0.00000007
  68    0.0000003  -0.00000030
  69    0.0000005  -0.00000515
  70    0.0000000  0.00000004
  71    0.0000000  0.00000004
  72    0.0000254  -0.00003433
  73    0.0000290  -0.00005240
  74    0.0000514  -0.00010502
  75    0.0000394  -0.00011808
  76    0.0000004  -0.00000035
  77    0.0000002  -0.00000014
  78    0.0000003  -0.00000013
  79    0.0000004  -0.00001634
  80    0.0000000  0.00000005
  81    0.0000000  0.00000004
  82    0.0000172  -0.00001994
  83    0.0000138  -0.00002339
  84    0.0000511  -0.00010532
  85    0.0000379  -0.00011535
  86    0.0000004  -0.00000032
  87    0.0000002  -0.00000001
  88    0.0000002  -0.00000012
  89    0.0000004  -0.00000615
  90    0.0000000  0.00000004
  91    0.0000000  0.00000003
  92    0.0000154  -0.00002119
  93    0.0000105  -0.00001341
  94    0.0000407  -0.00008788
  95    0.0000205  -0.00007586
  96    0.0000003  -0.00000001
  97    0.0000001  0.00000008
  98    0.0000002  -0.00000007
  99    0.0000004  -0.00000512
 100    0.0000000  0.00000004
 101    0.0000000  0.00000004
 102    0.0000144  -0.00001680
 103    0.0000078  -0.00001310
 104    0.0000374  -0.00008358
 105    0.0000144  -0.00003463
 106    0.0000003  -0.00000002
 107    0.0000001  0.00000004
 108    0.0000002  -0.00000003
 109    0.0000004  -0.00000662
 110    0.0000000  0.00000004
 111    0.0000000  0.00000005
 112    0.0000133  -0.00001637
 113    0.0000070  -0.00001249
 114    0.0000325  -0.00007505
 115    0.0000139  -0.00003440
 116    0.0000002  -0.00000002
 117    0.0000001  0.00000007
 118    0.0000002  0.00000008
 119    0.0000004  -0.00000365
 120    0.0000000  0.00000004
 121    0.0000000  0.00000004
 
----------------
 Final Energies 
----------------
Final NOF Total Energy =    -435.1100441
 
Total Orbital Internal Iterations = 10
Total Occupation Internal Iterations = 0
 
Elapsed time:   28.08 Seconds

---------------------------------
   Lowdin Population Analysis    
---------------------------------
 Idx  Atom   Population   Charge 
---------------------------------
  1     C     5.983       0.017
  2     S    15.017       0.983

---------------------------------
   M Diagnostic: 0.08
---------------------------------

