Computing Integrals
Basis Set                                            = def2-qzvp
Auxiliary Basis Set                                  = def2-universal-jkfit
Gaussian Type                                        = Spherical
Elapsed time:    4.20 Seconds

Number of basis functions                   (NBF)    = 301
Number of auxiliary basis functions         (NBFAUX) = 395
Inactive Doubly occupied orbitals up to     (NO1)    = 0
No. considered Strongly Doubly occupied MOs (NDOC)   = 20
No. considered Strongly Singly occupied MOs (NSOC)   = 0
NO. of Weakly occ. per St. Doubly occ.  MOs (NCWO)   = 14
Dimension of the Nat. Orb. subspace         (NBF5)   = 300
No. of electrons                                     = 40
    No. of alpha electrons                           = 20
    No. of beta electrons                            = 20
Multiplicity                                         = 1

Geometry
========
 N      -1.7332912       3.5914937       0.1406388
 N      -1.2110379       2.5057131       0.1180678
 N      -2.2548758       4.6730959       0.1598318
 S       0.2382205      -0.3275988       0.2238631
 H       1.4550085       0.2234381       0.2568727
 H      -0.3909368       0.8938685       0.1779218

No violations of the orthonormality
No violations of the orthonormality
 
PNOF7/ADABelief Calculation
==================
 
  Nitext  Nit_orb  Time   Nit_occ  Time         Eelec          Etot           Ediff      maxdiff    MaxGrad_orb  Grad_occ
     1      10    1.5e+01    0    1.2e+01  -678.55268091  -562.52847679 -10677.55268091   0.000863   3.5e-03   1.8e-04 0.28
 
RESULTS OF THE OCCUPATION OPTIMIZATION
========================================
   1    1.9999681  -91.47991727
   2    1.9995546  -15.44564275
   3    1.9995153  -15.35405986
   4    1.9995183  -15.35069198
   5    1.9994029  -7.23125726
   6    1.9994712  -7.20473918
   7    1.9994653  -7.18379534
   8    1.9992628  -7.03446043
   9    1.9778541  -1.02443616
  10    1.9785286  -1.02061769
  11    1.9781179  -0.59497603
  12    1.9669827  -0.54587927
  13    1.9677029  -0.53127020
  14    1.9651838  -0.51446489
  15    1.9588072  -0.41925067
  16    1.9593708  -0.41918971
  17    1.9613443  -0.41345714
  18    1.9525935  -0.38252396
  19    1.7221533  -0.18274755
  20    1.7211107  -0.18204016
  21    0.2784849  -0.05156225
  22    0.2774493  -0.05146875
  23    0.0220593  -0.00975567
  24    0.0198905  -0.00928907
  25    0.0181839  -0.00591233
  26    0.0172445  -0.00581181
  27    0.0235492  -0.01195693
  28    0.0226937  -0.01207586
  29    0.0182484  -0.01164848
  30    0.0134126  -0.00919367
  31    0.0185437  -0.01879982
  32    0.0186492  -0.01892484
  33    0.0003794  -0.00403010
  34    0.0003603  -0.00385412
  35    0.0003579  -0.00384152
  36    0.0003854  -0.00406459
  37    0.0003217  -0.00804430
  38    0.0003291  -0.00816404
  39    0.0003074  -0.00784217
  40    0.0000307  -0.00551874
  41    0.0001453  -0.00013722
  42    0.0001307  -0.00014996
  43    0.0139975  -0.00707508
  44    0.0130131  -0.00692148
  45    0.0102772  -0.00377551
  46    0.0095915  -0.00371566
  47    0.0024498  -0.00211915
  48    0.0020724  -0.00212955
  49    0.0072601  -0.00521822
  50    0.0034347  -0.00316459
  51    0.0011994  -0.00220835
  52    0.0012339  -0.00229556
  53    0.0002065  -0.00203058
  54    0.0001458  -0.00148589
  55    0.0001420  -0.00146045
  56    0.0001904  -0.00192781
  57    0.0000526  -0.00096832
  58    0.0000523  -0.00095192
  59    0.0000671  -0.00125661
  60    0.0000009  -0.00024679
  61    0.0000981  -0.00011694
  62    0.0001093  -0.00011637
  63    0.0101543  -0.00535944
  64    0.0039730  -0.00271615
  65    0.0068209  -0.00300030
  66    0.0056231  -0.00281446
  67    0.0022168  -0.00226507
  68    0.0020188  -0.00211267
  69    0.0051925  -0.00426316
  70    0.0021380  -0.00214933
  71    0.0006774  -0.00147046
  72    0.0011395  -0.00215441
  73    0.0001308  -0.00131761
  74    0.0000228  -0.00035962
  75    0.0000222  -0.00034761
  76    0.0000164  -0.00027296
  77    0.0000473  -0.00082174
  78    0.0000462  -0.00079942
  79    0.0000306  -0.00054608
  80    0.0000001  -0.00000125
  81    0.0000797  -0.00008018
  82    0.0000814  -0.00006495
  83    0.0005038  -0.00050631
  84    0.0006478  -0.00064019
  85    0.0040962  -0.00277568
  86    0.0052668  -0.00293900
  87    0.0022060  -0.00224843
  88    0.0018115  -0.00200223
  89    0.0015611  -0.00162572
  90    0.0017861  -0.00187065
  91    0.0004364  -0.00099331
  92    0.0004656  -0.00105876
  93    0.0000144  -0.00025148
  94    0.0000017  -0.00001304
  95    0.0000024  -0.00001821
  96    0.0000014  -0.00001303
  97    0.0000456  -0.00079143
  98    0.0000414  -0.00071693
  99    0.0000303  -0.00054015
 100    0.0000000  -0.00000043
 101    0.0000436  -0.00004336
 102    0.0000316  -0.00003224
 103    0.0002564  -0.00024731
 104    0.0004685  -0.00048362
 105    0.0004562  -0.00034868
 106    0.0026511  -0.00149718
 107    0.0018526  -0.00196689
 108    0.0016692  -0.00177984
 109    0.0002120  -0.00029986
 110    0.0002969  -0.00038452
 111    0.0002083  -0.00047788
 112    0.0002123  -0.00048433
 113    0.0000017  -0.00001296
 114    0.0000012  -0.00001156
 115    0.0000016  -0.00001399
 116    0.0000009  -0.00000920
 117    0.0000068  -0.00032900
 118    0.0000076  -0.00034513
 119    0.0000060  -0.00030515
 120    0.0000000  -0.00000035
 121    0.0000071  -0.00002111
 122    0.0000143  -0.00002506
 123    0.0001299  -0.00015365
 124    0.0002670  -0.00031172
 125    0.0002278  -0.00028139
 126    0.0003587  -0.00030617
 127    0.0013353  -0.00156747
 128    0.0011771  -0.00144283
 129    0.0001617  -0.00025219
 130    0.0002422  -0.00034886
 131    0.0001923  -0.00045016
 132    0.0001912  -0.00044900
 133    0.0000008  -0.00000854
 134    0.0000005  -0.00000588
 135    0.0000006  -0.00000626
 136    0.0000006  -0.00000576
 137    0.0000020  -0.00003393
 138    0.0000018  -0.00003319
 139    0.0000009  -0.00002104
 140    0.0000000  -0.00000029
 141    0.0000059  -0.00002273
 142    0.0000095  -0.00001777
 143    0.0000879  -0.00012216
 144    0.0001309  -0.00016003
 145    0.0002012  -0.00034595
 146    0.0001963  -0.00033869
 147    0.0005985  -0.00087955
 148    0.0001955  -0.00035757
 149    0.0000884  -0.00014935
 150    0.0001464  -0.00024432
 151    0.0000562  -0.00020976
 152    0.0000600  -0.00022030
 153    0.0000007  -0.00000819
 154    0.0000005  -0.00000461
 155    0.0000004  -0.00000410
 156    0.0000004  -0.00000420
 157    0.0000015  -0.00002953
 158    0.0000014  -0.00002858
 159    0.0000007  -0.00001741
 160    0.0000000  -0.00000029
 161    0.0000051  -0.00002153
 162    0.0000043  -0.00002191
 163    0.0000577  -0.00009230
 164    0.0000989  -0.00013156
 165    0.0001971  -0.00033220
 166    0.0001589  -0.00023281
 167    0.0001682  -0.00031039
 168    0.0001536  -0.00029846
 169    0.0000793  -0.00014467
 170    0.0001159  -0.00017106
 171    0.0000477  -0.00018975
 172    0.0000549  -0.00020431
 173    0.0000007  -0.00000791
 174    0.0000004  -0.00000375
 175    0.0000003  -0.00000269
 176    0.0000004  -0.00000313
 177    0.0000011  -0.00002350
 178    0.0000012  -0.00002621
 179    0.0000005  -0.00000986
 180    0.0000000  -0.00000027
 181    0.0000042  -0.00002000
 182    0.0000041  -0.00002104
 183    0.0000524  -0.00008199
 184    0.0000675  -0.00009525
 185    0.0001160  -0.00020827
 186    0.0000546  -0.00013451
 187    0.0001318  -0.00025832
 188    0.0001256  -0.00025513
 189    0.0000657  -0.00012786
 190    0.0000982  -0.00016339
 191    0.0000404  -0.00014002
 192    0.0000524  -0.00019763
 193    0.0000005  -0.00000462
 194    0.0000004  -0.00000294
 195    0.0000003  -0.00000221
 196    0.0000003  -0.00000248
 197    0.0000010  -0.00002122
 198    0.0000011  -0.00002578
 199    0.0000004  -0.00000926
 200    0.0000000  -0.00000027
 201    0.0000041  -0.00001851
 202    0.0000032  -0.00001759
 203    0.0000352  -0.00005713
 204    0.0000275  -0.00005043
 205    0.0000188  -0.00005295
 206    0.0000158  -0.00005151
 207    0.0001239  -0.00024327
 208    0.0001167  -0.00024824
 209    0.0000478  -0.00010053
 210    0.0000870  -0.00018350
 211    0.0000207  -0.00010067
 212    0.0000330  -0.00012192
 213    0.0000005  -0.00000381
 214    0.0000003  -0.00000187
 215    0.0000003  -0.00000172
 216    0.0000003  -0.00000196
 217    0.0000007  -0.00001752
 218    0.0000009  -0.00002082
 219    0.0000004  -0.00000722
 220    0.0000000  -0.00000028
 221    0.0000037  -0.00001815
 222    0.0000030  -0.00001680
 223    0.0000213  -0.00004332
 224    0.0000248  -0.00004653
 225    0.0000101  -0.00003449
 226    0.0000094  -0.00003975
 227    0.0001143  -0.00023901
 228    0.0001125  -0.00022896
 229    0.0000392  -0.00007961
 230    0.0000474  -0.00009751
 231    0.0000177  -0.00007252
 232    0.0000198  -0.00008250
 233    0.0000004  -0.00000374
 234    0.0000002  -0.00000155
 235    0.0000002  -0.00000133
 236    0.0000002  -0.00000146
 237    0.0000004  -0.00000741
 238    0.0000006  -0.00002846
 239    0.0000003  -0.00001768
 240    0.0000000  -0.00000028
 241    0.0000032  -0.00001687
 242    0.0000028  -0.00001584
 243    0.0000196  -0.00003791
 244    0.0000194  -0.00003934
 245    0.0000093  -0.00003599
 246    0.0000085  -0.00003175
 247    0.0000348  -0.00010460
 248    0.0000831  -0.00019021
 249    0.0000295  -0.00006432
 250    0.0000392  -0.00008706
 251    0.0000136  -0.00005610
 252    0.0000143  -0.00005646
 253    0.0000003  -0.00000189
 254    0.0000002  -0.00000122
 255    0.0000002  -0.00000107
 256    0.0000002  -0.00000148
 257    0.0000004  -0.00000472
 258    0.0000005  -0.00000712
 259    0.0000003  -0.00000336
 260    0.0000000  -0.00000020
 261    0.0000023  -0.00001183
 262    0.0000019  -0.00001138
 263    0.0000180  -0.00003366
 264    0.0000155  -0.00003381
 265    0.0000075  -0.00002446
 266    0.0000069  -0.00002638
 267    0.0000181  -0.00006601
 268    0.0000419  -0.00011948
 269    0.0000177  -0.00004790
 270    0.0000222  -0.00004890
 271    0.0000095  -0.00004875
 272    0.0000107  -0.00005195
 273    0.0000003  -0.00000215
 274    0.0000002  -0.00000106
 275    0.0000002  -0.00000108
 276    0.0000002  -0.00000139
 277    0.0000004  -0.00002367
 278    0.0000005  -0.00000518
 279    0.0000002  -0.00000747
 280    0.0000000  -0.00000022
 281    0.0000020  -0.00001147
 282    0.0000012  -0.00000897
 283    0.0000133  -0.00003010
 284    0.0000116  -0.00002682
 285    0.0000070  -0.00002235
 286    0.0000065  -0.00002470
 287    0.0000168  -0.00006260
 288    0.0000254  -0.00008433
 289    0.0000137  -0.00003475
 290    0.0000152  -0.00004371
 291    0.0000082  -0.00004195
 292    0.0000090  -0.00004264
 293    0.0000002  -0.00000116
 294    0.0000002  -0.00000088
 295    0.0000002  -0.00000096
 296    0.0000001  -0.00000079
 297    0.0000002  -0.00000487
 298    0.0000002  -0.00000878
 299    0.0000001  -0.00000087
 300    0.0000000  -0.00000013
 
----------------
 Final Energies 
----------------
Final NOF Total Energy =    -562.5284768
 
Total Orbital Internal Iterations = 10
Total Occupation Internal Iterations = 0
 
Elapsed time:   36.07 Seconds

---------------------------------
   Lowdin Population Analysis    
---------------------------------
 Idx  Atom   Population   Charge 
---------------------------------
  1     N     7.312      -0.312
  2     N     7.228      -0.228
  3     N     7.268      -0.268
  4     S    15.575       0.425
  5     H     1.285      -0.285
  6     H     1.332      -0.332

---------------------------------
   M Diagnostic: 0.28
---------------------------------

