Computing Integrals
Basis Set                                            = def2-qzvp
Auxiliary Basis Set                                  = def2-universal-jkfit
Gaussian Type                                        = Spherical
Elapsed time:    3.70 Seconds

Number of basis functions                   (NBF)    = 321
Number of auxiliary basis functions         (NBFAUX) = 317
Inactive Doubly occupied orbitals up to     (NO1)    = 0
No. considered Strongly Doubly occupied MOs (NDOC)   = 12
No. considered Strongly Singly occupied MOs (NSOC)   = 0
NO. of Weakly occ. per St. Doubly occ.  MOs (NCWO)   = 25
Dimension of the Nat. Orb. subspace         (NBF5)   = 312
No. of electrons                                     = 24
    No. of alpha electrons                           = 12
    No. of beta electrons                            = 12
Multiplicity                                         = 1

Geometry
========
 N       0.0000000       0.0000000      -0.3687552
 H       0.0000000       0.0000000      -1.3837872
 C       1.2257745       0.0000000       0.1578401
 H       1.3393153       0.0000000       1.2298673
 H       2.0680943       0.0000000      -0.5114363
 C      -1.2257745       0.0000000       0.1578401
 H      -1.3393153       0.0000000       1.2298673
 H      -2.0680943       0.0000000      -0.5114363

No violations of the orthonormality
No violations of the orthonormality
 
PNOF7/ADABelief Calculation
==================
 
  Nitext  Nit_orb  Time   Nit_occ  Time         Eelec          Etot           Ediff      maxdiff    MaxGrad_orb  Grad_occ
     1      10    1.5e+01    0    1.2e+01  -206.47207562  -133.42178497 -10205.47207562   0.000468   1.9e-03   2.4e-04 0.44
 
RESULTS OF THE OCCUPATION OPTIMIZATION
========================================
   1    1.9995225  -15.60509142
   2    1.9992804  -11.22141990
   3    1.9992740  -11.22121165
   4    1.9752434  -0.98266570
   5    1.9752184  -0.98225188
   6    1.9689804  -0.86257318
   7    1.9634627  -0.71031361
   8    1.9636689  -0.71017042
   9    1.9632069  -0.70644266
  10    1.9636517  -0.70625047
  11    1.9613687  -0.54990088
  12    1.5618656  -0.25599745
  13    0.4378534  -0.09336411
  14    0.0179870  -0.00831627
  15    0.0237336  -0.01696626
  16    0.0237173  -0.01694110
  17    0.0238311  -0.01704714
  18    0.0239202  -0.01706101
  19    0.0244035  -0.02070814
  20    0.0202354  -0.01954997
  21    0.0202958  -0.01959192
  22    0.0004542  -0.00834787
  23    0.0004511  -0.00833406
  24    0.0003101  -0.00794679
  25    0.0001450  -0.00011637
  26    0.0130684  -0.00585368
  27    0.0056336  -0.00538639
  28    0.0055669  -0.00534541
  29    0.0056564  -0.00544692
  30    0.0056229  -0.00542368
  31    0.0023147  -0.00318931
  32    0.0015780  -0.00250875
  33    0.0015494  -0.00249181
  34    0.0000974  -0.00134418
  35    0.0000975  -0.00134560
  36    0.0000603  -0.00112843
  37    0.0000761  -0.00003405
  38    0.0049996  -0.00304356
  39    0.0033652  -0.00353414
  40    0.0035018  -0.00358251
  41    0.0033186  -0.00352530
  42    0.0034568  -0.00361485
  43    0.0019111  -0.00261332
  44    0.0014539  -0.00238830
  45    0.0013882  -0.00227459
  46    0.0000919  -0.00127292
  47    0.0000919  -0.00127370
  48    0.0000576  -0.00108349
  49    0.0000140  -0.00000692
  50    0.0015064  -0.00125633
  51    0.0020892  -0.00238028
  52    0.0020777  -0.00237597
  53    0.0021138  -0.00240357
  54    0.0020861  -0.00238702
  55    0.0017242  -0.00239332
  56    0.0009193  -0.00167640
  57    0.0009262  -0.00168128
  58    0.0000670  -0.00087731
  59    0.0000653  -0.00085376
  60    0.0000398  -0.00072798
  61    0.0000112  -0.00000347
  62    0.0004691  -0.00062387
  63    0.0003711  -0.00055656
  64    0.0006595  -0.00080959
  65    0.0003517  -0.00053931
  66    0.0003565  -0.00054710
  67    0.0001320  -0.00027631
  68    0.0001305  -0.00029726
  69    0.0001396  -0.00031720
  70    0.0000095  -0.00037274
  71    0.0000093  -0.00037021
  72    0.0000057  -0.00029905
  73    0.0000072  -0.00000235
  74    0.0002326  -0.00033926
  75    0.0003086  -0.00048611
  76    0.0003502  -0.00053926
  77    0.0002791  -0.00044251
  78    0.0003050  -0.00047179
  79    0.0000990  -0.00025635
  80    0.0001084  -0.00027014
  81    0.0001144  -0.00027930
  82    0.0000014  -0.00001836
  83    0.0000007  -0.00003574
  84    0.0000005  -0.00000724
  85    0.0000036  -0.00000220
  86    0.0001048  -0.00013983
  87    0.0002240  -0.00035712
  88    0.0003346  -0.00051976
  89    0.0002161  -0.00031300
  90    0.0001822  -0.00029774
  91    0.0000933  -0.00022030
  92    0.0000863  -0.00020490
  93    0.0000771  -0.00019877
  94    0.0000006  -0.00003226
  95    0.0000004  -0.00000641
  96    0.0000004  -0.00000369
  97    0.0000029  -0.00000279
  98    0.0000653  -0.00011129
  99    0.0001654  -0.00028509
 100    0.0001511  -0.00026622
 101    0.0001332  -0.00024950
 102    0.0001483  -0.00026781
 103    0.0000821  -0.00019329
 104    0.0000748  -0.00021310
 105    0.0000667  -0.00020001
 106    0.0000004  -0.00000397
 107    0.0000003  -0.00000337
 108    0.0000003  -0.00001953
 109    0.0000022  -0.00000276
 110    0.0000403  -0.00007649
 111    0.0001181  -0.00023164
 112    0.0001109  -0.00021706
 113    0.0001086  -0.00022265
 114    0.0001152  -0.00022834
 115    0.0000712  -0.00018190
 116    0.0000555  -0.00018795
 117    0.0000623  -0.00020034
 118    0.0000003  -0.00000204
 119    0.0000002  -0.00000204
 120    0.0000002  -0.00000182
 121    0.0000018  -0.00000221
 122    0.0000229  -0.00004638
 123    0.0000700  -0.00016616
 124    0.0000740  -0.00016523
 125    0.0000709  -0.00016685
 126    0.0000734  -0.00016903
 127    0.0000490  -0.00013047
 128    0.0000273  -0.00009159
 129    0.0000379  -0.00010263
 130    0.0000003  -0.00000215
 131    0.0000002  -0.00000133
 132    0.0000002  -0.00000103
 133    0.0000017  -0.00000226
 134    0.0000171  -0.00003475
 135    0.0000587  -0.00013739
 136    0.0000557  -0.00013253
 137    0.0000574  -0.00013930
 138    0.0000628  -0.00014410
 139    0.0000316  -0.00009692
 140    0.0000248  -0.00007434
 141    0.0000176  -0.00006026
 142    0.0000003  -0.00000139
 143    0.0000002  -0.00000135
 144    0.0000002  -0.00000160
 145    0.0000016  -0.00000245
 146    0.0000141  -0.00003189
 147    0.0000496  -0.00011776
 148    0.0000472  -0.00011336
 149    0.0000449  -0.00011321
 150    0.0000494  -0.00011795
 151    0.0000225  -0.00006920
 152    0.0000167  -0.00005830
 153    0.0000156  -0.00005685
 154    0.0000002  -0.00000145
 155    0.0000002  -0.00000111
 156    0.0000002  -0.00000118
 157    0.0000016  -0.00000185
 158    0.0000123  -0.00002827
 159    0.0000299  -0.00008356
 160    0.0000314  -0.00008377
 161    0.0000331  -0.00008680
 162    0.0000338  -0.00008853
 163    0.0000202  -0.00006657
 164    0.0000124  -0.00004698
 165    0.0000125  -0.00004883
 166    0.0000002  -0.00000151
 167    0.0000002  -0.00000107
 168    0.0000002  -0.00000105
 169    0.0000015  -0.00000223
 170    0.0000121  -0.00002450
 171    0.0000226  -0.00005075
 172    0.0000187  -0.00005448
 173    0.0000263  -0.00006378
 174    0.0000221  -0.00005587
 175    0.0000143  -0.00004236
 176    0.0000098  -0.00003599
 177    0.0000103  -0.00003894
 178    0.0000002  -0.00000121
 179    0.0000002  -0.00000100
 180    0.0000002  -0.00000106
 181    0.0000013  -0.00000221
 182    0.0000099  -0.00001730
 183    0.0000171  -0.00004277
 184    0.0000147  -0.00003943
 185    0.0000155  -0.00004109
 186    0.0000199  -0.00004891
 187    0.0000091  -0.00003226
 188    0.0000090  -0.00003370
 189    0.0000078  -0.00003326
 190    0.0000002  -0.00000098
 191    0.0000002  -0.00000097
 192    0.0000002  -0.00000091
 193    0.0000013  -0.00000233
 194    0.0000094  -0.00001822
 195    0.0000149  -0.00004198
 196    0.0000135  -0.00003985
 197    0.0000127  -0.00003679
 198    0.0000138  -0.00004012
 199    0.0000069  -0.00003069
 200    0.0000073  -0.00003229
 201    0.0000050  -0.00002400
 202    0.0000002  -0.00000099
 203    0.0000002  -0.00000093
 204    0.0000002  -0.00000088
 205    0.0000011  -0.00000174
 206    0.0000082  -0.00001353
 207    0.0000135  -0.00003588
 208    0.0000118  -0.00003530
 209    0.0000114  -0.00003567
 210    0.0000124  -0.00003395
 211    0.0000063  -0.00002390
 212    0.0000058  -0.00002210
 213    0.0000046  -0.00002127
 214    0.0000002  -0.00000106
 215    0.0000002  -0.00000090
 216    0.0000002  -0.00000084
 217    0.0000011  -0.00000158
 218    0.0000077  -0.00001721
 219    0.0000117  -0.00003396
 220    0.0000105  -0.00003287
 221    0.0000100  -0.00003098
 222    0.0000119  -0.00003524
 223    0.0000060  -0.00002504
 224    0.0000049  -0.00001976
 225    0.0000046  -0.00001842
 226    0.0000002  -0.00000090
 227    0.0000002  -0.00000075
 228    0.0000002  -0.00000077
 229    0.0000011  -0.00000167
 230    0.0000076  -0.00001127
 231    0.0000103  -0.00003185
 232    0.0000093  -0.00002828
 233    0.0000085  -0.00002716
 234    0.0000092  -0.00002854
 235    0.0000041  -0.00001793
 236    0.0000044  -0.00001709
 237    0.0000042  -0.00001601
 238    0.0000002  -0.00000093
 239    0.0000002  -0.00000076
 240    0.0000002  -0.00000082
 241    0.0000009  -0.00000139
 242    0.0000072  -0.00001481
 243    0.0000086  -0.00002653
 244    0.0000080  -0.00002282
 245    0.0000073  -0.00002013
 246    0.0000082  -0.00002492
 247    0.0000036  -0.00001221
 248    0.0000036  -0.00001397
 249    0.0000039  -0.00001585
 250    0.0000002  -0.00000087
 251    0.0000002  -0.00000072
 252    0.0000002  -0.00000069
 253    0.0000009  -0.00000155
 254    0.0000070  -0.00001062
 255    0.0000079  -0.00002087
 256    0.0000079  -0.00002202
 257    0.0000064  -0.00001857
 258    0.0000071  -0.00002394
 259    0.0000035  -0.00001131
 260    0.0000035  -0.00001434
 261    0.0000037  -0.00001341
 262    0.0000002  -0.00000071
 263    0.0000002  -0.00000068
 264    0.0000002  -0.00000068
 265    0.0000008  -0.00000151
 266    0.0000066  -0.00001099
 267    0.0000075  -0.00002332
 268    0.0000064  -0.00001756
 269    0.0000055  -0.00001709
 270    0.0000064  -0.00001807
 271    0.0000032  -0.00001051
 272    0.0000032  -0.00001257
 273    0.0000031  -0.00001080
 274    0.0000002  -0.00000081
 275    0.0000002  -0.00000067
 276    0.0000001  -0.00000062
 277    0.0000008  -0.00000129
 278    0.0000058  -0.00001227
 279    0.0000061  -0.00002019
 280    0.0000051  -0.00001694
 281    0.0000048  -0.00001652
 282    0.0000050  -0.00001859
 283    0.0000032  -0.00001033
 284    0.0000023  -0.00000920
 285    0.0000026  -0.00000904
 286    0.0000002  -0.00000097
 287    0.0000002  -0.00000075
 288    0.0000001  -0.00000062
 289    0.0000008  -0.00000113
 290    0.0000054  -0.00000959
 291    0.0000058  -0.00001618
 292    0.0000045  -0.00001350
 293    0.0000046  -0.00001668
 294    0.0000044  -0.00001463
 295    0.0000025  -0.00000751
 296    0.0000023  -0.00000788
 297    0.0000019  -0.00000701
 298    0.0000002  -0.00000082
 299    0.0000001  -0.00000081
 300    0.0000001  -0.00000074
 301    0.0000007  -0.00000113
 302    0.0000045  -0.00001080
 303    0.0000056  -0.00001658
 304    0.0000045  -0.00001355
 305    0.0000035  -0.00001104
 306    0.0000040  -0.00001490
 307    0.0000023  -0.00000660
 308    0.0000020  -0.00000626
 309    0.0000017  -0.00000604
 310    0.0000002  -0.00000068
 311    0.0000001  -0.00000058
 312    0.0000001  -0.00000054
 
----------------
 Final Energies 
----------------
Final NOF Total Energy =    -133.4217850
 
Total Orbital Internal Iterations = 10
Total Occupation Internal Iterations = 0
 
Elapsed time:   34.75 Seconds

---------------------------------
   Lowdin Population Analysis    
---------------------------------
 Idx  Atom   Population   Charge 
---------------------------------
  1     N     6.572       0.428
  2     H     1.119      -0.119
  3     C     5.890       0.110
  4     H     1.131      -0.131
  5     H     1.134      -0.134
  6     C     5.888       0.112
  7     H     1.131      -0.131
  8     H     1.134      -0.134

---------------------------------
   M Diagnostic: 0.44
---------------------------------

