Computing Integrals
Basis Set                                            = def2-qzvp
Auxiliary Basis Set                                  = def2-universal-jkfit
Gaussian Type                                        = Spherical
Elapsed time:    1.72 Seconds

Number of basis functions                   (NBF)    = 147
Number of auxiliary basis functions         (NBFAUX) = 131
Inactive Doubly occupied orbitals up to     (NO1)    = 0
No. considered Strongly Doubly occupied MOs (NDOC)   = 5
No. considered Strongly Singly occupied MOs (NSOC)   = 0
NO. of Weakly occ. per St. Doubly occ.  MOs (NCWO)   = 28
Dimension of the Nat. Orb. subspace         (NBF5)   = 145
No. of electrons                                     = 10
    No. of alpha electrons                           = 5
    No. of beta electrons                            = 5
Multiplicity                                         = 1

Geometry
========
 N      -1.0437843      -0.0948723       0.0000000
 H      -0.6557010      -1.0404794       0.0000000
 H      -0.6556774       0.3779676       0.8189212
 H      -0.6556774       0.3779676      -0.8189212

No violations of the orthonormality
No violations of the orthonormality
 
PNOF7/ADABelief Calculation
==================
 
  Nitext  Nit_orb  Time   Nit_occ  Time         Eelec          Etot           Ediff      maxdiff    MaxGrad_orb  Grad_occ
     1      10    1.0e+01    0    1.2e+01   -68.20923091   -56.36821820 -10067.20923091   0.000816   3.3e-03   1.6e-04 0.03
 
RESULTS OF THE OCCUPATION OPTIMIZATION
========================================
   1    1.9995408  -15.54835744
   2    1.9687655  -0.78903306
   3    1.9686927  -0.78868498
   4    1.9685173  -0.78823832
   5    1.9755902  -0.56646026
   6    0.0192170  -0.01319901
   7    0.0241089  -0.01958937
   8    0.0238369  -0.01947797
   9    0.0239751  -0.01952186
  10    0.0003138  -0.00799566
  11    0.0018492  -0.00212944
  12    0.0038484  -0.00440238
  13    0.0038912  -0.00442576
  14    0.0037184  -0.00433308
  15    0.0000512  -0.00095936
  16    0.0010311  -0.00132109
  17    0.0014950  -0.00202536
  18    0.0015249  -0.00204817
  19    0.0014935  -0.00202563
  20    0.0000512  -0.00095608
  21    0.0010115  -0.00131821
  22    0.0014656  -0.00198414
  23    0.0014934  -0.00200593
  24    0.0014619  -0.00198244
  25    0.0000313  -0.00062189
  26    0.0003229  -0.00050488
  27    0.0001094  -0.00023588
  28    0.0001057  -0.00023318
  29    0.0001158  -0.00024477
  30    0.0000059  -0.00029850
  31    0.0003110  -0.00049980
  32    0.0001044  -0.00021112
  33    0.0001029  -0.00021060
  34    0.0001135  -0.00022426
  35    0.0000007  -0.00000764
  36    0.0002234  -0.00037488
  37    0.0000796  -0.00019248
  38    0.0000847  -0.00019842
  39    0.0000812  -0.00019714
  40    0.0000006  -0.00000554
  41    0.0001733  -0.00034146
  42    0.0000677  -0.00016001
  43    0.0000743  -0.00016692
  44    0.0000561  -0.00014652
  45    0.0000003  -0.00002098
  46    0.0001342  -0.00031145
  47    0.0000544  -0.00012884
  48    0.0000525  -0.00012767
  49    0.0000505  -0.00012791
  50    0.0000003  -0.00000130
  51    0.0000256  -0.00005995
  52    0.0000371  -0.00011649
  53    0.0000290  -0.00010985
  54    0.0000378  -0.00011822
  55    0.0000003  -0.00000081
  56    0.0000161  -0.00004951
  57    0.0000277  -0.00007624
  58    0.0000231  -0.00007163
  59    0.0000261  -0.00007445
  60    0.0000003  -0.00000093
  61    0.0000141  -0.00003988
  62    0.0000152  -0.00005184
  63    0.0000156  -0.00005240
  64    0.0000202  -0.00005871
  65    0.0000002  -0.00000068
  66    0.0000125  -0.00004158
  67    0.0000098  -0.00004116
  68    0.0000127  -0.00004599
  69    0.0000178  -0.00005245
  70    0.0000002  -0.00000071
  71    0.0000086  -0.00003015
  72    0.0000085  -0.00003119
  73    0.0000118  -0.00003532
  74    0.0000106  -0.00003494
  75    0.0000002  -0.00000073
  76    0.0000083  -0.00002700
  77    0.0000081  -0.00002911
  78    0.0000071  -0.00002640
  79    0.0000092  -0.00003207
  80    0.0000002  -0.00000066
  81    0.0000075  -0.00002482
  82    0.0000071  -0.00002376
  83    0.0000065  -0.00002489
  84    0.0000082  -0.00002170
  85    0.0000002  -0.00000069
  86    0.0000074  -0.00002539
  87    0.0000053  -0.00001989
  88    0.0000062  -0.00002141
  89    0.0000063  -0.00002374
  90    0.0000002  -0.00000059
  91    0.0000073  -0.00002735
  92    0.0000048  -0.00001455
  93    0.0000044  -0.00001406
  94    0.0000055  -0.00001637
  95    0.0000002  -0.00000062
  96    0.0000054  -0.00001948
  97    0.0000043  -0.00001462
  98    0.0000041  -0.00001380
  99    0.0000049  -0.00001582
 100    0.0000002  -0.00000050
 101    0.0000036  -0.00001157
 102    0.0000040  -0.00001096
 103    0.0000039  -0.00001122
 104    0.0000039  -0.00001131
 105    0.0000002  -0.00000048
 106    0.0000035  -0.00000965
 107    0.0000030  -0.00001018
 108    0.0000035  -0.00001060
 109    0.0000035  -0.00001047
 110    0.0000002  -0.00000048
 111    0.0000032  -0.00000584
 112    0.0000028  -0.00000750
 113    0.0000025  -0.00000750
 114    0.0000027  -0.00000714
 115    0.0000002  -0.00000044
 116    0.0000024  -0.00000402
 117    0.0000027  -0.00000665
 118    0.0000021  -0.00000569
 119    0.0000025  -0.00000624
 120    0.0000002  -0.00000047
 121    0.0000023  -0.00000349
 122    0.0000022  -0.00000465
 123    0.0000020  -0.00000296
 124    0.0000024  -0.00000461
 125    0.0000002  -0.00000050
 126    0.0000022  -0.00000280
 127    0.0000020  -0.00000130
 128    0.0000018  -0.00000215
 129    0.0000022  -0.00000344
 130    0.0000002  -0.00000039
 131    0.0000021  -0.00000186
 132    0.0000016  -0.00000092
 133    0.0000018  -0.00000088
 134    0.0000017  -0.00000095
 135    0.0000002  -0.00000045
 136    0.0000021  -0.00000121
 137    0.0000015  0.00000045
 138    0.0000015  -0.00000002
 139    0.0000016  -0.00000044
 140    0.0000002  -0.00000045
 141    0.0000020  -0.00000130
 142    0.0000015  -0.00000001
 143    0.0000013  -0.00000019
 144    0.0000015  -0.00000004
 145    0.0000002  -0.00000141
 
----------------
 Final Energies 
----------------
Final NOF Total Energy =     -56.3682182
 
Total Orbital Internal Iterations = 10
Total Occupation Internal Iterations = 0
 
Elapsed time:   28.09 Seconds

---------------------------------
   Lowdin Population Analysis    
---------------------------------
 Idx  Atom   Population   Charge 
---------------------------------
  1     N     6.446       0.554
  2     H     1.185      -0.185
  3     H     1.185      -0.185
  4     H     1.185      -0.185

---------------------------------
   M Diagnostic: 0.03
---------------------------------

