Computing Integrals
Basis Set                                            = def2-qzvp
Auxiliary Basis Set                                  = def2-universal-jkfit
Gaussian Type                                        = Spherical
Elapsed time:    1.59 Seconds

Number of basis functions                   (NBF)    = 87
Number of auxiliary basis functions         (NBFAUX) = 93
Inactive Doubly occupied orbitals up to     (NO1)    = 0
No. considered Strongly Doubly occupied MOs (NDOC)   = 3
No. considered Strongly Singly occupied MOs (NSOC)   = 1
NO. of Weakly occ. per St. Doubly occ.  MOs (NCWO)   = 27
Dimension of the Nat. Orb. subspace         (NBF5)   = 85
No. of electrons                                     = 7
    No. of alpha electrons                           = 4
    No. of beta electrons                            = 3
Multiplicity                                         = 2

Geometry
========
 C       0.0000000       0.0000000       0.5614245
 H       0.0000000       0.0000000      -0.5614245

No violations of the orthonormality
No violations of the orthonormality
 
PNOF7/ADABelief Calculation
==================
 
  Nitext  Nit_orb  Time   Nit_occ  Time         Eelec          Etot           Ediff      maxdiff    MaxGrad_orb  Grad_occ
     1      10    9.1e+00    0    1.2e+01   -41.25079060   -38.42311161 -10040.25079060   0.000623   2.5e-03   1.3e-04 0.19
 
RESULTS OF THE OCCUPATION OPTIMIZATION
========================================
   1    1.9992840  -11.30282407
   2    1.9499238  -0.74683976
   3    1.7994120  -0.55487976
   4    1.0000000  -0.23820461
   5    0.1823509  -0.06634818
   6    0.0294913  -0.02098309
   7    0.0004808  -0.00854610
   8    0.0097674  -0.00685979
   9    0.0059428  -0.00568353
  10    0.0000723  -0.00092931
  11    0.0048991  -0.00362975
  12    0.0046493  -0.00471348
  13    0.0000705  -0.00091985
  14    0.0015289  -0.00174053
  15    0.0045295  -0.00447314
  16    0.0000688  -0.00086505
  17    0.0009730  -0.00123631
  18    0.0017110  -0.00198304
  19    0.0000118  -0.00041841
  20    0.0003608  -0.00039524
  21    0.0012918  -0.00156200
  22    0.0000029  -0.00002981
  23    0.0002117  -0.00031707
  24    0.0011179  -0.00106938
  25    0.0000008  -0.00003118
  26    0.0001953  -0.00028167
  27    0.0002124  -0.00036946
  28    0.0000008  -0.00001737
  29    0.0000601  -0.00011468
  30    0.0001829  -0.00031646
  31    0.0000006  -0.00002347
  32    0.0000485  -0.00010072
  33    0.0001390  -0.00025574
  34    0.0000006  -0.00000974
  35    0.0000434  -0.00006667
  36    0.0001349  -0.00022405
  37    0.0000006  -0.00000852
  38    0.0000297  -0.00001966
  39    0.0001120  -0.00019430
  40    0.0000005  -0.00000819
  41    0.0000212  -0.00005255
  42    0.0001101  -0.00019923
  43    0.0000004  -0.00000367
  44    0.0000170  -0.00004575
  45    0.0000817  -0.00017311
  46    0.0000004  -0.00000396
  47    0.0000132  -0.00003326
  48    0.0000694  -0.00015619
  49    0.0000004  -0.00000228
  50    0.0000099  -0.00003322
  51    0.0000680  -0.00011971
  52    0.0000004  -0.00000206
  53    0.0000081  -0.00002679
  54    0.0000633  -0.00013605
  55    0.0000004  -0.00000199
  56    0.0000078  -0.00002640
  57    0.0000330  -0.00008788
  58    0.0000003  -0.00000158
  59    0.0000075  -0.00002382
  60    0.0000286  -0.00008198
  61    0.0000003  -0.00000150
  62    0.0000065  -0.00002358
  63    0.0000253  -0.00006095
  64    0.0000003  -0.00000126
  65    0.0000059  -0.00001401
  66    0.0000186  -0.00005044
  67    0.0000003  -0.00000103
  68    0.0000049  -0.00001218
  69    0.0000151  -0.00004161
  70    0.0000003  -0.00000104
  71    0.0000045  -0.00000603
  72    0.0000116  -0.00003421
  73    0.0000003  -0.00000103
  74    0.0000039  -0.00000594
  75    0.0000108  -0.00002731
  76    0.0000003  -0.00000102
  77    0.0000032  -0.00000615
  78    0.0000100  -0.00002877
  79    0.0000003  -0.00000105
  80    0.0000029  -0.00000588
  81    0.0000085  -0.00002073
  82    0.0000003  -0.00000096
  83    0.0000026  -0.00000267
  84    0.0000074  -0.00001923
  85    0.0000002  -0.00000067
 
----------------
 Final Energies 
----------------
Final NOF Total Energy =     -38.4231116
 
Total Orbital Internal Iterations = 10
Total Occupation Internal Iterations = 0
 
Elapsed time:   26.83 Seconds

---------------------------------
   Lowdin Population Analysis    
---------------------------------
 Idx  Atom   Population   Charge 
---------------------------------
  1     C     5.770       0.230
  2     H     1.230      -0.230

---------------------------------
   M Diagnostic: 0.19
---------------------------------

