Job runing on na20
Choosing scratch ...
Automatic scratch folder selection
/scratch/pobleyef/346666
/scratch/pobleyef/346666 directory
cp HAL59-NCH_NIS.gcf HAL59-NCH_NIS.inp to  /scratch/pobleyef/346666/.
HAL59-NCH_NIS
 This is the OpenMP version of the code
 This is the OpenMP version of the code
 This is the OpenMP version of the code
 This is the OpenMP version of the code
 This is the OpenMP version of the code
 This is the OpenMP version of the code
 This is the OpenMP version of the code
 This is the OpenMP version of the code
 This is the OpenMP version of the code
 This is the OpenMP version of the code
 This is the OpenMP version of the code
 This is the OpenMP version of the code
 This is the OpenMP version of the code
 This is the OpenMP version of the code
 This is the OpenMP version of the code
 This is the OpenMP version of the code
 This is the OpenMP version of the code
 This is the OpenMP version of the code
 This is the OpenMP version of the code
 This is the OpenMP version of the code
 This is the OpenMP version of the code
 This is the OpenMP version of the code
 This is the OpenMP version of the code
 This is the OpenMP version of the code
 This is the OpenMP version of the code
 This is the OpenMP version of the code
 This is the OpenMP version of the code
 This is the OpenMP version of the code
 This is the OpenMP version of the code
 This is the OpenMP version of the code
 This is the OpenMP version of the code
 This is the OpenMP version of the code
 This is the OpenMP version of the code
 This is the OpenMP version of the code
 This is the OpenMP version of the code
 This is the OpenMP version of the code
 This is the OpenMP version of the code
 This is the OpenMP version of the code
 This is the OpenMP version of the code
 This is the OpenMP version of the code
 This is the OpenMP version of the code
 This is the OpenMP version of the code
 This is the OpenMP version of the code
 This is the OpenMP version of the code
 This is the OpenMP version of the code
 This is the OpenMP version of the code
 This is the OpenMP version of the code
 This is the OpenMP version of the code
 This is the OpenMP version of the code
 This is the OpenMP version of the code
 This is the OpenMP version of the code
 This is the OpenMP version of the code
 This is the OpenMP version of the code
 This is the OpenMP version of the code
 This is the OpenMP version of the code
 This is the OpenMP version of the code
 This is the OpenMP version of the code
 This is the OpenMP version of the code
 This is the OpenMP version of the code
 This is the OpenMP version of the code
 This is the OpenMP version of the code
 This is the OpenMP version of the code
 This is the OpenMP version of the code
 This is the OpenMP version of the code
 This is the OpenMP version of the code
 This is the OpenMP version of the code
 This is the OpenMP version of the code
 This is the OpenMP version of the code
 This is the OpenMP version of the code
 This is the OpenMP version of the code
 This is the OpenMP version of the code
 This is the OpenMP version of the code
 This is the OpenMP version of the code
 This is the OpenMP version of the code
 This is the OpenMP version of the code
 This is the OpenMP version of the code
 This is the OpenMP version of the code
 This is the OpenMP version of the code
 This is the OpenMP version of the code
 This is the OpenMP version of the code
 This is the OpenMP version of the code
 This is the OpenMP version of the code
 This is the OpenMP version of the code
 This is the OpenMP version of the code
 This is the OpenMP version of the code
 This is the OpenMP version of the code
 This is the OpenMP version of the code
 This is the OpenMP version of the code
 This is the OpenMP version of the code
 This is the OpenMP version of the code
 This is the OpenMP version of the code
 This is the OpenMP version of the code
 This is the OpenMP version of the code
 This is the OpenMP version of the code
 This is the OpenMP version of the code
 This is the OpenMP version of the code
 This is the OpenMP version of the code
 This is the OpenMP version of the code
 This is the OpenMP version of the code
 This is the OpenMP version of the code
 This is the OpenMP version of the code
 This is the OpenMP version of the code
 This is the OpenMP version of the code
 This is the OpenMP version of the code
 This is the OpenMP version of the code
 This is the OpenMP version of the code
 This is the OpenMP version of the code
 This is the OpenMP version of the code
 This is the OpenMP version of the code
 This is the OpenMP version of the code
 This is the OpenMP version of the code
 This is the OpenMP version of the code
 This is the OpenMP version of the code
 This is the OpenMP version of the code
 This is the OpenMP version of the code
 This is the OpenMP version of the code
 This is the OpenMP version of the code
 This is the OpenMP version of the code
 This is the OpenMP version of the code
 This is the OpenMP version of the code
 This is the OpenMP version of the code
 This is the OpenMP version of the code
 This is the OpenMP version of the code
 This is the OpenMP version of the code
 This is the OpenMP version of the code
 This is the OpenMP version of the code
 This is the OpenMP version of the code
 This is the OpenMP version of the code
 This is the OpenMP version of the code
 This is the OpenMP version of the code
 This is the OpenMP version of the code
 This is the OpenMP version of the code
 This is the OpenMP version of the code
 This is the OpenMP version of the code
 This is the OpenMP version of the code
 This is the OpenMP version of the code
 This is the OpenMP version of the code
 This is the OpenMP version of the code
 This is the OpenMP version of the code
 This is the OpenMP version of the code
 This is the OpenMP version of the code
 This is the OpenMP version of the code
 This is the OpenMP version of the code
 This is the OpenMP version of the code
 This is the OpenMP version of the code
 This is the OpenMP version of the code
 This is the OpenMP version of the code
 This is the OpenMP version of the code
 This is the OpenMP version of the code
 This is the OpenMP version of the code
 This is the OpenMP version of the code
 This is the OpenMP version of the code
 This is the OpenMP version of the code
 This is the OpenMP version of the code
 This is the OpenMP version of the code
 This is the OpenMP version of the code
 This is the OpenMP version of the code
 This is the OpenMP version of the code
 This is the OpenMP version of the code
 This is the OpenMP version of the code
 This is the OpenMP version of the code
 This is the OpenMP version of the code
 This is the OpenMP version of the code
 This is the OpenMP version of the code
 This is the OpenMP version of the code
 This is the OpenMP version of the code
 This is the OpenMP version of the code
 This is the OpenMP version of the code
 This is the OpenMP version of the code
 This is the OpenMP version of the code
 This is the OpenMP version of the code
 This is the OpenMP version of the code
 This is the OpenMP version of the code
 This is the OpenMP version of the code
 This is the OpenMP version of the code
 This is the OpenMP version of the code
 This is the OpenMP version of the code
 This is the OpenMP version of the code
 This is the OpenMP version of the code
 This is the OpenMP version of the code
 This is the OpenMP version of the code
 This is the OpenMP version of the code
 This is the OpenMP version of the code
 This is the OpenMP version of the code
 This is the OpenMP version of the code
 This is the OpenMP version of the code
 This is the OpenMP version of the code
 This is the OpenMP version of the code
 This is the OpenMP version of the code
 This is the OpenMP version of the code
 This is the OpenMP version of the code
 This is the OpenMP version of the code

 The execution started at 22h 52min on the 11/ 5/2025

    ===========================================================
    !                                                         !
    !                        Do N O F                         !
    !                                                         !
    !  (Donostia Natural Orbital Functional Software Program) !
    !                                                         !
    !               COPYRIGHT by Mario Piris                  !
    !                                                         !
    !      Donostia International Physics Center (DIPC)       !
    !       University of the Basque Country (UPV/EHU)        !
    !       Basque Foundation for Science (IKERBASQUE)        !
    !                                                         !
    !          GNU General Public License version 3           !
    !                                                         !
    !                  VERSION: October 2025                  !
    !                                                         !
    ===========================================================

 Run Title
 ---------
  Molname                                                                        

 Basis Set
 ---------
 /home/pobleyef/DoNOFsw/basis/def2-QZVP.bas                                      

 Atom      Charge                Coordinates (Bohr)
                           x             y             z
 N           7.0        0.0000        0.0000        7.0232
 C           6.0        0.0000        0.0000        9.1789
 H           1.0        0.0000        0.0000       11.1969
 N           7.0        0.0000        0.0000       -2.2246
 O           8.0        0.0000        4.3095       -2.9918
 O           8.0        0.0000       -4.3095       -2.9918
 C           6.0        0.0000       -2.1633       -3.7237
 C           6.0        0.0000       -1.2501       -6.4103
 C           6.0        0.0000        1.2501       -6.4103
 H           1.0        0.0000        2.5524       -7.9791
 H           1.0        0.0000       -2.5524       -7.9791
 C           6.0        0.0000        2.1633       -3.7237
 I          53.0        0.0000        0.0000        1.6146

 Atomic Basis Set
 ----------------
 The contracted primitive functions were unnormalized
 The contracted basis functions are now normalized to unity

  Shell Type  Primitive         Exponent  Contraction Coefficient

 N         

      1   S       1         90726.8892100    0.000070982346
      1   S       2         13590.5288010    0.000551712516
      1   S       3          3092.9883781    0.002893067845
      1   S       4           875.9987636    0.012111212150
      1   S       5           285.7446998    0.042834127812
      1   S       6           103.1191342    0.129198809022
      1   S       7            40.1285568    0.318818920022
      1   S       8            16.5280957    0.590844885361

      2   S       9            69.3909610    0.094659213180
      2   S      10            20.4282006    0.925496499302

      3   S      11             7.1292588    1.000000000000

      4   S      12             3.1324305    1.000000000000

      5   S      13             0.9875578    1.000000000000

      6   S      14             0.3876572    1.000000000000

      7   S      15             0.1490988    1.000000000000

      8   P      16           150.0574267   -0.002450051156
      8   P      17            35.4915995   -0.019486267495
      8   P      18            11.2478642   -0.090355519008
      8   P      19             4.0900305   -0.299446872557
      8   P      20             1.6220573   -0.696789730227

      9   P      21             0.6644226    1.000000000000

     10   P      22             0.2709977    1.000000000000

     11   P      23             0.1068875    1.000000000000

     12   D      24             2.8370000    1.000000000000

     13   D      25             0.9680000    1.000000000000

     14   D      26             0.3350000    1.000000000000

     15   F      27             2.0270000    1.000000000000

     16   F      28             0.6850000    1.000000000000

     17   G      29             1.4270000    1.000000000000

 C         

     18   S      30         67025.0710290    0.000070988337
     18   S      31         10039.9865380    0.000551759078
     18   S      32          2284.9316911    0.002893301112
     18   S      33           647.1412213    0.012111149913
     18   S      34           211.0947234    0.042822697250
     18   S      35            76.1776439    0.129053328799
     18   S      36            29.6338392    0.318146477908
     18   S      37            12.1877851    0.591790274517

     19   S      38            53.0260063    0.091364916926
     19   S      39            15.2585028    0.928761090236

     20   S      40             5.2403957    1.000000000000

     21   S      41             2.2905022    1.000000000000

     22   S      42             0.6967328    1.000000000000

     23   S      43             0.2759934    1.000000000000

     24   S      44             0.1073988    1.000000000000

     25   P      45           105.1255508    0.002496535013
     25   P      46            24.8844611    0.019546395628
     25   P      47             7.8637231    0.088834946629
     25   P      48             2.8407002    0.294789686074
     25   P      49             1.1227137    0.702715999245

     26   P      50             0.4605073    1.000000000000

     27   P      51             0.1893753    1.000000000000

     28   P      52             0.0759838    1.000000000000

     29   D      53             1.8480000    1.000000000000

     30   D      54             0.6490000    1.000000000000

     31   D      55             0.2280000    1.000000000000

     32   F      56             1.4190000    1.000000000000

     33   F      57             0.4850000    1.000000000000

     34   G      58             1.0110000    1.000000000000

 H         

     35   S      59           190.6916900    0.005342636962
     35   S      60            28.6055320    0.041252338243
     35   S      61             6.5095943    0.210993525698
     35   S      62             1.8412455    0.812128545862

     36   S      63             0.5985373    1.000000000000

     37   S      64             0.2139762    1.000000000000

     38   S      65             0.0803163    1.000000000000

     39   P      66             2.2920000    1.000000000000

     40   P      67             0.8380000    1.000000000000

     41   P      68             0.2920000    1.000000000000

     42   D      69             2.0620000    1.000000000000

     43   D      70             0.6620000    1.000000000000

     44   F      71             1.3970000    1.000000000000

 N         

     45   S      72         90726.8892100    0.000070982346
     45   S      73         13590.5288010    0.000551712516
     45   S      74          3092.9883781    0.002893067845
     45   S      75           875.9987636    0.012111212150
     45   S      76           285.7446998    0.042834127812
     45   S      77           103.1191342    0.129198809022
     45   S      78            40.1285568    0.318818920022
     45   S      79            16.5280957    0.590844885361

     46   S      80            69.3909610    0.094659213180
     46   S      81            20.4282006    0.925496499302

     47   S      82             7.1292588    1.000000000000

     48   S      83             3.1324305    1.000000000000

     49   S      84             0.9875578    1.000000000000

     50   S      85             0.3876572    1.000000000000

     51   S      86             0.1490988    1.000000000000

     52   P      87           150.0574267   -0.002450051156
     52   P      88            35.4915995   -0.019486267495
     52   P      89            11.2478642   -0.090355519008
     52   P      90             4.0900305   -0.299446872557
     52   P      91             1.6220573   -0.696789730227

     53   P      92             0.6644226    1.000000000000

     54   P      93             0.2709977    1.000000000000

     55   P      94             0.1068875    1.000000000000

     56   D      95             2.8370000    1.000000000000

     57   D      96             0.9680000    1.000000000000

     58   D      97             0.3350000    1.000000000000

     59   F      98             2.0270000    1.000000000000

     60   F      99             0.6850000    1.000000000000

     61   G     100             1.4270000    1.000000000000

 O         

     62   S     101        116506.4690800    0.000071987576
     62   S     102         17504.3497240    0.000557148772
     62   S     103          3993.4513230    0.002913003168
     62   S     104          1133.0063186    0.012172051077
     62   S     105           369.9956959    0.043003761827
     62   S     106           133.6207435    0.129647623897
     62   S     107            52.0356436    0.319696085629
     62   S     108            21.4619393    0.589314587967

     63   S     109            89.8350513    0.094848052763
     63   S     110            26.4280108    0.925363787917

     64   S     111             9.2822825    1.000000000000

     65   S     112             4.0947729    1.000000000000

     66   S     113             1.3255349    1.000000000000

     67   S     114             0.5187723    1.000000000000

     68   S     115             0.1977268    1.000000000000

     69   P     116           191.1525581    0.002535957414
     69   P     117            45.2333567    0.020233824294
     69   P     118            14.3534659    0.094518019998
     69   P     119             5.2422372    0.309154328074
     69   P     120             2.0792419    0.684689495338

     70   P     121             0.8428237    1.000000000000

     71   P     122             0.3361769    1.000000000000

     72   P     123             0.1286400    1.000000000000

     73   D     124             3.7750000    1.000000000000

     74   D     125             1.3000000    1.000000000000

     75   D     126             0.4440000    1.000000000000

     76   F     127             2.6660000    1.000000000000

     77   F     128             0.8590000    1.000000000000

     78   G     129             1.8460000    1.000000000000

 O         

     79   S     130        116506.4690800    0.000071987576
     79   S     131         17504.3497240    0.000557148772
     79   S     132          3993.4513230    0.002913003168
     79   S     133          1133.0063186    0.012172051077
     79   S     134           369.9956959    0.043003761827
     79   S     135           133.6207435    0.129647623897
     79   S     136            52.0356436    0.319696085629
     79   S     137            21.4619393    0.589314587967

     80   S     138            89.8350513    0.094848052763
     80   S     139            26.4280108    0.925363787917

     81   S     140             9.2822825    1.000000000000

     82   S     141             4.0947729    1.000000000000

     83   S     142             1.3255349    1.000000000000

     84   S     143             0.5187723    1.000000000000

     85   S     144             0.1977268    1.000000000000

     86   P     145           191.1525581    0.002535957414
     86   P     146            45.2333567    0.020233824294
     86   P     147            14.3534659    0.094518019998
     86   P     148             5.2422372    0.309154328074
     86   P     149             2.0792419    0.684689495338

     87   P     150             0.8428237    1.000000000000

     88   P     151             0.3361769    1.000000000000

     89   P     152             0.1286400    1.000000000000

     90   D     153             3.7750000    1.000000000000

     91   D     154             1.3000000    1.000000000000

     92   D     155             0.4440000    1.000000000000

     93   F     156             2.6660000    1.000000000000

     94   F     157             0.8590000    1.000000000000

     95   G     158             1.8460000    1.000000000000

 C         

     96   S     159         67025.0710290    0.000070988337
     96   S     160         10039.9865380    0.000551759078
     96   S     161          2284.9316911    0.002893301112
     96   S     162           647.1412213    0.012111149913
     96   S     163           211.0947234    0.042822697250
     96   S     164            76.1776439    0.129053328799
     96   S     165            29.6338392    0.318146477908
     96   S     166            12.1877851    0.591790274517

     97   S     167            53.0260063    0.091364916926
     97   S     168            15.2585028    0.928761090236

     98   S     169             5.2403957    1.000000000000

     99   S     170             2.2905022    1.000000000000

    100   S     171             0.6967328    1.000000000000

    101   S     172             0.2759934    1.000000000000

    102   S     173             0.1073988    1.000000000000

    103   P     174           105.1255508    0.002496535013
    103   P     175            24.8844611    0.019546395628
    103   P     176             7.8637231    0.088834946629
    103   P     177             2.8407002    0.294789686074
    103   P     178             1.1227137    0.702715999245

    104   P     179             0.4605073    1.000000000000

    105   P     180             0.1893753    1.000000000000

    106   P     181             0.0759838    1.000000000000

    107   D     182             1.8480000    1.000000000000

    108   D     183             0.6490000    1.000000000000

    109   D     184             0.2280000    1.000000000000

    110   F     185             1.4190000    1.000000000000

    111   F     186             0.4850000    1.000000000000

    112   G     187             1.0110000    1.000000000000

 C         

    113   S     188         67025.0710290    0.000070988337
    113   S     189         10039.9865380    0.000551759078
    113   S     190          2284.9316911    0.002893301112
    113   S     191           647.1412213    0.012111149913
    113   S     192           211.0947234    0.042822697250
    113   S     193            76.1776439    0.129053328799
    113   S     194            29.6338392    0.318146477908
    113   S     195            12.1877851    0.591790274517

    114   S     196            53.0260063    0.091364916926
    114   S     197            15.2585028    0.928761090236

    115   S     198             5.2403957    1.000000000000

    116   S     199             2.2905022    1.000000000000

    117   S     200             0.6967328    1.000000000000

    118   S     201             0.2759934    1.000000000000

    119   S     202             0.1073988    1.000000000000

    120   P     203           105.1255508    0.002496535013
    120   P     204            24.8844611    0.019546395628
    120   P     205             7.8637231    0.088834946629
    120   P     206             2.8407002    0.294789686074
    120   P     207             1.1227137    0.702715999245

    121   P     208             0.4605073    1.000000000000

    122   P     209             0.1893753    1.000000000000

    123   P     210             0.0759838    1.000000000000

    124   D     211             1.8480000    1.000000000000

    125   D     212             0.6490000    1.000000000000

    126   D     213             0.2280000    1.000000000000

    127   F     214             1.4190000    1.000000000000

    128   F     215             0.4850000    1.000000000000

    129   G     216             1.0110000    1.000000000000

 C         

    130   S     217         67025.0710290    0.000070988337
    130   S     218         10039.9865380    0.000551759078
    130   S     219          2284.9316911    0.002893301112
    130   S     220           647.1412213    0.012111149913
    130   S     221           211.0947234    0.042822697250
    130   S     222            76.1776439    0.129053328799
    130   S     223            29.6338392    0.318146477908
    130   S     224            12.1877851    0.591790274517

    131   S     225            53.0260063    0.091364916926
    131   S     226            15.2585028    0.928761090236

    132   S     227             5.2403957    1.000000000000

    133   S     228             2.2905022    1.000000000000

    134   S     229             0.6967328    1.000000000000

    135   S     230             0.2759934    1.000000000000

    136   S     231             0.1073988    1.000000000000

    137   P     232           105.1255508    0.002496535013
    137   P     233            24.8844611    0.019546395628
    137   P     234             7.8637231    0.088834946629
    137   P     235             2.8407002    0.294789686074
    137   P     236             1.1227137    0.702715999245

    138   P     237             0.4605073    1.000000000000

    139   P     238             0.1893753    1.000000000000

    140   P     239             0.0759838    1.000000000000

    141   D     240             1.8480000    1.000000000000

    142   D     241             0.6490000    1.000000000000

    143   D     242             0.2280000    1.000000000000

    144   F     243             1.4190000    1.000000000000

    145   F     244             0.4850000    1.000000000000

    146   G     245             1.0110000    1.000000000000

 H         

    147   S     246           190.6916900    0.005342636962
    147   S     247            28.6055320    0.041252338243
    147   S     248             6.5095943    0.210993525698
    147   S     249             1.8412455    0.812128545862

    148   S     250             0.5985373    1.000000000000

    149   S     251             0.2139762    1.000000000000

    150   S     252             0.0803163    1.000000000000

    151   P     253             2.2920000    1.000000000000

    152   P     254             0.8380000    1.000000000000

    153   P     255             0.2920000    1.000000000000

    154   D     256             2.0620000    1.000000000000

    155   D     257             0.6620000    1.000000000000

    156   F     258             1.3970000    1.000000000000

 H         

    157   S     259           190.6916900    0.005342636962
    157   S     260            28.6055320    0.041252338243
    157   S     261             6.5095943    0.210993525698
    157   S     262             1.8412455    0.812128545862

    158   S     263             0.5985373    1.000000000000

    159   S     264             0.2139762    1.000000000000

    160   S     265             0.0803163    1.000000000000

    161   P     266             2.2920000    1.000000000000

    162   P     267             0.8380000    1.000000000000

    163   P     268             0.2920000    1.000000000000

    164   D     269             2.0620000    1.000000000000

    165   D     270             0.6620000    1.000000000000

    166   F     271             1.3970000    1.000000000000

 C         

    167   S     272         67025.0710290    0.000070988337
    167   S     273         10039.9865380    0.000551759078
    167   S     274          2284.9316911    0.002893301112
    167   S     275           647.1412213    0.012111149913
    167   S     276           211.0947234    0.042822697250
    167   S     277            76.1776439    0.129053328799
    167   S     278            29.6338392    0.318146477908
    167   S     279            12.1877851    0.591790274517

    168   S     280            53.0260063    0.091364916926
    168   S     281            15.2585028    0.928761090236

    169   S     282             5.2403957    1.000000000000

    170   S     283             2.2905022    1.000000000000

    171   S     284             0.6967328    1.000000000000

    172   S     285             0.2759934    1.000000000000

    173   S     286             0.1073988    1.000000000000

    174   P     287           105.1255508    0.002496535013
    174   P     288            24.8844611    0.019546395628
    174   P     289             7.8637231    0.088834946629
    174   P     290             2.8407002    0.294789686074
    174   P     291             1.1227137    0.702715999245

    175   P     292             0.4605073    1.000000000000

    176   P     293             0.1893753    1.000000000000

    177   P     294             0.0759838    1.000000000000

    178   D     295             1.8480000    1.000000000000

    179   D     296             0.6490000    1.000000000000

    180   D     297             0.2280000    1.000000000000

    181   F     298             1.4190000    1.000000000000

    182   F     299             0.4850000    1.000000000000

    183   G     300             1.0110000    1.000000000000

 I         

    184   S     301         16788.4000000    0.000103586804
    184   S     302          2526.6400000    0.000765531745
    184   S     303           571.9840000    0.003150554741
    184   S     304           150.4340000    0.006717983204
    184   S     305            29.5405000   -0.134384929151
    184   S     306            18.4571000    0.859255064197
    184   S     307            11.5286000   -0.890227518539
    184   S     308             7.0828900   -1.367813214298
    184   S     309             2.5040500    1.808345152379

    185   S     310            25.0586179    0.088686579218
    185   S     311            15.6219794   -0.309437052616
    185   S     312             3.3536325    1.147487780264

    186   S     313             1.3540145    1.000000000000

    187   S     314             0.6743047    1.000000000000

    188   S     315             0.3272714    1.000000000000

    189   S     316             0.1574936    1.000000000000

    190   S     317             0.0743777    1.000000000000

    191   P     318           656.2740000    0.000102263116
    191   P     319           149.2320000    0.000688871318
    191   P     320            19.0153000    0.067339699796
    191   P     321            10.7378000   -0.280108787807
    191   P     322             6.4420800   -0.004916495947
    191   P     323             3.0920300    0.577616914298
    191   P     324             1.5787400    0.569991007671

    192   P     325            15.6605119   -0.024484627992
    192   P     326             4.9250670    0.260041620414
    192   P     327             1.6692320    0.808870366710

    193   P     328             0.7781790    1.000000000000

    194   P     329             0.3560884    1.000000000000

    195   P     330             0.1549324    1.000000000000

    196   P     331             0.0646662    1.000000000000

    197   D     332           318.2240778    0.000120648927
    197   D     333            95.8102274    0.001012623893
    197   D     334            35.3222953    0.005278751941
    197   D     335            13.1074478   -0.017935310228
    197   D     336             6.2949153    0.100128211172
    197   D     337             3.6826101    0.302771472093
    197   D     338             2.0858951    0.397340741727
    197   D     339             1.1644342    0.312691340071

    198   D     340             0.6318061    1.000000000000

    199   D     341             0.3221508    1.000000000000

    200   D     342             0.1349000    1.000000000000

    201   F     343             6.4253614    1.000000000000

    202   F     344             2.1780000    1.000000000000

    203   F     345             0.5878000    1.000000000000

    204   F     346             0.2500000    1.000000000000

    205   G     347             0.4739000    1.000000000000

 Total Number of Basis Set Shells             =  205
 Total Number of Primitives                   =  347
 Number of Spherical Gaussian Basis Functions =  685
 Total Number of Auxiliary Basis Set Shells   =  289
 Number of Sph. Gaussian Auxiliary Set Func.  =  955
 Number of Electrons                          =  116
 Charge of Molecule                           =    0
 Spin Multiplicity                            =    1
 Number of Occupied Orbitals (Alpha)          =   58
 Number of Occupied Orbitals (Beta )          =   58
 Total Number of Atoms                        =   13

 Nuclear Energy =      888.6135023985

 Note: This calculation is using an effective core potential
 so NE and ENUC will be adjusted later after removal of the Core

 Input Run Options
 -----------------
 IRUNTYP = 1  MULT = 1  ICHARG =  0 IECP = 1  IEMOM = 1  UNITS = ANGS    

 ECP Potentials
 --------------
 Parameters for "I-ECP   " on Atom 13 with ZCORE 28 and LMAX 3 are

 for L= 3      COEFF    N           ZETA
    1      -21.84204    2       19.45861
    1      -28.46819    2       19.34926
    1       -0.24371    2        4.82377
    1       -0.32080    2        4.88431
 for L= 0      COEFF    N           ZETA
    1       49.99429    2       40.01584
    1      281.02532    2       17.42975
    1       61.57333    2        9.00548
    1       21.84204    2       19.45861
    1       28.46819    2       19.34926
    1        0.24371    2        4.82377
    1        0.32080    2        4.88431
 for L= 1      COEFF    N           ZETA
    1       67.44284    2       15.35547
    1      134.88114    2       14.97183
    1       14.67505    2        8.96016
    1       29.37567    2        8.25910
    1       21.84204    2       19.45861
    1       28.46819    2       19.34926
    1        0.24371    2        4.82377
    1        0.32080    2        4.88431
 for L= 2      COEFF    N           ZETA
    1       35.43953    2       15.06891
    1       53.17606    2       14.55532
    1        9.06719    2        6.71865
    1       13.20694    2        6.45639
    1        0.08933    2        1.19178
    1        0.05238    2        1.29116
    1       21.84204    2       19.45861
    1       28.46819    2       19.34926
    1        0.24371    2        4.82377
    1        0.32080    2        4.88431

 The ECP removes  28 core electrons and  28 protons

 Number of electrons kept in the run =   88
 Number of occupied orbitals (Alpha) =   44
 Number of occupied orbitals (Beta)  =   44

 Adjusted Nuclear Energy =      599.8254095541


 Integral Options
 ----------------
 ERITYP = RI     AUX = JKFIT   ISCHWZ = 1   CUTOFF = 1.0E-09

 Input NOF Options
 -----------------

 Natural Orbital Functional Selected:    (IPNOF)         7

 Type of calculation = ICOEF2 + ICOEF1:  (ICOEF)        21
 Use Softmax function for Occ. Opt.:     (ISOFTMAX)      1
 Type of Orb. Opt. = Orbital Rotations:  (IORBOPT)       2
 Maximum Number of Coef Outer Iter.:     (MAXIT21)       3
 Maximum Number of Occ-Coef Outer Iter.: (MAXIT)      1000

 Restart calculation Option:             (RESTART)       F
 Restart Gamma Matrix from GCF file:     (INPUTGAMMA)    1
 Coefficient Matrix from GCF file:       (INPUTC)        1
 Diagonal Elements FMIUG from GCF file:  (INPUTFMIUG)    0
 Cartesian Coordinates from GCF file:    (INPUTCXYZ)     0

 Threshold Lambda Convergence=10**(-N):  (NTHRESHL)      3
 Threshold Energy Convergence=10**(-N):  (NTHRESHE)      6
 Max. Number of Inner Coef. Iterations:  (MAXLOOP)      10
 Orthogonalize the initial Orbitals:     (ORTHO)         T

 Output Option:                          (NPRINT)        0
 Output the Coefficient Matrix:          (IWRITEC)       0
 Do a Mulliken Population Analysis:      (IMULPOP)       0
 Write Information into a WFN file:      (IAIMPAC)       1
 Write Information into a FCHK file:     (IFCHK)         1
 Write Information into a MLP file:      (MOLDEN)        1
 Create Ini. Cond. (ini.xyz) file:       (INICOND)       1
 Calculate IPs using Ext. Koopmans Theo: (IEKT)          0
 Write APSG expansion coefficient file:  (APSG)          F
 Output option for Lagrange Multipliers: (PRINTLAG)      F
 Diagonalize matrix of Lag. Multipliers: (DIAGLAG)       F

------------------------------------------------------------------------

 Orbital Space
 -------------

 Inactive Doubly occupied orbitals up to NO1  =    0
 No. considered Strongly Doubly occupied MOs  =   44
 No. considered Strongly Singly occupied MOs  =    0
 No. of Weakly occ. per St. Doubly occ.  MOs  =   14
 Dimension of the Active Nat. Orb. subspace   =  660
 Secondary Empty orbitals                     =   25

 1e- integrals
 -------------
 Time to do integrals =      0.90

 2e- integrals
 -------------
 DONTW option skips storage 2e- integrals on Unit 1
 Time to do integrals =      8.65

 No violations of the orthonormality

   INITIAL VALUES
  =================

   OM     Occupation      Elag Diag

    1      1.9997113    -20.5723554
    2      1.9997103    -20.5724536
    3      1.9995508    -15.5942695
    4      1.9995338    -15.6043195
    5      1.9993002    -11.2827075
    6      1.9992992    -11.3438970
    7      1.9992989    -11.3440910
    8      1.9992842    -11.2530103
    9      1.9992837    -11.2530961
   10      1.9992390     -4.6024427
   11      1.9991321     -4.7900971
   12      1.9991167     -4.7343884
   13      1.9990425     -4.2646108
   14      1.9990405     -4.6581325
   15      1.9987359     -4.2984814
   16      1.9982261     -3.2698528
   17      1.9978124     -2.9536659
   18      1.9953277     -2.4514466
   19      1.9821180     -1.1904003
   20      1.9817109     -0.7890919
   21      1.9816940     -0.7890357
   22      1.9815325     -0.7801378
   23      1.9815187     -0.7803964
   24      1.9789204     -1.1524955
   25      1.9789192     -1.1523480
   26      1.9779275     -0.5870595
   27      1.9774922     -0.5848635
   28      1.9766838     -0.9148208
   29      1.9759245     -0.7417319
   30      1.9747040     -0.9984882
   31      1.9745555     -0.9971667
   32      1.9704966     -0.5291530
   33      1.9679567     -0.5626589
   34      1.9666016     -0.7455872
   35      1.9665979     -0.7456713
   36      1.9650470     -0.8179643
   37      1.9650371     -0.8178302
   38      1.9647088     -0.8370957
   39      1.9236656     -0.6803531
   40      1.8724914     -0.5569601
   41      1.8724814     -0.5570029
   42      1.8592729     -0.5395808
   43      1.8584803     -0.5392222
   44      1.8015304     -0.4404639
   45      0.0000046     -0.0000132
   46      0.0000061     -0.0000192
   47      0.0000047     -0.0000171
   48      0.1240357     -0.0570739
   49      0.0000047     -0.0000221
   50      0.0000049     -0.0000197
   51      0.0028344     -0.0032884
   52      0.0000097     -0.0000337
   53      0.0027689     -0.0034262
   54      0.0000709     -0.0001673
   55      0.0001435     -0.0002810
   56      0.0001006     -0.0002244
   57      0.0067273     -0.0039498
   58      0.0218172     -0.0206978
   59      0.0010048     -0.0018060
   60      0.0008227     -0.0009352
   61      0.0047596     -0.0054390
   62      0.0001123     -0.0001509
   63      0.0061118     -0.0037663
   64      0.0000085     -0.0000453
   65      0.0000170     -0.0000822
   66      0.0132236     -0.0124746
   67      0.0001950     -0.0004724
   68      0.0015861     -0.0024331
   69      0.0000849     -0.0002643
   70      0.0000721     -0.0002006
   71      0.0000013     -0.0000076
   72      0.0000042     -0.0000372
   73      0.0016879     -0.0061965
   74      0.0003426     -0.0017121
   75      0.0000007     -0.0000052
   76      0.0000002     -0.0000009
   77      0.0000001     -0.0000008
   78      0.0000003     -0.0000020
   79      0.0000178     -0.0001448
   80      0.0004418     -0.0081676
   81      0.0000009     -0.0000166
   82      0.0000732     -0.0009570
   83      0.0000001     -0.0000007
   84      0.0000005     -0.0000072
   85      0.0000556     -0.0010144
   86      0.0000001     -0.0000007
   87      0.0000238     -0.0005451
   88      0.0002226     -0.0075310
   89      0.0000189     -0.0000332
   90      0.0000055     -0.0000201
   91      0.0000069     -0.0000195
   92      0.0000029     -0.0000138
   93      0.0000121     -0.0000263
   94      0.0005443     -0.0008138
   95      0.0000248     -0.0000682
   96      0.0269157     -0.0209942
   97      0.0000099     -0.0000341
   98      0.0002114     -0.0003703
   99      0.0032055     -0.0035049
  100      0.0088290     -0.0052600
  101      0.0000692     -0.0001077
  102      0.0000191     -0.0000769
  103      0.0216437     -0.0205721
  104      0.0000801     -0.0001876
  105      0.0000209     -0.0000621
  106      0.0000046     -0.0000150
  107      0.0000657     -0.0000894
  108      0.0026046     -0.0043480
  109      0.0005855     -0.0013084
  110      0.0021293     -0.0031178
  111      0.0000202     -0.0000813
  112      0.0000076     -0.0000391
  113      0.0000626     -0.0002106
  114      0.0001031     -0.0002899
  115      0.0000039     -0.0000289
  116      0.0001133     -0.0005825
  117      0.0000021     -0.0000197
  118      0.0008995     -0.0044518
  119      0.0000123     -0.0001087
  120      0.0000002     -0.0000015
  121      0.0000002     -0.0000015
  122      0.0000001     -0.0000009
  123      0.0000006     -0.0000047
  124      0.0000008     -0.0000116
  125      0.0000002     -0.0000015
  126      0.0000860     -0.0011827
  127      0.0000001     -0.0000007
  128      0.0000001     -0.0000008
  129      0.0000001     -0.0000005
  130      0.0000001     -0.0000006
  131      0.0000278     -0.0006646
  132      0.0000003     -0.0000085
  133      0.0000089     -0.0000232
  134      0.0000050     -0.0000175
  135      0.0000043     -0.0000152
  136      0.0000043     -0.0000207
  137      0.1240629     -0.0570939
  138      0.0000080     -0.0000299
  139      0.0000362     -0.0001035
  140      0.0000924     -0.0002232
  141      0.0003444     -0.0005491
  142      0.0000492     -0.0001263
  143      0.0224223     -0.0167937
  144      0.0001251     -0.0002672
  145      0.0000977     -0.0001208
  146      0.0000949     -0.0002323
  147      0.0000099     -0.0000430
  148      0.0018026     -0.0022341
  149      0.0154320     -0.0143229
  150      0.0000504     -0.0000716
  151      0.0000126     -0.0000286
  152      0.0000364     -0.0001368
  153      0.0001601     -0.0003910
  154      0.0000995     -0.0003009
  155      0.0001377     -0.0003825
  156      0.0000101     -0.0000517
  157      0.0015715     -0.0024200
  158      0.0108703     -0.0130005
  159      0.0000014     -0.0000078
  160      0.0000010     -0.0000064
  161      0.0000011     -0.0000068
  162      0.0000010     -0.0000076
  163      0.0000009     -0.0000060
  164      0.0000003     -0.0000019
  165      0.0000089     -0.0000859
  166      0.0000002     -0.0000016
  167      0.0000008     -0.0000060
  168      0.0000010     -0.0000178
  169      0.0000095     -0.0003660
  170      0.0000001     -0.0000014
  171      0.0000728     -0.0009517
  172      0.0000006     -0.0000219
  173      0.0003206     -0.0081108
  174      0.0000003     -0.0000237
  175      0.0000002     -0.0000150
  176      0.0000040     -0.0002511
  177      0.0000049     -0.0000145
  178      0.0001834     -0.0002647
  179      0.0039965     -0.0031080
  180      0.0000048     -0.0000194
  181      0.0031632     -0.0026331
  182      0.0000038     -0.0000159
  183      0.0003106     -0.0005288
  184      0.0003455     -0.0005505
  185      0.0009889     -0.0015420
  186      0.0047824     -0.0049028
  187      0.0002982     -0.0004947
  188      0.0000111     -0.0000371
  189      0.0000072     -0.0000236
  190      0.0000415     -0.0001398
  191      0.0000088     -0.0000419
  192      0.0000485     -0.0001356
  193      0.0000746     -0.0002097
  194      0.0054972     -0.0035169
  195      0.0000044     -0.0000154
  196      0.0006393     -0.0014049
  197      0.0168758     -0.0197337
  198      0.0001931     -0.0004702
  199      0.0000096     -0.0000472
  200      0.0018821     -0.0028911
  201      0.0000076     -0.0000381
  202      0.0001258     -0.0003394
  203      0.0021577     -0.0062074
  204      0.0000017     -0.0000097
  205      0.0000012     -0.0000077
  206      0.0000006     -0.0000041
  207      0.0002923     -0.0015833
  208      0.0000009     -0.0000057
  209      0.0000003     -0.0000023
  210      0.0000002     -0.0000013
  211      0.0000007     -0.0000054
  212      0.0000745     -0.0009641
  213      0.0000007     -0.0000124
  214      0.0000005     -0.0000099
  215      0.0000010     -0.0000156
  216      0.0004387     -0.0081310
  217      0.0000008     -0.0000178
  218      0.0003005     -0.0077248
  219      0.0000040     -0.0002512
  220      0.0000231     -0.0005292
  221      0.1930270     -0.0627374
  222      0.0000084     -0.0000248
  223      0.0000195     -0.0000264
  224      0.0001270     -0.0001472
  225      0.0000041     -0.0000156
  226      0.0000090     -0.0000311
  227      0.0000556     -0.0001334
  228      0.0027877     -0.0034421
  229      0.0002716     -0.0004711
  230      0.0000529     -0.0001302
  231      0.0000534     -0.0001316
  232      0.0000120     -0.0000422
  233      0.0102375     -0.0058210
  234      0.0000128     -0.0000465
  235      0.0000141     -0.0000608
  236      0.0010813     -0.0014775
  237      0.0000139     -0.0000550
  238      0.0002118     -0.0002600
  239      0.0000474     -0.0000636
  240      0.0000481     -0.0001751
  241      0.0026013     -0.0043447
  242      0.0000085     -0.0000442
  243      0.0006007     -0.0011168
  244      0.0000109     -0.0000538
  245      0.0005265     -0.0010326
  246      0.0005764     -0.0012599
  247      0.0000017     -0.0000094
  248      0.0000013     -0.0000075
  249      0.0000010     -0.0000063
  250      0.0000003     -0.0000025
  251      0.0000003     -0.0000023
  252      0.0000002     -0.0000014
  253      0.0000001     -0.0000010
  254      0.0005197     -0.0028736
  255      0.0007255     -0.0037009
  256      0.0000007     -0.0000129
  257      0.0000739     -0.0009568
  258      0.0004383     -0.0081749
  259      0.0000005     -0.0000073
  260      0.0000728     -0.0009390
  261      0.0000539     -0.0009807
  262      0.0000434     -0.0007677
  263      0.0000001     -0.0000005
  264      0.0000001     -0.0000023
  265      0.0000920     -0.0001017
  266      0.0000070     -0.0000199
  267      0.0033571     -0.0026129
  268      0.0000046     -0.0000211
  269      0.0001229     -0.0001579
  270      0.0000352     -0.0000901
  271      0.0025389     -0.0030064
  272      0.0000452     -0.0001365
  273      0.0001078     -0.0002463
  274      0.0002987     -0.0004953
  275      0.0000502     -0.0001278
  276      0.0003580     -0.0006036
  277      0.0000043     -0.0000154
  278      0.0000276     -0.0000840
  279      0.0015322     -0.0025253
  280      0.0002647     -0.0004608
  281      0.0000595     -0.0001864
  282      0.0086163     -0.0054851
  283      0.0006508     -0.0006258
  284      0.0000600     -0.0002341
  285      0.0000359     -0.0001329
  286      0.0001031     -0.0002920
  287      0.0131879     -0.0124519
  288      0.0000076     -0.0000380
  289      0.0001992     -0.0004815
  290      0.0000988     -0.0002727
  291      0.0009439     -0.0028668
  292      0.0000016     -0.0000094
  293      0.0000087     -0.0000462
  294      0.0000003     -0.0000022
  295      0.0000006     -0.0000043
  296      0.0000005     -0.0000036
  297      0.0002705     -0.0014825
  298      0.0000002     -0.0000011
  299      0.0000003     -0.0000023
  300      0.0000008     -0.0000122
  301      0.0000008     -0.0000115
  302      0.0000001     -0.0000007
  303      0.0000861     -0.0011834
  304      0.0000012     -0.0000183
  305      0.0000001     -0.0000006
  306      0.0000009     -0.0000180
  307      0.0000004     -0.0000111
  308      0.0000277     -0.0006625
  309      0.0000047     -0.0000122
  310      0.0001936     -0.0002782
  311      0.1332801     -0.0562214
  312      0.0000037     -0.0000171
  313      0.0000033     -0.0000148
  314      0.0744364     -0.0418287
  315      0.0001606     -0.0003417
  316      0.0000151     -0.0000498
  317      0.0000592     -0.0001454
  318      0.0001910     -0.0003333
  319      0.0000716     -0.0001671
  320      0.0000374     -0.0001007
  321      0.0001749     -0.0002173
  322      0.0000090     -0.0000413
  323      0.0000264     -0.0000835
  324      0.0014079     -0.0018528
  325      0.0010958     -0.0017833
  326      0.0000814     -0.0001173
  327      0.0086827     -0.0053924
  328      0.0005805     -0.0013002
  329      0.0000127     -0.0000496
  330      0.0000090     -0.0000431
  331      0.0000993     -0.0002950
  332      0.0005284     -0.0010338
  333      0.0001663     -0.0004327
  334      0.0001834     -0.0004197
  335      0.0000014     -0.0000078
  336      0.0000088     -0.0000506
  337      0.0000007     -0.0000049
  338      0.0000150     -0.0001356
  339      0.0000016     -0.0000214
  340      0.0000006     -0.0000043
  341      0.0000002     -0.0000016
  342      0.0002996     -0.0016138
  343      0.0000003     -0.0000021
  344      0.0000006     -0.0000079
  345      0.0000006     -0.0000296
  346      0.0000006     -0.0000354
  347      0.0000003     -0.0000043
  348      0.0000953     -0.0013525
  349      0.0000063     -0.0003177
  350      0.0000010     -0.0000189
  351      0.0000001     -0.0000004
  352      0.0000099     -0.0002293
  353      0.0000044     -0.0000123
  354      0.0000043     -0.0000155
  355      0.0000037     -0.0000131
  356      0.0000058     -0.0000189
  357      0.0001046     -0.0001219
  358      0.0000718     -0.0001501
  359      0.0001190     -0.0002340
  360      0.0032613     -0.0038263
  361      0.0000224     -0.0000635
  362      0.0000975     -0.0002188
  363      0.0047902     -0.0049083
  364      0.0000093     -0.0000344
  365      0.0096320     -0.0055063
  366      0.0000701     -0.0002244
  367      0.0000991     -0.0002415
  368      0.0000467     -0.0001328
  369      0.0001290     -0.0003153
  370      0.0000066     -0.0000222
  371      0.0017074     -0.0013944
  372      0.0000068     -0.0000340
  373      0.0000627     -0.0002439
  374      0.0018065     -0.0026128
  375      0.0021468     -0.0031283
  376      0.0000858     -0.0002674
  377      0.0000110     -0.0000541
  378      0.0029903     -0.0045143
  379      0.0000017     -0.0000094
  380      0.0000008     -0.0000054
  381      0.0000005     -0.0000032
  382      0.0000009     -0.0000063
  383      0.0000004     -0.0000034
  384      0.0000003     -0.0000017
  385      0.0000002     -0.0000012
  386      0.0000003     -0.0000024
  387      0.0000005     -0.0000039
  388      0.0000001     -0.0000011
  389      0.0004416     -0.0081652
  390      0.0000092     -0.0003611
  391      0.0000002     -0.0000021
  392      0.0000781     -0.0010067
  393      0.0000273     -0.0004850
  394      0.0000064     -0.0003125
  395      0.0000001     -0.0000005
  396      0.0000002     -0.0000156
  397      0.0000164     -0.0000334
  398      0.0000147     -0.0000317
  399      0.0000092     -0.0000271
  400      0.0000071     -0.0000232
  401      0.0000067     -0.0000220
  402      0.0000054     -0.0000202
  403      0.0002509     -0.0004074
  404      0.0001085     -0.0002463
  405      0.0000428     -0.0001034
  406      0.0000130     -0.0000414
  407      0.0000984     -0.0002205
  408      0.0033495     -0.0026836
  409      0.0002406     -0.0002729
  410      0.0015962     -0.0026059
  411      0.0006764     -0.0012122
  412      0.0000575     -0.0001669
  413      0.0010300     -0.0017043
  414      0.0000058     -0.0000187
  415      0.0001062     -0.0001438
  416      0.0000169     -0.0000821
  417      0.0000075     -0.0000391
  418      0.0000196     -0.0000794
  419      0.0000087     -0.0000438
  420      0.0001991     -0.0004814
  421      0.0000101     -0.0000521
  422      0.0000383     -0.0001653
  423      0.0000012     -0.0000071
  424      0.0000014     -0.0000082
  425      0.0000664     -0.0004092
  426      0.0000008     -0.0000054
  427      0.0000004     -0.0000027
  428      0.0000004     -0.0000032
  429      0.0000326     -0.0002370
  430      0.0000002     -0.0000012
  431      0.0000002     -0.0000012
  432      0.0000095     -0.0003662
  433      0.0001001     -0.0013853
  434      0.0000005     -0.0000086
  435      0.0000909     -0.0012861
  436      0.0000014     -0.0000200
  437      0.0000002     -0.0000038
  438      0.0000009     -0.0000177
  439      0.0000001     -0.0000004
  440      0.0000001     -0.0000005
  441      0.0000065     -0.0000172
  442      0.0000195     -0.0000383
  443      0.0000069     -0.0000199
  444      0.0031733     -0.0026353
  445      0.0000038     -0.0000175
  446      0.0007486     -0.0010450
  447      0.0044400     -0.0046599
  448      0.0002686     -0.0004676
  449      0.0269118     -0.0209943
  450      0.0018519     -0.0022383
  451      0.0000328     -0.0000919
  452      0.0050763     -0.0036662
  453      0.0021750     -0.0015419
  454      0.0001128     -0.0002690
  455      0.0000189     -0.0000671
  456      0.0019741     -0.0023626
  457      0.0001516     -0.0003130
  458      0.0010032     -0.0009400
  459      0.0000531     -0.0000665
  460      0.0000076     -0.0000394
  461      0.0000083     -0.0000443
  462      0.0001355     -0.0003570
  463      0.0000090     -0.0000441
  464      0.0001653     -0.0004309
  465      0.0136417     -0.0127598
  466      0.0001927     -0.0004354
  467      0.0000019     -0.0000104
  468      0.0000014     -0.0000081
  469      0.0000003     -0.0000024
  470      0.0000005     -0.0000035
  471      0.0000004     -0.0000030
  472      0.0000117     -0.0000811
  473      0.0000008     -0.0000056
  474      0.0000011     -0.0000131
  475      0.0000120     -0.0000940
  476      0.0001001     -0.0013855
  477      0.0000001     -0.0000008
  478      0.0000003     -0.0000046
  479      0.0000006     -0.0000153
  480      0.0000008     -0.0000280
  481      0.0000001     -0.0000006
  482      0.0000008     -0.0000189
  483      0.0000001     -0.0000009
  484      0.0000001     -0.0000006
  485      0.0046426     -0.0026435
  486      0.0000074     -0.0000224
  487      0.0000055     -0.0000180
  488      0.0000090     -0.0000243
  489      0.0000051     -0.0000177
  490      0.0000211     -0.0000614
  491      0.0000826     -0.0001886
  492      0.0000214     -0.0000627
  493      0.0000467     -0.0001416
  494      0.0001433     -0.0002806
  495      0.0000124     -0.0000398
  496      0.0139152     -0.0083826
  497      0.0000050     -0.0000163
  498      0.0005940     -0.0010981
  499      0.0000777     -0.0002396
  500      0.0001503     -0.0003290
  501      0.0001177     -0.0002668
  502      0.0000070     -0.0000241
  503      0.0000270     -0.0000450
  504      0.0168750     -0.0197321
  505      0.0000068     -0.0000344
  506      0.0000095     -0.0000470
  507      0.0001310     -0.0003469
  508      0.0000166     -0.0000729
  509      0.0001033     -0.0002943
  510      0.0000316     -0.0001072
  511      0.0013653     -0.0039540
  512      0.0020480     -0.0067305
  513      0.0000006     -0.0000042
  514      0.0000006     -0.0000045
  515      0.0006481     -0.0034383
  516      0.0009164     -0.0043719
  517      0.0005681     -0.0030775
  518      0.0000004     -0.0000032
  519      0.0000014     -0.0000178
  520      0.0000001     -0.0000009
  521      0.0000002     -0.0000032
  522      0.0000001     -0.0000008
  523      0.0000001     -0.0000012
  524      0.0000004     -0.0000044
  525      0.0000003     -0.0000201
  526      0.0000010     -0.0000200
  527      0.0000005     -0.0000127
  528      0.0000005     -0.0000128
  529      0.0006197     -0.0005416
  530      0.0046124     -0.0032098
  531      0.0000217     -0.0000308
  532      0.0000153     -0.0000339
  533      0.0000043     -0.0000201
  534      0.0003801     -0.0005584
  535      0.0241000     -0.0184783
  536      0.0000583     -0.0001442
  537      0.0032731     -0.0038359
  538      0.0224025     -0.0167803
  539      0.0002133     -0.0003727
  540      0.0001934     -0.0002577
  541      0.0000295     -0.0000403
  542      0.0010182     -0.0018295
  543      0.0000420     -0.0001422
  544      0.0151753     -0.0113181
  545      0.0000298     -0.0000958
  546      0.0062659     -0.0038478
  547      0.0005352     -0.0005530
  548      0.0000130     -0.0000504
  549      0.0006300     -0.0013897
  550      0.0000071     -0.0000392
  551      0.0017995     -0.0026095
  552      0.0000696     -0.0002267
  553      0.0000165     -0.0000724
  554      0.0000428     -0.0001506
  555      0.0001879     -0.0007267
  556      0.0000016     -0.0000092
  557      0.0000005     -0.0000037
  558      0.0000004     -0.0000030
  559      0.0000008     -0.0000060
  560      0.0000242     -0.0002032
  561      0.0000001     -0.0000008
  562      0.0000094     -0.0000902
  563      0.0000002     -0.0000015
  564      0.0000006     -0.0000333
  565      0.0000007     -0.0000145
  566      0.0000009     -0.0000158
  567      0.0000006     -0.0000311
  568      0.0000096     -0.0003633
  569      0.0000001     -0.0000007
  570      0.0000001     -0.0000013
  571      0.0002226     -0.0075310
  572      0.0000001     -0.0000006
  573      0.0000057     -0.0000150
  574      0.0000090     -0.0000311
  575      0.0000050     -0.0000185
  576      0.0000034     -0.0000147
  577      0.0000030     -0.0000138
  578      0.0000053     -0.0000213
  579      0.0002925     -0.0005041
  580      0.0009883     -0.0015412
  581      0.0000911     -0.0002199
  582      0.0032047     -0.0035001
  583      0.0018424     -0.0022309
  584      0.0000076     -0.0000297
  585      0.0000896     -0.0001222
  586      0.0000103     -0.0000438
  587      0.0000252     -0.0000751
  588      0.0000803     -0.0001882
  589      0.0000272     -0.0000784
  590      0.0006401     -0.0006053
  591      0.0000058     -0.0000199
  592      0.0000275     -0.0001028
  593      0.0000278     -0.0001032
  594      0.0001390     -0.0003812
  595      0.0000072     -0.0000398
  596      0.0136336     -0.0127520
  597      0.0018804     -0.0028889
  598      0.0024769     -0.0035563
  599      0.0000015     -0.0000087
  600      0.0000014     -0.0000086
  601      0.0000008     -0.0000056
  602      0.0000011     -0.0000123
  603      0.0000006     -0.0000041
  604      0.0000004     -0.0000027
  605      0.0000011     -0.0000135
  606      0.0000004     -0.0000027
  607      0.0000004     -0.0000029
  608      0.0000854     -0.0011792
  609      0.0000854     -0.0011790
  610      0.0000003     -0.0000027
  611      0.0004383     -0.0081750
  612      0.0000001     -0.0000009
  613      0.0000006     -0.0000130
  614      0.0000457     -0.0008543
  615      0.0000100     -0.0002319
  616      0.0000002     -0.0000022
  617      0.0000133     -0.0000248
  618      0.1364436     -0.0571503
  619      0.0000059     -0.0000198
  620      0.0001216     -0.0001562
  621      0.0000078     -0.0000238
  622      0.0000605     -0.0001363
  623      0.0000450     -0.0001131
  624      0.0000451     -0.0001079
  625      0.0000144     -0.0000483
  626      0.0000328     -0.0000923
  627      0.0001642     -0.0003031
  628      0.0000187     -0.0000546
  629      0.0000136     -0.0000255
  630      0.0000207     -0.0000750
  631      0.0001167     -0.0002794
  632      0.0010836     -0.0014822
  633      0.0003747     -0.0006744
  634      0.0000052     -0.0000165
  635      0.0040624     -0.0028460
  636      0.0001567     -0.0003859
  637      0.0000481     -0.0001777
  638      0.0005978     -0.0011151
  639      0.0001150     -0.0003190
  640      0.0001030     -0.0002939
  641      0.0000075     -0.0000389
  642      0.0000794     -0.0002122
  643      0.0000015     -0.0000086
  644      0.0000013     -0.0000076
  645      0.0000020     -0.0000116
  646      0.0000005     -0.0000039
  647      0.0000002     -0.0000017
  648      0.0000014     -0.0000158
  649      0.0000002     -0.0000011
  650      0.0000359     -0.0002565
  651      0.0000002     -0.0000016
  652      0.0000002     -0.0000038
  653      0.0000011     -0.0000162
  654      0.0000908     -0.0012849
  655      0.0000092     -0.0003614
  656      0.0000002     -0.0000031
  657      0.0000003     -0.0000087
  658      0.0000481     -0.0008472
  659      0.0000001     -0.0000033
  660      0.0000001     -0.0000004

   RO Sum (  88) =   88.00

  ---------------
   Dipole Moment
  ---------------

      2.4850 Debye [   0.9777  (  -0.0008,   0.0043,   0.9777) ]


  RESULTS OF OCCUPATION-COEFFICIENT OPTIMIZATION
 ================================================

  Ex It  Occ Time  Orb Time  Orb It   Electronic Energy     Total Energy   Energy Convergency    Max Mul-Lag Diff

    1    1.1E+01   4.2E+01       0   -1347.3562614231     -747.5308518690     0.0000000000           0.000975

   OM     Occupation      Elag Diag

    1      1.9997113    -20.5723554
    2      1.9997103    -20.5724536
    3      1.9995508    -15.5942695
    4      1.9995338    -15.6043195
    5      1.9993002    -11.2827075
    6      1.9992992    -11.3438970
    7      1.9992989    -11.3440910
    8      1.9992842    -11.2530103
    9      1.9992837    -11.2530961
   10      1.9992390     -4.6024427
   11      1.9991321     -4.7900971
   12      1.9991167     -4.7343884
   13      1.9990425     -4.2646108
   14      1.9990405     -4.6581325
   15      1.9987359     -4.2984814
   16      1.9982261     -3.2698528
   17      1.9978124     -2.9536659
   18      1.9953277     -2.4514466
   19      1.9821180     -1.1904003
   20      1.9817109     -0.7890919
   21      1.9816940     -0.7890357
   22      1.9815325     -0.7801378
   23      1.9815187     -0.7803964
   24      1.9789204     -1.1524955
   25      1.9789192     -1.1523480
   26      1.9779275     -0.5870595
   27      1.9774922     -0.5848635
   28      1.9766838     -0.9148208
   29      1.9759245     -0.7417319
   30      1.9747040     -0.9984882
   31      1.9745555     -0.9971667
   32      1.9704966     -0.5291530
   33      1.9679567     -0.5626589
   34      1.9666016     -0.7455872
   35      1.9665979     -0.7456713
   36      1.9650470     -0.8179643
   37      1.9650371     -0.8178302
   38      1.9647088     -0.8370957
   39      1.9236656     -0.6803531
   40      1.8724914     -0.5569601
   41      1.8724814     -0.5570029
   42      1.8592729     -0.5395808
   43      1.8584803     -0.5392222
   44      1.8015304     -0.4404639
   45      0.0000046     -0.0000132
   46      0.0000061     -0.0000192
   47      0.0000047     -0.0000171
   48      0.1240357     -0.0570739
   49      0.0000047     -0.0000221
   50      0.0000049     -0.0000197
   51      0.0028344     -0.0032884
   52      0.0000097     -0.0000337
   53      0.0027689     -0.0034262
   54      0.0000709     -0.0001673
   55      0.0001435     -0.0002810
   56      0.0001006     -0.0002244
   57      0.0067273     -0.0039498
   58      0.0218172     -0.0206978
   59      0.0010048     -0.0018060
   60      0.0008227     -0.0009352
   61      0.0047596     -0.0054390
   62      0.0001123     -0.0001509
   63      0.0061118     -0.0037663
   64      0.0000085     -0.0000453
   65      0.0000170     -0.0000822
   66      0.0132236     -0.0124746
   67      0.0001950     -0.0004724
   68      0.0015861     -0.0024331
   69      0.0000849     -0.0002643
   70      0.0000721     -0.0002006
   71      0.0000013     -0.0000076
   72      0.0000042     -0.0000372
   73      0.0016879     -0.0061965
   74      0.0003426     -0.0017121
   75      0.0000007     -0.0000052
   76      0.0000002     -0.0000009
   77      0.0000001     -0.0000008
   78      0.0000003     -0.0000020
   79      0.0000178     -0.0001448
   80      0.0004418     -0.0081676
   81      0.0000009     -0.0000166
   82      0.0000732     -0.0009570
   83      0.0000001     -0.0000007
   84      0.0000005     -0.0000072
   85      0.0000556     -0.0010144
   86      0.0000001     -0.0000007
   87      0.0000238     -0.0005451
   88      0.0002226     -0.0075310
   89      0.0000189     -0.0000332
   90      0.0000055     -0.0000201
   91      0.0000069     -0.0000195
   92      0.0000029     -0.0000138
   93      0.0000121     -0.0000263
   94      0.0005443     -0.0008138
   95      0.0000248     -0.0000682
   96      0.0269157     -0.0209942
   97      0.0000099     -0.0000341
   98      0.0002114     -0.0003703
   99      0.0032055     -0.0035049
  100      0.0088290     -0.0052600
  101      0.0000692     -0.0001077
  102      0.0000191     -0.0000769
  103      0.0216437     -0.0205721
  104      0.0000801     -0.0001876
  105      0.0000209     -0.0000621
  106      0.0000046     -0.0000150
  107      0.0000657     -0.0000894
  108      0.0026046     -0.0043480
  109      0.0005855     -0.0013084
  110      0.0021293     -0.0031178
  111      0.0000202     -0.0000813
  112      0.0000076     -0.0000391
  113      0.0000626     -0.0002106
  114      0.0001031     -0.0002899
  115      0.0000039     -0.0000289
  116      0.0001133     -0.0005825
  117      0.0000021     -0.0000197
  118      0.0008995     -0.0044518
  119      0.0000123     -0.0001087
  120      0.0000002     -0.0000015
  121      0.0000002     -0.0000015
  122      0.0000001     -0.0000009
  123      0.0000006     -0.0000047
  124      0.0000008     -0.0000116
  125      0.0000002     -0.0000015
  126      0.0000860     -0.0011827
  127      0.0000001     -0.0000007
  128      0.0000001     -0.0000008
  129      0.0000001     -0.0000005
  130      0.0000001     -0.0000006
  131      0.0000278     -0.0006646
  132      0.0000003     -0.0000085
  133      0.0000089     -0.0000232
  134      0.0000050     -0.0000175
  135      0.0000043     -0.0000152
  136      0.0000043     -0.0000207
  137      0.1240629     -0.0570939
  138      0.0000080     -0.0000299
  139      0.0000362     -0.0001035
  140      0.0000924     -0.0002232
  141      0.0003444     -0.0005491
  142      0.0000492     -0.0001263
  143      0.0224223     -0.0167937
  144      0.0001251     -0.0002672
  145      0.0000977     -0.0001208
  146      0.0000949     -0.0002323
  147      0.0000099     -0.0000430
  148      0.0018026     -0.0022341
  149      0.0154320     -0.0143229
  150      0.0000504     -0.0000716
  151      0.0000126     -0.0000286
  152      0.0000364     -0.0001368
  153      0.0001601     -0.0003910
  154      0.0000995     -0.0003009
  155      0.0001377     -0.0003825
  156      0.0000101     -0.0000517
  157      0.0015715     -0.0024200
  158      0.0108703     -0.0130005
  159      0.0000014     -0.0000078
  160      0.0000010     -0.0000064
  161      0.0000011     -0.0000068
  162      0.0000010     -0.0000076
  163      0.0000009     -0.0000060
  164      0.0000003     -0.0000019
  165      0.0000089     -0.0000859
  166      0.0000002     -0.0000016
  167      0.0000008     -0.0000060
  168      0.0000010     -0.0000178
  169      0.0000095     -0.0003660
  170      0.0000001     -0.0000014
  171      0.0000728     -0.0009517
  172      0.0000006     -0.0000219
  173      0.0003206     -0.0081108
  174      0.0000003     -0.0000237
  175      0.0000002     -0.0000150
  176      0.0000040     -0.0002511
  177      0.0000049     -0.0000145
  178      0.0001834     -0.0002647
  179      0.0039965     -0.0031080
  180      0.0000048     -0.0000194
  181      0.0031632     -0.0026331
  182      0.0000038     -0.0000159
  183      0.0003106     -0.0005288
  184      0.0003455     -0.0005505
  185      0.0009889     -0.0015420
  186      0.0047824     -0.0049028
  187      0.0002982     -0.0004947
  188      0.0000111     -0.0000371
  189      0.0000072     -0.0000236
  190      0.0000415     -0.0001398
  191      0.0000088     -0.0000419
  192      0.0000485     -0.0001356
  193      0.0000746     -0.0002097
  194      0.0054972     -0.0035169
  195      0.0000044     -0.0000154
  196      0.0006393     -0.0014049
  197      0.0168758     -0.0197337
  198      0.0001931     -0.0004702
  199      0.0000096     -0.0000472
  200      0.0018821     -0.0028911
  201      0.0000076     -0.0000381
  202      0.0001258     -0.0003394
  203      0.0021577     -0.0062074
  204      0.0000017     -0.0000097
  205      0.0000012     -0.0000077
  206      0.0000006     -0.0000041
  207      0.0002923     -0.0015833
  208      0.0000009     -0.0000057
  209      0.0000003     -0.0000023
  210      0.0000002     -0.0000013
  211      0.0000007     -0.0000054
  212      0.0000745     -0.0009641
  213      0.0000007     -0.0000124
  214      0.0000005     -0.0000099
  215      0.0000010     -0.0000156
  216      0.0004387     -0.0081310
  217      0.0000008     -0.0000178
  218      0.0003005     -0.0077248
  219      0.0000040     -0.0002512
  220      0.0000231     -0.0005292
  221      0.1930270     -0.0627374
  222      0.0000084     -0.0000248
  223      0.0000195     -0.0000264
  224      0.0001270     -0.0001472
  225      0.0000041     -0.0000156
  226      0.0000090     -0.0000311
  227      0.0000556     -0.0001334
  228      0.0027877     -0.0034421
  229      0.0002716     -0.0004711
  230      0.0000529     -0.0001302
  231      0.0000534     -0.0001316
  232      0.0000120     -0.0000422
  233      0.0102375     -0.0058210
  234      0.0000128     -0.0000465
  235      0.0000141     -0.0000608
  236      0.0010813     -0.0014775
  237      0.0000139     -0.0000550
  238      0.0002118     -0.0002600
  239      0.0000474     -0.0000636
  240      0.0000481     -0.0001751
  241      0.0026013     -0.0043447
  242      0.0000085     -0.0000442
  243      0.0006007     -0.0011168
  244      0.0000109     -0.0000538
  245      0.0005265     -0.0010326
  246      0.0005764     -0.0012599
  247      0.0000017     -0.0000094
  248      0.0000013     -0.0000075
  249      0.0000010     -0.0000063
  250      0.0000003     -0.0000025
  251      0.0000003     -0.0000023
  252      0.0000002     -0.0000014
  253      0.0000001     -0.0000010
  254      0.0005197     -0.0028736
  255      0.0007255     -0.0037009
  256      0.0000007     -0.0000129
  257      0.0000739     -0.0009568
  258      0.0004383     -0.0081749
  259      0.0000005     -0.0000073
  260      0.0000728     -0.0009390
  261      0.0000539     -0.0009807
  262      0.0000434     -0.0007677
  263      0.0000001     -0.0000005
  264      0.0000001     -0.0000023
  265      0.0000920     -0.0001017
  266      0.0000070     -0.0000199
  267      0.0033571     -0.0026129
  268      0.0000046     -0.0000211
  269      0.0001229     -0.0001579
  270      0.0000352     -0.0000901
  271      0.0025389     -0.0030064
  272      0.0000452     -0.0001365
  273      0.0001078     -0.0002463
  274      0.0002987     -0.0004953
  275      0.0000502     -0.0001278
  276      0.0003580     -0.0006036
  277      0.0000043     -0.0000154
  278      0.0000276     -0.0000840
  279      0.0015322     -0.0025253
  280      0.0002647     -0.0004608
  281      0.0000595     -0.0001864
  282      0.0086163     -0.0054851
  283      0.0006508     -0.0006258
  284      0.0000600     -0.0002341
  285      0.0000359     -0.0001329
  286      0.0001031     -0.0002920
  287      0.0131879     -0.0124519
  288      0.0000076     -0.0000380
  289      0.0001992     -0.0004815
  290      0.0000988     -0.0002727
  291      0.0009439     -0.0028668
  292      0.0000016     -0.0000094
  293      0.0000087     -0.0000462
  294      0.0000003     -0.0000022
  295      0.0000006     -0.0000043
  296      0.0000005     -0.0000036
  297      0.0002705     -0.0014825
  298      0.0000002     -0.0000011
  299      0.0000003     -0.0000023
  300      0.0000008     -0.0000122
  301      0.0000008     -0.0000115
  302      0.0000001     -0.0000007
  303      0.0000861     -0.0011834
  304      0.0000012     -0.0000183
  305      0.0000001     -0.0000006
  306      0.0000009     -0.0000180
  307      0.0000004     -0.0000111
  308      0.0000277     -0.0006625
  309      0.0000047     -0.0000122
  310      0.0001936     -0.0002782
  311      0.1332801     -0.0562214
  312      0.0000037     -0.0000171
  313      0.0000033     -0.0000148
  314      0.0744364     -0.0418287
  315      0.0001606     -0.0003417
  316      0.0000151     -0.0000498
  317      0.0000592     -0.0001454
  318      0.0001910     -0.0003333
  319      0.0000716     -0.0001671
  320      0.0000374     -0.0001007
  321      0.0001749     -0.0002173
  322      0.0000090     -0.0000413
  323      0.0000264     -0.0000835
  324      0.0014079     -0.0018528
  325      0.0010958     -0.0017833
  326      0.0000814     -0.0001173
  327      0.0086827     -0.0053924
  328      0.0005805     -0.0013002
  329      0.0000127     -0.0000496
  330      0.0000090     -0.0000431
  331      0.0000993     -0.0002950
  332      0.0005284     -0.0010338
  333      0.0001663     -0.0004327
  334      0.0001834     -0.0004197
  335      0.0000014     -0.0000078
  336      0.0000088     -0.0000506
  337      0.0000007     -0.0000049
  338      0.0000150     -0.0001356
  339      0.0000016     -0.0000214
  340      0.0000006     -0.0000043
  341      0.0000002     -0.0000016
  342      0.0002996     -0.0016138
  343      0.0000003     -0.0000021
  344      0.0000006     -0.0000079
  345      0.0000006     -0.0000296
  346      0.0000006     -0.0000354
  347      0.0000003     -0.0000043
  348      0.0000953     -0.0013525
  349      0.0000063     -0.0003177
  350      0.0000010     -0.0000189
  351      0.0000001     -0.0000004
  352      0.0000099     -0.0002293
  353      0.0000044     -0.0000123
  354      0.0000043     -0.0000155
  355      0.0000037     -0.0000131
  356      0.0000058     -0.0000189
  357      0.0001046     -0.0001219
  358      0.0000718     -0.0001501
  359      0.0001190     -0.0002340
  360      0.0032613     -0.0038263
  361      0.0000224     -0.0000635
  362      0.0000975     -0.0002188
  363      0.0047902     -0.0049083
  364      0.0000093     -0.0000344
  365      0.0096320     -0.0055063
  366      0.0000701     -0.0002244
  367      0.0000991     -0.0002415
  368      0.0000467     -0.0001328
  369      0.0001290     -0.0003153
  370      0.0000066     -0.0000222
  371      0.0017074     -0.0013944
  372      0.0000068     -0.0000340
  373      0.0000627     -0.0002439
  374      0.0018065     -0.0026128
  375      0.0021468     -0.0031283
  376      0.0000858     -0.0002674
  377      0.0000110     -0.0000541
  378      0.0029903     -0.0045143
  379      0.0000017     -0.0000094
  380      0.0000008     -0.0000054
  381      0.0000005     -0.0000032
  382      0.0000009     -0.0000063
  383      0.0000004     -0.0000034
  384      0.0000003     -0.0000017
  385      0.0000002     -0.0000012
  386      0.0000003     -0.0000024
  387      0.0000005     -0.0000039
  388      0.0000001     -0.0000011
  389      0.0004416     -0.0081652
  390      0.0000092     -0.0003611
  391      0.0000002     -0.0000021
  392      0.0000781     -0.0010067
  393      0.0000273     -0.0004850
  394      0.0000064     -0.0003125
  395      0.0000001     -0.0000005
  396      0.0000002     -0.0000156
  397      0.0000164     -0.0000334
  398      0.0000147     -0.0000317
  399      0.0000092     -0.0000271
  400      0.0000071     -0.0000232
  401      0.0000067     -0.0000220
  402      0.0000054     -0.0000202
  403      0.0002509     -0.0004074
  404      0.0001085     -0.0002463
  405      0.0000428     -0.0001034
  406      0.0000130     -0.0000414
  407      0.0000984     -0.0002205
  408      0.0033495     -0.0026836
  409      0.0002406     -0.0002729
  410      0.0015962     -0.0026059
  411      0.0006764     -0.0012122
  412      0.0000575     -0.0001669
  413      0.0010300     -0.0017043
  414      0.0000058     -0.0000187
  415      0.0001062     -0.0001438
  416      0.0000169     -0.0000821
  417      0.0000075     -0.0000391
  418      0.0000196     -0.0000794
  419      0.0000087     -0.0000438
  420      0.0001991     -0.0004814
  421      0.0000101     -0.0000521
  422      0.0000383     -0.0001653
  423      0.0000012     -0.0000071
  424      0.0000014     -0.0000082
  425      0.0000664     -0.0004092
  426      0.0000008     -0.0000054
  427      0.0000004     -0.0000027
  428      0.0000004     -0.0000032
  429      0.0000326     -0.0002370
  430      0.0000002     -0.0000012
  431      0.0000002     -0.0000012
  432      0.0000095     -0.0003662
  433      0.0001001     -0.0013853
  434      0.0000005     -0.0000086
  435      0.0000909     -0.0012861
  436      0.0000014     -0.0000200
  437      0.0000002     -0.0000038
  438      0.0000009     -0.0000177
  439      0.0000001     -0.0000004
  440      0.0000001     -0.0000005
  441      0.0000065     -0.0000172
  442      0.0000195     -0.0000383
  443      0.0000069     -0.0000199
  444      0.0031733     -0.0026353
  445      0.0000038     -0.0000175
  446      0.0007486     -0.0010450
  447      0.0044400     -0.0046599
  448      0.0002686     -0.0004676
  449      0.0269118     -0.0209943
  450      0.0018519     -0.0022383
  451      0.0000328     -0.0000919
  452      0.0050763     -0.0036662
  453      0.0021750     -0.0015419
  454      0.0001128     -0.0002690
  455      0.0000189     -0.0000671
  456      0.0019741     -0.0023626
  457      0.0001516     -0.0003130
  458      0.0010032     -0.0009400
  459      0.0000531     -0.0000665
  460      0.0000076     -0.0000394
  461      0.0000083     -0.0000443
  462      0.0001355     -0.0003570
  463      0.0000090     -0.0000441
  464      0.0001653     -0.0004309
  465      0.0136417     -0.0127598
  466      0.0001927     -0.0004354
  467      0.0000019     -0.0000104
  468      0.0000014     -0.0000081
  469      0.0000003     -0.0000024
  470      0.0000005     -0.0000035
  471      0.0000004     -0.0000030
  472      0.0000117     -0.0000811
  473      0.0000008     -0.0000056
  474      0.0000011     -0.0000131
  475      0.0000120     -0.0000940
  476      0.0001001     -0.0013855
  477      0.0000001     -0.0000008
  478      0.0000003     -0.0000046
  479      0.0000006     -0.0000153
  480      0.0000008     -0.0000280
  481      0.0000001     -0.0000006
  482      0.0000008     -0.0000189
  483      0.0000001     -0.0000009
  484      0.0000001     -0.0000006
  485      0.0046426     -0.0026435
  486      0.0000074     -0.0000224
  487      0.0000055     -0.0000180
  488      0.0000090     -0.0000243
  489      0.0000051     -0.0000177
  490      0.0000211     -0.0000614
  491      0.0000826     -0.0001886
  492      0.0000214     -0.0000627
  493      0.0000467     -0.0001416
  494      0.0001433     -0.0002806
  495      0.0000124     -0.0000398
  496      0.0139152     -0.0083826
  497      0.0000050     -0.0000163
  498      0.0005940     -0.0010981
  499      0.0000777     -0.0002396
  500      0.0001503     -0.0003290
  501      0.0001177     -0.0002668
  502      0.0000070     -0.0000241
  503      0.0000270     -0.0000450
  504      0.0168750     -0.0197321
  505      0.0000068     -0.0000344
  506      0.0000095     -0.0000470
  507      0.0001310     -0.0003469
  508      0.0000166     -0.0000729
  509      0.0001033     -0.0002943
  510      0.0000316     -0.0001072
  511      0.0013653     -0.0039540
  512      0.0020480     -0.0067305
  513      0.0000006     -0.0000042
  514      0.0000006     -0.0000045
  515      0.0006481     -0.0034383
  516      0.0009164     -0.0043719
  517      0.0005681     -0.0030775
  518      0.0000004     -0.0000032
  519      0.0000014     -0.0000178
  520      0.0000001     -0.0000009
  521      0.0000002     -0.0000032
  522      0.0000001     -0.0000008
  523      0.0000001     -0.0000012
  524      0.0000004     -0.0000044
  525      0.0000003     -0.0000201
  526      0.0000010     -0.0000200
  527      0.0000005     -0.0000127
  528      0.0000005     -0.0000128
  529      0.0006197     -0.0005416
  530      0.0046124     -0.0032098
  531      0.0000217     -0.0000308
  532      0.0000153     -0.0000339
  533      0.0000043     -0.0000201
  534      0.0003801     -0.0005584
  535      0.0241000     -0.0184783
  536      0.0000583     -0.0001442
  537      0.0032731     -0.0038359
  538      0.0224025     -0.0167803
  539      0.0002133     -0.0003727
  540      0.0001934     -0.0002577
  541      0.0000295     -0.0000403
  542      0.0010182     -0.0018295
  543      0.0000420     -0.0001422
  544      0.0151753     -0.0113181
  545      0.0000298     -0.0000958
  546      0.0062659     -0.0038478
  547      0.0005352     -0.0005530
  548      0.0000130     -0.0000504
  549      0.0006300     -0.0013897
  550      0.0000071     -0.0000392
  551      0.0017995     -0.0026095
  552      0.0000696     -0.0002267
  553      0.0000165     -0.0000724
  554      0.0000428     -0.0001506
  555      0.0001879     -0.0007267
  556      0.0000016     -0.0000092
  557      0.0000005     -0.0000037
  558      0.0000004     -0.0000030
  559      0.0000008     -0.0000060
  560      0.0000242     -0.0002032
  561      0.0000001     -0.0000008
  562      0.0000094     -0.0000902
  563      0.0000002     -0.0000015
  564      0.0000006     -0.0000333
  565      0.0000007     -0.0000145
  566      0.0000009     -0.0000158
  567      0.0000006     -0.0000311
  568      0.0000096     -0.0003633
  569      0.0000001     -0.0000007
  570      0.0000001     -0.0000013
  571      0.0002226     -0.0075310
  572      0.0000001     -0.0000006
  573      0.0000057     -0.0000150
  574      0.0000090     -0.0000311
  575      0.0000050     -0.0000185
  576      0.0000034     -0.0000147
  577      0.0000030     -0.0000138
  578      0.0000053     -0.0000213
  579      0.0002925     -0.0005041
  580      0.0009883     -0.0015412
  581      0.0000911     -0.0002199
  582      0.0032047     -0.0035001
  583      0.0018424     -0.0022309
  584      0.0000076     -0.0000297
  585      0.0000896     -0.0001222
  586      0.0000103     -0.0000438
  587      0.0000252     -0.0000751
  588      0.0000803     -0.0001882
  589      0.0000272     -0.0000784
  590      0.0006401     -0.0006053
  591      0.0000058     -0.0000199
  592      0.0000275     -0.0001028
  593      0.0000278     -0.0001032
  594      0.0001390     -0.0003812
  595      0.0000072     -0.0000398
  596      0.0136336     -0.0127520
  597      0.0018804     -0.0028889
  598      0.0024769     -0.0035563
  599      0.0000015     -0.0000087
  600      0.0000014     -0.0000086
  601      0.0000008     -0.0000056
  602      0.0000011     -0.0000123
  603      0.0000006     -0.0000041
  604      0.0000004     -0.0000027
  605      0.0000011     -0.0000135
  606      0.0000004     -0.0000027
  607      0.0000004     -0.0000029
  608      0.0000854     -0.0011792
  609      0.0000854     -0.0011790
  610      0.0000003     -0.0000027
  611      0.0004383     -0.0081750
  612      0.0000001     -0.0000009
  613      0.0000006     -0.0000130
  614      0.0000457     -0.0008543
  615      0.0000100     -0.0002319
  616      0.0000002     -0.0000022
  617      0.0000133     -0.0000248
  618      0.1364436     -0.0571503
  619      0.0000059     -0.0000198
  620      0.0001216     -0.0001562
  621      0.0000078     -0.0000238
  622      0.0000605     -0.0001363
  623      0.0000450     -0.0001131
  624      0.0000451     -0.0001079
  625      0.0000144     -0.0000483
  626      0.0000328     -0.0000923
  627      0.0001642     -0.0003031
  628      0.0000187     -0.0000546
  629      0.0000136     -0.0000255
  630      0.0000207     -0.0000750
  631      0.0001167     -0.0002794
  632      0.0010836     -0.0014822
  633      0.0003747     -0.0006744
  634      0.0000052     -0.0000165
  635      0.0040624     -0.0028460
  636      0.0001567     -0.0003859
  637      0.0000481     -0.0001777
  638      0.0005978     -0.0011151
  639      0.0001150     -0.0003190
  640      0.0001030     -0.0002939
  641      0.0000075     -0.0000389
  642      0.0000794     -0.0002122
  643      0.0000015     -0.0000086
  644      0.0000013     -0.0000076
  645      0.0000020     -0.0000116
  646      0.0000005     -0.0000039
  647      0.0000002     -0.0000017
  648      0.0000014     -0.0000158
  649      0.0000002     -0.0000011
  650      0.0000359     -0.0002565
  651      0.0000002     -0.0000016
  652      0.0000002     -0.0000038
  653      0.0000011     -0.0000162
  654      0.0000908     -0.0012849
  655      0.0000092     -0.0003614
  656      0.0000002     -0.0000031
  657      0.0000003     -0.0000087
  658      0.0000481     -0.0008472
  659      0.0000001     -0.0000033
  660      0.0000001     -0.0000004

   RO Sum (  88) =   88.00

  ---------------
   Dipole Moment
  ---------------

      2.4850 Debye [   0.9777  (  -0.0008,   0.0043,   0.9777) ]

 ----------------
  Final Energies  
 ----------------

  Final NOF Total Energy =     -747.5308518690 ( 1.E-03 , 0.E+00 )


  **************************************************
  *                                                *
  *       SINGLE-POINT DoNOF CALCULATION           *
  *                                                *
  *             FULL OPTIMIZATION                  *
  *                                                *
  *  FINAL RESULTS   FINAL RESULTS  FINAL RESULTS  *
  *                                                *
  **************************************************

  **************************************************
  *         No. EXTERNAL ITER =     1              *
  *         No. of TOTAL ITER =     0              *
  **************************************************

  Elapsed real time :     72.36  (Seconds)

 The execution finished at 22h 53min on the 11/ 5/2025
Recovering execution output...
Moving from /scratch/pobleyef/346666 to /home-nas/pobleyef/Slim-NOF/ncwomax/Slim16/PNOF7/arina.346666
mkdir -p /home-nas/pobleyef/Slim-NOF/ncwomax/Slim16/PNOF7/arina.346666
mv /scratch/pobleyef/346666/* /home-nas/pobleyef/Slim-NOF/ncwomax/Slim16/PNOF7/arina.346666
