Computing Integrals
Basis Set                                            = def2-qzvp
Auxiliary Basis Set                                  = def2-universal-jkfit
Gaussian Type                                        = Spherical
Elapsed time:    1.85 Seconds

Number of basis functions                   (NBF)    = 147
Number of auxiliary basis functions         (NBFAUX) = 131
Inactive Doubly occupied orbitals up to     (NO1)    = 0
No. considered Strongly Doubly occupied MOs (NDOC)   = 5
No. considered Strongly Singly occupied MOs (NSOC)   = 0
NO. of Weakly occ. per St. Doubly occ.  MOs (NCWO)   = 1
Dimension of the Nat. Orb. subspace         (NBF5)   = 10
No. of electrons                                     = 10
    No. of alpha electrons                           = 5
    No. of beta electrons                            = 5
Multiplicity                                         = 1

Geometry
========
 N      -1.1034606      -0.0827629       1.6412648
 H      -0.6074639      -0.9640336       1.5597673
 H      -0.5860341       0.4458293       2.3356394
 H      -0.9084707       0.4026524       0.7537072

No violations of the orthonormality
No violations of the orthonormality
 
PNOF7/ADABelief Calculation
==================
 
  Nitext  Nit_orb  Time   Nit_occ  Time         Eelec          Etot           Ediff      maxdiff    MaxGrad_orb  Grad_occ
     1      10    9.3e+00    0    1.2e+01   -68.19301388   -56.31112379 -10067.19301388   0.000642   2.6e-03   7.2e-05 0.02
 
RESULTS OF THE OCCUPATION OPTIMIZATION
========================================
   1    1.9996943  -15.53482023
   2    1.9775080  -0.78252715
   3    1.9766624  -0.76996144
   4    1.9761276  -0.76841428
   5    1.9824632  -0.56751678
   6    0.0175368  -0.01264222
   7    0.0238724  -0.01949850
   8    0.0233376  -0.01915053
   9    0.0224920  -0.01885337
  10    0.0003057  -0.00798137
 
----------------
 Final Energies 
----------------
Final NOF Total Energy =     -56.3111238
 
Total Orbital Internal Iterations = 10
Total Occupation Internal Iterations = 0
 
Elapsed time:   27.02 Seconds

---------------------------------
   Lowdin Population Analysis    
---------------------------------
 Idx  Atom   Population   Charge 
---------------------------------
  1     N     6.443       0.557
  2     H     1.193      -0.193
  3     H     1.192      -0.192
  4     H     1.172      -0.172

---------------------------------
   M Diagnostic: 0.02
---------------------------------

