Computing Integrals
Basis Set                                            = def2-qzvp
Auxiliary Basis Set                                  = def2-universal-jkfit
Gaussian Type                                        = Spherical
Elapsed time:    1.78 Seconds

Number of basis functions                   (NBF)    = 70
Number of auxiliary basis functions         (NBFAUX) = 128
Inactive Doubly occupied orbitals up to     (NO1)    = 0
No. considered Strongly Doubly occupied MOs (NDOC)   = 9
No. considered Strongly Singly occupied MOs (NSOC)   = 0
NO. of Weakly occ. per St. Doubly occ.  MOs (NCWO)   = 1
Dimension of the Nat. Orb. subspace         (NBF5)   = 18
No. of electrons                                     = 18
    No. of alpha electrons                           = 9
    No. of beta electrons                            = 9
Multiplicity                                         = 1

Geometry
========
Cl      -1.0843247      -0.3773750       0.8015475

No violations of the orthonormality
No violations of the orthonormality
 
PNOF7/ADABelief Calculation
==================
 
  Nitext  Nit_orb  Time   Nit_occ  Time         Eelec          Etot           Ediff      maxdiff    MaxGrad_orb  Grad_occ
     1      10    9.1e+00    0    1.2e+01  -459.64009257  -459.64009257 -10458.64009257   0.000767   3.1e-03   2.0e-04 0.01
 
RESULTS OF THE OCCUPATION OPTIMIZATION
========================================
   1    1.9999736  -103.45176435
   2    1.9997549  -8.59099280
   3    1.9997589  -8.58802563
   4    1.9997559  -8.58539352
   5    1.9997486  -8.57894190
   6    1.9863445  -0.31304024
   7    1.9863560  -0.31203972
   8    1.9859255  -0.30719959
   9    1.9857218  -0.30520620
  10    0.0142782  -0.00697638
  11    0.0140745  -0.00695318
  12    0.0136440  -0.00691809
  13    0.0136555  -0.00692406
  14    0.0002514  -0.00327994
  15    0.0002441  -0.00324006
  16    0.0002411  -0.00322226
  17    0.0002451  -0.00325058
  18    0.0000264  -0.00566569
 
----------------
 Final Energies 
----------------
Final NOF Total Energy =    -459.6400926
 
Total Orbital Internal Iterations = 10
Total Occupation Internal Iterations = 0
 
Elapsed time:   26.81 Seconds

---------------------------------
   Lowdin Population Analysis    
---------------------------------
 Idx  Atom   Population   Charge 
---------------------------------
  1    Cl    18.000      -1.000

---------------------------------
   M Diagnostic: 0.01
---------------------------------

