Computing Integrals
Basis Set                                            = def2-qzvp
Auxiliary Basis Set                                  = def2-universal-jkfit
Gaussian Type                                        = Spherical
Elapsed time:    1.76 Seconds

Number of basis functions                   (NBF)    = 144
Number of auxiliary basis functions         (NBFAUX) = 170
Inactive Doubly occupied orbitals up to     (NO1)    = 0
No. considered Strongly Doubly occupied MOs (NDOC)   = 7
No. considered Strongly Singly occupied MOs (NSOC)   = 0
NO. of Weakly occ. per St. Doubly occ.  MOs (NCWO)   = 1
Dimension of the Nat. Orb. subspace         (NBF5)   = 14
No. of electrons                                     = 14
    No. of alpha electrons                           = 7
    No. of beta electrons                            = 7
Multiplicity                                         = 1

Geometry
========
 C       0.3748217       0.5178301       0.0000000
 N       0.3748217      -0.6705221       0.0000000
 H      -0.7496434       0.1526920       0.0000000

No violations of the orthonormality
No violations of the orthonormality
 
PNOF7/ADABelief Calculation
==================
 
  Nitext  Nit_orb  Time   Nit_occ  Time         Eelec          Etot           Ediff      maxdiff    MaxGrad_orb  Grad_occ
     1      10    9.3e+00    0    1.2e+01  -117.02836597   -92.98204587 -10116.02836597   0.000664   2.7e-03   2.2e-04 0.13
 
RESULTS OF THE OCCUPATION OPTIMIZATION
========================================
   1    1.9996942  -15.61703416
   2    1.9995156  -11.27641347
   3    1.9876653  -1.17154557
   4    1.9609221  -0.72388506
   5    1.9811927  -0.70667831
   6    1.8689984  -0.54305794
   7    1.8686561  -0.54032252
   8    0.1313439  -0.05371209
   9    0.1310016  -0.05383040
  10    0.0188073  -0.01305477
  11    0.0390779  -0.02162537
  12    0.0123347  -0.01412410
  13    0.0004844  -0.00889028
  14    0.0003058  -0.00791006
 
----------------
 Final Energies 
----------------
Final NOF Total Energy =     -92.9820459
 
Total Orbital Internal Iterations = 10
Total Occupation Internal Iterations = 0
 
Elapsed time:   27.31 Seconds

---------------------------------
   Lowdin Population Analysis    
---------------------------------
 Idx  Atom   Population   Charge 
---------------------------------
  1     C     6.077      -0.077
  2     N     6.749       0.251
  3     H     1.174      -0.174

---------------------------------
   M Diagnostic: 0.13
---------------------------------

