Computing Integrals
Basis Set                                            = def2-qzvp
Auxiliary Basis Set                                  = def2-universal-jkfit
Gaussian Type                                        = Spherical
Elapsed time:    1.65 Seconds

Number of basis functions                   (NBF)    = 70
Number of auxiliary basis functions         (NBFAUX) = 128
Inactive Doubly occupied orbitals up to     (NO1)    = 0
No. considered Strongly Doubly occupied MOs (NDOC)   = 7
No. considered Strongly Singly occupied MOs (NSOC)   = 2
NO. of Weakly occ. per St. Doubly occ.  MOs (NCWO)   = 1
Dimension of the Nat. Orb. subspace         (NBF5)   = 16
No. of electrons                                     = 16
    No. of alpha electrons                           = 9
    No. of beta electrons                            = 7
Multiplicity                                         = 3

Geometry
========
 S       0.0000000       0.0000000       0.0000000

No violations of the orthonormality
No violations of the orthonormality
 
PNOF7/ADABelief Calculation
==================
 
  Nitext  Nit_orb  Time   Nit_occ  Time         Eelec          Etot           Ediff      maxdiff    MaxGrad_orb  Grad_occ
     1      10    9.1e+00    0    1.2e+01  -397.59571320  -397.59571320 -10396.59571320   0.000490   2.0e-03   1.7e-04 0.04
 
RESULTS OF THE OCCUPATION OPTIMIZATION
========================================
   1    1.9999691  -91.41628393
   2    1.9995215  -7.41811718
   3    1.9994785  -7.40938473
   4    1.9994676  -7.40166103
   5    1.9994533  -7.39394106
   6    1.9690368  -0.88394024
   7    1.9560394  -0.40615386
   8    1.0000000  -0.25598151
   9    1.0000000  -0.25597564
  10    0.0439606  -0.01624125
  11    0.0309632  -0.01431479
  12    0.0005467  -0.00536759
  13    0.0005324  -0.00531998
  14    0.0005215  -0.00525097
  15    0.0004785  -0.00492288
  16    0.0000309  -0.00572728
 
----------------
 Final Energies 
----------------
Final NOF Total Energy =    -397.5957132
 
Total Orbital Internal Iterations = 10
Total Occupation Internal Iterations = 0
 
Elapsed time:   26.85 Seconds

---------------------------------
   Lowdin Population Analysis    
---------------------------------
 Idx  Atom   Population   Charge 
---------------------------------
  1     S    16.000      -0.000

---------------------------------
   M Diagnostic: 0.04
---------------------------------

