Computing Integrals
Basis Set                                            = def2-qzvp
Auxiliary Basis Set                                  = def2-universal-jkfit
Gaussian Type                                        = Spherical
Elapsed time:    2.24 Seconds

Number of basis functions                   (NBF)    = 132
Number of auxiliary basis functions         (NBFAUX) = 343
Inactive Doubly occupied orbitals up to     (NO1)    = 0
No. considered Strongly Doubly occupied MOs (NDOC)   = 22
No. considered Strongly Singly occupied MOs (NSOC)   = 0
NO. of Weakly occ. per St. Doubly occ.  MOs (NCWO)   = 1
Dimension of the Nat. Orb. subspace         (NBF5)   = 44
No. of electrons                                     = 44
    No. of alpha electrons                           = 22
    No. of beta electrons                            = 22
Multiplicity                                         = 1

Geometry
========
Br       0.0000000       0.0000000       0.3593570
 F       0.0000000       0.0000000      -1.3974990

No violations of the orthonormality
No violations of the orthonormality
 
PNOF7/ADABelief Calculation
==================
 
  Nitext  Nit_orb  Time   Nit_occ  Time         Eelec          Etot           Ediff      maxdiff    MaxGrad_orb  Grad_occ
     1      10    1.0e+01    0    1.2e+01 -2766.94984731 -2672.06985737 -12765.94984731   0.001583   6.3e-03   1.4e-04 0.09
     2      30    2.6e+00    0    6.2e-02 -2766.94984731 -2672.06985737     0.00000000   0.001583   6.3e-03   1.4e-04 0.09
     3      50    4.8e+00    0    4.6e-02 -2766.94984731 -2672.06985737     0.00000000   0.001583   6.3e-03   1.4e-04 0.09
     4      70    6.4e+00    0    4.2e-02 -2766.94984731 -2672.06985737     0.00000000   0.001583   6.3e-03   1.4e-04 0.09
     5      90    8.9e+00    0    3.7e-02 -2766.94985508 -2672.06986514    -0.00000777   0.001277   5.1e-03   1.6e-04 0.09
     6     100    1.0e+01    0    3.1e-02 -2766.94985519 -2672.06986525    -0.00000011   0.001271   5.1e-03   1.6e-04 0.09
     7     110    1.1e+01    0    3.9e-02 -2766.94985791 -2672.06986798    -0.00000272   0.001059   4.2e-03   1.8e-04 0.09
     8     120    1.1e+01    0    6.5e-02 -2766.94985922 -2672.06986928    -0.00000131   0.001010   4.0e-03   1.8e-04 0.09
     9     130    1.3e+01    0    3.8e-02 -2766.94986076 -2672.06987083    -0.00000155   0.000907   3.6e-03   1.9e-04 0.09
 
RESULTS OF THE OCCUPATION OPTIMIZATION
========================================
   1    1.9999907  -430.86381721
   2    1.9999998  -91.82563402
   3    1.9999987  -73.19979979
   4    1.9999987  -72.75183811
   5    1.9999976  -62.02838533
   6    1.9998399  -26.33350640
   7    1.9993133  -5.65907602
   8    1.9993118  -5.65652143
   9    1.9992985  -5.64395726
  10    1.9992284  -5.56168492
  11    1.9992264  -5.55909577
  12    1.9992261  -5.55846473
  13    1.9992422  -5.19612529
  14    1.9992388  -5.19350638
  15    1.9992363  -5.19315568
  16    1.9906208  -1.01459494
  17    1.9906208  -1.01426159
  18    1.9906094  -1.01397309
  19    1.9078197  -0.72614677
  20    1.9897993  -0.67695356
  21    1.9897376  -0.67546632
  22    1.9889229  -0.65464122
  23    0.0110771  -0.00728008
  24    0.0102624  -0.00702634
  25    0.0102007  -0.00700681
  26    0.0921803  -0.05623685
  27    0.0093906  -0.01234567
  28    0.0093792  -0.01233796
  29    0.0093792  -0.01233926
  30    0.0007637  -0.00524589
  31    0.0007612  -0.00523751
  32    0.0007578  -0.00522196
  33    0.0007739  -0.00564466
  34    0.0007736  -0.00564167
  35    0.0007716  -0.00563935
  36    0.0007015  -0.00523265
  37    0.0006882  -0.00518132
  38    0.0006867  -0.00517677
  39    0.0001601  -0.00714341
  40    0.0000024  -0.00010859
  41    0.0000013  -0.00009193
  42    0.0000013  -0.00009174
  43    0.0000002  -0.00005470
  44    0.0000093  -0.00768807
 
----------------
 Final Energies 
----------------
Final NOF Total Energy =   -2672.0698708
 
Total Orbital Internal Iterations = 710
Total Occupation Internal Iterations = 0
 
Elapsed time:   96.68 Seconds

---------------------------------
   Lowdin Population Analysis    
---------------------------------
 Idx  Atom   Population   Charge 
---------------------------------
  1    Br    34.817       0.183
  2     F     9.183      -0.183

---------------------------------
   M Diagnostic: 0.09
---------------------------------

