Computing Integrals
Basis Set                                            = def2-qzvp
Auxiliary Basis Set                                  = def2-universal-jkfit
Gaussian Type                                        = Spherical
Elapsed time:    1.93 Seconds

Number of basis functions                   (NBF)    = 75
Number of auxiliary basis functions         (NBFAUX) = 266
Inactive Doubly occupied orbitals up to     (NO1)    = 0
No. considered Strongly Doubly occupied MOs (NDOC)   = 18
No. considered Strongly Singly occupied MOs (NSOC)   = 0
NO. of Weakly occ. per St. Doubly occ.  MOs (NCWO)   = 1
Dimension of the Nat. Orb. subspace         (NBF5)   = 36
No. of electrons                                     = 36
    No. of alpha electrons                           = 18
    No. of beta electrons                            = 18
Multiplicity                                         = 1

Geometry
========
Kr       0.0000000       0.0000000       0.0000000

No violations of the orthonormality
No violations of the orthonormality
 
PNOF7/ADABelief Calculation
==================
 
  Nitext  Nit_orb  Time   Nit_occ  Time         Eelec          Etot           Ediff      maxdiff    MaxGrad_orb  Grad_occ
     1      10    9.2e+00    0    1.2e+01 -2752.14853718 -2752.14853718 -12751.14853718   0.001193   4.8e-03   1.6e-04 0.01
     2      30    9.3e-02    0    9.6e-04 -2752.14853718 -2752.14853718     0.00000000   0.001193   4.8e-03   1.6e-04 0.01
     3      50    1.7e-01    0    9.7e-04 -2752.14853718 -2752.14853718     0.00000000   0.001193   4.8e-03   1.6e-04 0.01
     4      70    2.4e-01    0    1.0e-03 -2752.14853718 -2752.14853718     0.00000000   0.001193   4.8e-03   1.6e-04 0.01
     5      90    3.0e-01    0    9.8e-04 -2752.14854620 -2752.14854620    -0.00000902   0.001267   5.1e-03   1.6e-04 0.01
     6     100    3.1e-01    0    2.7e-03 -2752.14855000 -2752.14855000    -0.00000380   0.000953   3.8e-03   1.7e-04 0.01
 
RESULTS OF THE OCCUPATION OPTIMIZATION
========================================
   1    1.9999913  -456.88343496
   2    1.9999994  -84.67044330
   3    1.9999993  -82.23055004
   4    1.9999993  -81.88720585
   5    1.9999987  -72.92114661
   6    1.9994749  -6.39909501
   7    1.9994568  -6.35331761
   8    1.9994381  -6.32828296
   9    1.9994310  -6.30699899
  10    1.9993852  -6.29723019
  11    1.9993554  -6.27782981
  12    1.9993725  -5.91437591
  13    1.9993651  -5.87472736
  14    1.9993560  -5.85025453
  15    1.9915577  -0.74373654
  16    1.9915653  -0.74062080
  17    1.9912179  -0.68874478
  18    1.9892524  -0.60659395
  19    0.0107476  -0.00681255
  20    0.0087821  -0.00645429
  21    0.0084347  -0.00673798
  22    0.0084423  -0.00675411
  23    0.0006440  -0.00499658
  24    0.0006349  -0.00495836
  25    0.0006275  -0.00493494
  26    0.0006446  -0.00535398
  27    0.0006148  -0.00519444
  28    0.0005690  -0.00479294
  29    0.0005619  -0.00479491
  30    0.0005432  -0.00469224
  31    0.0005251  -0.00451676
  32    0.0000013  -0.00008179
  33    0.0000007  -0.00007254
  34    0.0000007  -0.00006856
  35    0.0000006  -0.00006635
  36    0.0000087  -0.00765304
 
----------------
 Final Energies 
----------------
Final NOF Total Energy =   -2752.1485500
 
Total Orbital Internal Iterations = 350
Total Occupation Internal Iterations = 0
 
Elapsed time:   28.31 Seconds

---------------------------------
   Lowdin Population Analysis    
---------------------------------
 Idx  Atom   Population   Charge 
---------------------------------
  1    Kr    36.000      -0.000

---------------------------------
   M Diagnostic: 0.01
---------------------------------

