Computing Integrals
Basis Set                                            = def2-qzvp
Auxiliary Basis Set                                  = def2-universal-jkfit
Gaussian Type                                        = Spherical
Elapsed time:    1.68 Seconds

Number of basis functions                   (NBF)    = 87
Number of auxiliary basis functions         (NBFAUX) = 95
Inactive Doubly occupied orbitals up to     (NO1)    = 0
No. considered Strongly Doubly occupied MOs (NDOC)   = 5
No. considered Strongly Singly occupied MOs (NSOC)   = 0
NO. of Weakly occ. per St. Doubly occ.  MOs (NCWO)   = 1
Dimension of the Nat. Orb. subspace         (NBF5)   = 10
No. of electrons                                     = 10
    No. of alpha electrons                           = 5
    No. of beta electrons                            = 5
Multiplicity                                         = 1

Geometry
========
 H       0.0000000       0.0000000       0.4578706
 F       0.0000000       0.0000000      -0.4578706

No violations of the orthonormality
No violations of the orthonormality
 
PNOF7/ADABelief Calculation
==================
 
  Nitext  Nit_orb  Time   Nit_occ  Time         Eelec          Etot           Ediff      maxdiff    MaxGrad_orb  Grad_occ
     1      10    9.1e+00    0    1.2e+01  -105.35237066  -100.15157251 -10104.35237066   0.000905   3.6e-03   1.3e-04 0.02
 
RESULTS OF THE OCCUPATION OPTIMIZATION
========================================
   1    1.9998391  -26.28264416
   2    1.9769102  -0.98746003
   3    1.9908026  -0.93412912
   4    1.9907987  -0.93378794
   5    1.9908747  -0.93124876
   6    0.0091253  -0.01199653
   7    0.0092013  -0.01206888
   8    0.0091974  -0.01205682
   9    0.0230898  -0.02412182
  10    0.0001609  -0.00716442
 
----------------
 Final Energies 
----------------
Final NOF Total Energy =    -100.1515725
 
Total Orbital Internal Iterations = 10
Total Occupation Internal Iterations = 0
 
Elapsed time:   26.96 Seconds

---------------------------------
   Lowdin Population Analysis    
---------------------------------
 Idx  Atom   Population   Charge 
---------------------------------
  1     H     1.490      -0.490
  2     F     8.510       0.490

---------------------------------
   M Diagnostic: 0.02
---------------------------------

