Computing Integrals
Basis Set                                            = def2-qzvp
Auxiliary Basis Set                                  = def2-universal-jkfit
Gaussian Type                                        = Spherical
Elapsed time:    2.21 Seconds

Number of basis functions                   (NBF)    = 174
Number of auxiliary basis functions         (NBFAUX) = 188
Inactive Doubly occupied orbitals up to     (NO1)    = 0
No. considered Strongly Doubly occupied MOs (NDOC)   = 8
No. considered Strongly Singly occupied MOs (NSOC)   = 1
NO. of Weakly occ. per St. Doubly occ.  MOs (NCWO)   = 1
Dimension of the Nat. Orb. subspace         (NBF5)   = 17
No. of electrons                                     = 17
    No. of alpha electrons                           = 9
    No. of beta electrons                            = 8
Multiplicity                                         = 2

Geometry
========
 H       0.5516878       0.1532981      -0.9593697
 C       0.1168089      -0.0888540       0.0000000
 F      -1.2201845      -0.2177423       0.0000000
 H       0.5516878       0.1532981       0.9593697

No violations of the orthonormality
No violations of the orthonormality
 
PNOF7/ADABelief Calculation
==================
 
  Nitext  Nit_orb  Time   Nit_occ  Time         Eelec          Etot           Ediff      maxdiff    MaxGrad_orb  Grad_occ
     1      10    9.6e+00    0    1.2e+01  -170.69303713  -138.61843176 -10169.69303713   0.000457   1.8e-03   7.5e-05 0.03
 
RESULTS OF THE OCCUPATION OPTIMIZATION
========================================
   1    1.9998385  -26.29209680
   2    1.9995269  -11.28802125
   3    1.9909196  -0.97689053
   4    1.9911027  -0.97674471
   5    1.9902070  -0.96006121
   6    1.9672074  -0.93607980
   7    1.9728585  -0.73965951
   8    1.9728552  -0.73960893
   9    1.0000000  -0.20861699
  10    0.0271448  -0.01936186
  11    0.0271415  -0.01936018
  12    0.0327926  -0.03058359
  13    0.0097930  -0.01176677
  14    0.0088973  -0.01174569
  15    0.0090804  -0.01166677
  16    0.0004731  -0.00869979
  17    0.0001615  -0.00719161
 
----------------
 Final Energies 
----------------
Final NOF Total Energy =    -138.6184318
 
Total Orbital Internal Iterations = 10
Total Occupation Internal Iterations = 0
 
Elapsed time:   27.67 Seconds

---------------------------------
   Lowdin Population Analysis    
---------------------------------
 Idx  Atom   Population   Charge 
---------------------------------
  1     H     1.157      -0.157
  2     C     5.991       0.009
  3     F     8.695       0.305
  4     H     1.157      -0.157

---------------------------------
   M Diagnostic: 0.03
---------------------------------

