Computing Integrals
Basis Set                                            = def2-qzvp
Auxiliary Basis Set                                  = def2-universal-jkfit
Gaussian Type                                        = Spherical
Elapsed time:    1.82 Seconds

Number of basis functions                   (NBF)    = 113
Number of auxiliary basis functions         (NBFAUX) = 237
Inactive Doubly occupied orbitals up to     (NO1)    = 0
No. considered Strongly Doubly occupied MOs (NDOC)   = 14
No. considered Strongly Singly occupied MOs (NSOC)   = 0
NO. of Weakly occ. per St. Doubly occ.  MOs (NCWO)   = 7
Dimension of the Nat. Orb. subspace         (NBF5)   = 112
No. of electrons                                     = 28
    No. of alpha electrons                           = 14
    No. of beta electrons                            = 14
Multiplicity                                         = 1

Geometry
========
Ca       0.0000000       0.0000000      -0.8987290
 O       0.0000000       0.0000000       0.8987290

No violations of the orthonormality
No violations of the orthonormality
 
PNOF8/ADAM Calculation
==================
 
  Nitext  Nit_orb  Time   Nit_occ  Time         Eelec          Etot           Ediff      maxdiff    MaxGrad_orb  Grad_occ
     1      10    1.0e+01   28    1.2e+01  -769.38734700  -722.28294728 -10768.38734700   3.593720   1.4e+01   2.1e-04 0.01
     2      10    9.0e-01   74    6.9e-01  -783.18160639  -736.07720667   -13.79425939   5.456163   2.2e+01   1.6e-02 0.04
     3      10    1.2e+00   58    4.7e-01  -791.52011185  -744.41571213    -8.33850546   0.816775   3.3e+00   2.0e-04 0.05
     4      10    1.2e+00   39    3.2e-01  -794.64139084  -747.53699112    -3.12127899   0.630059   2.5e+00   2.7e-04 0.05
     5      10    1.1e+00   26    2.3e-01  -796.25727349  -749.15287377    -1.61588265   0.462318   1.8e+00   2.6e-04 0.05
     6      10    1.1e+00   37    3.3e-01  -797.51137359  -750.40697388    -1.25410010   0.334376   1.3e+00   2.2e-04 0.05
     7      10    1.2e+00   22    1.9e-01  -798.17255838  -751.06815866    -0.66118479   0.262071   1.0e+00   2.7e-04 0.05
     8      10    1.3e+00   24    2.3e-01  -798.44911659  -751.34471687    -0.27655821   0.268644   1.1e+00   2.0e-04 0.04
     9      10    1.2e+00   13    1.4e-01  -798.65625165  -751.55185193    -0.20713506   0.268396   1.1e+00   2.8e-04 0.04
    10      10    1.2e+00   17    1.6e-01  -798.78127259  -751.67687287    -0.12502094   0.230131   9.2e-01   2.1e-04 0.04
    11      10    1.0e+00    7    5.2e-02  -798.90144291  -751.79704319    -0.12017031   0.236822   9.5e-01   2.1e-04 0.04
    12      10    1.1e+00   10    1.0e-01  -798.93251548  -751.82811576    -0.03107257   0.252857   1.0e+00   2.6e-04 0.04
    13      10    1.1e+00   10    1.2e-01  -799.03531020  -751.93091048    -0.10279472   0.330095   1.3e+00   2.7e-04 0.04
    14      10    1.2e+00    7    1.4e-01  -799.14208051  -752.03768079    -0.10677031   0.447272   1.8e+00   2.6e-04 0.05
    15      10    1.3e+00    9    1.3e-01  -799.16066075  -752.05626103    -0.01858024   0.280167   1.1e+00   2.6e-04 0.05
    16      10    1.4e+00    6    6.2e-02  -799.21140102  -752.10700130    -0.05074027   0.320085   1.3e+00   1.9e-04 0.05
    17      10    1.1e+00    0    6.3e-02  -799.21150989  -752.10711017    -0.00010887   0.320085   1.3e+00   1.9e-04 0.05
    18      30    3.4e+00    9    6.1e-02  -799.37471538  -752.27031566    -0.16320549   0.039372   1.6e-01   2.5e-04 0.04
    19      30    3.2e+00    9    1.5e-01  -799.41253147  -752.30813175    -0.03781609   0.023633   9.5e-02   2.7e-04 0.04
    20      30    3.4e+00    9    1.3e-01  -799.42428527  -752.31988555    -0.01175379   0.010741   4.3e-02   2.6e-04 0.04
    21      30    3.2e+00    9    1.5e-01  -799.42881352  -752.32441380    -0.00452825   0.010588   4.2e-02   2.4e-04 0.04
    22      30    3.5e+00    4    7.9e-02  -799.43036576  -752.32596604    -0.00155224   0.010623   4.2e-02   2.2e-04 0.04
    23      30    3.1e+00    9    1.2e-01  -799.43111155  -752.32671183    -0.00074579   0.009988   4.0e-02   2.8e-04 0.04
    24      30    3.6e+00    4    3.6e-02  -799.43224160  -752.32784188    -0.00113005   0.009732   3.9e-02   2.2e-04 0.04
    25      30    3.3e+00    7    6.8e-02  -799.43353595  -752.32913623    -0.00129435   0.008831   3.5e-02   2.4e-04 0.04
    26      30    3.3e+00   13    1.3e-01  -799.43493375  -752.33053403    -0.00139780   0.009320   3.7e-02   2.4e-04 0.04
    27      30    3.6e+00    4    6.3e-02  -799.43617556  -752.33177584    -0.00124181   0.008826   3.5e-02   2.3e-04 0.04
    28      30    3.4e+00    4    4.9e-02  -799.43706578  -752.33266606    -0.00089022   0.008258   3.3e-02   2.6e-04 0.04
    29      30    3.3e+00    6    1.1e-01  -799.43762996  -752.33323024    -0.00056418   0.008474   3.4e-02   2.6e-04 0.04
    30      30    3.4e+00    4    1.3e-01  -799.43808031  -752.33368059    -0.00045035   0.007977   3.2e-02   2.1e-04 0.04
    31      30    3.4e+00    6    1.1e-01  -799.43831478  -752.33391506    -0.00023448   0.008527   3.4e-02   2.2e-04 0.04
    32      30    3.5e+00    4    5.7e-02  -799.43862289  -752.33422317    -0.00030811   0.008797   3.5e-02   2.2e-04 0.04
    33      30    3.2e+00    6    9.7e-02  -799.43883195  -752.33443224    -0.00020906   0.009183   3.7e-02   1.7e-04 0.04
    34      30    3.6e+00    6    9.5e-02  -799.43909627  -752.33469655    -0.00026431   0.008914   3.6e-02   1.5e-04 0.04
    35      30    3.7e+00    6    1.2e-01  -799.43922474  -752.33482502    -0.00012847   0.009536   3.8e-02   1.5e-04 0.04
    36      30    3.7e+00    6    4.0e-02  -799.43934853  -752.33494881    -0.00012379   0.011587   4.6e-02   1.4e-04 0.04
    37      30    3.3e+00    6    9.5e-02  -799.43949079  -752.33509107    -0.00014226   0.010103   4.0e-02   1.4e-04 0.04
    38      30    3.4e+00    6    1.2e-01  -799.43960735  -752.33520763    -0.00011656   0.011580   4.6e-02   1.4e-04 0.04
    39      30    3.4e+00    6    9.8e-02  -799.43976196  -752.33536224    -0.00015461   0.010010   4.0e-02   1.4e-04 0.04
    40      30    3.4e+00    6    1.2e-01  -799.43987421  -752.33547449    -0.00011225   0.011434   4.6e-02   1.6e-04 0.04
 
RESULTS OF THE OCCUPATION OPTIMIZATION
========================================
   1    1.9999998  -149.23411424
   2    1.9999817  -16.70873957
   3    1.9999715  -15.92381737
   4    1.9999724  -15.74146679
   5    1.9999718  -15.70432510
   6    1.9999207  -13.48911806
   7    1.9874447  -2.11903603
   8    1.9736351  -1.21515357
   9    1.9726971  -1.21124070
  10    1.9794384  -1.11483320
  11    1.9746989  -1.01870533
  12    1.9630751  -0.53801952
  13    1.9609934  -0.36070543
  14    1.9605585  -0.33465859
  15    0.0296136  -0.03774829
  16    0.0334199  -0.04149675
  17    0.0319764  -0.04887135
  18    0.0126406  -0.02370086
  19    0.0087062  -0.02130178
  20    0.0226129  -0.04087980
  21    0.0247005  -0.04304806
  22    0.0074522  -0.03389616
  23    0.0000642  -0.00420019
  24    0.0000057  -0.00008615
  25    0.0000064  -0.00009489
  26    0.0000074  -0.00019436
  27    0.0000108  -0.00147865
  28    0.0000000  -0.00000007
  29    0.0042536  -0.00745399
  30    0.0044193  -0.00766767
  31    0.0035714  -0.00695088
  32    0.0110495  -0.02117811
  33    0.0051137  -0.01173514
  34    0.0031805  -0.00672025
  35    0.0011887  -0.00296449
  36    0.0022977  -0.00941849
  37    0.0000075  -0.00024896
  38    0.0000053  -0.00008485
  39    0.0000060  -0.00009171
  40    0.0000056  -0.00009204
  41    0.0000036  -0.00009343
  42    0.0000000  -0.00000005
  43    0.0038983  -0.00695626
  44    0.0003846  -0.00091816
  45    0.0007922  -0.00195904
  46    0.0009676  -0.00399439
  47    0.0030734  -0.00701147
  48    0.0011165  -0.00287941
  49    0.0002597  -0.00076927
  50    0.0014705  -0.00463935
  51    0.0000042  -0.00009151
  52    0.0000047  -0.00007438
  53    0.0000048  -0.00007639
  54    0.0000053  -0.00008045
  55    0.0000012  -0.00000494
  56    0.0000000  -0.00000003
  57    0.0008368  -0.00208349
  58    0.0002806  -0.00079544
  59    0.0002356  -0.00075870
  60    0.0002981  -0.00091441
  61    0.0017173  -0.00469767
  62    0.0001834  -0.00058769
  63    0.0001086  -0.00033585
  64    0.0006878  -0.01047256
  65    0.0000014  -0.00000672
  66    0.0000043  -0.00007020
  67    0.0000047  -0.00008439
  68    0.0000037  -0.00006509
  69    0.0000011  -0.00000473
  70    0.0000000  -0.00000001
  71    0.0005492  -0.00140151
  72    0.0002667  -0.00075991
  73    0.0002262  -0.00067780
  74    0.0001989  -0.00070339
  75    0.0012789  -0.00401318
  76    0.0001046  -0.00032503
  77    0.0000732  -0.00023068
  78    0.0004428  -0.00464346
  79    0.0000008  -0.00000187
  80    0.0000043  -0.00010262
  81    0.0000035  -0.00009537
  82    0.0000030  -0.00007498
  83    0.0000006  -0.00000125
  84    0.0000000  -0.00000001
  85    0.0002639  -0.00075015
  86    0.0001522  -0.00037429
  87    0.0001028  -0.00022385
  88    0.0001197  -0.00038176
  89    0.0004013  -0.00134579
  90    0.0000903  -0.00029702
  91    0.0000178  -0.00011979
  92    0.0001351  -0.00105514
  93    0.0000007  -0.00000124
  94    0.0000020  -0.00001226
  95    0.0000015  -0.00000783
  96    0.0000024  -0.00001785
  97    0.0000006  -0.00000050
  98    0.0000000  -0.00000001
  99    0.0000260  -0.00007801
 100    0.0000832  -0.00020182
 101    0.0000203  -0.00010794
 102    0.0000266  -0.00015210
 103    0.0002707  -0.00090975
 104    0.0000148  -0.00010821
 105    0.0000164  -0.00011559
 106    0.0000693  -0.00095731
 107    0.0000005  -0.00000051
 108    0.0000020  -0.00000985
 109    0.0000009  -0.00000321
 110    0.0000012  -0.00000965
 111    0.0000003  -0.00003464
 112    0.0000000  -0.00000000
 
----------------
 Final Energies 
----------------
Final NOF Total Energy =    -752.3354745
 
Total Orbital Internal Iterations = 860
Total Occupation Internal Iterations = 536
 
Elapsed time:  134.83 Seconds

---------------------------------
   Lowdin Population Analysis    
---------------------------------
 Idx  Atom   Population   Charge 
---------------------------------
  1    Ca    19.341       0.659
  2     O     8.659      -0.659

---------------------------------
   M Diagnostic: 0.04
---------------------------------

