Computing Integrals
Basis Set                                            = def2-qzvp
Auxiliary Basis Set                                  = def2-universal-jkfit
Gaussian Type                                        = Spherical
Elapsed time:    1.70 Seconds

Number of basis functions                   (NBF)    = 144
Number of auxiliary basis functions         (NBFAUX) = 170
Inactive Doubly occupied orbitals up to     (NO1)    = 0
No. considered Strongly Doubly occupied MOs (NDOC)   = 7
No. considered Strongly Singly occupied MOs (NSOC)   = 0
NO. of Weakly occ. per St. Doubly occ.  MOs (NCWO)   = 19
Dimension of the Nat. Orb. subspace         (NBF5)   = 140
No. of electrons                                     = 14
    No. of alpha electrons                           = 7
    No. of beta electrons                            = 7
Multiplicity                                         = 1

Geometry
========
 C       0.0000000       0.0000000      -1.1111819
 N       0.0000000       0.0000000       0.0581559
 H       0.0000000       0.0000000       1.0530260

No violations of the orthonormality
No violations of the orthonormality
 
PNOF8/ADAM Calculation
==================
 
  Nitext  Nit_orb  Time   Nit_occ  Time         Eelec          Etot           Ediff      maxdiff    MaxGrad_orb  Grad_occ
     1      10    1.0e+01   20    1.2e+01  -109.79379786   -85.59656533 -10108.79379786   0.743431   3.0e+00   2.3e-04 0.01
     2      10    1.2e+00   69    1.0e+00  -113.55448108   -89.35724854    -3.76068322   0.466477   1.9e+00   2.2e-04 0.03
     3      10    1.1e+00   32    4.3e-01  -115.29336023   -91.09612770    -1.73887915   0.358997   1.4e+00   2.0e-04 0.03
     4      10    1.5e+00   30    4.6e-01  -116.19029296   -91.99306042    -0.89693273   0.480187   1.9e+00   2.1e-04 0.03
     5      10    1.2e+00   14    2.6e-01  -116.57361871   -92.37638617    -0.38332575   0.164476   6.6e-01   1.8e-04 0.03
     6      10    1.3e+00   13    2.7e-01  -116.79789870   -92.60066616    -0.22427999   0.142148   5.7e-01   2.6e-04 0.04
     7      10    1.3e+00   10    2.1e-01  -116.87382947   -92.67659693    -0.07593077   0.137056   5.5e-01   2.7e-04 0.04
     8      10    1.2e+00   13    2.1e-01  -116.96717198   -92.76993945    -0.09334252   0.132422   5.3e-01   2.1e-04 0.04
     9      10    1.4e+00    9    1.4e-01  -117.06596079   -92.86872825    -0.09878881   0.137949   5.5e-01   2.3e-04 0.04
    10      10    1.3e+00   14    2.5e-01  -117.15884606   -92.96161352    -0.09288527   0.137031   5.5e-01   1.9e-04 0.04
    11      10    1.2e+00    9    1.7e-01  -117.23581268   -93.03858015    -0.07696662   0.123840   5.0e-01   1.5e-04 0.04
    12      10    1.4e+00    6    1.2e-01  -117.27380361   -93.07657107    -0.03799092   0.118229   4.7e-01   2.0e-04 0.04
    13      10    1.3e+00    7    1.4e-01  -117.31419146   -93.11695892    -0.04038785   0.104627   4.2e-01   2.5e-04 0.04
    14      10    1.5e+00    7    1.4e-01  -117.35002492   -93.15279238    -0.03583346   0.105836   4.2e-01   2.2e-04 0.04
    15      10    1.2e+00    9    1.5e-01  -117.40925432   -93.21202178    -0.05922940   0.126718   5.1e-01   2.2e-04 0.04
    16      10    1.2e+00    0    6.8e-02  -117.40937030   -93.21213776    -0.00011598   0.126721   5.1e-01   2.2e-04 0.04
    17      30    3.5e+00    8    1.5e-01  -117.49575035   -93.29851782    -0.08638006   0.038109   1.5e-01   2.0e-04 0.04
    18      30    3.6e+00    8    1.6e-01  -117.50815383   -93.31092129    -0.01240348   0.017721   7.1e-02   1.8e-04 0.04
    19      30    4.0e+00    3    1.0e-01  -117.51074915   -93.31351661    -0.00259532   0.005837   2.3e-02   1.5e-04 0.04
    20      30    3.5e+00    6    7.2e-02  -117.51111142   -93.31387888    -0.00036227   0.005495   2.2e-02   2.2e-04 0.04
    21      30    3.6e+00    3    6.0e-02  -117.51123640   -93.31400386    -0.00012498   0.005601   2.2e-02   1.8e-04 0.04
    22      30    3.7e+00    5    1.5e-01  -117.51136221   -93.31412968    -0.00012581   0.011002   4.4e-02   2.4e-04 0.04
    23      30    3.9e+00    3    1.5e-01  -117.51143532   -93.31420278    -0.00007310   0.005117   2.0e-02   2.1e-04 0.04
    24      30    3.6e+00    8    1.6e-01  -117.51151174   -93.31427920    -0.00007642   0.004555   1.8e-02   1.9e-04 0.04
    25      30    3.6e+00    4    1.4e-01  -117.51164165   -93.31440911    -0.00012991   0.005153   2.1e-02   1.9e-04 0.04
    26      30    3.7e+00    1    8.2e-02  -117.51177523   -93.31454269    -0.00013358   0.004599   1.8e-02   2.3e-04 0.04
    27      30    3.8e+00    7    1.4e-01  -117.51179499   -93.31456245    -0.00001976   0.005436   2.2e-02   1.8e-04 0.04
    28      30    3.8e+00    4    1.1e-01  -117.51201791   -93.31478537    -0.00022292   0.004124   1.6e-02   1.9e-04 0.04
    29      30    3.7e+00    1    7.8e-02  -117.51203416   -93.31480162    -0.00001625   0.004852   1.9e-02   1.9e-04 0.04
    30      30    3.8e+00    1    3.3e-02  -117.51209539   -93.31486286    -0.00006123   0.005044   2.0e-02   2.3e-04 0.04
    31      30    3.7e+00    7    1.9e-01  -117.51213788   -93.31490535    -0.00004249   0.004970   2.0e-02   1.6e-04 0.04
    32      30    3.6e+00    1    3.2e-02  -117.51220305   -93.31497051    -0.00006517   0.005417   2.2e-02   1.4e-04 0.04
    33      30    3.7e+00    0    4.1e-02  -117.51220375   -93.31497121    -0.00000069   0.005417   2.2e-02   1.4e-04 0.04
    34      50    6.2e+00    3    9.0e-02  -117.51260859   -93.31537605    -0.00040484   0.000809   3.2e-03   1.6e-04 0.04
 
RESULTS OF THE OCCUPATION OPTIMIZATION
========================================
   1    1.9999741  -13.90724721
   2    1.9999741  -13.01311327
   3    1.9787573  -1.19974436
   4    1.9804329  -0.91330485
   5    1.9722060  -0.60855095
   6    1.9591153  -0.55303769
   7    1.9623496  -0.54459650
   8    0.0320425  -0.03682303
   9    0.0326174  -0.03740015
  10    0.0140613  -0.02327415
  11    0.0073955  -0.01532020
  12    0.0153200  -0.02633372
  13    0.0000091  -0.00025394
  14    0.0000127  -0.00039872
  15    0.0030434  -0.00549374
  16    0.0038509  -0.00623803
  17    0.0050797  -0.01034321
  18    0.0050026  -0.00890174
  19    0.0043919  -0.00881201
  20    0.0000033  -0.00003677
  21    0.0000047  -0.00005054
  22    0.0005553  -0.00138739
  23    0.0036621  -0.00594015
  24    0.0031404  -0.00609779
  25    0.0018573  -0.00478873
  26    0.0005284  -0.00246911
  27    0.0000027  -0.00003037
  28    0.0000036  -0.00003857
  29    0.0005499  -0.00132166
  30    0.0001895  -0.00049210
  31    0.0016019  -0.00337416
  32    0.0013978  -0.00574444
  33    0.0003728  -0.00225951
  34    0.0000024  -0.00002854
  35    0.0000008  -0.00004662
  36    0.0003372  -0.00084278
  37    0.0001264  -0.00032286
  38    0.0015983  -0.00334593
  39    0.0008879  -0.00316768
  40    0.0001947  -0.00092020
  41    0.0000014  -0.00003237
  42    0.0000006  -0.00000530
  43    0.0002846  -0.00070076
  44    0.0001017  -0.00026009
  45    0.0008632  -0.00203434
  46    0.0008652  -0.00189879
  47    0.0000938  -0.00036276
  48    0.0000012  -0.00001109
  49    0.0000006  -0.00000797
  50    0.0002655  -0.00064510
  51    0.0000859  -0.00024984
  52    0.0005652  -0.00153343
  53    0.0005959  -0.00198923
  54    0.0000872  -0.00035557
  55    0.0000008  -0.00001373
  56    0.0000004  -0.00000312
  57    0.0002615  -0.00063262
  58    0.0000733  -0.00021856
  59    0.0002648  -0.00072986
  60    0.0005920  -0.00232877
  61    0.0000834  -0.00066190
  62    0.0000007  -0.00000706
  63    0.0000003  -0.00000148
  64    0.0001297  -0.00031315
  65    0.0000659  -0.00021189
  66    0.0002066  -0.00054889
  67    0.0003397  -0.00095183
  68    0.0000429  -0.00018136
  69    0.0000006  -0.00000571
  70    0.0000003  -0.00000185
  71    0.0000686  -0.00023883
  72    0.0000363  -0.00011489
  73    0.0001393  -0.00043801
  74    0.0001233  -0.00064208
  75    0.0000334  -0.00013568
  76    0.0000006  -0.00000616
  77    0.0000003  -0.00000137
  78    0.0000268  -0.00010638
  79    0.0000153  -0.00005898
  80    0.0000996  -0.00026875
  81    0.0001197  -0.00041541
  82    0.0000220  -0.00009891
  83    0.0000005  -0.00002085
  84    0.0000003  -0.00000143
  85    0.0000195  -0.00007780
  86    0.0000127  -0.00005310
  87    0.0000461  -0.00015294
  88    0.0000964  -0.00031105
  89    0.0000184  -0.00009423
  90    0.0000005  -0.00000993
  91    0.0000002  -0.00000095
  92    0.0000156  -0.00005992
  93    0.0000118  -0.00005555
  94    0.0000349  -0.00013259
  95    0.0000962  -0.00033638
  96    0.0000144  -0.00006892
  97    0.0000004  -0.00000293
  98    0.0000002  -0.00000106
  99    0.0000135  -0.00005635
 100    0.0000102  -0.00004417
 101    0.0000232  -0.00008920
 102    0.0000740  -0.00042813
 103    0.0000125  -0.00006715
 104    0.0000004  -0.00000303
 105    0.0000002  -0.00000068
 106    0.0000103  -0.00004502
 107    0.0000067  -0.00003221
 108    0.0000211  -0.00008578
 109    0.0000411  -0.00022696
 110    0.0000100  -0.00005601
 111    0.0000003  -0.00000355
 112    0.0000002  -0.00000071
 113    0.0000100  -0.00004501
 114    0.0000064  -0.00003192
 115    0.0000194  -0.00007778
 116    0.0000299  -0.00013364
 117    0.0000071  -0.00003886
 118    0.0000003  -0.00000272
 119    0.0000002  -0.00000055
 120    0.0000078  -0.00003373
 121    0.0000056  -0.00002149
 122    0.0000171  -0.00006939
 123    0.0000264  -0.00009690
 124    0.0000043  -0.00003001
 125    0.0000002  -0.00000094
 126    0.0000001  -0.00000055
 127    0.0000052  -0.00002316
 128    0.0000036  -0.00001562
 129    0.0000062  -0.00003473
 130    0.0000156  -0.00007431
 131    0.0000028  -0.00001892
 132    0.0000002  -0.00000131
 133    0.0000001  -0.00000052
 134    0.0000034  -0.00001914
 135    0.0000030  -0.00001579
 136    0.0000057  -0.00003391
 137    0.0000104  -0.00006546
 138    0.0000025  -0.00001693
 139    0.0000002  -0.00000085
 140    0.0000001  -0.00000031
 
----------------
 Final Energies 
----------------
Final NOF Total Energy =     -93.3153760
 
Total Orbital Internal Iterations = 720
Total Occupation Internal Iterations = 335
 
Elapsed time:  128.00 Seconds

---------------------------------
   Lowdin Population Analysis    
---------------------------------
 Idx  Atom   Population   Charge 
---------------------------------
  1     C     6.193      -0.193
  2     N     6.593       0.407
  3     H     1.214      -0.214

---------------------------------
   M Diagnostic: 0.04
---------------------------------

