Computing Integrals
Basis Set                                            = def2-qzvp
Auxiliary Basis Set                                  = def2-universal-jkfit
Gaussian Type                                        = Spherical
Elapsed time:    1.90 Seconds

Number of basis functions                   (NBF)    = 117
Number of auxiliary basis functions         (NBFAUX) = 113
Inactive Doubly occupied orbitals up to     (NO1)    = 0
No. considered Strongly Doubly occupied MOs (NDOC)   = 5
No. considered Strongly Singly occupied MOs (NSOC)   = 1
NO. of Weakly occ. per St. Doubly occ.  MOs (NCWO)   = 22
Dimension of the Nat. Orb. subspace         (NBF5)   = 116
No. of electrons                                     = 11
    No. of alpha electrons                           = 6
    No. of beta electrons                            = 5
Multiplicity                                         = 2

Geometry
========
 H       0.1465678      -0.2472646       0.0000000
 F       0.0000000       1.2115485       0.0000000
 H      -0.1465678      -0.9642839       0.0000000

No violations of the orthonormality
No violations of the orthonormality
 
PNOF8/ADAM Calculation
==================
 
  Nitext  Nit_orb  Time   Nit_occ  Time         Eelec          Etot           Ediff      maxdiff    MaxGrad_orb  Grad_occ
     1      10    9.8e+00   23    1.2e+01   -99.78177442   -93.66638443 -10098.78177442   0.887872   3.6e+00   1.2e-04 0.00
     2      10    6.3e-01   75    7.4e-01  -103.69228829   -97.57689829    -3.91051387   0.522108   2.1e+00   1.5e-04 0.02
     3      10    1.0e+00   26    2.7e-01  -105.27541115   -99.16002116    -1.58312286   1.115276   4.5e+00   2.3e-04 0.02
     4      10    9.7e-01   36    3.2e-01  -105.93382827   -99.81843828    -0.65841712   0.382409   1.5e+00   2.0e-04 0.03
     5      10    9.8e-01   27    2.9e-01  -106.29060074  -100.17521075    -0.35677247   0.168416   6.7e-01   2.0e-04 0.03
     6      10    9.6e-01   12    1.8e-01  -106.51520809  -100.39981809    -0.22460735   0.129410   5.2e-01   1.6e-04 0.03
     7      10    9.7e-01   11    1.3e-01  -106.62738682  -100.51199682    -0.11217873   0.108071   4.3e-01   2.2e-04 0.03
     8      10    1.0e+00   12    1.7e-01  -106.73354182  -100.61815182    -0.10615500   0.130799   5.2e-01   1.8e-04 0.03
     9      10    1.1e+00    8    1.2e-01  -106.77673092  -100.66134092    -0.04318910   0.107249   4.3e-01   2.2e-04 0.03
    10      10    8.0e-01    9    1.7e-01  -106.81490078  -100.69951078    -0.03816986   0.120890   4.8e-01   2.3e-04 0.03
    11      10    9.3e-01   12    1.7e-01  -106.84755205  -100.73216205    -0.03265126   0.106575   4.3e-01   1.5e-04 0.03
    12      10    8.7e-01    7    1.5e-01  -106.87198681  -100.75659682    -0.02443477   0.101624   4.1e-01   1.5e-04 0.03
    13      10    9.0e-01    7    1.8e-01  -106.89543670  -100.78004671    -0.02344989   0.084472   3.4e-01   1.9e-04 0.03
    14      10    9.2e-01    5    1.2e-01  -106.90928807  -100.79389807    -0.01385136   0.105923   4.2e-01   2.9e-04 0.03
    15      10    8.3e-01    7    1.2e-01  -106.92043189  -100.80504189    -0.01114382   0.123322   4.9e-01   2.3e-04 0.03
    16      10    8.4e-01   10    1.4e-01  -106.92471528  -100.80932528    -0.00428339   0.130547   5.2e-01   1.1e-04 0.03
    17      10    1.1e+00    3    6.0e-02  -106.92523917  -100.80984917    -0.00052389   0.167791   6.7e-01   2.8e-04 0.03
    18      10    1.1e+00    5    8.3e-02  -106.92700780  -100.81161780    -0.00176863   0.153580   6.1e-01   2.1e-04 0.03
    19      10    1.0e+00    5    3.9e-02  -106.92782044  -100.81243045    -0.00081265   0.160779   6.4e-01   2.0e-04 0.03
    20      10    1.0e+00    3    8.2e-02  -106.92892971  -100.81353971    -0.00110927   0.294050   1.2e+00   1.6e-04 0.03
    21      10    1.2e+00   10    1.5e-01  -106.92899692  -100.81360693    -0.00006721   0.103946   4.2e-01   1.5e-04 0.03
    22      10    1.1e+00    6    1.7e-01  -106.93436552  -100.81897552    -0.00536859   0.123822   5.0e-01   1.4e-04 0.03
    23      10    9.1e-01    0    5.1e-02  -106.93442313  -100.81903314    -0.00005762   0.123822   5.0e-01   1.4e-04 0.03
    24      30    3.3e+00    3    7.6e-02  -106.94294365  -100.82755366    -0.00852052   0.009194   3.7e-02   1.7e-04 0.03
    25      30    3.1e+00    3    1.6e-01  -106.94451209  -100.82912209    -0.00156843   0.002669   1.1e-02   2.1e-04 0.03
    26      30    3.0e+00    3    9.1e-02  -106.94551877  -100.83012877    -0.00100668   0.003286   1.3e-02   2.4e-04 0.03
    27      30    2.7e+00    3    7.9e-02  -106.94625879  -100.83086879    -0.00074002   0.004209   1.7e-02   2.7e-04 0.03
    28      30    2.8e+00    8    1.3e-01  -106.94689204  -100.83150204    -0.00063325   0.003609   1.4e-02   1.3e-04 0.03
    29      30    2.9e+00    3    5.2e-02  -106.94737517  -100.83198517    -0.00048313   0.002696   1.1e-02   1.4e-04 0.03
    30      30    3.4e+00    3    8.3e-02  -106.94764094  -100.83225095    -0.00026577   0.003024   1.2e-02   1.6e-04 0.03
    31      30    2.8e+00    7    1.2e-01  -106.94781709  -100.83242709    -0.00017615   0.002987   1.2e-02   1.4e-04 0.03
    32      30    2.9e+00    3    1.4e-01  -106.94793890  -100.83254890    -0.00012181   0.002978   1.2e-02   1.4e-04 0.03
    33      30    3.0e+00    3    1.0e-01  -106.94801416  -100.83262416    -0.00007526   0.002415   9.7e-03   2.0e-04 0.03
    34      30    3.4e+00    5    5.7e-02  -106.94803583  -100.83264583    -0.00002167   0.002755   1.1e-02   1.7e-04 0.03
    35      30    3.3e+00    1    5.7e-02  -106.94806608  -100.83267608    -0.00003025   0.002741   1.1e-02   1.9e-04 0.03
    36      30    2.7e+00    0    4.0e-02  -106.94806703  -100.83267703    -0.00000095   0.002741   1.1e-02   1.9e-04 0.03
    37      32    2.8e+00    0    7.2e-02  -106.94813598  -100.83274598    -0.00006895   0.000490   2.0e-03   1.8e-04 0.03
 
RESULTS OF THE OCCUPATION OPTIMIZATION
========================================
   1    1.9999886  -26.42136349
   2    1.9857746  -1.62199834
   3    1.9767473  -0.74983703
   4    1.9755494  -0.74902516
   5    1.9617981  -0.66721188
   6    1.0000000  -0.40800820
   7    0.0257165  -0.02005601
   8    0.0122092  -0.02088195
   9    0.0119098  -0.02072738
  10    0.0089021  -0.02304771
  11    0.0000088  -0.00040554
  12    0.0043927  -0.00428846
  13    0.0043127  -0.00929377
  14    0.0047045  -0.01052880
  15    0.0031100  -0.00764973
  16    0.0000007  -0.00000801
  17    0.0036985  -0.00353825
  18    0.0034501  -0.00753025
  19    0.0043741  -0.00949627
  20    0.0008317  -0.00302371
  21    0.0000004  -0.00004361
  22    0.0035182  -0.00333042
  23    0.0024331  -0.00594598
  24    0.0006974  -0.00524151
  25    0.0003248  -0.00123076
  26    0.0000002  -0.00000124
  27    0.0002037  -0.00038712
  28    0.0008351  -0.00283279
  29    0.0003728  -0.00130614
  30    0.0003067  -0.00118544
  31    0.0000002  -0.00000113
  32    0.0001697  -0.00036789
  33    0.0003058  -0.00106708
  34    0.0002809  -0.00087964
  35    0.0002933  -0.00115924
  36    0.0000002  -0.00000060
  37    0.0001464  -0.00026637
  38    0.0002541  -0.00088537
  39    0.0002402  -0.00083272
  40    0.0001756  -0.00073912
  41    0.0000002  -0.00000068
  42    0.0000947  -0.00016756
  43    0.0002278  -0.00076672
  44    0.0002352  -0.00082351
  45    0.0001177  -0.00177109
  46    0.0000001  -0.00000017
  47    0.0000746  -0.00013321
  48    0.0002135  -0.00072359
  49    0.0002329  -0.00079334
  50    0.0000379  -0.00020048
  51    0.0000001  -0.00000015
  52    0.0000654  -0.00012057
  53    0.0000591  -0.00019223
  54    0.0000662  -0.00023166
  55    0.0000241  -0.00014658
  56    0.0000001  -0.00000017
  57    0.0000306  -0.00006330
  58    0.0000241  -0.00010994
  59    0.0000359  -0.00010151
  60    0.0000209  -0.00015927
  61    0.0000001  -0.00000005
  62    0.0000153  -0.00007329
  63    0.0000220  -0.00010295
  64    0.0000190  -0.00010427
  65    0.0000186  -0.00012539
  66    0.0000001  0.00000008
  67    0.0000132  -0.00008319
  68    0.0000189  -0.00009712
  69    0.0000177  -0.00009807
  70    0.0000185  -0.00012340
  71    0.0000001  0.00000004
  72    0.0000128  -0.00007974
  73    0.0000175  -0.00012248
  74    0.0000158  -0.00009028
  75    0.0000160  -0.00010562
  76    0.0000000  0.00000013
  77    0.0000117  -0.00007061
  78    0.0000161  -0.00009122
  79    0.0000145  -0.00008540
  80    0.0000127  -0.00009702
  81    0.0000000  0.00000011
  82    0.0000105  -0.00006733
  83    0.0000148  -0.00007359
  84    0.0000121  -0.00007768
  85    0.0000051  -0.00004182
  86    0.0000000  0.00000010
  87    0.0000104  -0.00006713
  88    0.0000122  -0.00007233
  89    0.0000115  -0.00007358
  90    0.0000020  -0.00000960
  91    0.0000000  0.00000006
  92    0.0000067  -0.00003937
  93    0.0000102  -0.00005539
  94    0.0000043  -0.00002375
  95    0.0000019  -0.00000684
  96    0.0000000  0.00000008
  97    0.0000050  -0.00001784
  98    0.0000072  -0.00003719
  99    0.0000026  -0.00001460
 100    0.0000018  -0.00000497
 101    0.0000000  0.00000006
 102    0.0000027  -0.00000393
 103    0.0000035  -0.00001652
 104    0.0000024  -0.00001154
 105    0.0000018  -0.00000463
 106    0.0000000  0.00000006
 107    0.0000019  -0.00000077
 108    0.0000023  -0.00001113
 109    0.0000020  -0.00000788
 110    0.0000013  -0.00000398
 111    0.0000000  0.00000005
 112    0.0000007  -0.00000031
 113    0.0000012  -0.00000180
 114    0.0000008  -0.00000135
 115    0.0000007  -0.00000136
 116    0.0000000  0.00000006
 
----------------
 Final Energies 
----------------
Final NOF Total Energy =    -100.8327460
 
Total Orbital Internal Iterations = 652
Total Occupation Internal Iterations = 364
 
Elapsed time:  100.05 Seconds

---------------------------------
   Lowdin Population Analysis    
---------------------------------
 Idx  Atom   Population   Charge 
---------------------------------
  1     H     1.142      -0.142
  2     F     8.909       0.091
  3     H     0.948       0.052

---------------------------------
   M Diagnostic: 0.03
---------------------------------

