Computing Integrals
Basis Set                                            = def2-qzvp
Auxiliary Basis Set                                  = def2-universal-jkfit
Gaussian Type                                        = Spherical
Elapsed time:    1.71 Seconds

Number of basis functions                   (NBF)    = 87
Number of auxiliary basis functions         (NBFAUX) = 95
Inactive Doubly occupied orbitals up to     (NO1)    = 0
No. considered Strongly Doubly occupied MOs (NDOC)   = 4
No. considered Strongly Singly occupied MOs (NSOC)   = 1
NO. of Weakly occ. per St. Doubly occ.  MOs (NCWO)   = 20
Dimension of the Nat. Orb. subspace         (NBF5)   = 85
No. of electrons                                     = 9
    No. of alpha electrons                           = 5
    No. of beta electrons                            = 4
Multiplicity                                         = 2

Geometry
========
 O       0.0000000       0.0000000       0.4844483
 H       0.0000000       0.0000000      -0.4844483

No violations of the orthonormality
No violations of the orthonormality
 
PNOF8/ADABelief Calculation
==================
 
  Nitext  Nit_orb  Time   Nit_occ  Time         Eelec          Etot           Ediff      maxdiff    MaxGrad_orb  Grad_occ
     1      10    9.1e+00    7    1.2e+01   -80.05168148   -75.68237192 -10079.05168148   0.000761   3.0e-03   1.6e-04 0.03
 
RESULTS OF THE OCCUPATION OPTIMIZATION
========================================
   1    1.9999657  -20.65147897
   2    1.9809449  -1.30027060
   3    1.9650583  -0.74933546
   4    1.9727431  -0.58028232
   5    1.0000000  -0.34995179
   6    0.0133631  -0.01905468
   7    0.0276574  -0.03501125
   8    0.0086202  -0.01966376
   9    0.0000304  -0.00115499
  10    0.0054132  -0.00891032
  11    0.0031861  -0.00582574
  12    0.0043298  -0.00874638
  13    0.0000018  -0.00006950
  14    0.0049173  -0.00861267
  15    0.0029010  -0.00537660
  16    0.0029110  -0.00625154
  17    0.0000007  -0.00001236
  18    0.0014450  -0.00422771
  19    0.0004049  -0.00109762
  20    0.0008836  -0.00277992
  21    0.0000002  -0.00002552
  22    0.0006527  -0.00347775
  23    0.0003521  -0.00102782
  24    0.0006379  -0.00285905
  25    0.0000002  -0.00000393
  26    0.0004236  -0.00110372
  27    0.0001946  -0.00063081
  28    0.0003860  -0.00128860
  29    0.0000001  -0.00000208
  30    0.0002626  -0.00074086
  31    0.0000520  -0.00013722
  32    0.0003064  -0.00120663
  33    0.0000001  -0.00000192
  34    0.0002352  -0.00068448
  35    0.0000378  -0.00014196
  36    0.0002693  -0.00087107
  37    0.0000001  -0.00000173
  38    0.0002349  -0.00067595
  39    0.0000346  -0.00011585
  40    0.0001908  -0.00059027
  41    0.0000001  -0.00000176
  42    0.0001025  -0.00034091
  43    0.0000262  -0.00009990
  44    0.0001773  -0.00055250
  45    0.0000001  -0.00000146
  46    0.0000785  -0.00028355
  47    0.0000194  -0.00009578
  48    0.0001374  -0.00071793
  49    0.0000001  -0.00000095
  50    0.0000211  -0.00009130
  51    0.0000151  -0.00008709
  52    0.0000652  -0.00023232
  53    0.0000001  -0.00000084
  54    0.0000169  -0.00009196
  55    0.0000141  -0.00008896
  56    0.0000303  -0.00012937
  57    0.0000001  -0.00000077
  58    0.0000154  -0.00008039
  59    0.0000121  -0.00006970
  60    0.0000276  -0.00012312
  61    0.0000001  -0.00000076
  62    0.0000145  -0.00007284
  63    0.0000088  -0.00004613
  64    0.0000164  -0.00009054
  65    0.0000001  -0.00000068
  66    0.0000137  -0.00006851
  67    0.0000067  -0.00003358
  68    0.0000152  -0.00007597
  69    0.0000001  -0.00000065
  70    0.0000132  -0.00006399
  71    0.0000060  -0.00002983
  72    0.0000149  -0.00007233
  73    0.0000001  -0.00000055
  74    0.0000130  -0.00006071
  75    0.0000055  -0.00002588
  76    0.0000134  -0.00006801
  77    0.0000001  -0.00000045
  78    0.0000113  -0.00006091
  79    0.0000039  -0.00001575
  80    0.0000121  -0.00005888
  81    0.0000001  -0.00000043
  82    0.0000092  -0.00004465
  83    0.0000032  -0.00001509
  84    0.0000102  -0.00005464
  85    0.0000001  -0.00000040
 
----------------
 Final Energies 
----------------
Final NOF Total Energy =     -75.6823719
 
Total Orbital Internal Iterations = 10
Total Occupation Internal Iterations = 7
 
Elapsed time:   27.09 Seconds

---------------------------------
   Lowdin Population Analysis    
---------------------------------
 Idx  Atom   Population   Charge 
---------------------------------
  1     O     7.587       0.413
  2     H     1.413      -0.413

---------------------------------
   M Diagnostic: 0.03
---------------------------------

