Computing Integrals
Basis Set                                            = def2-qzvp
Auxiliary Basis Set                                  = def2-universal-jkfit
Gaussian Type                                        = Spherical
Elapsed time:    1.66 Seconds

Number of basis functions                   (NBF)    = 87
Number of auxiliary basis functions         (NBFAUX) = 95
Inactive Doubly occupied orbitals up to     (NO1)    = 0
No. considered Strongly Doubly occupied MOs (NDOC)   = 5
No. considered Strongly Singly occupied MOs (NSOC)   = 0
NO. of Weakly occ. per St. Doubly occ.  MOs (NCWO)   = 16
Dimension of the Nat. Orb. subspace         (NBF5)   = 85
No. of electrons                                     = 10
    No. of alpha electrons                           = 5
    No. of beta electrons                            = 5
Multiplicity                                         = 1

Geometry
========
 F       0.0000000       0.0000000       0.4576912
 H       0.0000000       0.0000000      -0.4576912

No violations of the orthonormality
No violations of the orthonormality
 
PNOF8/ADAM Calculation
==================
 
  Nitext  Nit_orb  Time   Nit_occ  Time         Eelec          Etot           Ediff      maxdiff    MaxGrad_orb  Grad_occ
     1      10    9.1e+00   25    1.2e+01   -98.97028426   -93.76744780 -10097.97028426   1.148389   4.6e+00   1.8e-04 0.01
     2      10    5.2e-02   36    1.8e-01  -102.74867369   -97.54583724    -3.77838944   0.669259   2.7e+00   2.3e-04 0.01
     3      10    8.5e-02   48    1.6e-01  -104.28993227   -99.08709581    -1.54125857   0.401721   1.6e+00   1.8e-04 0.01
     4      10    1.0e-01   12    2.6e-02  -104.96698156   -99.76414510    -0.67704929   0.292597   1.2e+00   2.1e-04 0.02
     5      10    4.5e-02   25    1.2e-01  -105.31382573  -100.11098928    -0.34684417   0.223119   8.9e-01   1.2e-04 0.02
     6      10    7.9e-02   13    3.8e-02  -105.43582292  -100.23298646    -0.12199718   0.103464   4.1e-01   1.8e-04 0.02
     7      10    4.5e-02   15    5.0e-02  -105.50463659  -100.30180014    -0.06881368   0.213406   8.5e-01   1.7e-04 0.02
     8      10    5.3e-02   13    6.8e-02  -105.53103536  -100.32819891    -0.02639877   0.136737   5.5e-01   1.3e-04 0.02
     9      10    7.2e-02   14    5.5e-02  -105.55545528  -100.35261882    -0.02441992   0.102427   4.1e-01   1.7e-04 0.02
    10      10    9.2e-02    4    1.6e-02  -105.56712448  -100.36428802    -0.01166920   0.074644   3.0e-01   2.3e-04 0.02
    11      10    8.9e-02   11    5.1e-02  -105.56825992  -100.36542346    -0.00113544   0.081488   3.3e-01   1.7e-04 0.02
    12      10    8.9e-02    6    2.9e-02  -105.57060312  -100.36776667    -0.00234320   0.097516   3.9e-01   1.6e-04 0.02
    13      10    7.0e-02    8    4.3e-02  -105.57096461  -100.36812815    -0.00036148   0.089308   3.6e-01   2.3e-04 0.02
    14      10    4.7e-02    3    2.2e-02  -105.57697488  -100.37413842    -0.00601027   0.146275   5.9e-01   1.7e-04 0.02
    15      10    6.5e-02    0    6.6e-03  -105.57700808  -100.37417162    -0.00003320   0.146275   5.9e-01   1.7e-04 0.02
    16      30    1.6e-01    4    1.6e-02  -105.59220096  -100.38936450    -0.01519288   0.013971   5.6e-02   2.1e-04 0.02
    17      30    1.6e-01    6    2.5e-02  -105.59318579  -100.39034933    -0.00098483   0.007609   3.0e-02   1.7e-04 0.02
    18      30    1.9e-01    3    1.9e-02  -105.59375277  -100.39091631    -0.00056698   0.007325   2.9e-02   1.8e-04 0.02
    19      30    1.7e-01    3    1.8e-02  -105.59449734  -100.39166089    -0.00074457   0.006580   2.6e-02   2.3e-04 0.02
    20      30    1.6e-01    6    3.1e-02  -105.59505904  -100.39222258    -0.00056170   0.006392   2.6e-02   1.7e-04 0.03
    21      30    1.4e-01    3    1.6e-02  -105.59550905  -100.39267260    -0.00045001   0.007421   3.0e-02   1.6e-04 0.03
    22      30    1.5e-01    3    1.3e-02  -105.59595179  -100.39311533    -0.00044273   0.005424   2.2e-02   2.1e-04 0.03
    23      30    1.5e-01    1    1.2e-02  -105.59624334  -100.39340688    -0.00029155   0.005309   2.1e-02   1.9e-04 0.03
    24      30    1.6e-01    5    2.1e-02  -105.59646309  -100.39362664    -0.00021976   0.006202   2.5e-02   1.5e-04 0.03
    25      30    1.6e-01    3    1.2e-02  -105.59659799  -100.39376153    -0.00013490   0.005805   2.3e-02   1.5e-04 0.03
    26      30    1.7e-01    1    6.5e-03  -105.59676367  -100.39392721    -0.00016568   0.005763   2.3e-02   1.7e-04 0.03
    27      30    1.7e-01    1    6.6e-03  -105.59686891  -100.39403245    -0.00010524   0.003922   1.6e-02   1.9e-04 0.03
    28      30    1.4e-01    0    3.3e-03  -105.59686969  -100.39403323    -0.00000078   0.003922   1.6e-02   1.9e-04 0.03
    29      50    2.1e-01    0    8.0e-03  -105.59697980  -100.39414335    -0.00011012   0.001051   4.2e-03   1.7e-04 0.03
    30      60    3.5e-01    0    6.7e-03  -105.59700331  -100.39416686    -0.00002351   0.000927   3.7e-03   2.0e-04 0.03
 
RESULTS OF THE OCCUPATION OPTIMIZATION
========================================
   1    1.9999911  -26.34412433
   2    1.9867269  -1.60778790
   3    1.9702888  -0.85830580
   4    1.9788709  -0.70456646
   5    1.9763530  -0.70256886
   6    0.0124390  -0.02163815
   7    0.0131968  -0.02213737
   8    0.0239374  -0.03819537
   9    0.0078736  -0.02307811
  10    0.0000048  -0.00011051
  11    0.0046716  -0.01020880
  12    0.0049595  -0.01034327
  13    0.0038166  -0.00908501
  14    0.0036133  -0.00999219
  15    0.0000012  -0.00001253
  16    0.0045867  -0.01020504
  17    0.0013915  -0.00499744
  18    0.0007306  -0.00275484
  19    0.0008098  -0.00324060
  20    0.0000007  -0.00002584
  21    0.0005863  -0.00212389
  22    0.0007007  -0.00444790
  23    0.0002862  -0.00103278
  24    0.0003369  -0.00136470
  25    0.0000003  -0.00003267
  26    0.0004534  -0.00151091
  27    0.0003379  -0.00118557
  28    0.0002825  -0.00106602
  29    0.0002730  -0.00119385
  30    0.0000003  -0.00000482
  31    0.0003259  -0.00105685
  32    0.0003251  -0.00117337
  33    0.0002483  -0.00096783
  34    0.0001746  -0.00157507
  35    0.0000003  -0.00000269
  36    0.0002727  -0.00096500
  37    0.0000764  -0.00028012
  38    0.0002313  -0.00088805
  39    0.0000833  -0.00087701
  40    0.0000003  -0.00000167
  41    0.0000927  -0.00046711
  42    0.0000328  -0.00016589
  43    0.0000559  -0.00014909
  44    0.0000313  -0.00019257
  45    0.0000002  -0.00000132
  46    0.0000665  -0.00029606
  47    0.0000192  -0.00014770
  48    0.0000304  -0.00012809
  49    0.0000232  -0.00020846
  50    0.0000001  -0.00000124
  51    0.0000562  -0.00014523
  52    0.0000186  -0.00013486
  53    0.0000240  -0.00012059
  54    0.0000165  -0.00017643
  55    0.0000001  -0.00000120
  56    0.0000364  -0.00016763
  57    0.0000180  -0.00012175
  58    0.0000157  -0.00011935
  59    0.0000155  -0.00020881
  60    0.0000001  -0.00000119
  61    0.0000167  -0.00013315
  62    0.0000175  -0.00012156
  63    0.0000147  -0.00011754
  64    0.0000142  -0.00012460
  65    0.0000001  -0.00000112
  66    0.0000157  -0.00011821
  67    0.0000165  -0.00012725
  68    0.0000135  -0.00008783
  69    0.0000031  -0.00001619
  70    0.0000001  -0.00000085
  71    0.0000144  -0.00010494
  72    0.0000082  -0.00005540
  73    0.0000109  -0.00006319
  74    0.0000019  -0.00001083
  75    0.0000001  -0.00000075
  76    0.0000066  -0.00003855
  77    0.0000062  -0.00004003
  78    0.0000107  -0.00006482
  79    0.0000016  -0.00000705
  80    0.0000001  -0.00000049
  81    0.0000062  -0.00003833
  82    0.0000043  -0.00003419
  83    0.0000025  -0.00000996
  84    0.0000014  -0.00000610
  85    0.0000001  -0.00000048
 
----------------
 Final Energies 
----------------
Final NOF Total Energy =    -100.3941669
 
Total Orbital Internal Iterations = 650
Total Occupation Internal Iterations = 272
 
Elapsed time:   33.00 Seconds

---------------------------------
   Lowdin Population Analysis    
---------------------------------
 Idx  Atom   Population   Charge 
---------------------------------
  1     F     8.510       0.490
  2     H     1.490      -0.490

---------------------------------
   M Diagnostic: 0.03
---------------------------------

