Computing Integrals
Basis Set                                            = def2-qzvp
Auxiliary Basis Set                                  = def2-universal-jkfit
Gaussian Type                                        = Spherical
Elapsed time:    2.22 Seconds

Number of basis functions                   (NBF)    = 140
Number of auxiliary basis functions         (NBFAUX) = 256
Inactive Doubly occupied orbitals up to     (NO1)    = 0
No. considered Strongly Doubly occupied MOs (NDOC)   = 17
No. considered Strongly Singly occupied MOs (NSOC)   = 0
NO. of Weakly occ. per St. Doubly occ.  MOs (NCWO)   = 7
Dimension of the Nat. Orb. subspace         (NBF5)   = 136
No. of electrons                                     = 34
    No. of alpha electrons                           = 17
    No. of beta electrons                            = 17
Multiplicity                                         = 1

Geometry
========
Cl       0.0000000       0.0000000       1.0210496
Cl       0.0000000       0.0000000      -1.0210496

No violations of the orthonormality
No violations of the orthonormality
 
PNOF8/ADAM Calculation
==================
 
  Nitext  Nit_orb  Time   Nit_occ  Time         Eelec          Etot           Ediff      maxdiff    MaxGrad_orb  Grad_occ
     1      10    1.0e+01   18    1.2e+01  -959.82947923  -884.93992131 -10958.82947923   2.349899   9.4e+00   2.9e-04 0.01
     2      10    1.2e+00   52    7.3e-01  -980.45976055  -905.57020264   -20.63028133   1.749467   7.0e+00   2.5e-04 0.01
     3      10    1.4e+00   39    5.1e-01  -986.58685086  -911.69729294    -6.12709031   1.002772   4.0e+00   2.5e-04 0.02
     4      10    1.3e+00   33    3.6e-01  -989.06422525  -914.17466733    -2.47737438   1.893111   7.6e+00   1.8e-04 0.02
     5      10    1.3e+00   23    3.1e-01  -990.40000615  -915.51044823    -1.33578091   0.467885   1.9e+00   2.5e-04 0.03
     6      10    1.4e+00   23    3.0e-01  -991.60456648  -916.71500856    -1.20456033   0.413752   1.7e+00   2.2e-04 0.03
     7      10    1.3e+00   23    3.0e-01  -992.60437957  -917.71482165    -0.99981309   0.386517   1.5e+00   2.2e-04 0.03
     8      10    1.3e+00   17    2.3e-01  -993.28331908  -918.39376116    -0.67893951   0.395019   1.6e+00   2.5e-04 0.03
     9      10    1.2e+00   12    1.3e-01  -993.70783692  -918.81827900    -0.42451784   0.383830   1.5e+00   2.9e-04 0.03
    10      10    1.4e+00   22    2.8e-01  -993.96242372  -919.07286580    -0.25458680   0.482283   1.9e+00   2.7e-04 0.03
    11      10    1.3e+00   15    2.3e-01  -994.21505012  -919.32549220    -0.25262640   0.601926   2.4e+00   2.5e-04 0.03
    12      10    1.4e+00   13    1.3e-01  -994.22612234  -919.33656442    -0.01107222   0.528199   2.1e+00   2.8e-04 0.03
    13      10    1.4e+00   14    2.3e-01  -994.39126779  -919.50170987    -0.16514545   0.385549   1.5e+00   2.6e-04 0.03
    14      10    1.3e+00   22    3.0e-01  -994.52012387  -919.63056595    -0.12885609   0.445166   1.8e+00   2.5e-04 0.03
    15      10    1.4e+00    0    3.8e-02  -994.52048244  -919.63092452    -0.00035857   0.445164   1.8e+00   2.5e-04 0.03
    16      30    3.9e+00   17    2.1e-01  -994.91671474  -920.02715682    -0.39623230   0.048705   1.9e-01   1.9e-04 0.03
    17      30    3.9e+00   14    2.4e-01  -994.96529899  -920.07574107    -0.04858425   0.028583   1.1e-01   2.7e-04 0.03
    18      30    4.0e+00    9    1.7e-01  -994.98096671  -920.09140879    -0.01566772   0.018354   7.3e-02   2.5e-04 0.03
    19      30    4.1e+00   16    2.8e-01  -994.98784199  -920.09828407    -0.00687529   0.018400   7.4e-02   2.1e-04 0.03
    20      30    4.1e+00   14    2.0e-01  -994.99188471  -920.10232679    -0.00404272   0.019698   7.9e-02   2.0e-04 0.04
    21      30    4.0e+00   19    2.3e-01  -994.99432149  -920.10476357    -0.00243678   0.018390   7.4e-02   1.7e-04 0.04
    22      30    3.9e+00   13    2.3e-01  -994.99618600  -920.10662808    -0.00186451   0.021473   8.6e-02   2.0e-04 0.04
    23      30    3.7e+00    6    1.2e-01  -994.99750163  -920.10794372    -0.00131563   0.019396   7.8e-02   2.6e-04 0.04
    24      30    3.7e+00   10    1.6e-01  -994.99854635  -920.10898844    -0.00104472   0.018144   7.3e-02   2.9e-04 0.04
    25      30    4.0e+00   10    1.9e-01  -994.99969717  -920.11013925    -0.00115081   0.020108   8.0e-02   2.0e-04 0.04
    26      30    4.0e+00   10    1.7e-01  -995.00064965  -920.11109173    -0.00095249   0.018161   7.3e-02   1.8e-04 0.04
    27      30    4.1e+00   10    1.6e-01  -995.00159663  -920.11203871    -0.00094698   0.014187   5.7e-02   1.7e-04 0.04
    28      30    4.2e+00   10    1.4e-01  -995.00225665  -920.11269873    -0.00066002   0.028344   1.1e-01   2.0e-04 0.04
    29      30    4.1e+00    5    7.2e-02  -995.00269403  -920.11313612    -0.00043739   0.015594   6.2e-02   2.5e-04 0.04
    30      30    4.2e+00    5    1.4e-01  -995.00280052  -920.11324260    -0.00010648   0.016538   6.6e-02   2.4e-04 0.04
    31      30    3.9e+00    5    1.9e-01  -995.00292897  -920.11337105    -0.00012846   0.016148   6.5e-02   2.0e-04 0.04
    32      30    3.9e+00    5    1.0e-01  -995.00320609  -920.11364817    -0.00027712   0.016940   6.8e-02   2.0e-04 0.04
    33      30    3.9e+00    5    1.1e-01  -995.00326827  -920.11371035    -0.00006217   0.016943   6.8e-02   2.5e-04 0.04
    34      30    3.8e+00    7    1.4e-01  -995.00352380  -920.11396588    -0.00025554   0.017040   6.8e-02   2.6e-04 0.04
    35      30    4.0e+00    9    1.5e-01  -995.00381082  -920.11425290    -0.00028702   0.016456   6.6e-02   1.1e-04 0.04
    36      30    4.0e+00    5    7.4e-02  -995.00404200  -920.11448408    -0.00023118   0.016480   6.6e-02   2.4e-04 0.04
    37      30    3.9e+00    9    1.8e-01  -995.00425207  -920.11469416    -0.00021007   0.018597   7.4e-02   9.9e-05 0.04
    38      30    4.1e+00    3    1.1e-01  -995.00448099  -920.11492307    -0.00022891   0.016660   6.7e-02   1.8e-04 0.04
    39      30    4.1e+00    0    2.8e-02  -995.00449075  -920.11493283    -0.00000976   0.016660   6.7e-02   1.8e-04 0.04
    40      50    6.7e+00    3    5.1e-02  -995.00557538  -920.11601746    -0.00108463   0.001141   4.6e-03   1.4e-04 0.04
 
RESULTS OF THE OCCUPATION OPTIMIZATION
========================================
   1    1.9999989  -104.95911191
   2    1.9999990  -104.95903628
   3    1.9998153  -10.64057521
   4    1.9998449  -10.63783108
   5    1.9995300  -8.11928354
   6    1.9993608  -8.11871322
   7    1.9994239  -8.11386650
   8    1.9993156  -8.11352021
   9    1.9991097  -8.11168732
  10    1.9991942  -8.11162736
  11    1.9835402  -1.13914522
  12    1.9830345  -1.12894530
  13    1.9588096  -0.62108295
  14    1.9707131  -0.53249283
  15    1.9675048  -0.52986357
  16    1.9675732  -0.52732653
  17    1.9625969  -0.52437693
  18    0.0100779  -0.01837244
  19    0.0110233  -0.01982437
  20    0.0109214  -0.01856981
  21    0.0083461  -0.01680236
  22    0.0344810  -0.05899946
  23    0.0068983  -0.02852064
  24    0.0078013  -0.03065238
  25    0.0005313  -0.01245300
  26    0.0004342  -0.01040916
  27    0.0004533  -0.01045730
  28    0.0004669  -0.01060468
  29    0.0005140  -0.01155127
  30    0.0003038  -0.00724274
  31    0.0000796  -0.00103370
  32    0.0000722  -0.00170490
  33    0.0000004  -0.00001453
  34    0.0000004  -0.00001529
  35    0.0097453  -0.01718795
  36    0.0097474  -0.01743597
  37    0.0105901  -0.01820782
  38    0.0073088  -0.01612475
  39    0.0047376  -0.01130509
  40    0.0022640  -0.01137121
  41    0.0024030  -0.01121821
  42    0.0002245  -0.00507150
  43    0.0003445  -0.00878082
  44    0.0000758  -0.00219167
  45    0.0000518  -0.00100030
  46    0.0000471  -0.00046254
  47    0.0000872  -0.00115808
  48    0.0000511  -0.00050636
  49    0.0000678  -0.00081145
  50    0.0000002  -0.00000895
  51    0.0000002  -0.00001012
  52    0.0091718  -0.01649145
  53    0.0076485  -0.01868016
  54    0.0077582  -0.01847892
  55    0.0062397  -0.01760791
  56    0.0005557  -0.00143427
  57    0.0021637  -0.01070646
  58    0.0022663  -0.01077799
  59    0.0000152  -0.00013944
  60    0.0000613  -0.00229063
  61    0.0000746  -0.00085298
  62    0.0000186  -0.00015246
  63    0.0000196  -0.00015948
  64    0.0000185  -0.00015493
  65    0.0000080  -0.00012518
  66    0.0000113  -0.00014405
  67    0.0000001  -0.00000715
  68    0.0000001  -0.00000855
  69    0.0071863  -0.01744002
  70    0.0021526  -0.00898754
  71    0.0016534  -0.00729382
  72    0.0044273  -0.01567633
  73    0.0005538  -0.00141385
  74    0.0021366  -0.01046343
  75    0.0021069  -0.01023553
  76    0.0000106  -0.00009352
  77    0.0000148  -0.00013807
  78    0.0000401  -0.00037603
  79    0.0000171  -0.00048343
  80    0.0000183  -0.00015389
  81    0.0000176  -0.00016200
  82    0.0000054  -0.00005592
  83    0.0000103  -0.00029174
  84    0.0000001  -0.00000422
  85    0.0000001  -0.00000641
  86    0.0005828  -0.00143573
  87    0.0006795  -0.00159274
  88    0.0007094  -0.00159269
  89    0.0020877  -0.00907950
  90    0.0003191  -0.00091717
  91    0.0017656  -0.00918508
  92    0.0008753  -0.00719461
  93    0.0000098  -0.00008674
  94    0.0000131  -0.00012094
  95    0.0000197  -0.00015850
  96    0.0000094  -0.00008187
  97    0.0000155  -0.00015162
  98    0.0000165  -0.00030441
  99    0.0000054  -0.00005603
 100    0.0000097  -0.00008837
 101    0.0000001  -0.00000361
 102    0.0000001  -0.00000600
 103    0.0004299  -0.00112904
 104    0.0006735  -0.00159715
 105    0.0006403  -0.00149666
 106    0.0006431  -0.00161953
 107    0.0003031  -0.00088472
 108    0.0014484  -0.00912233
 109    0.0007000  -0.00195150
 110    0.0000086  -0.00007762
 111    0.0000130  -0.00012789
 112    0.0000115  -0.00018398
 113    0.0000065  -0.00016037
 114    0.0000145  -0.00028594
 115    0.0000141  -0.00054294
 116    0.0000028  -0.00054844
 117    0.0000087  -0.00019462
 118    0.0000001  -0.00000176
 119    0.0000001  -0.00000337
 120    0.0002091  -0.00088198
 121    0.0005020  -0.00126061
 122    0.0002224  -0.00096703
 123    0.0002342  -0.00103984
 124    0.0002403  -0.00078210
 125    0.0002889  -0.00142371
 126    0.0003070  -0.00144562
 127    0.0000058  -0.00006038
 128    0.0000094  -0.00008182
 129    0.0000094  -0.00013429
 130    0.0000059  -0.00008766
 131    0.0000103  -0.00008699
 132    0.0000123  -0.00012547
 133    0.0000027  -0.00052270
 134    0.0000047  -0.00005193
 135    0.0000001  -0.00000146
 136    0.0000001  -0.00000206
 
----------------
 Final Energies 
----------------
Final NOF Total Energy =    -920.1160175
 
Total Orbital Internal Iterations = 920
Total Occupation Internal Iterations = 545
 
Elapsed time:  164.34 Seconds

---------------------------------
   Lowdin Population Analysis    
---------------------------------
 Idx  Atom   Population   Charge 
---------------------------------
  1    Cl    17.001      -0.001
  2    Cl    16.999       0.001

---------------------------------
   M Diagnostic: 0.04
---------------------------------

