Computing Integrals
Basis Set                                            = def2-qzvp
Auxiliary Basis Set                                  = def2-universal-jkfit
Gaussian Type                                        = Spherical
Elapsed time:    1.71 Seconds

Number of basis functions                   (NBF)    = 114
Number of auxiliary basis functions         (NBFAUX) = 154
Inactive Doubly occupied orbitals up to     (NO1)    = 0
No. considered Strongly Doubly occupied MOs (NDOC)   = 7
No. considered Strongly Singly occupied MOs (NSOC)   = 0
NO. of Weakly occ. per St. Doubly occ.  MOs (NCWO)   = 15
Dimension of the Nat. Orb. subspace         (NBF5)   = 112
No. of electrons                                     = 14
    No. of alpha electrons                           = 7
    No. of beta electrons                            = 7
Multiplicity                                         = 1

Geometry
========
 N       0.0000000       0.0000000      -0.5454291
 N       0.0000000       0.0000000       0.5454291

No violations of the orthonormality
No violations of the orthonormality
 
PNOF8/ADAM Calculation
==================
 
  Nitext  Nit_orb  Time   Nit_occ  Time         Eelec          Etot           Ediff      maxdiff    MaxGrad_orb  Grad_occ
     1      10    9.9e+00   37    1.2e+01  -125.11290441  -101.34296920 -10124.11290441   0.773053   3.1e+00   2.5e-04 0.02
     2      10    8.6e-01   63    6.0e-01  -128.75835111  -104.98841590    -3.64544670   0.496968   2.0e+00   2.4e-04 0.04
     3      10    1.1e+00   32    3.0e-01  -130.47118899  -106.70125379    -1.71283789   1.028284   4.1e+00   2.3e-04 0.04
     4      10    8.9e-01   27    2.5e-01  -131.36252690  -107.59259169    -0.89133790   0.221197   8.8e-01   1.5e-04 0.04
     5      10    1.1e+00   26    2.5e-01  -131.79004334  -108.02010814    -0.42751645   0.211113   8.4e-01   1.4e-04 0.04
     6      10    1.2e+00   15    1.6e-01  -131.96850966  -108.19857445    -0.17846632   0.198432   7.9e-01   1.8e-04 0.04
     7      10    1.0e+00   14    1.5e-01  -132.17798818  -108.40805297    -0.20947852   0.170058   6.8e-01   2.5e-04 0.04
     8      10    1.3e+00   14    1.2e-01  -132.32979139  -108.55985619    -0.15180322   0.161115   6.4e-01   2.8e-04 0.04
     9      10    1.1e+00   16    2.6e-01  -132.48702192  -108.71708672    -0.15723053   0.115853   4.6e-01   2.4e-04 0.04
    10      10    9.0e-01   22    2.5e-01  -132.60906180  -108.83912660    -0.12203988   0.112147   4.5e-01   2.1e-04 0.04
    11      10    1.2e+00   26    2.9e-01  -132.75342466  -108.98348945    -0.14436286   0.131826   5.3e-01   1.9e-04 0.04
    12      10    1.0e+00    8    1.6e-01  -132.86237562  -109.09244041    -0.10895096   0.113089   4.5e-01   2.3e-04 0.04
    13      10    1.2e+00   14    1.5e-01  -132.97660313  -109.20666793    -0.11422752   0.109576   4.4e-01   1.7e-04 0.04
    14      10    9.8e-01   13    2.1e-01  -133.06993327  -109.29999806    -0.09333013   0.130832   5.2e-01   1.9e-04 0.04
    15      10    1.3e+00   13    1.5e-01  -133.11540747  -109.34547226    -0.04547420   0.117526   4.7e-01   1.9e-04 0.04
    16      10    1.2e+00   10    1.4e-01  -133.15145038  -109.38151518    -0.03604292   0.131914   5.3e-01   2.3e-04 0.04
    17      10    1.1e+00   12    1.6e-01  -133.16927012  -109.39933491    -0.01781973   0.103153   4.1e-01   1.6e-04 0.04
    18      10    1.2e+00    4    3.4e-02  -133.18340998  -109.41347477    -0.01413986   0.116349   4.7e-01   2.2e-04 0.04
    19      10    1.1e+00    0    3.8e-02  -133.18344630  -109.41351109    -0.00003632   0.116349   4.7e-01   2.2e-04 0.04
    20      30    3.2e+00   11    1.7e-01  -133.21320613  -109.44327092    -0.02975983   0.018515   7.4e-02   1.7e-04 0.04
    21      30    3.4e+00    4    4.1e-02  -133.21544229  -109.44550708    -0.00223616   0.006383   2.6e-02   2.0e-04 0.04
    22      30    2.8e+00    4    9.0e-02  -133.21588435  -109.44594914    -0.00044206   0.006053   2.4e-02   1.7e-04 0.04
    23      30    2.8e+00    4    8.5e-02  -133.21608941  -109.44615420    -0.00020506   0.004766   1.9e-02   2.0e-04 0.04
    24      30    3.1e+00    4    7.3e-02  -133.21627939  -109.44634419    -0.00018998   0.004591   1.8e-02   1.8e-04 0.04
    25      30    2.9e+00    8    1.3e-01  -133.21644774  -109.44651253    -0.00016834   0.004221   1.7e-02   1.6e-04 0.04
    26      30    3.4e+00    3    4.4e-02  -133.21656292  -109.44662771    -0.00011518   0.004540   1.8e-02   1.6e-04 0.04
    27      30    3.5e+00    1    6.3e-02  -133.21663393  -109.44669872    -0.00007101   0.004256   1.7e-02   1.6e-04 0.04
    28      30    3.2e+00    0    8.8e-02  -133.21668478  -109.44674957    -0.00005085   0.003413   1.4e-02   1.8e-04 0.04
    29      40    4.3e+00    8    5.8e-02  -133.21671149  -109.44677628    -0.00002671   0.006376   2.6e-02   1.1e-04 0.04
    30      40    4.1e+00    0    4.8e-02  -133.21681074  -109.44687554    -0.00009926   0.002780   1.1e-02   1.2e-04 0.04
    31      50    5.5e+00    0    8.2e-02  -133.21684916  -109.44691396    -0.00003842   0.004072   1.6e-02   1.3e-04 0.04
    32      60    6.2e+00    0    3.5e-02  -133.21687834  -109.44694313    -0.00002917   0.002453   9.8e-03   1.5e-04 0.04
    33      70    6.9e+00    0    7.2e-02  -133.21687834  -109.44694313     0.00000000   0.002453   9.8e-03   1.5e-04 0.04
    34      63    6.3e+00    0    6.8e-02  -133.21692914  -109.44699394    -0.00005080   0.000496   2.0e-03   1.5e-04 0.04
 
RESULTS OF THE OCCUPATION OPTIMIZATION
========================================
   1    1.9999702  -15.68516300
   2    1.9999640  -15.68205238
   3    1.9881804  -1.43612895
   4    1.9747618  -0.84715485
   5    1.9760606  -0.67977712
   6    1.9562270  -0.64917922
   7    1.9553225  -0.64765170
   8    0.0365477  -0.04814493
   9    0.0397764  -0.05071902
  10    0.0100005  -0.01861741
  11    0.0151392  -0.02887769
  12    0.0042624  -0.00847290
  13    0.0000107  -0.00032547
  14    0.0000108  -0.00033692
  15    0.0037577  -0.00713992
  16    0.0030088  -0.00551786
  17    0.0055676  -0.01003764
  18    0.0053243  -0.01343035
  19    0.0017038  -0.00455252
  20    0.0000045  -0.00005493
  21    0.0000045  -0.00005563
  22    0.0029576  -0.00554603
  23    0.0002194  -0.00056611
  24    0.0037128  -0.00736798
  25    0.0030258  -0.00668512
  26    0.0017006  -0.00527233
  27    0.0000039  -0.00004842
  28    0.0000036  -0.00004605
  29    0.0008153  -0.00187809
  30    0.0002166  -0.00057589
  31    0.0018340  -0.00422061
  32    0.0004781  -0.00140605
  33    0.0014152  -0.00665863
  34    0.0000028  -0.00005489
  35    0.0000019  -0.00003477
  36    0.0001920  -0.00053780
  37    0.0001611  -0.00045416
  38    0.0011049  -0.00236158
  39    0.0003045  -0.00112287
  40    0.0006759  -0.00389697
  41    0.0000027  -0.00003776
  42    0.0000015  -0.00002735
  43    0.0001474  -0.00040277
  44    0.0001193  -0.00034797
  45    0.0005887  -0.00166074
  46    0.0002514  -0.00076815
  47    0.0005845  -0.00186710
  48    0.0000020  -0.00003517
  49    0.0000012  -0.00002237
  50    0.0000861  -0.00029292
  51    0.0000906  -0.00030994
  52    0.0005795  -0.00160621
  53    0.0002247  -0.00067748
  54    0.0005224  -0.00399936
  55    0.0000020  -0.00003680
  56    0.0000011  -0.00001878
  57    0.0000794  -0.00030209
  58    0.0000870  -0.00028703
  59    0.0002272  -0.00100284
  60    0.0001091  -0.00035985
  61    0.0002838  -0.00097259
  62    0.0000016  -0.00002858
  63    0.0000010  -0.00001808
  64    0.0000240  -0.00010562
  65    0.0000236  -0.00010108
  66    0.0001212  -0.00039431
  67    0.0001050  -0.00035552
  68    0.0002528  -0.00080177
  69    0.0000013  -0.00002323
  70    0.0000008  -0.00001093
  71    0.0000167  -0.00008303
  72    0.0000185  -0.00008538
  73    0.0000798  -0.00066554
  74    0.0000971  -0.00036895
  75    0.0001212  -0.00045175
  76    0.0000010  -0.00001782
  77    0.0000007  -0.00003512
  78    0.0000144  -0.00006341
  79    0.0000167  -0.00007733
  80    0.0000364  -0.00019423
  81    0.0000620  -0.00024630
  82    0.0001187  -0.00053471
  83    0.0000009  -0.00001147
  84    0.0000006  -0.00001281
  85    0.0000117  -0.00005810
  86    0.0000121  -0.00006009
  87    0.0000297  -0.00013135
  88    0.0000582  -0.00022624
  89    0.0000887  -0.00104552
  90    0.0000008  -0.00000538
  91    0.0000006  -0.00000602
  92    0.0000113  -0.00005827
  93    0.0000090  -0.00005218
  94    0.0000215  -0.00010594
  95    0.0000251  -0.00012102
  96    0.0000325  -0.00016968
  97    0.0000006  -0.00001714
  98    0.0000005  -0.00000570
  99    0.0000098  -0.00005284
 100    0.0000077  -0.00005011
 101    0.0000183  -0.00009867
 102    0.0000213  -0.00011096
 103    0.0000297  -0.00013849
 104    0.0000006  -0.00002902
 105    0.0000004  -0.00000144
 106    0.0000063  -0.00004544
 107    0.0000062  -0.00004581
 108    0.0000172  -0.00009138
 109    0.0000125  -0.00006223
 110    0.0000274  -0.00014118
 111    0.0000005  -0.00000809
 112    0.0000004  -0.00000742
 
----------------
 Final Energies 
----------------
Final NOF Total Energy =    -109.4469939
 
Total Orbital Internal Iterations = 783
Total Occupation Internal Iterations = 413
 
Elapsed time:  116.94 Seconds

---------------------------------
   Lowdin Population Analysis    
---------------------------------
 Idx  Atom   Population   Charge 
---------------------------------
  1     N     7.001      -0.001
  2     N     6.999       0.001

---------------------------------
   M Diagnostic: 0.04
---------------------------------

