Computing Integrals
Basis Set                                            = def2-qzvp
Auxiliary Basis Set                                  = def2-universal-jkfit
Gaussian Type                                        = Spherical
Elapsed time:    4.50 Seconds

Number of basis functions                   (NBF)    = 257
Number of auxiliary basis functions         (NBFAUX) = 367
Inactive Doubly occupied orbitals up to     (NO1)    = 0
No. considered Strongly Doubly occupied MOs (NDOC)   = 21
No. considered Strongly Singly occupied MOs (NSOC)   = 0
NO. of Weakly occ. per St. Doubly occ.  MOs (NCWO)   = 11
Dimension of the Nat. Orb. subspace         (NBF5)   = 252
No. of electrons                                     = 42
    No. of alpha electrons                           = 21
    No. of beta electrons                            = 21
Multiplicity                                         = 1

Geometry
========
Cl       0.0000000       1.4939925       0.8346445
 C       0.0000000       0.0000000      -0.1555982
Cl       0.0000000      -1.4939925       0.8346445
 H       0.8986495       0.0000000      -0.7568453
 H      -0.8986495       0.0000000      -0.7568453

No violations of the orthonormality
No violations of the orthonormality
 
PNOF8/ADABelief Calculation
==================
 
  Nitext  Nit_orb  Time   Nit_occ  Time         Eelec          Etot           Ediff      maxdiff    MaxGrad_orb  Grad_occ
     1      10    1.3e+01    0    1.2e+01 -1092.24707599  -959.42520371 -11091.24707599   0.001347   5.4e-03   1.9e-04 0.04
     2      30    1.3e+01    0    3.8e-01 -1092.24707599  -959.42520371     0.00000000   0.001347   5.4e-03   1.9e-04 0.04
     3      50    2.2e+01    0    3.7e-01 -1092.24707599  -959.42520371     0.00000000   0.001347   5.4e-03   1.9e-04 0.04
     4      70    3.0e+01    0    3.8e-01 -1092.24707599  -959.42520371     0.00000000   0.001347   5.4e-03   1.9e-04 0.04
     5      82    3.5e+01    0    4.1e-01 -1092.24710326  -959.42523098    -0.00002727   0.000496   2.0e-03   1.7e-04 0.04
 
RESULTS OF THE OCCUPATION OPTIMIZATION
========================================
   1    1.9999995  -104.90990948
   2    1.9999996  -104.90943674
   3    1.9999634  -11.14157781
   4    1.9999588  -10.81949386
   5    1.9999052  -10.59715843
   6    1.9991687  -8.07202703
   7    1.9991962  -8.07094066
   8    1.9994350  -8.06934049
   9    1.9994213  -8.06858368
  10    1.9994216  -8.06798285
  11    1.9993977  -8.06674160
  12    1.9806861  -1.10816149
  13    1.9795796  -1.08466147
  14    1.9796698  -1.01478926
  15    1.9716674  -0.67554549
  16    1.9623704  -0.60861070
  17    1.9624050  -0.60794907
  18    1.9735216  -0.51497515
  19    1.9696609  -0.50858298
  20    1.9624167  -0.49601728
  21    1.9630501  -0.49551192
  22    0.0097980  -0.01686753
  23    0.0101644  -0.01727917
  24    0.0121176  -0.01891639
  25    0.0109441  -0.01861453
  26    0.0348031  -0.04920145
  27    0.0342625  -0.04881704
  28    0.0137651  -0.01908089
  29    0.0096946  -0.01812011
  30    0.0069515  -0.02772442
  31    0.0067445  -0.02821249
  32    0.0004697  -0.01060589
  33    0.0005304  -0.01193984
  34    0.0004647  -0.01048735
  35    0.0005464  -0.01217603
  36    0.0004016  -0.00970969
  37    0.0004384  -0.01029767
  38    0.0000228  -0.00037305
  39    0.0000358  -0.00029211
  40    0.0000342  -0.00062586
  41    0.0000003  -0.00000323
  42    0.0000002  -0.00000228
  43    0.0093757  -0.01650421
  44    0.0101074  -0.01710418
  45    0.0115971  -0.01848099
  46    0.0081309  -0.02008388
  47    0.0008135  -0.00187888
  48    0.0008812  -0.00202756
  49    0.0039819  -0.00689610
  50    0.0032967  -0.01197565
  51    0.0060543  -0.01778386
  52    0.0057469  -0.01980000
  53    0.0000706  -0.00312471
  54    0.0000161  -0.00011703
  55    0.0000724  -0.00315501
  56    0.0000108  -0.00009002
  57    0.0003570  -0.00869416
  58    0.0003368  -0.00827045
  59    0.0000158  -0.00029517
  60    0.0000031  -0.00024653
  61    0.0000008  -0.00001355
  62    0.0000001  -0.00000152
  63    0.0000001  -0.00000144
  64    0.0091734  -0.01632576
  65    0.0096070  -0.01648627
  66    0.0037723  -0.01230130
  67    0.0024021  -0.00963125
  68    0.0007601  -0.00174501
  69    0.0007504  -0.00173975
  70    0.0033646  -0.00748832
  71    0.0023181  -0.00886988
  72    0.0021366  -0.01010477
  73    0.0020568  -0.01012743
  74    0.0000104  -0.00008793
  75    0.0000114  -0.00009470
  76    0.0000126  -0.00009913
  77    0.0000030  -0.00008527
  78    0.0000130  -0.00067347
  79    0.0000215  -0.00055001
  80    0.0000142  -0.00017763
  81    0.0000009  -0.00001268
  82    0.0000006  -0.00000632
  83    0.0000000  -0.00000036
  84    0.0000000  -0.00000087
  85    0.0072274  -0.01793736
  86    0.0074065  -0.01696359
  87    0.0007664  -0.00163473
  88    0.0022274  -0.00926662
  89    0.0007251  -0.00157067
  90    0.0007138  -0.00155142
  91    0.0030964  -0.00648829
  92    0.0018456  -0.00832922
  93    0.0019894  -0.00992763
  94    0.0020470  -0.01012012
  95    0.0000093  -0.00009530
  96    0.0000082  -0.00009413
  97    0.0000093  -0.00008250
  98    0.0000009  -0.00001365
  99    0.0000079  -0.00009463
 100    0.0000105  -0.00030656
 101    0.0000141  -0.00012261
 102    0.0000008  -0.00002770
 103    0.0000005  -0.00000622
 104    0.0000000  -0.00000026
 105    0.0000000  -0.00000080
 106    0.0006068  -0.00142190
 107    0.0000493  -0.00016220
 108    0.0007638  -0.00163735
 109    0.0007582  -0.00171298
 110    0.0000938  -0.00029897
 111    0.0006687  -0.00146061
 112    0.0017391  -0.00512639
 113    0.0012306  -0.00666543
 114    0.0018419  -0.00923705
 115    0.0017812  -0.00883585
 116    0.0000088  -0.00009381
 117    0.0000044  -0.00006839
 118    0.0000072  -0.00008938
 119    0.0000006  -0.00000695
 120    0.0000078  -0.00010909
 121    0.0000059  -0.00007405
 122    0.0000101  -0.00010408
 123    0.0000006  -0.00000586
 124    0.0000004  -0.00000461
 125    0.0000000  -0.00000020
 126    0.0000000  -0.00000074
 127    0.0005705  -0.00134458
 128    0.0000482  -0.00016835
 129    0.0003834  -0.00103953
 130    0.0007548  -0.00169994
 131    0.0000805  -0.00024190
 132    0.0000849  -0.00024638
 133    0.0011436  -0.00372288
 134    0.0008906  -0.00270085
 135    0.0005293  -0.00160431
 136    0.0003106  -0.00147029
 137    0.0000077  -0.00008699
 138    0.0000035  -0.00008379
 139    0.0000060  -0.00006133
 140    0.0000006  -0.00000656
 141    0.0000064  -0.00007005
 142    0.0000054  -0.00006142
 143    0.0000051  -0.00007400
 144    0.0000000  -0.00000043
 145    0.0000000  -0.00000023
 146    0.0000000  -0.00000015
 147    0.0000000  -0.00000074
 148    0.0000450  -0.00015173
 149    0.0000453  -0.00014821
 150    0.0002770  -0.00098396
 151    0.0004388  -0.00128393
 152    0.0000746  -0.00022370
 153    0.0000618  -0.00020449
 154    0.0004571  -0.00114660
 155    0.0003024  -0.00094379
 156    0.0002769  -0.00131343
 157    0.0002062  -0.00096147
 158    0.0000072  -0.00006883
 159    0.0000016  -0.00005406
 160    0.0000026  -0.00008430
 161    0.0000006  -0.00000738
 162    0.0000036  -0.00004602
 163    0.0000041  -0.00010907
 164    0.0000045  -0.00021859
 165    0.0000000  -0.00000028
 166    0.0000000  -0.00000016
 167    0.0000000  -0.00000015
 168    0.0000000  -0.00000075
 169    0.0000408  -0.00014253
 170    0.0000414  -0.00014362
 171    0.0002746  -0.00100060
 172    0.0003380  -0.00120123
 173    0.0000654  -0.00020841
 174    0.0000578  -0.00018104
 175    0.0003547  -0.00088200
 176    0.0002534  -0.00087079
 177    0.0002645  -0.00124513
 178    0.0001727  -0.00116678
 179    0.0000059  -0.00006153
 180    0.0000013  -0.00001906
 181    0.0000014  -0.00001950
 182    0.0000005  -0.00000539
 183    0.0000023  -0.00005685
 184    0.0000034  -0.00005282
 185    0.0000036  -0.00023899
 186    0.0000000  -0.00000017
 187    0.0000000  -0.00000012
 188    0.0000000  -0.00000011
 189    0.0000000  -0.00000057
 190    0.0000388  -0.00013204
 191    0.0000387  -0.00013204
 192    0.0001785  -0.00066776
 193    0.0002126  -0.00080743
 194    0.0000633  -0.00018395
 195    0.0000537  -0.00017220
 196    0.0001991  -0.00055958
 197    0.0001942  -0.00066797
 198    0.0001864  -0.00092853
 199    0.0001290  -0.00092841
 200    0.0000052  -0.00010039
 201    0.0000008  -0.00001156
 202    0.0000012  -0.00002030
 203    0.0000005  -0.00000535
 204    0.0000021  -0.00010631
 205    0.0000022  -0.00003252
 206    0.0000025  -0.00006237
 207    0.0000000  -0.00000016
 208    0.0000000  -0.00000010
 209    0.0000000  -0.00000009
 210    0.0000000  -0.00000060
 211    0.0000379  -0.00012624
 212    0.0000379  -0.00012686
 213    0.0001221  -0.00057979
 214    0.0001448  -0.00056350
 215    0.0000586  -0.00018102
 216    0.0000505  -0.00016137
 217    0.0001247  -0.00043366
 218    0.0001733  -0.00060767
 219    0.0001287  -0.00096320
 220    0.0000602  -0.00023829
 221    0.0000038  -0.00006610
 222    0.0000005  -0.00000474
 223    0.0000007  -0.00000784
 224    0.0000005  -0.00000521
 225    0.0000012  -0.00001807
 226    0.0000018  -0.00012577
 227    0.0000016  -0.00006876
 228    0.0000000  -0.00000015
 229    0.0000000  -0.00000007
 230    0.0000000  -0.00000008
 231    0.0000000  -0.00000066
 232    0.0000357  -0.00012254
 233    0.0000372  -0.00012157
 234    0.0000863  -0.00029197
 235    0.0001269  -0.00071283
 236    0.0000571  -0.00017568
 237    0.0000440  -0.00015100
 238    0.0001063  -0.00046493
 239    0.0001306  -0.00080765
 240    0.0000607  -0.00023023
 241    0.0000588  -0.00020855
 242    0.0000035  -0.00003895
 243    0.0000004  -0.00000357
 244    0.0000007  -0.00000646
 245    0.0000005  -0.00000486
 246    0.0000009  -0.00001394
 247    0.0000013  -0.00001990
 248    0.0000004  -0.00000397
 249    0.0000000  -0.00000014
 250    0.0000000  -0.00000006
 251    0.0000000  -0.00000007
 252    0.0000000  -0.00000044
 
----------------
 Final Energies 
----------------
Final NOF Total Energy =    -959.4252310
 
Total Orbital Internal Iterations = 242
Total Occupation Internal Iterations = 0
 
Elapsed time:  139.80 Seconds

---------------------------------
   Lowdin Population Analysis    
---------------------------------
 Idx  Atom   Population   Charge 
---------------------------------
  1    Cl    16.621       0.379
  2     C     6.528      -0.528
  3    Cl    16.621       0.379
  4     H     1.114      -0.114
  5     H     1.116      -0.116

---------------------------------
   M Diagnostic: 0.04
---------------------------------

