Computing Integrals
Basis Set                                            = def2-qzvp
Auxiliary Basis Set                                  = def2-universal-jkfit
Gaussian Type                                        = Spherical
Elapsed time:    2.43 Seconds

Number of basis functions                   (NBF)    = 157
Number of auxiliary basis functions         (NBFAUX) = 221
Inactive Doubly occupied orbitals up to     (NO1)    = 0
No. considered Strongly Doubly occupied MOs (NDOC)   = 11
No. considered Strongly Singly occupied MOs (NSOC)   = 0
NO. of Weakly occ. per St. Doubly occ.  MOs (NCWO)   = 13
Dimension of the Nat. Orb. subspace         (NBF5)   = 154
No. of electrons                                     = 22
    No. of alpha electrons                           = 11
    No. of beta electrons                            = 11
Multiplicity                                         = 1

Geometry
========
 P       0.0000000       0.0000000       0.5341990
 C       0.0000000       0.0000000      -0.9915770
 H       0.0000000       0.0000000      -2.0635260

No violations of the orthonormality
No violations of the orthonormality
 
PNOF8/ADABelief Calculation
==================
 
  Nitext  Nit_orb  Time   Nit_occ  Time         Eelec          Etot           Ediff      maxdiff    MaxGrad_orb  Grad_occ
     1      10    1.1e+01    0    1.2e+01  -417.02497789  -379.79323444 -10416.02497789   0.000496   2.0e-03   2.7e-04 0.04
 
RESULTS OF THE OCCUPATION OPTIMIZATION
========================================
   1    1.9999994  -79.99427890
   2    1.9999714  -11.27452870
   3    1.9998605  -7.50779754
   4    1.9992874  -5.40631506
   5    1.9992947  -5.40563530
   6    1.9988597  -5.40509729
   7    1.9779109  -0.91034399
   8    1.9751768  -0.66795325
   9    1.9717807  -0.66519490
  10    1.9562293  -0.40647085
  11    1.9562777  -0.40621366
  12    0.0324977  -0.03666206
  13    0.0339301  -0.03720964
  14    0.0164971  -0.03114264
  15    0.0053687  -0.01643826
  16    0.0065241  -0.02376986
  17    0.0006324  -0.01078884
  18    0.0005786  -0.00620769
  19    0.0005637  -0.00596742
  20    0.0000947  -0.00201678
  21    0.0000171  -0.00035228
  22    0.0000006  -0.00001190
  23    0.0101312  -0.01293142
  24    0.0067302  -0.00881126
  25    0.0026207  -0.00661468
  26    0.0045454  -0.01322539
  27    0.0041147  -0.01268520
  28    0.0004706  -0.00528612
  29    0.0000873  -0.00217006
  30    0.0000661  -0.00045447
  31    0.0000166  -0.00014153
  32    0.0000036  -0.00003819
  33    0.0000001  -0.00000063
  34    0.0003691  -0.00070471
  35    0.0010261  -0.00176270
  36    0.0025909  -0.00617410
  37    0.0043807  -0.01055717
  38    0.0031253  -0.01056810
  39    0.0000117  -0.00007884
  40    0.0000104  -0.00007000
  41    0.0000357  -0.00020444
  42    0.0000159  -0.00044919
  43    0.0000024  -0.00002904
  44    0.0000000  -0.00000019
  45    0.0001751  -0.00039100
  46    0.0006024  -0.00114450
  47    0.0025643  -0.00745545
  48    0.0042916  -0.01363993
  49    0.0023517  -0.00906792
  50    0.0000107  -0.00007039
  51    0.0000083  -0.00016907
  52    0.0000244  -0.00061499
  53    0.0000044  -0.00014860
  54    0.0000023  -0.00002974
  55    0.0000000  -0.00000013
  56    0.0001496  -0.00032949
  57    0.0003980  -0.00069745
  58    0.0017411  -0.00530593
  59    0.0037842  -0.00902119
  60    0.0018022  -0.00635585
  61    0.0000036  -0.00003730
  62    0.0000052  -0.00004343
  63    0.0000059  -0.00005214
  64    0.0000035  -0.00003196
  65    0.0000021  -0.00005760
  66    0.0000000  -0.00000011
  67    0.0001487  -0.00032180
  68    0.0003338  -0.00057238
  69    0.0008418  -0.00253857
  70    0.0014375  -0.00620145
  71    0.0016817  -0.00616777
  72    0.0000033  -0.00003342
  73    0.0000046  -0.00020425
  74    0.0000038  -0.00027578
  75    0.0000020  -0.00002311
  76    0.0000003  -0.00000335
  77    0.0000000  -0.00000007
  78    0.0000523  -0.00013253
  79    0.0003280  -0.00056284
  80    0.0006514  -0.00179434
  81    0.0003411  -0.00108511
  82    0.0007421  -0.00265739
  83    0.0000025  -0.00002913
  84    0.0000033  -0.00003200
  85    0.0000032  -0.00005966
  86    0.0000008  -0.00000894
  87    0.0000003  -0.00000245
  88    0.0000000  -0.00000005
  89    0.0000455  -0.00012864
  90    0.0001434  -0.00033320
  91    0.0001895  -0.00051716
  92    0.0001739  -0.00046394
  93    0.0006341  -0.00209130
  94    0.0000014  -0.00002053
  95    0.0000025  -0.00002545
  96    0.0000027  -0.00002772
  97    0.0000004  -0.00000447
  98    0.0000001  -0.00000194
  99    0.0000000  -0.00000005
 100    0.0000368  -0.00009398
 101    0.0000858  -0.00023911
 102    0.0001770  -0.00051651
 103    0.0001664  -0.00047341
 104    0.0004403  -0.00212284
 105    0.0000012  -0.00001710
 106    0.0000017  -0.00002091
 107    0.0000024  -0.00002686
 108    0.0000004  -0.00000424
 109    0.0000001  -0.00000173
 110    0.0000000  -0.00000005
 111    0.0000346  -0.00008770
 112    0.0000647  -0.00014404
 113    0.0001542  -0.00045022
 114    0.0001408  -0.00042453
 115    0.0003543  -0.00105698
 116    0.0000011  -0.00001512
 117    0.0000013  -0.00001992
 118    0.0000018  -0.00002197
 119    0.0000003  -0.00000376
 120    0.0000001  -0.00000107
 121    0.0000000  -0.00000005
 122    0.0000298  -0.00007618
 123    0.0000524  -0.00013082
 124    0.0001211  -0.00037945
 125    0.0000741  -0.00026980
 126    0.0001374  -0.00051118
 127    0.0000009  -0.00000978
 128    0.0000010  -0.00001019
 129    0.0000016  -0.00002046
 130    0.0000003  -0.00000304
 131    0.0000001  -0.00000079
 132    0.0000000  -0.00000005
 133    0.0000279  -0.00006685
 134    0.0000422  -0.00011029
 135    0.0000357  -0.00010798
 136    0.0000660  -0.00023779
 137    0.0001091  -0.00038801
 138    0.0000006  -0.00000641
 139    0.0000006  -0.00000692
 140    0.0000006  -0.00002426
 141    0.0000001  -0.00000178
 142    0.0000001  -0.00000067
 143    0.0000000  -0.00000004
 144    0.0000240  -0.00006465
 145    0.0000335  -0.00009503
 146    0.0000345  -0.00010023
 147    0.0000529  -0.00020163
 148    0.0000721  -0.00027635
 149    0.0000004  -0.00000391
 150    0.0000005  -0.00000595
 151    0.0000006  -0.00000738
 152    0.0000001  -0.00000165
 153    0.0000000  -0.00000047
 154    0.0000000  -0.00000004
 
----------------
 Final Energies 
----------------
Final NOF Total Energy =    -379.7932344
 
Total Orbital Internal Iterations = 10
Total Occupation Internal Iterations = 0
 
Elapsed time:   29.07 Seconds

---------------------------------
   Lowdin Population Analysis    
---------------------------------
 Idx  Atom   Population   Charge 
---------------------------------
  1     P    14.612       0.388
  2     C     6.211      -0.211
  3     H     1.177      -0.177

---------------------------------
   M Diagnostic: 0.04
---------------------------------

