Job runing on nagpu02
Choosing scratch ...
Automatic scratch folder selection
/scratch/pobleyef/351520
/scratch/pobleyef/351520 directory
cp HEAVY28-teh2_hi.gcf HEAVY28-teh2_hi.inp to  /scratch/pobleyef/351520/.
HEAVY28-teh2_hi
 This is the OpenMP version of the code
 This is the OpenMP version of the code
 This is the OpenMP version of the code
 This is the OpenMP version of the code
 This is the OpenMP version of the code
 This is the OpenMP version of the code
 This is the OpenMP version of the code
 This is the OpenMP version of the code
 This is the OpenMP version of the code
 This is the OpenMP version of the code
 This is the OpenMP version of the code
 This is the OpenMP version of the code
 This is the OpenMP version of the code
 This is the OpenMP version of the code
 This is the OpenMP version of the code
 This is the OpenMP version of the code
 This is the OpenMP version of the code
 This is the OpenMP version of the code
 This is the OpenMP version of the code
 This is the OpenMP version of the code
 This is the OpenMP version of the code
 This is the OpenMP version of the code
 This is the OpenMP version of the code
 This is the OpenMP version of the code
 This is the OpenMP version of the code
 This is the OpenMP version of the code
 This is the OpenMP version of the code
 This is the OpenMP version of the code
 This is the OpenMP version of the code
 This is the OpenMP version of the code
 This is the OpenMP version of the code
 This is the OpenMP version of the code
 This is the OpenMP version of the code
 This is the OpenMP version of the code
 This is the OpenMP version of the code
 This is the OpenMP version of the code
 This is the OpenMP version of the code
 This is the OpenMP version of the code
 This is the OpenMP version of the code
 This is the OpenMP version of the code
 This is the OpenMP version of the code
 This is the OpenMP version of the code
 This is the OpenMP version of the code
 This is the OpenMP version of the code
 This is the OpenMP version of the code
 This is the OpenMP version of the code
 This is the OpenMP version of the code
 This is the OpenMP version of the code
 This is the OpenMP version of the code
 This is the OpenMP version of the code
 This is the OpenMP version of the code
 This is the OpenMP version of the code
 This is the OpenMP version of the code
 This is the OpenMP version of the code
 This is the OpenMP version of the code
 This is the OpenMP version of the code
 This is the OpenMP version of the code
 This is the OpenMP version of the code
 This is the OpenMP version of the code
 This is the OpenMP version of the code
 This is the OpenMP version of the code
 This is the OpenMP version of the code
 This is the OpenMP version of the code
 This is the OpenMP version of the code
 This is the OpenMP version of the code
 This is the OpenMP version of the code
 This is the OpenMP version of the code
 This is the OpenMP version of the code
 This is the OpenMP version of the code
 This is the OpenMP version of the code
 This is the OpenMP version of the code
 This is the OpenMP version of the code
 This is the OpenMP version of the code
 This is the OpenMP version of the code
 This is the OpenMP version of the code
 This is the OpenMP version of the code
 This is the OpenMP version of the code
 This is the OpenMP version of the code
 This is the OpenMP version of the code
 This is the OpenMP version of the code
 This is the OpenMP version of the code
 This is the OpenMP version of the code
 This is the OpenMP version of the code
 This is the OpenMP version of the code
 This is the OpenMP version of the code
 This is the OpenMP version of the code
 This is the OpenMP version of the code
 This is the OpenMP version of the code
 This is the OpenMP version of the code
 This is the OpenMP version of the code
 This is the OpenMP version of the code
 This is the OpenMP version of the code
 This is the OpenMP version of the code
 This is the OpenMP version of the code
 This is the OpenMP version of the code
 This is the OpenMP version of the code
 This is the OpenMP version of the code
 This is the OpenMP version of the code
 This is the OpenMP version of the code
 This is the OpenMP version of the code
 This is the OpenMP version of the code
 This is the OpenMP version of the code
 This is the OpenMP version of the code
 This is the OpenMP version of the code
 This is the OpenMP version of the code
 This is the OpenMP version of the code
 This is the OpenMP version of the code
 This is the OpenMP version of the code
 This is the OpenMP version of the code
 This is the OpenMP version of the code
 This is the OpenMP version of the code
 This is the OpenMP version of the code
 This is the OpenMP version of the code
 This is the OpenMP version of the code
 This is the OpenMP version of the code
 This is the OpenMP version of the code
 This is the OpenMP version of the code
 This is the OpenMP version of the code
 This is the OpenMP version of the code
 This is the OpenMP version of the code
 This is the OpenMP version of the code
 This is the OpenMP version of the code
 This is the OpenMP version of the code
 This is the OpenMP version of the code
 This is the OpenMP version of the code
 This is the OpenMP version of the code
 This is the OpenMP version of the code
 This is the OpenMP version of the code
 This is the OpenMP version of the code
 This is the OpenMP version of the code
 This is the OpenMP version of the code
 This is the OpenMP version of the code
 This is the OpenMP version of the code
 This is the OpenMP version of the code
 This is the OpenMP version of the code
 This is the OpenMP version of the code
 This is the OpenMP version of the code
 This is the OpenMP version of the code
 This is the OpenMP version of the code
 This is the OpenMP version of the code

 The execution started at  1h 24min on the 11/12/2025

    ===========================================================
    !                                                         !
    !                        Do N O F                         !
    !                                                         !
    !  (Donostia Natural Orbital Functional Software Program) !
    !                                                         !
    !               COPYRIGHT by Mario Piris                  !
    !                                                         !
    !      Donostia International Physics Center (DIPC)       !
    !       University of the Basque Country (UPV/EHU)        !
    !       Basque Foundation for Science (IKERBASQUE)        !
    !                                                         !
    !          GNU General Public License version 3           !
    !                                                         !
    !                  VERSION: October 2025                  !
    !                                                         !
    ===========================================================

 Run Title
 ---------
  Molname                                                                        

 Basis Set
 ---------
 /home/pobleyef/DoNOFsw/basis/def2-QZVP.bas                                      

 Atom      Charge                Coordinates (Bohr)
                           x             y             z
 TE         52.0        0.0731        4.0859        0.0000
 H           1.0       -0.1975        1.0080        0.0000
 H           1.0       -3.0010        4.3614        0.0000
 H           1.0        3.0524       -4.5308        0.0000
 I          53.0        0.0731       -4.9244        0.0000

 Atomic Basis Set
 ----------------
 The contracted primitive functions were unnormalized
 The contracted basis functions are now normalized to unity

  Shell Type  Primitive         Exponent  Contraction Coefficient

 TE        

      1   S       1         15746.3000000    0.000143505502
      1   S       2          2369.2500000    0.001057688697
      1   S       3           535.8600000    0.004416780439
      1   S       4           141.8850000    0.009662703776
      1   S       5            27.8197000   -0.155270295244
      1   S       6            17.3879000    0.974030304699
      1   S       7            10.8656000   -1.056596460807
      1   S       8             6.5688500   -1.379712385251
      1   S       9             2.4013900    1.827441577778

      2   S      10            29.3832530    0.065123322284
      2   S      11            15.9464080   -0.295127541592
      2   S      12             3.6679903    1.157583693522

      3   S      13             1.2865442    1.000000000000

      4   S      14             0.6353359    1.000000000000

      5   S      15             0.2980779    1.000000000000

      6   S      16             0.1406125    1.000000000000

      7   S      17             0.0656607    1.000000000000

      8   P      18           750.2220000    0.000059811429
      8   P      19           163.9610000    0.000471590110
      8   P      20            16.9227000    0.095913376815
      8   P      21            10.5755000   -0.308502747699
      8   P      22             5.7046200   -0.026376840001
      8   P      23             2.9802200    0.569989111661
      8   P      24             1.5197000    0.591813381771

      9   P      25            13.9254573   -0.023770496808
      9   P      26             4.2323767    0.249927523263
      9   P      27             1.4547631    0.815474645660

     10   P      28             0.7552878    1.000000000000

     11   P      29             0.3182945    1.000000000000

     12   P      30             0.1372183    1.000000000000

     13   P      31             0.0570992    1.000000000000

     14   D      32           146.3072712    0.000461306274
     14   D      33            42.2438594    0.003533209679
     14   D      34             9.9155378   -0.117465721016
     14   D      35             8.9949644    0.139705429021
     14   D      36             4.1376628    0.227137070875
     14   D      37             2.3659339    0.343049326787
     14   D      38             1.3736142    0.323069207587
     14   D      39             0.7984638    0.204724481522

     15   D      40             0.4568518    1.000000000000

     16   D      41             0.2502275    1.000000000000

     17   D      42             0.1156000    1.000000000000

     18   F      43             5.8043400    1.000000000000

     19   F      44             1.9347800    1.000000000000

     20   F      45             0.5184000    1.000000000000

     21   F      46             0.2135000    1.000000000000

     22   G      47             0.4294000    1.000000000000

 H         

     23   S      48           190.6916900    0.005342636962
     23   S      49            28.6055320    0.041252338243
     23   S      50             6.5095943    0.210993525698
     23   S      51             1.8412455    0.812128545862

     24   S      52             0.5985373    1.000000000000

     25   S      53             0.2139762    1.000000000000

     26   S      54             0.0803163    1.000000000000

     27   P      55             2.2920000    1.000000000000

     28   P      56             0.8380000    1.000000000000

     29   P      57             0.2920000    1.000000000000

     30   D      58             2.0620000    1.000000000000

     31   D      59             0.6620000    1.000000000000

     32   F      60             1.3970000    1.000000000000

 H         

     33   S      61           190.6916900    0.005342636962
     33   S      62            28.6055320    0.041252338243
     33   S      63             6.5095943    0.210993525698
     33   S      64             1.8412455    0.812128545862

     34   S      65             0.5985373    1.000000000000

     35   S      66             0.2139762    1.000000000000

     36   S      67             0.0803163    1.000000000000

     37   P      68             2.2920000    1.000000000000

     38   P      69             0.8380000    1.000000000000

     39   P      70             0.2920000    1.000000000000

     40   D      71             2.0620000    1.000000000000

     41   D      72             0.6620000    1.000000000000

     42   F      73             1.3970000    1.000000000000

 H         

     43   S      74           190.6916900    0.005342636962
     43   S      75            28.6055320    0.041252338243
     43   S      76             6.5095943    0.210993525698
     43   S      77             1.8412455    0.812128545862

     44   S      78             0.5985373    1.000000000000

     45   S      79             0.2139762    1.000000000000

     46   S      80             0.0803163    1.000000000000

     47   P      81             2.2920000    1.000000000000

     48   P      82             0.8380000    1.000000000000

     49   P      83             0.2920000    1.000000000000

     50   D      84             2.0620000    1.000000000000

     51   D      85             0.6620000    1.000000000000

     52   F      86             1.3970000    1.000000000000

 I         

     53   S      87         16788.4000000    0.000103586804
     53   S      88          2526.6400000    0.000765531745
     53   S      89           571.9840000    0.003150554741
     53   S      90           150.4340000    0.006717983204
     53   S      91            29.5405000   -0.134384929151
     53   S      92            18.4571000    0.859255064197
     53   S      93            11.5286000   -0.890227518539
     53   S      94             7.0828900   -1.367813214298
     53   S      95             2.5040500    1.808345152379

     54   S      96            25.0586179    0.088686579218
     54   S      97            15.6219794   -0.309437052616
     54   S      98             3.3536325    1.147487780264

     55   S      99             1.3540145    1.000000000000

     56   S     100             0.6743047    1.000000000000

     57   S     101             0.3272714    1.000000000000

     58   S     102             0.1574936    1.000000000000

     59   S     103             0.0743777    1.000000000000

     60   P     104           656.2740000    0.000102263116
     60   P     105           149.2320000    0.000688871318
     60   P     106            19.0153000    0.067339699796
     60   P     107            10.7378000   -0.280108787807
     60   P     108             6.4420800   -0.004916495947
     60   P     109             3.0920300    0.577616914298
     60   P     110             1.5787400    0.569991007671

     61   P     111            15.6605119   -0.024484627992
     61   P     112             4.9250670    0.260041620414
     61   P     113             1.6692320    0.808870366710

     62   P     114             0.7781790    1.000000000000

     63   P     115             0.3560884    1.000000000000

     64   P     116             0.1549324    1.000000000000

     65   P     117             0.0646662    1.000000000000

     66   D     118           318.2240778    0.000120648927
     66   D     119            95.8102274    0.001012623893
     66   D     120            35.3222953    0.005278751941
     66   D     121            13.1074478   -0.017935310228
     66   D     122             6.2949153    0.100128211172
     66   D     123             3.6826101    0.302771472093
     66   D     124             2.0858951    0.397340741727
     66   D     125             1.1644342    0.312691340071

     67   D     126             0.6318061    1.000000000000

     68   D     127             0.3221508    1.000000000000

     69   D     128             0.1349000    1.000000000000

     70   F     129             6.4253614    1.000000000000

     71   F     130             2.1780000    1.000000000000

     72   F     131             0.5878000    1.000000000000

     73   F     132             0.2500000    1.000000000000

     74   G     133             0.4739000    1.000000000000

 Total Number of Basis Set Shells             =   74
 Total Number of Primitives                   =  133
 Number of Spherical Gaussian Basis Functions =  254
 Total Number of Auxiliary Basis Set Shells   =  110
 Number of Sph. Gaussian Auxiliary Set Func.  =  490
 Number of Electrons                          =  108
 Charge of Molecule                           =    0
 Spin Multiplicity                            =    1
 Number of Occupied Orbitals (Alpha)          =   54
 Number of Occupied Orbitals (Beta )          =   54
 Total Number of Atoms                        =    5

 Nuclear Energy =      377.7103704579

 Note: This calculation is using an effective core potential
 so NE and ENUC will be adjusted later after removal of the Core

 Input Run Options
 -----------------
 IRUNTYP = 1  MULT = 1  ICHARG =  0 IECP = 1  IEMOM = 1  UNITS = ANGS    

 ECP Potentials
 --------------
 Parameters for "TE-ECP  " on Atom  1 with ZCORE 28 and LMAX 3 are

 for L= 3      COEFF    N           ZETA
    1      -15.74545    2       15.20617
    1      -20.74245    2       15.20170
 for L= 0      COEFF    N           ZETA
    1      281.04584    2       16.81447
    1       61.62066    2        8.79353
    1       15.74545    2       15.20617
    1       20.74245    2       15.20170
 for L= 1      COEFF    N           ZETA
    1       67.44946    2       14.87780
    1      134.90430    2       14.26973
    1       14.68955    2        8.72443
    1       29.41506    2        8.29152
    1       15.74545    2       15.20617
    1       20.74245    2       15.20170
 for L= 2      COEFF    N           ZETA
    1       35.43206    2       15.20501
    1       53.13569    2       15.22585
    1        9.06980    2        6.07177
    1       13.12230    2        5.80476
    1       15.74545    2       15.20617
    1       20.74245    2       15.20170
 Parameters for "I-ECP   " on Atom  5 with ZCORE 28 and LMAX 3 are

 for L= 3      COEFF    N           ZETA
    7      -21.84204    2       19.45861
    7      -28.46819    2       19.34926
    7       -0.24371    2        4.82377
    7       -0.32080    2        4.88431
 for L= 0      COEFF    N           ZETA
    7       49.99429    2       40.01584
    7      281.02532    2       17.42975
    7       61.57333    2        9.00548
    7       21.84204    2       19.45861
    7       28.46819    2       19.34926
    7        0.24371    2        4.82377
    7        0.32080    2        4.88431
 for L= 1      COEFF    N           ZETA
    7       67.44284    2       15.35547
    7      134.88114    2       14.97183
    7       14.67505    2        8.96016
    7       29.37567    2        8.25910
    7       21.84204    2       19.45861
    7       28.46819    2       19.34926
    7        0.24371    2        4.82377
    7        0.32080    2        4.88431
 for L= 2      COEFF    N           ZETA
    7       35.43953    2       15.06891
    7       53.17606    2       14.55532
    7        9.06719    2        6.71865
    7       13.20694    2        6.45639
    7        0.08933    2        1.19178
    7        0.05238    2        1.29116
    7       21.84204    2       19.45861
    7       28.46819    2       19.34926
    7        0.24371    2        4.82377
    7        0.32080    2        4.88431

 The ECP removes  56 core electrons and  56 protons

 Number of electrons kept in the run =   52
 Number of occupied orbitals (Alpha) =   26
 Number of occupied orbitals (Beta)  =   26

 Adjusted Nuclear Energy =      100.3285977868


 Integral Options
 ----------------
 ERITYP = RI     AUX = JKFIT

 Input NOF Options
 -----------------

 Natural Orbital Functional Selected:    (IPNOF)         8
 Scaled version of GNOF (GNOFs):         (Imod)          2

 Type of calculation = ICOEF2 + ICOEF1:  (ICOEF)        21
 Use Softmax function for Occ. Opt.:     (ISOFTMAX)      1
 Type of Orb. Opt. = Orbital Rotations:  (IORBOPT)       2
 Maximum Number of Coef Outer Iter.:     (MAXIT21)       3
 Maximum Number of Occ-Coef Outer Iter.: (MAXIT)      1000

 Restart calculation Option:             (RESTART)       F
 Restart Gamma Matrix from GCF file:     (INPUTGAMMA)    0
 Coefficient Matrix from GCF file:       (INPUTC)        0
 Diagonal Elements FMIUG from GCF file:  (INPUTFMIUG)    0
 Cartesian Coordinates from GCF file:    (INPUTCXYZ)     0

 Threshold Lambda Convergence=10**(-N):  (NTHRESHL)      3
 Threshold Energy Convergence=10**(-N):  (NTHRESHE)      5
 Max. Number of Inner Coef. Iterations:  (MAXLOOP)      10
 Orthogonalize the initial Orbitals:     (ORTHO)         T

 Output Option:                          (NPRINT)        0
 Output the Coefficient Matrix:          (IWRITEC)       0
 Do a Mulliken Population Analysis:      (IMULPOP)       0
 Write Information into a WFN file:      (IAIMPAC)       1
 Write Information into a FCHK file:     (IFCHK)         1
 Write Information into a MLP file:      (MOLDEN)        1
 Create Ini. Cond. (ini.xyz) file:       (INICOND)       1
 Calculate IPs using Ext. Koopmans Theo: (IEKT)          0
 Write APSG expansion coefficient file:  (APSG)          F
 Output option for Lagrange Multipliers: (PRINTLAG)      F
 Diagonalize matrix of Lag. Multipliers: (DIAGLAG)       F

------------------------------------------------------------------------

 Orbital Space
 -------------

 Inactive Doubly occupied orbitals up to NO1  =    0
 No. considered Strongly Doubly occupied MOs  =   26
 No. considered Strongly Singly occupied MOs  =    0
 No. of Weakly occ. per St. Doubly occ.  MOs  =    8
 Dimension of the Active Nat. Orb. subspace   =  234
 Secondary Empty orbitals                     =   20

 1e- integrals
 -------------
 Time to do integrals =      0.46
 Guess for MOs = HCORE
         6 MOs were matched and       360 equalized to zero

 Orthonormality violations:       3, Maximum Violation:  0.000001
 Orthogonalize the orbitals

 No violations of the orthonormality

 2e- integrals
 -------------
 DONTW option skips storage 2e- integrals on Unit 1
 Time to do integrals =      0.91

 Input for Coefficients is HCORE

   INITIAL VALUES
  =================

   OM     Occupation      Elag Diag

    1      1.9980000      7.2764012
    2      1.9980000     -5.6818693
    3      1.9980000      8.7474541
    4      1.9980000      8.7313522
    5      1.9980000      8.7291325
    6      1.9980000     -3.7886982
    7      1.9980000     -3.8119584
    8      1.9980000     -3.9651673
    9      1.9980000     11.2306974
   10      1.9980000     11.1267547
   11      1.9980000     11.1419039
   12      1.9980000     11.1251763
   13      1.9980000     11.1252230
   14      1.9980000     -0.9539926
   15      1.9980000     -1.0430926
   16      1.9980000     -1.0346211
   17      1.9980000     -1.0443522
   18      1.9980000     -1.0607028
   19      1.9980000     16.6963459
   20      1.9980000     16.6946460
   21      1.9980000     16.7055855
   22      1.9980000     16.7050641
   23      1.9980000     16.7115424
   24      1.9980000     16.7123191
   25      1.9980000     16.7133088
   26      1.9980000      3.4582647
   27      0.0002500     -0.0095650
   28      0.0002500     -0.0097007
   29      0.0002500     -0.0098315
   30      0.0002500     -0.0097548
   31      0.0002500     -0.0096649
   32      0.0002500     -0.0096221
   33      0.0002500     -0.0035978
   34      0.0002500     -0.0032489
   35      0.0002500     -0.0018415
   36      0.0002500     -0.0018269
   37      0.0002500     -0.0017610
   38      0.0002500     -0.0022346
   39      0.0002500     -0.0022307
   40      0.0002500     -0.0018304
   41      0.0002500     -0.0006646
   42      0.0002500     -0.0005943
   43      0.0002500     -0.0005744
   44      0.0002500     -0.0005809
   45      0.0002500     -0.0004273
   46      0.0002500     -0.0009679
   47      0.0002500     -0.0012991
   48      0.0002500     -0.0014796
   49      0.0002500     -0.0015297
   50      0.0002500     -0.0015286
   51      0.0002500     -0.0013438
   52      0.0002500     -0.0015052
   53      0.0002500     -0.0013210
   54      0.0002500     -0.0008145
   55      0.0002500     -0.0006454
   56      0.0002500     -0.0006458
   57      0.0002500     -0.0006384
   58      0.0002500     -0.0012733
   59      0.0002500     -0.0009918
   60      0.0002500     -0.0009776
   61      0.0002500     -0.0013564
   62      0.0002500     -0.0010410
   63      0.0002500     -0.0010578
   64      0.0002500     -0.0010055
   65      0.0002500     -0.0004153
   66      0.0002500     -0.0006553
   67      0.0002500     -0.0000071
   68      0.0002500     -0.0001044
   69      0.0002500      0.0000161
   70      0.0002500     -0.0003126
   71      0.0002500     -0.0003975
   72      0.0002500     -0.0003480
   73      0.0002500      0.0001636
   74      0.0002500     -0.0000358
   75      0.0002500     -0.0002360
   76      0.0002500     -0.0000052
   77      0.0002500      0.0000911
   78      0.0002500     -0.0000147
   79      0.0002500      0.0002514
   80      0.0002500     -0.0001585
   81      0.0002500      0.0001028
   82      0.0002500     -0.0001093
   83      0.0002500      0.0003153
   84      0.0002500      0.0004675
   85      0.0002500     -0.0001533
   86      0.0002500     -0.0001527
   87      0.0002500      0.0004255
   88      0.0002500      0.0003263
   89      0.0002500     -0.0002241
   90      0.0002500      0.0002365
   91      0.0002500      0.0003086
   92      0.0002500      0.0001714
   93      0.0002500     -0.0001411
   94      0.0002500      0.0001804
   95      0.0002500      0.0002124
   96      0.0002500     -0.0000248
   97      0.0002500     -0.0000763
   98      0.0002500      0.0000994
   99      0.0002500      0.0001144
  100      0.0002500      0.0000467
  101      0.0002500      0.0001066
  102      0.0002500      0.0000602
  103      0.0002500      0.0001773
  104      0.0002500     -0.0000552
  105      0.0002500     -0.0002156
  106      0.0002500     -0.0000426
  107      0.0002500     -0.0000680
  108      0.0002500     -0.0000497
  109      0.0002500     -0.0000286
  110      0.0002500     -0.0000193
  111      0.0002500      0.0000184
  112      0.0002500     -0.0000958
  113      0.0002500     -0.0000980
  114      0.0002500     -0.0001628
  115      0.0002500     -0.0000432
  116      0.0002500      0.0000578
  117      0.0002500     -0.0001221
  118      0.0002500      0.0001102
  119      0.0002500      0.0000555
  120      0.0002500      0.0000474
  121      0.0002500     -0.0000675
  122      0.0002500      0.0001197
  123      0.0002500      0.0001546
  124      0.0002500      0.0001678
  125      0.0002500      0.0003030
  126      0.0002500      0.0000477
  127      0.0002500      0.0004150
  128      0.0002500      0.0001575
  129      0.0002500      0.0001641
  130      0.0002500      0.0001317
  131      0.0002500      0.0002022
  132      0.0002500      0.0001382
  133      0.0002500      0.0002104
  134      0.0002500      0.0002713
  135      0.0002500      0.0001060
  136      0.0002500      0.0002054
  137      0.0002500      0.0001488
  138      0.0002500      0.0002382
  139      0.0002500      0.0002625
  140      0.0002500      0.0002096
  141      0.0002500      0.0003519
  142      0.0002500      0.0001035
  143      0.0002500      0.0000121
  144      0.0002500      0.0000389
  145      0.0002500      0.0000380
  146      0.0002500      0.0000316
  147      0.0002500      0.0001167
  148      0.0002500      0.0002091
  149      0.0002500      0.0000260
  150      0.0002500      0.0000553
  151      0.0002500      0.0000138
  152      0.0002500      0.0000897
  153      0.0002500      0.0003774
  154      0.0002500      0.0004722
  155      0.0002500      0.0001685
  156      0.0002500      0.0001139
  157      0.0002500      0.0001360
  158      0.0002500      0.0001448
  159      0.0002500      0.0001799
  160      0.0002500      0.0001362
  161      0.0002500      0.0001986
  162      0.0002500      0.0001577
  163      0.0002500      0.0002259
  164      0.0002500      0.0002223
  165      0.0002500      0.0002162
  166      0.0002500      0.0001547
  167      0.0002500      0.0001534
  168      0.0002500      0.0001002
  169      0.0002500      0.0001025
  170      0.0002500      0.0002917
  171      0.0002500      0.0000882
  172      0.0002500      0.0000576
  173      0.0002500      0.0001538
  174      0.0002500      0.0000155
  175      0.0002500      0.0001674
  176      0.0002500      0.0000831
  177      0.0002500      0.0002729
  178      0.0002500      0.0000684
  179      0.0002500      0.0001206
  180      0.0002500      0.0000145
  181      0.0002500      0.0005069
  182      0.0002500      0.0003932
  183      0.0002500     -0.0000285
  184      0.0002500      0.0000671
  185      0.0002500      0.0000590
  186      0.0002500      0.0002706
  187      0.0002500      0.0000763
  188      0.0002500      0.0002273
  189      0.0002500      0.0001262
  190      0.0002500      0.0002880
  191      0.0002500      0.0002764
  192      0.0002500      0.0005587
  193      0.0002500      0.0006344
  194      0.0002500      0.0005113
  195      0.0002500      0.0005910
  196      0.0002500      0.0003008
  197      0.0002500      0.0000828
  198      0.0002500      0.0003530
  199      0.0002500      0.0006886
  200      0.0002500      0.0005974
  201      0.0002500      0.0001436
  202      0.0002500      0.0001995
  203      0.0002500      0.0001342
  204      0.0002500      0.0001337
  205      0.0002500      0.0000660
  206      0.0002500      0.0000070
  207      0.0002500      0.0009419
  208      0.0002500      0.0008754
  209      0.0002500      0.0009296
  210      0.0002500      0.0008758
  211      0.0002500      0.0008881
  212      0.0002500      0.0008863
  213      0.0002500      0.0007909
  214      0.0002500      0.0007807
  215      0.0002500      0.0007830
  216      0.0002500      0.0008990
  217      0.0002500      0.0005481
  218      0.0002500      0.0006040
  219      0.0002500      0.0005830
  220      0.0002500      0.0005944
  221      0.0002500      0.0005996
  222      0.0002500      0.0006648
  223      0.0002500      0.0006281
  224      0.0002500      0.0007238
  225      0.0002500      0.0009698
  226      0.0002500      0.0009891
  227      0.0002500      0.0009440
  228      0.0002500      0.0010228
  229      0.0002500      0.0010142
  230      0.0002500      0.0011592
  231      0.0002500      0.0011584
  232      0.0002500      0.0010841
  233      0.0002500      0.0008525
  234      0.0002500      0.0009304

   RO Sum (  52) =   52.00

  ---------------
   Dipole Moment
  ---------------

    131.7593 Debye [  51.8382  (  -0.2849,  51.8375,  -0.0000) ]


  RESULTS OF OCCUPATION-COEFFICIENT OPTIMIZATION
 ================================================

  Ex It  Occ Time  Orb Time  Orb It   Electronic Energy     Total Energy   Energy Convergency    Max Mul-Lag Diff

    1    5.3E-01   8.4E+01      10    -615.2509674917     -514.9223697049  -122.8272684396           1.520689
    2    2.6E-01   8.2E+01      20    -660.3054140169     -559.9768162301   -45.0544465252           0.348154
    3    2.4E-01   5.9E+01      30    -666.0451940062     -565.7165962194    -5.7397799893           0.035073
    4    2.2E-01   1.2E+02      39    -666.1190824834     -565.7904846966    -0.0738884771           0.000804
    5    1.6E+01   8.4E+01      40    -666.6567608167     -566.3281630298    -0.5376783333           0.049096
    6    1.7E+01   1.2E+02      40    -667.2205363383     -566.8919385515    -0.5637755216           0.001891
    7    1.5E+01   9.6E+01      40    -667.2992008866     -566.9706030998    -0.0786645483           0.114764
    8    1.3E+01   8.1E+01      40    -667.3172754918     -566.9886777050    -0.0180746052           0.001224
    9    1.4E+01   1.1E+02      40    -667.3275543888     -566.9989566020    -0.0102788970           0.002395
   10    1.4E+01   6.9E+01      40    -667.3452393280     -567.0166415412    -0.0176849392           0.002751
   11    1.5E+01   1.0E+02      40    -667.3542879197     -567.0256901329    -0.0090485917           0.002832
   12    1.3E+01   8.2E+01      40    -667.3628264274     -567.0342286406    -0.0085385077           0.003105
   13    1.3E+01   5.8E+01      40    -667.3751416945     -567.0465439077    -0.0123152671           0.044599
   14    1.5E+01   5.6E+01      40    -667.3799987598     -567.0514009730    -0.0048570653           0.001335
   15    1.3E+01   5.6E+01      40    -667.3835313113     -567.0549335245    -0.0035325515           0.001907
   16    1.1E+01   5.9E+01      40    -667.3942949125     -567.0656971257    -0.0107636012           0.002748
   17    1.0E+01   1.2E+02      40    -667.3997767873     -567.0711790005    -0.0054818748           0.002108
   18    1.0E+01   9.4E+01      40    -667.4029931622     -567.0743953754    -0.0032163749           0.001957
   19    9.5E+00   5.6E+01      40    -667.4056005132     -567.0770027264    -0.0026073510           0.001735
   20    1.0E+01   5.6E+01      40    -667.4073194781     -567.0787216913    -0.0017189649           0.001550
   21    8.6E+00   5.6E+01      40    -667.4123387491     -567.0837409623    -0.0050192710           0.002311
   22    8.5E+00   6.2E+01      40    -667.4200046697     -567.0914068829    -0.0076659207           0.002846
   23    8.1E+00   1.6E+02      40    -667.4206692455     -567.0920714587    -0.0006645758           0.002017
   24    8.4E+00   7.0E+01      40    -667.4211142267     -567.0925164399    -0.0004449812           0.004110
   25    9.1E+00   5.6E+01      40    -667.4218026682     -567.0932048814    -0.0006884415           0.003533
   26    8.1E+00   6.2E+01      40    -667.4231037320     -567.0945059452    -0.0013010638           0.004868
   27    9.5E+00   7.6E+01      40    -667.4255121166     -567.0969143298    -0.0024083846           0.004739
   28    8.5E+00   5.6E+01      40    -667.4267086358     -567.0981108490    -0.0011965192           0.003338
   29    7.6E+00   5.6E+01      40    -667.4275871542     -567.0989893674    -0.0008785183           0.003494
   30    8.1E+00   5.6E+01      40    -667.4313331746     -567.1027353878    -0.0037460204           0.002152
   31    8.9E+00   5.7E+01      40    -667.4400235346     -567.1114257478    -0.0086903600           0.002250
   32    8.5E+00   6.4E+01      40    -667.4417851619     -567.1131873751    -0.0017616274           0.002650
   33    8.7E+00   6.1E+01      40    -667.4423129696     -567.1137151828    -0.0005278077           0.002466
   34    8.7E+00   5.6E+01      40    -667.4424712788     -567.1138734920    -0.0001583092           0.002597
   35    8.3E+00   6.7E+01      40    -667.4426142237     -567.1140164369    -0.0001429449           0.002061
   36    8.6E+00   5.6E+01      40    -667.4427528267     -567.1141550399    -0.0001386030           0.003188
   37    7.6E+00   5.7E+01      40    -667.4428985471     -567.1143007603    -0.0001457204           0.002073
   38    7.3E+00   5.9E+01      40    -667.4429680273     -567.1143702405    -0.0000694801           0.001950
   39    8.8E+00   8.6E+01      40    -667.4430210053     -567.1144232185    -0.0000529781           0.002271
   40    7.2E+00   5.6E+01      40    -667.4431026153     -567.1145048285    -0.0000816100           0.003162
   41    6.6E+00   5.6E+01      40    -667.4432475054     -567.1146497186    -0.0001448900           0.002221
   42    6.0E+00   7.5E+01      40    -667.4432256942     -567.1146279074     0.0000218112           0.003180
   43    6.8E+00   4.2E+01      29    -667.4434066918     -567.1148089050    -0.0001809976           0.000925
   44    6.3E+00   1.1E+00      29    -667.4434105530     -567.1148127662    -0.0000038612           0.000925


  RESULTS OF THE OCCUPATION OPTIMIZATION
 ========================================

   OM     Occupation      Elag Diag

    1      1.9998468     -7.7583155
    2      1.9997773     -6.8155099
    3      1.9997124     -5.7413490
    4      1.9996883     -5.8062923
    5      1.9995888     -5.2753196
    6      1.9995582     -5.2095375
    7      1.9995356     -5.2089167
    8      1.9994873     -5.2328815
    9      1.9948057     -2.2264009
   10      1.9947823     -2.2301213
   11      1.9945058     -2.2114105
   12      1.9943673     -2.2175396
   13      1.9928095     -2.0039255
   14      1.9848213     -2.2726468
   15      1.9845301     -2.2404980
   16      1.9837483     -1.8108038
   17      1.9833005     -1.7700674
   18      1.9826958     -1.7137096
   19      1.9759624     -0.8550171
   20      1.9717984     -1.1167420
   21      1.9714314     -1.0201627
   22      1.9685246     -0.4704128
   23      1.9634565     -0.4475751
   24      1.9618466     -0.4810742
   25      1.9617671     -0.4613662
   26      1.9608938     -0.3402166
   27      0.0000134     -0.0000292
   28      0.0138885     -0.0241878
   29      0.0000299     -0.0000705
   30      0.0051079     -0.0118667
   31      0.0000070     -0.0000216
   32      0.0000001     -0.0000008
   33      0.0000205     -0.0000773
   34      0.0007609     -0.0017714
   35      0.0002780     -0.0009306
   36      0.0001236     -0.0004450
   37      0.0001406     -0.0005787
   38      0.0000199     -0.0000838
   39      0.0000057     -0.0000268
   40      0.0007040     -0.0022974
   41      0.0009369     -0.0025252
   42      0.0009659     -0.0026302
   43      0.0013014     -0.0037944
   44      0.0002397     -0.0010992
   45      0.0000037     -0.0000183
   46      0.0001904     -0.0010056
   47      0.0000098     -0.0001053
   48      0.0000524     -0.0001762
   49      0.0000018     -0.0000097
   50      0.0000004     -0.0000082
   51      0.0000084     -0.0001026
   52      0.0000113     -0.0001737
   53      0.0074744     -0.0145609
   54      0.0049610     -0.0109405
   55      0.0000004     -0.0000013
   56      0.0000293     -0.0000658
   57      0.0049554     -0.0125735
   58      0.0000005     -0.0000021
   59      0.0000255     -0.0000921
   60      0.0014544     -0.0031584
   61      0.0000805     -0.0002943
   62      0.0000848     -0.0003135
   63      0.0000251     -0.0000973
   64      0.0151512     -0.0511373
   65      0.0000041     -0.0000201
   66      0.0007523     -0.0023607
   67      0.0002090     -0.0007734
   68      0.0024533     -0.0063550
   69      0.0002050     -0.0007178
   70      0.0004962     -0.0017139
   71      0.0004084     -0.0018348
   72      0.0000011     -0.0000058
   73      0.0000014     -0.0000075
   74      0.0000091     -0.0000782
   75      0.0000121     -0.0001587
   76      0.0000016     -0.0000082
   77      0.0000218     -0.0000892
   78      0.0001239     -0.0006982
   79      0.0072388     -0.0140749
   80      0.0000109     -0.0000238
   81      0.0088065     -0.0173684
   82      0.0000003     -0.0000010
   83      0.0001787     -0.0004824
   84      0.0121229     -0.0396463
   85      0.0000003     -0.0000013
   86      0.0005713     -0.0013899
   87      0.0009229     -0.0031990
   88      0.0000298     -0.0001095
   89      0.0155513     -0.0466043
   90      0.0000212     -0.0000920
   91      0.0000098     -0.0000395
   92      0.0014607     -0.0041350
   93      0.0009351     -0.0025419
   94      0.0000596     -0.0002065
   95      0.0001110     -0.0004122
   96      0.0013205     -0.0038365
   97      0.0000297     -0.0001109
   98      0.0000699     -0.0004566
   99      0.0000010     -0.0000046
  100      0.0000438     -0.0001438
  101      0.0001800     -0.0010369
  102      0.0000125     -0.0001372
  103      0.0001564     -0.0008340
  104      0.0000123     -0.0001962
  105      0.0000096     -0.0000205
  106      0.0000016     -0.0000040
  107      0.0089128     -0.0175446
  108      0.0001850     -0.0004643
  109      0.0000431     -0.0001291
  110      0.0120863     -0.0395908
  111      0.0000036     -0.0000130
  112      0.0007674     -0.0017710
  113      0.0155739     -0.0458533
  114      0.0000003     -0.0000014
  115      0.0000188     -0.0000718
  116      0.0000144     -0.0000608
  117      0.0000202     -0.0000870
  118      0.0011083     -0.0033868
  119      0.0000588     -0.0002088
  120      0.0001194     -0.0004101
  121      0.0001987     -0.0008883
  122      0.0014723     -0.0042941
  123      0.0000063     -0.0000646
  124      0.0000005     -0.0000056
  125      0.0002214     -0.0011845
  126      0.0002001     -0.0010128
  127      0.0000035     -0.0000187
  128      0.0000131     -0.0001516
  129      0.0000004     -0.0000156
  130      0.0000018     -0.0000102
  131      0.0049967     -0.0111127
  132      0.0122734     -0.0263836
  133      0.0000008     -0.0000023
  134      0.0000002     -0.0000009
  135      0.0129460     -0.0381677
  136      0.0043514     -0.0130459
  137      0.0041905     -0.0118305
  138      0.0021985     -0.0050047
  139      0.0002537     -0.0007710
  140      0.0001309     -0.0004005
  141      0.0000875     -0.0003079
  142      0.0000824     -0.0003527
  143      0.0000313     -0.0001331
  144      0.0013275     -0.0038270
  145      0.0012074     -0.0035830
  146      0.0000581     -0.0002039
  147      0.0000605     -0.0002369
  148      0.0002298     -0.0010709
  149      0.0000397     -0.0001561
  150      0.0000012     -0.0000058
  151      0.0000006     -0.0000032
  152      0.0000543     -0.0001733
  153      0.0000451     -0.0002021
  154      0.0002352     -0.0013417
  155      0.0000016     -0.0000089
  156      0.0000016     -0.0000088
  157      0.0068096     -0.0137254
  158      0.0069322     -0.0132365
  159      0.0147423     -0.0298072
  160      0.0140417     -0.0339202
  161      0.0000947     -0.0002909
  162      0.0000023     -0.0000081
  163      0.0119903     -0.0379685
  164      0.0022619     -0.0050328
  165      0.0000934     -0.0003106
  166      0.0156780     -0.0464573
  167      0.0000165     -0.0000640
  168      0.0001274     -0.0004844
  169      0.0000528     -0.0002979
  170      0.0005763     -0.0019781
  171      0.0003852     -0.0013914
  172      0.0004247     -0.0011981
  173      0.0002350     -0.0012310
  174      0.0003621     -0.0011954
  175      0.0000092     -0.0000720
  176      0.0001977     -0.0010839
  177      0.0000017     -0.0000102
  178      0.0000307     -0.0001034
  179      0.0000024     -0.0000119
  180      0.0000180     -0.0000895
  181      0.0000017     -0.0000098
  182      0.0000012     -0.0000076
  183      0.0001655     -0.0003889
  184      0.0001603     -0.0003742
  185      0.0001776     -0.0004411
  186      0.0085138     -0.0175379
  187      0.0001776     -0.0004795
  188      0.0000011     -0.0000034
  189      0.0000004     -0.0000017
  190      0.0147931     -0.0392745
  191      0.0000989     -0.0003335
  192      0.0003774     -0.0012010
  193      0.0002881     -0.0011035
  194      0.0000396     -0.0001775
  195      0.0000025     -0.0000108
  196      0.0000535     -0.0001776
  197      0.0002144     -0.0007484
  198      0.0009565     -0.0026096
  199      0.0014309     -0.0042414
  200      0.0003844     -0.0013161
  201      0.0000069     -0.0000656
  202      0.0000018     -0.0000100
  203      0.0000024     -0.0000128
  204      0.0000103     -0.0000860
  205      0.0000077     -0.0000376
  206      0.0000064     -0.0000291
  207      0.0000318     -0.0001303
  208      0.0000008     -0.0000036
  209      0.0123981     -0.0281890
  210      0.0000050     -0.0000118
  211      0.0054832     -0.0121272
  212      0.0086653     -0.0178132
  213      0.0130728     -0.0379810
  214      0.0000040     -0.0000126
  215      0.0119705     -0.0379787
  216      0.0012301     -0.0028890
  217      0.0000030     -0.0000108
  218      0.0002748     -0.0009564
  219      0.0001239     -0.0004276
  220      0.0000138     -0.0000581
  221      0.0150523     -0.0511340
  222      0.0012078     -0.0035276
  223      0.0016860     -0.0045698
  224      0.0004565     -0.0012742
  225      0.0016751     -0.0045680
  226      0.0006894     -0.0020406
  227      0.0000089     -0.0000936
  228      0.0000017     -0.0000103
  229      0.0002034     -0.0010751
  230      0.0000105     -0.0001137
  231      0.0000590     -0.0002868
  232      0.0000004     -0.0000021
  233      0.0000006     -0.0000027
  234      0.0000004     -0.0000063

   RO Sum (  52) =   52.00

  ---------------
   Dipole Moment
  ---------------

      0.4180 Debye [   0.1645  (   0.1243,  -0.1077,   0.0030) ]

 ----------------
  Final Energies  
 ----------------

  Final NOF Total Energy =     -567.1148127662 ( 9.E-04 , 0.E+00 )


  **************************************************
  *                                                *
  *       SINGLE-POINT DoNOF CALCULATION           *
  *                                                *
  *             FULL OPTIMIZATION                  *
  *                                                *
  *  FINAL RESULTS   FINAL RESULTS  FINAL RESULTS  *
  *                                                *
  **************************************************

  **************************************************
  *         No. EXTERNAL ITER =    44              *
  *         No. of TOTAL ITER =  1677              *
  **************************************************

  Elapsed real time :   3550.11  (Seconds)

 The execution finished at  2h 23min on the 11/12/2025
Recovering execution output...
Moving from /scratch/pobleyef/351520 to /home-nas/pobleyef/Slim-NOF/ncwomax/Slim05/GNOFs25/arina.351520
mkdir -p /home-nas/pobleyef/Slim-NOF/ncwomax/Slim05/GNOFs25/arina.351520
mv /scratch/pobleyef/351520/* /home-nas/pobleyef/Slim-NOF/ncwomax/Slim05/GNOFs25/arina.351520
