Computing Integrals
Basis Set                                            = def2-qzvp
Auxiliary Basis Set                                  = def2-universal-jkfit
Gaussian Type                                        = Spherical
Elapsed time:    1.68 Seconds

Number of basis functions                   (NBF)    = 70
Number of auxiliary basis functions         (NBFAUX) = 128
Inactive Doubly occupied orbitals up to     (NO1)    = 0
No. considered Strongly Doubly occupied MOs (NDOC)   = 6
No. considered Strongly Singly occupied MOs (NSOC)   = 2
NO. of Weakly occ. per St. Doubly occ.  MOs (NCWO)   = 10
Dimension of the Nat. Orb. subspace         (NBF5)   = 68
No. of electrons                                     = 14
    No. of alpha electrons                           = 8
    No. of beta electrons                            = 6
Multiplicity                                         = 3

Geometry
========
Si       0.0000000       0.0000000       0.0000000

No violations of the orthonormality
No violations of the orthonormality
 
PNOF8/ADAM Calculation
==================
 
  Nitext  Nit_orb  Time   Nit_occ  Time         Eelec          Etot           Ediff      maxdiff    MaxGrad_orb  Grad_occ
     1      10    8.9e+00   26    1.2e+01  -278.47602938  -278.47602938 -10277.47602938   1.698037   6.8e+00   2.0e-04 0.02
     2      10    3.8e-02   40    8.3e-02  -284.22242006  -284.22242006    -5.74639069   1.482472   5.9e+00   1.7e-04 0.02
     3      10    2.8e-02   20    2.8e-02  -286.17598006  -286.17598006    -1.95356000   0.823916   3.3e+00   2.5e-04 0.02
     4      10    2.6e-02   31    8.3e-02  -287.28724759  -287.28724759    -1.11126753   0.517255   2.1e+00   2.9e-04 0.02
     5      10    4.7e-02   28    4.1e-02  -287.93647831  -287.93647831    -0.64923072   0.225468   9.0e-01   2.2e-04 0.02
     6      10    4.5e-02   29    5.2e-02  -288.32598033  -288.32598033    -0.38950203   0.234425   9.4e-01   1.8e-04 0.02
     7      10    2.5e-02   20    3.6e-02  -288.53410091  -288.53410091    -0.20812057   0.230734   9.2e-01   1.2e-04 0.02
     8      10    4.8e-02   24    4.1e-02  -288.70427563  -288.70427563    -0.17017472   0.212080   8.5e-01   1.7e-04 0.02
     9      10    3.9e-02    9    1.8e-02  -288.83579649  -288.83579649    -0.13152086   0.209933   8.4e-01   1.6e-04 0.02
    10      10    2.9e-02   14    2.3e-02  -288.86980895  -288.86980895    -0.03401246   0.179687   7.2e-01   2.0e-04 0.02
    11      10    3.1e-02   10    1.9e-02  -288.90771191  -288.90771191    -0.03790296   0.229252   9.2e-01   2.5e-04 0.02
    12      10    6.4e-02    9    4.1e-02  -288.93449709  -288.93449709    -0.02678519   0.196963   7.9e-01   2.3e-04 0.02
    13      10    4.5e-02    9    1.8e-02  -288.99077609  -288.99077609    -0.05627900   0.217947   8.7e-01   1.5e-04 0.02
    14      10    3.1e-02   15    2.7e-02  -289.00389922  -289.00389922    -0.01312313   0.154771   6.2e-01   1.8e-04 0.02
    15      10    4.6e-02   14    2.7e-02  -289.00519546  -289.00519546    -0.00129624   0.184943   7.4e-01   1.3e-04 0.02
    16      10    3.8e-02   11    2.3e-02  -289.02491364  -289.02491364    -0.01971818   0.132856   5.3e-01   1.7e-04 0.02
    17      10    3.8e-02    9    2.4e-02  -289.04740272  -289.04740272    -0.02248908   0.141487   5.7e-01   1.8e-04 0.02
    18      10    7.8e-02   11    1.6e-02  -289.07419208  -289.07419208    -0.02678936   0.178961   7.2e-01   1.6e-04 0.02
    19      10    3.8e-02    5    6.5e-03  -289.07853029  -289.07853029    -0.00433821   0.124826   5.0e-01   2.3e-04 0.02
    20      10    3.5e-02    5    9.5e-03  -289.08152732  -289.08152732    -0.00299703   0.182920   7.3e-01   2.4e-04 0.02
    21      10    2.5e-02    9    1.9e-02  -289.10845322  -289.10845322    -0.02692589   0.191184   7.6e-01   2.0e-04 0.02
    22      10    2.6e-02    0    4.0e-03  -289.10849332  -289.10849332    -0.00004011   0.191184   7.6e-01   2.0e-04 0.02
    23      30    1.1e-01    4    6.9e-03  -289.14533865  -289.14533865    -0.03684533   0.020337   8.1e-02   1.7e-04 0.02
    24      30    7.2e-02    6    9.7e-03  -289.15035867  -289.15035867    -0.00502002   0.020811   8.3e-02   1.5e-04 0.02
    25      30    9.4e-02    4    7.6e-03  -289.15269039  -289.15269039    -0.00233173   0.018130   7.3e-02   2.5e-04 0.02
    26      30    9.0e-02    9    1.7e-02  -289.15434077  -289.15434077    -0.00165038   0.014459   5.8e-02   1.8e-04 0.02
    27      30    9.3e-02    3    6.7e-03  -289.15547854  -289.15547854    -0.00113776   0.009684   3.9e-02   1.5e-04 0.02
    28      30    8.8e-02    2    1.2e-02  -289.15600467  -289.15600467    -0.00052613   0.007725   3.1e-02   1.9e-04 0.02
    29      30    1.3e-01    8    1.6e-02  -289.15641300  -289.15641300    -0.00040833   0.008142   3.3e-02   1.6e-04 0.02
    30      30    1.1e-01    2    5.9e-03  -289.15670439  -289.15670439    -0.00029140   0.007468   3.0e-02   1.8e-04 0.02
    31      30    1.2e-01    3    8.3e-03  -289.15688476  -289.15688476    -0.00018036   0.007468   3.0e-02   1.9e-04 0.02
    32      30    1.1e-01    2    6.9e-03  -289.15697934  -289.15697934    -0.00009459   0.007684   3.1e-02   2.0e-04 0.02
    33      30    1.1e-01    2    8.2e-03  -289.15705196  -289.15705196    -0.00007262   0.007238   2.9e-02   2.0e-04 0.02
    34      30    1.0e-01    2    8.2e-03  -289.15709217  -289.15709217    -0.00004021   0.007036   2.8e-02   1.7e-04 0.02
    35      30    9.1e-02    1    7.8e-03  -289.15711636  -289.15711636    -0.00002420   0.006855   2.7e-02   1.9e-04 0.02
    36      30    9.2e-02    2    8.0e-03  -289.15713062  -289.15713062    -0.00001426   0.007022   2.8e-02   1.9e-04 0.02
    37      30    9.1e-02    1    3.5e-03  -289.15716337  -289.15716337    -0.00003275   0.006837   2.7e-02   1.6e-04 0.02
    38      30    9.7e-02    0    2.5e-03  -289.15716823  -289.15716823    -0.00000486   0.006650   2.7e-02   1.5e-04 0.02
    39      40    1.4e-01    0    4.4e-03  -289.15728110  -289.15728110    -0.00011287   0.004926   2.0e-02   1.5e-04 0.02
    40      50    1.5e-01    0    3.4e-03  -289.15733103  -289.15733103    -0.00004993   0.003819   1.5e-02   1.5e-04 0.02
 
RESULTS OF THE OCCUPATION OPTIMIZATION
========================================
   1    1.9999990  -68.87836849
   2    1.9987418  -6.18428976
   3    1.9969585  -4.28951164
   4    1.9956309  -4.28350976
   5    1.9950755  -4.28301006
   6    1.9660129  -0.56104900
   7    1.0000000  -0.15581629
   8    1.0000000  -0.15579847
   9    0.0122777  -0.02260452
  10    0.0039567  -0.03125265
  11    0.0018284  -0.01057799
  12    0.0018698  -0.01069771
  13    0.0011455  -0.00967484
  14    0.0000003  -0.00000445
  15    0.0060234  -0.01646578
  16    0.0007163  -0.00426043
  17    0.0017847  -0.01048774
  18    0.0006586  -0.00535346
  19    0.0000563  -0.00194453
  20    0.0000002  -0.00000349
  21    0.0060137  -0.01644187
  22    0.0000910  -0.00059276
  23    0.0006597  -0.00536670
  24    0.0003262  -0.00662106
  25    0.0000194  -0.00012272
  26    0.0000001  -0.00000238
  27    0.0034967  -0.00758233
  28    0.0000469  -0.00021024
  29    0.0000288  -0.00016632
  30    0.0000709  -0.00029545
  31    0.0000146  -0.00010682
  32    0.0000001  -0.00000161
  33    0.0031324  -0.00802108
  34    0.0000371  -0.00020650
  35    0.0000223  -0.00012822
  36    0.0000374  -0.00019463
  37    0.0000055  -0.00003437
  38    0.0000001  -0.00000144
  39    0.0011323  -0.00297842
  40    0.0000316  -0.00018604
  41    0.0000135  -0.00066130
  42    0.0000361  -0.00020846
  43    0.0000046  -0.00019937
  44    0.0000000  -0.00000115
  45    0.0006347  -0.00115504
  46    0.0000220  -0.00012504
  47    0.0000112  -0.00005306
  48    0.0000272  -0.00014835
  49    0.0000038  -0.00007712
  50    0.0000000  -0.00000087
  51    0.0006342  -0.00115695
  52    0.0000137  -0.00008951
  53    0.0000099  -0.00005043
  54    0.0000076  -0.00003926
  55    0.0000033  -0.00001945
  56    0.0000000  -0.00000083
  57    0.0004454  -0.00090618
  58    0.0000056  -0.00002856
  59    0.0000055  -0.00003051
  60    0.0000040  -0.00009316
  61    0.0000030  -0.00001392
  62    0.0000000  -0.00000070
  63    0.0001967  -0.00038750
  64    0.0000037  -0.00002138
  65    0.0000050  -0.00017911
  66    0.0000038  -0.00002947
  67    0.0000022  -0.00001198
  68    0.0000000  -0.00000063
 
----------------
 Final Energies 
----------------
Final NOF Total Energy =    -289.1573310
 
Total Orbital Internal Iterations = 790
Total Occupation Internal Iterations = 399
 
Elapsed time:   31.11 Seconds

---------------------------------
   Lowdin Population Analysis    
---------------------------------
 Idx  Atom   Population   Charge 
---------------------------------
  1    Si    14.000       0.000

---------------------------------
   M Diagnostic: 0.02
---------------------------------

