Computing Integrals
Basis Set                                            = def2-qzvp
Auxiliary Basis Set                                  = def2-universal-jkfit
Gaussian Type                                        = Spherical
Elapsed time:    1.55 Seconds

Number of basis functions                   (NBF)    = 57
Number of auxiliary basis functions         (NBFAUX) = 77
Inactive Doubly occupied orbitals up to     (NO1)    = 0
No. considered Strongly Doubly occupied MOs (NDOC)   = 2
No. considered Strongly Singly occupied MOs (NSOC)   = 3
NO. of Weakly occ. per St. Doubly occ.  MOs (NCWO)   = 26
Dimension of the Nat. Orb. subspace         (NBF5)   = 57
No. of electrons                                     = 7
    No. of alpha electrons                           = 5
    No. of beta electrons                            = 2
Multiplicity                                         = 4

Geometry
========
 N       0.0000000       0.0000000       0.0000000

No violations of the orthonormality
No violations of the orthonormality
 
PNOF8/ADAM Calculation
==================
 
  Nitext  Nit_orb  Time   Nit_occ  Time         Eelec          Etot           Ediff      maxdiff    MaxGrad_orb  Grad_occ
     1      10    9.0e+00   31    1.2e+01   -52.15247693   -52.15247693 -10051.15247693   0.705301   2.8e+00   1.8e-04 0.01
     2      10    3.0e-02   18    1.5e-02   -53.28370410   -53.28370410    -1.13122717   0.448401   1.8e+00   1.7e-04 0.02
     3      10    9.9e-03   11    1.3e-02   -53.87510166   -53.87510166    -0.59139755   0.314080   1.3e+00   2.0e-04 0.02
     4      10    1.0e-02   14    1.5e-02   -54.21084516   -54.21084516    -0.33574350   0.163414   6.5e-01   1.4e-04 0.02
     5      10    1.0e-02   20    2.0e-02   -54.39943277   -54.39943277    -0.18858762   0.320889   1.3e+00   1.2e-04 0.02
     6      10    1.1e-02    6    5.9e-03   -54.47252588   -54.47252588    -0.07309310   0.150837   6.0e-01   1.8e-04 0.02
     7      10    9.8e-03   14    3.6e-02   -54.50451334   -54.50451334    -0.03198747   0.149883   6.0e-01   1.7e-04 0.02
     8      10    7.8e-03   15    1.9e-02   -54.51673416   -54.51673416    -0.01222081   0.121638   4.9e-01   1.1e-04 0.02
     9      10    1.5e-02    4    5.0e-03   -54.51835449   -54.51835449    -0.00162034   0.129661   5.2e-01   1.5e-04 0.02
    10      10    9.6e-03    0    2.4e-03   -54.51843091   -54.51843091    -0.00007641   0.129661   5.2e-01   1.5e-04 0.02
    11      30    2.8e-02    4    4.5e-03   -54.52528218   -54.52528218    -0.00685128   0.029098   1.2e-01   2.0e-04 0.02
    12      30    2.8e-02   15    1.6e-02   -54.52841935   -54.52841935    -0.00313717   0.020246   8.1e-02   1.9e-04 0.02
    13      30    2.8e-02    4    4.5e-03   -54.53004484   -54.53004484    -0.00162549   0.014617   5.8e-02   1.5e-04 0.02
    14      30    2.9e-02   10    9.7e-03   -54.53099437   -54.53099437    -0.00094953   0.009559   3.8e-02   1.5e-04 0.02
    15      30    2.7e-02    3    2.8e-03   -54.53162512   -54.53162512    -0.00063075   0.007139   2.9e-02   1.0e-04 0.02
    16      30    2.7e-02    2    3.7e-03   -54.53195241   -54.53195241    -0.00032729   0.005078   2.0e-02   1.0e-04 0.02
    17      30    2.7e-02    2    2.3e-03   -54.53207890   -54.53207890    -0.00012649   0.003978   1.6e-02   1.2e-04 0.02
    18      30    2.6e-02    1    1.7e-03   -54.53216866   -54.53216866    -0.00008976   0.003705   1.5e-02   1.4e-04 0.02
    19      30    2.8e-02    2    2.3e-03   -54.53217479   -54.53217479    -0.00000613   0.003974   1.6e-02   1.4e-04 0.02
    20      30    3.0e-02    0    1.3e-03   -54.53217812   -54.53217812    -0.00000334   0.003974   1.6e-02   1.4e-04 0.02
    21      42    3.9e-02    0    1.1e-03   -54.53225673   -54.53225673    -0.00007861   0.000496   2.0e-03   1.5e-04 0.02
 
RESULTS OF THE OCCUPATION OPTIMIZATION
========================================
   1    1.9999010  -15.65415883
   2    1.9642663  -0.98162220
   3    1.0000000  -0.29919348
   4    1.0000000  -0.29914022
   5    1.0000000  -0.29911498
   6    0.0088885  -0.01472564
   7    0.0000416  -0.00133496
   8    0.0043157  -0.00595865
   9    0.0000122  -0.00019251
  10    0.0042715  -0.00594438
  11    0.0000055  -0.00005678
  12    0.0042111  -0.00591553
  13    0.0000044  -0.00005060
  14    0.0021931  -0.00327443
  15    0.0000032  -0.00004354
  16    0.0021910  -0.00327166
  17    0.0000026  -0.00003714
  18    0.0021882  -0.00327150
  19    0.0000025  -0.00003594
  20    0.0021812  -0.00326564
  21    0.0000023  -0.00003464
  22    0.0021185  -0.00326464
  23    0.0000021  -0.00003367
  24    0.0006140  -0.00409420
  25    0.0000020  -0.00003313
  26    0.0004425  -0.00096611
  27    0.0000019  -0.00003375
  28    0.0003965  -0.00090619
  29    0.0000019  -0.00003614
  30    0.0003634  -0.00087810
  31    0.0000018  -0.00003637
  32    0.0001387  -0.00033639
  33    0.0000018  -0.00003873
  34    0.0001365  -0.00033451
  35    0.0000017  -0.00003493
  36    0.0001363  -0.00033648
  37    0.0000017  -0.00004153
  38    0.0001358  -0.00033507
  39    0.0000016  -0.00003331
  40    0.0001351  -0.00033444
  41    0.0000016  -0.00003418
  42    0.0001351  -0.00033435
  43    0.0000013  -0.00003203
  44    0.0001338  -0.00033376
  45    0.0000012  -0.00002903
  46    0.0001042  -0.00025342
  47    0.0000012  -0.00002588
  48    0.0000993  -0.00025265
  49    0.0000008  -0.00000818
  50    0.0000971  -0.00025144
  51    0.0000006  -0.00000811
  52    0.0000818  -0.00024482
  53    0.0000006  -0.00000422
  54    0.0000131  -0.00004093
  55    0.0000005  -0.00002295
  56    0.0000119  -0.00004088
  57    0.0000003  -0.00000853
 
----------------
 Final Energies 
----------------
Final NOF Total Energy =     -54.5322567
 
Total Orbital Internal Iterations = 442
Total Occupation Internal Iterations = 176
 
Elapsed time:   27.77 Seconds

---------------------------------
   Lowdin Population Analysis    
---------------------------------
 Idx  Atom   Population   Charge 
---------------------------------
  1     N     7.000      -0.000

---------------------------------
   M Diagnostic: 0.02
---------------------------------

