Computing Integrals
Basis Set                                            = def2-qzvp
Auxiliary Basis Set                                  = def2-universal-jkfit
Gaussian Type                                        = Spherical
Elapsed time:    2.64 Seconds

Number of basis functions                   (NBF)    = 140
Number of auxiliary basis functions         (NBFAUX) = 256
Inactive Doubly occupied orbitals up to     (NO1)    = 0
No. considered Strongly Doubly occupied MOs (NDOC)   = 17
No. considered Strongly Singly occupied MOs (NSOC)   = 0
NO. of Weakly occ. per St. Doubly occ.  MOs (NCWO)   = 7
Dimension of the Nat. Orb. subspace         (NBF5)   = 136
No. of electrons                                     = 34
    No. of alpha electrons                           = 17
    No. of beta electrons                            = 17
Multiplicity                                         = 1

Geometry
========
Cl       0.0000000       0.0000000       0.9982880
Cl       0.0000000       0.0000000      -0.9982880

No violations of the orthonormality
No violations of the orthonormality
 
PNOF8/ADAM Calculation
==================
 
  Nitext  Nit_orb  Time   Nit_occ  Time         Eelec          Etot           Ediff      maxdiff    MaxGrad_orb  Grad_occ
     1      10    1.0e+01   21    1.2e+01  -963.05746765  -886.46038328 -10962.05746765   2.554176   1.0e+01   1.9e-04 0.01
     2      10    1.4e+00   62    8.0e-01  -982.61238241  -906.01529804   -19.55491476   2.376589   9.5e+00   2.0e-04 0.01
     3      10    1.3e+00   45    5.0e-01  -988.00321953  -911.40613516    -5.39083711   1.230183   4.9e+00   2.4e-04 0.02
     4      10    1.3e+00   40    3.9e-01  -990.28916888  -913.69208451    -2.28594935   1.604393   6.4e+00   1.7e-04 0.03
     5      10    1.4e+00   27    3.8e-01  -991.39476395  -914.79767958    -1.10559507   0.391306   1.6e+00   2.7e-04 0.03
     6      10    1.2e+00   27    3.8e-01  -992.55454647  -915.95746210    -1.15978251   1.268461   5.1e+00   2.1e-04 0.03
     7      10    1.2e+00   26    3.9e-01  -993.56399762  -916.96691324    -1.00945115   0.704065   2.8e+00   1.7e-04 0.03
     8      10    1.3e+00   18    2.7e-01  -994.06035258  -917.46326821    -0.49635496   0.621593   2.5e+00   1.8e-04 0.03
     9      10    1.3e+00   11    1.8e-01  -994.46896374  -917.87187937    -0.40861117   0.638161   2.6e+00   2.8e-04 0.03
    10      10    1.3e+00   15    2.8e-01  -994.77882434  -918.18173996    -0.30986059   0.464057   1.9e+00   2.2e-04 0.03
    11      10    1.3e+00   16    2.6e-01  -995.14422132  -918.54713695    -0.36539698   0.571547   2.3e+00   2.2e-04 0.03
    12      10    1.4e+00   12    1.8e-01  -995.36674998  -918.76966561    -0.22252866   0.519426   2.1e+00   3.3e-04 0.03
    13      10    1.4e+00   17    2.4e-01  -995.70878367  -919.11169930    -0.34203369   0.498231   2.0e+00   2.6e-04 0.03
    14      10    1.5e+00   12    2.1e-01  -995.83887442  -919.24179005    -0.13009075   0.427810   1.7e+00   2.4e-04 0.03
    15      10    1.4e+00   13    2.6e-01  -996.04971390  -919.45262953    -0.21083948   0.611502   2.4e+00   2.4e-04 0.03
    16      10    1.3e+00   15    2.2e-01  -996.07159392  -919.47450955    -0.02188002   0.551308   2.2e+00   2.2e-04 0.03
    17      10    1.3e+00    8    1.8e-01  -996.14162420  -919.54453983    -0.07003028   0.473767   1.9e+00   3.0e-04 0.03
    18      10    1.3e+00   14    1.5e-01  -996.24020201  -919.64311764    -0.09857782   0.382368   1.5e+00   2.7e-04 0.03
    19      10    1.3e+00    9    1.8e-01  -996.25653459  -919.65945022    -0.01633257   0.413688   1.7e+00   2.3e-04 0.03
    20      10    1.3e+00   11    2.1e-01  -996.28868147  -919.69159710    -0.03214688   0.473926   1.9e+00   2.2e-04 0.03
    21      10    1.3e+00   15    2.7e-01  -996.32358067  -919.72649630    -0.03489920   0.453177   1.8e+00   2.1e-04 0.03
    22      10    1.3e+00    0    3.2e-02  -996.32385421  -919.72676984    -0.00027353   0.453176   1.8e+00   2.1e-04 0.03
    23      30    4.0e+00   12    2.2e-01  -996.67282409  -920.07573972    -0.34896988   0.034813   1.4e-01   2.0e-04 0.03
    24      30    4.2e+00    9    1.8e-01  -996.69423299  -920.09714862    -0.02140890   0.017194   6.9e-02   2.3e-04 0.03
    25      30    4.1e+00    8    1.8e-01  -996.69914435  -920.10205998    -0.00491137   0.021181   8.5e-02   2.2e-04 0.03
    26      30    4.3e+00    5    1.7e-01  -996.70009686  -920.10301249    -0.00095251   0.018655   7.5e-02   2.4e-04 0.03
    27      30    4.0e+00    5    1.5e-01  -996.70086051  -920.10377614    -0.00076365   0.141665   5.7e-01   2.3e-04 0.03
    28      30    4.0e+00    6    1.6e-01  -996.70127874  -920.10419437    -0.00041823   0.012043   4.8e-02   2.6e-04 0.03
    29      30    3.8e+00    4    1.3e-01  -996.70176109  -920.10467672    -0.00048235   0.018303   7.3e-02   2.3e-04 0.03
    30      30    3.9e+00    4    1.4e-01  -996.70209344  -920.10500907    -0.00033235   0.015364   6.1e-02   2.4e-04 0.03
    31      30    4.2e+00    6    1.1e-01  -996.70260773  -920.10552336    -0.00051430   0.017073   6.8e-02   3.0e-04 0.03
    32      30    4.2e+00   11    2.0e-01  -996.70290365  -920.10581927    -0.00029591   0.015062   6.0e-02   1.4e-04 0.03
    33      30    4.2e+00    4    9.5e-02  -996.70350854  -920.10642417    -0.00060490   0.015950   6.4e-02   1.5e-04 0.03
    34      30    3.9e+00    4    9.9e-02  -996.70394626  -920.10686189    -0.00043772   0.013336   5.3e-02   2.1e-04 0.03
    35      30    4.0e+00    4    9.9e-02  -996.70439390  -920.10730953    -0.00044764   0.016652   6.7e-02   2.6e-04 0.03
    36      30    4.0e+00   11    2.3e-01  -996.70487053  -920.10778615    -0.00047662   0.017145   6.9e-02   1.8e-04 0.03
    37      30    4.1e+00   11    1.4e-01  -996.70554894  -920.10846456    -0.00067841   0.017039   6.8e-02   1.3e-04 0.03
    38      30    4.1e+00    8    1.2e-01  -996.70601622  -920.10893184    -0.00046728   0.017195   6.9e-02   1.6e-04 0.03
    39      30    4.2e+00    8    1.9e-01  -996.70664677  -920.10956240    -0.00063055   0.016211   6.5e-02   1.3e-04 0.03
    40      30    4.0e+00    8    1.2e-01  -996.70720445  -920.11012008    -0.00055768   0.015812   6.3e-02   1.4e-04 0.03
 
RESULTS OF THE OCCUPATION OPTIMIZATION
========================================
   1    1.9999989  -104.95849403
   2    1.9999990  -104.95841021
   3    1.9998449  -10.63036929
   4    1.9997080  -10.62617566
   5    1.9993444  -8.12943448
   6    1.9993819  -8.12707448
   7    1.9994386  -8.11654164
   8    1.9993681  -8.11275758
   9    1.9993428  -8.11135614
  10    1.9992872  -8.11121999
  11    1.9840397  -1.15264450
  12    1.9826562  -1.12056428
  13    1.9607290  -0.62073151
  14    1.9763474  -0.55487351
  15    1.9657553  -0.53178091
  16    1.9620444  -0.52552545
  17    1.9675605  -0.51495123
  18    0.0108845  -0.01965162
  19    0.0101376  -0.01842880
  20    0.0115671  -0.01884228
  21    0.0070670  -0.01874536
  22    0.0290902  -0.05456975
  23    0.0072505  -0.02958937
  24    0.0084611  -0.02985287
  25    0.0004581  -0.01064979
  26    0.0004309  -0.01013087
  27    0.0004427  -0.01028487
  28    0.0003532  -0.00871194
  29    0.0005177  -0.01169660
  30    0.0005237  -0.01174594
  31    0.0002540  -0.00649028
  32    0.0000801  -0.00184291
  33    0.0000005  -0.00001619
  34    0.0000004  -0.00001443
  35    0.0102760  -0.01925232
  36    0.0095865  -0.01708802
  37    0.0115413  -0.01880136
  38    0.0062053  -0.01795031
  39    0.0046042  -0.01180263
  40    0.0022781  -0.01122753
  41    0.0023489  -0.01085228
  42    0.0002041  -0.00514184
  43    0.0000729  -0.00187968
  44    0.0000727  -0.00194257
  45    0.0000749  -0.00086931
  46    0.0000407  -0.00044888
  47    0.0000481  -0.00044458
  48    0.0000115  -0.00023806
  49    0.0000186  -0.00015758
  50    0.0000002  -0.00000839
  51    0.0000002  -0.00001109
  52    0.0075670  -0.01836932
  53    0.0095792  -0.01704219
  54    0.0081753  -0.01681072
  55    0.0046367  -0.01657725
  56    0.0045402  -0.01184449
  57    0.0022431  -0.01123179
  58    0.0023125  -0.01109717
  59    0.0000153  -0.00055512
  60    0.0000715  -0.00089667
  61    0.0000662  -0.00076392
  62    0.0000676  -0.00177239
  63    0.0000228  -0.00017318
  64    0.0000367  -0.00038695
  65    0.0000097  -0.00008887
  66    0.0000180  -0.00017978
  67    0.0000001  -0.00000546
  68    0.0000002  -0.00000909
  69    0.0021802  -0.00881652
  70    0.0073128  -0.01730734
  71    0.0012694  -0.00441189
  72    0.0021298  -0.00986634
  73    0.0004066  -0.00114797
  74    0.0021716  -0.01076977
  75    0.0011395  -0.00570264
  76    0.0000108  -0.00009446
  77    0.0000457  -0.00045308
  78    0.0000165  -0.00014430
  79    0.0000210  -0.00016716
  80    0.0000103  -0.00010209
  81    0.0000167  -0.00034691
  82    0.0000065  -0.00006218
  83    0.0000129  -0.00030361
  84    0.0000001  -0.00000410
  85    0.0000001  -0.00000683
  86    0.0006695  -0.00158685
  87    0.0005811  -0.00142107
  88    0.0006762  -0.00155286
  89    0.0016220  -0.00796848
  90    0.0002891  -0.00089171
  91    0.0020593  -0.01044898
  92    0.0010585  -0.00838581
  93    0.0000090  -0.00008329
  94    0.0000159  -0.00038991
  95    0.0000152  -0.00048949
  96    0.0000185  -0.00015618
  97    0.0000098  -0.00010063
  98    0.0000119  -0.00011676
  99    0.0000049  -0.00005469
 100    0.0000101  -0.00008727
 101    0.0000001  -0.00000338
 102    0.0000001  -0.00000606
 103    0.0006363  -0.00154265
 104    0.0004926  -0.00120541
 105    0.0006544  -0.00154563
 106    0.0013052  -0.00697999
 107    0.0001704  -0.00078179
 108    0.0007241  -0.00298870
 109    0.0003479  -0.00164002
 110    0.0000088  -0.00007957
 111    0.0000107  -0.00010200
 112    0.0000138  -0.00012576
 113    0.0000165  -0.00024739
 114    0.0000088  -0.00008353
 115    0.0000107  -0.00009785
 116    0.0000027  -0.00052899
 117    0.0000087  -0.00009713
 118    0.0000001  -0.00000340
 119    0.0000001  -0.00000192
 120    0.0002260  -0.00095198
 121    0.0002659  -0.00083618
 122    0.0003610  -0.00101010
 123    0.0006866  -0.00172127
 124    0.0001703  -0.00080464
 125    0.0006171  -0.00177407
 126    0.0002919  -0.00132103
 127    0.0000067  -0.00015114
 128    0.0000096  -0.00008723
 129    0.0000048  -0.00005087
 130    0.0000098  -0.00009450
 131    0.0000080  -0.00007569
 132    0.0000078  -0.00014066
 133    0.0000027  -0.00053128
 134    0.0000067  -0.00020083
 135    0.0000001  -0.00000171
 136    0.0000001  -0.00000133
 
----------------
 Final Energies 
----------------
Final NOF Total Energy =    -920.1101201
 
Total Orbital Internal Iterations = 760
Total Occupation Internal Iterations = 562
 
Elapsed time:  145.57 Seconds

---------------------------------
   Lowdin Population Analysis    
---------------------------------
 Idx  Atom   Population   Charge 
---------------------------------
  1    Cl    17.000      -0.000
  2    Cl    17.000       0.000

---------------------------------
   M Diagnostic: 0.03
---------------------------------

