Computing Integrals
Basis Set                                            = def2-qzvp
Auxiliary Basis Set                                  = def2-universal-jkfit
Gaussian Type                                        = Spherical
Elapsed time:    1.74 Seconds

Number of basis functions                   (NBF)    = 70
Number of auxiliary basis functions         (NBFAUX) = 128
Inactive Doubly occupied orbitals up to     (NO1)    = 0
No. considered Strongly Doubly occupied MOs (NDOC)   = 6
No. considered Strongly Singly occupied MOs (NSOC)   = 1
NO. of Weakly occ. per St. Doubly occ.  MOs (NCWO)   = 10
Dimension of the Nat. Orb. subspace         (NBF5)   = 67
No. of electrons                                     = 13
    No. of alpha electrons                           = 7
    No. of beta electrons                            = 6
Multiplicity                                         = 2

Geometry
========
Al       0.0000000       0.0000000       0.0000000

No violations of the orthonormality
No violations of the orthonormality
 
PNOF8/ADAM Calculation
==================
 
  Nitext  Nit_orb  Time   Nit_occ  Time         Eelec          Etot           Ediff      maxdiff    MaxGrad_orb  Grad_occ
     1      10    9.1e+00   34    1.2e+01  -233.77276899  -233.77276899 -10232.77276899   1.708233   6.8e+00   1.8e-04 0.02
     2      10    4.2e-02   42    6.5e-02  -238.30013077  -238.30013077    -4.52736178   1.035110   4.1e+00   2.3e-04 0.02
     3      10    5.8e-02   29    3.9e-02  -239.94794422  -239.94794422    -1.64781344   0.754393   3.0e+00   1.8e-04 0.02
     4      10    9.5e-02   28    5.5e-02  -240.74922220  -240.74922220    -0.80127799   0.493005   2.0e+00   1.8e-04 0.02
     5      10    2.5e-02   16    4.9e-02  -241.10902219  -241.10902219    -0.35979998   0.303394   1.2e+00   1.7e-04 0.02
     6      10    2.5e-02   18    2.1e-02  -241.37072034  -241.37072034    -0.26169816   0.181786   7.3e-01   1.4e-04 0.02
     7      10    3.8e-02    9    1.4e-02  -241.57157410  -241.57157410    -0.20085376   0.177993   7.1e-01   2.6e-04 0.02
     8      10    2.9e-02   20    2.6e-02  -241.71952500  -241.71952500    -0.14795090   0.165372   6.6e-01   1.4e-04 0.02
     9      10    1.9e-02   15    2.2e-02  -241.84343054  -241.84343054    -0.12390554   0.170343   6.8e-01   2.2e-04 0.02
    10      10    2.4e-02   14    2.3e-02  -241.90376202  -241.90376202    -0.06033148   0.154121   6.2e-01   1.2e-04 0.02
    11      10    2.8e-02   13    2.1e-02  -241.95719408  -241.95719408    -0.05343206   0.142493   5.7e-01   2.2e-04 0.02
    12      10    2.4e-02    5    9.8e-03  -242.00077118  -242.00077118    -0.04357710   0.142754   5.7e-01   2.1e-04 0.02
    13      10    2.4e-02   10    1.9e-02  -242.02511788  -242.02511788    -0.02434670   0.134533   5.4e-01   1.5e-04 0.02
    14      10    3.0e-02    3    9.7e-03  -242.04700165  -242.04700165    -0.02188377   0.136086   5.4e-01   1.8e-04 0.02
    15      10    5.9e-02    4    1.1e-02  -242.04875273  -242.04875273    -0.00175107   0.119102   4.8e-01   2.0e-04 0.02
    16      10    7.2e-02    6    8.0e-03  -242.08217267  -242.08217267    -0.03341994   0.193554   7.7e-01   2.2e-04 0.02
    17      10    4.0e-02    0    2.5e-03  -242.08221771  -242.08221771    -0.00004504   0.193554   7.7e-01   2.2e-04 0.02
    18      30    8.3e-02    6    1.3e-02  -242.11930640  -242.11930640    -0.03708869   0.048320   1.9e-01   2.2e-04 0.02
    19      30    8.3e-02    6    9.6e-03  -242.13180039  -242.13180039    -0.01249399   0.042619   1.7e-01   1.9e-04 0.02
    20      30    7.7e-02    6    8.9e-03  -242.13912430  -242.13912430    -0.00732391   0.032494   1.3e-01   2.1e-04 0.02
    21      30    7.5e-02    3    7.3e-03  -242.14330516  -242.14330516    -0.00418086   0.021823   8.7e-02   2.0e-04 0.02
    22      30    9.7e-02    3    1.4e-02  -242.14514725  -242.14514725    -0.00184209   0.012093   4.8e-02   1.9e-04 0.02
    23      30    9.1e-02    8    1.2e-02  -242.14581863  -242.14581863    -0.00067138   0.005655   2.3e-02   1.1e-04 0.02
    24      30    7.6e-02    2    3.8e-03  -242.14595848  -242.14595848    -0.00013985   0.005358   2.1e-02   1.5e-04 0.02
    25      30    8.6e-02    0    2.2e-03  -242.14596018  -242.14596018    -0.00000170   0.005358   2.1e-02   1.5e-04 0.02
    26      50    1.3e-01    0    3.3e-03  -242.14616766  -242.14616766    -0.00020748   0.000811   3.2e-03   1.4e-04 0.02
 
RESULTS OF THE OCCUPATION OPTIMIZATION
========================================
   1    1.9999990  -58.56724632
   2    1.9985059  -4.93657759
   3    1.9955004  -3.24752223
   4    1.9951916  -3.24613333
   5    1.9931885  -3.24204981
   6    1.9646179  -0.41249488
   7    1.0000000  -0.11103480
   8    0.0121426  -0.01888421
   9    0.0048956  -0.03074011
  10    0.0019510  -0.00896392
  11    0.0020032  -0.00909610
  12    0.0013268  -0.00810824
  13    0.0000004  -0.00000344
  14    0.0118661  -0.01894694
  15    0.0016234  -0.00863157
  16    0.0018793  -0.00925386
  17    0.0019806  -0.00926072
  18    0.0000677  -0.00117361
  19    0.0000001  -0.00000209
  20    0.0069196  -0.01553406
  21    0.0002094  -0.00086201
  22    0.0007359  -0.00433718
  23    0.0003998  -0.00665578
  24    0.0000673  -0.00075077
  25    0.0000001  -0.00000142
  26    0.0025874  -0.00666058
  27    0.0000333  -0.00012902
  28    0.0000871  -0.00079363
  29    0.0000352  -0.00015072
  30    0.0000074  -0.00003218
  31    0.0000001  -0.00000124
  32    0.0006826  -0.00100536
  33    0.0000243  -0.00011121
  34    0.0000845  -0.00038923
  35    0.0000312  -0.00015795
  36    0.0000059  -0.00038784
  37    0.0000001  -0.00000102
  38    0.0006688  -0.00097279
  39    0.0000096  -0.00004845
  40    0.0000239  -0.00012024
  41    0.0000183  -0.00008250
  42    0.0000054  -0.00007787
  43    0.0000001  -0.00000100
  44    0.0002056  -0.00036777
  45    0.0000049  -0.00002034
  46    0.0000188  -0.00037974
  47    0.0000144  -0.00006664
  48    0.0000050  -0.00002500
  49    0.0000001  -0.00000082
  50    0.0001439  -0.00023689
  51    0.0000046  -0.00001990
  52    0.0000147  -0.00033320
  53    0.0000067  -0.00004958
  54    0.0000036  -0.00001450
  55    0.0000001  -0.00000081
  56    0.0001242  -0.00021370
  57    0.0000038  -0.00001783
  58    0.0000084  -0.00004187
  59    0.0000063  -0.00003269
  60    0.0000026  -0.00001064
  61    0.0000000  -0.00000048
  62    0.0000413  -0.00010553
  63    0.0000026  -0.00001115
  64    0.0000048  -0.00002144
  65    0.0000038  -0.00001675
  66    0.0000025  -0.00000835
  67    0.0000000  -0.00000045
 
----------------
 Final Energies 
----------------
Final NOF Total Energy =    -242.1461677
 
Total Orbital Internal Iterations = 460
Total Occupation Internal Iterations = 300
 
Elapsed time:   29.47 Seconds

---------------------------------
   Lowdin Population Analysis    
---------------------------------
 Idx  Atom   Population   Charge 
---------------------------------
  1    Al    13.000       0.000

---------------------------------
   M Diagnostic: 0.02
---------------------------------

