Computing Integrals
Basis Set                                            = def2-qzvp
Auxiliary Basis Set                                  = def2-universal-jkfit
Gaussian Type                                        = Spherical
Elapsed time:   20.88 Seconds

Number of basis functions                   (NBF)    = 532
Number of auxiliary basis functions         (NBFAUX) = 628
Inactive Doubly occupied orbitals up to     (NO1)    = 0
No. considered Strongly Doubly occupied MOs (NDOC)   = 24
No. considered Strongly Singly occupied MOs (NSOC)   = 0
NO. of Weakly occ. per St. Doubly occ.  MOs (NCWO)   = 1
Dimension of the Nat. Orb. subspace         (NBF5)   = 48
No. of electrons                                     = 48
    No. of alpha electrons                           = 24
    No. of beta electrons                            = 24
Multiplicity                                         = 1

Geometry
========
 C      -2.2672042      -1.2336456      -0.0021687
 H      -2.8073993      -1.5228670       0.8952294
 C      -1.8664339       0.0963059       0.0018329
 H      -2.7953434      -1.5210411      -0.9073265
 N      -1.4164892       1.1752514       0.0060550
Li      -0.2861359      -1.9726867       0.0063779
 C       2.2672042       1.2336456      -0.0021687
 H       2.8073993       1.5228670       0.8952294
 C       1.8664339      -0.0963059       0.0018329
 H       2.7953434       1.5210411      -0.9073265
 N       1.4164892      -1.1752514       0.0060550
Li       0.2861359       1.9726867       0.0063779

No violations of the orthonormality
No violations of the orthonormality
 
PNOF8/ADABelief Calculation
==================
 
  Nitext  Nit_orb  Time   Nit_occ  Time         Eelec          Etot           Ediff      maxdiff    MaxGrad_orb  Grad_occ
     1      10    2.3e+01    0    4.2e+01  -493.41495583  -278.60135357 -10492.41495583   0.000513   2.1e-03   1.5e-04 0.04
 
RESULTS OF THE OCCUPATION OPTIMIZATION
========================================
   1    1.9997664  -15.54357918
   2    1.9997665  -15.54350670
   3    1.9995427  -11.24894643
   4    1.9995392  -11.24836328
   5    1.9996220  -11.19211095
   6    1.9996220  -11.19145093
   7    1.9975395  -2.41277207
   8    1.9975642  -2.41263872
   9    1.9877468  -0.97002039
  10    1.9877256  -0.96824198
  11    1.9869809  -0.85634546
  12    1.9868906  -0.85442382
  13    1.9810690  -0.84436075
  14    1.9810680  -0.84382525
  15    1.9752365  -0.61102806
  16    1.9752528  -0.60994106
  17    1.9760688  -0.54942978
  18    1.9760599  -0.54938990
  19    1.9760504  -0.54933832
  20    1.9760608  -0.54931090
  21    1.9602606  -0.47429527
  22    1.9602478  -0.47420468
  23    1.9602750  -0.47410223
  24    1.9603160  -0.47388779
  25    0.0396840  -0.04201814
  26    0.0397250  -0.04202871
  27    0.0397522  -0.04203905
  28    0.0397394  -0.04203646
  29    0.0239392  -0.02322985
  30    0.0239496  -0.02323020
  31    0.0239401  -0.02323071
  32    0.0239312  -0.02322610
  33    0.0247472  -0.03104551
  34    0.0247635  -0.03106365
  35    0.0189320  -0.03012626
  36    0.0189310  -0.03012814
  37    0.0131094  -0.01735290
  38    0.0130191  -0.01731559
  39    0.0122744  -0.02073032
  40    0.0122532  -0.02072973
  41    0.0024358  -0.01019886
  42    0.0024605  -0.01024356
  43    0.0003780  -0.00692678
  44    0.0003780  -0.00692258
  45    0.0004608  -0.00812389
  46    0.0004573  -0.00809623
  47    0.0002335  -0.00612726
  48    0.0002336  -0.00613022
 
----------------
 Final Energies 
----------------
Final NOF Total Energy =    -278.6013536
 
Total Orbital Internal Iterations = 10
Total Occupation Internal Iterations = 0
 
Elapsed time:   79.88 Seconds

---------------------------------
   Lowdin Population Analysis    
---------------------------------
 Idx  Atom   Population   Charge 
---------------------------------
  1     C     5.920       0.080
  2     H     1.069      -0.069
  3     C     6.110      -0.110
  4     H     1.069      -0.069
  5     N     6.717       0.283
  6    Li     3.116      -0.116
  7     C     5.920       0.080
  8     H     1.069      -0.069
  9     C     6.110      -0.110
 10     H     1.069      -0.069
 11     N     6.717       0.283
 12    Li     3.116      -0.116

---------------------------------
   M Diagnostic: 0.04
---------------------------------

