Computing Integrals
Basis Set                                            = def2-qzvp
Auxiliary Basis Set                                  = def2-universal-jkfit
Gaussian Type                                        = Spherical
Elapsed time:    3.22 Seconds

Number of basis functions                   (NBF)    = 117
Number of auxiliary basis functions         (NBFAUX) = 113
Inactive Doubly occupied orbitals up to     (NO1)    = 0
No. considered Strongly Doubly occupied MOs (NDOC)   = 4
No. considered Strongly Singly occupied MOs (NSOC)   = 1
NO. of Weakly occ. per St. Doubly occ.  MOs (NCWO)   = 1
Dimension of the Nat. Orb. subspace         (NBF5)   = 9
No. of electrons                                     = 9
    No. of alpha electrons                           = 5
    No. of beta electrons                            = 4
Multiplicity                                         = 2

Geometry
========
 N       0.0000000       0.0000000       0.4242463
 H      -0.8023121       0.0000000      -0.2121232
 H       0.8023121       0.0000000      -0.2121232

No violations of the orthonormality
No violations of the orthonormality
 
PNOF8/ADABelief Calculation
==================
 
  Nitext  Nit_orb  Time   Nit_occ  Time         Eelec          Etot           Ediff      maxdiff    MaxGrad_orb  Grad_occ
     1      10    3.0e+01    0    2.7e+01   -63.29231000   -55.72802536 -10062.29231000   0.000491   2.0e-03   1.6e-04 0.03
 
RESULTS OF THE OCCUPATION OPTIMIZATION
========================================
   1    1.9997494  -15.59023436
   2    1.9871189  -0.99358641
   3    1.9691880  -0.64137824
   4    1.9692773  -0.64123739
   5    1.0000000  -0.26292305
   6    0.0307227  -0.03104306
   7    0.0308120  -0.03107345
   8    0.0128811  -0.01900714
   9    0.0002506  -0.00667797
 
----------------
 Final Energies 
----------------
Final NOF Total Energy =     -55.7280254
 
Total Orbital Internal Iterations = 10
Total Occupation Internal Iterations = 0
 
Elapsed time:   69.17 Seconds

---------------------------------
   Lowdin Population Analysis    
---------------------------------
 Idx  Atom   Population   Charge 
---------------------------------
  1     N     6.502       0.498
  2     H     1.249      -0.249
  3     H     1.249      -0.249

---------------------------------
   M Diagnostic: 0.03
---------------------------------

