Computing Integrals
Basis Set                                            = def2-qzvp
Auxiliary Basis Set                                  = def2-universal-jkfit
Gaussian Type                                        = Spherical
Elapsed time:    4.11 Seconds

Number of basis functions                   (NBF)    = 321
Number of auxiliary basis functions         (NBFAUX) = 317
Inactive Doubly occupied orbitals up to     (NO1)    = 0
No. considered Strongly Doubly occupied MOs (NDOC)   = 12
No. considered Strongly Singly occupied MOs (NSOC)   = 0
NO. of Weakly occ. per St. Doubly occ.  MOs (NCWO)   = 1
Dimension of the Nat. Orb. subspace         (NBF5)   = 24
No. of electrons                                     = 24
    No. of alpha electrons                           = 12
    No. of beta electrons                            = 12
Multiplicity                                         = 1

Geometry
========
 N       0.0000000       0.0000000      -0.3687552
 H       0.0000000       0.0000000      -1.3837872
 C       1.2257745       0.0000000       0.1578401
 H       1.3393153       0.0000000       1.2298673
 H       2.0680943       0.0000000      -0.5114363
 C      -1.2257745       0.0000000       0.1578401
 H      -1.3393153       0.0000000       1.2298673
 H      -2.0680943       0.0000000      -0.5114363

No violations of the orthonormality
No violations of the orthonormality
 
PNOF8/ADAM Calculation
==================
 
  Nitext  Nit_orb  Time   Nit_occ  Time         Eelec          Etot           Ediff      maxdiff    MaxGrad_orb  Grad_occ
     1      10    1.0e+01   12    1.2e+01  -193.30784599  -120.25755534 -10192.30784599   0.760679   3.0e+00   1.5e-04 0.02
     2      10    1.4e+00   10    2.4e-02  -201.75494633  -128.70465568    -8.44710033   0.378845   1.5e+00   1.2e-04 0.03
     3      10    1.5e+00    8    3.8e-02  -204.39910764  -131.34881699    -2.64416131   0.199793   8.0e-01   1.5e-04 0.04
     4      10    1.3e+00    7    4.5e-02  -205.31144491  -132.26115425    -0.91233727   0.109401   4.4e-01   1.1e-04 0.04
     5      10    1.2e+00    6    2.4e-02  -205.70037281  -132.65008216    -0.38892791   0.100348   4.0e-01   2.1e-04 0.04
     6      10    1.2e+00    6    1.9e-02  -205.86649857  -132.81620792    -0.16612575   0.103728   4.1e-01   1.1e-04 0.04
     7      10    1.3e+00    5    5.1e-02  -205.98317639  -132.93288573    -0.11667782   0.109077   4.4e-01   1.9e-04 0.03
     8      10    1.2e+00    3    6.7e-02  -206.08220472  -133.03191407    -0.09902834   0.101678   4.1e-01   2.7e-04 0.03
     9      10    1.2e+00    4    3.0e-02  -206.15615600  -133.10586535    -0.07395128   0.100008   4.0e-01   1.2e-04 0.03
    10      10    1.2e+00    3    1.7e-02  -206.20924423  -133.15895357    -0.05308822   0.107716   4.3e-01   2.5e-04 0.03
    11      10    1.2e+00    3    1.6e-02  -206.23935889  -133.18906824    -0.03011467   0.105328   4.2e-01   1.3e-04 0.03
    12      10    2.1e+00    3    1.8e-02  -206.25804205  -133.20775140    -0.01868316   0.103700   4.1e-01   1.3e-04 0.04
    13      10    2.1e+00    3    1.8e-02  -206.27974005  -133.22944940    -0.02169799   0.100880   4.0e-01   1.7e-04 0.04
    14      10    1.2e+00    3    1.5e-02  -206.30288628  -133.25259563    -0.02314623   0.099395   4.0e-01   2.0e-04 0.04
    15      10    1.5e+00    3    2.4e-02  -206.34759764  -133.29730699    -0.04471137   0.103967   4.2e-01   2.3e-04 0.03
    16      10    1.6e+00    3    1.4e-02  -206.41198564  -133.36169499    -0.06438800   0.107677   4.3e-01   2.7e-04 0.03
    17      10    1.3e+00    3    2.4e-02  -206.46451868  -133.41422803    -0.05253304   0.126869   5.1e-01   2.0e-04 0.04
    18      10    1.3e+00    3    1.8e-02  -206.49246246  -133.44217181    -0.02794379   0.172180   6.9e-01   2.3e-04 0.04
    19      10    1.6e+00    3    2.7e-02  -206.50389077  -133.45360012    -0.01142830   0.082295   3.3e-01   1.8e-04 0.04
    20      10    1.5e+00    3    1.8e-02  -206.51005780  -133.45976715    -0.00616703   0.101922   4.1e-01   1.5e-04 0.04
    21      10    1.7e+00    3    1.4e-02  -206.51196960  -133.46167895    -0.00191180   0.100592   4.0e-01   1.2e-04 0.04
    22      10    1.5e+00    0    4.8e-02  -206.51201931  -133.46172865    -0.00004970   0.100592   4.0e-01   1.2e-04 0.04
    23      30    3.9e+00    3    4.8e-02  -206.52514947  -133.47485882    -0.01313016   0.002145   8.6e-03   2.4e-04 0.04
    24      30    3.6e+00    3    1.8e-02  -206.52538496  -133.47509431    -0.00023550   0.001604   6.4e-03   1.8e-04 0.04
    25      30    4.2e+00    1    1.5e-02  -206.52547120  -133.47518055    -0.00008623   0.019388   7.8e-02   1.9e-04 0.04
    26      30    4.4e+00    1    2.2e-02  -206.52556597  -133.47527532    -0.00009477   0.002179   8.7e-03   2.2e-04 0.04
    27      30    3.5e+00    1    1.4e-02  -206.52558860  -133.47529795    -0.00002263   0.001135   4.5e-03   2.0e-04 0.04
    28      30    4.3e+00    2    3.3e-02  -206.52561611  -133.47532546    -0.00002751   0.001695   6.8e-03   1.2e-04 0.04
    29      30    4.3e+00    1    1.7e-02  -206.52563305  -133.47534240    -0.00001694   0.000891   3.6e-03   1.5e-04 0.05
 
RESULTS OF THE OCCUPATION OPTIMIZATION
========================================
   1    1.9997076  -15.45471852
   2    1.9995828  -11.36075407
   3    1.9995797  -11.29971513
   4    1.9921301  -1.22088857
   5    1.9806882  -0.77770561
   6    1.9800643  -0.75258697
   7    1.9756166  -0.74400640
   8    1.9752800  -0.71811547
   9    1.9751934  -0.69600454
  10    1.9771652  -0.64817277
  11    1.9770133  -0.64486956
  12    1.9549896  -0.26010732
  13    0.0450104  -0.04536726
  14    0.0229867  -0.02416005
  15    0.0228348  -0.02410029
  16    0.0248066  -0.03440545
  17    0.0247200  -0.03454466
  18    0.0243834  -0.02957767
  19    0.0199357  -0.02315771
  20    0.0193118  -0.02282653
  21    0.0078699  -0.01335426
  22    0.0004203  -0.00767403
  23    0.0004172  -0.00766472
  24    0.0002924  -0.00739616
 
----------------
 Final Energies 
----------------
Final NOF Total Energy =    -133.4753424
 
Total Orbital Internal Iterations = 430
Total Occupation Internal Iterations = 109
 
Elapsed time:   93.41 Seconds

---------------------------------
   Lowdin Population Analysis    
---------------------------------
 Idx  Atom   Population   Charge 
---------------------------------
  1     N     6.515       0.485
  2     H     1.086      -0.086
  3     C     5.936       0.064
  4     H     1.129      -0.129
  5     H     1.138      -0.138
  6     C     5.931       0.069
  7     H     1.128      -0.128
  8     H     1.138      -0.138

---------------------------------
   M Diagnostic: 0.05
---------------------------------

