Computing Integrals
Basis Set                                            = def2-qzvp
Auxiliary Basis Set                                  = def2-universal-jkfit
Gaussian Type                                        = Spherical
Elapsed time:   31.95 Seconds

Number of basis functions                   (NBF)    = 642
Number of auxiliary basis functions         (NBFAUX) = 634
Inactive Doubly occupied orbitals up to     (NO1)    = 0
No. considered Strongly Doubly occupied MOs (NDOC)   = 25
No. considered Strongly Singly occupied MOs (NSOC)   = 0
NO. of Weakly occ. per St. Doubly occ.  MOs (NCWO)   = 1
Dimension of the Nat. Orb. subspace         (NBF5)   = 50
No. of electrons                                     = 50
    No. of alpha electrons                           = 25
    No. of beta electrons                            = 25
Multiplicity                                         = 1

Geometry
========
 C      -1.9271980      -0.4393320      -0.2710160
 H      -2.1995250      -1.2190060       0.4488730
 O      -2.3626950       0.8400860       0.1878840
 C      -0.4328000      -0.4908680      -0.5621360
 H      -0.2001090      -1.4680690      -0.9966050
 H      -0.1883220       0.2613530      -1.3119180
 C       0.4317110      -0.2757490       0.6777340
 H       0.1956040      -1.0305380       1.4353460
 H       0.2118020       0.7005260       1.1220620
 H      -2.0538720       0.9454400       1.0905830
 H      -2.4888330      -0.6254600      -1.1849770
 C       1.9255300      -0.3440170       0.3806070
 H       2.4978550      -0.2574490       1.3093160
 H       2.1715330      -1.3049480      -0.0710290
 O       2.3481740       0.6347540      -0.5648880
 H       2.1865770       1.4992290      -0.1767600

No violations of the orthonormality
No violations of the orthonormality
 
PNOF8/ADABelief Calculation
==================
 
  Nitext  Nit_orb  Time   Nit_occ  Time         Eelec          Etot           Ediff      maxdiff    MaxGrad_orb  Grad_occ
     1      10    7.5e+01    0    6.7e+01  -560.28949602  -308.04325203 -10559.28949602   0.000663   2.7e-03   2.2e-04 0.03
 
RESULTS OF THE OCCUPATION OPTIMIZATION
========================================
   1    1.9998058  -20.58458125
   2    1.9998092  -20.58308561
   3    1.9995612  -11.26100865
   4    1.9995617  -11.25743396
   5    1.9995901  -11.22689367
   6    1.9995880  -11.21904692
   7    1.9910142  -1.28572486
   8    1.9910587  -1.28410015
   9    1.9811568  -0.86214528
  10    1.9811973  -0.85316662
  11    1.9807262  -0.84314808
  12    1.9806226  -0.84150816
  13    1.9714411  -0.71166441
  14    1.9714157  -0.70957827
  15    1.9666572  -0.66471602
  16    1.9666047  -0.66062865
  17    1.9751930  -0.61840473
  18    1.9752939  -0.61742498
  19    1.9748781  -0.60653525
  20    1.9753137  -0.59438720
  21    1.9712136  -0.57267250
  22    1.9822724  -0.57264833
  23    1.9711549  -0.57216763
  24    1.9822122  -0.56712585
  25    1.9711615  -0.56458543
  26    0.0288385  -0.03363959
  27    0.0177878  -0.02204800
  28    0.0288451  -0.03374744
  29    0.0177276  -0.02207851
  30    0.0287864  -0.03338041
  31    0.0246863  -0.02486298
  32    0.0251219  -0.02530253
  33    0.0247061  -0.02541245
  34    0.0248070  -0.02551747
  35    0.0333953  -0.04553164
  36    0.0333428  -0.04558218
  37    0.0285843  -0.03553221
  38    0.0285589  -0.03550420
  39    0.0193774  -0.02344829
  40    0.0192738  -0.02335052
  41    0.0188027  -0.02306940
  42    0.0188432  -0.02319919
  43    0.0089413  -0.02071642
  44    0.0089858  -0.02074420
  45    0.0004120  -0.00756261
  46    0.0004099  -0.00757044
  47    0.0004383  -0.00788528
  48    0.0004388  -0.00788729
  49    0.0001908  -0.00647760
  50    0.0001942  -0.00651853
 
----------------
 Final Energies 
----------------
Final NOF Total Energy =    -308.0432520
 
Total Orbital Internal Iterations = 10
Total Occupation Internal Iterations = 0
 
Elapsed time:  184.17 Seconds

---------------------------------
   Lowdin Population Analysis    
---------------------------------
 Idx  Atom   Population   Charge 
---------------------------------
  1     C     6.100      -0.100
  2     H     1.062      -0.062
  3     O     7.417       0.583
  4     C     5.919       0.081
  5     H     1.041      -0.041
  6     H     1.047      -0.047
  7     C     5.930       0.070
  8     H     1.043      -0.043
  9     H     1.054      -0.054
 10     H     1.348      -0.348
 11     H     1.061      -0.061
 12     C     6.102      -0.102
 13     H     1.065      -0.065
 14     H     1.057      -0.057
 15     O     7.414       0.586
 16     H     1.340      -0.340

---------------------------------
   M Diagnostic: 0.03
---------------------------------

