Computing Integrals
Basis Set                                            = def2-qzvp
Auxiliary Basis Set                                  = def2-universal-jkfit
Gaussian Type                                        = Spherical
Elapsed time:    1.88 Seconds

Number of basis functions                   (NBF)    = 144
Number of auxiliary basis functions         (NBFAUX) = 204
Inactive Doubly occupied orbitals up to     (NO1)    = 0
No. considered Strongly Doubly occupied MOs (NDOC)   = 8
No. considered Strongly Singly occupied MOs (NSOC)   = 0
NO. of Weakly occ. per St. Doubly occ.  MOs (NCWO)   = 1
Dimension of the Nat. Orb. subspace         (NBF5)   = 16
No. of electrons                                     = 16
    No. of alpha electrons                           = 8
    No. of beta electrons                            = 8
Multiplicity                                         = 1

Geometry
========
Be       0.7279036      -0.7279036       0.7279036
Be      -0.7279036       0.7279036       0.7279036
Be      -0.7279036      -0.7279036      -0.7279036
Be       0.7279036       0.7279036      -0.7279036

No violations of the orthonormality
No violations of the orthonormality
 
PNOF8/ADAM Calculation
==================
 
  Nitext  Nit_orb  Time   Nit_occ  Time         Eelec          Etot           Ediff      maxdiff    MaxGrad_orb  Grad_occ
     1      10    9.4e+00    8    1.2e+01   -80.63049419   -55.95575252 -10079.63049419   0.251653   1.0e+00   7.7e-05 0.01
     2      10    4.2e-01    3    2.4e-02   -82.15269452   -57.47795285    -1.52220033   0.155724   6.2e-01   1.4e-04 0.02
     3      10    4.4e-01    4    1.2e-02   -82.83423286   -58.15949119    -0.68153833   0.094250   3.8e-01   6.7e-05 0.03
     4      10    7.8e-01    3    1.7e-02   -83.08565395   -58.41091228    -0.25142109   0.051358   2.1e-01   1.1e-04 0.03
     5      10    3.8e-01    3    7.3e-03   -83.15913697   -58.48439529    -0.07348302   0.045597   1.8e-01   7.7e-05 0.03
     6      10    4.1e-01    3    3.2e-03   -83.17829513   -58.50355346    -0.01915816   0.036250   1.5e-01   8.2e-05 0.04
     7      10    4.0e-01    3    2.2e-02   -83.18707777   -58.51233610    -0.00878264   0.036628   1.5e-01   8.1e-05 0.04
     8      10    4.0e-01    3    3.4e-03   -83.19060376   -58.51586209    -0.00352599   0.039045   1.6e-01   7.4e-05 0.04
     9      10    2.3e-01    3    2.1e-02   -83.19202419   -58.51728252    -0.00142043   0.037182   1.5e-01   5.0e-05 0.04
    10      10    7.0e-01    3    3.0e-02   -83.19324793   -58.51850625    -0.00122374   0.039367   1.6e-01   3.2e-05 0.04
    11      10    4.9e-01    3    1.1e-02   -83.19435926   -58.51961758    -0.00111133   0.043452   1.7e-01   2.1e-05 0.04
    12      10    6.2e-01    3    1.4e-02   -83.19453951   -58.51979784    -0.00018025   0.072625   2.9e-01   1.3e-05 0.04
    13      10    4.9e-01    3    2.5e-02   -83.19656443   -58.52182275    -0.00202492   0.042990   1.7e-01   2.2e-05 0.05
    14      10    3.9e-01    2    3.8e-03   -83.19737819   -58.52263651    -0.00081376   0.039330   1.6e-01   1.6e-04 0.05
    15      10    6.6e-01    2    3.6e-02   -83.19833387   -58.52359220    -0.00095568   0.040475   1.6e-01   1.6e-04 0.05
    16      10    4.9e-01    2    3.4e-02   -83.19882753   -58.52408586    -0.00049366   0.032358   1.3e-01   1.3e-04 0.05
    17      10    4.7e-01    2    4.3e-02   -83.19906982   -58.52432815    -0.00024229   0.041546   1.7e-01   8.6e-05 0.05
    18      10    6.1e-01    1    3.7e-02   -83.19966398   -58.52492230    -0.00059415   0.042303   1.7e-01   1.2e-04 0.05
    19      10    5.6e-01    0    3.5e-02   -83.19966790   -58.52492623    -0.00000393   0.042303   1.7e-01   1.2e-04 0.05
    20      30    1.7e+00    1    7.0e-03   -83.20205561   -58.52731394    -0.00238771   0.000493   2.0e-03   1.6e-04 0.05
 
RESULTS OF THE OCCUPATION OPTIMIZATION
========================================
   1    1.9984412  -4.69221969
   2    1.9984549  -4.69206011
   3    1.9991674  -4.69175163
   4    1.9985061  -4.69171254
   5    1.9839107  -0.55588997
   6    1.9545083  -0.28078206
   7    1.9542093  -0.28046700
   8    1.9537108  -0.28010575
   9    0.0462892  -0.02095586
  10    0.0457907  -0.02087622
  11    0.0454917  -0.02080641
  12    0.0160893  -0.01583416
  13    0.0014939  -0.01035616
  14    0.0008326  -0.00616079
  15    0.0015451  -0.01063867
  16    0.0015588  -0.01072886
 
----------------
 Final Energies 
----------------
Final NOF Total Energy =     -58.5273139
 
Total Orbital Internal Iterations = 220
Total Occupation Internal Iterations = 55
 
Elapsed time:   40.01 Seconds

---------------------------------
   Lowdin Population Analysis    
---------------------------------
 Idx  Atom   Population   Charge 
---------------------------------
  1    Be     3.998       0.002
  2    Be     4.000       0.000
  3    Be     3.999       0.001
  4    Be     4.003      -0.003

---------------------------------
   M Diagnostic: 0.05
---------------------------------

