Computing Integrals
Basis Set                                            = def2-qzvp
Auxiliary Basis Set                                  = def2-universal-jkfit
Gaussian Type                                        = Spherical
Elapsed time:    2.80 Seconds

Number of basis functions                   (NBF)    = 231
Number of auxiliary basis functions         (NBFAUX) = 265
Inactive Doubly occupied orbitals up to     (NO1)    = 0
No. considered Strongly Doubly occupied MOs (NDOC)   = 11
No. considered Strongly Singly occupied MOs (NSOC)   = 0
NO. of Weakly occ. per St. Doubly occ.  MOs (NCWO)   = 1
Dimension of the Nat. Orb. subspace         (NBF5)   = 22
No. of electrons                                     = 22
    No. of alpha electrons                           = 11
    No. of beta electrons                            = 11
Multiplicity                                         = 1

Geometry
========
 N       0.0000000       0.0000000      -1.8849400
 N       0.0000000       0.0000000      -0.7510000
 C       0.0000000       0.0000000       0.5411838
 H      -0.9508515       0.0000000       1.0473781
 H       0.9508515       0.0000000       1.0473781

No violations of the orthonormality
No violations of the orthonormality
 
PNOF8/ADAM Calculation
==================
 
  Nitext  Nit_orb  Time   Nit_occ  Time         Eelec          Etot           Ediff      maxdiff    MaxGrad_orb  Grad_occ
     1      10    9.6e+00    9    1.2e+01  -196.78856916  -135.34256833 -10195.78856916   1.061326   4.2e+00   1.1e-04 0.01
     2      10    8.7e-01   11    8.3e-03  -204.93016600  -143.48416517    -8.14159684   0.364091   1.5e+00   1.9e-04 0.03
     3      10    8.6e-01    9    9.4e-03  -207.53421708  -146.08821625    -2.60405108   0.240319   9.6e-01   1.4e-04 0.04
     4      10    1.0e+00    7    4.9e-02  -208.56998258  -147.12398175    -1.03576550   0.234474   9.4e-01   1.0e-04 0.04
     5      10    1.3e+00    5    7.0e-03  -209.04142058  -147.59541975    -0.47143800   0.231950   9.3e-01   2.0e-04 0.04
     6      10    1.4e+00    5    6.7e-02  -209.31555670  -147.86955587    -0.27413612   0.221379   8.9e-01   1.1e-04 0.04
     7      10    1.2e+00    6    1.9e-02  -209.51215870  -148.06615787    -0.19660200   0.223669   8.9e-01   1.5e-04 0.03
     8      10    1.0e+00    5    2.4e-02  -209.64881695  -148.20281612    -0.13665824   0.131397   5.3e-01   1.9e-04 0.03
     9      10    1.0e+00    4    6.2e-03  -209.72519721  -148.27919638    -0.07638027   0.127882   5.1e-01   1.8e-04 0.03
    10      10    8.8e-01    3    3.7e-02  -209.75434111  -148.30834028    -0.02914389   0.112173   4.5e-01   2.7e-04 0.03
    11      10    8.9e-01    4    4.0e-02  -209.76411290  -148.31811207    -0.00977180   0.115923   4.6e-01   1.9e-04 0.04
    12      10    1.4e+00    4    5.0e-02  -209.76696288  -148.32096205    -0.00284998   0.114649   4.6e-01   1.7e-04 0.04
    13      10    1.2e+00    5    3.2e-02  -209.76863376  -148.32263293    -0.00167088   0.118278   4.7e-01   1.2e-04 0.04
    14      10    1.5e+00    5    4.6e-02  -209.77117709  -148.32517626    -0.00254333   0.121741   4.9e-01   9.8e-05 0.04
    15      10    8.6e-01    5    2.4e-02  -209.77298282  -148.32698199    -0.00180572   0.119979   4.8e-01   1.4e-04 0.04
    16      10    1.0e+00    5    9.4e-03  -209.77395092  -148.32795009    -0.00096810   0.128548   5.1e-01   9.2e-05 0.04
    17      10    8.8e-01    4    2.8e-02  -209.77433463  -148.32833380    -0.00038371   0.123895   5.0e-01   2.1e-04 0.04
    18      10    8.5e-01    0    3.7e-02  -209.77436170  -148.32836087    -0.00002708   0.123895   5.0e-01   2.1e-04 0.04
    19      30    4.0e+00    4    9.3e-03  -209.78793666  -148.34193583    -0.01357495   0.001375   5.5e-03   1.5e-04 0.04
    20      30    3.1e+00    4    2.1e-02  -209.78811272  -148.34211189    -0.00017606   0.001569   6.3e-03   1.3e-04 0.04
    21      30    3.7e+00    1    2.2e-02  -209.78818645  -148.34218562    -0.00007373   0.001260   5.0e-03   1.8e-04 0.04
    22      30    3.2e+00    1    4.4e-02  -209.78821586  -148.34221502    -0.00002940   0.001389   5.6e-03   2.0e-04 0.04
    23      30    3.2e+00    0    2.8e-02  -209.78821995  -148.34221912    -0.00000409   0.001946   7.8e-03   1.8e-04 0.04
    24      40    4.0e+00    2    4.6e-02  -209.78824657  -148.34224574    -0.00002662   0.000791   3.2e-03   1.6e-04 0.04
 
RESULTS OF THE OCCUPATION OPTIMIZATION
========================================
   1    1.9997974  -15.65483067
   2    1.9997149  -15.56546118
   3    1.9995867  -11.41125491
   4    1.9924733  -1.24478320
   5    1.9819580  -1.15500220
   6    1.9766629  -0.86235367
   7    1.9789636  -0.72929305
   8    1.9779048  -0.69092071
   9    1.9867114  -0.66439667
  10    1.9579467  -0.60921193
  11    1.9574776  -0.34957471
  12    0.0425224  -0.04977687
  13    0.0420533  -0.05129972
  14    0.0132886  -0.01763785
  15    0.0220952  -0.02422434
  16    0.0210364  -0.02393233
  17    0.0233371  -0.03874883
  18    0.0180420  -0.03109581
  19    0.0075267  -0.01661036
  20    0.0004133  -0.00774063
  21    0.0002851  -0.00725534
  22    0.0002026  -0.00544062
 
----------------
 Final Energies 
----------------
Final NOF Total Energy =    -148.3422457
 
Total Orbital Internal Iterations = 370
Total Occupation Internal Iterations = 108
 
Elapsed time:   71.63 Seconds

---------------------------------
   Lowdin Population Analysis    
---------------------------------
 Idx  Atom   Population   Charge 
---------------------------------
  1     N     6.929       0.071
  2     N     6.833       0.167
  3     C     5.988       0.012
  4     H     1.125      -0.125
  5     H     1.125      -0.125

---------------------------------
   M Diagnostic: 0.04
---------------------------------

