Computing Integrals
Basis Set                                            = def2-qzvp
Auxiliary Basis Set                                  = def2-universal-jkfit
Gaussian Type                                        = Spherical
Elapsed time:   26.51 Seconds

Number of basis functions                   (NBF)    = 762
Number of auxiliary basis functions         (NBFAUX) = 1218
Inactive Doubly occupied orbitals up to     (NO1)    = 0
No. considered Strongly Doubly occupied MOs (NDOC)   = 69
No. considered Strongly Singly occupied MOs (NSOC)   = 0
NO. of Weakly occ. per St. Doubly occ.  MOs (NCWO)   = 1
Dimension of the Nat. Orb. subspace         (NBF5)   = 138
No. of electrons                                     = 138
    No. of alpha electrons                           = 69
    No. of beta electrons                            = 69
Multiplicity                                         = 1

Geometry
========
 C      -1.2045878       0.6954665       0.0000000
 C      -1.2045878      -0.6954666       0.0000000
 C      -0.0000000      -1.3909631       0.0000000
 C       1.2045879      -0.6954665       0.0000000
 C       1.2045880       0.6954665       0.0000000
 C      -0.0000000       1.3909631       0.0000000
Cl      -2.6827211      -1.5488874       0.0000000
Cl      -0.0000000      -3.0976517       0.0000000
Cl       2.6827211      -1.5488876       0.0000000
Cl       2.6827212       1.5488875       0.0000000
Cl      -0.0000003       3.0976517       0.0000000
Cl      -2.6827210       1.5488875       0.0000000

No violations of the orthonormality
No violations of the orthonormality
 
PNOF8/ADAM Calculation
==================
 
  Nitext  Nit_orb  Time   Nit_occ  Time         Eelec          Etot           Ediff      maxdiff    MaxGrad_orb  Grad_occ
     1      10    4.3e+01    7    1.4e+01 -4207.84696989 -2850.72618900 -14206.84696989   1.561790   6.2e+00   2.9e-04 0.01
     2      10    3.4e+01   12    2.2e+00 -4300.39540251 -2943.27462162   -92.54843262   0.513493   2.1e+00   2.4e-04 0.02
     3      10    3.5e+01   12    2.1e+00 -4330.86164909 -2973.74086820   -30.46624658   0.644839   2.6e+00   2.5e-04 0.03
     4      10    3.4e+01   11    2.3e+00 -4337.41387323 -2980.29309234    -6.55222414   1.882643   7.5e+00   1.6e-04 0.04
     5      10    3.5e+01    9    2.1e+00 -4338.83017278 -2981.70939189    -1.41629956   2.365444   9.5e+00   1.8e-04 0.04
     6      10    3.4e+01    8    2.0e+00 -4339.74501423 -2982.62423334    -0.91484144   2.001655   8.0e+00   2.5e-04 0.04
     7      10    3.4e+01    8    2.1e+00 -4339.86077876 -2982.73999787    -0.11576453   2.864111   1.1e+01   2.0e-04 0.04
     8      10    3.4e+01    0    1.9e+00 -4339.86187811 -2982.74109722    -0.00109935   2.864111   1.1e+01   2.0e-04 0.04
     9      30    9.7e+01    7    2.0e+00 -4342.83505287 -2985.71427197    -2.97317475   0.079772   3.2e-01   3.4e-04 0.04
    10      30    9.6e+01    5    2.1e+00 -4343.35431024 -2986.23352935    -0.51925737   0.100960   4.0e-01   2.3e-04 0.04
    11      30    9.7e+01    5    2.0e+00 -4343.59842281 -2986.47764192    -0.24411257   0.425947   1.7e+00   2.3e-04 0.04
    12      30    9.6e+01    6    2.1e+00 -4343.76535491 -2986.64457402    -0.16693210   0.075928   3.0e-01   2.2e-04 0.04
    13      30    9.7e+01    4    2.0e+00 -4343.87575284 -2986.75497195    -0.11039793   0.073362   2.9e-01   3.7e-04 0.04
    14      30    9.7e+01    5    2.0e+00 -4343.94987608 -2986.82909519    -0.07412325   0.059559   2.4e-01   2.5e-04 0.04
    15      30    9.7e+01    4    2.0e+00 -4343.99143012 -2986.87064923    -0.04155404   0.046409   1.9e-01   3.2e-04 0.04
    16      30    9.7e+01    5    2.0e+00 -4344.01851386 -2986.89773297    -0.02708374   0.027622   1.1e-01   2.2e-04 0.04
    17      30    9.7e+01    3    2.0e+00 -4344.03263041 -2986.91184952    -0.01411655   0.102221   4.1e-01   3.4e-04 0.04
    18      30    9.9e+01    5    2.1e+00 -4344.04331072 -2986.92252983    -0.01068031   0.026551   1.1e-01   1.7e-04 0.04
    19      30    9.7e+01    3    2.0e+00 -4344.04812531 -2986.92734442    -0.00481460   0.028196   1.1e-01   2.2e-04 0.04
    20      30    9.7e+01    3    2.0e+00 -4344.05269683 -2986.93191594    -0.00457152   0.029837   1.2e-01   2.1e-04 0.04
    21      30    9.7e+01    0    1.9e+00 -4344.05290238 -2986.93212149    -0.00020555   0.029837   1.2e-01   2.1e-04 0.04
    22      50    1.6e+02    2    1.9e+00 -4344.08600131 -2986.96522042    -0.03309893   0.088134   3.5e-01   3.4e-04 0.04
    23      50    1.6e+02    2    1.9e+00 -4344.08699191 -2986.96621102    -0.00099060   0.006196   2.5e-02   3.0e-04 0.04
    24      50    1.6e+02    2    1.9e+00 -4344.08855439 -2986.96777350    -0.00156247   0.004812   1.9e-02   2.9e-04 0.04
    25      50    1.6e+02    2    2.1e+00 -4344.08963668 -2986.96885579    -0.00108230   0.005067   2.0e-02   2.7e-04 0.04
    26      50    1.6e+02    2    1.9e+00 -4344.09062160 -2986.96984071    -0.00098492   0.026939   1.1e-01   2.6e-04 0.04
    27      50    1.6e+02    2    2.0e+00 -4344.09144498 -2986.97066409    -0.00082338   0.004796   1.9e-02   2.6e-04 0.04
    28      50    1.6e+02    2    1.9e+00 -4344.09215695 -2986.97137606    -0.00071197   0.053419   2.1e-01   2.5e-04 0.04
    29      50    1.6e+02    2    1.9e+00 -4344.09285159 -2986.97207070    -0.00069464   0.004928   2.0e-02   2.3e-04 0.04
    30      50    1.6e+02    2    1.9e+00 -4344.09340100 -2986.97262011    -0.00054941   0.005924   2.4e-02   2.3e-04 0.04
    31      50    1.6e+02    2    1.9e+00 -4344.09389737 -2986.97311648    -0.00049637   0.005888   2.4e-02   2.2e-04 0.04
    32      50    1.6e+02    2    1.9e+00 -4344.09434807 -2986.97356718    -0.00045070   0.007600   3.0e-02   2.0e-04 0.04
    33      50    1.6e+02    2    2.0e+00 -4344.09470362 -2986.97392273    -0.00035556   0.005357   2.1e-02   2.0e-04 0.04
    34      50    1.6e+02    2    1.9e+00 -4344.09500031 -2986.97421942    -0.00029669   0.043580   1.7e-01   1.8e-04 0.04
    35      50    1.6e+02    2    1.9e+00 -4344.09530784 -2986.97452695    -0.00030753   0.005500   2.2e-02   1.8e-04 0.04
    36      50    1.6e+02    2    1.9e+00 -4344.09551024 -2986.97472935    -0.00020240   0.038056   1.5e-01   1.5e-04 0.04
    37      50    1.6e+02    2    2.0e+00 -4344.09579001 -2986.97500912    -0.00027977   0.005181   2.1e-02   1.5e-04 0.04
    38      50    1.6e+02    2    1.9e+00 -4344.09595336 -2986.97517246    -0.00016334   0.005027   2.0e-02   1.3e-04 0.04
    39      50    1.6e+02    2    1.9e+00 -4344.09610275 -2986.97532186    -0.00014939   0.004830   1.9e-02   1.2e-04 0.04
    40      50    1.6e+02    2    2.1e+00 -4344.09620555 -2986.97542466    -0.00010280   0.005078   2.0e-02   1.2e-04 0.04
 
RESULTS OF THE OCCUPATION OPTIMIZATION
========================================
   1    1.9999677  -104.91889281
   2    1.9999688  -104.91395568
   3    1.9999674  -104.91393946
   4    1.9999677  -104.91278559
   5    1.9999679  -104.91213154
   6    1.9999662  -104.91114878
   7    1.9994434  -11.26485297
   8    1.9994421  -11.24795833
   9    1.9994304  -11.17692608
  10    1.9994289  -11.17470344
  11    1.9994241  -11.16441326
  12    1.9993112  -11.00355385
  13    1.9992334  -10.87846121
  14    1.9992526  -10.74355508
  15    1.9992700  -10.73937327
  16    1.9992439  -10.73084070
  17    1.9992349  -10.71213704
  18    1.9993549  -10.64642851
  19    1.9990271  -8.07607220
  20    1.9986427  -8.07554240
  21    1.9986742  -8.07471563
  22    1.9986552  -8.07453318
  23    1.9986805  -8.07311134
  24    1.9990207  -8.07099589
  25    1.9985843  -8.07079861
  26    1.9986518  -8.07011272
  27    1.9986557  -8.07008823
  28    1.9986666  -8.06996970
  29    1.9986606  -8.06947387
  30    1.9987728  -8.06910364
  31    1.9990243  -8.06707343
  32    1.9986914  -8.06678721
  33    1.9986744  -8.06548192
  34    1.9990283  -8.06492207
  35    1.9990604  -8.06438217
  36    1.9990219  -8.06427157
  37    1.9918740  -1.17062035
  38    1.9921263  -1.16869334
  39    1.9919478  -1.16531687
  40    1.9918939  -1.16507649
  41    1.9916814  -1.16195471
  42    1.9918979  -1.16104989
  43    1.9801904  -0.93240490
  44    1.9796725  -0.92009798
  45    1.9793987  -0.89325808
  46    1.9786439  -0.85094966
  47    1.9862958  -0.84772275
  48    1.9778919  -0.81370300
  49    1.9777945  -0.79783694
  50    1.9682437  -0.65745493
  51    1.9679580  -0.65668757
  52    1.9679930  -0.65557704
  53    1.9681096  -0.65545075
  54    1.9680271  -0.65526300
  55    1.9682799  -0.65128693
  56    1.9803054  -0.53202632
  57    1.9805664  -0.52127810
  58    1.9803037  -0.51837529
  59    1.9802644  -0.51774404
  60    1.9802363  -0.51771340
  61    1.9802004  -0.51738751
  62    1.9802164  -0.51729061
  63    1.9801083  -0.51711280
  64    1.9801901  -0.51663651
  65    1.9790425  -0.51113462
  66    1.9798699  -0.51093213
  67    1.9628334  -0.44690874
  68    1.9628425  -0.44689080
  69    1.9628363  -0.44005497
  70    0.0371637  -0.04193035
  71    0.0371575  -0.04203096
  72    0.0371666  -0.04195567
  73    0.0201301  -0.02489018
  74    0.0209575  -0.02512578
  75    0.0198099  -0.02436476
  76    0.0198917  -0.02442352
  77    0.0197836  -0.02431986
  78    0.0197996  -0.02438055
  79    0.0197637  -0.02428896
  80    0.0197356  -0.02428743
  81    0.0196963  -0.02424598
  82    0.0194336  -0.02376428
  83    0.0196946  -0.02467052
  84    0.0317201  -0.04771705
  85    0.0319729  -0.04792912
  86    0.0318904  -0.04784496
  87    0.0320070  -0.04795596
  88    0.0320420  -0.04792186
  89    0.0317563  -0.04784925
  90    0.0222055  -0.03238603
  91    0.0221081  -0.03247455
  92    0.0137042  -0.02403443
  93    0.0213561  -0.03202961
  94    0.0206013  -0.03154408
  95    0.0203275  -0.03161186
  96    0.0198096  -0.03094253
  97    0.0081021  -0.02869698
  98    0.0083186  -0.02791520
  99    0.0081061  -0.02863737
 100    0.0080522  -0.02871696
 101    0.0078737  -0.02900108
 102    0.0081260  -0.02845610
 103    0.0009781  -0.01836771
 104    0.0009396  -0.01784595
 105    0.0009717  -0.01829013
 106    0.0013256  -0.01895913
 107    0.0013086  -0.01556968
 108    0.0009757  -0.01837216
 109    0.0012272  -0.01503532
 110    0.0013394  -0.01668491
 111    0.0013334  -0.01659312
 112    0.0013443  -0.01682107
 113    0.0013482  -0.01681519
 114    0.0014157  -0.01894812
 115    0.0009793  -0.01835235
 116    0.0013195  -0.01629235
 117    0.0013448  -0.01682880
 118    0.0013258  -0.01659132
 119    0.0013573  -0.01698919
 120    0.0009729  -0.01832480
 121    0.0006451  -0.01522887
 122    0.0007651  -0.01669060
 123    0.0007561  -0.01659980
 124    0.0007300  -0.01611905
 125    0.0007474  -0.01648339
 126    0.0007666  -0.01535808
 127    0.0006888  -0.01505285
 128    0.0005759  -0.01448711
 129    0.0005711  -0.01442863
 130    0.0005696  -0.01436102
 131    0.0005579  -0.01429087
 132    0.0005566  -0.01427453
 133    0.0000338  -0.00622037
 134    0.0000321  -0.00599836
 135    0.0000323  -0.00602675
 136    0.0000326  -0.00606643
 137    0.0000312  -0.00585689
 138    0.0000323  -0.00602391
 
----------------
 Final Energies 
----------------
Final NOF Total Energy =   -2986.9754247
 
Total Orbital Internal Iterations = 1420
Total Occupation Internal Iterations = 160
 
Elapsed time: 5002.46 Seconds

---------------------------------
   Lowdin Population Analysis    
---------------------------------
 Idx  Atom   Population   Charge 
---------------------------------
  1     C     6.570      -0.570
  2     C     6.572      -0.572
  3     C     6.569      -0.569
  4     C     6.567      -0.567
  5     C     6.568      -0.568
  6     C     6.571      -0.571
  7    Cl    16.422       0.578
  8    Cl    16.434       0.566
  9    Cl    16.433       0.567
 10    Cl    16.432       0.568
 11    Cl    16.430       0.570
 12    Cl    16.432       0.568

---------------------------------
   M Diagnostic: 0.04
---------------------------------

