Computing Integrals
Basis Set                                            = def2-qzvp
Auxiliary Basis Set                                  = def2-universal-jkfit
Gaussian Type                                        = Spherical
Elapsed time:    9.20 Seconds

Number of basis functions                   (NBF)    = 174
Number of auxiliary basis functions         (NBFAUX) = 186
Inactive Doubly occupied orbitals up to     (NO1)    = 0
No. considered Strongly Doubly occupied MOs (NDOC)   = 7
No. considered Strongly Singly occupied MOs (NSOC)   = 0
NO. of Weakly occ. per St. Doubly occ.  MOs (NCWO)   = 1
Dimension of the Nat. Orb. subspace         (NBF5)   = 14
No. of electrons                                     = 14
    No. of alpha electrons                           = 7
    No. of beta electrons                            = 7
Multiplicity                                         = 1

Geometry
========
 C       0.0000000       0.0000000       0.5982339
 H       0.0000000       0.0000000       1.6605536
 C       0.0000000       0.0000000      -0.5982339
 H       0.0000000       0.0000000      -1.6605536

No violations of the orthonormality
No violations of the orthonormality
 
PNOF8/ADABelief Calculation
==================
 
  Nitext  Nit_orb  Time   Nit_occ  Time         Eelec          Etot           Ediff      maxdiff    MaxGrad_orb  Grad_occ
     1      10    5.7e+01    0    6.8e+01  -101.96661963   -77.09624711 -10100.96661963   0.000812   3.2e-03   1.9e-04 0.04
 
RESULTS OF THE OCCUPATION OPTIMIZATION
========================================
   1    1.9995447  -11.22719029
   2    1.9995118  -11.22468038
   3    1.9886435  -1.03584432
   4    1.9773308  -0.73032409
   5    1.9770992  -0.72701396
   6    1.9584695  -0.42289066
   7    1.9584532  -0.42287673
   8    0.0415468  -0.03491618
   9    0.0415305  -0.03491869
  10    0.0229008  -0.02696844
  11    0.0226692  -0.02679579
  12    0.0113565  -0.01818099
  13    0.0004882  -0.00869918
  14    0.0004553  -0.00825490
 
----------------
 Final Energies 
----------------
Final NOF Total Energy =     -77.0962471
 
Total Orbital Internal Iterations = 10
Total Occupation Internal Iterations = 0
 
Elapsed time:  159.52 Seconds

---------------------------------
   Lowdin Population Analysis    
---------------------------------
 Idx  Atom   Population   Charge 
---------------------------------
  1     C     5.863       0.137
  2     H     1.137      -0.137
  3     C     5.863       0.137
  4     H     1.137      -0.137

---------------------------------
   M Diagnostic: 0.04
---------------------------------

