Job runing on na18
Choosing scratch ...
Automatic scratch folder selection
/scratch/pobleyef/349607
/scratch/pobleyef/349607 directory
cp HAL59-NCH_PhI.gcf HAL59-NCH_PhI.inp to  /scratch/pobleyef/349607/.
HAL59-NCH_PhI
 This is the OpenMP version of the code
 This is the OpenMP version of the code
 This is the OpenMP version of the code
 This is the OpenMP version of the code
 This is the OpenMP version of the code
 This is the OpenMP version of the code
 This is the OpenMP version of the code
 This is the OpenMP version of the code
 This is the OpenMP version of the code
 This is the OpenMP version of the code
 This is the OpenMP version of the code
 This is the OpenMP version of the code
 This is the OpenMP version of the code
 This is the OpenMP version of the code
 This is the OpenMP version of the code
 This is the OpenMP version of the code
 This is the OpenMP version of the code
 This is the OpenMP version of the code
 This is the OpenMP version of the code
 This is the OpenMP version of the code
 This is the OpenMP version of the code
 This is the OpenMP version of the code
 This is the OpenMP version of the code
 This is the OpenMP version of the code
 This is the OpenMP version of the code
 This is the OpenMP version of the code
 This is the OpenMP version of the code
 This is the OpenMP version of the code
 This is the OpenMP version of the code
 This is the OpenMP version of the code
 This is the OpenMP version of the code
 This is the OpenMP version of the code
 This is the OpenMP version of the code
 This is the OpenMP version of the code
 This is the OpenMP version of the code
 This is the OpenMP version of the code
 This is the OpenMP version of the code
 This is the OpenMP version of the code
 This is the OpenMP version of the code
 This is the OpenMP version of the code
 This is the OpenMP version of the code
 This is the OpenMP version of the code
 This is the OpenMP version of the code
 This is the OpenMP version of the code
 This is the OpenMP version of the code
 This is the OpenMP version of the code
 This is the OpenMP version of the code
 This is the OpenMP version of the code
 This is the OpenMP version of the code
 This is the OpenMP version of the code
 This is the OpenMP version of the code
 This is the OpenMP version of the code
 This is the OpenMP version of the code
 This is the OpenMP version of the code
 This is the OpenMP version of the code
 This is the OpenMP version of the code
 This is the OpenMP version of the code
 This is the OpenMP version of the code
 This is the OpenMP version of the code
 This is the OpenMP version of the code
 This is the OpenMP version of the code
 This is the OpenMP version of the code
 This is the OpenMP version of the code
 This is the OpenMP version of the code
 This is the OpenMP version of the code
 This is the OpenMP version of the code
 This is the OpenMP version of the code
 This is the OpenMP version of the code
 This is the OpenMP version of the code
 This is the OpenMP version of the code
 This is the OpenMP version of the code
 This is the OpenMP version of the code
 This is the OpenMP version of the code
 This is the OpenMP version of the code
 This is the OpenMP version of the code
 This is the OpenMP version of the code
 This is the OpenMP version of the code
 This is the OpenMP version of the code
 This is the OpenMP version of the code
 This is the OpenMP version of the code
 This is the OpenMP version of the code
 This is the OpenMP version of the code
 This is the OpenMP version of the code
 This is the OpenMP version of the code
 This is the OpenMP version of the code
 This is the OpenMP version of the code
 This is the OpenMP version of the code
 This is the OpenMP version of the code
 This is the OpenMP version of the code
 This is the OpenMP version of the code
 This is the OpenMP version of the code
 This is the OpenMP version of the code
 This is the OpenMP version of the code
 This is the OpenMP version of the code
 This is the OpenMP version of the code
 This is the OpenMP version of the code
 This is the OpenMP version of the code
 This is the OpenMP version of the code
 This is the OpenMP version of the code
 This is the OpenMP version of the code
 This is the OpenMP version of the code
 This is the OpenMP version of the code
 This is the OpenMP version of the code
 This is the OpenMP version of the code
 This is the OpenMP version of the code
 This is the OpenMP version of the code
 This is the OpenMP version of the code
 This is the OpenMP version of the code
 This is the OpenMP version of the code
 This is the OpenMP version of the code
 This is the OpenMP version of the code
 This is the OpenMP version of the code
 This is the OpenMP version of the code
 This is the OpenMP version of the code
 This is the OpenMP version of the code
 This is the OpenMP version of the code
 This is the OpenMP version of the code
 This is the OpenMP version of the code
 This is the OpenMP version of the code
 This is the OpenMP version of the code

 The execution started at 16h 23min on the 11/ 6/2025

    ===========================================================
    !                                                         !
    !                        Do N O F                         !
    !                                                         !
    !  (Donostia Natural Orbital Functional Software Program) !
    !                                                         !
    !               COPYRIGHT by Mario Piris                  !
    !                                                         !
    !      Donostia International Physics Center (DIPC)       !
    !       University of the Basque Country (UPV/EHU)        !
    !       Basque Foundation for Science (IKERBASQUE)        !
    !                                                         !
    !          GNU General Public License version 3           !
    !                                                         !
    !                  VERSION: October 2025                  !
    !                                                         !
    ===========================================================

 Run Title
 ---------
  Molname                                                                        

 Basis Set
 ---------
 /home/pobleyef/DoNOFsw/basis/def2-QZVP.bas                                      

 Atom      Charge                Coordinates (Bohr)
                           x             y             z
 N           7.0        0.0000        0.0000        7.7415
 C           6.0        0.0000        0.0000        9.9001
 H           1.0        0.0000        0.0000       11.9173
 I          53.0        0.0000        0.0000        1.5834
 C           6.0        0.0000        0.0000       -2.3762
 C           6.0        0.0000        2.2743       -3.6822
 C           6.0        0.0000        2.2651       -6.3037
 C           6.0        0.0000        0.0000       -7.6201
 C           6.0        0.0000       -2.2651       -6.3037
 C           6.0        0.0000       -2.2743       -3.6822
 H           1.0        0.0000        4.0462       -2.6620
 H           1.0        0.0000        4.0430       -7.3160
 H           1.0        0.0000        0.0000       -9.6654
 H           1.0        0.0000       -4.0430       -7.3160
 H           1.0        0.0000       -4.0462       -2.6620

 Atomic Basis Set
 ----------------
 The contracted primitive functions were unnormalized
 The contracted basis functions are now normalized to unity

  Shell Type  Primitive         Exponent  Contraction Coefficient

 N         

      1   S       1         90726.8892100    0.000070982346
      1   S       2         13590.5288010    0.000551712516
      1   S       3          3092.9883781    0.002893067845
      1   S       4           875.9987636    0.012111212150
      1   S       5           285.7446998    0.042834127812
      1   S       6           103.1191342    0.129198809022
      1   S       7            40.1285568    0.318818920022
      1   S       8            16.5280957    0.590844885361

      2   S       9            69.3909610    0.094659213180
      2   S      10            20.4282006    0.925496499302

      3   S      11             7.1292588    1.000000000000

      4   S      12             3.1324305    1.000000000000

      5   S      13             0.9875578    1.000000000000

      6   S      14             0.3876572    1.000000000000

      7   S      15             0.1490988    1.000000000000

      8   P      16           150.0574267   -0.002450051156
      8   P      17            35.4915995   -0.019486267495
      8   P      18            11.2478642   -0.090355519008
      8   P      19             4.0900305   -0.299446872557
      8   P      20             1.6220573   -0.696789730227

      9   P      21             0.6644226    1.000000000000

     10   P      22             0.2709977    1.000000000000

     11   P      23             0.1068875    1.000000000000

     12   D      24             2.8370000    1.000000000000

     13   D      25             0.9680000    1.000000000000

     14   D      26             0.3350000    1.000000000000

     15   F      27             2.0270000    1.000000000000

     16   F      28             0.6850000    1.000000000000

     17   G      29             1.4270000    1.000000000000

 C         

     18   S      30         67025.0710290    0.000070988337
     18   S      31         10039.9865380    0.000551759078
     18   S      32          2284.9316911    0.002893301112
     18   S      33           647.1412213    0.012111149913
     18   S      34           211.0947234    0.042822697250
     18   S      35            76.1776439    0.129053328799
     18   S      36            29.6338392    0.318146477908
     18   S      37            12.1877851    0.591790274517

     19   S      38            53.0260063    0.091364916926
     19   S      39            15.2585028    0.928761090236

     20   S      40             5.2403957    1.000000000000

     21   S      41             2.2905022    1.000000000000

     22   S      42             0.6967328    1.000000000000

     23   S      43             0.2759934    1.000000000000

     24   S      44             0.1073988    1.000000000000

     25   P      45           105.1255508    0.002496535013
     25   P      46            24.8844611    0.019546395628
     25   P      47             7.8637231    0.088834946629
     25   P      48             2.8407002    0.294789686074
     25   P      49             1.1227137    0.702715999245

     26   P      50             0.4605073    1.000000000000

     27   P      51             0.1893753    1.000000000000

     28   P      52             0.0759838    1.000000000000

     29   D      53             1.8480000    1.000000000000

     30   D      54             0.6490000    1.000000000000

     31   D      55             0.2280000    1.000000000000

     32   F      56             1.4190000    1.000000000000

     33   F      57             0.4850000    1.000000000000

     34   G      58             1.0110000    1.000000000000

 H         

     35   S      59           190.6916900    0.005342636962
     35   S      60            28.6055320    0.041252338243
     35   S      61             6.5095943    0.210993525698
     35   S      62             1.8412455    0.812128545862

     36   S      63             0.5985373    1.000000000000

     37   S      64             0.2139762    1.000000000000

     38   S      65             0.0803163    1.000000000000

     39   P      66             2.2920000    1.000000000000

     40   P      67             0.8380000    1.000000000000

     41   P      68             0.2920000    1.000000000000

     42   D      69             2.0620000    1.000000000000

     43   D      70             0.6620000    1.000000000000

     44   F      71             1.3970000    1.000000000000

 I         

     45   S      72         16788.4000000    0.000103586804
     45   S      73          2526.6400000    0.000765531745
     45   S      74           571.9840000    0.003150554741
     45   S      75           150.4340000    0.006717983204
     45   S      76            29.5405000   -0.134384929151
     45   S      77            18.4571000    0.859255064197
     45   S      78            11.5286000   -0.890227518539
     45   S      79             7.0828900   -1.367813214298
     45   S      80             2.5040500    1.808345152379

     46   S      81            25.0586179    0.088686579218
     46   S      82            15.6219794   -0.309437052616
     46   S      83             3.3536325    1.147487780264

     47   S      84             1.3540145    1.000000000000

     48   S      85             0.6743047    1.000000000000

     49   S      86             0.3272714    1.000000000000

     50   S      87             0.1574936    1.000000000000

     51   S      88             0.0743777    1.000000000000

     52   P      89           656.2740000    0.000102263116
     52   P      90           149.2320000    0.000688871318
     52   P      91            19.0153000    0.067339699796
     52   P      92            10.7378000   -0.280108787807
     52   P      93             6.4420800   -0.004916495947
     52   P      94             3.0920300    0.577616914298
     52   P      95             1.5787400    0.569991007671

     53   P      96            15.6605119   -0.024484627992
     53   P      97             4.9250670    0.260041620414
     53   P      98             1.6692320    0.808870366710

     54   P      99             0.7781790    1.000000000000

     55   P     100             0.3560884    1.000000000000

     56   P     101             0.1549324    1.000000000000

     57   P     102             0.0646662    1.000000000000

     58   D     103           318.2240778    0.000120648927
     58   D     104            95.8102274    0.001012623893
     58   D     105            35.3222953    0.005278751941
     58   D     106            13.1074478   -0.017935310228
     58   D     107             6.2949153    0.100128211172
     58   D     108             3.6826101    0.302771472093
     58   D     109             2.0858951    0.397340741727
     58   D     110             1.1644342    0.312691340071

     59   D     111             0.6318061    1.000000000000

     60   D     112             0.3221508    1.000000000000

     61   D     113             0.1349000    1.000000000000

     62   F     114             6.4253614    1.000000000000

     63   F     115             2.1780000    1.000000000000

     64   F     116             0.5878000    1.000000000000

     65   F     117             0.2500000    1.000000000000

     66   G     118             0.4739000    1.000000000000

 C         

     67   S     119         67025.0710290    0.000070988337
     67   S     120         10039.9865380    0.000551759078
     67   S     121          2284.9316911    0.002893301112
     67   S     122           647.1412213    0.012111149913
     67   S     123           211.0947234    0.042822697250
     67   S     124            76.1776439    0.129053328799
     67   S     125            29.6338392    0.318146477908
     67   S     126            12.1877851    0.591790274517

     68   S     127            53.0260063    0.091364916926
     68   S     128            15.2585028    0.928761090236

     69   S     129             5.2403957    1.000000000000

     70   S     130             2.2905022    1.000000000000

     71   S     131             0.6967328    1.000000000000

     72   S     132             0.2759934    1.000000000000

     73   S     133             0.1073988    1.000000000000

     74   P     134           105.1255508    0.002496535013
     74   P     135            24.8844611    0.019546395628
     74   P     136             7.8637231    0.088834946629
     74   P     137             2.8407002    0.294789686074
     74   P     138             1.1227137    0.702715999245

     75   P     139             0.4605073    1.000000000000

     76   P     140             0.1893753    1.000000000000

     77   P     141             0.0759838    1.000000000000

     78   D     142             1.8480000    1.000000000000

     79   D     143             0.6490000    1.000000000000

     80   D     144             0.2280000    1.000000000000

     81   F     145             1.4190000    1.000000000000

     82   F     146             0.4850000    1.000000000000

     83   G     147             1.0110000    1.000000000000

 C         

     84   S     148         67025.0710290    0.000070988337
     84   S     149         10039.9865380    0.000551759078
     84   S     150          2284.9316911    0.002893301112
     84   S     151           647.1412213    0.012111149913
     84   S     152           211.0947234    0.042822697250
     84   S     153            76.1776439    0.129053328799
     84   S     154            29.6338392    0.318146477908
     84   S     155            12.1877851    0.591790274517

     85   S     156            53.0260063    0.091364916926
     85   S     157            15.2585028    0.928761090236

     86   S     158             5.2403957    1.000000000000

     87   S     159             2.2905022    1.000000000000

     88   S     160             0.6967328    1.000000000000

     89   S     161             0.2759934    1.000000000000

     90   S     162             0.1073988    1.000000000000

     91   P     163           105.1255508    0.002496535013
     91   P     164            24.8844611    0.019546395628
     91   P     165             7.8637231    0.088834946629
     91   P     166             2.8407002    0.294789686074
     91   P     167             1.1227137    0.702715999245

     92   P     168             0.4605073    1.000000000000

     93   P     169             0.1893753    1.000000000000

     94   P     170             0.0759838    1.000000000000

     95   D     171             1.8480000    1.000000000000

     96   D     172             0.6490000    1.000000000000

     97   D     173             0.2280000    1.000000000000

     98   F     174             1.4190000    1.000000000000

     99   F     175             0.4850000    1.000000000000

    100   G     176             1.0110000    1.000000000000

 C         

    101   S     177         67025.0710290    0.000070988337
    101   S     178         10039.9865380    0.000551759078
    101   S     179          2284.9316911    0.002893301112
    101   S     180           647.1412213    0.012111149913
    101   S     181           211.0947234    0.042822697250
    101   S     182            76.1776439    0.129053328799
    101   S     183            29.6338392    0.318146477908
    101   S     184            12.1877851    0.591790274517

    102   S     185            53.0260063    0.091364916926
    102   S     186            15.2585028    0.928761090236

    103   S     187             5.2403957    1.000000000000

    104   S     188             2.2905022    1.000000000000

    105   S     189             0.6967328    1.000000000000

    106   S     190             0.2759934    1.000000000000

    107   S     191             0.1073988    1.000000000000

    108   P     192           105.1255508    0.002496535013
    108   P     193            24.8844611    0.019546395628
    108   P     194             7.8637231    0.088834946629
    108   P     195             2.8407002    0.294789686074
    108   P     196             1.1227137    0.702715999245

    109   P     197             0.4605073    1.000000000000

    110   P     198             0.1893753    1.000000000000

    111   P     199             0.0759838    1.000000000000

    112   D     200             1.8480000    1.000000000000

    113   D     201             0.6490000    1.000000000000

    114   D     202             0.2280000    1.000000000000

    115   F     203             1.4190000    1.000000000000

    116   F     204             0.4850000    1.000000000000

    117   G     205             1.0110000    1.000000000000

 C         

    118   S     206         67025.0710290    0.000070988337
    118   S     207         10039.9865380    0.000551759078
    118   S     208          2284.9316911    0.002893301112
    118   S     209           647.1412213    0.012111149913
    118   S     210           211.0947234    0.042822697250
    118   S     211            76.1776439    0.129053328799
    118   S     212            29.6338392    0.318146477908
    118   S     213            12.1877851    0.591790274517

    119   S     214            53.0260063    0.091364916926
    119   S     215            15.2585028    0.928761090236

    120   S     216             5.2403957    1.000000000000

    121   S     217             2.2905022    1.000000000000

    122   S     218             0.6967328    1.000000000000

    123   S     219             0.2759934    1.000000000000

    124   S     220             0.1073988    1.000000000000

    125   P     221           105.1255508    0.002496535013
    125   P     222            24.8844611    0.019546395628
    125   P     223             7.8637231    0.088834946629
    125   P     224             2.8407002    0.294789686074
    125   P     225             1.1227137    0.702715999245

    126   P     226             0.4605073    1.000000000000

    127   P     227             0.1893753    1.000000000000

    128   P     228             0.0759838    1.000000000000

    129   D     229             1.8480000    1.000000000000

    130   D     230             0.6490000    1.000000000000

    131   D     231             0.2280000    1.000000000000

    132   F     232             1.4190000    1.000000000000

    133   F     233             0.4850000    1.000000000000

    134   G     234             1.0110000    1.000000000000

 C         

    135   S     235         67025.0710290    0.000070988337
    135   S     236         10039.9865380    0.000551759078
    135   S     237          2284.9316911    0.002893301112
    135   S     238           647.1412213    0.012111149913
    135   S     239           211.0947234    0.042822697250
    135   S     240            76.1776439    0.129053328799
    135   S     241            29.6338392    0.318146477908
    135   S     242            12.1877851    0.591790274517

    136   S     243            53.0260063    0.091364916926
    136   S     244            15.2585028    0.928761090236

    137   S     245             5.2403957    1.000000000000

    138   S     246             2.2905022    1.000000000000

    139   S     247             0.6967328    1.000000000000

    140   S     248             0.2759934    1.000000000000

    141   S     249             0.1073988    1.000000000000

    142   P     250           105.1255508    0.002496535013
    142   P     251            24.8844611    0.019546395628
    142   P     252             7.8637231    0.088834946629
    142   P     253             2.8407002    0.294789686074
    142   P     254             1.1227137    0.702715999245

    143   P     255             0.4605073    1.000000000000

    144   P     256             0.1893753    1.000000000000

    145   P     257             0.0759838    1.000000000000

    146   D     258             1.8480000    1.000000000000

    147   D     259             0.6490000    1.000000000000

    148   D     260             0.2280000    1.000000000000

    149   F     261             1.4190000    1.000000000000

    150   F     262             0.4850000    1.000000000000

    151   G     263             1.0110000    1.000000000000

 C         

    152   S     264         67025.0710290    0.000070988337
    152   S     265         10039.9865380    0.000551759078
    152   S     266          2284.9316911    0.002893301112
    152   S     267           647.1412213    0.012111149913
    152   S     268           211.0947234    0.042822697250
    152   S     269            76.1776439    0.129053328799
    152   S     270            29.6338392    0.318146477908
    152   S     271            12.1877851    0.591790274517

    153   S     272            53.0260063    0.091364916926
    153   S     273            15.2585028    0.928761090236

    154   S     274             5.2403957    1.000000000000

    155   S     275             2.2905022    1.000000000000

    156   S     276             0.6967328    1.000000000000

    157   S     277             0.2759934    1.000000000000

    158   S     278             0.1073988    1.000000000000

    159   P     279           105.1255508    0.002496535013
    159   P     280            24.8844611    0.019546395628
    159   P     281             7.8637231    0.088834946629
    159   P     282             2.8407002    0.294789686074
    159   P     283             1.1227137    0.702715999245

    160   P     284             0.4605073    1.000000000000

    161   P     285             0.1893753    1.000000000000

    162   P     286             0.0759838    1.000000000000

    163   D     287             1.8480000    1.000000000000

    164   D     288             0.6490000    1.000000000000

    165   D     289             0.2280000    1.000000000000

    166   F     290             1.4190000    1.000000000000

    167   F     291             0.4850000    1.000000000000

    168   G     292             1.0110000    1.000000000000

 H         

    169   S     293           190.6916900    0.005342636962
    169   S     294            28.6055320    0.041252338243
    169   S     295             6.5095943    0.210993525698
    169   S     296             1.8412455    0.812128545862

    170   S     297             0.5985373    1.000000000000

    171   S     298             0.2139762    1.000000000000

    172   S     299             0.0803163    1.000000000000

    173   P     300             2.2920000    1.000000000000

    174   P     301             0.8380000    1.000000000000

    175   P     302             0.2920000    1.000000000000

    176   D     303             2.0620000    1.000000000000

    177   D     304             0.6620000    1.000000000000

    178   F     305             1.3970000    1.000000000000

 H         

    179   S     306           190.6916900    0.005342636962
    179   S     307            28.6055320    0.041252338243
    179   S     308             6.5095943    0.210993525698
    179   S     309             1.8412455    0.812128545862

    180   S     310             0.5985373    1.000000000000

    181   S     311             0.2139762    1.000000000000

    182   S     312             0.0803163    1.000000000000

    183   P     313             2.2920000    1.000000000000

    184   P     314             0.8380000    1.000000000000

    185   P     315             0.2920000    1.000000000000

    186   D     316             2.0620000    1.000000000000

    187   D     317             0.6620000    1.000000000000

    188   F     318             1.3970000    1.000000000000

 H         

    189   S     319           190.6916900    0.005342636962
    189   S     320            28.6055320    0.041252338243
    189   S     321             6.5095943    0.210993525698
    189   S     322             1.8412455    0.812128545862

    190   S     323             0.5985373    1.000000000000

    191   S     324             0.2139762    1.000000000000

    192   S     325             0.0803163    1.000000000000

    193   P     326             2.2920000    1.000000000000

    194   P     327             0.8380000    1.000000000000

    195   P     328             0.2920000    1.000000000000

    196   D     329             2.0620000    1.000000000000

    197   D     330             0.6620000    1.000000000000

    198   F     331             1.3970000    1.000000000000

 H         

    199   S     332           190.6916900    0.005342636962
    199   S     333            28.6055320    0.041252338243
    199   S     334             6.5095943    0.210993525698
    199   S     335             1.8412455    0.812128545862

    200   S     336             0.5985373    1.000000000000

    201   S     337             0.2139762    1.000000000000

    202   S     338             0.0803163    1.000000000000

    203   P     339             2.2920000    1.000000000000

    204   P     340             0.8380000    1.000000000000

    205   P     341             0.2920000    1.000000000000

    206   D     342             2.0620000    1.000000000000

    207   D     343             0.6620000    1.000000000000

    208   F     344             1.3970000    1.000000000000

 H         

    209   S     345           190.6916900    0.005342636962
    209   S     346            28.6055320    0.041252338243
    209   S     347             6.5095943    0.210993525698
    209   S     348             1.8412455    0.812128545862

    210   S     349             0.5985373    1.000000000000

    211   S     350             0.2139762    1.000000000000

    212   S     351             0.0803163    1.000000000000

    213   P     352             2.2920000    1.000000000000

    214   P     353             0.8380000    1.000000000000

    215   P     354             0.2920000    1.000000000000

    216   D     355             2.0620000    1.000000000000

    217   D     356             0.6620000    1.000000000000

    218   F     357             1.3970000    1.000000000000

 Total Number of Basis Set Shells             =  218
 Total Number of Primitives                   =  357
 Number of Spherical Gaussian Basis Functions =  718
 Total Number of Auxiliary Basis Set Shells   =  282
 Number of Sph. Gaussian Auxiliary Set Func.  =  928
 Number of Electrons                          =  108
 Charge of Molecule                           =    0
 Spin Multiplicity                            =    1
 Number of Occupied Orbitals (Alpha)          =   54
 Number of Occupied Orbitals (Beta )          =   54
 Total Number of Atoms                        =   15

 Nuclear Energy =      701.2051009597

 Note: This calculation is using an effective core potential
 so NE and ENUC will be adjusted later after removal of the Core

 Input Run Options
 -----------------
 IRUNTYP = 1  MULT = 1  ICHARG =  0 IECP = 1  IEMOM = 1  UNITS = ANGS    

 ECP Potentials
 --------------
 Parameters for "I-ECP   " on Atom  4 with ZCORE 28 and LMAX 3 are

 for L= 3      COEFF    N           ZETA
    1      -21.84204    2       19.45861
    1      -28.46819    2       19.34926
    1       -0.24371    2        4.82377
    1       -0.32080    2        4.88431
 for L= 0      COEFF    N           ZETA
    1       49.99429    2       40.01584
    1      281.02532    2       17.42975
    1       61.57333    2        9.00548
    1       21.84204    2       19.45861
    1       28.46819    2       19.34926
    1        0.24371    2        4.82377
    1        0.32080    2        4.88431
 for L= 1      COEFF    N           ZETA
    1       67.44284    2       15.35547
    1      134.88114    2       14.97183
    1       14.67505    2        8.96016
    1       29.37567    2        8.25910
    1       21.84204    2       19.45861
    1       28.46819    2       19.34926
    1        0.24371    2        4.82377
    1        0.32080    2        4.88431
 for L= 2      COEFF    N           ZETA
    1       35.43953    2       15.06891
    1       53.17606    2       14.55532
    1        9.06719    2        6.71865
    1       13.20694    2        6.45639
    1        0.08933    2        1.19178
    1        0.05238    2        1.29116
    1       21.84204    2       19.45861
    1       28.46819    2       19.34926
    1        0.24371    2        4.82377
    1        0.32080    2        4.88431

 The ECP removes  28 core electrons and  28 protons

 Number of electrons kept in the run =   80
 Number of occupied orbitals (Alpha) =   40
 Number of occupied orbitals (Beta)  =   40

 Adjusted Nuclear Energy =      468.4929187441


 Integral Options
 ----------------
 ERITYP = RI     AUX = JKFIT   ISCHWZ = 1   CUTOFF = 1.0E-09

 Input NOF Options
 -----------------

 Natural Orbital Functional Selected:    (IPNOF)         8
 Scaled version of GNOF (GNOFs):         (Imod)          2

 Type of calculation = ICOEF2 + ICOEF1:  (ICOEF)        21
 Use Softmax function for Occ. Opt.:     (ISOFTMAX)      1
 Type of Orb. Opt. = Orbital Rotations:  (IORBOPT)       2
 Maximum Number of Coef Outer Iter.:     (MAXIT21)       3
 Maximum Number of Occ-Coef Outer Iter.: (MAXIT)      1000

 Restart calculation Option:             (RESTART)       F
 Restart Gamma Matrix from GCF file:     (INPUTGAMMA)    1
 Coefficient Matrix from GCF file:       (INPUTC)        1
 Diagonal Elements FMIUG from GCF file:  (INPUTFMIUG)    0
 Cartesian Coordinates from GCF file:    (INPUTCXYZ)     0

 Threshold Lambda Convergence=10**(-N):  (NTHRESHL)      3
 Threshold Energy Convergence=10**(-N):  (NTHRESHE)      5
 Max. Number of Inner Coef. Iterations:  (MAXLOOP)      10
 Orthogonalize the initial Orbitals:     (ORTHO)         T

 Output Option:                          (NPRINT)        0
 Output the Coefficient Matrix:          (IWRITEC)       0
 Do a Mulliken Population Analysis:      (IMULPOP)       0
 Write Information into a WFN file:      (IAIMPAC)       1
 Write Information into a FCHK file:     (IFCHK)         1
 Write Information into a MLP file:      (MOLDEN)        1
 Create Ini. Cond. (ini.xyz) file:       (INICOND)       1
 Calculate IPs using Ext. Koopmans Theo: (IEKT)          0
 Write APSG expansion coefficient file:  (APSG)          F
 Output option for Lagrange Multipliers: (PRINTLAG)      F
 Diagonalize matrix of Lag. Multipliers: (DIAGLAG)       F

------------------------------------------------------------------------

 Orbital Space
 -------------

 You are doing a perfect pairing calculation: NCWO=1

 Inactive Doubly occupied orbitals up to NO1  =    0
 No. considered Strongly Doubly occupied MOs  =   40
 No. considered Strongly Singly occupied MOs  =    0
 NO. of Weakly occ. per St. Doubly occ.  MOs (NCWO)   =    1
 Dimension of the Active Nat. Orb. subspace   =   80
 Secondary Empty orbitals                     =  638

 1e- integrals
 -------------
 Time to do integrals =      0.91

 2e- integrals
 -------------
 DONTW option skips storage 2e- integrals on Unit 1
 Time to do integrals =      8.56

 No violations of the orthonormality

   INITIAL VALUES
  =================

   OM     Occupation      Elag Diag

    1      1.9998010    -15.5942283
    2      1.9995507    -11.2296692
    3      1.9995478    -11.2296766
    4      1.9995115    -11.2526209
    5      1.9994816    -11.2673026
    6      1.9994776    -11.2309063
    7      1.9994743    -11.2316259
    8      1.9994697    -11.2331322
    9      1.9987894     -7.7029914
   10      1.9978986     -5.5883297
   11      1.9978187     -5.5654107
   12      1.9978036     -5.5650229
   13      1.9878925     -1.3044805
   14      1.9870593     -1.2140482
   15      1.9835683     -1.8420160
   16      1.9834902     -1.7995661
   17      1.9834666     -1.7970677
   18      1.9834627     -1.7965166
   19      1.9834528     -1.8197180
   20      1.9834404     -1.8150725
   21      1.9833862     -1.8032436
   22      1.9831966     -0.8405281
   23      1.9828675     -0.8404577
   24      1.9794654     -1.0045892
   25      1.9772555     -0.7798661
   26      1.9747686     -0.3815642
   27      1.9747385     -0.3796018
   28      1.9745965     -0.7394946
   29      1.9730706     -0.6341842
   30      1.9726537     -0.6716487
   31      1.9720914     -0.7237180
   32      1.9719608     -0.6462654
   33      1.9718171     -0.6471986
   34      1.9716738     -0.6406511
   35      1.9585583     -0.4846979
   36      1.9546481     -0.4102715
   37      1.9546313     -0.4114560
   38      1.9546103     -0.4101260
   39      1.9486019     -0.5191983
   40      1.9485961     -0.5191918
   41      0.0514039     -0.0448805
   42      0.0513981     -0.0448675
   43      0.0453897     -0.0369848
   44      0.0453687     -0.0370041
   45      0.0453519     -0.0377652
   46      0.0414417     -0.0455156
   47      0.0283262     -0.0324120
   48      0.0281829     -0.0325701
   49      0.0280392     -0.0320734
   50      0.0279086     -0.0316463
   51      0.0273463     -0.0316914
   52      0.0269294     -0.0265769
   53      0.0254035     -0.0306275
   54      0.0252615     -0.0264077
   55      0.0252314     -0.0261099
   56      0.0227445     -0.0247967
   57      0.0205346     -0.0287579
   58      0.0171325     -0.0220365
   59      0.0168034     -0.0213183
   60      0.0166138     -0.0477762
   61      0.0165596     -0.0477515
   62      0.0165472     -0.0478210
   63      0.0165373     -0.0475007
   64      0.0165334     -0.0474840
   65      0.0165098     -0.0474430
   66      0.0164317     -0.0478003
   67      0.0129407     -0.0211549
   68      0.0121075     -0.0198351
   69      0.0021964     -0.0111064
   70      0.0021813     -0.0110637
   71      0.0021014     -0.0121562
   72      0.0012106     -0.0105558
   73      0.0005303     -0.0090399
   74      0.0005257     -0.0089753
   75      0.0005224     -0.0089051
   76      0.0005184     -0.0088409
   77      0.0004885     -0.0085110
   78      0.0004522     -0.0079877
   79      0.0004493     -0.0079421
   80      0.0001990     -0.0049037

   RO Sum (  80) =   80.00

  ---------------
   Dipole Moment
  ---------------

      2.0077 Debye [   0.7899  (   0.0060,  -0.0005,   0.7899) ]


  RESULTS OF OCCUPATION-COEFFICIENT OPTIMIZATION
 ================================================

  Ex It  Occ Time  Orb Time  Orb It   Electronic Energy     Total Energy   Energy Convergency    Max Mul-Lag Diff

    1    2.4E+00   1.6E+02      10   -1089.9649133935     -621.4719946494     0.0000000000           0.001471
    2    1.4E+00   5.8E+02      40   -1089.9649133935     -621.4719946494     0.0000000000           0.001471
    3    1.7E+00   5.0E+02      36   -1089.9655957073     -621.4726769632    -0.0006823138           0.000911
    4    1.7E+00   4.0E+00      36   -1089.9655957073     -621.4726769632     0.0000000000           0.000911


  RESULTS OF THE OCCUPATION OPTIMIZATION
 ========================================

   OM     Occupation      Elag Diag

    1      1.9998010    -15.5966135
    2      1.9995507    -11.2316682
    3      1.9995478    -11.2317137
    4      1.9995115    -11.2549263
    5      1.9994816    -11.2706113
    6      1.9994776    -11.2331978
    7      1.9994743    -11.2336289
    8      1.9994697    -11.2346849
    9      1.9987894     -7.7045306
   10      1.9978986     -5.5908711
   11      1.9978187     -5.5678891
   12      1.9978036     -5.5676541
   13      1.9878925     -1.2885695
   14      1.9870593     -1.2169555
   15      1.9835683     -1.8363520
   16      1.9834902     -1.7965874
   17      1.9834666     -1.7960330
   18      1.9834627     -1.7960626
   19      1.9834528     -1.8214774
   20      1.9834404     -1.8178863
   21      1.9833862     -1.8047518
   22      1.9831966     -0.8366822
   23      1.9828675     -0.8374418
   24      1.9794654     -1.0015518
   25      1.9772555     -0.7800471
   26      1.9747686     -0.3783696
   27      1.9747385     -0.3778936
   28      1.9745965     -0.7431832
   29      1.9730706     -0.6355867
   30      1.9726537     -0.6816084
   31      1.9720914     -0.7299709
   32      1.9719608     -0.6545779
   33      1.9718171     -0.6588603
   34      1.9716738     -0.6494259
   35      1.9585583     -0.4913650
   36      1.9546481     -0.4125631
   37      1.9546313     -0.4122252
   38      1.9546103     -0.4111168
   39      1.9486019     -0.5202529
   40      1.9485961     -0.5202979
   41      0.0514039     -0.0449114
   42      0.0513981     -0.0449137
   43      0.0453897     -0.0369865
   44      0.0453687     -0.0370166
   45      0.0453519     -0.0377400
   46      0.0414417     -0.0455731
   47      0.0283262     -0.0324860
   48      0.0281829     -0.0326587
   49      0.0280392     -0.0321887
   50      0.0279086     -0.0316033
   51      0.0273463     -0.0317829
   52      0.0269294     -0.0266441
   53      0.0254035     -0.0308681
   54      0.0252615     -0.0264298
   55      0.0252314     -0.0261327
   56      0.0227445     -0.0249920
   57      0.0205346     -0.0290651
   58      0.0171325     -0.0220150
   59      0.0168034     -0.0213312
   60      0.0166138     -0.0478490
   61      0.0165596     -0.0478355
   62      0.0165472     -0.0479000
   63      0.0165373     -0.0475446
   64      0.0165334     -0.0475162
   65      0.0165098     -0.0474726
   66      0.0164317     -0.0478071
   67      0.0129407     -0.0213922
   68      0.0121075     -0.0198127
   69      0.0021964     -0.0111179
   70      0.0021813     -0.0110664
   71      0.0021014     -0.0121595
   72      0.0012106     -0.0105544
   73      0.0005303     -0.0090782
   74      0.0005257     -0.0090154
   75      0.0005224     -0.0089297
   76      0.0005184     -0.0088699
   77      0.0004885     -0.0085240
   78      0.0004522     -0.0080160
   79      0.0004493     -0.0079695
   80      0.0001990     -0.0049299

   RO Sum (  80) =   80.00

  ---------------
   Dipole Moment
  ---------------

      2.0306 Debye [   0.7989  (   0.0017,  -0.0070,   0.7989) ]

 ----------------
  Final Energies  
 ----------------

  Final NOF Total Energy =     -621.4726769632 ( 9.E-04 , 0.E+00 )


  **************************************************
  *                                                *
  *       SINGLE-POINT DoNOF CALCULATION           *
  *                                                *
  *             FULL OPTIMIZATION                  *
  *                                                *
  *  FINAL RESULTS   FINAL RESULTS  FINAL RESULTS  *
  *                                                *
  **************************************************

  **************************************************
  *         No. EXTERNAL ITER =     4              *
  *         No. of TOTAL ITER =   122              *
  **************************************************

  Elapsed real time :   1271.74  (Seconds)

 The execution finished at 16h 45min on the 11/ 6/2025
Recovering execution output...
Moving from /scratch/pobleyef/349607 to /home-nas/pobleyef/Slim-NOF/ncwo1/Slim16/GNOFs20/arina.349607
mkdir -p /home-nas/pobleyef/Slim-NOF/ncwo1/Slim16/GNOFs20/arina.349607
mv /scratch/pobleyef/349607/* /home-nas/pobleyef/Slim-NOF/ncwo1/Slim16/GNOFs20/arina.349607
