Computing Integrals
Basis Set                                            = def2-qzvp
Auxiliary Basis Set                                  = def2-universal-jkfit
Gaussian Type                                        = Spherical
Elapsed time:   23.51 Seconds

Number of basis functions                   (NBF)    = 622
Number of auxiliary basis functions         (NBFAUX) = 708
Inactive Doubly occupied orbitals up to     (NO1)    = 0
No. considered Strongly Doubly occupied MOs (NDOC)   = 31
No. considered Strongly Singly occupied MOs (NSOC)   = 0
NO. of Weakly occ. per St. Doubly occ.  MOs (NCWO)   = 1
Dimension of the Nat. Orb. subspace         (NBF5)   = 62
No. of electrons                                     = 62
    No. of alpha electrons                           = 31
    No. of beta electrons                            = 31
Multiplicity                                         = 1

Geometry
========
 C       1.0537200      -0.0134000      -0.3877600
 N      -0.1845900      -0.0133800       0.2519100
 C       0.0332600      -0.0133700       1.5874600
 N       1.3470500      -0.0133800       1.8079400
 C       2.0090500      -0.0133800       0.5989800
 C      -1.5057600      -0.0133800      -0.3968700
 H       1.6647400      -0.0133800       2.7742700
 H      -0.7073700      -0.0133700       2.3775500
 H       3.0882500      -0.0133700       0.5359600
 H       1.1370000      -0.0134100      -1.4662200
 H      -1.3655200      -0.0133600      -1.4808500
 H      -2.0656700      -0.9090000      -0.1060900
 H      -2.0656900       0.8822200      -0.1060700
Cl       1.5375100      -0.0133800       4.6330600

No violations of the orthonormality
No violations of the orthonormality
 
PNOF8/ADABelief Calculation
==================
 
  Nitext  Nit_orb  Time   Nit_occ  Time         Eelec          Etot           Ediff      maxdiff    MaxGrad_orb  Grad_occ
     1      10    2.8e+01    0    2.5e+01 -1060.94288235  -725.20324980 -11059.94288235   0.000492   2.0e-03   1.4e-04 0.04
 
RESULTS OF THE OCCUPATION OPTIMIZATION
========================================
   1    1.9999750  -104.73430257
   2    1.9996038  -14.43142088
   3    1.9996212  -14.36363665
   4    1.9996372  -12.94164136
   5    1.9995814  -11.54359623
   6    1.9995187  -11.51887145
   7    1.9995253  -11.44351534
   8    1.9993289  -10.82349436
   9    1.9987069  -7.89856930
  10    1.9987389  -7.89332555
  11    1.9987268  -7.89134286
  12    1.9952596  -1.35191408
  13    1.9920203  -1.02454371
  14    1.9909241  -0.99998383
  15    1.9829294  -0.94575895
  16    1.9820973  -0.89202397
  17    1.9794623  -0.86998449
  18    1.9799754  -0.79871109
  19    1.9729916  -0.77438203
  20    1.9709848  -0.76539775
  21    1.9739870  -0.75987933
  22    1.9786465  -0.74438700
  23    1.9728617  -0.73696847
  24    1.9738996  -0.71500675
  25    1.9760641  -0.68237841
  26    1.9757181  -0.67222960
  27    1.9762080  -0.60564323
  28    1.9618711  -0.51209327
  29    1.9604382  -0.44239402
  30    1.9792653  -0.35001637
  31    1.9800491  -0.34586282
  32    0.0199509  -0.02363568
  33    0.0207347  -0.02307858
  34    0.0395618  -0.04129797
  35    0.0381289  -0.04591178
  36    0.0237920  -0.03332971
  37    0.0242819  -0.02568474
  38    0.0239359  -0.02540039
  39    0.0261004  -0.03655864
  40    0.0271383  -0.03706798
  41    0.0213535  -0.02485314
  42    0.0260130  -0.03642939
  43    0.0290152  -0.03932810
  44    0.0270084  -0.03776531
  45    0.0200246  -0.02434827
  46    0.0205377  -0.03001778
  47    0.0179027  -0.02308416
  48    0.0170706  -0.02288322
  49    0.0090759  -0.02103293
  50    0.0079797  -0.02590243
  51    0.0047404  -0.01533763
  52    0.0012732  -0.01508477
  53    0.0012611  -0.01645118
  54    0.0012931  -0.01610446
  55    0.0006711  -0.01493513
  56    0.0004747  -0.00853136
  57    0.0004813  -0.00930338
  58    0.0004186  -0.01078261
  59    0.0003628  -0.00963663
  60    0.0003788  -0.00965671
  61    0.0003962  -0.00929540
  62    0.0000250  -0.00480625
 
----------------
 Final Energies 
----------------
Final NOF Total Energy =    -725.2032498
 
Total Orbital Internal Iterations = 10
Total Occupation Internal Iterations = 0
 
Elapsed time:   68.31 Seconds

---------------------------------
   Lowdin Population Analysis    
---------------------------------
 Idx  Atom   Population   Charge 
---------------------------------
  1     C     6.002      -0.002
  2     N     6.607       0.393
  3     C     6.004      -0.004
  4     N     6.381       0.619
  5     C     5.981       0.019
  6     C     5.786       0.214
  7     H     1.403      -0.403
  8     H     1.055      -0.055
  9     H     1.068      -0.068
 10     H     1.073      -0.073
 11     H     1.045      -0.045
 12     H     1.049      -0.049
 13     H     1.048      -0.048
 14    Cl    17.498      -0.498

---------------------------------
   M Diagnostic: 0.04
---------------------------------

