Computing Integrals
Basis Set                                            = def2-qzvp
Auxiliary Basis Set                                  = def2-universal-jkfit
Gaussian Type                                        = Spherical
Elapsed time:   20.94 Seconds

Number of basis functions                   (NBF)    = 298
Number of auxiliary basis functions         (NBFAUX) = 436
Inactive Doubly occupied orbitals up to     (NO1)    = 0
No. considered Strongly Doubly occupied MOs (NDOC)   = 25
No. considered Strongly Singly occupied MOs (NSOC)   = 0
NO. of Weakly occ. per St. Doubly occ.  MOs (NCWO)   = 1
Dimension of the Nat. Orb. subspace         (NBF5)   = 50
No. of electrons                                     = 50
    No. of alpha electrons                           = 25
    No. of beta electrons                            = 25
Multiplicity                                         = 1

Geometry
========
 O       3.9729800      -2.0225900       0.2935700
Cl       2.8519200      -1.8489400      -0.6073500
 O       3.1169100      -2.4049100      -1.9307000
 O       1.6086900      -2.4507700      -0.0408500
 O       2.5759400      -0.3364200      -0.7709200

No violations of the orthonormality
No violations of the orthonormality
 
PNOF8/ADABelief Calculation
==================
 
  Nitext  Nit_orb  Time   Nit_occ  Time         Eelec          Etot           Ediff      maxdiff    MaxGrad_orb  Grad_occ
     1      10    2.1e+01    0    2.5e+01 -1037.38361998  -759.92016929 -11036.38361998   0.000585   2.3e-03   1.8e-04 0.03
 
RESULTS OF THE OCCUPATION OPTIMIZATION
========================================
   1    1.9999754  -105.03847396
   2    1.9998168  -20.41329983
   3    1.9997256  -20.40438760
   4    1.9998097  -20.39996655
   5    1.9997242  -20.39917135
   6    1.9994158  -10.66767674
   7    1.9991542  -8.14729209
   8    1.9992143  -8.14668673
   9    1.9987797  -8.13098754
  10    1.9959126  -1.41593551
  11    1.9956865  -1.15390169
  12    1.9956607  -1.14070223
  13    1.9913581  -1.01944055
  14    1.9903731  -0.83023071
  15    1.9878669  -0.65908184
  16    1.9821217  -0.58481824
  17    1.9823596  -0.51643025
  18    1.9816893  -0.44616550
  19    1.9864795  -0.42125414
  20    1.9658872  -0.35360628
  21    1.9664008  -0.34904960
  22    1.9660108  -0.34372365
  23    1.9663132  -0.33531176
  24    1.9664307  -0.32751404
  25    1.9666746  -0.32668017
  26    0.0333254  -0.04523705
  27    0.0335693  -0.04556695
  28    0.0336868  -0.04638874
  29    0.0339892  -0.04813615
  30    0.0335992  -0.04756838
  31    0.0341128  -0.04853402
  32    0.0135205  -0.02259299
  33    0.0183107  -0.02612577
  34    0.0176404  -0.02649795
  35    0.0178783  -0.02763972
  36    0.0121331  -0.02239196
  37    0.0096269  -0.02202321
  38    0.0086419  -0.02207431
  39    0.0043393  -0.01533838
  40    0.0043135  -0.01652925
  41    0.0040874  -0.01536462
  42    0.0012203  -0.02005762
  43    0.0007857  -0.01507759
  44    0.0008458  -0.01508706
  45    0.0005842  -0.01384724
  46    0.0002758  -0.00826298
  47    0.0001903  -0.00668636
  48    0.0002744  -0.00820319
  49    0.0001832  -0.00628362
  50    0.0000246  -0.00488422
 
----------------
 Final Energies 
----------------
Final NOF Total Energy =    -759.9201693
 
Total Orbital Internal Iterations = 10
Total Occupation Internal Iterations = 0
 
Elapsed time:   65.44 Seconds

---------------------------------
   Lowdin Population Analysis    
---------------------------------
 Idx  Atom   Population   Charge 
---------------------------------
  1     O     8.197      -0.197
  2    Cl    17.026      -0.026
  3     O     8.209      -0.209
  4     O     8.256      -0.256
  5     O     8.311      -0.311

---------------------------------
   M Diagnostic: 0.03
---------------------------------

