Computing Integrals
Basis Set                                            = def2-qzvp
Auxiliary Basis Set                                  = def2-universal-jkfit
Gaussian Type                                        = Spherical
Elapsed time:    8.93 Seconds

Number of basis functions                   (NBF)    = 280
Number of auxiliary basis functions         (NBFAUX) = 512
Inactive Doubly occupied orbitals up to     (NO1)    = 0
No. considered Strongly Doubly occupied MOs (NDOC)   = 33
No. considered Strongly Singly occupied MOs (NSOC)   = 0
NO. of Weakly occ. per St. Doubly occ.  MOs (NCWO)   = 1
Dimension of the Nat. Orb. subspace         (NBF5)   = 66
No. of electrons                                     = 66
    No. of alpha electrons                           = 33
    No. of beta electrons                            = 33
Multiplicity                                         = 1

Geometry
========
 P      -0.2078209       1.7674485       0.0000000
Cl       1.0912817       1.9676194       1.5825606
Cl       1.0912817       1.9676194      -1.5825606
Cl      -1.0912817       3.6237210       0.0000000

No violations of the orthonormality
No violations of the orthonormality
 
PNOF8/ADABelief Calculation
==================
 
  Nitext  Nit_orb  Time   Nit_occ  Time         Eelec          Etot           Ediff      maxdiff    MaxGrad_orb  Grad_occ
     1      10    2.1e+01    0    2.4e+01 -2062.41777392 -1720.60469441 -12061.41777392   0.000534   2.1e-03   1.4e-04 0.03
 
RESULTS OF THE OCCUPATION OPTIMIZATION
========================================
   1    1.9999686  -104.91270218
   2    1.9999688  -104.91202431
   3    1.9999689  -104.91057903
   4    1.9999562  -80.12919366
   5    1.9993973  -10.59773902
   6    1.9993942  -10.59642274
   7    1.9993966  -10.59472419
   8    1.9990720  -8.05613015
   9    1.9990791  -8.05578909
  10    1.9990842  -8.05577236
  11    1.9990703  -8.05402619
  12    1.9990738  -8.05355192
  13    1.9990619  -8.04999378
  14    1.9985889  -8.01905483
  15    1.9986251  -8.01697924
  16    1.9985815  -8.01640418
  17    1.9986973  -7.81391035
  18    1.9979022  -5.51618917
  19    1.9979912  -5.51225821
  20    1.9979949  -5.51191116
  21    1.9916766  -1.10864568
  22    1.9915240  -1.10669850
  23    1.9915317  -1.10560604
  24    1.9914606  -0.89214542
  25    1.9685344  -0.54140588
  26    1.9685320  -0.54001114
  27    1.9684769  -0.53856520
  28    1.9785052  -0.51718420
  29    1.9786852  -0.51667865
  30    1.9786463  -0.51649099
  31    1.9788358  -0.51617041
  32    1.9785415  -0.51559953
  33    1.9788882  -0.51551814
  34    0.0211118  -0.02539015
  35    0.0214585  -0.02692872
  36    0.0211642  -0.02557670
  37    0.0213537  -0.02584985
  38    0.0213148  -0.02630087
  39    0.0214948  -0.02620282
  40    0.0315231  -0.04881613
  41    0.0314680  -0.04880017
  42    0.0314656  -0.04888394
  43    0.0085394  -0.02850469
  44    0.0084683  -0.02799229
  45    0.0084760  -0.02797260
  46    0.0083234  -0.02839947
  47    0.0020051  -0.02031711
  48    0.0020088  -0.02035635
  49    0.0020978  -0.02120220
  50    0.0013027  -0.01729113
  51    0.0014185  -0.02084897
  52    0.0013749  -0.02011177
  53    0.0014111  -0.02072337
  54    0.0009381  -0.01778539
  55    0.0009262  -0.01762730
  56    0.0009297  -0.01762437
  57    0.0009158  -0.01755900
  58    0.0009209  -0.01750568
  59    0.0009280  -0.01768404
  60    0.0006034  -0.01460039
  61    0.0006058  -0.01464998
  62    0.0006027  -0.01459817
  63    0.0000438  -0.00634318
  64    0.0000311  -0.00584510
  65    0.0000312  -0.00588244
  66    0.0000314  -0.00587192
 
----------------
 Final Energies 
----------------
Final NOF Total Energy =   -1720.6046944
 
Total Orbital Internal Iterations = 10
Total Occupation Internal Iterations = 0
 
Elapsed time:   60.81 Seconds

---------------------------------
   Lowdin Population Analysis    
---------------------------------
 Idx  Atom   Population   Charge 
---------------------------------
  1     P    15.639      -0.639
  2    Cl    16.786       0.214
  3    Cl    16.787       0.213
  4    Cl    16.788       0.212

---------------------------------
   M Diagnostic: 0.03
---------------------------------

