Computing Integrals
Basis Set                                            = def2-qzvp
Auxiliary Basis Set                                  = def2-universal-jkfit
Gaussian Type                                        = Spherical
Elapsed time:   32.74 Seconds

Number of basis functions                   (NBF)    = 528
Number of auxiliary basis functions         (NBFAUX) = 484
Inactive Doubly occupied orbitals up to     (NO1)    = 0
No. considered Strongly Doubly occupied MOs (NDOC)   = 18
No. considered Strongly Singly occupied MOs (NSOC)   = 0
NO. of Weakly occ. per St. Doubly occ.  MOs (NCWO)   = 1
Dimension of the Nat. Orb. subspace         (NBF5)   = 36
No. of electrons                                     = 36
    No. of alpha electrons                           = 18
    No. of beta electrons                            = 18
Multiplicity                                         = 1

Geometry
========
 N      -1.4539341       0.1999443      -0.7577151
 H      -0.6253384      -0.3849092      -0.8080572
 H      -2.1157617      -0.1897152      -1.4159521
 C      -2.0139516       0.1204265       0.5896630
 H      -2.9080305       0.7382727       0.6508839
 H      -2.2780383      -0.8868157       0.9271686
 H      -1.2955683       0.5277029       1.2988037
 N       1.5836007      -0.7264932      -0.6052391
 H       1.8798694      -0.4519555      -1.5332243
 H       2.2071504      -1.4741835      -0.3300442
 C       1.7438307       0.4087174       0.3084362
 H       1.4736404       0.0940216       1.3140894
 H       2.7512410       0.8304940       0.3454080
 H       1.0512903       1.1944929       0.0157790

No violations of the orthonormality
No violations of the orthonormality
 
PNOF8/ADABelief Calculation
==================
 
  Nitext  Nit_orb  Time   Nit_occ  Time         Eelec          Etot           Ediff      maxdiff    MaxGrad_orb  Grad_occ
     1      10    7.0e+01    0    6.8e+01  -322.85922138  -191.14231343 -10321.85922138   0.000804   3.2e-03   2.6e-04 0.03
 
RESULTS OF THE OCCUPATION OPTIMIZATION
========================================
   1    1.9996933  -15.44750214
   2    1.9996932  -15.42892124
   3    1.9995921  -11.33737430
   4    1.9995910  -11.32278357
   5    1.9894604  -1.03936718
   6    1.9888064  -0.99745435
   7    1.9807085  -0.82919314
   8    1.9806372  -0.81581888
   9    1.9731207  -0.63727235
  10    1.9730760  -0.63672142
  11    1.9731719  -0.61595044
  12    1.9729057  -0.61462015
  13    1.9749294  -0.59951035
  14    1.9686250  -0.59898794
  15    1.9751459  -0.59889569
  16    1.9748595  -0.58521859
  17    1.9747788  -0.58495673
  18    1.9685989  -0.58037649
  19    0.0314011  -0.03847315
  20    0.0252212  -0.02501175
  21    0.0251405  -0.02495523
  22    0.0248541  -0.02503509
  23    0.0313750  -0.03874155
  24    0.0250706  -0.02506241
  25    0.0270943  -0.02941339
  26    0.0268281  -0.02998139
  27    0.0269240  -0.02960713
  28    0.0268793  -0.02960347
  29    0.0193628  -0.02311184
  30    0.0192915  -0.02318214
  31    0.0111936  -0.01760852
  32    0.0105396  -0.01716845
  33    0.0004090  -0.00753165
  34    0.0004079  -0.00751377
  35    0.0003068  -0.00755632
  36    0.0003067  -0.00755316
 
----------------
 Final Energies 
----------------
Final NOF Total Energy =    -191.1423134
 
Total Orbital Internal Iterations = 10
Total Occupation Internal Iterations = 0
 
Elapsed time:  178.67 Seconds

---------------------------------
   Lowdin Population Analysis    
---------------------------------
 Idx  Atom   Population   Charge 
---------------------------------
  1     N     6.483       0.517
  2     H     1.212      -0.212
  3     H     1.201      -0.201
  4     C     5.908       0.092
  5     H     1.075      -0.075
  6     H     1.082      -0.082
  7     H     1.075      -0.075
  8     N     6.460       0.540
  9     H     1.191      -0.191
 10     H     1.195      -0.195
 11     C     5.894       0.106
 12     H     1.073      -0.073
 13     H     1.082      -0.082
 14     H     1.069      -0.069

---------------------------------
   M Diagnostic: 0.03
---------------------------------

