Computing Integrals
Basis Set                                            = def2-qzvp
Auxiliary Basis Set                                  = def2-universal-jkfit
Gaussian Type                                        = Spherical
Elapsed time:    9.22 Seconds

Number of basis functions                   (NBF)    = 147
Number of auxiliary basis functions         (NBFAUX) = 131
Inactive Doubly occupied orbitals up to     (NO1)    = 0
No. considered Strongly Doubly occupied MOs (NDOC)   = 5
No. considered Strongly Singly occupied MOs (NSOC)   = 0
NO. of Weakly occ. per St. Doubly occ.  MOs (NCWO)   = 1
Dimension of the Nat. Orb. subspace         (NBF5)   = 10
No. of electrons                                     = 10
    No. of alpha electrons                           = 5
    No. of beta electrons                            = 5
Multiplicity                                         = 1

Geometry
========
 N       0.0000000       0.0000000      -0.2890945
 H      -0.4675891      -0.8098881       0.0963648
 H      -0.4675891       0.8098881       0.0963648
 H       0.9351782       0.0000000       0.0963648

No violations of the orthonormality
No violations of the orthonormality
 
PNOF8/ADABelief Calculation
==================
 
  Nitext  Nit_orb  Time   Nit_occ  Time         Eelec          Etot           Ediff      maxdiff    MaxGrad_orb  Grad_occ
     1      10    5.5e+01    0    6.7e+01   -68.36286351   -56.39644281 -10067.36286351   0.000484   1.9e-03   1.5e-04 0.03
 
RESULTS OF THE OCCUPATION OPTIMIZATION
========================================
   1    1.9997325  -15.54865411
   2    1.9891883  -1.03698226
   3    1.9729109  -0.62087270
   4    1.9728404  -0.62084465
   5    1.9728607  -0.62073601
   6    0.0271393  -0.02921212
   7    0.0271596  -0.02922221
   8    0.0270891  -0.02919855
   9    0.0108117  -0.01798093
  10    0.0002675  -0.00706430
 
----------------
 Final Energies 
----------------
Final NOF Total Energy =     -56.3964428
 
Total Orbital Internal Iterations = 10
Total Occupation Internal Iterations = 0
 
Elapsed time:  155.76 Seconds

---------------------------------
   Lowdin Population Analysis    
---------------------------------
 Idx  Atom   Population   Charge 
---------------------------------
  1     N     6.417       0.583
  2     H     1.194      -0.194
  3     H     1.194      -0.194
  4     H     1.194      -0.194

---------------------------------
   M Diagnostic: 0.03
---------------------------------

