Computing Integrals
Basis Set                                            = def2-qzvp
Auxiliary Basis Set                                  = def2-universal-jkfit
Gaussian Type                                        = Spherical
Elapsed time:    1.90 Seconds

Number of basis functions                   (NBF)    = 174
Number of auxiliary basis functions         (NBFAUX) = 186
Inactive Doubly occupied orbitals up to     (NO1)    = 0
No. considered Strongly Doubly occupied MOs (NDOC)   = 7
No. considered Strongly Singly occupied MOs (NSOC)   = 0
NO. of Weakly occ. per St. Doubly occ.  MOs (NCWO)   = 1
Dimension of the Nat. Orb. subspace         (NBF5)   = 14
No. of electrons                                     = 14
    No. of alpha electrons                           = 7
    No. of beta electrons                            = 7
Multiplicity                                         = 1

Geometry
========
 H       0.0000000       0.0000000       1.6666500
 C       0.0000000       0.0000000       0.6032500
 C       0.0000000       0.0000000      -0.6032500
 H       0.0000000       0.0000000      -1.6666500

No violations of the orthonormality
No violations of the orthonormality
 
PNOF8/ADAM Calculation
==================
 
  Nitext  Nit_orb  Time   Nit_occ  Time         Eelec          Etot           Ediff      maxdiff    MaxGrad_orb  Grad_occ
     1      10    9.3e+00   10    1.2e+01   -93.85977360   -69.14221399 -10092.85977360   0.775624   3.1e+00   1.1e-04 0.02
     2      10    6.0e-01    7    4.9e-03   -97.53522525   -72.81766564    -3.67545165   0.429133   1.7e+00   1.3e-04 0.03
     3      10    6.4e-01    7    1.6e-02   -99.57525290   -74.85769329    -2.04002765   0.275505   1.1e+00   1.1e-04 0.04
     4      10    4.7e-01    4    5.5e-03  -100.60431327   -75.88675366    -1.02906037   0.185100   7.4e-01   2.4e-04 0.04
     5      10    3.3e-01    5    3.3e-02  -101.08975953   -76.37219991    -0.48544626   0.158902   6.4e-01   2.1e-04 0.04
     6      10    7.9e-01    5    2.9e-02  -101.37027555   -76.65271593    -0.28051602   0.173608   6.9e-01   4.7e-05 0.04
     7      10    4.2e-01    4    6.1e-03  -101.54350961   -76.82595000    -0.17323406   0.163204   6.5e-01   1.3e-04 0.04
     8      10    6.9e-01    3    5.2e-02  -101.65264766   -76.93508804    -0.10913805   0.133199   5.3e-01   1.4e-04 0.04
     9      10    4.5e-01    3    2.4e-02  -101.72659798   -77.00903836    -0.07395032   0.106835   4.3e-01   9.7e-05 0.04
    10      10    5.9e-01    2    8.2e-03  -101.77227105   -77.05471143    -0.04567307   0.071785   2.9e-01   1.4e-04 0.04
    11      10    5.9e-01    2    2.2e-02  -101.79672177   -77.07916216    -0.02445073   0.074075   3.0e-01   9.7e-05 0.04
    12      10    5.0e-01    2    8.0e-03  -101.80660967   -77.08905005    -0.00988790   0.067328   2.7e-01   1.7e-04 0.04
    13      10    8.3e-01    2    3.2e-03  -101.80896577   -77.09140615    -0.00235610   0.067301   2.7e-01   1.4e-04 0.04
    14      10    5.8e-01    2    5.0e-02  -101.80943604   -77.09187642    -0.00047027   0.071306   2.9e-01   1.1e-04 0.04
    15      10    6.7e-01    0    2.9e-02  -101.80945059   -77.09189097    -0.00001455   0.071306   2.9e-01   1.1e-04 0.04
    16      30    1.7e+00    2    1.8e-02  -101.81353804   -77.09597843    -0.00408746   0.000648   2.6e-03   1.2e-04 0.04
 
RESULTS OF THE OCCUPATION OPTIMIZATION
========================================
   1    1.9995367  -11.23031238
   2    1.9995002  -11.22801574
   3    1.9884700  -1.03300300
   4    1.9772834  -0.72964839
   5    1.9771585  -0.72780688
   6    1.9581783  -0.42114229
   7    1.9580570  -0.42068831
   8    0.0419430  -0.03510052
   9    0.0418217  -0.03505799
  10    0.0228415  -0.02694255
  11    0.0227166  -0.02685181
  12    0.0115300  -0.01824930
  13    0.0004998  -0.00877009
  14    0.0004633  -0.00830293
 
----------------
 Final Energies 
----------------
Final NOF Total Energy =     -77.0959784
 
Total Orbital Internal Iterations = 180
Total Occupation Internal Iterations = 60
 
Elapsed time:   39.47 Seconds

---------------------------------
   Lowdin Population Analysis    
---------------------------------
 Idx  Atom   Population   Charge 
---------------------------------
  1     H     1.138      -0.138
  2     C     5.862       0.138
  3     C     5.862       0.138
  4     H     1.138      -0.138

---------------------------------
   M Diagnostic: 0.04
---------------------------------

