Computing Integrals
Basis Set                                            = def2-qzvp
Auxiliary Basis Set                                  = def2-universal-jkfit
Gaussian Type                                        = Spherical
Elapsed time:    4.36 Seconds

Number of basis functions                   (NBF)    = 348
Number of auxiliary basis functions         (NBFAUX) = 376
Inactive Doubly occupied orbitals up to     (NO1)    = 0
No. considered Strongly Doubly occupied MOs (NDOC)   = 16
No. considered Strongly Singly occupied MOs (NSOC)   = 0
NO. of Weakly occ. per St. Doubly occ.  MOs (NCWO)   = 1
Dimension of the Nat. Orb. subspace         (NBF5)   = 32
No. of electrons                                     = 32
    No. of alpha electrons                           = 16
    No. of beta electrons                            = 16
Multiplicity                                         = 1

Geometry
========
 C       0.0000000       0.1550740       0.0000000
 C       1.0603290      -0.9079900       0.0000000
 O       0.1875200       1.3447160       0.0000000
 O      -1.2415770      -0.3849890       0.0000000
 H      -1.8544670       0.3612640       0.0000000
 H       2.0400210      -0.4415430       0.0000000
 H       0.9424650      -1.5400210       0.8795850
 H       0.9424650      -1.5400210      -0.8795850

No violations of the orthonormality
No violations of the orthonormality
 
PNOF8/ADAM Calculation
==================
 
  Nitext  Nit_orb  Time   Nit_occ  Time         Eelec          Etot           Ediff      maxdiff    MaxGrad_orb  Grad_occ
     1      10    1.1e+01    9    1.2e+01  -331.50117513  -210.19472729 -10330.50117513   0.610682   2.4e+00   1.1e-04 0.02
     2      10    1.4e+00   16    5.1e-02  -343.10639137  -221.79994353   -11.60521624   0.453426   1.8e+00   1.6e-04 0.03
     3      10    1.4e+00    8    2.9e-02  -346.99692328  -225.69047544    -3.89053191   0.256431   1.0e+00   1.2e-04 0.04
     4      10    1.4e+00    7    2.9e-02  -348.43570470  -227.12925686    -1.43878142   0.165282   6.6e-01   1.4e-04 0.04
     5      10    2.3e+00    6    4.9e-02  -349.06287168  -227.75642384    -0.62716698   0.139604   5.6e-01   1.9e-04 0.04
     6      10    1.7e+00    6    2.5e-02  -349.37591107  -228.06946322    -0.31303939   0.140418   5.6e-01   1.0e-04 0.04
     7      10    1.5e+00    6    2.7e-02  -349.54485986  -228.23841202    -0.16894879   0.153984   6.2e-01   5.9e-05 0.03
     8      10    1.5e+00    3    2.7e-02  -349.65126595  -228.34481811    -0.10640610   0.132990   5.3e-01   2.5e-04 0.03
     9      10    1.6e+00    5    4.5e-02  -349.71442108  -228.40797324    -0.06315513   0.132481   5.3e-01   1.5e-04 0.03
    10      10    1.7e+00    3    2.7e-02  -349.75401454  -228.44756669    -0.03959345   0.143878   5.8e-01   1.9e-04 0.03
    11      10    1.4e+00    3    3.6e-02  -349.76747837  -228.46103053    -0.01346383   0.409490   1.6e+00   2.0e-04 0.03
    12      10    1.5e+00    3    2.8e-02  -349.77881172  -228.47236388    -0.01133336   0.153411   6.1e-01   2.0e-04 0.03
    13      10    1.4e+00    3    3.8e-02  -349.78596993  -228.47952209    -0.00715821   0.128715   5.1e-01   1.8e-04 0.03
    14      10    1.4e+00    0    3.1e-02  -349.78625094  -228.47980310    -0.00028101   0.128715   5.1e-01   1.8e-04 0.03
    15      30    4.5e+00    3    2.6e-02  -349.82269327  -228.51624543    -0.03644233   0.003960   1.6e-02   1.6e-04 0.03
    16      30    5.0e+00    3    4.7e-02  -349.82468005  -228.51823220    -0.00198678   0.003094   1.2e-02   1.4e-04 0.04
    17      30    4.4e+00    2    3.9e-02  -349.82578456  -228.51933672    -0.00110452   0.004367   1.7e-02   2.0e-04 0.04
    18      30    4.6e+00    3    2.7e-02  -349.82656116  -228.52011332    -0.00077660   0.006632   2.7e-02   1.1e-04 0.04
    19      30    5.2e+00    3    2.7e-02  -349.82724754  -228.52079970    -0.00068638   0.007603   3.0e-02   9.8e-05 0.04
    20      30    4.6e+00    2    2.7e-02  -349.82772759  -228.52127975    -0.00048005   0.003465   1.4e-02   2.0e-04 0.04
    21      30    4.1e+00    2    3.1e-02  -349.82800909  -228.52156125    -0.00028150   0.007628   3.1e-02   2.1e-04 0.04
    22      30    4.9e+00    2    2.6e-02  -349.82831186  -228.52186402    -0.00030277   0.006882   2.8e-02   2.2e-04 0.04
    23      30    4.7e+00    2    2.8e-02  -349.82844111  -228.52199327    -0.00012925   0.007074   2.8e-02   1.5e-04 0.04
    24      30    5.2e+00    2    2.5e-02  -349.82850568  -228.52205783    -0.00006456   0.006461   2.6e-02   1.5e-04 0.04
    25      30    5.1e+00    1    2.8e-02  -349.82851150  -228.52206366    -0.00000582   0.006945   2.8e-02   1.7e-04 0.04
    26      30    4.6e+00    0    5.3e-02  -349.82851288  -228.52206504    -0.00000138   0.006945   2.8e-02   1.7e-04 0.04
    27      44    6.2e+00    1    2.6e-02  -349.82892024  -228.52247239    -0.00040736   0.000477   1.9e-03   1.1e-04 0.04
 
RESULTS OF THE OCCUPATION OPTIMIZATION
========================================
   1    1.9997986  -20.62717578
   2    1.9998191  -20.58595042
   3    1.9994999  -11.34576907
   4    1.9996175  -11.25249559
   5    1.9914393  -1.30110574
   6    1.9909224  -1.30039897
   7    1.9823360  -0.90705815
   8    1.9723063  -0.76573452
   9    1.9742943  -0.76126561
  10    1.9741831  -0.72513909
  11    1.9865688  -0.70183081
  12    1.9690392  -0.69839649
  13    1.9853472  -0.64632499
  14    1.9755914  -0.62104358
  15    1.9755730  -0.62087807
  16    1.9592938  -0.53896140
  17    0.0407062  -0.05106428
  18    0.0244270  -0.02458728
  19    0.0244086  -0.02458716
  20    0.0146528  -0.01997370
  21    0.0309608  -0.04635878
  22    0.0134312  -0.02073797
  23    0.0258169  -0.03373782
  24    0.0257057  -0.04008158
  25    0.0276937  -0.03579955
  26    0.0176640  -0.02249338
  27    0.0090776  -0.02021269
  28    0.0085607  -0.01823018
  29    0.0003825  -0.00717086
  30    0.0005001  -0.00889784
  31    0.0001809  -0.00630313
  32    0.0002014  -0.00676739
 
----------------
 Final Energies 
----------------
Final NOF Total Energy =    -228.5224724
 
Total Orbital Internal Iterations = 544
Total Occupation Internal Iterations = 104
 
Elapsed time:  119.05 Seconds

---------------------------------
   Lowdin Population Analysis    
---------------------------------
 Idx  Atom   Population   Charge 
---------------------------------
  1     C     6.697      -0.697
  2     C     5.773       0.227
  3     O     7.722       0.278
  4     O     7.363       0.637
  5     H     1.295      -0.295
  6     H     1.050      -0.050
  7     H     1.050      -0.050
  8     H     1.050      -0.050

---------------------------------
   M Diagnostic: 0.04
---------------------------------

