Computing Integrals
Basis Set                                            = def2-qzvp
Auxiliary Basis Set                                  = def2-universal-jkfit
Gaussian Type                                        = Spherical
Elapsed time:   39.98 Seconds

Number of basis functions                   (NBF)    = 532
Number of auxiliary basis functions         (NBFAUX) = 656
Inactive Doubly occupied orbitals up to     (NO1)    = 0
No. considered Strongly Doubly occupied MOs (NDOC)   = 31
No. considered Strongly Singly occupied MOs (NSOC)   = 0
NO. of Weakly occ. per St. Doubly occ.  MOs (NCWO)   = 1
Dimension of the Nat. Orb. subspace         (NBF5)   = 62
No. of electrons                                     = 62
    No. of alpha electrons                           = 31
    No. of beta electrons                            = 31
Multiplicity                                         = 1

Geometry
========
 C       0.2964580      -1.2271210       0.0000000
 P      -0.0727470       0.3878250       0.0000000
 B      -0.9239600      -2.1354380       0.0000000
 B       1.7522720      -1.6568140       0.0000000
 F      -0.9239600       0.9325130       1.1737390
 F      -0.9239600       0.9325130      -1.1737390
 F       1.1070560       1.3793150       0.0000000
 H      -0.7615150      -3.3134910       0.0000000
 H      -2.0351840      -1.6910820       0.0000000
 H       2.6446660      -0.8652290       0.0000000
 H       1.9907160      -2.8226520       0.0000000

No violations of the orthonormality
No violations of the orthonormality
 
PNOF8/ADABelief Calculation
==================
 
  Nitext  Nit_orb  Time   Nit_occ  Time         Eelec          Etot           Ediff      maxdiff    MaxGrad_orb  Grad_occ
     1      10    7.7e+01    0    6.9e+01 -1120.67404741  -730.00386131 -11119.67404741   0.000773   3.1e-03   1.0e-04 0.03
 
RESULTS OF THE OCCUPATION OPTIMIZATION
========================================
   1    1.9999701  -80.20451731
   2    1.9998628  -26.43075943
   3    1.9998610  -26.42672437
   4    1.9998598  -26.42621036
   5    1.9995272  -10.96038588
   6    1.9991799  -7.81806485
   7    1.9989062  -7.64966392
   8    1.9985995  -6.34463041
   9    1.9985262  -6.14408999
  10    1.9984281  -6.08801257
  11    1.9981615  -5.82102707
  12    1.9917881  -1.55271720
  13    1.9915876  -1.50554705
  14    1.9914559  -1.47608098
  15    1.9947884  -1.42078132
  16    1.9928588  -0.93252980
  17    1.9712456  -0.83483808
  18    1.9711282  -0.83291796
  19    1.9709749  -0.80659677
  20    1.9847545  -0.79899202
  21    1.9839132  -0.78063045
  22    1.9832018  -0.76668624
  23    1.9819088  -0.76039246
  24    1.9813522  -0.75791050
  25    1.9814929  -0.75504652
  26    1.9805160  -0.71047940
  27    1.9805759  -0.69970208
  28    1.9754605  -0.50434098
  29    1.9765034  -0.50016488
  30    1.9807624  -0.49373239
  31    1.9734014  -0.46206406
  32    0.0265986  -0.01993595
  33    0.0192376  -0.01900876
  34    0.0234966  -0.03011786
  35    0.0245395  -0.01924210
  36    0.0194241  -0.02574935
  37    0.0194840  -0.02651328
  38    0.0185071  -0.02748755
  39    0.0186478  -0.02781059
  40    0.0180912  -0.02704579
  41    0.0167982  -0.02578529
  42    0.0160868  -0.02517401
  43    0.0152455  -0.02441746
  44    0.0290251  -0.05134704
  45    0.0288718  -0.05178925
  46    0.0287544  -0.05164778
  47    0.0071412  -0.01532794
  48    0.0052116  -0.01703381
  49    0.0085441  -0.02452500
  50    0.0084124  -0.02449179
  51    0.0082119  -0.02439163
  52    0.0018385  -0.02015408
  53    0.0015719  -0.01698537
  54    0.0014738  -0.01641125
  55    0.0014005  -0.01498252
  56    0.0010938  -0.01091202
  57    0.0008201  -0.00941155
  58    0.0004728  -0.00835027
  59    0.0001402  -0.00610983
  60    0.0001390  -0.00605902
  61    0.0001372  -0.00599159
  62    0.0000299  -0.00471961
 
----------------
 Final Energies 
----------------
Final NOF Total Energy =    -730.0038613
 
Total Orbital Internal Iterations = 10
Total Occupation Internal Iterations = 0
 
Elapsed time:  190.16 Seconds

---------------------------------
   Lowdin Population Analysis    
---------------------------------
 Idx  Atom   Population   Charge 
---------------------------------
  1     C     6.135      -0.135
  2     P    15.348      -0.348
  3     B     5.107      -0.107
  4     B     5.113      -0.113
  5     F     8.706       0.294
  6     F     8.705       0.295
  7     F     8.687       0.313
  8     H     1.043      -0.043
  9     H     1.050      -0.050
 10     H     1.061      -0.061
 11     H     1.045      -0.045

---------------------------------
   M Diagnostic: 0.03
---------------------------------

