Computing Integrals
Basis Set                                            = def2-qzvp
Auxiliary Basis Set                                  = def2-universal-jkfit
Gaussian Type                                        = Spherical
Elapsed time:    1.56 Seconds

Number of basis functions                   (NBF)    = 56
Number of auxiliary basis functions         (NBFAUX) = 160
Inactive Doubly occupied orbitals up to     (NO1)    = 0
No. considered Strongly Doubly occupied MOs (NDOC)   = 10
No. considered Strongly Singly occupied MOs (NSOC)   = 0
NO. of Weakly occ. per St. Doubly occ.  MOs (NCWO)   = 4
Dimension of the Nat. Orb. subspace         (NBF5)   = 50
No. of electrons                                     = 20
    No. of alpha electrons                           = 10
    No. of beta electrons                            = 10
Multiplicity                                         = 1

Geometry
========
Ca       0.0000000       0.0000000       0.0000000

No violations of the orthonormality
No violations of the orthonormality
 
PNOF8/ADAM Calculation
==================
 
  Nitext  Nit_orb  Time   Nit_occ  Time         Eelec          Etot           Ediff      maxdiff    MaxGrad_orb  Grad_occ
     1      10    9.0e+00   35    1.2e+01  -660.09687812  -660.09687812 -10659.09687812   3.456126   1.4e+01   1.9e-04 0.03
     2      10    3.4e-02   38    2.4e-02  -666.41858361  -666.41858361    -6.32170548   9.772233   2.5e+01   2.3e-02 0.01
     3      10    1.5e-02  283    1.2e-01  -673.50752226  -673.50752226    -7.08893866   1.112359   4.4e+00   1.8e-04 0.03
     4      10    1.9e-02   32    1.6e-02  -675.28614674  -675.28614674    -1.77862448   0.748258   3.0e+00   1.9e-04 0.03
     5      10    1.5e-02   47    2.2e-02  -676.02507168  -676.02507168    -0.73892494   0.374072   1.5e+00   1.5e-04 0.03
     6      10    1.5e-02   30    1.4e-02  -676.39999885  -676.39999885    -0.37492716   0.307927   1.2e+00   2.3e-04 0.04
     7      10    1.6e-02   24    1.5e-02  -676.58219269  -676.58219269    -0.18219384   0.276316   1.1e+00   2.1e-04 0.04
     8      10    1.5e-02   22    1.3e-02  -676.67820703  -676.67820703    -0.09601434   0.270264   1.1e+00   2.0e-04 0.04
     9      10    7.2e-02   10    5.2e-03  -676.73716409  -676.73716409    -0.05895706   0.278183   1.1e+00   2.4e-04 0.04
    10      10    1.3e-02   24    1.8e-02  -676.79456389  -676.79456389    -0.05739980   0.304319   1.2e+00   2.4e-04 0.04
    11      10    1.7e-02   13    5.3e-03  -676.84702439  -676.84702439    -0.05246051   0.270609   1.1e+00   1.9e-04 0.03
    12      10    1.3e-02   12    5.0e-03  -676.88572191  -676.88572191    -0.03869751   0.271686   1.1e+00   2.0e-04 0.03
    13      10    1.2e-02   12    9.6e-03  -676.91600439  -676.91600439    -0.03028249   0.265092   1.1e+00   1.9e-04 0.03
    14      10    1.4e-02   11    7.9e-03  -676.92076341  -676.92076341    -0.00475902   0.279654   1.1e+00   1.2e-04 0.03
    15      10    1.5e-02    7    6.7e-03  -676.93300833  -676.93300833    -0.01224492   0.230005   9.2e-01   2.2e-04 0.03
    16      10    1.9e-02    5    6.1e-03  -676.97387192  -676.97387192    -0.04086359   0.249745   1.0e+00   2.2e-04 0.03
    17      10    1.5e-02    7    3.3e-03  -676.99009392  -676.99009392    -0.01622199   0.257818   1.0e+00   1.4e-04 0.03
    18      10    1.5e-02    7    6.4e-03  -677.01062855  -677.01062855    -0.02053463   0.266948   1.1e+00   1.2e-04 0.03
    19      10    1.4e-02    9    5.9e-03  -677.02165014  -677.02165014    -0.01102159   0.248622   9.9e-01   1.1e-04 0.03
    20      10    1.5e-02    5    2.7e-03  -677.07470714  -677.07470714    -0.05305700   0.277693   1.1e+00   1.8e-04 0.03
    21      10    1.5e-02    0    9.4e-04  -677.07478692  -677.07478692    -0.00007977   0.277693   1.1e+00   1.8e-04 0.03
    22      30    4.2e-02    7    5.4e-03  -677.12381740  -677.12381740    -0.04903048   0.040540   1.6e-01   1.7e-04 0.03
    23      30    4.2e-02    6    4.5e-03  -677.15501095  -677.15501095    -0.03119355   0.037858   1.5e-01   2.1e-04 0.03
    24      30    4.2e-02    5    2.6e-03  -677.17757114  -677.17757114    -0.02256020   0.031470   1.3e-01   2.2e-04 0.03
    25      30    4.0e-02    7    3.5e-03  -677.19218111  -677.19218111    -0.01460996   0.022847   9.1e-02   1.2e-04 0.03
    26      30    3.9e-02    5    2.7e-03  -677.20122008  -677.20122008    -0.00903897   0.017136   6.9e-02   1.6e-04 0.03
    27      30    4.2e-02    7    7.0e-03  -677.20862673  -677.20862673    -0.00740665   0.013590   5.4e-02   1.5e-04 0.03
    28      30    4.3e-02    4    4.0e-03  -677.21301343  -677.21301343    -0.00438670   0.010318   4.1e-02   1.4e-04 0.03
    29      30    3.7e-02    3    5.9e-03  -677.21607979  -677.21607979    -0.00306636   0.007997   3.2e-02   1.6e-04 0.03
    30      30    3.9e-02    5    6.8e-03  -677.21815726  -677.21815726    -0.00207748   0.007535   3.0e-02   2.3e-04 0.03
    31      30    4.2e-02    1    1.4e-03  -677.21911313  -677.21911313    -0.00095587   0.007970   3.2e-02   1.7e-04 0.03
    32      30    3.9e-02    8    5.7e-03  -677.21948327  -677.21948327    -0.00037014   0.008894   3.6e-02   2.1e-04 0.03
    33      30    3.8e-02    1    1.4e-03  -677.21967052  -677.21967052    -0.00018725   0.007498   3.0e-02   1.7e-04 0.03
    34      30    4.0e-02    0    9.5e-04  -677.21967127  -677.21967127    -0.00000074   0.007498   3.0e-02   1.7e-04 0.03
    35      50    6.2e-02    4    2.3e-03  -677.22008104  -677.22008104    -0.00040977   0.003055   1.2e-02   1.4e-04 0.03
    36      50    6.7e-02    1    1.4e-03  -677.22017068  -677.22017068    -0.00008964   0.001770   7.1e-03   1.1e-04 0.03
    37      50    6.3e-02    0    2.8e-03  -677.22020029  -677.22020029    -0.00002961   0.001477   5.9e-03   1.6e-04 0.03
    38      60    7.5e-02    1    1.3e-03  -677.22021036  -677.22021036    -0.00001007   0.001029   4.1e-03   1.6e-04 0.03
    39      60    7.4e-02    0    1.0e-03  -677.22021880  -677.22021880    -0.00000844   0.001198   4.8e-03   1.4e-04 0.03
    40      70    9.0e-02    0    1.1e-03  -677.22022751  -677.22022751    -0.00000871   0.000904   3.6e-03   1.7e-04 0.03
 
RESULTS OF THE OCCUPATION OPTIMIZATION
========================================
   1    1.9999998  -149.37132790
   2    1.9999776  -16.83882588
   3    1.9999008  -13.62867003
   4    1.9999676  -13.62855227
   5    1.9999681  -13.62852864
   6    1.9804621  -2.25439785
   7    1.9716188  -1.27007373
   8    1.9672159  -1.04242258
   9    1.9662511  -0.98357042
  10    1.9664389  -0.97970753
  11    0.0256853  -0.04110599
  12    0.0265733  -0.04168773
  13    0.0269254  -0.04270336
  14    0.0266310  -0.04573665
  15    0.0123711  -0.03394631
  16    0.0000164  -0.00084807
  17    0.0000137  -0.00053678
  18    0.0000925  -0.00509600
  19    0.0000145  -0.00058585
  20    0.0000001  -0.00000129
  21    0.0053763  -0.00923207
  22    0.0056277  -0.00949526
  23    0.0056411  -0.00966885
  24    0.0013596  -0.00339942
  25    0.0056748  -0.03276951
  26    0.0000067  -0.00008682
  27    0.0000116  -0.00010608
  28    0.0000039  -0.00004837
  29    0.0000042  -0.00013874
  30    0.0000001  -0.00000107
  31    0.0013432  -0.00312255
  32    0.0012856  -0.00298308
  33    0.0002175  -0.00041385
  34    0.0002480  -0.00045168
  35    0.0008296  -0.00284289
  36    0.0000059  -0.00015229
  37    0.0000054  -0.00033080
  38    0.0000018  -0.00002839
  39    0.0000025  -0.00003408
  40    0.0000000  -0.00000056
  41    0.0011563  -0.00258814
  42    0.0002623  -0.00045153
  43    0.0000000  -0.00000026
  44    0.0001427  -0.00031252
  45    0.0006625  -0.00989366
  46    0.0000029  -0.00003672
  47    0.0000017  -0.00002857
  48    0.0000011  -0.00000644
  49    0.0000013  -0.00001162
  50    0.0000000  -0.00000043
 
----------------
 Final Energies 
----------------
Final NOF Total Energy =    -677.2202275
 
Total Orbital Internal Iterations = 940
Total Occupation Internal Iterations = 698
 
Elapsed time:   28.91 Seconds

---------------------------------
   Lowdin Population Analysis    
---------------------------------
 Idx  Atom   Population   Charge 
---------------------------------
  1    Ca    20.000      -0.000

---------------------------------
   M Diagnostic: 0.03
---------------------------------

