Computing Integrals
Basis Set                                            = def2-qzvp
Auxiliary Basis Set                                  = def2-universal-jkfit
Gaussian Type                                        = Spherical
Elapsed time:    1.77 Seconds

Number of basis functions                   (NBF)    = 144
Number of auxiliary basis functions         (NBFAUX) = 170
Inactive Doubly occupied orbitals up to     (NO1)    = 0
No. considered Strongly Doubly occupied MOs (NDOC)   = 7
No. considered Strongly Singly occupied MOs (NSOC)   = 0
NO. of Weakly occ. per St. Doubly occ.  MOs (NCWO)   = 19
Dimension of the Nat. Orb. subspace         (NBF5)   = 140
No. of electrons                                     = 14
    No. of alpha electrons                           = 7
    No. of beta electrons                            = 7
Multiplicity                                         = 1

Geometry
========
 C       0.0000000       0.0000000      -0.0290264
 N       0.0000000       0.0000000       1.1239783
 H       0.0000000       0.0000000      -1.0949519

No violations of the orthonormality
No violations of the orthonormality
 
PNOF8/ADAM Calculation
==================
 
  Nitext  Nit_orb  Time   Nit_occ  Time         Eelec          Etot           Ediff      maxdiff    MaxGrad_orb  Grad_occ
     1      10    1.0e+01   19    1.2e+01  -108.78156330   -84.85743211 -10107.78156330   0.653819   2.6e+00   2.4e-04 0.01
     2      10    1.3e+00   83    1.1e+00  -113.11853646   -89.19440527    -4.33697316   0.329656   1.3e+00   2.2e-04 0.03
     3      10    1.3e+00   50    5.4e-01  -115.07074344   -91.14661225    -1.95220698   0.434677   1.7e+00   1.8e-04 0.04
     4      10    1.2e+00   28    4.5e-01  -115.81071240   -91.88658122    -0.73996897   0.165407   6.6e-01   2.0e-04 0.05
     5      10    1.1e+00   17    3.0e-01  -116.11108509   -92.18695391    -0.30037269   0.144523   5.8e-01   1.7e-04 0.05
     6      10    1.3e+00   15    2.6e-01  -116.24614418   -92.32201300    -0.13505909   0.119201   4.8e-01   2.2e-04 0.05
     7      10    1.2e+00   18    2.4e-01  -116.42354650   -92.49941531    -0.17740232   0.140445   5.6e-01   1.9e-04 0.05
     8      10    1.1e+00   16    2.8e-01  -116.57951857   -92.65538738    -0.15597207   0.166623   6.7e-01   2.0e-04 0.05
     9      10    1.2e+00   16    2.6e-01  -116.76767307   -92.84354188    -0.18815450   0.166257   6.7e-01   2.2e-04 0.04
    10      10    1.4e+00    7    1.2e-01  -116.90440272   -92.98027154    -0.13672966   0.149889   6.0e-01   2.4e-04 0.04
    11      10    1.2e+00   15    2.7e-01  -117.03664052   -93.11250933    -0.13223780   0.128356   5.1e-01   2.0e-04 0.04
    12      10    1.3e+00    6    8.9e-02  -117.08751312   -93.16338193    -0.05087260   0.145720   5.8e-01   1.8e-04 0.04
    13      10    1.1e+00    6    1.6e-01  -117.11625470   -93.19212351    -0.02874158   0.079204   3.2e-01   2.1e-04 0.04
    14      10    1.2e+00   12    2.5e-01  -117.14911458   -93.22498339    -0.03285988   0.083571   3.3e-01   2.0e-04 0.04
    15      10    1.3e+00    6    1.3e-01  -117.16355608   -93.23942489    -0.01444150   0.088779   3.6e-01   2.1e-04 0.04
    16      10    1.2e+00   10    1.7e-01  -117.19045590   -93.26632471    -0.02689981   0.098831   4.0e-01   1.8e-04 0.04
    17      10    1.2e+00    0    6.1e-02  -117.19057626   -93.26644507    -0.00012036   0.098831   4.0e-01   1.8e-04 0.04
    18      30    3.6e+00    4    1.6e-01  -117.26938757   -93.34525638    -0.07881131   0.030363   1.2e-01   2.5e-04 0.04
    19      30    3.5e+00    9    1.9e-01  -117.27855025   -93.35441906    -0.00916268   0.011520   4.6e-02   2.1e-04 0.04
    20      30    3.6e+00    4    9.3e-02  -117.27996808   -93.35583690    -0.00141783   0.004887   2.0e-02   1.9e-04 0.04
    21      30    4.0e+00    4    1.3e-01  -117.28041372   -93.35628253    -0.00044564   0.004585   1.8e-02   2.0e-04 0.04
    22      30    4.2e+00    6    1.5e-01  -117.28064622   -93.35651503    -0.00023250   0.004860   1.9e-02   1.7e-04 0.04
    23      30    3.6e+00    3    1.0e-01  -117.28084735   -93.35671617    -0.00020113   0.004408   1.8e-02   2.2e-04 0.04
    24      30    3.7e+00    6    1.4e-01  -117.28101038   -93.35687919    -0.00016303   0.004841   1.9e-02   2.0e-04 0.04
    25      30    3.7e+00    3    7.8e-02  -117.28109845   -93.35696726    -0.00008807   0.004427   1.8e-02   2.1e-04 0.04
    26      30    3.5e+00    8    1.8e-01  -117.28122680   -93.35709562    -0.00012836   0.004854   1.9e-02   1.5e-04 0.04
    27      30    3.6e+00    3    1.0e-01  -117.28131675   -93.35718557    -0.00008995   0.004875   1.9e-02   1.6e-04 0.04
    28      30    3.7e+00    3    1.1e-01  -117.28140537   -93.35727418    -0.00008861   0.005213   2.1e-02   2.4e-04 0.04
    29      30    3.5e+00    6    1.2e-01  -117.28147154   -93.35734036    -0.00006618   0.005433   2.2e-02   1.3e-04 0.04
    30      30    4.0e+00    3    1.0e-01  -117.28157054   -93.35743935    -0.00009899   0.004662   1.9e-02   1.9e-04 0.04
    31      30    3.6e+00    0    3.1e-02  -117.28160981   -93.35747862    -0.00003927   0.005067   2.0e-02   2.2e-04 0.04
    32      40    5.0e+00    5    1.3e-01  -117.28181256   -93.35768137    -0.00020275   0.003245   1.3e-02   1.7e-04 0.04
    33      40    4.8e+00    0    4.6e-02  -117.28187389   -93.35774270    -0.00006133   0.003987   1.6e-02   2.3e-04 0.04
    34      50    6.5e+00    5    1.3e-01  -117.28197074   -93.35783955    -0.00009685   0.002182   8.7e-03   1.9e-04 0.04
    35      50    6.3e+00    5    1.3e-01  -117.28203538   -93.35790420    -0.00006465   0.003205   1.3e-02   1.5e-04 0.04
    36      50    6.2e+00    6    1.8e-01  -117.28210404   -93.35797286    -0.00006866   0.002898   1.2e-02   1.3e-04 0.04
    37      50    6.3e+00    0    1.0e-01  -117.28217402   -93.35804283    -0.00006997   0.003507   1.4e-02   2.2e-04 0.04
    38      60    8.0e+00    6    1.4e-01  -117.28220518   -93.35807400    -0.00003117   0.003377   1.4e-02   1.4e-04 0.04
    39      60    7.4e+00    0    5.1e-02  -117.28223057   -93.35809939    -0.00002539   0.003600   1.4e-02   1.8e-04 0.04
    40      70    8.9e+00    1    4.6e-02  -117.28228554   -93.35815435    -0.00005497   0.002582   1.0e-02   2.0e-04 0.04
 
RESULTS OF THE OCCUPATION OPTIMIZATION
========================================
   1    1.9999656  -13.59521997
   2    1.9999616  -13.30118592
   3    1.9792847  -1.16959671
   4    1.9742674  -0.76884823
   5    1.9719271  -0.76510806
   6    1.9554212  -0.52994512
   7    1.9540152  -0.52903269
   8    0.0378220  -0.04281440
   9    0.0424955  -0.04576680
  10    0.0221400  -0.03396318
  11    0.0090178  -0.01492347
  12    0.0070271  -0.01695331
  13    0.0000159  -0.00043816
  14    0.0000210  -0.00057294
  15    0.0035255  -0.00567543
  16    0.0005917  -0.00143865
  17    0.0019203  -0.00413221
  18    0.0055480  -0.01162647
  19    0.0041035  -0.00812151
  20    0.0000047  -0.00004792
  21    0.0000052  -0.00005078
  22    0.0034537  -0.00551961
  23    0.0002829  -0.00065436
  24    0.0009765  -0.00220427
  25    0.0034062  -0.00646540
  26    0.0040321  -0.00803975
  27    0.0000031  -0.00005512
  28    0.0000020  -0.00002215
  29    0.0003250  -0.00070739
  30    0.0002781  -0.00062125
  31    0.0009023  -0.00349516
  32    0.0033037  -0.00633301
  33    0.0020300  -0.00570364
  34    0.0000026  -0.00002786
  35    0.0000012  -0.00004038
  36    0.0002519  -0.00062096
  37    0.0002733  -0.00061885
  38    0.0007921  -0.00209461
  39    0.0019577  -0.00413742
  40    0.0013169  -0.00574486
  41    0.0000022  -0.00002320
  42    0.0000006  -0.00001647
  43    0.0001465  -0.00038305
  44    0.0001874  -0.00048997
  45    0.0005012  -0.00136776
  46    0.0010245  -0.00212026
  47    0.0007033  -0.00210071
  48    0.0000013  -0.00001455
  49    0.0000005  -0.00000766
  50    0.0001179  -0.00030290
  51    0.0001141  -0.00030816
  52    0.0003051  -0.00079110
  53    0.0004613  -0.00125047
  54    0.0006289  -0.00356006
  55    0.0000012  -0.00001191
  56    0.0000005  -0.00000375
  57    0.0000804  -0.00027218
  58    0.0001064  -0.00030904
  59    0.0001922  -0.00053448
  60    0.0003555  -0.00159385
  61    0.0002569  -0.00098057
  62    0.0000011  -0.00002776
  63    0.0000005  -0.00001009
  64    0.0000720  -0.00021221
  65    0.0000888  -0.00029334
  66    0.0001196  -0.00047155
  67    0.0001964  -0.00090649
  68    0.0001921  -0.00063465
  69    0.0000010  -0.00000896
  70    0.0000004  -0.00000327
  71    0.0000462  -0.00014833
  72    0.0000541  -0.00018522
  73    0.0000685  -0.00035642
  74    0.0001588  -0.00094211
  75    0.0001301  -0.00071408
  76    0.0000009  -0.00001436
  77    0.0000003  -0.00000198
  78    0.0000407  -0.00012845
  79    0.0000242  -0.00008969
  80    0.0000529  -0.00021789
  81    0.0000929  -0.00037515
  82    0.0001105  -0.00034201
  83    0.0000007  -0.00001605
  84    0.0000003  -0.00000067
  85    0.0000273  -0.00010189
  86    0.0000176  -0.00007523
  87    0.0000217  -0.00009946
  88    0.0000582  -0.00022906
  89    0.0000384  -0.00014930
  90    0.0000006  -0.00001556
  91    0.0000003  -0.00000055
  92    0.0000229  -0.00009110
  93    0.0000154  -0.00006754
  94    0.0000186  -0.00008901
  95    0.0000417  -0.00014248
  96    0.0000346  -0.00014271
  97    0.0000006  -0.00000476
  98    0.0000003  -0.00000045
  99    0.0000182  -0.00006560
 100    0.0000148  -0.00006354
 101    0.0000182  -0.00008913
 102    0.0000268  -0.00010946
 103    0.0000261  -0.00011279
 104    0.0000005  -0.00000415
 105    0.0000003  -0.00000122
 106    0.0000126  -0.00004179
 107    0.0000103  -0.00003646
 108    0.0000129  -0.00006490
 109    0.0000245  -0.00009739
 110    0.0000247  -0.00011319
 111    0.0000005  -0.00000636
 112    0.0000002  -0.00000029
 113    0.0000098  -0.00003622
 114    0.0000089  -0.00003297
 115    0.0000117  -0.00005534
 116    0.0000192  -0.00008955
 117    0.0000192  -0.00007209
 118    0.0000004  -0.00000456
 119    0.0000002  -0.00000041
 120    0.0000064  -0.00002031
 121    0.0000083  -0.00003529
 122    0.0000100  -0.00004977
 123    0.0000186  -0.00008316
 124    0.0000186  -0.00007309
 125    0.0000004  -0.00000402
 126    0.0000002  -0.00000055
 127    0.0000035  -0.00001344
 128    0.0000042  -0.00002038
 129    0.0000053  -0.00002850
 130    0.0000120  -0.00004476
 131    0.0000143  -0.00007206
 132    0.0000003  -0.00000126
 133    0.0000002  -0.00000018
 134    0.0000024  -0.00000834
 135    0.0000029  -0.00001709
 136    0.0000037  -0.00002148
 137    0.0000089  -0.00004151
 138    0.0000081  -0.00004379
 139    0.0000002  -0.00000032
 140    0.0000001  -0.00000027
 
----------------
 Final Energies 
----------------
Final NOF Total Energy =     -93.3581544
 
Total Orbital Internal Iterations = 1060
Total Occupation Internal Iterations = 414
 
Elapsed time:  172.52 Seconds

---------------------------------
   Lowdin Population Analysis    
---------------------------------
 Idx  Atom   Population   Charge 
---------------------------------
  1     C     5.962       0.038
  2     N     6.894       0.106
  3     H     1.144      -0.144

---------------------------------
   M Diagnostic: 0.04
---------------------------------

