Computing Integrals
Basis Set                                            = def2-qzvp
Auxiliary Basis Set                                  = def2-universal-jkfit
Gaussian Type                                        = Spherical
Elapsed time:    1.80 Seconds

Number of basis functions                   (NBF)    = 117
Number of auxiliary basis functions         (NBFAUX) = 113
Inactive Doubly occupied orbitals up to     (NO1)    = 0
No. considered Strongly Doubly occupied MOs (NDOC)   = 5
No. considered Strongly Singly occupied MOs (NSOC)   = 0
NO. of Weakly occ. per St. Doubly occ.  MOs (NCWO)   = 22
Dimension of the Nat. Orb. subspace         (NBF5)   = 115
No. of electrons                                     = 10
    No. of alpha electrons                           = 5
    No. of beta electrons                            = 5
Multiplicity                                         = 1

Geometry
========
 N       0.0000000       0.0000000       0.4420686
 H       0.7939534       0.0000000      -0.2210343
 H      -0.7939534       0.0000000      -0.2210343

No violations of the orthonormality
No violations of the orthonormality
 
PNOF8/ADAM Calculation
==================
 
  Nitext  Nit_orb  Time   Nit_occ  Time         Eelec          Etot           Ediff      maxdiff    MaxGrad_orb  Grad_occ
     1      10    9.8e+00   39    1.2e+01   -56.98405082   -49.48898848 -10055.98405082   0.827028   3.3e+00   1.5e-04 0.01
     2      10    8.0e-01   69    6.4e-01   -59.90253296   -52.40747063    -2.91848214   2.399613   9.6e+00   1.5e-04 0.02
     3      10    8.6e-01   26    2.7e-01   -61.59039193   -54.09532960    -1.68785897   0.412785   1.7e+00   2.0e-04 0.03
     4      10    7.9e-01   21    2.5e-01   -62.24092867   -54.74586634    -0.65053674   0.276599   1.1e+00   1.5e-04 0.03
     5      10    9.0e-01   23    2.6e-01   -62.66961367   -55.17455134    -0.42868500   0.184899   7.4e-01   1.6e-04 0.03
     6      10    8.5e-01   12    1.2e-01   -62.92576259   -55.43070026    -0.25614892   0.116213   4.6e-01   1.9e-04 0.03
     7      10    1.0e+00   23    2.3e-01   -63.08586829   -55.59080595    -0.16010569   0.113186   4.5e-01   1.5e-04 0.03
     8      10    1.1e+00   13    1.3e-01   -63.19146037   -55.69639804    -0.10559209   0.080631   3.2e-01   1.8e-04 0.03
     9      10    9.4e-01   12    1.7e-01   -63.24066411   -55.74560178    -0.04920374   0.110725   4.4e-01   2.2e-04 0.03
    10      10    1.0e+00   11    1.6e-01   -63.25934858   -55.76428624    -0.01868447   0.093289   3.7e-01   1.6e-04 0.03
    11      10    7.7e-01    7    1.5e-01   -63.28392311   -55.78886077    -0.02457453   0.091354   3.7e-01   1.9e-04 0.03
    12      10    9.3e-01    5    6.8e-02   -63.30594060   -55.81087827    -0.02201749   0.097214   3.9e-01   2.5e-04 0.03
    13      10    1.1e+00    0    2.4e-02   -63.30601552   -55.81095319    -0.00007492   0.097214   3.9e-01   2.5e-04 0.03
    14      30    2.9e+00   11    1.9e-01   -63.33268020   -55.83761787    -0.02666468   0.016218   6.5e-02   1.8e-04 0.03
    15      30    2.8e+00    3    1.3e-01   -63.33718766   -55.84212532    -0.00450745   0.004613   1.8e-02   2.1e-04 0.03
    16      30    3.1e+00    7    1.2e-01   -63.33810073   -55.84303840    -0.00091308   0.006669   2.7e-02   2.0e-04 0.03
    17      30    3.0e+00    3    4.4e-02   -63.33856405   -55.84350172    -0.00046332   0.004940   2.0e-02   1.8e-04 0.03
    18      30    3.1e+00    3    8.8e-02   -63.33893297   -55.84387063    -0.00036892   0.006386   2.6e-02   2.3e-04 0.03
    19      30    3.1e+00    3    1.1e-01   -63.33924869   -55.84418636    -0.00031572   0.006757   2.7e-02   2.6e-04 0.03
    20      30    2.9e+00   14    1.9e-01   -63.33957057   -55.84450824    -0.00032188   0.005549   2.2e-02   1.7e-04 0.03
    21      30    3.1e+00    3    6.5e-02   -63.33983943   -55.84477709    -0.00026886   0.006255   2.5e-02   1.6e-04 0.03
    22      30    2.9e+00    3    9.5e-02   -63.34001686   -55.84495453    -0.00017743   0.006392   2.6e-02   1.9e-04 0.03
    23      30    3.1e+00    3    9.4e-02   -63.34013944   -55.84507711    -0.00012258   0.005830   2.3e-02   2.2e-04 0.03
    24      30    2.8e+00    3    1.3e-01   -63.34020357   -55.84514124    -0.00006413   0.006154   2.5e-02   2.2e-04 0.03
    25      30    2.9e+00    5    1.0e-01   -63.34030276   -55.84524043    -0.00009919   0.004448   1.8e-02   1.4e-04 0.03
    26      30    2.8e+00    3    1.2e-01   -63.34035556   -55.84529323    -0.00005280   0.005820   2.3e-02   1.8e-04 0.03
    27      30    2.9e+00    5    1.5e-01   -63.34042053   -55.84535819    -0.00006497   0.003347   1.3e-02   1.5e-04 0.03
    28      30    2.9e+00    3    1.0e-01   -63.34045434   -55.84539201    -0.00003381   0.005280   2.1e-02   1.7e-04 0.03
    29      30    3.0e+00    5    8.6e-02   -63.34049344   -55.84543111    -0.00003910   0.005368   2.1e-02   1.3e-04 0.03
    30      30    2.8e+00    1    6.5e-02   -63.34055196   -55.84548963    -0.00005852   0.003221   1.3e-02   2.1e-04 0.03
    31      30    2.9e+00    5    1.8e-01   -63.34056643   -55.84550409    -0.00001446   0.003325   1.3e-02   1.4e-04 0.03
    32      30    2.8e+00    3    9.8e-02   -63.34063567   -55.84557334    -0.00006924   0.002680   1.1e-02   1.8e-04 0.03
    33      30    2.3e+00    4    1.1e-01   -63.34069557   -55.84563324    -0.00005990   0.003369   1.3e-02   1.8e-04 0.03
    34      30    3.0e+00    1    5.5e-02   -63.34076913   -55.84570680    -0.00007356   0.003565   1.4e-02   2.0e-04 0.03
    35      30    2.9e+00    5    1.5e-01   -63.34078685   -55.84572452    -0.00001772   0.004358   1.7e-02   1.5e-04 0.03
    36      30    2.6e+00    1    6.5e-02   -63.34082061   -55.84575828    -0.00003376   0.003775   1.5e-02   2.0e-04 0.03
    37      30    2.7e+00    5    1.5e-01   -63.34085099   -55.84578866    -0.00003038   0.003510   1.4e-02   1.5e-04 0.03
    38      30    3.1e+00    1    1.5e-02   -63.34087241   -55.84581008    -0.00002142   0.003758   1.5e-02   1.9e-04 0.03
    39      30    2.9e+00    3    7.0e-02   -63.34090769   -55.84584535    -0.00003528   0.004497   1.8e-02   2.2e-04 0.03
    40      30    2.5e+00    0    7.5e-02   -63.34091468   -55.84585234    -0.00000699   0.004497   1.8e-02   2.2e-04 0.03
 
RESULTS OF THE OCCUPATION OPTIMIZATION
========================================
   1    1.9999693  -15.21668823
   2    1.9818598  -0.72998334
   3    1.9651989  -0.26205580
   4    1.9648963  -0.25977175
   5    1.9619458  -0.07810323
   6    0.0182057  -0.01667636
   7    0.0266203  -0.02515235
   8    0.0261399  -0.02509308
   9    0.0107449  -0.01708082
  10    0.0000202  -0.00065057
  11    0.0069433  -0.00790520
  12    0.0057298  -0.00720539
  13    0.0056273  -0.00720048
  14    0.0016266  -0.00493520
  15    0.0000022  -0.00003672
  16    0.0058415  -0.00676097
  17    0.0008853  -0.00201968
  18    0.0011394  -0.00256965
  19    0.0015627  -0.00370305
  20    0.0000016  -0.00001758
  21    0.0053818  -0.00643008
  22    0.0005932  -0.00114471
  23    0.0005896  -0.00113557
  24    0.0013411  -0.00321167
  25    0.0000011  -0.00001072
  26    0.0009228  -0.00172021
  27    0.0004776  -0.00097119
  28    0.0004088  -0.00083095
  29    0.0007273  -0.00190219
  30    0.0000010  -0.00000783
  31    0.0002916  -0.00060831
  32    0.0003981  -0.00084475
  33    0.0003051  -0.00068417
  34    0.0005920  -0.00164981
  35    0.0000009  -0.00001588
  36    0.0001302  -0.00032106
  37    0.0001225  -0.00030530
  38    0.0001469  -0.00036954
  39    0.0003677  -0.00084698
  40    0.0000007  -0.00000987
  41    0.0001146  -0.00029682
  42    0.0000771  -0.00020902
  43    0.0001004  -0.00026514
  44    0.0003582  -0.00085823
  45    0.0000006  -0.00003310
  46    0.0000839  -0.00022930
  47    0.0000501  -0.00015981
  48    0.0000695  -0.00019927
  49    0.0002291  -0.00153982
  50    0.0000004  -0.00000235
  51    0.0000350  -0.00010286
  52    0.0000333  -0.00011654
  53    0.0000616  -0.00016494
  54    0.0002141  -0.00078956
  55    0.0000004  -0.00000188
  56    0.0000199  -0.00007614
  57    0.0000207  -0.00008390
  58    0.0000575  -0.00015975
  59    0.0001136  -0.00031678
  60    0.0000003  -0.00000145
  61    0.0000187  -0.00006991
  62    0.0000198  -0.00008932
  63    0.0000514  -0.00014912
  64    0.0000942  -0.00027418
  65    0.0000003  -0.00000147
  66    0.0000161  -0.00006531
  67    0.0000186  -0.00007431
  68    0.0000433  -0.00013606
  69    0.0000684  -0.00023998
  70    0.0000002  -0.00000155
  71    0.0000137  -0.00005257
  72    0.0000166  -0.00007015
  73    0.0000206  -0.00009234
  74    0.0000313  -0.00010653
  75    0.0000002  -0.00000129
  76    0.0000111  -0.00004405
  77    0.0000138  -0.00005740
  78    0.0000175  -0.00006762
  79    0.0000187  -0.00008502
  80    0.0000001  -0.00000103
  81    0.0000097  -0.00004240
  82    0.0000121  -0.00005352
  83    0.0000123  -0.00005711
  84    0.0000138  -0.00006800
  85    0.0000001  -0.00000099
  86    0.0000070  -0.00003415
  87    0.0000046  -0.00002556
  88    0.0000040  -0.00002121
  89    0.0000100  -0.00005425
  90    0.0000001  -0.00000092
  91    0.0000020  -0.00000903
  92    0.0000040  -0.00002134
  93    0.0000019  -0.00001031
  94    0.0000070  -0.00004901
  95    0.0000001  -0.00000089
  96    0.0000017  -0.00000794
  97    0.0000030  -0.00001405
  98    0.0000014  -0.00000658
  99    0.0000057  -0.00004005
 100    0.0000001  -0.00000077
 101    0.0000014  -0.00000595
 102    0.0000012  -0.00000421
 103    0.0000009  -0.00000189
 104    0.0000051  -0.00003237
 105    0.0000001  -0.00000064
 106    0.0000013  -0.00000421
 107    0.0000010  -0.00000317
 108    0.0000009  -0.00000162
 109    0.0000048  -0.00003090
 110    0.0000001  -0.00000047
 111    0.0000012  -0.00000171
 112    0.0000009  -0.00000163
 113    0.0000009  -0.00000159
 114    0.0000038  -0.00002554
 115    0.0000000  -0.00000046
 
----------------
 Final Energies 
----------------
Final NOF Total Energy =     -55.8458523
 
Total Orbital Internal Iterations = 940
Total Occupation Internal Iterations = 367
 
Elapsed time:  125.82 Seconds

---------------------------------
   Lowdin Population Analysis    
---------------------------------
 Idx  Atom   Population   Charge 
---------------------------------
  1     N     7.247      -0.247
  2     H     1.377      -0.377
  3     H     1.376      -0.376

---------------------------------
   M Diagnostic: 0.03
---------------------------------

