Job runing on na19
Choosing scratch ...
Automatic scratch folder selection
/scratch/pobleyef/350877
/scratch/pobleyef/350877 directory
cp HEAVY28-hi.gcf HEAVY28-hi.inp to  /scratch/pobleyef/350877/.
HEAVY28-hi
 This is the OpenMP version of the code
 This is the OpenMP version of the code
 This is the OpenMP version of the code
 This is the OpenMP version of the code
 This is the OpenMP version of the code
 This is the OpenMP version of the code
 This is the OpenMP version of the code
 This is the OpenMP version of the code
 This is the OpenMP version of the code
 This is the OpenMP version of the code
 This is the OpenMP version of the code
 This is the OpenMP version of the code
 This is the OpenMP version of the code
 This is the OpenMP version of the code
 This is the OpenMP version of the code
 This is the OpenMP version of the code
 This is the OpenMP version of the code
 This is the OpenMP version of the code
 This is the OpenMP version of the code
 This is the OpenMP version of the code
 This is the OpenMP version of the code
 This is the OpenMP version of the code
 This is the OpenMP version of the code
 This is the OpenMP version of the code
 This is the OpenMP version of the code
 This is the OpenMP version of the code
 This is the OpenMP version of the code
 This is the OpenMP version of the code
 This is the OpenMP version of the code
 This is the OpenMP version of the code
 This is the OpenMP version of the code
 This is the OpenMP version of the code
 This is the OpenMP version of the code
 This is the OpenMP version of the code
 This is the OpenMP version of the code
 This is the OpenMP version of the code
 This is the OpenMP version of the code
 This is the OpenMP version of the code
 This is the OpenMP version of the code
 This is the OpenMP version of the code
 This is the OpenMP version of the code
 This is the OpenMP version of the code
 This is the OpenMP version of the code
 This is the OpenMP version of the code
 This is the OpenMP version of the code
 This is the OpenMP version of the code
 This is the OpenMP version of the code
 This is the OpenMP version of the code
 This is the OpenMP version of the code
 This is the OpenMP version of the code
 This is the OpenMP version of the code
 This is the OpenMP version of the code
 This is the OpenMP version of the code
 This is the OpenMP version of the code
 This is the OpenMP version of the code
 This is the OpenMP version of the code
 This is the OpenMP version of the code
 This is the OpenMP version of the code
 This is the OpenMP version of the code
 This is the OpenMP version of the code
 This is the OpenMP version of the code
 This is the OpenMP version of the code
 This is the OpenMP version of the code
 This is the OpenMP version of the code
 This is the OpenMP version of the code
 This is the OpenMP version of the code
 This is the OpenMP version of the code
 This is the OpenMP version of the code
 This is the OpenMP version of the code
 This is the OpenMP version of the code
 This is the OpenMP version of the code
 This is the OpenMP version of the code
 This is the OpenMP version of the code
 This is the OpenMP version of the code
 This is the OpenMP version of the code
 This is the OpenMP version of the code
 This is the OpenMP version of the code
 This is the OpenMP version of the code
 This is the OpenMP version of the code
 This is the OpenMP version of the code
 This is the OpenMP version of the code
 This is the OpenMP version of the code
 This is the OpenMP version of the code
 This is the OpenMP version of the code
 This is the OpenMP version of the code
 This is the OpenMP version of the code
 This is the OpenMP version of the code
 This is the OpenMP version of the code
 This is the OpenMP version of the code
 This is the OpenMP version of the code
 This is the OpenMP version of the code
 This is the OpenMP version of the code
 This is the OpenMP version of the code
 This is the OpenMP version of the code
 This is the OpenMP version of the code
 This is the OpenMP version of the code
 This is the OpenMP version of the code
 This is the OpenMP version of the code
 This is the OpenMP version of the code
 This is the OpenMP version of the code
 This is the OpenMP version of the code
 This is the OpenMP version of the code
 This is the OpenMP version of the code
 This is the OpenMP version of the code
 This is the OpenMP version of the code
 This is the OpenMP version of the code
 This is the OpenMP version of the code
 This is the OpenMP version of the code
 This is the OpenMP version of the code
 This is the OpenMP version of the code
 This is the OpenMP version of the code
 This is the OpenMP version of the code
 This is the OpenMP version of the code
 This is the OpenMP version of the code
 This is the OpenMP version of the code
 This is the OpenMP version of the code
 This is the OpenMP version of the code
 This is the OpenMP version of the code
 This is the OpenMP version of the code
 This is the OpenMP version of the code

 The execution started at 11h  6min on the 11/11/2025

    ===========================================================
    !                                                         !
    !                        Do N O F                         !
    !                                                         !
    !  (Donostia Natural Orbital Functional Software Program) !
    !                                                         !
    !               COPYRIGHT by Mario Piris                  !
    !                                                         !
    !      Donostia International Physics Center (DIPC)       !
    !       University of the Basque Country (UPV/EHU)        !
    !       Basque Foundation for Science (IKERBASQUE)        !
    !                                                         !
    !          GNU General Public License version 3           !
    !                                                         !
    !                  VERSION: October 2025                  !
    !                                                         !
    ===========================================================

 Run Title
 ---------
  Molname                                                                        

 Basis Set
 ---------
 /home/pobleyef/DoNOFsw/basis/def2-QZVP.bas                                      

 Atom      Charge                Coordinates (Bohr)
                           x             y             z
 I          53.0        0.0000        0.0000        1.5022
 H           1.0        0.0000        0.0000       -1.5022

 Atomic Basis Set
 ----------------
 The contracted primitive functions were unnormalized
 The contracted basis functions are now normalized to unity

  Shell Type  Primitive         Exponent  Contraction Coefficient

 I         

      1   S       1         16788.4000000    0.000103586804
      1   S       2          2526.6400000    0.000765531745
      1   S       3           571.9840000    0.003150554741
      1   S       4           150.4340000    0.006717983204
      1   S       5            29.5405000   -0.134384929151
      1   S       6            18.4571000    0.859255064197
      1   S       7            11.5286000   -0.890227518539
      1   S       8             7.0828900   -1.367813214298
      1   S       9             2.5040500    1.808345152379

      2   S      10            25.0586179    0.088686579218
      2   S      11            15.6219794   -0.309437052616
      2   S      12             3.3536325    1.147487780264

      3   S      13             1.3540145    1.000000000000

      4   S      14             0.6743047    1.000000000000

      5   S      15             0.3272714    1.000000000000

      6   S      16             0.1574936    1.000000000000

      7   S      17             0.0743777    1.000000000000

      8   P      18           656.2740000    0.000102263116
      8   P      19           149.2320000    0.000688871318
      8   P      20            19.0153000    0.067339699796
      8   P      21            10.7378000   -0.280108787807
      8   P      22             6.4420800   -0.004916495947
      8   P      23             3.0920300    0.577616914298
      8   P      24             1.5787400    0.569991007671

      9   P      25            15.6605119   -0.024484627992
      9   P      26             4.9250670    0.260041620414
      9   P      27             1.6692320    0.808870366710

     10   P      28             0.7781790    1.000000000000

     11   P      29             0.3560884    1.000000000000

     12   P      30             0.1549324    1.000000000000

     13   P      31             0.0646662    1.000000000000

     14   D      32           318.2240778    0.000120648927
     14   D      33            95.8102274    0.001012623893
     14   D      34            35.3222953    0.005278751941
     14   D      35            13.1074478   -0.017935310228
     14   D      36             6.2949153    0.100128211172
     14   D      37             3.6826101    0.302771472093
     14   D      38             2.0858951    0.397340741727
     14   D      39             1.1644342    0.312691340071

     15   D      40             0.6318061    1.000000000000

     16   D      41             0.3221508    1.000000000000

     17   D      42             0.1349000    1.000000000000

     18   F      43             6.4253614    1.000000000000

     19   F      44             2.1780000    1.000000000000

     20   F      45             0.5878000    1.000000000000

     21   F      46             0.2500000    1.000000000000

     22   G      47             0.4739000    1.000000000000

 H         

     23   S      48           190.6916900    0.005342636962
     23   S      49            28.6055320    0.041252338243
     23   S      50             6.5095943    0.210993525698
     23   S      51             1.8412455    0.812128545862

     24   S      52             0.5985373    1.000000000000

     25   S      53             0.2139762    1.000000000000

     26   S      54             0.0803163    1.000000000000

     27   P      55             2.2920000    1.000000000000

     28   P      56             0.8380000    1.000000000000

     29   P      57             0.2920000    1.000000000000

     30   D      58             2.0620000    1.000000000000

     31   D      59             0.6620000    1.000000000000

     32   F      60             1.3970000    1.000000000000

 Total Number of Basis Set Shells             =   32
 Total Number of Primitives                   =   60
 Number of Spherical Gaussian Basis Functions =  112
 Total Number of Auxiliary Basis Set Shells   =   52
 Number of Sph. Gaussian Auxiliary Set Func.  =  236
 Number of Electrons                          =   54
 Charge of Molecule                           =    0
 Spin Multiplicity                            =    1
 Number of Occupied Orbitals (Alpha)          =   27
 Number of Occupied Orbitals (Beta )          =   27
 Total Number of Atoms                        =    2

 Nuclear Energy =       17.6408393023

 Note: This calculation is using an effective core potential
 so NE and ENUC will be adjusted later after removal of the Core

 Input Run Options
 -----------------
 IRUNTYP = 1  MULT = 1  ICHARG =  0 IECP = 1  IEMOM = 1  UNITS = ANGS    

 ECP Potentials
 --------------
 Parameters for "I-ECP   " on Atom  1 with ZCORE 28 and LMAX 3 are

 for L= 3      COEFF    N           ZETA
    1      -21.84204    2       19.45861
    1      -28.46819    2       19.34926
    1       -0.24371    2        4.82377
    1       -0.32080    2        4.88431
 for L= 0      COEFF    N           ZETA
    1       49.99429    2       40.01584
    1      281.02532    2       17.42975
    1       61.57333    2        9.00548
    1       21.84204    2       19.45861
    1       28.46819    2       19.34926
    1        0.24371    2        4.82377
    1        0.32080    2        4.88431
 for L= 1      COEFF    N           ZETA
    1       67.44284    2       15.35547
    1      134.88114    2       14.97183
    1       14.67505    2        8.96016
    1       29.37567    2        8.25910
    1       21.84204    2       19.45861
    1       28.46819    2       19.34926
    1        0.24371    2        4.82377
    1        0.32080    2        4.88431
 for L= 2      COEFF    N           ZETA
    1       35.43953    2       15.06891
    1       53.17606    2       14.55532
    1        9.06719    2        6.71865
    1       13.20694    2        6.45639
    1        0.08933    2        1.19178
    1        0.05238    2        1.29116
    1       21.84204    2       19.45861
    1       28.46819    2       19.34926
    1        0.24371    2        4.82377
    1        0.32080    2        4.88431

 The ECP removes  28 core electrons and  28 protons

 Number of electrons kept in the run =   26
 Number of occupied orbitals (Alpha) =   13
 Number of occupied orbitals (Beta)  =   13

 Adjusted Nuclear Energy =        8.3211506143


 Integral Options
 ----------------
 ERITYP = RI     AUX = JKFIT

 Input NOF Options
 -----------------

 Natural Orbital Functional Selected:    (IPNOF)         8
 Modified version of GNOF (GNOFm):       (Imod)          1

 Type of calculation = ICOEF2 + ICOEF1:  (ICOEF)        21
 Use Softmax function for Occ. Opt.:     (ISOFTMAX)      1
 Type of Orb. Opt. = Orbital Rotations:  (IORBOPT)       2
 Maximum Number of Coef Outer Iter.:     (MAXIT21)       3
 Maximum Number of Occ-Coef Outer Iter.: (MAXIT)      1000

 Restart calculation Option:             (RESTART)       F
 Restart Gamma Matrix from GCF file:     (INPUTGAMMA)    0
 Coefficient Matrix from GCF file:       (INPUTC)        0
 Diagonal Elements FMIUG from GCF file:  (INPUTFMIUG)    0
 Cartesian Coordinates from GCF file:    (INPUTCXYZ)     0

 Threshold Lambda Convergence=10**(-N):  (NTHRESHL)      3
 Threshold Energy Convergence=10**(-N):  (NTHRESHE)      8
 Max. Number of Inner Coef. Iterations:  (MAXLOOP)      10
 Orthogonalize the initial Orbitals:     (ORTHO)         T

 Output Option:                          (NPRINT)        0
 Output the Coefficient Matrix:          (IWRITEC)       0
 Do a Mulliken Population Analysis:      (IMULPOP)       0
 Write Information into a WFN file:      (IAIMPAC)       1
 Write Information into a FCHK file:     (IFCHK)         1
 Write Information into a MLP file:      (MOLDEN)        1
 Create Ini. Cond. (ini.xyz) file:       (INICOND)       1
 Calculate IPs using Ext. Koopmans Theo: (IEKT)          0
 Write APSG expansion coefficient file:  (APSG)          F
 Output option for Lagrange Multipliers: (PRINTLAG)      F
 Diagonalize matrix of Lag. Multipliers: (DIAGLAG)       F

------------------------------------------------------------------------

 Orbital Space
 -------------

 Inactive Doubly occupied orbitals up to NO1  =    0
 No. considered Strongly Doubly occupied MOs  =   13
 No. considered Strongly Singly occupied MOs  =    0
 NO. of Weakly occ. per St. Doubly occ.  MOs (NCWO)   =    7
 Dimension of the Active Nat. Orb. subspace   =  104
 Secondary Empty orbitals                     =    8

 1e- integrals
 -------------
 Time to do integrals =      0.12
 Guess for MOs = HCORE
         0 MOs were matched and         0 equalized to zero

 No violations of the orthonormality

 2e- integrals
 -------------
 DONTW option skips storage 2e- integrals on Unit 1
 Time to do integrals =      0.12

 Input for Coefficients is HCORE

   INITIAL VALUES
  =================

   OM     Occupation      Elag Diag

    1      1.9980000      0.4454035
    2      1.9980000      2.3998568
    3      1.9980000      2.0226647
    4      1.9980000      2.0226694
    5      1.9980000      5.0292644
    6      1.9980000      4.9319757
    7      1.9980000      4.9318541
    8      1.9980000      4.8263750
    9      1.9980000      4.8563493
   10      1.9980000     10.2132900
   11      1.9980000     10.1324555
   12      1.9980000     10.1324435
   13      1.9980000      9.9688079
   14      0.0002857     -0.0118076
   15      0.0002857     -0.0118227
   16      0.0002857     -0.0118220
   17      0.0002857     -0.0038390
   18      0.0002857     -0.0024504
   19      0.0002857     -0.0020289
   20      0.0002857     -0.0020329
   21      0.0002857     -0.0009891
   22      0.0002857     -0.0008256
   23      0.0002857     -0.0008199
   24      0.0002857     -0.0006197
   25      0.0002857     -0.0006558
   26      0.0002857     -0.0018224
   27      0.0002857     -0.0018922
   28      0.0002857     -0.0018859
   29      0.0002857     -0.0009039
   30      0.0002857     -0.0019107
   31      0.0002857     -0.0009115
   32      0.0002857     -0.0009100
   33      0.0002857     -0.0008535
   34      0.0002857     -0.0003074
   35      0.0002857     -0.0001949
   36      0.0002857     -0.0001994
   37      0.0002857     -0.0000133
   38      0.0002857     -0.0000045
   39      0.0002857     -0.0000018
   40      0.0002857      0.0001473
   41      0.0002857     -0.0000252
   42      0.0002857     -0.0000801
   43      0.0002857      0.0001614
   44      0.0002857      0.0001621
   45      0.0002857     -0.0003066
   46      0.0002857     -0.0003061
   47      0.0002857      0.0002987
   48      0.0002857      0.0003024
   49      0.0002857     -0.0000616
   50      0.0002857     -0.0003035
   51      0.0002857     -0.0000299
   52      0.0002857     -0.0000388
   53      0.0002857     -0.0001344
   54      0.0002857     -0.0000102
   55      0.0002857     -0.0000125
   56      0.0002857      0.0000502
   57      0.0002857      0.0000282
   58      0.0002857     -0.0001693
   59      0.0002857     -0.0001314
   60      0.0002857      0.0002280
   61      0.0002857      0.0002256
   62      0.0002857      0.0000991
   63      0.0002857      0.0000492
   64      0.0002857      0.0000528
   65      0.0002857      0.0001750
   66      0.0002857      0.0001465
   67      0.0002857      0.0000651
   68      0.0002857      0.0001513
   69      0.0002857      0.0001537
   70      0.0002857      0.0001485
   71      0.0002857      0.0001487
   72      0.0002857      0.0001217
   73      0.0002857      0.0003519
   74      0.0002857      0.0003502
   75      0.0002857      0.0000689
   76      0.0002857      0.0000671
   77      0.0002857      0.0000592
   78      0.0002857      0.0000516
   79      0.0002857      0.0000008
   80      0.0002857     -0.0000667
   81      0.0002857      0.0002002
   82      0.0002857      0.0002038
   83      0.0002857      0.0001534
   84      0.0002857      0.0001567
   85      0.0002857      0.0003868
   86      0.0002857      0.0003854
   87      0.0002857      0.0000137
   88      0.0002857      0.0000148
   89      0.0002857      0.0000581
   90      0.0002857     -0.0001060
   91      0.0002857      0.0001836
   92      0.0002857      0.0001089
   93      0.0002857      0.0008270
   94      0.0002857      0.0008266
   95      0.0002857      0.0008294
   96      0.0002857      0.0008283
   97      0.0002857      0.0008478
   98      0.0002857      0.0008477
   99      0.0002857      0.0007910
  100      0.0002857      0.0007365
  101      0.0002857      0.0011405
  102      0.0002857      0.0011433
  103      0.0002857      0.0012171
  104      0.0002857      0.0011729

   RO Sum (  26) =   26.00

  ---------------
   Dipole Moment
  ---------------

      7.5463 Debye [   2.9689  (   0.0000,   0.0000,  -2.9689) ]


  RESULTS OF OCCUPATION-COEFFICIENT OPTIMIZATION
 ================================================

  Ex It  Occ Time  Orb Time  Orb It   Electronic Energy     Total Energy   Energy Convergency    Max Mul-Lag Diff

    1    1.0E-01   5.7E+00      10    -276.8014725039     -268.4803218896   -38.9623285527           1.291434
    2    3.6E-02   3.3E+00      20    -300.6599217409     -292.3387711266   -23.8584492370           0.370103
    3    5.9E-02   6.8E+01      30    -305.5804393911     -297.2592887768    -4.9205176502           0.118949
    4    4.1E-02   3.8E+01      40    -305.7908427357     -297.4696921214    -0.2104033446           0.002257
    5    4.3E-01   1.3E+01      40    -306.0684884654     -297.7473378511    -0.2776457297           0.052788
    6    5.2E-01   2.8E+01      40    -306.4092996159     -298.0881490017    -0.3408111505           0.001685
    7    6.5E-01   4.3E+01      38    -306.4489476143     -298.1277970000    -0.0396479983           0.000975
    8    7.2E-01   5.6E+01      40    -306.4570155102     -298.1358648959    -0.0080678959           0.060826
    9    7.4E-01   4.8E+01      40    -306.4625327726     -298.1413821584    -0.0055172625           0.001531
   10    6.0E-01   1.9E+01      40    -306.4668740736     -298.1457234593    -0.0043413010           0.002567
   11    5.1E-01   2.8E+01      40    -306.4688208896     -298.1476702753    -0.0019468160           0.001969
   12    5.3E-01   3.5E+01      40    -306.4697841322     -298.1486335180    -0.0009632427           0.001506
   13    4.7E-01   1.6E+01      40    -306.4704590380     -298.1493084237    -0.0006749057           0.002591
   14    3.3E-01   1.1E+01      40    -306.4711034163     -298.1499528020    -0.0006443783           0.003025
   15    4.3E-01   1.7E+01      40    -306.4716819929     -298.1505313786    -0.0005785766           0.003067
   16    3.9E-01   4.2E+01      40    -306.4722083223     -298.1510577081    -0.0005263295           0.001939
   17    4.3E-01   2.3E+01      39    -306.4728124482     -298.1516618339    -0.0006041258           0.000985
   18    3.2E-01   2.1E-01       0    -306.4729217907     -298.1517711764    -0.0001093425           0.000997
   19    5.3E-02   7.5E-01       0    -306.4729218010     -298.1517711868    -0.0000000103           0.000997
   20    3.6E-02   2.1E-01       0    -306.4729218010     -298.1517711868     0.0000000000           0.000997


  RESULTS OF THE OCCUPATION OPTIMIZATION
 ========================================

   OM     Occupation      Elag Diag

    1      1.9997616     -7.7591795
    2      1.9995248     -5.6210944
    3      1.9994940     -5.6134758
    4      1.9994519     -5.6136804
    5      1.9949445     -2.3167894
    6      1.9949387     -2.3186108
    7      1.9930513     -2.3165514
    8      1.9815084     -1.9439807
    9      1.9737297     -1.5756113
   10      1.9735777     -1.1884404
   11      1.9710388     -1.3332729
   12      1.9622875     -0.4390968
   13      1.9614517     -0.4451720
   14      0.0091843     -0.0183542
   15      0.0008023     -0.0019471
   16      0.0124852     -0.0425602
   17      0.0062808     -0.0162762
   18      0.0128785     -0.0443614
   19      0.0009066     -0.0031368
   20      0.0002267     -0.0008880
   21      0.0002761     -0.0013335
   22      0.0005504     -0.0018989
   23      0.0001702     -0.0008026
   24      0.0000507     -0.0002064
   25      0.0000021     -0.0000106
   26      0.0000006     -0.0000026
   27      0.0002134     -0.0005268
   28      0.0098884     -0.0191442
   29      0.0125620     -0.0427444
   30      0.0001893     -0.0005421
   31      0.0001483     -0.0005155
   32      0.0006845     -0.0022295
   33      0.0024834     -0.0072070
   34      0.0015183     -0.0045320
   35      0.0015715     -0.0046709
   36      0.0000660     -0.0002939
   37      0.0000111     -0.0001097
   38      0.0000072     -0.0000519
   39      0.0000004     -0.0000183
   40      0.0001702     -0.0004294
   41      0.0002172     -0.0005177
   42      0.0000075     -0.0000274
   43      0.0150033     -0.0445430
   44      0.0002205     -0.0007682
   45      0.0163549     -0.0512647
   46      0.0013113     -0.0042282
   47      0.0000589     -0.0001887
   48      0.0018631     -0.0053166
   49      0.0000312     -0.0001089
   50      0.0000131     -0.0001737
   51      0.0000145     -0.0001481
   52      0.0000009     -0.0000051
   53      0.0090844     -0.0185324
   54      0.0002271     -0.0005394
   55      0.0000198     -0.0000627
   56      0.0000044     -0.0000146
   57      0.0000009     -0.0000036
   58      0.0000005     -0.0000020
   59      0.0003795     -0.0013043
   60      0.0012005     -0.0035863
   61      0.0004330     -0.0016578
   62      0.0001472     -0.0007648
   63      0.0002572     -0.0013832
   64      0.0000139     -0.0001638
   65      0.0000129     -0.0001759
   66      0.0000047     -0.0000111
   67      0.0163840     -0.0342475
   68      0.0000166     -0.0000516
   69      0.0048018     -0.0132520
   70      0.0000004     -0.0000022
   71      0.0000013     -0.0000092
   72      0.0009101     -0.0028635
   73      0.0000330     -0.0001090
   74      0.0000653     -0.0002576
   75      0.0000843     -0.0005419
   76      0.0000319     -0.0001070
   77      0.0004107     -0.0014800
   78      0.0000027     -0.0000135
   79      0.0053471     -0.0121918
   80      0.0099944     -0.0195404
   81      0.0000658     -0.0002489
   82      0.0001185     -0.0003697
   83      0.0130170     -0.0446702
   84      0.0000066     -0.0000259
   85      0.0013944     -0.0043814
   86      0.0019070     -0.0052920
   87      0.0002573     -0.0012502
   88      0.0000131     -0.0001407
   89      0.0000629     -0.0002587
   90      0.0000021     -0.0000107
   91      0.0002190     -0.0012571
   92      0.0145443     -0.0318483
   93      0.0001990     -0.0004819
   94      0.0038044     -0.0125462
   95      0.0000241     -0.0000805
   96      0.0000046     -0.0000151
   97      0.0005370     -0.0018472
   98      0.0002433     -0.0012825
   99      0.0000674     -0.0002747
  100      0.0003150     -0.0013474
  101      0.0000360     -0.0001246
  102      0.0000791     -0.0003528
  103      0.0000246     -0.0000806
  104      0.0000018     -0.0000104

   RO Sum (  26) =   26.00

  ---------------
   Dipole Moment
  ---------------

      0.5494 Debye [   0.2162  (  -0.0049,  -0.0032,  -0.2161) ]

 ----------------
  Final Energies  
 ----------------

  Final NOF Total Energy =     -298.1517711868 ( 1.E-03 , 0.E+00 )


  **************************************************
  *                                                *
  *       SINGLE-POINT DoNOF CALCULATION           *
  *                                                *
  *             FULL OPTIMIZATION                  *
  *                                                *
  *  FINAL RESULTS   FINAL RESULTS  FINAL RESULTS  *
  *                                                *
  **************************************************

  **************************************************
  *         No. EXTERNAL ITER =    20              *
  *         No. of TOTAL ITER =   617              *
  **************************************************

  Elapsed real time :    502.39  (Seconds)

 The execution finished at 11h 14min on the 11/11/2025
Recovering execution output...
Moving from /scratch/pobleyef/350877 to /home-nas/pobleyef/Slim-NOF/ncwomax/Slim05/GNOFm25/arina.350877
mkdir -p /home-nas/pobleyef/Slim-NOF/ncwomax/Slim05/GNOFm25/arina.350877
mv /scratch/pobleyef/350877/* /home-nas/pobleyef/Slim-NOF/ncwomax/Slim05/GNOFm25/arina.350877
