Computing Integrals
Basis Set                                            = def2-qzvp
Auxiliary Basis Set                                  = def2-universal-jkfit
Gaussian Type                                        = Spherical
Elapsed time:    1.65 Seconds

Number of basis functions                   (NBF)    = 70
Number of auxiliary basis functions         (NBFAUX) = 128
Inactive Doubly occupied orbitals up to     (NO1)    = 0
No. considered Strongly Doubly occupied MOs (NDOC)   = 6
No. considered Strongly Singly occupied MOs (NSOC)   = 1
NO. of Weakly occ. per St. Doubly occ.  MOs (NCWO)   = 10
Dimension of the Nat. Orb. subspace         (NBF5)   = 67
No. of electrons                                     = 13
    No. of alpha electrons                           = 7
    No. of beta electrons                            = 6
Multiplicity                                         = 2

Geometry
========
Al       0.0000000       0.0000000       0.0000000

No violations of the orthonormality
No violations of the orthonormality
 
PNOF8/ADAM Calculation
==================
 
  Nitext  Nit_orb  Time   Nit_occ  Time         Eelec          Etot           Ediff      maxdiff    MaxGrad_orb  Grad_occ
     1      10    9.0e+00   27    1.2e+01  -233.76484858  -233.76484858 -10232.76484858   1.650152   6.6e+00   2.1e-04 0.02
     2      10    4.8e-02   44    1.1e-01  -238.34063199  -238.34063199    -4.57578340   1.090339   4.4e+00   1.8e-04 0.02
     3      10    3.0e-02   38    8.6e-02  -240.11584109  -240.11584109    -1.77520910   0.763733   3.1e+00   1.6e-04 0.02
     4      10    3.6e-02   23    2.9e-02  -240.78976927  -240.78976927    -0.67392818   0.496625   2.0e+00   2.4e-04 0.02
     5      10    3.2e-02   34    8.1e-02  -241.09335039  -241.09335039    -0.30358112   0.244779   9.8e-01   2.0e-04 0.02
     6      10    2.5e-02   32    3.8e-02  -241.37411245  -241.37411245    -0.28076206   0.198120   7.9e-01   1.1e-04 0.02
     7      10    5.5e-02   12    3.3e-02  -241.58810977  -241.58810977    -0.21399733   0.147045   5.9e-01   2.1e-04 0.03
     8      10    2.5e-02   12    1.6e-02  -241.72268406  -241.72268406    -0.13457429   0.172634   6.9e-01   2.3e-04 0.03
     9      10    3.6e-02   26    3.3e-02  -241.85055713  -241.85055713    -0.12787307   0.205651   8.2e-01   1.5e-04 0.03
    10      10    2.6e-02    6    9.2e-03  -241.93115150  -241.93115150    -0.08059438   0.176187   7.0e-01   2.2e-04 0.03
    11      10    2.6e-02   12    1.7e-02  -241.95892069  -241.95892069    -0.02776919   0.153487   6.1e-01   1.7e-04 0.03
    12      10    5.3e-02    4    5.7e-03  -241.99336837  -241.99336837    -0.03444767   0.145163   5.8e-01   2.2e-04 0.03
    13      10    3.8e-02   12    2.3e-02  -242.01907986  -242.01907986    -0.02571149   0.146367   5.9e-01   1.8e-04 0.03
    14      10    3.2e-02   12    2.0e-02  -242.03578669  -242.03578669    -0.01670683   0.130005   5.2e-01   2.0e-04 0.03
    15      10    3.1e-02    7    1.1e-02  -242.05301354  -242.05301354    -0.01722685   0.143531   5.7e-01   1.8e-04 0.03
    16      10    2.3e-02   10    1.5e-02  -242.06174401  -242.06174401    -0.00873047   0.178526   7.1e-01   2.4e-04 0.03
    17      10    2.8e-02    8    1.6e-02  -242.07649444  -242.07649444    -0.01475043   0.146470   5.9e-01   2.0e-04 0.03
    18      10    2.8e-02   12    2.0e-02  -242.09331520  -242.09331520    -0.01682075   0.135827   5.4e-01   1.3e-04 0.03
    19      10    2.6e-02    6    1.5e-02  -242.10765535  -242.10765535    -0.01434015   0.129796   5.2e-01   1.7e-04 0.03
    20      10    4.5e-02    4    1.1e-02  -242.11486993  -242.11486993    -0.00721458   0.171712   6.9e-01   1.7e-04 0.03
    21      10    4.3e-02    4    1.0e-02  -242.11896869  -242.11896869    -0.00409876   0.170641   6.8e-01   1.7e-04 0.03
    22      10    4.5e-02    0    4.5e-03  -242.11899613  -242.11899613    -0.00002744   0.170641   6.8e-01   1.7e-04 0.03
    23      30    9.7e-02    3    8.7e-03  -242.15373330  -242.15373330    -0.03473718   0.011769   4.7e-02   1.7e-04 0.03
    24      30    9.4e-02    8    2.1e-02  -242.15543394  -242.15543394    -0.00170064   0.006626   2.7e-02   1.7e-04 0.03
    25      30    1.1e-01    2    3.9e-03  -242.15609496  -242.15609496    -0.00066102   0.005144   2.1e-02   1.2e-04 0.03
    26      30    9.8e-02    0    2.1e-03  -242.15624071  -242.15624071    -0.00014575   0.005145   2.1e-02   1.3e-04 0.03
    27      40    1.2e-01    0    2.0e-03  -242.15653185  -242.15653185    -0.00029114   0.003335   1.3e-02   1.5e-04 0.03
    28      50    1.3e-01    0    3.8e-03  -242.15660434  -242.15660434    -0.00007249   0.003025   1.2e-02   1.7e-04 0.03
    29      60    1.6e-01    0    1.8e-03  -242.15663690  -242.15663690    -0.00003256   0.003514   1.4e-02   1.8e-04 0.03
    30      70    1.7e-01    0    3.7e-03  -242.15665783  -242.15665783    -0.00002094   0.002096   8.4e-03   1.9e-04 0.03
    31      80    1.7e-01    0    1.8e-03  -242.15667558  -242.15667558    -0.00001775   0.002279   9.1e-03   1.9e-04 0.03
    32      90    2.2e-01    0    3.4e-03  -242.15669571  -242.15669571    -0.00002013   0.001556   6.2e-03   2.0e-04 0.03
    33     100    2.1e-01    0    3.3e-03  -242.15672660  -242.15672660    -0.00003089   0.001163   4.7e-03   2.4e-04 0.03
    34     110    2.4e-01    9    1.1e-02  -242.15673117  -242.15673117    -0.00000458   0.001852   7.4e-03   1.4e-04 0.03
    35     110    2.5e-01    0    2.0e-03  -242.15677475  -242.15677475    -0.00004357   0.001139   4.6e-03   1.7e-04 0.03
    36     120    2.6e-01    0    2.1e-03  -242.15676938  -242.15676938     0.00000537   0.001491   6.0e-03   1.9e-04 0.03
    37      91    2.1e-01    0    3.6e-03  -242.15679081  -242.15679081    -0.00002144   0.000498   2.0e-03   1.9e-04 0.03
 
RESULTS OF THE OCCUPATION OPTIMIZATION
========================================
   1    1.9999987  -58.56755072
   2    1.9978884  -4.93711113
   3    1.9953841  -3.24781995
   4    1.9921717  -3.24302168
   5    1.9935851  -3.24249394
   6    1.9596714  -0.41359029
   7    1.0000000  -0.11423599
   8    0.0146434  -0.01938376
   9    0.0020705  -0.01021128
  10    0.0050246  -0.03147929
  11    0.0021670  -0.00953171
  12    0.0016427  -0.00924826
  13    0.0000005  -0.00000468
  14    0.0142961  -0.01927285
  15    0.0020419  -0.00944158
  16    0.0018664  -0.00887684
  17    0.0021630  -0.01037366
  18    0.0003979  -0.00675621
  19    0.0000001  -0.00000219
  20    0.0078910  -0.01564243
  21    0.0020364  -0.01011747
  22    0.0008560  -0.00517014
  23    0.0001163  -0.00056923
  24    0.0000319  -0.00014383
  25    0.0000001  -0.00000190
  26    0.0009765  -0.00132182
  27    0.0000987  -0.00059468
  28    0.0000349  -0.00013598
  29    0.0000866  -0.00180554
  30    0.0000075  -0.00003417
  31    0.0000001  -0.00000141
  32    0.0008169  -0.00107937
  33    0.0000493  -0.00020160
  34    0.0000178  -0.00007856
  35    0.0000262  -0.00012402
  36    0.0000071  -0.00003119
  37    0.0000001  -0.00000136
  38    0.0008050  -0.00107312
  39    0.0000352  -0.00015105
  40    0.0000102  -0.00005867
  41    0.0000217  -0.00008587
  42    0.0000064  -0.00006479
  43    0.0000001  -0.00000119
  44    0.0003166  -0.00043140
  45    0.0000344  -0.00050354
  46    0.0000063  -0.00002620
  47    0.0000174  -0.00044409
  48    0.0000057  -0.00011904
  49    0.0000001  -0.00000107
  50    0.0002992  -0.00042966
  51    0.0000278  -0.00013918
  52    0.0000056  -0.00002374
  53    0.0000077  -0.00003191
  54    0.0000051  -0.00002264
  55    0.0000001  -0.00000105
  56    0.0001699  -0.00026252
  57    0.0000144  -0.00018449
  58    0.0000033  -0.00001237
  59    0.0000060  -0.00015031
  60    0.0000043  -0.00001770
  61    0.0000001  -0.00000078
  62    0.0001140  -0.00019139
  63    0.0000062  -0.00026002
  64    0.0000032  -0.00001084
  65    0.0000040  -0.00001780
  66    0.0000030  -0.00001280
  67    0.0000001  -0.00000048
 
----------------
 Final Energies 
----------------
Final NOF Total Energy =    -242.1567908
 
Total Orbital Internal Iterations = 1261
Total Occupation Internal Iterations = 367
 
Elapsed time:   31.58 Seconds

---------------------------------
   Lowdin Population Analysis    
---------------------------------
 Idx  Atom   Population   Charge 
---------------------------------
  1    Al    13.000      -0.000

---------------------------------
   M Diagnostic: 0.03
---------------------------------

