Computing Integrals
Basis Set                                            = def2-qzvp
Auxiliary Basis Set                                  = def2-universal-jkfit
Gaussian Type                                        = Spherical
Elapsed time:    2.19 Seconds

Number of basis functions                   (NBF)    = 140
Number of auxiliary basis functions         (NBFAUX) = 256
Inactive Doubly occupied orbitals up to     (NO1)    = 0
No. considered Strongly Doubly occupied MOs (NDOC)   = 17
No. considered Strongly Singly occupied MOs (NSOC)   = 0
NO. of Weakly occ. per St. Doubly occ.  MOs (NCWO)   = 7
Dimension of the Nat. Orb. subspace         (NBF5)   = 136
No. of electrons                                     = 34
    No. of alpha electrons                           = 17
    No. of beta electrons                            = 17
Multiplicity                                         = 1

Geometry
========
Cl       0.0000000       0.0000000       0.9982880
Cl       0.0000000       0.0000000      -0.9982880

No violations of the orthonormality
No violations of the orthonormality
 
PNOF8/ADAM Calculation
==================
 
  Nitext  Nit_orb  Time   Nit_occ  Time         Eelec          Etot           Ediff      maxdiff    MaxGrad_orb  Grad_occ
     1      10    1.0e+01   22    1.2e+01  -962.62556508  -886.02848071 -10961.62556508   2.522549   1.0e+01   1.7e-04 0.01
     2      10    1.4e+00   60    8.2e-01  -982.83065418  -906.23356981   -20.20508910   1.899253   7.6e+00   2.3e-04 0.02
     3      10    1.3e+00   48    5.0e-01  -988.71897844  -912.12189407    -5.88832426   4.310281   1.7e+01   2.0e-04 0.02
     4      10    1.3e+00   37    3.9e-01  -991.15016374  -914.55307936    -2.43118530   1.341269   5.4e+00   2.0e-04 0.03
     5      10    1.4e+00   30    3.9e-01  -992.22096934  -915.62388497    -1.07080561   0.331333   1.3e+00   2.8e-04 0.04
     6      10    1.3e+00   29    4.1e-01  -993.53187799  -916.93479362    -1.31090864   0.491128   2.0e+00   2.2e-04 0.04
     7      10    1.2e+00   20    2.7e-01  -994.43911429  -917.84202992    -0.90723631   0.427805   1.7e+00   2.2e-04 0.03
     8      10    1.3e+00   17    2.7e-01  -995.01178182  -918.41469745    -0.57266753   1.666181   6.7e+00   2.8e-04 0.03
     9      10    1.3e+00   17    2.7e-01  -995.41256891  -918.81548454    -0.40078709   0.371240   1.5e+00   2.8e-04 0.03
    10      10    1.3e+00   20    3.0e-01  -995.67521042  -919.07812605    -0.26264151   0.377567   1.5e+00   2.6e-04 0.03
    11      10    1.2e+00   20    3.4e-01  -995.76633617  -919.16925180    -0.09112575   0.379402   1.5e+00   2.4e-04 0.03
    12      10    1.4e+00   15    2.0e-01  -995.88191294  -919.28482857    -0.11557677   0.416365   1.7e+00   2.7e-04 0.03
    13      10    1.3e+00   12    2.1e-01  -995.99157204  -919.39448767    -0.10965910   0.374724   1.5e+00   2.8e-04 0.03
    14      10    1.3e+00   13    1.9e-01  -996.06048282  -919.46339845    -0.06891078   0.471654   1.9e+00   2.8e-04 0.03
    15      10    1.4e+00   17    2.9e-01  -996.11882393  -919.52173956    -0.05834111   0.356264   1.4e+00   2.2e-04 0.03
    16      10    1.5e+00   17    2.3e-01  -996.14649086  -919.54940649    -0.02766693   0.496621   2.0e+00   2.4e-04 0.03
    17      10    1.4e+00    0    3.3e-02  -996.14687230  -919.54978793    -0.00038144   0.496622   2.0e+00   2.4e-04 0.03
    18      30    4.0e+00   12    2.5e-01  -996.57930656  -919.98222219    -0.43243425   0.073995   3.0e-01   2.2e-04 0.03
    19      30    3.9e+00    9    1.9e-01  -996.63589584  -920.03881147    -0.05658928   0.073125   2.9e-01   3.0e-04 0.03
    20      30    4.0e+00   16    2.8e-01  -996.66840365  -920.07131928    -0.03250781   0.064103   2.6e-01   2.3e-04 0.03
    21      30    4.0e+00   12    2.1e-01  -996.69211068  -920.09502631    -0.02370703   0.053009   2.1e-01   1.9e-04 0.03
    22      30    4.0e+00   10    1.8e-01  -996.70673064  -920.10964627    -0.01461996   0.042513   1.7e-01   2.5e-04 0.03
    23      30    4.1e+00    5    1.5e-01  -996.71793198  -920.12084760    -0.01120133   0.031306   1.3e-01   2.5e-04 0.03
    24      30    4.2e+00   10    1.8e-01  -996.72432115  -920.12723678    -0.00638918   0.022649   9.1e-02   2.5e-04 0.03
    25      30    3.9e+00   10    1.9e-01  -996.72877239  -920.13168802    -0.00445124   0.019274   7.7e-02   2.2e-04 0.03
    26      30    4.0e+00    6    1.4e-01  -996.73155295  -920.13446858    -0.00278055   0.020514   8.2e-02   2.0e-04 0.03
    27      30    4.2e+00   10    1.9e-01  -996.73251560  -920.13543123    -0.00096265   0.021015   8.4e-02   2.0e-04 0.03
    28      30    4.1e+00   10    1.9e-01  -996.73352388  -920.13643951    -0.00100829   0.019437   7.8e-02   2.0e-04 0.03
    29      30    4.2e+00    8    1.7e-01  -996.73439226  -920.13730789    -0.00086837   0.019426   7.8e-02   2.3e-04 0.03
    30      30    4.1e+00    8    1.6e-01  -996.73553653  -920.13845216    -0.00114427   0.019831   7.9e-02   2.5e-04 0.03
    31      30    3.9e+00   10    1.8e-01  -996.73711767  -920.14003330    -0.00158114   0.018671   7.5e-02   2.5e-04 0.03
    32      30    4.0e+00   10    1.6e-01  -996.73863374  -920.14154937    -0.00151607   0.016968   6.8e-02   2.1e-04 0.03
    33      30    4.1e+00    8    1.7e-01  -996.74024737  -920.14316300    -0.00161363   0.019799   7.9e-02   2.4e-04 0.04
    34      30    4.0e+00   10    2.1e-01  -996.74166517  -920.14458080    -0.00141781   0.016726   6.7e-02   1.6e-04 0.04
    35      30    4.0e+00   10    1.5e-01  -996.74270097  -920.14561660    -0.00103579   0.016659   6.7e-02   1.6e-04 0.04
    36      30    4.0e+00    6    1.1e-01  -996.74361165  -920.14652727    -0.00091068   0.012515   5.0e-02   2.2e-04 0.04
    37      30    4.1e+00    8    2.2e-01  -996.74424179  -920.14715742    -0.00063015   0.011343   4.5e-02   2.1e-04 0.04
    38      30    3.9e+00    8    1.6e-01  -996.74469496  -920.14761059    -0.00045317   0.012791   5.1e-02   1.7e-04 0.04
    39      30    4.0e+00    5    1.0e-01  -996.74512729  -920.14804292    -0.00043232   0.012998   5.2e-02   2.4e-04 0.04
    40      30    3.9e+00    5    1.1e-01  -996.74544689  -920.14836251    -0.00031960   0.012489   5.0e-02   2.2e-04 0.04
 
RESULTS OF THE OCCUPATION OPTIMIZATION
========================================
   1    1.9999985  -104.95768317
   2    1.9999985  -104.95763412
   3    1.9998073  -10.64267175
   4    1.9997872  -10.64237351
   5    1.9993258  -8.11541890
   6    1.9993155  -8.11431756
   7    1.9993498  -8.11229721
   8    1.9993043  -8.11164422
   9    1.9990223  -8.11072536
  10    1.9991769  -8.10992531
  11    1.9804931  -1.22622475
  12    1.9782161  -1.04160771
  13    1.9577838  -0.63469450
  14    1.9743819  -0.59050892
  15    1.9626753  -0.53052559
  16    1.9622509  -0.52775074
  17    1.9671523  -0.47083433
  18    0.0154147  -0.02375641
  19    0.0104724  -0.01847499
  20    0.0116097  -0.01927735
  21    0.0072741  -0.01885461
  22    0.0387254  -0.06374609
  23    0.0061256  -0.02798099
  24    0.0073797  -0.03149852
  25    0.0004319  -0.00996274
  26    0.0005446  -0.01199330
  27    0.0005640  -0.01203630
  28    0.0004716  -0.01044629
  29    0.0004448  -0.01009359
  30    0.0004396  -0.00992614
  31    0.0000590  -0.00075272
  32    0.0000863  -0.00140987
  33    0.0000007  -0.00002200
  34    0.0000006  -0.00002015
  35    0.0128209  -0.02010874
  36    0.0103998  -0.01824574
  37    0.0113986  -0.01892171
  38    0.0067356  -0.01905258
  39    0.0011032  -0.00342274
  40    0.0050523  -0.01807357
  41    0.0055902  -0.01942737
  42    0.0003422  -0.00838462
  43    0.0003346  -0.00817157
  44    0.0000842  -0.00094112
  45    0.0000829  -0.00239107
  46    0.0000862  -0.00175314
  47    0.0000920  -0.00105475
  48    0.0000515  -0.00064623
  49    0.0000254  -0.00019407
  50    0.0000002  -0.00001162
  51    0.0000003  -0.00001269
  52    0.0024827  -0.00973230
  53    0.0091361  -0.01680485
  54    0.0111115  -0.01877832
  55    0.0054902  -0.01651059
  56    0.0006520  -0.00162807
  57    0.0041803  -0.01741029
  58    0.0022204  -0.01105686
  59    0.0000163  -0.00047413
  60    0.0000463  -0.00045529
  61    0.0000133  -0.00011467
  62    0.0000246  -0.00019182
  63    0.0000844  -0.00158511
  64    0.0000717  -0.00182234
  65    0.0000498  -0.00049580
  66    0.0000238  -0.00018697
  67    0.0000002  -0.00000904
  68    0.0000002  -0.00000970
  69    0.0008208  -0.00179762
  70    0.0064793  -0.01666529
  71    0.0013923  -0.00567391
  72    0.0023041  -0.01047074
  73    0.0005779  -0.00152504
  74    0.0021275  -0.01070166
  75    0.0020057  -0.01057014
  76    0.0000122  -0.00010353
  77    0.0000199  -0.00015826
  78    0.0000118  -0.00009996
  79    0.0000213  -0.00017746
  80    0.0000206  -0.00016877
  81    0.0000211  -0.00024345
  82    0.0000259  -0.00019705
  83    0.0000197  -0.00040509
  84    0.0000001  -0.00000610
  85    0.0000001  -0.00000752
  86    0.0007852  -0.00174677
  87    0.0006629  -0.00159270
  88    0.0006820  -0.00164682
  89    0.0021885  -0.01006254
  90    0.0005574  -0.00149401
  91    0.0020503  -0.01049514
  92    0.0017253  -0.00929870
  93    0.0000105  -0.00009594
  94    0.0000117  -0.00009933
  95    0.0000110  -0.00009575
  96    0.0000201  -0.00020255
  97    0.0000200  -0.00016768
  98    0.0000190  -0.00033839
  99    0.0000106  -0.00038874
 100    0.0000170  -0.00034132
 101    0.0000001  -0.00000382
 102    0.0000001  -0.00000531
 103    0.0002750  -0.00108307
 104    0.0003832  -0.00108523
 105    0.0006794  -0.00158718
 106    0.0011973  -0.00568155
 107    0.0004066  -0.00114398
 108    0.0019325  -0.01024202
 109    0.0003150  -0.00153174
 110    0.0000069  -0.00006669
 111    0.0000109  -0.00009883
 112    0.0000084  -0.00007689
 113    0.0000177  -0.00022739
 114    0.0000154  -0.00012161
 115    0.0000167  -0.00015718
 116    0.0000081  -0.00009880
 117    0.0000111  -0.00031957
 118    0.0000001  -0.00000199
 119    0.0000001  -0.00000385
 120    0.0002484  -0.00103425
 121    0.0002154  -0.00093057
 122    0.0004513  -0.00119573
 123    0.0004282  -0.00124744
 124    0.0001936  -0.00082681
 125    0.0003153  -0.00124347
 126    0.0002707  -0.00133602
 127    0.0000029  -0.00057790
 128    0.0000098  -0.00013704
 129    0.0000029  -0.00057591
 130    0.0000121  -0.00010080
 131    0.0000131  -0.00021973
 132    0.0000140  -0.00011437
 133    0.0000080  -0.00010232
 134    0.0000093  -0.00017359
 135    0.0000001  -0.00000156
 136    0.0000001  -0.00000191
 
----------------
 Final Energies 
----------------
Final NOF Total Energy =    -920.1483625
 
Total Orbital Internal Iterations = 860
Total Occupation Internal Iterations = 600
 
Elapsed time:  158.76 Seconds

---------------------------------
   Lowdin Population Analysis    
---------------------------------
 Idx  Atom   Population   Charge 
---------------------------------
  1    Cl    16.998       0.002
  2    Cl    17.002      -0.002

---------------------------------
   M Diagnostic: 0.04
---------------------------------

