Computing Integrals
Basis Set                                            = def2-qzvp
Auxiliary Basis Set                                  = def2-universal-jkfit
Gaussian Type                                        = Spherical
Elapsed time:    2.29 Seconds

Number of basis functions                   (NBF)    = 171
Number of auxiliary basis functions         (NBFAUX) = 229
Inactive Doubly occupied orbitals up to     (NO1)    = 0
No. considered Strongly Doubly occupied MOs (NDOC)   = 12
No. considered Strongly Singly occupied MOs (NSOC)   = 0
NO. of Weakly occ. per St. Doubly occ.  MOs (NCWO)   = 13
Dimension of the Nat. Orb. subspace         (NBF5)   = 168
No. of electrons                                     = 24
    No. of alpha electrons                           = 12
    No. of beta electrons                            = 12
Multiplicity                                         = 1

Geometry
========
 C       0.0000000       0.0000000       0.5932620
 F       0.0000000       1.0279900      -0.1977540
 F       0.0000000      -1.0279900      -0.1977540

No violations of the orthonormality
No violations of the orthonormality
 
PNOF8/ADAM Calculation
==================
 
  Nitext  Nit_orb  Time   Nit_occ  Time         Eelec          Etot           Ediff      maxdiff    MaxGrad_orb  Grad_occ
     1      10    1.1e+01   19    1.3e+01  -290.88492078  -225.97623010 -10289.88492078   1.312732   5.3e+00   1.6e-04 0.00
     2      10    1.6e+00   61    1.7e+00  -298.00255439  -233.09386370    -7.11763361   0.630856   2.5e+00   1.8e-04 0.02
     3      10    1.5e+00   39    1.2e+00  -300.43101814  -235.52232745    -2.42846375   0.588187   2.4e+00   2.4e-04 0.03
     4      10    1.6e+00   20    6.2e-01  -301.19150963  -236.28281894    -0.76049149   0.635468   2.5e+00   3.2e-04 0.03
     5      10    1.5e+00   23    7.3e-01  -301.48968422  -236.58099353    -0.29817459   0.212814   8.5e-01   2.7e-04 0.04
     6      10    1.6e+00   34    1.0e+00  -301.67575381  -236.76706312    -0.18606959   0.228026   9.1e-01   1.6e-04 0.04
     7      10    1.6e+00   17    5.5e-01  -301.88335755  -236.97466687    -0.20760375   0.180931   7.2e-01   1.9e-04 0.04
     8      10    1.5e+00   18    6.2e-01  -301.97839940  -237.06970871    -0.09504184   0.134203   5.4e-01   2.0e-04 0.04
     9      10    1.7e+00   15    5.0e-01  -302.09331382  -237.18462313    -0.11491442   0.227399   9.1e-01   2.6e-04 0.04
    10      10    1.5e+00   13    4.6e-01  -302.17932732  -237.27063663    -0.08601350   0.128875   5.2e-01   2.6e-04 0.04
    11      10    1.5e+00   18    6.0e-01  -302.22554096  -237.31685027    -0.04621364   0.331320   1.3e+00   2.0e-04 0.04
    12      10    1.6e+00   15    5.4e-01  -302.30998419  -237.40129350    -0.08444323   0.253309   1.0e+00   1.9e-04 0.04
    13      10    1.5e+00    8    3.5e-01  -302.33545004  -237.42675936    -0.02546586   0.304419   1.2e+00   2.6e-04 0.04
    14      10    1.6e+00   11    4.0e-01  -302.35910297  -237.45041228    -0.02365292   0.210615   8.4e-01   2.5e-04 0.04
    15      10    1.7e+00   10    3.8e-01  -302.37562621  -237.46693552    -0.01652324   0.227060   9.1e-01   2.5e-04 0.04
    16      10    1.5e+00   11    4.0e-01  -302.40771112  -237.49902044    -0.03208492   0.228807   9.2e-01   2.4e-04 0.04
    17      10    1.6e+00    0    8.1e-02  -302.40783905  -237.49914837    -0.00012793   0.228807   9.2e-01   2.4e-04 0.04
    18      30    4.6e+00   10    3.9e-01  -302.50101565  -237.59232497    -0.09317660   0.019467   7.8e-02   2.0e-04 0.04
    19      30    4.6e+00   10    3.4e-01  -302.50605353  -237.59736285    -0.00503788   0.009843   3.9e-02   1.7e-04 0.04
    20      30    4.7e+00    7    2.8e-01  -302.50671330  -237.59802262    -0.00065977   0.008289   3.3e-02   2.6e-04 0.04
    21      30    4.8e+00   10    3.9e-01  -302.50730089  -237.59861021    -0.00058759   0.010957   4.4e-02   1.9e-04 0.04
    22      30    4.9e+00    7    2.8e-01  -302.50801226  -237.59932157    -0.00071137   0.005859   2.3e-02   2.6e-04 0.04
    23      30    4.8e+00   10    3.8e-01  -302.50862605  -237.59993536    -0.00061379   0.012264   4.9e-02   1.8e-04 0.04
    24      30    4.6e+00    7    2.9e-01  -302.50937306  -237.60068238    -0.00074702   0.005816   2.3e-02   2.2e-04 0.04
    25      30    4.7e+00    7    2.8e-01  -302.50971402  -237.60102333    -0.00034096   0.006005   2.4e-02   2.2e-04 0.04
    26      30    4.6e+00    4    2.3e-01  -302.51000495  -237.60131426    -0.00029093   0.006150   2.5e-02   2.7e-04 0.04
    27      30    4.5e+00    4    2.0e-01  -302.51028596  -237.60159527    -0.00028101   0.005613   2.2e-02   3.1e-04 0.04
    28      30    4.8e+00    4    2.1e-01  -302.51040496  -237.60171428    -0.00011901   0.010400   4.2e-02   2.9e-04 0.04
    29      30    4.7e+00    7    2.7e-01  -302.51069114  -237.60200046    -0.00028618   0.006142   2.5e-02   2.8e-04 0.04
    30      30    4.5e+00    0    7.1e-02  -302.51071693  -237.60202625    -0.00002579   0.006142   2.5e-02   2.8e-04 0.04
    31      50    7.6e+00    4    2.2e-01  -302.51139217  -237.60270149    -0.00067524   0.000621   2.5e-03   2.0e-04 0.04
 
RESULTS OF THE OCCUPATION OPTIMIZATION
========================================
   1    1.9999863  -26.42569434
   2    1.9999854  -26.42555528
   3    1.9999239  -11.44190889
   4    1.9886121  -1.76615616
   5    1.9861693  -1.69707845
   6    1.9793793  -0.95221408
   7    1.9773817  -0.84560980
   8    1.9792451  -0.83327422
   9    1.9759853  -0.80493002
  10    1.9644370  -0.75266207
  11    1.9641197  -0.74917709
  12    1.9621092  -0.68497679
  13    0.0361028  -0.04929301
  14    0.0315954  -0.05104433
  15    0.0306189  -0.05027977
  16    0.0114438  -0.02166336
  17    0.0107962  -0.02350101
  18    0.0083609  -0.01694013
  19    0.0085035  -0.02162081
  20    0.0045341  -0.01238440
  21    0.0045916  -0.01159848
  22    0.0000155  -0.00041756
  23    0.0000044  -0.00007464
  24    0.0000040  -0.00006513
  25    0.0012848  -0.00327884
  26    0.0036504  -0.00865516
  27    0.0035177  -0.00864286
  28    0.0052077  -0.01104865
  29    0.0054268  -0.01114003
  30    0.0072306  -0.01552695
  31    0.0044401  -0.01054772
  32    0.0037850  -0.01026375
  33    0.0040482  -0.01053193
  34    0.0000117  -0.00042790
  35    0.0000019  -0.00003310
  36    0.0000022  -0.00004156
  37    0.0002409  -0.00085988
  38    0.0002500  -0.00092962
  39    0.0002793  -0.00101612
  40    0.0044035  -0.01019705
  41    0.0009958  -0.00332165
  42    0.0041868  -0.01039678
  43    0.0024537  -0.00748371
  44    0.0036720  -0.01020644
  45    0.0007594  -0.00625706
  46    0.0000091  -0.00030963
  47    0.0000017  -0.00002972
  48    0.0000021  -0.00003268
  49    0.0000730  -0.00024228
  50    0.0001042  -0.00027449
  51    0.0002520  -0.00098423
  52    0.0014697  -0.00384977
  53    0.0008898  -0.00279749
  54    0.0015325  -0.00374403
  55    0.0022354  -0.00733807
  56    0.0007622  -0.00572503
  57    0.0005636  -0.00335237
  58    0.0000065  -0.00009610
  59    0.0000013  -0.00002114
  60    0.0000011  -0.00002402
  61    0.0000526  -0.00024178
  62    0.0000785  -0.00028210
  63    0.0002396  -0.00092263
  64    0.0005179  -0.00188500
  65    0.0006922  -0.00238002
  66    0.0003636  -0.00132025
  67    0.0009640  -0.00325512
  68    0.0003796  -0.00174142
  69    0.0003711  -0.00151261
  70    0.0000062  -0.00009389
  71    0.0000010  -0.00003784
  72    0.0000007  -0.00002079
  73    0.0000302  -0.00008875
  74    0.0000708  -0.00026033
  75    0.0002271  -0.00091034
  76    0.0003373  -0.00119058
  77    0.0006309  -0.00212490
  78    0.0003079  -0.00113357
  79    0.0007635  -0.00257477
  80    0.0002166  -0.00113932
  81    0.0003245  -0.00141354
  82    0.0000047  -0.00006691
  83    0.0000008  -0.00002004
  84    0.0000006  -0.00000913
  85    0.0000204  -0.00011545
  86    0.0000343  -0.00011846
  87    0.0002009  -0.00078332
  88    0.0003040  -0.00111178
  89    0.0004925  -0.00176024
  90    0.0003023  -0.00112253
  91    0.0005626  -0.00191696
  92    0.0001843  -0.00094590
  93    0.0003213  -0.00124074
  94    0.0000039  -0.00005439
  95    0.0000008  -0.00001487
  96    0.0000006  -0.00000996
  97    0.0000175  -0.00011313
  98    0.0000283  -0.00013755
  99    0.0001280  -0.00040173
 100    0.0001609  -0.00063167
 101    0.0004096  -0.00135313
 102    0.0001372  -0.00061243
 103    0.0003353  -0.00118081
 104    0.0001072  -0.00106313
 105    0.0001244  -0.00155317
 106    0.0000038  -0.00005180
 107    0.0000007  -0.00001259
 108    0.0000005  -0.00000749
 109    0.0000157  -0.00010898
 110    0.0000168  -0.00011701
 111    0.0000324  -0.00012880
 112    0.0000613  -0.00032149
 113    0.0003172  -0.00116425
 114    0.0001168  -0.00044749
 115    0.0002760  -0.00108347
 116    0.0000986  -0.00108123
 117    0.0001109  -0.00072962
 118    0.0000036  -0.00004854
 119    0.0000005  -0.00000721
 120    0.0000005  -0.00000846
 121    0.0000146  -0.00011016
 122    0.0000140  -0.00011299
 123    0.0000223  -0.00011990
 124    0.0000494  -0.00027334
 125    0.0000364  -0.00018938
 126    0.0000217  -0.00014640
 127    0.0000284  -0.00017181
 128    0.0000276  -0.00019179
 129    0.0000780  -0.00064720
 130    0.0000034  -0.00004598
 131    0.0000004  -0.00004048
 132    0.0000005  -0.00003465
 133    0.0000137  -0.00010970
 134    0.0000133  -0.00011539
 135    0.0000171  -0.00012140
 136    0.0000225  -0.00015323
 137    0.0000244  -0.00014531
 138    0.0000207  -0.00013179
 139    0.0000221  -0.00014968
 140    0.0000224  -0.00018381
 141    0.0000412  -0.00029680
 142    0.0000033  -0.00004601
 143    0.0000004  -0.00001455
 144    0.0000004  -0.00000351
 145    0.0000132  -0.00010935
 146    0.0000129  -0.00010802
 147    0.0000144  -0.00010458
 148    0.0000194  -0.00013317
 149    0.0000230  -0.00015324
 150    0.0000190  -0.00013038
 151    0.0000186  -0.00013643
 152    0.0000214  -0.00018021
 153    0.0000303  -0.00023681
 154    0.0000026  -0.00003368
 155    0.0000004  -0.00000464
 156    0.0000003  -0.00000694
 157    0.0000113  -0.00009207
 158    0.0000113  -0.00010364
 159    0.0000134  -0.00010854
 160    0.0000173  -0.00012678
 161    0.0000201  -0.00013633
 162    0.0000184  -0.00012881
 163    0.0000173  -0.00013046
 164    0.0000197  -0.00016217
 165    0.0000233  -0.00019859
 166    0.0000019  -0.00004269
 167    0.0000003  -0.00000346
 168    0.0000003  -0.00000578
 
----------------
 Final Energies 
----------------
Final NOF Total Energy =    -237.6027015
 
Total Orbital Internal Iterations = 610
Total Occupation Internal Iterations = 423
 
Elapsed time:  145.59 Seconds

---------------------------------
   Lowdin Population Analysis    
---------------------------------
 Idx  Atom   Population   Charge 
---------------------------------
  1     C     6.755      -0.755
  2     F     8.624       0.376
  3     F     8.621       0.379

---------------------------------
   M Diagnostic: 0.04
---------------------------------

