Computing Integrals
Basis Set                                            = def2-qzvp
Auxiliary Basis Set                                  = def2-universal-jkfit
Gaussian Type                                        = Spherical
Elapsed time:    4.47 Seconds

Number of basis functions                   (NBF)    = 298
Number of auxiliary basis functions         (NBFAUX) = 436
Inactive Doubly occupied orbitals up to     (NO1)    = 0
No. considered Strongly Doubly occupied MOs (NDOC)   = 25
No. considered Strongly Singly occupied MOs (NSOC)   = 0
NO. of Weakly occ. per St. Doubly occ.  MOs (NCWO)   = 10
Dimension of the Nat. Orb. subspace         (NBF5)   = 275
No. of electrons                                     = 50
    No. of alpha electrons                           = 25
    No. of beta electrons                            = 25
Multiplicity                                         = 1

Geometry
========
 F       0.9009150       0.9009150       0.9009150
Si       0.0000000       0.0000000       0.0000000
 F      -0.9009150      -0.9009150       0.9009150
 F      -0.9009150       0.9009150      -0.9009150
 F       0.9009150      -0.9009150      -0.9009150

No violations of the orthonormality
No violations of the orthonormality
 
PNOF8/ADAM Calculation
==================
 
  Nitext  Nit_orb  Time   Nit_occ  Time         Eelec          Etot           Ediff      maxdiff    MaxGrad_orb  Grad_occ
     1      10    1.6e+01   17    1.4e+01  -912.39434195  -640.54984190 -10911.39434195   1.607340   6.4e+00   1.8e-04 0.00
     2      10    6.7e+00   65    8.8e+00  -941.51245246  -669.66795241   -29.11811052   4.490469   1.8e+01   3.2e-04 0.03
     3      10    6.7e+00   39    5.3e+00  -951.32697240  -679.48247234    -9.81451993   0.676109   2.7e+00   3.7e-04 0.04
     4      10    6.6e+00   58    7.4e+00  -953.08683715  -681.24233710    -1.75986476   0.336260   1.3e+00   2.6e-04 0.04
     5      10    6.7e+00   50    6.4e+00  -955.22024871  -683.37574866    -2.13341156   0.531647   2.1e+00   2.8e-04 0.05
     6      10    6.6e+00   57    7.2e+00  -956.32496645  -684.48046640    -1.10471773   0.268157   1.1e+00   3.1e-04 0.05
     7      10    7.8e+00   58    7.3e+00  -956.92800905  -685.08350899    -0.60304260   0.212577   8.5e-01   1.9e-04 0.05
     8      10    6.6e+00   32    4.4e+00  -957.71026892  -685.86576887    -0.78225988   0.301253   1.2e+00   2.0e-04 0.05
     9      10    6.7e+00   31    4.2e+00  -957.97612105  -686.13162100    -0.26585213   0.239440   9.6e-01   2.9e-04 0.05
    10      10    6.6e+00   31    4.2e+00  -958.05151352  -686.20701347    -0.07539247   0.487995   2.0e+00   2.8e-04 0.04
    11      10    6.7e+00   23    3.3e+00  -958.42713931  -686.58263926    -0.37562579   0.235965   9.4e-01   2.7e-04 0.04
    12      10    6.7e+00   32    4.4e+00  -958.55431261  -686.70981256    -0.12717330   0.235237   9.4e-01   2.2e-04 0.04
    13      10    6.7e+00   25    3.5e+00  -958.57740426  -686.73290421    -0.02309165   0.211513   8.5e-01   2.1e-04 0.04
    14      10    6.6e+00   24    3.5e+00  -958.60771149  -686.76321144    -0.03030723   0.287301   1.1e+00   2.5e-04 0.03
    15      10    7.2e+00   17    2.6e+00  -958.84959460  -687.00509455    -0.24188310   0.775276   3.1e+00   2.5e-04 0.03
    16      10    6.8e+00    0    5.3e-01  -958.85077317  -687.00627312    -0.00117857   0.775276   3.1e+00   2.5e-04 0.03
    17      30    1.9e+01   17    2.6e+00  -960.58283817  -688.73833812    -1.73206500   0.094382   3.8e-01   2.8e-04 0.03
    18      30    1.9e+01   16    2.6e+00  -960.67026326  -688.82576321    -0.08742510   0.042986   1.7e-01   2.9e-04 0.03
    19      30    1.9e+01   19    2.9e+00  -960.68313698  -688.83863693    -0.01287371   0.011377   4.6e-02   2.0e-04 0.03
    20      30    1.9e+01   12    2.1e+00  -960.68639534  -688.84189529    -0.00325837   0.012015   4.8e-02   2.9e-04 0.03
    21      30    1.9e+01   12    2.0e+00  -960.68814024  -688.84364019    -0.00174489   0.012092   4.8e-02   3.4e-04 0.03
    22      30    1.9e+01    9    1.7e+00  -960.68990426  -688.84540421    -0.00176403   0.012155   4.9e-02   3.5e-04 0.03
    23      30    1.9e+01   16    2.5e+00  -960.69052965  -688.84602960    -0.00062539   0.011285   4.5e-02   2.4e-04 0.03
    24      30    1.9e+01   11    1.9e+00  -960.69146745  -688.84696740    -0.00093780   0.010364   4.1e-02   2.5e-04 0.03
    25      30    2.0e+01   16    2.5e+00  -960.69259445  -688.84809440    -0.00112699   0.009414   3.8e-02   2.3e-04 0.03
    26      30    1.9e+01   14    2.3e+00  -960.69335848  -688.84885843    -0.00076403   0.058633   2.3e-01   2.1e-04 0.03
    27      30    1.9e+01   11    1.9e+00  -960.69406838  -688.84956833    -0.00070991   0.010070   4.0e-02   2.3e-04 0.03
    28      30    1.9e+01   10    1.8e+00  -960.69480429  -688.85030424    -0.00073590   0.011842   4.7e-02   2.5e-04 0.03
    29      30    1.9e+01   11    2.0e+00  -960.69553418  -688.85103413    -0.00072990   0.019315   7.7e-02   2.0e-04 0.03
    30      30    1.9e+01    4    1.1e+00  -960.69590789  -688.85140784    -0.00037371   0.010442   4.2e-02   2.9e-04 0.03
    31      30    1.9e+01   11    1.9e+00  -960.69652181  -688.85202176    -0.00061392   0.011316   4.5e-02   2.1e-04 0.03
    32      30    1.9e+01    4    1.1e+00  -960.69668072  -688.85218067    -0.00015891   0.014841   5.9e-02   2.5e-04 0.03
    33      30    1.9e+01    4    1.0e+00  -960.69672505  -688.85222500    -0.00004433   0.013819   5.5e-02   3.0e-04 0.03
    34      30    1.9e+01   14    2.3e+00  -960.69721614  -688.85271609    -0.00049109   0.009927   4.0e-02   2.6e-04 0.03
    35      30    1.9e+01    4    1.1e+00  -960.69744545  -688.85294540    -0.00022931   0.010268   4.1e-02   2.1e-04 0.03
    36      30    1.9e+01    0    5.4e-01  -960.69745587  -688.85295581    -0.00001041   0.010268   4.1e-02   2.1e-04 0.03
    37      50    3.1e+01    1    7.0e-01  -960.70001540  -688.85551535    -0.00255954   0.000764   3.1e-03   3.1e-04 0.03
 
RESULTS OF THE OCCUPATION OPTIMIZATION
========================================
   1    1.9999976  -68.96448448
   2    1.9999715  -26.38179832
   3    1.9999683  -26.38175905
   4    1.9999711  -26.38165413
   5    1.9999689  -26.38163828
   6    1.9992454  -6.26791533
   7    1.9973353  -4.37564525
   8    1.9961164  -4.37273510
   9    1.9963295  -4.37224104
  10    1.9853143  -1.67446029
  11    1.9856098  -1.66516829
  12    1.9856605  -1.66347156
  13    1.9835493  -1.65148635
  14    1.9783941  -0.85571646
  15    1.9688110  -0.82732364
  16    1.9695171  -0.82450682
  17    1.9773914  -0.81188968
  18    1.9686547  -0.79485115
  19    1.9758923  -0.78254941
  20    1.9765672  -0.78248529
  21    1.9754169  -0.78063216
  22    1.9702520  -0.77479018
  23    1.9762089  -0.77323822
  24    1.9735546  -0.75907008
  25    1.9756616  -0.75079780
  26    0.0093606  -0.02297466
  27    0.0116369  -0.02236173
  28    0.0074437  -0.01651835
  29    0.0245045  -0.04333942
  30    0.0107116  -0.02154689
  31    0.0133654  -0.02320022
  32    0.0165335  -0.02598401
  33    0.0303520  -0.05076216
  34    0.0142228  -0.02434990
  35    0.0292189  -0.04970997
  36    0.0309772  -0.05137237
  37    0.0095948  -0.02308453
  38    0.0076741  -0.02322143
  39    0.0043223  -0.01349688
  40    0.0038814  -0.01247314
  41    0.0083762  -0.02391684
  42    0.0017872  -0.01097711
  43    0.0018074  -0.01138346
  44    0.0017863  -0.01139332
  45    0.0004352  -0.00701489
  46    0.0000044  -0.00013526
  47    0.0000047  -0.00020010
  48    0.0000042  -0.00010829
  49    0.0000045  -0.00015891
  50    0.0000004  -0.00005348
  51    0.0048529  -0.01159269
  52    0.0046387  -0.01031203
  53    0.0048775  -0.01155318
  54    0.0034353  -0.00944791
  55    0.0075147  -0.01664609
  56    0.0077738  -0.01637162
  57    0.0060163  -0.01452938
  58    0.0002970  -0.00110655
  59    0.0051548  -0.01277819
  60    0.0009485  -0.00359165
  61    0.0000417  -0.00019111
  62    0.0048746  -0.01171530
  63    0.0036287  -0.01097802
  64    0.0038739  -0.01215577
  65    0.0038551  -0.01161362
  66    0.0038317  -0.01102879
  67    0.0016972  -0.01106123
  68    0.0016868  -0.01113751
  69    0.0004385  -0.00657406
  70    0.0001251  -0.00110822
  71    0.0000042  -0.00010277
  72    0.0000043  -0.00009914
  73    0.0000042  -0.00011158
  74    0.0000040  -0.00011685
  75    0.0000003  -0.00005024
  76    0.0043159  -0.01023608
  77    0.0043714  -0.00995577
  78    0.0042717  -0.01026774
  79    0.0008913  -0.00337791
  80    0.0043297  -0.01105581
  81    0.0006907  -0.00236806
  82    0.0004680  -0.00153917
  83    0.0002761  -0.00105144
  84    0.0013312  -0.00537460
  85    0.0001101  -0.00045335
  86    0.0000335  -0.00016862
  87    0.0043857  -0.01128778
  88    0.0035092  -0.01085880
  89    0.0036600  -0.01133016
  90    0.0036253  -0.01158662
  91    0.0007033  -0.00437107
  92    0.0000531  -0.00112409
  93    0.0001339  -0.00182417
  94    0.0001378  -0.00172345
  95    0.0000569  -0.00061743
  96    0.0000041  -0.00009662
  97    0.0000042  -0.00016965
  98    0.0000041  -0.00010408
  99    0.0000037  -0.00009939
 100    0.0000003  -0.00004725
 101    0.0041590  -0.01021687
 102    0.0043364  -0.00990738
 103    0.0042180  -0.01015077
 104    0.0002803  -0.00109004
 105    0.0005601  -0.00185745
 106    0.0004838  -0.00173040
 107    0.0003415  -0.00122958
 108    0.0002753  -0.00104587
 109    0.0006557  -0.00260583
 110    0.0000591  -0.00022085
 111    0.0000277  -0.00014506
 112    0.0012953  -0.00522906
 113    0.0006365  -0.00284449
 114    0.0007244  -0.00553018
 115    0.0012701  -0.00678414
 116    0.0006879  -0.00310488
 117    0.0000418  -0.00114159
 118    0.0001004  -0.00183925
 119    0.0001333  -0.00112396
 120    0.0000395  -0.00070968
 121    0.0000038  -0.00017870
 122    0.0000036  -0.00008221
 123    0.0000041  -0.00017750
 124    0.0000036  -0.00013079
 125    0.0000003  -0.00004595
 126    0.0005622  -0.00204047
 127    0.0006389  -0.00237945
 128    0.0013024  -0.00518967
 129    0.0002656  -0.00103542
 130    0.0005353  -0.00170240
 131    0.0004032  -0.00136462
 132    0.0003263  -0.00116689
 133    0.0000552  -0.00019907
 134    0.0004686  -0.00163579
 135    0.0000565  -0.00021948
 136    0.0000194  -0.00013421
 137    0.0006088  -0.00231003
 138    0.0003721  -0.00156260
 139    0.0006552  -0.00579342
 140    0.0007050  -0.00580524
 141    0.0004183  -0.00173276
 142    0.0000224  -0.00020785
 143    0.0000694  -0.00149515
 144    0.0000722  -0.00157787
 145    0.0000356  -0.00040420
 146    0.0000037  -0.00008372
 147    0.0000030  -0.00006647
 148    0.0000035  -0.00008278
 149    0.0000028  -0.00005430
 150    0.0000002  -0.00000630
 151    0.0003964  -0.00147202
 152    0.0004079  -0.00147267
 153    0.0006505  -0.00238134
 154    0.0002611  -0.00104485
 155    0.0003023  -0.00113170
 156    0.0003255  -0.00116322
 157    0.0003242  -0.00115822
 158    0.0000220  -0.00015823
 159    0.0003914  -0.00134712
 160    0.0000191  -0.00013653
 161    0.0000186  -0.00012939
 162    0.0003644  -0.00134042
 163    0.0002816  -0.00119717
 164    0.0003929  -0.00171980
 165    0.0003010  -0.00127582
 166    0.0003005  -0.00122310
 167    0.0000206  -0.00020083
 168    0.0000354  -0.00036618
 169    0.0000458  -0.00040516
 170    0.0000146  -0.00029279
 171    0.0000031  -0.00006385
 172    0.0000023  -0.00004100
 173    0.0000031  -0.00006918
 174    0.0000027  -0.00005174
 175    0.0000002  -0.00000595
 176    0.0002794  -0.00110779
 177    0.0002862  -0.00107113
 178    0.0004201  -0.00156295
 179    0.0000606  -0.00024780
 180    0.0002962  -0.00111316
 181    0.0003247  -0.00115780
 182    0.0000292  -0.00019170
 183    0.0000177  -0.00012996
 184    0.0003106  -0.00113346
 185    0.0000179  -0.00012764
 186    0.0000181  -0.00012686
 187    0.0003059  -0.00118427
 188    0.0002726  -0.00116394
 189    0.0002861  -0.00119555
 190    0.0002917  -0.00123057
 191    0.0003004  -0.00121971
 192    0.0000158  -0.00016314
 193    0.0000161  -0.00017315
 194    0.0000134  -0.00014670
 195    0.0000140  -0.00015656
 196    0.0000026  -0.00005270
 197    0.0000019  -0.00003065
 198    0.0000024  -0.00004313
 199    0.0000021  -0.00003615
 200    0.0000002  -0.00000580
 201    0.0002769  -0.00107776
 202    0.0000866  -0.00038860
 203    0.0002852  -0.00109766
 204    0.0000166  -0.00012608
 205    0.0002961  -0.00113134
 206    0.0000245  -0.00018109
 207    0.0000243  -0.00017798
 208    0.0000169  -0.00012636
 209    0.0000286  -0.00018736
 210    0.0000178  -0.00012826
 211    0.0000178  -0.00012575
 212    0.0001155  -0.00050021
 213    0.0000336  -0.00022326
 214    0.0002844  -0.00117937
 215    0.0002881  -0.00118380
 216    0.0000230  -0.00018754
 217    0.0000111  -0.00015013
 218    0.0000119  -0.00013762
 219    0.0000131  -0.00013997
 220    0.0000117  -0.00019638
 221    0.0000022  -0.00003920
 222    0.0000018  -0.00003025
 223    0.0000023  -0.00003871
 224    0.0000021  -0.00003556
 225    0.0000002  -0.00000558
 226    0.0000919  -0.00044871
 227    0.0000223  -0.00016608
 228    0.0002826  -0.00108125
 229    0.0000164  -0.00012252
 230    0.0000191  -0.00013225
 231    0.0000215  -0.00016283
 232    0.0000234  -0.00016978
 233    0.0000165  -0.00011997
 234    0.0000244  -0.00017524
 235    0.0000177  -0.00012858
 236    0.0000176  -0.00012451
 237    0.0000341  -0.00018475
 238    0.0000215  -0.00018296
 239    0.0001074  -0.00053549
 240    0.0001146  -0.00054654
 241    0.0000224  -0.00018365
 242    0.0000107  -0.00031047
 243    0.0000113  -0.00017006
 244    0.0000126  -0.00014671
 245    0.0000113  -0.00020958
 246    0.0000017  -0.00002376
 247    0.0000016  -0.00002304
 248    0.0000021  -0.00003643
 249    0.0000017  -0.00002384
 250    0.0000002  -0.00000542
 251    0.0000431  -0.00021745
 252    0.0000201  -0.00015940
 253    0.0000393  -0.00021172
 254    0.0000162  -0.00012066
 255    0.0000181  -0.00012649
 256    0.0000196  -0.00013214
 257    0.0000210  -0.00015465
 258    0.0000165  -0.00012133
 259    0.0000205  -0.00015134
 260    0.0000174  -0.00012635
 261    0.0000174  -0.00012499
 262    0.0000269  -0.00018491
 263    0.0000208  -0.00018003
 264    0.0000328  -0.00021575
 265    0.0000579  -0.00034018
 266    0.0000221  -0.00018433
 267    0.0000106  -0.00019423
 268    0.0000111  -0.00027290
 269    0.0000118  -0.00015034
 270    0.0000107  -0.00015124
 271    0.0000014  -0.00001803
 272    0.0000014  -0.00001650
 273    0.0000018  -0.00003177
 274    0.0000014  -0.00001994
 275    0.0000002  -0.00000487
 
----------------
 Final Energies 
----------------
Final NOF Total Energy =    -688.8555154
 
Total Orbital Internal Iterations = 810
Total Occupation Internal Iterations = 775
 
Elapsed time:  724.29 Seconds

---------------------------------
   Lowdin Population Analysis    
---------------------------------
 Idx  Atom   Population   Charge 
---------------------------------
  1     F     8.680       0.320
  2    Si    15.287      -1.287
  3     F     8.677       0.323
  4     F     8.678       0.322
  5     F     8.678       0.322

---------------------------------
   M Diagnostic: 0.03
---------------------------------

