Computing Integrals
Basis Set                                            = def2-qzvp
Auxiliary Basis Set                                  = def2-universal-jkfit
Gaussian Type                                        = Spherical
Elapsed time:    1.58 Seconds

Number of basis functions                   (NBF)    = 57
Number of auxiliary basis functions         (NBFAUX) = 77
Inactive Doubly occupied orbitals up to     (NO1)    = 0
No. considered Strongly Doubly occupied MOs (NDOC)   = 2
No. considered Strongly Singly occupied MOs (NSOC)   = 3
NO. of Weakly occ. per St. Doubly occ.  MOs (NCWO)   = 26
Dimension of the Nat. Orb. subspace         (NBF5)   = 57
No. of electrons                                     = 7
    No. of alpha electrons                           = 5
    No. of beta electrons                            = 2
Multiplicity                                         = 4

Geometry
========
 N       0.0000000       0.0000000       0.0000000

No violations of the orthonormality
No violations of the orthonormality
 
PNOF8/ADABelief Calculation
==================
 
  Nitext  Nit_orb  Time   Nit_occ  Time         Eelec          Etot           Ediff      maxdiff    MaxGrad_orb  Grad_occ
     1      10    9.1e+00    0    1.2e+01   -54.57195513   -54.57195513 -10053.57195513   0.000686   2.7e-03   1.8e-04 0.03
 
RESULTS OF THE OCCUPATION OPTIMIZATION
========================================
   1    1.9996624  -15.64393726
   2    1.9547134  -0.98662420
   3    1.0000000  -0.30939333
   4    1.0000000  -0.30937670
   5    1.0000000  -0.30930644
   6    0.0099745  -0.01541789
   7    0.0002661  -0.00636820
   8    0.0056425  -0.00705874
   9    0.0000157  -0.00025920
  10    0.0056389  -0.00703774
  11    0.0000110  -0.00037548
  12    0.0055962  -0.00702553
  13    0.0000078  -0.00010557
  14    0.0030612  -0.00430208
  15    0.0000058  -0.00009658
  16    0.0030363  -0.00429797
  17    0.0000025  -0.00004752
  18    0.0030350  -0.00429906
  19    0.0000023  -0.00004522
  20    0.0030331  -0.00429620
  21    0.0000021  -0.00004003
  22    0.0030095  -0.00430053
  23    0.0000020  -0.00003855
  24    0.0004989  -0.00108881
  25    0.0000018  -0.00003747
  26    0.0004858  -0.00108061
  27    0.0000017  -0.00003635
  28    0.0004782  -0.00107321
  29    0.0000017  -0.00003562
  30    0.0001804  -0.00042741
  31    0.0000016  -0.00003551
  32    0.0001801  -0.00042731
  33    0.0000016  -0.00003485
  34    0.0001792  -0.00042645
  35    0.0000016  -0.00003467
  36    0.0001788  -0.00042461
  37    0.0000015  -0.00003406
  38    0.0001786  -0.00042507
  39    0.0000015  -0.00003394
  40    0.0001781  -0.00042467
  41    0.0000015  -0.00003377
  42    0.0001777  -0.00042333
  43    0.0000015  -0.00003363
  44    0.0001393  -0.00033165
  45    0.0000013  -0.00003045
  46    0.0001370  -0.00033083
  47    0.0000012  -0.00003073
  48    0.0001340  -0.00033100
  49    0.0000011  -0.00002831
  50    0.0000949  -0.00026087
  51    0.0000010  -0.00000753
  52    0.0000131  -0.00004833
  53    0.0000007  -0.00000592
  54    0.0000129  -0.00004830
  55    0.0000006  -0.00001086
  56    0.0000122  -0.00004809
  57    0.0000004  -0.00002431
 
----------------
 Final Energies 
----------------
Final NOF Total Energy =     -54.5719551
 
Total Orbital Internal Iterations = 10
Total Occupation Internal Iterations = 0
 
Elapsed time:   26.87 Seconds

---------------------------------
   Lowdin Population Analysis    
---------------------------------
 Idx  Atom   Population   Charge 
---------------------------------
  1     N     7.000      -0.000

---------------------------------
   M Diagnostic: 0.03
---------------------------------

