Computing Integrals
Basis Set                                            = def2-qzvp
Auxiliary Basis Set                                  = def2-universal-jkfit
Gaussian Type                                        = Spherical
Elapsed time:    1.68 Seconds

Number of basis functions                   (NBF)    = 70
Number of auxiliary basis functions         (NBFAUX) = 128
Inactive Doubly occupied orbitals up to     (NO1)    = 0
No. considered Strongly Doubly occupied MOs (NDOC)   = 8
No. considered Strongly Singly occupied MOs (NSOC)   = 1
NO. of Weakly occ. per St. Doubly occ.  MOs (NCWO)   = 7
Dimension of the Nat. Orb. subspace         (NBF5)   = 65
No. of electrons                                     = 17
    No. of alpha electrons                           = 9
    No. of beta electrons                            = 8
Multiplicity                                         = 2

Geometry
========
Cl       0.0000000       0.0000000       0.0000000

No violations of the orthonormality
No violations of the orthonormality
 
PNOF8/ADAM Calculation
==================
 
  Nitext  Nit_orb  Time   Nit_occ  Time         Eelec          Etot           Ediff      maxdiff    MaxGrad_orb  Grad_occ
     1      10    9.0e+00   29    1.2e+01  -437.60327353  -437.60327353 -10436.60327353   2.148910   8.6e+00   2.3e-04 0.02
     2      10    6.7e-02   33    4.3e-02  -449.74284510  -449.74284510   -12.13957156   3.375288   1.4e+01   2.2e-04 0.03
     3      10    4.0e-02   49    1.0e-01  -454.12434907  -454.12434907    -4.38150397   0.472825   1.9e+00   2.1e-04 0.03
     4      10    2.9e-02   42    9.2e-02  -456.02700799  -456.02700799    -1.90265893   0.389920   1.6e+00   2.0e-04 0.03
     5      10    3.2e-02   20    2.5e-02  -456.92750432  -456.92750432    -0.90049632   0.546651   2.2e+00   2.1e-04 0.03
     6      10    2.5e-02   18    7.8e-02  -457.62979268  -457.62979268    -0.70228837   0.343384   1.4e+00   3.1e-04 0.03
     7      10    2.9e-02   22    2.3e-02  -458.18811434  -458.18811434    -0.55832166   0.334385   1.3e+00   2.5e-04 0.03
     8      10    2.7e-02   18    2.5e-02  -458.68916610  -458.68916610    -0.50105176   0.394294   1.6e+00   1.7e-04 0.03
     9      10    2.6e-02   20    2.3e-02  -459.09390391  -459.09390391    -0.40473782   0.529830   2.1e+00   1.8e-04 0.03
    10      10    2.4e-02   19    4.6e-02  -459.28208160  -459.28208160    -0.18817769   0.600597   2.4e+00   1.9e-04 0.03
    11      10    1.9e-02   19    1.9e-02  -459.47163755  -459.47163755    -0.18955595   0.574856   2.3e+00   2.3e-04 0.03
    12      10    2.3e-02   18    1.9e-02  -459.61811450  -459.61811450    -0.14647695   0.601769   2.4e+00   2.2e-04 0.03
    13      10    2.6e-02   17    1.9e-02  -459.72952596  -459.72952596    -0.11141145   0.549538   2.2e+00   1.7e-04 0.03
    14      10    3.6e-02   12    1.5e-02  -459.82292840  -459.82292840    -0.09340244   0.432906   1.7e+00   2.4e-04 0.03
    15      10    2.7e-02   12    2.2e-02  -459.88605264  -459.88605264    -0.06312425   0.434123   1.7e+00   2.4e-04 0.03
    16      10    2.6e-02   15    1.9e-02  -459.91935108  -459.91935108    -0.03329844   0.493921   2.0e+00   1.4e-04 0.03
    17      10    8.1e-02    9    9.3e-03  -459.94237890  -459.94237890    -0.02302782   0.447308   1.8e+00   1.9e-04 0.03
    18      10    6.4e-02   16    2.3e-02  -459.96084571  -459.96084571    -0.01846681   0.426826   1.7e+00   1.7e-04 0.03
    19      10    2.7e-02    7    1.2e-02  -459.97558320  -459.97558320    -0.01473749   0.405015   1.6e+00   2.5e-04 0.03
    20      10    2.6e-02    0    3.8e-03  -459.97572239  -459.97572239    -0.00013919   0.405015   1.6e+00   2.5e-04 0.03
    21      30    7.4e-02    9    1.2e-02  -460.01199161  -460.01199161    -0.03626922   0.015168   6.1e-02   2.2e-04 0.03
    22      30    7.6e-02    8    1.0e-02  -460.01373075  -460.01373075    -0.00173913   0.005141   2.1e-02   2.3e-04 0.03
    23      30    8.2e-02    9    1.2e-02  -460.01411019  -460.01411019    -0.00037944   0.006726   2.7e-02   2.2e-04 0.03
    24      30    7.9e-02    8    1.1e-02  -460.01439105  -460.01439105    -0.00028086   0.007946   3.2e-02   1.6e-04 0.03
    25      30    8.6e-02    2    5.8e-03  -460.01451408  -460.01451408    -0.00012304   0.007077   2.8e-02   1.6e-04 0.03
    26      30    8.0e-02    0    2.2e-03  -460.01459383  -460.01459383    -0.00007975   0.005752   2.3e-02   2.0e-04 0.03
    27      40    9.6e-02    2    5.4e-03  -460.01470810  -460.01470810    -0.00011426   0.004803   1.9e-02   1.8e-04 0.03
    28      40    1.1e-01    0    3.1e-03  -460.01475377  -460.01475377    -0.00004568   0.004492   1.8e-02   1.9e-04 0.03
    29      50    1.2e-01    2    3.4e-03  -460.01481478  -460.01481478    -0.00006100   0.003520   1.4e-02   2.0e-04 0.03
    30      50    1.5e-01    0    1.9e-03  -460.01485671  -460.01485671    -0.00004193   0.003741   1.5e-02   2.3e-04 0.03
    31      60    1.4e-01    6    8.1e-03  -460.01489595  -460.01489595    -0.00003924   0.002898   1.2e-02   1.6e-04 0.03
    32      60    1.4e-01    0    3.7e-03  -460.01492308  -460.01492308    -0.00002714   0.003034   1.2e-02   2.2e-04 0.03
    33      70    1.7e-01    2    5.1e-03  -460.01493861  -460.01493861    -0.00001552   0.002070   8.3e-03   1.4e-04 0.03
    34      70    1.6e-01    0    1.9e-03  -460.01493981  -460.01493981    -0.00000121   0.002070   8.3e-03   1.4e-04 0.03
    35      84    1.9e-01    1    2.6e-03  -460.01496178  -460.01496178    -0.00002197   0.000489   2.0e-03   1.2e-04 0.03
 
RESULTS OF THE OCCUPATION OPTIMIZATION
========================================
   1    1.9999984  -104.94343112
   2    1.9997303  -10.63205685
   3    1.9990313  -8.10019677
   4    1.9992056  -8.09935145
   5    1.9990784  -8.09871227
   6    1.9745679  -1.09598794
   7    1.9750097  -0.51835301
   8    1.9608046  -0.51536677
   9    1.0000000  -0.30831020
  10    0.0093869  -0.01714364
  11    0.0151328  -0.02154351
  12    0.0074803  -0.02858354
  13    0.0004472  -0.01040750
  14    0.0004812  -0.01089764
  15    0.0006475  -0.01375972
  16    0.0000957  -0.00099987
  17    0.0000005  -0.00001830
  18    0.0084805  -0.01550393
  19    0.0025489  -0.01015707
  20    0.0068427  -0.01744278
  21    0.0004269  -0.01032781
  22    0.0001085  -0.00114579
  23    0.0001231  -0.00122267
  24    0.0000761  -0.00218325
  25    0.0000004  -0.00001475
  26    0.0079802  -0.01502346
  27    0.0024327  -0.00994173
  28    0.0063629  -0.02027108
  29    0.0000151  -0.00035843
  30    0.0000818  -0.00106255
  31    0.0000802  -0.00096159
  32    0.0000444  -0.00053078
  33    0.0000002  -0.00001131
  34    0.0070865  -0.01730327
  35    0.0022824  -0.00899959
  36    0.0019093  -0.00953848
  37    0.0000137  -0.00013020
  38    0.0000798  -0.00192195
  39    0.0000737  -0.00081807
  40    0.0000209  -0.00016897
  41    0.0000002  -0.00000928
  42    0.0052526  -0.01518368
  43    0.0008971  -0.00182642
  44    0.0018927  -0.00949288
  45    0.0000093  -0.00007887
  46    0.0000177  -0.00014417
  47    0.0000203  -0.00016671
  48    0.0000146  -0.00051691
  49    0.0000001  -0.00000758
  50    0.0005114  -0.00129338
  51    0.0008882  -0.00180974
  52    0.0004817  -0.00132557
  53    0.0000065  -0.00006632
  54    0.0000134  -0.00044145
  55    0.0000132  -0.00011378
  56    0.0000093  -0.00008995
  57    0.0000001  -0.00000654
  58    0.0004973  -0.00126602
  59    0.0008083  -0.00164461
  60    0.0004626  -0.00131816
  61    0.0000029  -0.00060510
  62    0.0000120  -0.00011241
  63    0.0000107  -0.00010206
  64    0.0000087  -0.00008522
  65    0.0000001  -0.00000547
 
----------------
 Final Energies 
----------------
Final NOF Total Energy =    -460.0149618
 
Total Orbital Internal Iterations = 904
Total Occupation Internal Iterations = 444
 
Elapsed time:   30.67 Seconds

---------------------------------
   Lowdin Population Analysis    
---------------------------------
 Idx  Atom   Population   Charge 
---------------------------------
  1    Cl    17.000       0.000

---------------------------------
   M Diagnostic: 0.03
---------------------------------

