Computing Integrals
Basis Set                                            = def2-qzvp
Auxiliary Basis Set                                  = def2-universal-jkfit
Gaussian Type                                        = Spherical
Elapsed time:    2.31 Seconds

Number of basis functions                   (NBF)    = 171
Number of auxiliary basis functions         (NBFAUX) = 231
Inactive Doubly occupied orbitals up to     (NO1)    = 0
No. considered Strongly Doubly occupied MOs (NDOC)   = 11
No. considered Strongly Singly occupied MOs (NSOC)   = 0
NO. of Weakly occ. per St. Doubly occ.  MOs (NCWO)   = 1
Dimension of the Nat. Orb. subspace         (NBF5)   = 22
No. of electrons                                     = 22
    No. of alpha electrons                           = 11
    No. of beta electrons                            = 11
Multiplicity                                         = 1

Geometry
========
 N      -6.0621076       1.0771483       0.1240269
 N      -4.9480154       1.4388084       0.4093913
 N      -7.1816965       0.7579418      -0.1486349

No violations of the orthonormality
No violations of the orthonormality
 
PNOF8/ADABelief Calculation
==================
 
  Nitext  Nit_orb  Time   Nit_occ  Time         Eelec          Etot           Ediff      maxdiff    MaxGrad_orb  Grad_occ
     1      10    9.7e+00    0    1.2e+01  -217.77500162  -163.78148354 -10216.77500162   0.000475   1.9e-03   2.0e-04 0.04
 
RESULTS OF THE OCCUPATION OPTIMIZATION
========================================
   1    1.9997184  -15.48278494
   2    1.9997864  -15.34007044
   3    1.9997618  -15.33145465
   4    1.9942972  -1.13143512
   5    1.9917364  -0.79972392
   6    1.9786573  -0.60422323
   7    1.9869278  -0.43536410
   8    1.9880733  -0.40657017
   9    1.9742743  -0.35890436
  10    1.9587689  -0.16954092
  11    1.9578645  -0.11700249
  12    0.0421355  -0.04875971
  13    0.0412311  -0.04916472
  14    0.0257257  -0.03810897
  15    0.0119267  -0.01687415
  16    0.0130722  -0.01920070
  17    0.0213427  -0.03254865
  18    0.0082636  -0.01669210
  19    0.0057028  -0.01120584
  20    0.0002382  -0.00647259
  21    0.0002136  -0.00577452
  22    0.0002816  -0.00740103
 
----------------
 Final Energies 
----------------
Final NOF Total Energy =    -163.7814835
 
Total Orbital Internal Iterations = 10
Total Occupation Internal Iterations = 0
 
Elapsed time:   27.71 Seconds

---------------------------------
   Lowdin Population Analysis    
---------------------------------
 Idx  Atom   Population   Charge 
---------------------------------
  1     N     7.253      -0.253
  2     N     7.391      -0.391
  3     N     7.356      -0.356

---------------------------------
   M Diagnostic: 0.04
---------------------------------

