Computing Integrals
Basis Set                                            = def2-qzvp
Auxiliary Basis Set                                  = def2-universal-jkfit
Gaussian Type                                        = Spherical
Elapsed time:    1.70 Seconds

Number of basis functions                   (NBF)    = 70
Number of auxiliary basis functions         (NBFAUX) = 128
Inactive Doubly occupied orbitals up to     (NO1)    = 0
No. considered Strongly Doubly occupied MOs (NDOC)   = 9
No. considered Strongly Singly occupied MOs (NSOC)   = 0
NO. of Weakly occ. per St. Doubly occ.  MOs (NCWO)   = 1
Dimension of the Nat. Orb. subspace         (NBF5)   = 18
No. of electrons                                     = 18
    No. of alpha electrons                           = 9
    No. of beta electrons                            = 9
Multiplicity                                         = 1

Geometry
========
Cl      -1.0843247      -0.3773750       0.8015475

No violations of the orthonormality
No violations of the orthonormality
 
PNOF8/ADABelief Calculation
==================
 
  Nitext  Nit_orb  Time   Nit_occ  Time         Eelec          Etot           Ediff      maxdiff    MaxGrad_orb  Grad_occ
     1      10    9.1e+00    0    1.2e+01  -459.87165862  -459.87165862 -10458.87165862   0.000909   3.6e-03   1.6e-04 0.02
 
RESULTS OF THE OCCUPATION OPTIMIZATION
========================================
   1    1.9999637  -104.53347593
   2    1.9991938  -10.22118792
   3    1.9987466  -7.69321801
   4    1.9989744  -7.69095342
   5    1.9989666  -7.69075439
   6    1.9922671  -0.73239354
   7    1.9810964  -0.15442360
   8    1.9807594  -0.15221350
   9    1.9807116  -0.15215185
  10    0.0192884  -0.01981363
  11    0.0192406  -0.01982939
  12    0.0189036  -0.01979335
  13    0.0077329  -0.03103502
  14    0.0010334  -0.01896003
  15    0.0010256  -0.01890459
  16    0.0012534  -0.01799079
  17    0.0008062  -0.01686332
  18    0.0000363  -0.00677997
 
----------------
 Final Energies 
----------------
Final NOF Total Energy =    -459.8716586
 
Total Orbital Internal Iterations = 10
Total Occupation Internal Iterations = 0
 
Elapsed time:   26.76 Seconds

---------------------------------
   Lowdin Population Analysis    
---------------------------------
 Idx  Atom   Population   Charge 
---------------------------------
  1    Cl    18.000      -1.000

---------------------------------
   M Diagnostic: 0.02
---------------------------------

