Computing Integrals
Basis Set                                            = def2-qzvp
Auxiliary Basis Set                                  = def2-universal-jkfit
Gaussian Type                                        = Spherical
Elapsed time:    1.73 Seconds

Number of basis functions                   (NBF)    = 144
Number of auxiliary basis functions         (NBFAUX) = 170
Inactive Doubly occupied orbitals up to     (NO1)    = 0
No. considered Strongly Doubly occupied MOs (NDOC)   = 7
No. considered Strongly Singly occupied MOs (NSOC)   = 1
NO. of Weakly occ. per St. Doubly occ.  MOs (NCWO)   = 1
Dimension of the Nat. Orb. subspace         (NBF5)   = 15
No. of electrons                                     = 15
    No. of alpha electrons                           = 8
    No. of beta electrons                            = 7
Multiplicity                                         = 2

Geometry
========
 H      -1.0863328       0.9379790       0.0000000
 C       0.5431664       0.0984764       0.0000000
 O       0.5431664      -1.0364554       0.0000000

No violations of the orthonormality
No violations of the orthonormality
 
PNOF8/ADABelief Calculation
==================
 
  Nitext  Nit_orb  Time   Nit_occ  Time         Eelec          Etot           Ediff      maxdiff    MaxGrad_orb  Grad_occ
     1      10    9.3e+00    0    1.2e+01  -139.30958422  -113.54318848 -10138.30958422   0.000498   2.0e-03   1.6e-04 0.04
 
RESULTS OF THE OCCUPATION OPTIMIZATION
========================================
   1    1.9998105  -20.69384011
   2    1.9995704  -11.34202266
   3    1.9944177  -1.38472938
   4    1.9889615  -0.85112130
   5    1.9774995  -0.71820875
   6    1.9636192  -0.66007229
   7    1.9623558  -0.65584503
   8    1.0000000  -0.22916670
   9    0.0376442  -0.04706260
  10    0.0363808  -0.04510223
  11    0.0225005  -0.03576174
  12    0.0110385  -0.02183862
  13    0.0055823  -0.01436912
  14    0.0004296  -0.00773286
  15    0.0001895  -0.00657598
 
----------------
 Final Energies 
----------------
Final NOF Total Energy =    -113.5431885
 
Total Orbital Internal Iterations = 10
Total Occupation Internal Iterations = 0
 
Elapsed time:   27.31 Seconds

---------------------------------
   Lowdin Population Analysis    
---------------------------------
 Idx  Atom   Population   Charge 
---------------------------------
  1     H     1.007      -0.007
  2     C     6.332      -0.332
  3     O     7.661       0.339

---------------------------------
   M Diagnostic: 0.04
---------------------------------

