Computing Integrals
Basis Set                                            = def2-qzvp
Auxiliary Basis Set                                  = def2-universal-jkfit
Gaussian Type                                        = Spherical
Elapsed time:    1.80 Seconds

Number of basis functions                   (NBF)    = 144
Number of auxiliary basis functions         (NBFAUX) = 172
Inactive Doubly occupied orbitals up to     (NO1)    = 0
No. considered Strongly Doubly occupied MOs (NDOC)   = 7
No. considered Strongly Singly occupied MOs (NSOC)   = 1
NO. of Weakly occ. per St. Doubly occ.  MOs (NCWO)   = 1
Dimension of the Nat. Orb. subspace         (NBF5)   = 15
No. of electrons                                     = 15
    No. of alpha electrons                           = 8
    No. of beta electrons                            = 7
Multiplicity                                         = 2

Geometry
========
 N      -0.3122125       0.9410567       0.0000000
 N      -0.3122125      -0.2371448       0.0000000
 H       0.6244249      -0.7039119       0.0000000

No violations of the orthonormality
No violations of the orthonormality
 
PNOF8/ADAM Calculation
==================
 
  Nitext  Nit_orb  Time   Nit_occ  Time         Eelec          Etot           Ediff      maxdiff    MaxGrad_orb  Grad_occ
     1      10    9.5e+00    8    1.2e+01  -128.77381992  -101.26950218 -10127.77381992   0.699705   2.8e+00   1.8e-04 0.02
     2      10    4.6e-01    9    6.3e-02  -133.45942005  -105.95510231    -4.68560013   0.415520   1.7e+00   5.1e-05 0.03
     3      10    5.2e-01    5    6.0e-02  -135.52174969  -108.01743195    -2.06232964   0.300133   1.2e+00   2.1e-04 0.03
     4      10    4.1e-01    6    9.0e-03  -136.45109615  -108.94677842    -0.92934646   0.166269   6.7e-01   6.5e-05 0.03
     5      10    1.0e+00    3    6.4e-03  -136.83112441  -109.32680667    -0.38002825   0.138013   5.5e-01   1.7e-04 0.03
     6      10    4.1e-01    4    2.0e-02  -137.00327766  -109.49895993    -0.17215325   0.106226   4.2e-01   1.2e-04 0.03
     7      10    4.2e-01    4    1.4e-02  -137.09592375  -109.59160601    -0.09264608   0.104755   4.2e-01   1.2e-04 0.03
     8      10    3.6e-01    4    1.1e-02  -137.14058426  -109.63626652    -0.04466052   0.105360   4.2e-01   1.0e-04 0.04
     9      10    5.9e-01    5    4.7e-03  -137.16022100  -109.65590327    -0.01963674   0.104356   4.2e-01   8.3e-05 0.04
    10      10    1.9e-01    4    8.0e-03  -137.17388477  -109.66956704    -0.01366377   0.104815   4.2e-01   1.9e-04 0.04
    11      10    3.2e-01    4    3.3e-03  -137.18470580  -109.68038807    -0.01082103   0.124306   5.0e-01   2.3e-04 0.04
    12      10    3.1e-01    4    1.9e-02  -137.19497015  -109.69065241    -0.01026435   0.116678   4.7e-01   2.5e-04 0.04
    13      10    6.5e-01    4    1.4e-02  -137.20375888  -109.69944114    -0.00878873   0.120878   4.8e-01   2.2e-04 0.04
    14      10    5.3e-01    4    1.2e-02  -137.21176760  -109.70744986    -0.00800872   0.118518   4.7e-01   2.0e-04 0.04
    15      10    6.3e-01    4    3.2e-02  -137.21908251  -109.71476478    -0.00731492   0.125921   5.0e-01   1.1e-04 0.04
    16      10    3.7e-01    3    2.9e-02  -137.22507941  -109.72076168    -0.00599690   0.138914   5.6e-01   8.9e-05 0.04
    17      10    3.7e-01    3    1.7e-02  -137.23009642  -109.72577868    -0.00501701   0.123170   4.9e-01   1.4e-04 0.04
    18      10    5.8e-01    4    5.4e-02  -137.23311990  -109.72880217    -0.00302349   0.128927   5.2e-01   2.2e-04 0.04
    19      10    8.3e-01    5    4.4e-02  -137.23516126  -109.73084352    -0.00204136   0.126718   5.1e-01   4.7e-05 0.04
    20      10    4.4e-01    2    1.7e-02  -137.23678422  -109.73246648    -0.00162296   0.117230   4.7e-01   2.3e-04 0.04
    21      10    4.5e-01    2    7.1e-03  -137.23766326  -109.73334552    -0.00087904   0.116666   4.7e-01   1.5e-04 0.04
    22      10    4.6e-01    2    2.4e-02  -137.23772255  -109.73340481    -0.00005929   0.119347   4.8e-01   1.2e-04 0.04
    23      10    4.1e-01    0    3.2e-02  -137.23773893  -109.73342120    -0.00001638   0.119347   4.8e-01   1.2e-04 0.04
    24      30    1.6e+00    4    4.0e-02  -137.24542759  -109.74110986    -0.00768866   0.001611   6.4e-03   1.8e-04 0.05
    25      30    1.3e+00    3    4.5e-03  -137.24572724  -109.74140950    -0.00029965   0.001179   4.7e-03   1.8e-04 0.05
    26      30    1.8e+00    2    2.2e-02  -137.24582039  -109.74150266    -0.00009315   0.002011   8.0e-03   1.7e-04 0.05
    27      30    1.4e+00    2    3.8e-02  -137.24585743  -109.74153969    -0.00003703   0.002127   8.5e-03   1.7e-04 0.05
    28      30    1.2e+00    2    2.4e-02  -137.24586243  -109.74154469    -0.00000500   0.002134   8.5e-03   1.4e-04 0.05
    29      30    1.4e+00    0    9.8e-03  -137.24586435  -109.74154661    -0.00000192   0.002134   8.5e-03   1.4e-04 0.05
    30      25    1.5e+00    1    7.0e-03  -137.24590339  -109.74158565    -0.00003904   0.000479   1.9e-03   1.2e-04 0.05
 
RESULTS OF THE OCCUPATION OPTIMIZATION
========================================
   1    1.9997490  -15.64887333
   2    1.9997579  -15.64856020
   3    1.9922916  -1.14244433
   4    1.9882863  -0.91755024
   5    1.9737494  -0.76775081
   6    1.9718816  -0.73728998
   7    1.9538737  -0.57433842
   8    1.0000000  -0.21808539
   9    0.0461263  -0.05314916
  10    0.0281184  -0.03173160
  11    0.0262506  -0.04024323
  12    0.0117137  -0.02023612
  13    0.0077084  -0.01636169
  14    0.0002421  -0.00648463
  15    0.0002510  -0.00661317
 
----------------
 Final Energies 
----------------
Final NOF Total Energy =    -109.7415856
 
Total Orbital Internal Iterations = 435
Total Occupation Internal Iterations = 107
 
Elapsed time:   51.84 Seconds

---------------------------------
   Lowdin Population Analysis    
---------------------------------
 Idx  Atom   Population   Charge 
---------------------------------
  1     N     6.936       0.064
  2     N     6.850       0.150
  3     H     1.213      -0.213

---------------------------------
   M Diagnostic: 0.05
---------------------------------

