Computing Integrals
Basis Set                                            = def2-qzvp
Auxiliary Basis Set                                  = def2-universal-jkfit
Gaussian Type                                        = Spherical
Elapsed time:    1.73 Seconds

Number of basis functions                   (NBF)    = 144
Number of auxiliary basis functions         (NBFAUX) = 170
Inactive Doubly occupied orbitals up to     (NO1)    = 0
No. considered Strongly Doubly occupied MOs (NDOC)   = 7
No. considered Strongly Singly occupied MOs (NSOC)   = 1
NO. of Weakly occ. per St. Doubly occ.  MOs (NCWO)   = 1
Dimension of the Nat. Orb. subspace         (NBF5)   = 15
No. of electrons                                     = 15
    No. of alpha electrons                           = 8
    No. of beta electrons                            = 7
Multiplicity                                         = 2

Geometry
========
 H      -0.6086106       0.8210344       0.0000000
 C       0.3043053       0.1777983       0.0000000
 O       0.3043053      -0.9988326       0.0000000

No violations of the orthonormality
No violations of the orthonormality
 
PNOF8/ADAM Calculation
==================
 
  Nitext  Nit_orb  Time   Nit_occ  Time         Eelec          Etot           Ediff      maxdiff    MaxGrad_orb  Grad_occ
     1      10    9.5e+00    8    1.2e+01  -131.23416630  -104.72437409 -10130.23416630   0.910863   3.6e+00   1.3e-04 0.01
     2      10    3.3e-01    7    1.8e-02  -136.07398614  -109.56419393    -4.83981984   0.566325   2.3e+00   1.3e-04 0.03
     3      10    8.0e-01    8    4.6e-02  -137.98752558  -111.47773337    -1.91353944   0.411383   1.6e+00   1.1e-04 0.03
     4      10    6.6e-01    7    1.8e-02  -138.89956041  -112.38976820    -0.91203484   0.281050   1.1e+00   1.1e-04 0.04
     5      10    1.3e+00    4    2.4e-02  -139.40670669  -112.89691448    -0.50714628   0.134138   5.4e-01   1.4e-04 0.04
     6      10    3.7e-01    6    3.4e-02  -139.66661555  -113.15682334    -0.25990886   0.101597   4.1e-01   1.2e-04 0.04
     7      10    8.9e-01    6    4.2e-02  -139.80586038  -113.29606817    -0.13924482   0.411183   1.6e+00   2.9e-05 0.04
     8      10    1.3e+00    5    3.6e-02  -139.90186327  -113.39207106    -0.09600290   0.148175   5.9e-01   1.5e-04 0.04
     9      10    5.1e-01    4    2.2e-02  -139.95890695  -113.44911474    -0.05704368   0.128770   5.2e-01   1.6e-04 0.04
    10      10    4.4e-01    4    1.6e-02  -139.99639739  -113.48660518    -0.03749044   0.152950   6.1e-01   1.9e-04 0.04
    11      10    5.3e-01    4    9.3e-02  -140.02152889  -113.51173668    -0.02513150   0.138322   5.5e-01   1.8e-04 0.04
    12      10    5.1e-01    3    1.4e-02  -140.03721301  -113.52742080    -0.01568411   0.136754   5.5e-01   9.4e-05 0.04
    13      10    6.0e-01    2    2.5e-02  -140.04679056  -113.53699835    -0.00957755   0.131261   5.3e-01   1.9e-04 0.04
    14      10    1.3e+00    2    9.1e-03  -140.05090914  -113.54111693    -0.00411858   0.128894   5.2e-01   1.5e-04 0.04
    15      10    6.2e-01    2    7.8e-03  -140.05354707  -113.54375486    -0.00263794   0.132165   5.3e-01   1.4e-04 0.04
    16      10    4.4e-01    2    2.6e-02  -140.05547570  -113.54568349    -0.00192863   0.126182   5.0e-01   1.2e-04 0.04
    17      10    8.3e-01    2    8.8e-03  -140.05680193  -113.54700972    -0.00132623   0.140279   5.6e-01   1.2e-04 0.04
    18      10    5.2e-01    2    1.9e-02  -140.05739026  -113.54759805    -0.00058833   0.108611   4.3e-01   9.2e-05 0.04
    19      10    3.5e-01    2    2.5e-02  -140.05772734  -113.54793513    -0.00033707   0.125080   5.0e-01   9.3e-05 0.04
    20      10    5.2e-01    2    4.8e-03  -140.05844506  -113.54865285    -0.00071773   0.104587   4.2e-01   1.6e-04 0.04
    21      10    4.4e-01    2    4.8e-02  -140.05881482  -113.54902261    -0.00036975   0.133179   5.3e-01   8.8e-05 0.04
    22      10    5.3e-01    1    6.4e-03  -140.05923023  -113.54943802    -0.00041541   0.107541   4.3e-01   2.3e-04 0.04
    23      10    5.1e-01    2    4.0e-02  -140.06020846  -113.55041626    -0.00097824   0.140059   5.6e-01   1.2e-04 0.04
    24      10    3.9e-01    2    2.9e-02  -140.06089705  -113.55110484    -0.00068859   0.130774   5.2e-01   1.4e-04 0.04
    25      10    4.9e-01    2    8.8e-03  -140.06392730  -113.55413509    -0.00303025   0.129177   5.2e-01   1.5e-04 0.04
    26      10    4.9e-01    0    3.8e-03  -140.06393365  -113.55414144    -0.00000635   0.129177   5.2e-01   1.5e-04 0.04
    27      30    1.4e+00    1    9.9e-03  -140.06990901  -113.56011680    -0.00597535   0.002766   1.1e-02   1.3e-04 0.04
    28      30    2.3e+00    2    5.2e-02  -140.07012126  -113.56032905    -0.00021225   0.001153   4.6e-03   5.6e-05 0.04
    29      30    1.7e+00    1    3.6e-02  -140.07015919  -113.56036698    -0.00003794   0.001578   6.3e-03   1.6e-04 0.04
    30      30    1.4e+00    2    2.3e-02  -140.07019542  -113.56040321    -0.00003623   0.001889   7.6e-03   9.0e-05 0.04
    31      30    2.9e+00    1    4.0e-02  -140.07022158  -113.56042938    -0.00002616   0.001442   5.8e-03   2.2e-04 0.04
    32      30    1.5e+00    2    1.4e-02  -140.07023727  -113.56044506    -0.00001569   0.001625   6.5e-03   9.2e-05 0.04
    33      30    2.2e+00    1    2.7e-02  -140.07024402  -113.56045181    -0.00000675   0.001495   6.0e-03   1.8e-04 0.04
    34      30    1.6e+00    0    5.9e-03  -140.07024582  -113.56045361    -0.00000180   0.001495   6.0e-03   1.8e-04 0.04
    35      32    1.6e+00    1    6.6e-03  -140.07026801  -113.56047580    -0.00002219   0.000462   1.8e-03   1.6e-04 0.04
 
RESULTS OF THE OCCUPATION OPTIMIZATION
========================================
   1    1.9998110  -20.63898691
   2    1.9995103  -11.33037739
   3    1.9937505  -1.43354922
   4    1.9759613  -0.76895875
   5    1.9874321  -0.76735473
   6    1.9758032  -0.64089203
   7    1.9568547  -0.59282031
   8    1.0000000  -0.20843842
   9    0.0431453  -0.05015747
  10    0.0241968  -0.03784157
  11    0.0125679  -0.02274096
  12    0.0240387  -0.02776895
  13    0.0062495  -0.01495371
  14    0.0004897  -0.00881276
  15    0.0001890  -0.00664664
 
----------------
 Final Energies 
----------------
Final NOF Total Energy =    -113.5604758
 
Total Orbital Internal Iterations = 532
Total Occupation Internal Iterations = 102
 
Elapsed time:   63.45 Seconds

---------------------------------
   Lowdin Population Analysis    
---------------------------------
 Idx  Atom   Population   Charge 
---------------------------------
  1     H     1.155      -0.155
  2     C     6.137      -0.137
  3     O     7.708       0.292

---------------------------------
   M Diagnostic: 0.04
---------------------------------

