Computing Integrals
Basis Set                                            = def2-qzvp
Auxiliary Basis Set                                  = def2-universal-jkfit
Gaussian Type                                        = Spherical
Elapsed time:    1.56 Seconds

Number of basis functions                   (NBF)    = 36
Number of auxiliary basis functions         (NBFAUX) = 51
Inactive Doubly occupied orbitals up to     (NO1)    = 0
No. considered Strongly Doubly occupied MOs (NDOC)   = 2
No. considered Strongly Singly occupied MOs (NSOC)   = 0
NO. of Weakly occ. per St. Doubly occ.  MOs (NCWO)   = 1
Dimension of the Nat. Orb. subspace         (NBF5)   = 4
No. of electrons                                     = 4
    No. of alpha electrons                           = 2
    No. of beta electrons                            = 2
Multiplicity                                         = 1

Geometry
========
Be       0.0000000       0.0000000       0.0000000

No violations of the orthonormality
No violations of the orthonormality
 
PNOF8/ADABelief Calculation
==================
 
  Nitext  Nit_orb  Time   Nit_occ  Time         Eelec          Etot           Ediff      maxdiff    MaxGrad_orb  Grad_occ
     1      10    8.9e+00    0    1.2e+01   -14.60603594   -14.60603594 -10013.60603594   0.000576   2.3e-03   1.2e-04 0.07
 
RESULTS OF THE OCCUPATION OPTIMIZATION
========================================
   1    1.9986421  -4.73468330
   2    1.9331122  -0.31278045
   3    0.0668878  -0.01931996
   4    0.0013579  -0.01026915
 
----------------
 Final Energies 
----------------
Final NOF Total Energy =     -14.6060359
 
Total Orbital Internal Iterations = 10
Total Occupation Internal Iterations = 0
 
Elapsed time:   26.83 Seconds

---------------------------------
   Lowdin Population Analysis    
---------------------------------
 Idx  Atom   Population   Charge 
---------------------------------
  1    Be     4.000       0.000

---------------------------------
   M Diagnostic: 0.07
---------------------------------

