Computing Integrals
Basis Set                                            = def2-qzvp
Auxiliary Basis Set                                  = def2-universal-jkfit
Gaussian Type                                        = Spherical
Elapsed time:    1.73 Seconds

Number of basis functions                   (NBF)    = 117
Number of auxiliary basis functions         (NBFAUX) = 113
Inactive Doubly occupied orbitals up to     (NO1)    = 0
No. considered Strongly Doubly occupied MOs (NDOC)   = 5
No. considered Strongly Singly occupied MOs (NSOC)   = 0
NO. of Weakly occ. per St. Doubly occ.  MOs (NCWO)   = 1
Dimension of the Nat. Orb. subspace         (NBF5)   = 10
No. of electrons                                     = 10
    No. of alpha electrons                           = 5
    No. of beta electrons                            = 5
Multiplicity                                         = 1

Geometry
========
 N       0.0000000       0.0000000       0.4420686
 H       0.7939534       0.0000000      -0.2210343
 H      -0.7939534       0.0000000      -0.2210343

No violations of the orthonormality
No violations of the orthonormality
 
PNOF8/ADABelief Calculation
==================
 
  Nitext  Nit_orb  Time   Nit_occ  Time         Eelec          Etot           Ediff      maxdiff    MaxGrad_orb  Grad_occ
     1      10    9.1e+00    0    1.2e+01   -63.20980347   -55.71474114 -10062.20980347   0.000494   2.0e-03   1.6e-04 0.03
 
RESULTS OF THE OCCUPATION OPTIMIZATION
========================================
   1    1.9997473  -15.21500867
   2    1.9890333  -0.63480592
   3    1.9700545  -0.28632650
   4    1.9700623  -0.28619345
   5    1.9721249  -0.06141676
   6    0.0278751  -0.01905820
   7    0.0299377  -0.02651049
   8    0.0299455  -0.02651631
   9    0.0109667  -0.01849657
  10    0.0002527  -0.00658991
 
----------------
 Final Energies 
----------------
Final NOF Total Energy =     -55.7147411
 
Total Orbital Internal Iterations = 10
Total Occupation Internal Iterations = 0
 
Elapsed time:   27.14 Seconds

---------------------------------
   Lowdin Population Analysis    
---------------------------------
 Idx  Atom   Population   Charge 
---------------------------------
  1     N     7.254      -0.254
  2     H     1.373      -0.373
  3     H     1.373      -0.373

---------------------------------
   M Diagnostic: 0.03
---------------------------------

