Computing Integrals
Basis Set                                            = def2-qzvp
Auxiliary Basis Set                                  = def2-universal-jkfit
Gaussian Type                                        = Spherical
Elapsed time:    1.75 Seconds

Number of basis functions                   (NBF)    = 70
Number of auxiliary basis functions         (NBFAUX) = 128
Inactive Doubly occupied orbitals up to     (NO1)    = 0
No. considered Strongly Doubly occupied MOs (NDOC)   = 6
No. considered Strongly Singly occupied MOs (NSOC)   = 1
NO. of Weakly occ. per St. Doubly occ.  MOs (NCWO)   = 1
Dimension of the Nat. Orb. subspace         (NBF5)   = 13
No. of electrons                                     = 13
    No. of alpha electrons                           = 7
    No. of beta electrons                            = 6
Multiplicity                                         = 2

Geometry
========
Si       0.0000000       0.0000000       0.0000000

No violations of the orthonormality
No violations of the orthonormality
 
PNOF8/ADABelief Calculation
==================
 
  Nitext  Nit_orb  Time   Nit_occ  Time         Eelec          Etot           Ediff      maxdiff    MaxGrad_orb  Grad_occ
     1      10    9.1e+00    0    1.2e+01  -288.76237018  -288.76237018 -10287.76237018   0.000480   1.9e-03   1.1e-04 0.03
 
RESULTS OF THE OCCUPATION OPTIMIZATION
========================================
   1    1.9999618  -69.22975232
   2    1.9988316  -6.52682880
   3    1.9970820  -4.62680732
   4    1.9962748  -4.62626152
   5    1.9968600  -4.62394303
   6    1.9688749  -0.84359754
   7    1.0000000  -0.29750715
   8    0.0311251  -0.03640586
   9    0.0031400  -0.03126797
  10    0.0037252  -0.02547327
  11    0.0029180  -0.02174512
  12    0.0011684  -0.01185492
  13    0.0000382  -0.00520532
 
----------------
 Final Energies 
----------------
Final NOF Total Energy =    -288.7623702
 
Total Orbital Internal Iterations = 10
Total Occupation Internal Iterations = 0
 
Elapsed time:   26.90 Seconds

---------------------------------
   Lowdin Population Analysis    
---------------------------------
 Idx  Atom   Population   Charge 
---------------------------------
  1    Si    13.000       1.000

---------------------------------
   M Diagnostic: 0.03
---------------------------------

