Computing Integrals
Basis Set                                            = def2-qzvp
Auxiliary Basis Set                                  = def2-universal-jkfit
Gaussian Type                                        = Spherical
Elapsed time:    2.95 Seconds

Number of basis functions                   (NBF)    = 171
Number of auxiliary basis functions         (NBFAUX) = 231
Inactive Doubly occupied orbitals up to     (NO1)    = 0
No. considered Strongly Doubly occupied MOs (NDOC)   = 11
No. considered Strongly Singly occupied MOs (NSOC)   = 0
NO. of Weakly occ. per St. Doubly occ.  MOs (NCWO)   = 1
Dimension of the Nat. Orb. subspace         (NBF5)   = 22
No. of electrons                                     = 22
    No. of alpha electrons                           = 11
    No. of beta electrons                            = 11
Multiplicity                                         = 1

Geometry
========
 N       0.0000000       0.0000000      -0.0211861
 N       0.0000000       0.0000000      -1.1424486
 O       0.0000000       0.0000000       1.1636347

No violations of the orthonormality
No violations of the orthonormality
 
PNOF8/ADAM Calculation
==================
 
  Nitext  Nit_orb  Time   Nit_occ  Time         Eelec          Etot           Ediff      maxdiff    MaxGrad_orb  Grad_occ
     1      10    9.6e+00   11    1.2e+01  -231.00052810  -170.01357961 -10230.00052810   0.958895   3.8e+00   5.2e-05 0.02
     2      10    6.1e-01   10    4.2e-02  -239.65942495  -178.67247646    -8.65889685   0.620620   2.5e+00   9.8e-05 0.03
     3      10    1.1e+00    8    6.8e-03  -242.90543368  -181.91848519    -3.24600873   0.368087   1.5e+00   1.4e-04 0.04
     4      10    4.8e-01    7    2.4e-02  -244.06382482  -183.07687633    -1.15839114   0.202208   8.1e-01   2.0e-04 0.04
     5      10    7.5e-01    7    2.1e-02  -244.60622185  -183.61927336    -0.54239702   0.246949   9.9e-01   1.5e-04 0.04
     6      10    1.1e+00    7    1.9e-02  -244.88828839  -183.90133990    -0.28206654   0.233778   9.4e-01   1.1e-04 0.04
     7      10    1.1e+00    4    2.5e-02  -245.01873589  -184.03178740    -0.13044751   0.195238   7.8e-01   2.6e-04 0.04
     8      10    1.1e+00    5    3.0e-02  -245.09050119  -184.10355269    -0.07176529   0.148288   5.9e-01   1.7e-04 0.04
     9      10    1.0e+00    5    2.3e-02  -245.14533111  -184.15838262    -0.05482993   0.121098   4.8e-01   1.9e-04 0.04
    10      10    1.1e+00    5    2.9e-02  -245.17894882  -184.19200033    -0.03361771   0.125198   5.0e-01   1.2e-04 0.04
    11      10    7.7e-01    4    3.2e-02  -245.19639373  -184.20944524    -0.01744491   0.144232   5.8e-01   1.0e-04 0.04
    12      10    1.3e+00    4    1.4e-02  -245.20104178  -184.21409329    -0.00464805   0.144337   5.8e-01   1.1e-04 0.04
    13      10    8.5e-01    3    2.2e-02  -245.20249244  -184.21554395    -0.00145065   0.154091   6.2e-01   1.5e-04 0.04
    14      10    8.6e-01    0    2.2e-02  -245.20255950  -184.21561101    -0.00006706   0.154091   6.2e-01   1.5e-04 0.04
    15      30    2.8e+00    3    2.5e-02  -245.21704787  -184.23009938    -0.01448837   0.004201   1.7e-02   1.9e-04 0.04
    16      30    2.6e+00    3    3.5e-02  -245.21760299  -184.23065450    -0.00055512   0.002864   1.1e-02   1.8e-04 0.04
    17      30    2.6e+00    3    6.3e-03  -245.21795268  -184.23100419    -0.00034969   0.002490   1.0e-02   1.4e-04 0.04
    18      30    2.8e+00    2    4.2e-02  -245.21820175  -184.23125325    -0.00024906   0.003082   1.2e-02   2.0e-04 0.04
    19      30    3.0e+00    3    4.4e-02  -245.21842176  -184.23147327    -0.00022001   0.002729   1.1e-02   8.8e-05 0.04
    20      30    2.7e+00    2    2.8e-02  -245.21852401  -184.23157552    -0.00010225   0.002824   1.1e-02   1.6e-04 0.04
    21      30    2.3e+00    2    1.8e-02  -245.21860997  -184.23166148    -0.00008596   0.002892   1.2e-02   2.0e-04 0.04
    22      30    2.6e+00    0    4.1e-02  -245.21862271  -184.23167422    -0.00001275   0.002892   1.2e-02   2.0e-04 0.04
    23      32    3.0e+00    2    2.5e-02  -245.21871510  -184.23176661    -0.00009238   0.000528   2.1e-03   8.5e-05 0.04
 
RESULTS OF THE OCCUPATION OPTIMIZATION
========================================
   1    1.9998268  -20.66927246
   2    1.9996369  -15.81276172
   3    1.9997569  -15.68200199
   4    1.9938375  -1.51954080
   5    1.9918196  -1.21987243
   6    1.9802580  -0.93418950
   7    1.9890171  -0.78085002
   8    1.9890313  -0.77912507
   9    1.9714011  -0.74738137
  10    1.9589535  -0.58743410
  11    1.9590155  -0.58669741
  12    0.0409845  -0.05867779
  13    0.0410465  -0.05865246
  14    0.0285989  -0.05122232
  15    0.0109687  -0.01970693
  16    0.0109829  -0.01984112
  17    0.0197420  -0.03477073
  18    0.0081804  -0.01940231
  19    0.0061625  -0.01503766
  20    0.0002431  -0.00642147
  21    0.0003631  -0.00908251
  22    0.0001732  -0.00616968
 
----------------
 Final Energies 
----------------
Final NOF Total Energy =    -184.2317666
 
Total Orbital Internal Iterations = 412
Total Occupation Internal Iterations = 100
 
Elapsed time:   69.60 Seconds

---------------------------------
   Lowdin Population Analysis    
---------------------------------
 Idx  Atom   Population   Charge 
---------------------------------
  1     N     7.144      -0.144
  2     N     6.945       0.055
  3     O     7.911       0.089

---------------------------------
   M Diagnostic: 0.04
---------------------------------

