Computing Integrals
Basis Set                                            = def2-qzvp
Auxiliary Basis Set                                  = def2-universal-jkfit
Gaussian Type                                        = Spherical
Elapsed time:    1.70 Seconds

Number of basis functions                   (NBF)    = 87
Number of auxiliary basis functions         (NBFAUX) = 95
Inactive Doubly occupied orbitals up to     (NO1)    = 0
No. considered Strongly Doubly occupied MOs (NDOC)   = 5
No. considered Strongly Singly occupied MOs (NSOC)   = 0
NO. of Weakly occ. per St. Doubly occ.  MOs (NCWO)   = 1
Dimension of the Nat. Orb. subspace         (NBF5)   = 10
No. of electrons                                     = 10
    No. of alpha electrons                           = 5
    No. of beta electrons                            = 5
Multiplicity                                         = 1

Geometry
========
 F       0.0000000       0.0000000      -0.4614871
 H       0.0000000       0.0000000       0.4614871

No violations of the orthonormality
No violations of the orthonormality
 
PNOF8/ADAM Calculation
==================
 
  Nitext  Nit_orb  Time   Nit_occ  Time         Eelec          Etot           Ediff      maxdiff    MaxGrad_orb  Grad_occ
     1      10    9.0e+00    5    1.2e+01   -98.55849533   -93.39845432 -10097.55849533   1.275040   5.1e+00   1.1e-04 0.01
     2      10    2.4e-02    4    3.7e-04  -102.27906784   -97.11902683    -3.72057251   0.694140   2.8e+00   1.6e-04 0.01
     3      10    1.4e-02    4    3.6e-04  -104.00366189   -98.84362089    -1.72459406   0.459393   1.8e+00   1.2e-04 0.02
     4      10    6.9e-03    5    8.1e-04  -104.84882479   -99.68878378    -0.84516289   0.281401   1.1e+00   1.1e-04 0.02
     5      10    1.3e-02    5    3.3e-04  -105.23349362  -100.07345262    -0.38466883   0.147374   5.9e-01   6.6e-06 0.02
     6      10    1.2e-02    5    3.3e-04  -105.35301984  -100.19297884    -0.11952622   0.134561   5.4e-01   5.0e-05 0.02
     7      10    9.2e-03    3    3.2e-04  -105.38788405  -100.22784304    -0.03486420   0.135783   5.4e-01   1.7e-04 0.02
     8      10    2.1e-02    4    3.2e-04  -105.40067572  -100.24063471    -0.01279167   0.134942   5.4e-01   5.1e-05 0.02
     9      10    9.4e-03    2    2.9e-04  -105.40400370  -100.24396269    -0.00332798   0.081773   3.3e-01   1.5e-04 0.02
    10      10    7.6e-03    2    3.0e-04  -105.40477309  -100.24473208    -0.00076939   0.127217   5.1e-01   9.2e-05 0.02
    11      10    1.1e-02    2    2.8e-04  -105.40541269  -100.24537169    -0.00063960   0.145795   5.8e-01   9.4e-05 0.02
    12      10    1.3e-02    2    3.0e-04  -105.40591113  -100.24587012    -0.00049844   0.176716   7.1e-01   8.9e-05 0.02
    13      10    8.0e-03    2    2.1e-03  -105.40639112  -100.24635011    -0.00047999   0.174572   7.0e-01   5.5e-05 0.02
    14      10    8.9e-03    0    2.4e-04  -105.40648176  -100.24644076    -0.00009064   0.174572   7.0e-01   5.5e-05 0.02
    15      30    4.3e-02    2    2.8e-04  -105.40933041  -100.24928940    -0.00284865   0.002133   8.5e-03   6.7e-05 0.02
    16      30    2.3e-02    2    2.9e-04  -105.40979215  -100.24975115    -0.00046175   0.002477   9.9e-03   4.2e-05 0.02
    17      30    6.3e-02    2    2.0e-03  -105.41028824  -100.25024724    -0.00049609   0.001513   6.1e-03   4.1e-05 0.02
    18      30    5.0e-02    2    5.4e-04  -105.41075045  -100.25070945    -0.00046221   0.002165   8.7e-03   3.6e-05 0.03
    19      30    2.6e-02    2    3.0e-04  -105.41118521  -100.25114420    -0.00043476   0.002147   8.6e-03   3.1e-05 0.03
    20      30    2.7e-02    2    4.1e-04  -105.41147844  -100.25143744    -0.00029323   0.002154   8.6e-03   3.0e-05 0.03
    21      30    2.9e-02    1    2.9e-04  -105.41165892  -100.25161791    -0.00018047   0.002546   1.0e-02   1.8e-04 0.03
    22      30    2.3e-02    1    2.8e-04  -105.41172871  -100.25168771    -0.00006980   0.002403   9.6e-03   1.4e-04 0.03
    23      30    2.3e-02    0    2.6e-04  -105.41173051  -100.25168951    -0.00000180   0.002403   9.6e-03   1.4e-04 0.03
    24      34    3.6e-02    1    4.3e-04  -105.41177766  -100.25173666    -0.00004715   0.000492   2.0e-03   5.6e-05 0.03
 
RESULTS OF THE OCCUPATION OPTIMIZATION
========================================
   1    1.9998702  -26.34341883
   2    1.9929929  -1.57031204
   3    1.9725710  -0.85228251
   4    1.9850163  -0.68288809
   5    1.9849652  -0.68238502
   6    0.0150348  -0.02397548
   7    0.0149837  -0.02395392
   8    0.0274290  -0.04132853
   9    0.0070071  -0.02415546
  10    0.0001298  -0.00581138
 
----------------
 Final Energies 
----------------
Final NOF Total Energy =    -100.2517367
 
Total Orbital Internal Iterations = 444
Total Occupation Internal Iterations = 60
 
Elapsed time:   27.68 Seconds

---------------------------------
   Lowdin Population Analysis    
---------------------------------
 Idx  Atom   Population   Charge 
---------------------------------
  1     F     8.517       0.483
  2     H     1.483      -0.483

---------------------------------
   M Diagnostic: 0.03
---------------------------------

