Computing Integrals
Basis Set                                            = def2-qzvp
Auxiliary Basis Set                                  = def2-universal-jkfit
Gaussian Type                                        = Spherical
Elapsed time:    1.76 Seconds

Number of basis functions                   (NBF)    = 127
Number of auxiliary basis functions         (NBFAUX) = 205
Inactive Doubly occupied orbitals up to     (NO1)    = 0
No. considered Strongly Doubly occupied MOs (NDOC)   = 11
No. considered Strongly Singly occupied MOs (NSOC)   = 0
NO. of Weakly occ. per St. Doubly occ.  MOs (NCWO)   = 1
Dimension of the Nat. Orb. subspace         (NBF5)   = 22
No. of electrons                                     = 22
    No. of alpha electrons                           = 11
    No. of beta electrons                            = 11
Multiplicity                                         = 1

Geometry
========
Si       0.0000000       0.0000000      -0.7614683
 O       0.0000000       0.0000000       0.7614683

No violations of the orthonormality
No violations of the orthonormality
 
PNOF8/ADAM Calculation
==================
 
  Nitext  Nit_orb  Time   Nit_occ  Time         Eelec          Etot           Ediff      maxdiff    MaxGrad_orb  Grad_occ
     1      10    9.4e+00    5    1.2e+01  -381.30347158  -342.38673111 -10380.30347158   1.806051   7.2e+00   2.2e-04 0.01
     2      10    3.6e-01    7    1.3e-02  -394.61172777  -355.69498730   -13.30825619   0.979249   3.9e+00   1.8e-04 0.01
     3      10    5.4e-01    6    2.5e-02  -399.85396153  -360.93722106    -5.24223376   0.488361   2.0e+00   1.0e-04 0.01
     4      10    3.4e-01    3    5.5e-03  -401.60576520  -362.68902473    -1.75180367   0.217866   8.7e-01   2.3e-04 0.02
     5      10    4.1e-01    6    2.2e-02  -402.29940798  -363.38266751    -0.69364278   0.154419   6.2e-01   1.1e-04 0.02
     6      10    6.7e-01    5    1.5e-02  -402.62730784  -363.71056737    -0.32789986   0.177905   7.1e-01   2.7e-04 0.02
     7      10    5.8e-01    6    1.2e-02  -402.80665074  -363.88991027    -0.17934290   0.175344   7.0e-01   1.6e-04 0.03
     8      10    3.9e-01    6    3.9e-02  -402.92967678  -364.01293632    -0.12302604   0.141879   5.7e-01   1.2e-04 0.03
     9      10    5.1e-01    4    2.6e-02  -403.01937301  -364.10263254    -0.08969622   0.218692   8.7e-01   2.0e-04 0.03
    10      10    6.1e-01    5    1.8e-02  -403.06627100  -364.14953054    -0.04689800   0.166125   6.6e-01   1.9e-04 0.03
    11      10    6.8e-01    3    2.3e-02  -403.10322806  -364.18648759    -0.03695706   0.169024   6.8e-01   2.8e-04 0.03
    12      10    4.8e-01    5    1.1e-02  -403.12226026  -364.20551979    -0.01903220   0.173407   6.9e-01   8.0e-05 0.03
    13      10    4.1e-01    3    2.1e-02  -403.13649684  -364.21975637    -0.01423658   0.209890   8.4e-01   1.8e-04 0.03
    14      10    4.9e-01    3    4.7e-02  -403.14273174  -364.22599127    -0.00623490   0.193486   7.7e-01   1.5e-04 0.04
    15      10    5.1e-01    2    1.9e-02  -403.14355530  -364.22681483    -0.00082356   0.194372   7.8e-01   1.6e-04 0.04
    16      10    6.8e-01    2    9.6e-03  -403.14441742  -364.22767695    -0.00086212   0.205040   8.2e-01   1.1e-04 0.04
    17      10    8.8e-01    2    1.2e-02  -403.14699916  -364.23025869    -0.00258174   0.216626   8.7e-01   9.8e-05 0.04
    18      10    5.6e-01    1    7.3e-02  -403.14736253  -364.23062206    -0.00036337   0.212007   8.5e-01   1.4e-04 0.04
    19      10    5.3e-01    2    3.9e-02  -403.14831483  -364.23157436    -0.00095230   0.216994   8.7e-01   1.2e-04 0.04
    20      10    5.4e-01    0    2.0e-02  -403.14838527  -364.23164480    -0.00007044   0.216994   8.7e-01   1.2e-04 0.04
    21      30    1.9e+00    2    3.3e-02  -403.16876071  -364.25202024    -0.02037545   0.008796   3.5e-02   8.1e-05 0.04
    22      30    1.7e+00    2    2.7e-02  -403.16937747  -364.25263701    -0.00061676   0.008970   3.6e-02   5.3e-05 0.04
    23      30    1.4e+00    2    3.5e-02  -403.16940909  -364.25266862    -0.00003161   0.054562   2.2e-01   4.4e-05 0.04
    24      30    1.5e+00    2    1.8e-02  -403.16965260  -364.25291213    -0.00024351   0.007389   3.0e-02   4.1e-05 0.04
    25      30    2.1e+00    0    5.9e-02  -403.16966239  -364.25292192    -0.00000979   0.007389   3.0e-02   4.1e-05 0.04
    26      50    2.8e+00    2    1.1e-02  -403.16987975  -364.25313929    -0.00021736   0.000668   2.7e-03   4.3e-05 0.04
 
RESULTS OF THE OCCUPATION OPTIMIZATION
========================================
   1    1.9999628  -68.85926873
   2    1.9998254  -20.57462725
   3    1.9987724  -6.10030180
   4    1.9968952  -4.32127949
   5    1.9978603  -4.27403551
   6    1.9971910  -4.27218947
   7    1.9904078  -1.04669485
   8    1.9932740  -0.74925697
   9    1.9741915  -0.60108678
  10    1.9645188  -0.49890224
  11    1.9642430  -0.49759751
  12    0.0357570  -0.04347004
  13    0.0354812  -0.04313242
  14    0.0258085  -0.04138715
  15    0.0067260  -0.02063646
  16    0.0095922  -0.02316031
  17    0.0028090  -0.02011656
  18    0.0021397  -0.01781153
  19    0.0031048  -0.02725509
  20    0.0012276  -0.01051674
  21    0.0001746  -0.00618344
  22    0.0000372  -0.00504170
 
----------------
 Final Energies 
----------------
Final NOF Total Energy =    -364.2531393
 
Total Orbital Internal Iterations = 400
Total Occupation Internal Iterations = 86
 
Elapsed time:   51.74 Seconds

---------------------------------
   Lowdin Population Analysis    
---------------------------------
 Idx  Atom   Population   Charge 
---------------------------------
  1    Si    13.995       0.005
  2     O     8.005      -0.005

---------------------------------
   M Diagnostic: 0.04
---------------------------------

