Computing Integrals
Basis Set                                            = def2-qzvp
Auxiliary Basis Set                                  = def2-universal-jkfit
Gaussian Type                                        = Spherical
Elapsed time:    5.40 Seconds

Number of basis functions                   (NBF)    = 294
Number of auxiliary basis functions         (NBFAUX) = 702
Inactive Doubly occupied orbitals up to     (NO1)    = 0
No. considered Strongly Doubly occupied MOs (NDOC)   = 42
No. considered Strongly Singly occupied MOs (NSOC)   = 0
NO. of Weakly occ. per St. Doubly occ.  MOs (NCWO)   = 1
Dimension of the Nat. Orb. subspace         (NBF5)   = 84
No. of electrons                                     = 84
    No. of alpha electrons                           = 42
    No. of beta electrons                            = 42
Multiplicity                                         = 1

Geometry
========
Br       0.0000000       0.0000000       1.9199780
Br       0.0000000       0.0000000      -0.3671470
 N       0.0000000       0.0000000      -3.2350060
 C       0.0000000       0.0000000      -4.3766260
 H       0.0000000       0.0000000      -5.4442760

No violations of the orthonormality
No violations of the orthonormality
 
PNOF8/ADABelief Calculation
==================
 
  Nitext  Nit_orb  Time   Nit_occ  Time         Eelec          Etot           Ediff      maxdiff    MaxGrad_orb  Grad_occ
     1      10    1.2e+01    1    1.2e+01 -5667.59650847 -5238.16215171 -15666.59650847   0.000890   3.6e-03   1.3e-04 0.03
 
RESULTS OF THE OCCUPATION OPTIMIZATION
========================================
   1    2.0000000  -291.69175382
   2    2.0000000  -157.14467623
   3    2.0000000  -108.75489661
   4    2.0000000  -99.33516914
   5    2.0000000  -74.61714519
   6    2.0000000  -73.65126192
   7    2.0000000  -59.42250040
   8    2.0000000  -57.04292103
   9    2.0000000  -50.18159763
  10    2.0000000  -49.78157759
  11    2.0000000  -49.18651471
  12    2.0000000  -48.56594803
  13    2.0000000  -34.24891849
  14    2.0000000  -27.90063476
  15    2.0000000  -27.20579824
  16    2.0000000  -26.43781574
  17    2.0000000  -24.84846090
  18    2.0000000  -24.45975551
  19    2.0000000  -23.04799277
  20    2.0000000  -22.20143306
  21    2.0000000  -21.24717676
  22    2.0000000  -21.00305293
  23    2.0000000  -19.66957001
  24    2.0000000  -19.32451410
  25    2.0000000  -17.34590602
  26    2.0000000  -17.13626123
  27    2.0000000  -16.68534562
  28    2.0000000  -15.22453383
  29    2.0000000  -15.13633844
  30    2.0000000  -13.93481060
  31    2.0000000  -11.19156680
  32    2.0000000  -11.14972779
  33    2.0000000  -10.59008410
  34    2.0000000  -9.73535077
  35    2.0000000  -9.36596149
  36    2.0000000  -8.83421640
  37    2.0000000  -8.63762455
  38    2.0000000  -8.17479657
  39    2.0000000  -7.87466261
  40    1.9946261  -0.49129196
  41    1.9747337  -0.40790569
  42    1.9939928  -0.40672786
  43    0.0060072  -0.05284304
  44    0.0252663  -0.06320411
  45    0.0053739  -0.05143677
  46    0.0000000  -0.00000000
  47    0.0000000  -0.00000003
  48    0.0000000  -0.00000020
  49    0.0000000  -0.00000000
  50    0.0000000  -0.00000000
  51    0.0000000  -0.00000029
  52    0.0000000  -0.00000000
  53    0.0000000  -0.00000000
  54    0.0000000  -0.00000000
  55    0.0000000  -0.00000152
  56    0.0000000  -0.00000000
  57    0.0000000  -0.00000000
  58    0.0000000  -0.00000001
  59    0.0000000  -0.00000000
  60    0.0000000  -0.00000000
  61    0.0000000  -0.00000036
  62    0.0000000  -0.00000000
  63    0.0000000  -0.00000000
  64    0.0000000  -0.00000000
  65    0.0000000  -0.00000000
  66    0.0000000  -0.00000000
  67    0.0000000  -0.00000006
  68    0.0000000  -0.00000000
  69    0.0000000  -0.00000000
  70    0.0000000  -0.00000000
  71    0.0000000  -0.00000005
  72    0.0000000  -0.00000000
  73    0.0000000  -0.00000000
  74    0.0000000  -0.00000000
  75    0.0000000  -0.00000010
  76    0.0000000  -0.00000000
  77    0.0000000  -0.00000000
  78    0.0000000  -0.00000000
  79    0.0000000  -0.00000000
  80    0.0000000  -0.00000000
  81    0.0000000  -0.00000000
  82    0.0000000  -0.00000013
  83    0.0000000  -0.00000025
  84    0.0000000  -0.00000350
 
----------------
 Final Energies 
----------------
Final NOF Total Energy =   -5238.1621517
 
Total Orbital Internal Iterations = 10
Total Occupation Internal Iterations = 1
 
Elapsed time:   30.46 Seconds

---------------------------------
   Lowdin Population Analysis    
---------------------------------
 Idx  Atom   Population   Charge 
---------------------------------
  1    Br    35.041      -0.041
  2    Br    34.963       0.037
  3     N     6.932       0.068
  4     C     5.938       0.062
  5     H     1.125      -0.125

---------------------------------
   M Diagnostic: 0.03
---------------------------------

