Computing Integrals
Basis Set                                            = def2-qzvp
Auxiliary Basis Set                                  = def2-universal-jkfit
Gaussian Type                                        = Spherical
Elapsed time:    1.81 Seconds

Number of basis functions                   (NBF)    = 147
Number of auxiliary basis functions         (NBFAUX) = 131
Inactive Doubly occupied orbitals up to     (NO1)    = 0
No. considered Strongly Doubly occupied MOs (NDOC)   = 5
No. considered Strongly Singly occupied MOs (NSOC)   = 0
NO. of Weakly occ. per St. Doubly occ.  MOs (NCWO)   = 1
Dimension of the Nat. Orb. subspace         (NBF5)   = 10
No. of electrons                                     = 10
    No. of alpha electrons                           = 5
    No. of beta electrons                            = 5
Multiplicity                                         = 1

Geometry
========
 N       0.0000000       0.0000000       0.2812366
 H      -0.4708398       0.8155184      -0.0937455
 H      -0.4708398      -0.8155184      -0.0937455
 H       0.9416795       0.0000000      -0.0937455

No violations of the orthonormality
No violations of the orthonormality
 
PNOF8/ADABelief Calculation
==================
 
  Nitext  Nit_orb  Time   Nit_occ  Time         Eelec          Etot           Ediff      maxdiff    MaxGrad_orb  Grad_occ
     1      10    9.3e+00    0    1.2e+01   -68.33053661   -56.39354859 -10067.33053661   0.000502   2.0e-03   1.1e-04 0.03
 
RESULTS OF THE OCCUPATION OPTIMIZATION
========================================
   1    1.9997132  -15.54967390
   2    1.9895959  -0.96516827
   3    1.9736226  -0.64188256
   4    1.9736493  -0.64180212
   5    1.9736526  -0.64167899
   6    0.0263474  -0.02979603
   7    0.0263507  -0.02980155
   8    0.0263774  -0.02981568
   9    0.0104041  -0.01803990
  10    0.0002868  -0.00735546
 
----------------
 Final Energies 
----------------
Final NOF Total Energy =     -56.3935486
 
Total Orbital Internal Iterations = 10
Total Occupation Internal Iterations = 0
 
Elapsed time:   27.11 Seconds

---------------------------------
   Lowdin Population Analysis    
---------------------------------
 Idx  Atom   Population   Charge 
---------------------------------
  1     N     6.423       0.577
  2     H     1.192      -0.192
  3     H     1.192      -0.192
  4     H     1.192      -0.192

---------------------------------
   M Diagnostic: 0.03
---------------------------------

