Computing Integrals
Basis Set                                            = def2-qzvp
Auxiliary Basis Set                                  = def2-universal-jkfit
Gaussian Type                                        = Spherical
Elapsed time:    3.11 Seconds

Number of basis functions                   (NBF)    = 150
Number of auxiliary basis functions         (NBFAUX) = 532
Inactive Doubly occupied orbitals up to     (NO1)    = 0
No. considered Strongly Doubly occupied MOs (NDOC)   = 36
No. considered Strongly Singly occupied MOs (NSOC)   = 0
NO. of Weakly occ. per St. Doubly occ.  MOs (NCWO)   = 1
Dimension of the Nat. Orb. subspace         (NBF5)   = 72
No. of electrons                                     = 72
    No. of alpha electrons                           = 36
    No. of beta electrons                            = 36
Multiplicity                                         = 1

Geometry
========
Kr       0.0000000       0.0000000       2.0050000
Kr       0.0000000       0.0000000      -2.0050000

No violations of the orthonormality
No violations of the orthonormality
 
PNOF8/ADABelief Calculation
==================
 
  Nitext  Nit_orb  Time   Nit_occ  Time         Eelec          Etot           Ediff      maxdiff    MaxGrad_orb  Grad_occ
     1      10    1.0e+01    0    1.2e+01 -5676.53948409 -5505.51398312 -15675.53948409   0.000618   2.5e-03   3.1e-04 0.02
 
RESULTS OF THE OCCUPATION OPTIMIZATION
========================================
   1    1.9999990  -520.24696863
   2    1.9999992  -520.21334154
   3    1.9999943  -70.03601817
   4    1.9999899  -70.00003597
   5    1.9999719  -63.08988645
   6    1.9999691  -63.08968317
   7    1.9999837  -63.08958071
   8    1.9999845  -63.08945272
   9    1.9999842  -63.08937964
  10    1.9999838  -63.08919653
  11    1.9996465  -10.88480377
  12    1.9996427  -10.88422837
  13    1.9994729  -8.36275117
  14    1.9994688  -8.36269585
  15    1.9994717  -8.36257963
  16    1.9994713  -8.36256765
  17    1.9994379  -8.36235229
  18    1.9994380  -8.36234321
  19    1.9943295  -3.84994674
  20    1.9943211  -3.84989358
  21    1.9943292  -3.84981543
  22    1.9942974  -3.84966667
  23    1.9943055  -3.84926050
  24    1.9943434  -3.84871195
  25    1.9936731  -3.84808168
  26    1.9937187  -3.84781319
  27    1.9937344  -3.84761439
  28    1.9936284  -3.84731151
  29    1.9852986  -1.16764983
  30    1.9852731  -1.16756305
  31    1.9792770  -0.54104230
  32    1.9793234  -0.54083247
  33    1.9791535  -0.53993347
  34    1.9790953  -0.53940134
  35    1.9790584  -0.53939667
  36    1.9789167  -0.53878671
  37    0.0210833  -0.04326086
  38    0.0209416  -0.04316537
  39    0.0209047  -0.04321442
  40    0.0208465  -0.04313683
  41    0.0206766  -0.04308146
  42    0.0207230  -0.04315116
  43    0.0147269  -0.04176826
  44    0.0147014  -0.04175744
  45    0.0063716  -0.04485775
  46    0.0062656  -0.04958762
  47    0.0062813  -0.04907501
  48    0.0063269  -0.04532038
  49    0.0056566  -0.04407321
  50    0.0056945  -0.04415138
  51    0.0057026  -0.04421187
  52    0.0056708  -0.04409266
  53    0.0056789  -0.04410060
  54    0.0056705  -0.04408584
  55    0.0005620  -0.00640447
  56    0.0005621  -0.00591004
  57    0.0005287  -0.00790585
  58    0.0005283  -0.00816820
  59    0.0005312  -0.00848599
  60    0.0005271  -0.00884890
  61    0.0003573  -0.01354679
  62    0.0003535  -0.01440331
  63    0.0000162  -0.00100644
  64    0.0000158  -0.00098424
  65    0.0000155  -0.00097198
  66    0.0000163  -0.00100024
  67    0.0000309  -0.00655538
  68    0.0000281  -0.00634026
  69    0.0000101  -0.00145814
  70    0.0000057  -0.00173799
  71    0.0000008  -0.00091389
  72    0.0000010  -0.00138258
 
----------------
 Final Energies 
----------------
Final NOF Total Energy =   -5505.5139831
 
Total Orbital Internal Iterations = 10
Total Occupation Internal Iterations = 0
 
Elapsed time:   28.84 Seconds

---------------------------------
   Lowdin Population Analysis    
---------------------------------
 Idx  Atom   Population   Charge 
---------------------------------
  1    Kr    36.000       0.000
  2    Kr    36.000      -0.000

---------------------------------
   M Diagnostic: 0.02
---------------------------------

