Computing Integrals
Basis Set                                            = def2-qzvp
Auxiliary Basis Set                                  = def2-universal-jkfit
Gaussian Type                                        = Spherical
Elapsed time:    2.41 Seconds

Number of basis functions                   (NBF)    = 171
Number of auxiliary basis functions         (NBFAUX) = 229
Inactive Doubly occupied orbitals up to     (NO1)    = 0
No. considered Strongly Doubly occupied MOs (NDOC)   = 12
No. considered Strongly Singly occupied MOs (NSOC)   = 0
NO. of Weakly occ. per St. Doubly occ.  MOs (NCWO)   = 1
Dimension of the Nat. Orb. subspace         (NBF5)   = 24
No. of electrons                                     = 24
    No. of alpha electrons                           = 12
    No. of beta electrons                            = 12
Multiplicity                                         = 1

Geometry
========
 C       0.0000000       0.0000000       0.5932620
 F       0.0000000       1.0279900      -0.1977540
 F       0.0000000      -1.0279900      -0.1977540

No violations of the orthonormality
No violations of the orthonormality
 
PNOF8/ADABelief Calculation
==================
 
  Nitext  Nit_orb  Time   Nit_occ  Time         Eelec          Etot           Ediff      maxdiff    MaxGrad_orb  Grad_occ
     1      10    9.6e+00    0    1.2e+01  -302.14172036  -237.23302968 -10301.14172036   0.000501   2.0e-03   5.8e-05 0.04
 
RESULTS OF THE OCCUPATION OPTIMIZATION
========================================
   1    1.9998557  -26.42012418
   2    1.9998571  -26.41962350
   3    1.9994141  -11.42662429
   4    1.9932808  -1.53981296
   5    1.9932655  -1.53040869
   6    1.9709916  -0.93273187
   7    1.9709085  -0.92933002
   8    1.9884975  -0.85537314
   9    1.9883303  -0.85093986
  10    1.9884658  -0.83937792
  11    1.9872889  -0.82448030
  12    1.9627305  -0.55694388
  13    0.0372695  -0.04536776
  14    0.0127111  -0.02395631
  15    0.0115342  -0.02246135
  16    0.0116697  -0.02348821
  17    0.0115025  -0.02359621
  18    0.0290915  -0.05128949
  19    0.0290084  -0.05103327
  20    0.0067345  -0.01958676
  21    0.0067192  -0.01923059
  22    0.0005859  -0.01042436
  23    0.0001429  -0.00634248
  24    0.0001443  -0.00639731
 
----------------
 Final Energies 
----------------
Final NOF Total Energy =    -237.2330297
 
Total Orbital Internal Iterations = 10
Total Occupation Internal Iterations = 0
 
Elapsed time:   27.75 Seconds

---------------------------------
   Lowdin Population Analysis    
---------------------------------
 Idx  Atom   Population   Charge 
---------------------------------
  1     C     6.759      -0.759
  2     F     8.620       0.380
  3     F     8.621       0.379

---------------------------------
   M Diagnostic: 0.04
---------------------------------

