Computing Integrals
Basis Set                                            = def2-qzvp
Auxiliary Basis Set                                  = def2-universal-jkfit
Gaussian Type                                        = Spherical
Elapsed time:    3.13 Seconds

Number of basis functions                   (NBF)    = 204
Number of auxiliary basis functions         (NBFAUX) = 206
Inactive Doubly occupied orbitals up to     (NO1)    = 0
No. considered Strongly Doubly occupied MOs (NDOC)   = 9
No. considered Strongly Singly occupied MOs (NSOC)   = 0
NO. of Weakly occ. per St. Doubly occ.  MOs (NCWO)   = 1
Dimension of the Nat. Orb. subspace         (NBF5)   = 18
No. of electrons                                     = 18
    No. of alpha electrons                           = 9
    No. of beta electrons                            = 9
Multiplicity                                         = 1

Geometry
========
 F       0.0000000       0.0000000       0.7503860
 C       0.0000000       0.0000000      -0.6293630
 H       0.0000000       1.0269090      -0.9924300
 H       0.8893290      -0.5134540      -0.9924300
 H      -0.8893290      -0.5134540      -0.9924300

No violations of the orthonormality
No violations of the orthonormality
 
PNOF8/ADAM Calculation
==================
 
  Nitext  Nit_orb  Time   Nit_occ  Time         Eelec          Etot           Ediff      maxdiff    MaxGrad_orb  Grad_occ
     1      10    9.7e+00    6    1.2e+01  -166.51744956  -129.10599251 -10165.51744956   1.075071   4.3e+00   1.9e-04 0.01
     2      10    4.5e-01    9    4.4e-02  -172.66771808  -135.25626103    -6.15026852   0.590528   2.4e+00   2.1e-04 0.03
     3      10    1.1e+00    9    1.3e-02  -174.78144571  -137.36998866    -2.11372763   0.405166   1.6e+00   1.3e-04 0.04
     4      10    6.0e-01    8    1.7e-02  -175.52837607  -138.11691902    -0.74693036   0.240275   9.6e-01   9.3e-05 0.04
     5      10    6.5e-01    8    1.5e-02  -175.81649385  -138.40503680    -0.28811778   0.131870   5.3e-01   1.9e-04 0.05
     6      10    6.9e-01    7    4.2e-02  -176.00596933  -138.59451228    -0.18947548   0.156199   6.2e-01   1.2e-04 0.05
     7      10    6.7e-01    6    1.9e-02  -176.17698118  -138.76552413    -0.17101185   0.202830   8.1e-01   1.2e-04 0.04
     8      10    9.0e-01    6    2.2e-02  -176.33695713  -138.92550009    -0.15997595   0.223140   8.9e-01   1.0e-04 0.04
     9      10    1.9e+00    5    9.2e-03  -176.48828460  -139.07682755    -0.15132747   0.221343   8.9e-01   1.8e-04 0.04
    10      10    8.8e-01    5    2.4e-02  -176.61972387  -139.20826683    -0.13143927   0.193260   7.7e-01   1.2e-04 0.04
    11      10    7.3e-01    4    4.8e-02  -176.71139884  -139.29994180    -0.09167497   0.186722   7.5e-01   8.0e-05 0.04
    12      10    8.3e-01    4    3.3e-02  -176.77620223  -139.36474518    -0.06480339   0.158169   6.3e-01   7.5e-05 0.03
    13      10    6.7e-01    3    6.0e-02  -176.80957001  -139.39811297    -0.03336778   0.145026   5.8e-01   6.5e-05 0.03
    14      10    6.9e-01    2    2.1e-02  -176.82509448  -139.41363744    -0.01552447   0.158062   6.3e-01   1.3e-04 0.03
    15      10    1.0e+00    1    3.0e-02  -176.82564121  -139.41418416    -0.00054672   0.162272   6.5e-01   1.4e-04 0.03
    16      10    5.8e-01    0    1.4e-02  -176.82567392  -139.41421687    -0.00003271   0.162272   6.5e-01   1.4e-04 0.03
    17      30    2.3e+00    2    1.7e-02  -176.83719770  -139.42574066    -0.01152379   0.008176   3.3e-02   5.6e-05 0.03
    18      30    2.2e+00    1    3.9e-02  -176.83747824  -139.42602120    -0.00028054   0.001893   7.6e-03   8.2e-05 0.03
    19      30    3.1e+00    2    1.9e-02  -176.83748753  -139.42603048    -0.00000929   0.002056   8.2e-03   3.5e-05 0.03
    20      30    2.4e+00    1    3.5e-02  -176.83750032  -139.42604328    -0.00001279   0.002190   8.8e-03   4.8e-05 0.03
    21      30    2.7e+00    0    4.0e-02  -176.83750143  -139.42604438    -0.00000110   0.002190   8.8e-03   4.8e-05 0.03
    22      34    2.8e+00    1    2.5e-02  -176.83753771  -139.42608066    -0.00003628   0.000456   1.8e-03   6.2e-05 0.03
 
RESULTS OF THE OCCUPATION OPTIMIZATION
========================================
   1    1.9998585  -26.32609195
   2    1.9995729  -11.29102460
   3    1.9921949  -1.44066617
   4    1.9671710  -0.80175393
   5    1.9867347  -0.74960856
   6    1.9864947  -0.73504991
   7    1.9764811  -0.69877844
   8    1.9764633  -0.69849201
   9    1.9762976  -0.69299590
  10    0.0237024  -0.02653166
  11    0.0235367  -0.02644777
  12    0.0235189  -0.02633806
  13    0.0135053  -0.02372967
  14    0.0132653  -0.02382044
  15    0.0328290  -0.05237747
  16    0.0078051  -0.02305351
  17    0.0004271  -0.00795059
  18    0.0001415  -0.00627391
 
----------------
 Final Energies 
----------------
Final NOF Total Energy =    -139.4260807
 
Total Orbital Internal Iterations = 344
Total Occupation Internal Iterations = 90
 
Elapsed time:   59.41 Seconds

---------------------------------
   Lowdin Population Analysis    
---------------------------------
 Idx  Atom   Population   Charge 
---------------------------------
  1     F     8.715       0.285
  2     C     6.038      -0.038
  3     H     1.082      -0.082
  4     H     1.082      -0.082
  5     H     1.082      -0.082

---------------------------------
   M Diagnostic: 0.03
---------------------------------

