Computing Integrals
Basis Set                                            = def2-qzvp
Auxiliary Basis Set                                  = def2-universal-jkfit
Gaussian Type                                        = Spherical
Elapsed time:    2.43 Seconds

Number of basis functions                   (NBF)    = 140
Number of auxiliary basis functions         (NBFAUX) = 256
Inactive Doubly occupied orbitals up to     (NO1)    = 0
No. considered Strongly Doubly occupied MOs (NDOC)   = 17
No. considered Strongly Singly occupied MOs (NSOC)   = 0
NO. of Weakly occ. per St. Doubly occ.  MOs (NCWO)   = 7
Dimension of the Nat. Orb. subspace         (NBF5)   = 136
No. of electrons                                     = 34
    No. of alpha electrons                           = 17
    No. of beta electrons                            = 17
Multiplicity                                         = 1

Geometry
========
Cl       0.0000000       0.0000000      -0.9940861
Cl       0.0000000       0.0000000       0.9940861

No violations of the orthonormality
No violations of the orthonormality
 
PNOF8/ADAM Calculation
==================
 
  Nitext  Nit_orb  Time   Nit_occ  Time         Eelec          Etot           Ediff      maxdiff    MaxGrad_orb  Grad_occ
     1      10    1.1e+01   80    1.4e+01  -995.68586615  -918.76501376 -10994.68586615   0.003111   1.2e-02   2.4e-04 0.04
     2      20    2.6e+00    0    3.7e-02  -997.03492129  -920.11406890    -1.34905514   0.003111   1.2e-02   2.4e-04 0.04
     3      40    5.8e+00    3    1.1e-01  -997.03503955  -920.11418715    -0.00011825   0.001918   7.7e-03   2.4e-04 0.04
     4      40    5.5e+00    5    1.3e-01  -997.03515235  -920.11429996    -0.00011280   0.001963   7.9e-03   1.3e-04 0.04
     5      40    5.5e+00    5    1.4e-01  -997.03526434  -920.11441195    -0.00011199   0.002957   1.2e-02   1.6e-04 0.04
     6      40    5.8e+00    5    1.6e-01  -997.03539986  -920.11454747    -0.00013552   0.002503   1.0e-02   1.8e-04 0.04
     7      40    5.7e+00    6    1.8e-01  -997.03553070  -920.11467831    -0.00013084   0.002732   1.1e-02   2.1e-04 0.04
     8      40    5.5e+00    2    7.2e-02  -997.03566820  -920.11481581    -0.00013750   0.002468   9.9e-03   2.7e-04 0.04
     9      40    5.5e+00    5    1.4e-01  -997.03578465  -920.11493225    -0.00011644   0.003085   1.2e-02   1.8e-04 0.04
    10      40    5.5e+00    5    1.4e-01  -997.03591312  -920.11506073    -0.00012848   0.002330   9.3e-03   2.2e-04 0.04
    11      40    5.5e+00    5    1.3e-01  -997.03602849  -920.11517609    -0.00011536   0.002267   9.1e-03   2.2e-04 0.04
    12      40    5.5e+00    5    1.1e-01  -997.03613677  -920.11528438    -0.00010829   0.002455   9.8e-03   2.4e-04 0.04
    13      40    5.5e+00    7    1.4e-01  -997.03623423  -920.11538184    -0.00009745   0.002245   9.0e-03   1.9e-04 0.04
    14      40    5.4e+00    3    1.3e-01  -997.03632890  -920.11547651    -0.00009467   0.002189   8.8e-03   1.7e-04 0.04
    15      40    5.6e+00    3    1.2e-01  -997.03640434  -920.11555195    -0.00007544   0.001985   7.9e-03   2.0e-04 0.04
    16      40    5.5e+00    3    1.3e-01  -997.03647409  -920.11562170    -0.00006975   0.002244   9.0e-03   1.8e-04 0.04
    17      40    5.4e+00    3    8.7e-02  -997.03653481  -920.11568241    -0.00006072   0.002108   8.4e-03   2.1e-04 0.04
    18      40    5.4e+00    3    8.4e-02  -997.03659181  -920.11573942    -0.00005700   0.002610   1.0e-02   2.0e-04 0.04
    19      40    5.5e+00    3    1.0e-01  -997.03664494  -920.11579255    -0.00005313   0.002187   8.7e-03   2.1e-04 0.04
    20      40    5.4e+00    3    1.0e-01  -997.03669645  -920.11584406    -0.00005151   0.002580   1.0e-02   2.0e-04 0.04
    21      40    5.5e+00    3    1.4e-01  -997.03675099  -920.11589859    -0.00005454   0.002525   1.0e-02   2.1e-04 0.04
    22      40    5.5e+00    3    1.3e-01  -997.03682020  -920.11596780    -0.00006921   0.002562   1.0e-02   2.0e-04 0.04
    23      40    5.6e+00    3    9.4e-02  -997.03689689  -920.11604450    -0.00007670   0.002638   1.1e-02   2.0e-04 0.04
    24      40    5.6e+00    3    1.4e-01  -997.03699091  -920.11613851    -0.00009401   0.002815   1.1e-02   2.0e-04 0.04
    25      40    5.8e+00    3    8.4e-02  -997.03709160  -920.11623921    -0.00010070   0.002593   1.0e-02   2.0e-04 0.04
    26      40    5.4e+00    3    1.2e-01  -997.03720072  -920.11634833    -0.00010911   0.002597   1.0e-02   2.0e-04 0.04
    27      40    5.5e+00    3    1.2e-01  -997.03733130  -920.11647891    -0.00013058   0.002542   1.0e-02   2.0e-04 0.04
    28      40    5.4e+00    3    1.6e-01  -997.03747068  -920.11661829    -0.00013938   0.002884   1.2e-02   2.1e-04 0.04
    29      40    5.6e+00    3    8.6e-02  -997.03761949  -920.11676710    -0.00014881   0.002402   9.6e-03   2.2e-04 0.04
    30      40    5.4e+00    3    1.4e-01  -997.03780246  -920.11695007    -0.00018298   0.002920   1.2e-02   2.7e-04 0.04
    31      40    5.6e+00   11    2.1e-01  -997.03800981  -920.11715742    -0.00020735   0.003341   1.3e-02   1.5e-04 0.04
    32      40    5.3e+00    7    1.7e-01  -997.03833100  -920.11747861    -0.00032119   0.003191   1.3e-02   1.7e-04 0.04
    33      40    5.8e+00    7    1.7e-01  -997.03866752  -920.11781513    -0.00033652   0.003446   1.4e-02   1.8e-04 0.04
    34      40    5.5e+00    7    1.3e-01  -997.03902843  -920.11817604    -0.00036091   0.003414   1.4e-02   1.9e-04 0.04
    35      40    5.6e+00    5    1.2e-01  -997.03938374  -920.11853134    -0.00035531   0.003514   1.4e-02   2.6e-04 0.04
    36      40    5.7e+00    7    1.7e-01  -997.03969616  -920.11884377    -0.00031243   0.003514   1.4e-02   2.1e-04 0.04
    37      40    5.5e+00    5    1.5e-01  -997.03999904  -920.11914665    -0.00030288   0.003464   1.4e-02   2.5e-04 0.04
    38      40    5.6e+00    2    1.4e-01  -997.04024624  -920.11939385    -0.00024721   0.003570   1.4e-02   2.7e-04 0.04
    39      40    5.4e+00    3    1.3e-01  -997.04044820  -920.11959581    -0.00020196   0.003406   1.4e-02   2.5e-04 0.04
    40      40    5.5e+00    7    1.7e-01  -997.04061428  -920.11976189    -0.00016608   0.003859   1.5e-02   2.0e-04 0.04
 
RESULTS OF THE OCCUPATION OPTIMIZATION
========================================
   1    1.9999988  -104.95363844
   2    1.9999992  -104.95328544
   3    1.9998694  -10.63768511
   4    1.9996848  -10.63417010
   5    1.9992692  -8.11509112
   6    1.9993010  -8.11304464
   7    1.9991791  -8.10849712
   8    1.9994154  -8.10848109
   9    1.9994162  -8.10751791
  10    1.9993640  -8.10734215
  11    1.9805618  -1.13617462
  12    1.9797023  -1.13239905
  13    1.9585161  -0.63258063
  14    1.9718683  -0.53417816
  15    1.9711076  -0.53344095
  16    1.9653641  -0.52301001
  17    1.9625141  -0.52254579
  18    0.0120160  -0.01882977
  19    0.0110816  -0.01854393
  20    0.0091149  -0.01794998
  21    0.0098032  -0.01917876
  22    0.0396172  -0.06253434
  23    0.0066490  -0.02902535
  24    0.0064892  -0.02844143
  25    0.0004502  -0.01046389
  26    0.0004441  -0.01039849
  27    0.0004216  -0.00995141
  28    0.0003886  -0.00945182
  29    0.0005242  -0.01191238
  30    0.0005164  -0.01179984
  31    0.0002803  -0.00731104
  32    0.0000902  -0.00090411
  33    0.0000001  -0.00000646
  34    0.0000002  -0.00000987
  35    0.0117407  -0.01846430
  36    0.0110301  -0.01851767
  37    0.0079220  -0.01664599
  38    0.0071661  -0.01935741
  39    0.0006393  -0.00152825
  40    0.0049283  -0.01835743
  41    0.0050838  -0.01729923
  42    0.0000709  -0.00175843
  43    0.0000728  -0.00250443
  44    0.0000702  -0.00196039
  45    0.0003292  -0.00837284
  46    0.0000672  -0.00074094
  47    0.0000716  -0.00083152
  48    0.0000098  -0.00022470
  49    0.0000098  -0.00047105
  50    0.0000001  -0.00000446
  51    0.0000002  -0.00000937
  52    0.0115600  -0.01828825
  53    0.0096401  -0.01665299
  54    0.0067236  -0.01903057
  55    0.0064170  -0.01695425
  56    0.0004295  -0.00112746
  57    0.0039120  -0.01689725
  58    0.0020148  -0.01095322
  59    0.0000611  -0.00086028
  60    0.0000168  -0.00014596
  61    0.0000423  -0.00042131
  62    0.0000645  -0.00138262
  63    0.0000472  -0.00049045
  64    0.0000626  -0.00068865
  65    0.0000069  -0.00008075
  66    0.0000081  -0.00008017
  67    0.0000001  -0.00000398
  68    0.0000002  -0.00000905
  69    0.0006594  -0.00147118
  70    0.0015863  -0.00711472
  71    0.0021657  -0.00929933
  72    0.0021801  -0.00972927
  73    0.0003649  -0.00098384
  74    0.0020337  -0.01034854
  75    0.0019973  -0.01041157
  76    0.0000162  -0.00014364
  77    0.0000157  -0.00028585
  78    0.0000148  -0.00051229
  79    0.0000140  -0.00050960
  80    0.0000192  -0.00016129
  81    0.0000379  -0.00042427
  82    0.0000063  -0.00008748
  83    0.0000070  -0.00008053
  84    0.0000001  -0.00000398
  85    0.0000002  -0.00000892
  86    0.0006487  -0.00150199
  87    0.0006553  -0.00152594
  88    0.0020981  -0.00944997
  89    0.0011889  -0.00599208
  90    0.0002565  -0.00084586
  91    0.0019158  -0.00995640
  92    0.0019492  -0.01026572
  93    0.0000159  -0.00026744
  94    0.0000127  -0.00011836
  95    0.0000131  -0.00012393
  96    0.0000089  -0.00008159
  97    0.0000182  -0.00015496
  98    0.0000181  -0.00015645
  99    0.0000061  -0.00006033
 100    0.0000067  -0.00006547
 101    0.0000001  -0.00000215
 102    0.0000002  -0.00000843
 103    0.0006317  -0.00142676
 104    0.0003826  -0.00108003
 105    0.0006519  -0.00161797
 106    0.0006976  -0.00177109
 107    0.0001047  -0.00035500
 108    0.0005397  -0.00162331
 109    0.0016372  -0.00894995
 110    0.0000110  -0.00023337
 111    0.0000113  -0.00009689
 112    0.0000114  -0.00010859
 113    0.0000088  -0.00008093
 114    0.0000135  -0.00012276
 115    0.0000158  -0.00013173
 116    0.0000031  -0.00005976
 117    0.0000062  -0.00006321
 118    0.0000001  -0.00000212
 119    0.0000002  -0.00000758
 120    0.0002294  -0.00088396
 121    0.0002599  -0.00104697
 122    0.0002163  -0.00096203
 123    0.0006787  -0.00167028
 124    0.0000718  -0.00021163
 125    0.0003192  -0.00139337
 126    0.0002669  -0.00123301
 127    0.0000107  -0.00010609
 128    0.0000104  -0.00009196
 129    0.0000112  -0.00009103
 130    0.0000068  -0.00012598
 131    0.0000095  -0.00016673
 132    0.0000083  -0.00007945
 133    0.0000027  -0.00052951
 134    0.0000025  -0.00047903
 135    0.0000001  -0.00000181
 136    0.0000002  -0.00000749
 
----------------
 Final Energies 
----------------
Final NOF Total Energy =    -920.1197619
 
Total Orbital Internal Iterations = 1550
Total Occupation Internal Iterations = 245
 
Elapsed time:  255.99 Seconds

---------------------------------
   Lowdin Population Analysis    
---------------------------------
 Idx  Atom   Population   Charge 
---------------------------------
  1    Cl    16.999       0.001
  2    Cl    17.001      -0.001

---------------------------------
   M Diagnostic: 0.04
---------------------------------

