Computing Integrals
Basis Set                                            = def2-qzvp
Auxiliary Basis Set                                  = def2-universal-jkfit
Gaussian Type                                        = Spherical
Elapsed time:   17.62 Seconds

Number of basis functions                   (NBF)    = 762
Number of auxiliary basis functions         (NBFAUX) = 1218
Inactive Doubly occupied orbitals up to     (NO1)    = 0
No. considered Strongly Doubly occupied MOs (NDOC)   = 69
No. considered Strongly Singly occupied MOs (NSOC)   = 0
NO. of Weakly occ. per St. Doubly occ.  MOs (NCWO)   = 10
Dimension of the Nat. Orb. subspace         (NBF5)   = 759
No. of electrons                                     = 138
    No. of alpha electrons                           = 69
    No. of beta electrons                            = 69
Multiplicity                                         = 1

Geometry
========
 C      -1.2045878       0.6954665       0.0000000
 C      -1.2045878      -0.6954666       0.0000000
 C      -0.0000000      -1.3909631       0.0000000
 C       1.2045879      -0.6954665       0.0000000
 C       1.2045880       0.6954665       0.0000000
 C      -0.0000000       1.3909631       0.0000000
Cl      -2.6827211      -1.5488874       0.0000000
Cl      -0.0000000      -3.0976517       0.0000000
Cl       2.6827211      -1.5488876       0.0000000
Cl       2.6827212       1.5488875       0.0000000
Cl      -0.0000003       3.0976517       0.0000000
Cl      -2.6827210       1.5488875       0.0000000

No violations of the orthonormality
No violations of the orthonormality
 
PNOF8/ADABelief Calculation
==================
 
  Nitext  Nit_orb  Time   Nit_occ  Time         Eelec          Etot           Ediff      maxdiff    MaxGrad_orb  Grad_occ
     1      10    1.7e+02    0    3.7e+01 -4345.94024154 -2988.81946065 -14344.94024154   0.000666   2.7e-03   1.2e-04 0.04
 
RESULTS OF THE OCCUPATION OPTIMIZATION
========================================
   1    1.9999996  -104.92818743
   2    1.9999996  -104.92792618
   3    1.9999996  -104.92790787
   4    1.9999996  -104.92766008
   5    1.9999996  -104.92757181
   6    1.9999996  -104.92756458
   7    1.9999426  -11.34871290
   8    1.9999410  -11.34844036
   9    1.9999420  -11.34831543
  10    1.9999463  -11.34773619
  11    1.9999402  -11.34764562
  12    1.9999447  -11.34757943
  13    1.9998469  -10.61841208
  14    1.9998507  -10.61774008
  15    1.9998553  -10.61683059
  16    1.9998588  -10.61631631
  17    1.9998491  -10.61617628
  18    1.9997310  -10.61166240
  19    1.9993890  -8.09709832
  20    1.9995818  -8.09214871
  21    1.9995879  -8.09095694
  22    1.9994645  -8.09034882
  23    1.9995484  -8.09010911
  24    1.9995717  -8.08978717
  25    1.9994439  -8.08904420
  26    1.9995124  -8.08830721
  27    1.9994879  -8.08777890
  28    1.9994986  -8.08763876
  29    1.9995201  -8.08760377
  30    1.9994823  -8.08728086
  31    1.9995245  -8.08720948
  32    1.9994980  -8.08713694
  33    1.9995102  -8.08690799
  34    1.9995045  -8.08673974
  35    1.9994598  -8.08672551
  36    1.9994552  -8.08609162
  37    1.9847468  -1.28598654
  38    1.9838729  -1.19682563
  39    1.9808412  -1.14828269
  40    1.9807981  -1.13219758
  41    1.9808363  -1.12712418
  42    1.9790033  -1.12595998
  43    1.9786722  -1.11928228
  44    1.9784086  -1.10304394
  45    1.9778204  -0.99873443
  46    1.9750989  -0.91702002
  47    1.9721311  -0.80064992
  48    1.9706245  -0.79064902
  49    1.9642523  -0.67747468
  50    1.9639595  -0.67534491
  51    1.9645042  -0.67497311
  52    1.9641656  -0.67484325
  53    1.9645006  -0.67172019
  54    1.9621979  -0.66977638
  55    1.9742170  -0.54338595
  56    1.9749577  -0.54216736
  57    1.9718497  -0.54097735
  58    1.9687623  -0.53568454
  59    1.9708845  -0.53364736
  60    1.9681742  -0.53132173
  61    1.9633598  -0.51979856
  62    1.9634365  -0.51887465
  63    1.9689389  -0.51842701
  64    1.9640388  -0.51817762
  65    1.9634321  -0.51739313
  66    1.9639600  -0.51581720
  67    1.9603058  -0.48376248
  68    1.9597619  -0.47865210
  69    1.9586783  -0.46390684
  70    0.0349581  -0.04303491
  71    0.0253764  -0.03529557
  72    0.0269380  -0.03690093
  73    0.0110117  -0.01894464
  74    0.0118224  -0.01896060
  75    0.0112499  -0.01901920
  76    0.0123858  -0.01998487
  77    0.0115223  -0.01872685
  78    0.0119256  -0.01906726
  79    0.0109432  -0.01784643
  80    0.0109010  -0.01868398
  81    0.0097407  -0.01717424
  82    0.0098736  -0.01949574
  83    0.0083693  -0.02275248
  84    0.0082994  -0.01673703
  85    0.0277144  -0.04551463
  86    0.0310132  -0.04870241
  87    0.0331972  -0.05016717
  88    0.0312448  -0.04893690
  89    0.0332818  -0.05001551
  90    0.0321555  -0.04949017
  91    0.0152807  -0.02678134
  92    0.0154229  -0.02689128
  93    0.0140552  -0.02602482
  94    0.0104396  -0.02309684
  95    0.0071494  -0.02600412
  96    0.0061480  -0.01881165
  97    0.0059178  -0.02317826
  98    0.0063600  -0.02616489
  99    0.0059470  -0.01960485
 100    0.0066262  -0.02628067
 101    0.0041906  -0.01748561
 102    0.0029322  -0.01391381
 103    0.0004762  -0.01061669
 104    0.0004657  -0.01045458
 105    0.0004035  -0.00953388
 106    0.0004172  -0.00979651
 107    0.0004100  -0.00961787
 108    0.0003963  -0.00920793
 109    0.0004233  -0.00975445
 110    0.0004047  -0.00947864
 111    0.0004149  -0.00965441
 112    0.0003991  -0.00941283
 113    0.0004156  -0.00968292
 114    0.0004119  -0.00961791
 115    0.0003340  -0.00771721
 116    0.0003579  -0.00835555
 117    0.0003612  -0.00848944
 118    0.0002990  -0.00677033
 119    0.0003229  -0.00743168
 120    0.0005485  -0.01198470
 121    0.0002566  -0.00647608
 122    0.0001226  -0.00501905
 123    0.0000378  -0.00064353
 124    0.0001218  -0.00497578
 125    0.0001239  -0.00498926
 126    0.0001218  -0.00503095
 127    0.0000186  -0.00017002
 128    0.0000301  -0.00061148
 129    0.0000314  -0.00063091
 130    0.0000303  -0.00060435
 131    0.0000290  -0.00057063
 132    0.0000305  -0.00060885
 133    0.0000002  -0.00000325
 134    0.0000003  -0.00000370
 135    0.0000002  -0.00000324
 136    0.0000003  -0.00000366
 137    0.0000003  -0.00000457
 138    0.0000002  -0.00000294
 139    0.0044945  -0.00759383
 140    0.0133814  -0.02176103
 141    0.0081214  -0.01490868
 142    0.0108756  -0.01800481
 143    0.0117609  -0.01841025
 144    0.0109961  -0.01812826
 145    0.0118865  -0.01978996
 146    0.0114022  -0.01825000
 147    0.0117244  -0.01846199
 148    0.0105461  -0.01841397
 149    0.0100420  -0.01762184
 150    0.0094643  -0.01783356
 151    0.0098727  -0.01807699
 152    0.0072427  -0.02078565
 153    0.0082333  -0.02378375
 154    0.0083931  -0.01518068
 155    0.0025354  -0.00642305
 156    0.0008481  -0.00206522
 157    0.0024785  -0.00623851
 158    0.0008359  -0.00204078
 159    0.0010289  -0.00263102
 160    0.0050440  -0.01112024
 161    0.0031636  -0.00720002
 162    0.0032841  -0.01142406
 163    0.0028050  -0.01035068
 164    0.0058526  -0.01675703
 165    0.0057397  -0.01915329
 166    0.0052474  -0.01882601
 167    0.0053912  -0.01978664
 168    0.0057043  -0.01974696
 169    0.0053082  -0.01950277
 170    0.0026866  -0.01284356
 171    0.0020068  -0.00992116
 172    0.0000198  -0.00075157
 173    0.0000204  -0.00080778
 174    0.0000161  -0.00024468
 175    0.0000155  -0.00024580
 176    0.0000208  -0.00125768
 177    0.0000176  -0.00053252
 178    0.0000160  -0.00084411
 179    0.0000156  -0.00031910
 180    0.0000170  -0.00032352
 181    0.0000378  -0.00052844
 182    0.0000200  -0.00076539
 183    0.0000741  -0.00326720
 184    0.0000194  -0.00054505
 185    0.0000226  -0.00078958
 186    0.0001280  -0.00511582
 187    0.0000208  -0.00046370
 188    0.0000197  -0.00047749
 189    0.0000157  -0.00013697
 190    0.0000032  -0.00037398
 191    0.0000057  -0.00005946
 192    0.0000195  -0.00017090
 193    0.0000051  -0.00005809
 194    0.0000052  -0.00005709
 195    0.0000095  -0.00009221
 196    0.0000135  -0.00019712
 197    0.0000136  -0.00013198
 198    0.0000109  -0.00010875
 199    0.0000089  -0.00009885
 200    0.0000130  -0.00016824
 201    0.0000115  -0.00010857
 202    0.0000001  -0.00000187
 203    0.0000000  -0.00000117
 204    0.0000001  -0.00000203
 205    0.0000000  -0.00000127
 206    0.0000000  -0.00000089
 207    0.0000001  -0.00000220
 208    0.0006533  -0.00142263
 209    0.0005950  -0.00138651
 210    0.0034378  -0.00652773
 211    0.0105770  -0.01766790
 212    0.0111903  -0.01775596
 213    0.0101696  -0.01716170
 214    0.0022921  -0.00825042
 215    0.0112957  -0.01824273
 216    0.0109993  -0.01755024
 217    0.0079151  -0.01917938
 218    0.0036332  -0.01245866
 219    0.0073467  -0.01895356
 220    0.0034565  -0.01247166
 221    0.0027289  -0.00933298
 222    0.0020793  -0.00914183
 223    0.0007389  -0.00185991
 224    0.0008033  -0.00199102
 225    0.0007303  -0.00175532
 226    0.0006945  -0.00171815
 227    0.0007139  -0.00172937
 228    0.0008442  -0.00210903
 229    0.0032147  -0.00654134
 230    0.0030623  -0.00720242
 231    0.0029002  -0.00644067
 232    0.0024798  -0.00828574
 233    0.0055984  -0.01893142
 234    0.0055343  -0.01931826
 235    0.0051648  -0.01919445
 236    0.0020991  -0.01006519
 237    0.0029464  -0.01364481
 238    0.0021839  -0.01021881
 239    0.0018891  -0.00963945
 240    0.0018701  -0.00982123
 241    0.0000094  -0.00008458
 242    0.0000122  -0.00010127
 243    0.0000140  -0.00012432
 244    0.0000131  -0.00011466
 245    0.0000149  -0.00013134
 246    0.0000139  -0.00014412
 247    0.0000148  -0.00013196
 248    0.0000130  -0.00012344
 249    0.0000137  -0.00014187
 250    0.0000119  -0.00011240
 251    0.0000115  -0.00009885
 252    0.0000131  -0.00011735
 253    0.0000163  -0.00013849
 254    0.0000139  -0.00012069
 255    0.0000114  -0.00010027
 256    0.0000181  -0.00014760
 257    0.0000158  -0.00013784
 258    0.0000150  -0.00013404
 259    0.0000025  -0.00002674
 260    0.0000043  -0.00005835
 261    0.0000174  -0.00015606
 262    0.0000037  -0.00004497
 263    0.0000050  -0.00005249
 264    0.0000053  -0.00005496
 265    0.0000067  -0.00007188
 266    0.0000060  -0.00006690
 267    0.0000040  -0.00004589
 268    0.0000069  -0.00006791
 269    0.0000072  -0.00006945
 270    0.0000044  -0.00004348
 271    0.0000000  -0.00000097
 272    0.0000000  -0.00000080
 273    0.0000000  -0.00000067
 274    0.0000000  -0.00000105
 275    0.0000000  -0.00000071
 276    0.0000000  -0.00000104
 277    0.0005397  -0.00128058
 278    0.0003085  -0.00079102
 279    0.0006090  -0.00141057
 280    0.0021932  -0.00639780
 281    0.0006489  -0.00145043
 282    0.0018673  -0.00516109
 283    0.0017621  -0.00639003
 284    0.0009669  -0.00254318
 285    0.0006528  -0.00147486
 286    0.0007299  -0.00162306
 287    0.0022145  -0.00877046
 288    0.0021416  -0.00793590
 289    0.0022002  -0.00926780
 290    0.0022014  -0.00962612
 291    0.0020232  -0.00928830
 292    0.0006069  -0.00154708
 293    0.0006960  -0.00171764
 294    0.0005544  -0.00142484
 295    0.0005776  -0.00140750
 296    0.0007060  -0.00160877
 297    0.0007060  -0.00172915
 298    0.0029640  -0.00725373
 299    0.0027542  -0.00697679
 300    0.0016496  -0.00601273
 301    0.0019875  -0.00727626
 302    0.0014730  -0.00711472
 303    0.0021806  -0.00958968
 304    0.0019281  -0.00989426
 305    0.0019515  -0.01000632
 306    0.0020628  -0.01018517
 307    0.0019956  -0.01008985
 308    0.0018111  -0.00957230
 309    0.0018321  -0.00951698
 310    0.0000086  -0.00009039
 311    0.0000089  -0.00008373
 312    0.0000129  -0.00014687
 313    0.0000103  -0.00009725
 314    0.0000114  -0.00009652
 315    0.0000124  -0.00010680
 316    0.0000128  -0.00021097
 317    0.0000114  -0.00009535
 318    0.0000105  -0.00009067
 319    0.0000116  -0.00011392
 320    0.0000108  -0.00009268
 321    0.0000100  -0.00008814
 322    0.0000139  -0.00012139
 323    0.0000123  -0.00010495
 324    0.0000078  -0.00007439
 325    0.0000161  -0.00013983
 326    0.0000141  -0.00012761
 327    0.0000127  -0.00010642
 328    0.0000016  -0.00004989
 329    0.0000039  -0.00003650
 330    0.0000170  -0.00014855
 331    0.0000035  -0.00003783
 332    0.0000043  -0.00004721
 333    0.0000048  -0.00006438
 334    0.0000039  -0.00005241
 335    0.0000024  -0.00004251
 336    0.0000018  -0.00002002
 337    0.0000032  -0.00003351
 338    0.0000034  -0.00004465
 339    0.0000035  -0.00004037
 340    0.0000000  -0.00000084
 341    0.0000000  -0.00000077
 342    0.0000000  -0.00000056
 343    0.0000000  -0.00000060
 344    0.0000000  -0.00000061
 345    0.0000000  -0.00000090
 346    0.0002338  -0.00058916
 347    0.0001743  -0.00050956
 348    0.0002286  -0.00062299
 349    0.0006171  -0.00143547
 350    0.0005143  -0.00134994
 351    0.0006192  -0.00143614
 352    0.0007573  -0.00174035
 353    0.0006347  -0.00143120
 354    0.0005296  -0.00128831
 355    0.0007187  -0.00162871
 356    0.0008113  -0.00213704
 357    0.0006803  -0.00159417
 358    0.0007108  -0.00164993
 359    0.0020961  -0.00969672
 360    0.0018606  -0.00830705
 361    0.0000763  -0.00027846
 362    0.0001120  -0.00036284
 363    0.0001348  -0.00041845
 364    0.0001123  -0.00038446
 365    0.0001168  -0.00035787
 366    0.0006936  -0.00159132
 367    0.0011412  -0.00343875
 368    0.0012151  -0.00399582
 369    0.0011962  -0.00413596
 370    0.0015320  -0.00668026
 371    0.0005504  -0.00318305
 372    0.0005795  -0.00162226
 373    0.0018477  -0.00961836
 374    0.0018764  -0.00968747
 375    0.0012298  -0.00519181
 376    0.0019940  -0.01010676
 377    0.0017521  -0.00893197
 378    0.0017203  -0.00875963
 379    0.0000082  -0.00007919
 380    0.0000081  -0.00008952
 381    0.0000117  -0.00009806
 382    0.0000099  -0.00008663
 383    0.0000099  -0.00009008
 384    0.0000102  -0.00008910
 385    0.0000111  -0.00009978
 386    0.0000109  -0.00009321
 387    0.0000103  -0.00009188
 388    0.0000105  -0.00009547
 389    0.0000090  -0.00009212
 390    0.0000099  -0.00008604
 391    0.0000127  -0.00011008
 392    0.0000118  -0.00010372
 393    0.0000065  -0.00006496
 394    0.0000148  -0.00012748
 395    0.0000126  -0.00010799
 396    0.0000095  -0.00009020
 397    0.0000011  -0.00001469
 398    0.0000037  -0.00004204
 399    0.0000159  -0.00013278
 400    0.0000027  -0.00002918
 401    0.0000028  -0.00002860
 402    0.0000032  -0.00003562
 403    0.0000038  -0.00004118
 404    0.0000018  -0.00001844
 405    0.0000012  -0.00001294
 406    0.0000029  -0.00003317
 407    0.0000018  -0.00002014
 408    0.0000016  -0.00001770
 409    0.0000000  -0.00000049
 410    0.0000000  -0.00000045
 411    0.0000000  -0.00000044
 412    0.0000000  -0.00000042
 413    0.0000000  -0.00000057
 414    0.0000000  -0.00000048
 415    0.0001312  -0.00034371
 416    0.0001144  -0.00032257
 417    0.0000960  -0.00027540
 418    0.0004959  -0.00124263
 419    0.0002126  -0.00077366
 420    0.0004882  -0.00122556
 421    0.0007268  -0.00162126
 422    0.0002322  -0.00085502
 423    0.0002451  -0.00093749
 424    0.0002854  -0.00091811
 425    0.0006615  -0.00157516
 426    0.0006802  -0.00159357
 427    0.0006960  -0.00162370
 428    0.0006564  -0.00164255
 429    0.0016805  -0.00750380
 430    0.0000563  -0.00019168
 431    0.0001017  -0.00032300
 432    0.0001062  -0.00033352
 433    0.0001063  -0.00034089
 434    0.0001048  -0.00033116
 435    0.0000864  -0.00027016
 436    0.0005688  -0.00154542
 437    0.0010594  -0.00319839
 438    0.0006726  -0.00277380
 439    0.0011940  -0.00475631
 440    0.0003304  -0.00148638
 441    0.0005743  -0.00160035
 442    0.0002340  -0.00124390
 443    0.0007889  -0.00742360
 444    0.0006877  -0.00443256
 445    0.0003711  -0.00164309
 446    0.0010114  -0.00850498
 447    0.0014726  -0.00734438
 448    0.0000070  -0.00008113
 449    0.0000069  -0.00006780
 450    0.0000112  -0.00009713
 451    0.0000077  -0.00007390
 452    0.0000093  -0.00008068
 453    0.0000075  -0.00009742
 454    0.0000103  -0.00010396
 455    0.0000090  -0.00008305
 456    0.0000094  -0.00009851
 457    0.0000102  -0.00009374
 458    0.0000069  -0.00006629
 459    0.0000089  -0.00007940
 460    0.0000105  -0.00009142
 461    0.0000097  -0.00008614
 462    0.0000059  -0.00005854
 463    0.0000131  -0.00011073
 464    0.0000097  -0.00009269
 465    0.0000028  -0.00002956
 466    0.0000010  -0.00001169
 467    0.0000027  -0.00002904
 468    0.0000090  -0.00009367
 469    0.0000025  -0.00003025
 470    0.0000025  -0.00003072
 471    0.0000023  -0.00007386
 472    0.0000033  -0.00003420
 473    0.0000016  -0.00001583
 474    0.0000012  -0.00001467
 475    0.0000017  -0.00001847
 476    0.0000012  -0.00001644
 477    0.0000015  -0.00001404
 478    0.0000000  -0.00000022
 479    0.0000000  -0.00000029
 480    0.0000000  -0.00000030
 481    0.0000000  -0.00000040
 482    0.0000000  -0.00000027
 483    0.0000000  -0.00000041
 484    0.0000969  -0.00027260
 485    0.0000916  -0.00027372
 486    0.0000935  -0.00028968
 487    0.0000835  -0.00033663
 488    0.0002080  -0.00070718
 489    0.0002310  -0.00087889
 490    0.0006939  -0.00156910
 491    0.0002138  -0.00075825
 492    0.0002096  -0.00073039
 493    0.0002422  -0.00082097
 494    0.0003269  -0.00119888
 495    0.0006677  -0.00155101
 496    0.0006916  -0.00162181
 497    0.0006456  -0.00163420
 498    0.0009908  -0.00338846
 499    0.0000550  -0.00019003
 500    0.0000636  -0.00020948
 501    0.0000756  -0.00023966
 502    0.0000998  -0.00033066
 503    0.0000976  -0.00031105
 504    0.0000631  -0.00021356
 505    0.0003916  -0.00127948
 506    0.0004215  -0.00142309
 507    0.0003886  -0.00140591
 508    0.0006865  -0.00392644
 509    0.0002660  -0.00128519
 510    0.0001925  -0.00099747
 511    0.0002132  -0.00118428
 512    0.0002572  -0.00133353
 513    0.0002417  -0.00136430
 514    0.0002370  -0.00127206
 515    0.0009533  -0.01059684
 516    0.0013234  -0.00728963
 517    0.0000058  -0.00005818
 518    0.0000055  -0.00005513
 519    0.0000093  -0.00008429
 520    0.0000053  -0.00008121
 521    0.0000083  -0.00008478
 522    0.0000069  -0.00007639
 523    0.0000088  -0.00009494
 524    0.0000079  -0.00009037
 525    0.0000086  -0.00008207
 526    0.0000097  -0.00008794
 527    0.0000051  -0.00017262
 528    0.0000085  -0.00008813
 529    0.0000083  -0.00009078
 530    0.0000089  -0.00008141
 531    0.0000051  -0.00006027
 532    0.0000091  -0.00008737
 533    0.0000087  -0.00008420
 534    0.0000026  -0.00002821
 535    0.0000009  -0.00000712
 536    0.0000025  -0.00003008
 537    0.0000086  -0.00009181
 538    0.0000020  -0.00007748
 539    0.0000021  -0.00009580
 540    0.0000021  -0.00008481
 541    0.0000017  -0.00001808
 542    0.0000014  -0.00001327
 543    0.0000009  -0.00002178
 544    0.0000014  -0.00001331
 545    0.0000010  -0.00001201
 546    0.0000013  -0.00001298
 547    0.0000000  -0.00000017
 548    0.0000000  -0.00000027
 549    0.0000000  -0.00000008
 550    0.0000000  -0.00000038
 551    0.0000000  -0.00000026
 552    0.0000000  -0.00000020
 553    0.0000853  -0.00028105
 554    0.0000714  -0.00024301
 555    0.0000613  -0.00019635
 556    0.0000739  -0.00026655
 557    0.0000849  -0.00031087
 558    0.0001773  -0.00065372
 559    0.0002609  -0.00081421
 560    0.0001650  -0.00055077
 561    0.0001760  -0.00059082
 562    0.0002059  -0.00074396
 563    0.0002780  -0.00112332
 564    0.0002108  -0.00078123
 565    0.0002680  -0.00108036
 566    0.0006399  -0.00162503
 567    0.0002526  -0.00109194
 568    0.0000543  -0.00018158
 569    0.0000612  -0.00020005
 570    0.0000668  -0.00021242
 571    0.0000626  -0.00020115
 572    0.0000641  -0.00020705
 573    0.0000577  -0.00018960
 574    0.0003263  -0.00098625
 575    0.0003453  -0.00103957
 576    0.0003635  -0.00115192
 577    0.0005463  -0.00279908
 578    0.0001654  -0.00078824
 579    0.0001532  -0.00089490
 580    0.0001948  -0.00093726
 581    0.0001936  -0.00096743
 582    0.0001369  -0.00082144
 583    0.0001940  -0.00094122
 584    0.0009217  -0.01018396
 585    0.0009504  -0.01065160
 586    0.0000045  -0.00004917
 587    0.0000052  -0.00008180
 588    0.0000072  -0.00008968
 589    0.0000045  -0.00029107
 590    0.0000073  -0.00008779
 591    0.0000058  -0.00016535
 592    0.0000078  -0.00008632
 593    0.0000038  -0.00012066
 594    0.0000080  -0.00009126
 595    0.0000090  -0.00009620
 596    0.0000034  -0.00003373
 597    0.0000076  -0.00008195
 598    0.0000053  -0.00008532
 599    0.0000066  -0.00006786
 600    0.0000041  -0.00004409
 601    0.0000082  -0.00008000
 602    0.0000064  -0.00007121
 603    0.0000019  -0.00006801
 604    0.0000008  -0.00000854
 605    0.0000023  -0.00008914
 606    0.0000069  -0.00006560
 607    0.0000014  -0.00001269
 608    0.0000020  -0.00004904
 609    0.0000015  -0.00001594
 610    0.0000015  -0.00001454
 611    0.0000012  -0.00002030
 612    0.0000008  -0.00002257
 613    0.0000011  -0.00001429
 614    0.0000009  -0.00001782
 615    0.0000011  -0.00001836
 616    0.0000000  -0.00000015
 617    0.0000000  -0.00000025
 618    0.0000000  -0.00000006
 619    0.0000000  -0.00000019
 620    0.0000000  -0.00000016
 621    0.0000000  -0.00000013
 622    0.0000674  -0.00021173
 623    0.0000676  -0.00022226
 624    0.0000557  -0.00018848
 625    0.0000576  -0.00019683
 626    0.0000678  -0.00024776
 627    0.0000838  -0.00030210
 628    0.0001993  -0.00075882
 629    0.0000719  -0.00026670
 630    0.0001184  -0.00043272
 631    0.0001346  -0.00046566
 632    0.0001251  -0.00058577
 633    0.0001665  -0.00056228
 634    0.0002576  -0.00103224
 635    0.0002636  -0.00108340
 636    0.0002422  -0.00105382
 637    0.0000542  -0.00017910
 638    0.0000574  -0.00019068
 639    0.0000613  -0.00019761
 640    0.0000613  -0.00019612
 641    0.0000610  -0.00020010
 642    0.0000569  -0.00018583
 643    0.0002548  -0.00079203
 644    0.0002744  -0.00101292
 645    0.0002081  -0.00086186
 646    0.0002959  -0.00145260
 647    0.0001216  -0.00078943
 648    0.0001194  -0.00075467
 649    0.0001461  -0.00081387
 650    0.0001284  -0.00096275
 651    0.0001241  -0.00081659
 652    0.0001302  -0.00100821
 653    0.0005194  -0.00343573
 654    0.0009064  -0.01033184
 655    0.0000031  -0.00003229
 656    0.0000042  -0.00017801
 657    0.0000056  -0.00012640
 658    0.0000039  -0.00004134
 659    0.0000060  -0.00006211
 660    0.0000032  -0.00005602
 661    0.0000072  -0.00010858
 662    0.0000022  -0.00028845
 663    0.0000068  -0.00006816
 664    0.0000067  -0.00006353
 665    0.0000029  -0.00002989
 666    0.0000067  -0.00006495
 667    0.0000041  -0.00017871
 668    0.0000057  -0.00006780
 669    0.0000031  -0.00003095
 670    0.0000076  -0.00007164
 671    0.0000050  -0.00030165
 672    0.0000014  -0.00001346
 673    0.0000006  -0.00001011
 674    0.0000021  -0.00005851
 675    0.0000065  -0.00006262
 676    0.0000011  -0.00000833
 677    0.0000010  -0.00000918
 678    0.0000014  -0.00001286
 679    0.0000014  -0.00001459
 680    0.0000010  -0.00001195
 681    0.0000008  -0.00002145
 682    0.0000009  -0.00004002
 683    0.0000008  -0.00002526
 684    0.0000011  -0.00003028
 685    0.0000000  -0.00000009
 686    0.0000000  -0.00000016
 687    0.0000000  -0.00000007
 688    0.0000000  -0.00000021
 689    0.0000000  -0.00000012
 690    0.0000000  -0.00000015
 691    0.0000614  -0.00019082
 692    0.0000576  -0.00018321
 693    0.0000530  -0.00018172
 694    0.0000545  -0.00018633
 695    0.0000578  -0.00019425
 696    0.0000787  -0.00030734
 697    0.0000964  -0.00048082
 698    0.0000588  -0.00019795
 699    0.0000596  -0.00020031
 700    0.0001047  -0.00050710
 701    0.0001219  -0.00066100
 702    0.0001391  -0.00055703
 703    0.0001232  -0.00066986
 704    0.0001983  -0.00082521
 705    0.0001210  -0.00071142
 706    0.0000525  -0.00017973
 707    0.0000557  -0.00018348
 708    0.0000597  -0.00018891
 709    0.0000581  -0.00018979
 710    0.0000584  -0.00018795
 711    0.0000553  -0.00018232
 712    0.0001893  -0.00068917
 713    0.0001503  -0.00053936
 714    0.0001829  -0.00075999
 715    0.0002130  -0.00104378
 716    0.0000842  -0.00051162
 717    0.0001063  -0.00063949
 718    0.0001029  -0.00066747
 719    0.0001174  -0.00073966
 720    0.0001213  -0.00079989
 721    0.0001186  -0.00071236
 722    0.0003916  -0.00221272
 723    0.0002390  -0.00174273
 724    0.0000021  -0.00023051
 725    0.0000031  -0.00003388
 726    0.0000040  -0.00026342
 727    0.0000024  -0.00014106
 728    0.0000043  -0.00009153
 729    0.0000017  -0.00001759
 730    0.0000056  -0.00005602
 731    0.0000013  -0.00001283
 732    0.0000022  -0.00027600
 733    0.0000056  -0.00039089
 734    0.0000025  -0.00009217
 735    0.0000054  -0.00005408
 736    0.0000037  -0.00003800
 737    0.0000021  -0.00019546
 738    0.0000025  -0.00002954
 739    0.0000053  -0.00026943
 740    0.0000032  -0.00003530
 741    0.0000009  -0.00000832
 742    0.0000006  -0.00000556
 743    0.0000009  -0.00000854
 744    0.0000026  -0.00013932
 745    0.0000009  -0.00000978
 746    0.0000006  -0.00000576
 747    0.0000013  -0.00001310
 748    0.0000010  -0.00003778
 749    0.0000008  -0.00002584
 750    0.0000007  -0.00001273
 751    0.0000007  -0.00001076
 752    0.0000007  -0.00001222
 753    0.0000011  -0.00001528
 754    0.0000000  -0.00000010
 755    0.0000000  -0.00000017
 756    0.0000000  -0.00000005
 757    0.0000000  -0.00000006
 758    0.0000000  -0.00000009
 759    0.0000000  -0.00000008
 
----------------
 Final Energies 
----------------
Final NOF Total Energy =   -2988.8194607
 
Total Orbital Internal Iterations = 10
Total Occupation Internal Iterations = 0
 
Elapsed time:  270.78 Seconds

---------------------------------
   Lowdin Population Analysis    
---------------------------------
 Idx  Atom   Population   Charge 
---------------------------------
  1     C     6.561      -0.561
  2     C     6.562      -0.562
  3     C     6.562      -0.562
  4     C     6.563      -0.563
  5     C     6.566      -0.566
  6     C     6.561      -0.561
  7    Cl    16.438       0.562
  8    Cl    16.438       0.562
  9    Cl    16.436       0.564
 10    Cl    16.441       0.559
 11    Cl    16.435       0.565
 12    Cl    16.438       0.562

---------------------------------
   M Diagnostic: 0.04
---------------------------------

