Job runing on na11
Choosing scratch ...
Automatic scratch folder selection
/scratch/pobleyef/346706
/scratch/pobleyef/346706 directory
cp HAL59-NCH_PhI.gcf HAL59-NCH_PhI.inp to  /scratch/pobleyef/346706/.
HAL59-NCH_PhI
 This is the OpenMP version of the code
 This is the OpenMP version of the code
 This is the OpenMP version of the code
 This is the OpenMP version of the code
 This is the OpenMP version of the code
 This is the OpenMP version of the code
 This is the OpenMP version of the code
 This is the OpenMP version of the code
 This is the OpenMP version of the code
 This is the OpenMP version of the code
 This is the OpenMP version of the code
 This is the OpenMP version of the code
 This is the OpenMP version of the code
 This is the OpenMP version of the code
 This is the OpenMP version of the code
 This is the OpenMP version of the code
 This is the OpenMP version of the code
 This is the OpenMP version of the code
 This is the OpenMP version of the code
 This is the OpenMP version of the code
 This is the OpenMP version of the code
 This is the OpenMP version of the code
 This is the OpenMP version of the code
 This is the OpenMP version of the code
 This is the OpenMP version of the code
 This is the OpenMP version of the code
 This is the OpenMP version of the code
 This is the OpenMP version of the code
 This is the OpenMP version of the code
 This is the OpenMP version of the code
 This is the OpenMP version of the code
 This is the OpenMP version of the code
 This is the OpenMP version of the code
 This is the OpenMP version of the code
 This is the OpenMP version of the code
 This is the OpenMP version of the code
 This is the OpenMP version of the code
 This is the OpenMP version of the code
 This is the OpenMP version of the code
 This is the OpenMP version of the code
 This is the OpenMP version of the code
 This is the OpenMP version of the code
 This is the OpenMP version of the code
 This is the OpenMP version of the code
 This is the OpenMP version of the code
 This is the OpenMP version of the code
 This is the OpenMP version of the code
 This is the OpenMP version of the code
 This is the OpenMP version of the code
 This is the OpenMP version of the code
 This is the OpenMP version of the code
 This is the OpenMP version of the code
 This is the OpenMP version of the code
 This is the OpenMP version of the code
 This is the OpenMP version of the code
 This is the OpenMP version of the code
 This is the OpenMP version of the code
 This is the OpenMP version of the code
 This is the OpenMP version of the code
 This is the OpenMP version of the code
 This is the OpenMP version of the code
 This is the OpenMP version of the code
 This is the OpenMP version of the code
 This is the OpenMP version of the code
 This is the OpenMP version of the code
 This is the OpenMP version of the code
 This is the OpenMP version of the code
 This is the OpenMP version of the code
 This is the OpenMP version of the code
 This is the OpenMP version of the code
 This is the OpenMP version of the code
 This is the OpenMP version of the code
 This is the OpenMP version of the code
 This is the OpenMP version of the code
 This is the OpenMP version of the code
 This is the OpenMP version of the code
 This is the OpenMP version of the code
 This is the OpenMP version of the code
 This is the OpenMP version of the code
 This is the OpenMP version of the code
 This is the OpenMP version of the code
 This is the OpenMP version of the code
 This is the OpenMP version of the code
 This is the OpenMP version of the code
 This is the OpenMP version of the code
 This is the OpenMP version of the code
 This is the OpenMP version of the code
 This is the OpenMP version of the code
 This is the OpenMP version of the code
 This is the OpenMP version of the code
 This is the OpenMP version of the code
 This is the OpenMP version of the code
 This is the OpenMP version of the code
 This is the OpenMP version of the code
 This is the OpenMP version of the code
 This is the OpenMP version of the code
 This is the OpenMP version of the code
 This is the OpenMP version of the code
 This is the OpenMP version of the code
 This is the OpenMP version of the code
 This is the OpenMP version of the code
 This is the OpenMP version of the code
 This is the OpenMP version of the code
 This is the OpenMP version of the code
 This is the OpenMP version of the code
 This is the OpenMP version of the code
 This is the OpenMP version of the code
 This is the OpenMP version of the code
 This is the OpenMP version of the code
 This is the OpenMP version of the code
 This is the OpenMP version of the code
 This is the OpenMP version of the code
 This is the OpenMP version of the code
 This is the OpenMP version of the code
 This is the OpenMP version of the code
 This is the OpenMP version of the code
 This is the OpenMP version of the code
 This is the OpenMP version of the code
 This is the OpenMP version of the code
 This is the OpenMP version of the code
 This is the OpenMP version of the code
 This is the OpenMP version of the code
 This is the OpenMP version of the code
 This is the OpenMP version of the code
 This is the OpenMP version of the code
 This is the OpenMP version of the code
 This is the OpenMP version of the code
 This is the OpenMP version of the code
 This is the OpenMP version of the code
 This is the OpenMP version of the code
 This is the OpenMP version of the code
 This is the OpenMP version of the code
 This is the OpenMP version of the code
 This is the OpenMP version of the code
 This is the OpenMP version of the code
 This is the OpenMP version of the code
 This is the OpenMP version of the code
 This is the OpenMP version of the code
 This is the OpenMP version of the code
 This is the OpenMP version of the code
 This is the OpenMP version of the code
 This is the OpenMP version of the code
 This is the OpenMP version of the code
 This is the OpenMP version of the code
 This is the OpenMP version of the code
 This is the OpenMP version of the code
 This is the OpenMP version of the code
 This is the OpenMP version of the code
 This is the OpenMP version of the code
 This is the OpenMP version of the code
 This is the OpenMP version of the code
 This is the OpenMP version of the code
 This is the OpenMP version of the code
 This is the OpenMP version of the code
 This is the OpenMP version of the code
 This is the OpenMP version of the code
 This is the OpenMP version of the code
 This is the OpenMP version of the code
 This is the OpenMP version of the code
 This is the OpenMP version of the code
 This is the OpenMP version of the code
 This is the OpenMP version of the code
 This is the OpenMP version of the code
 This is the OpenMP version of the code
 This is the OpenMP version of the code
 This is the OpenMP version of the code
 This is the OpenMP version of the code
 This is the OpenMP version of the code
 This is the OpenMP version of the code
 This is the OpenMP version of the code
 This is the OpenMP version of the code
 This is the OpenMP version of the code
 This is the OpenMP version of the code
 This is the OpenMP version of the code
 This is the OpenMP version of the code
 This is the OpenMP version of the code
 This is the OpenMP version of the code
 This is the OpenMP version of the code
 This is the OpenMP version of the code
 This is the OpenMP version of the code
 This is the OpenMP version of the code
 This is the OpenMP version of the code
 This is the OpenMP version of the code
 This is the OpenMP version of the code
 This is the OpenMP version of the code
 This is the OpenMP version of the code
 This is the OpenMP version of the code
 This is the OpenMP version of the code
 This is the OpenMP version of the code
 This is the OpenMP version of the code
 This is the OpenMP version of the code
 This is the OpenMP version of the code

 The execution started at 23h  6min on the 11/ 5/2025

    ===========================================================
    !                                                         !
    !                        Do N O F                         !
    !                                                         !
    !  (Donostia Natural Orbital Functional Software Program) !
    !                                                         !
    !               COPYRIGHT by Mario Piris                  !
    !                                                         !
    !      Donostia International Physics Center (DIPC)       !
    !       University of the Basque Country (UPV/EHU)        !
    !       Basque Foundation for Science (IKERBASQUE)        !
    !                                                         !
    !          GNU General Public License version 3           !
    !                                                         !
    !                  VERSION: October 2025                  !
    !                                                         !
    ===========================================================

 Run Title
 ---------
  Molname                                                                        

 Basis Set
 ---------
 /home/pobleyef/DoNOFsw/basis/def2-QZVP.bas                                      

 Atom      Charge                Coordinates (Bohr)
                           x             y             z
 N           7.0        0.0000        0.0000        7.7415
 C           6.0        0.0000        0.0000        9.9001
 H           1.0        0.0000        0.0000       11.9173
 I          53.0        0.0000        0.0000        1.5834
 C           6.0        0.0000        0.0000       -2.3762
 C           6.0        0.0000        2.2743       -3.6822
 C           6.0        0.0000        2.2651       -6.3037
 C           6.0        0.0000        0.0000       -7.6201
 C           6.0        0.0000       -2.2651       -6.3037
 C           6.0        0.0000       -2.2743       -3.6822
 H           1.0        0.0000        4.0462       -2.6620
 H           1.0        0.0000        4.0430       -7.3160
 H           1.0        0.0000        0.0000       -9.6654
 H           1.0        0.0000       -4.0430       -7.3160
 H           1.0        0.0000       -4.0462       -2.6620

 Atomic Basis Set
 ----------------
 The contracted primitive functions were unnormalized
 The contracted basis functions are now normalized to unity

  Shell Type  Primitive         Exponent  Contraction Coefficient

 N         

      1   S       1         90726.8892100    0.000070982346
      1   S       2         13590.5288010    0.000551712516
      1   S       3          3092.9883781    0.002893067845
      1   S       4           875.9987636    0.012111212150
      1   S       5           285.7446998    0.042834127812
      1   S       6           103.1191342    0.129198809022
      1   S       7            40.1285568    0.318818920022
      1   S       8            16.5280957    0.590844885361

      2   S       9            69.3909610    0.094659213180
      2   S      10            20.4282006    0.925496499302

      3   S      11             7.1292588    1.000000000000

      4   S      12             3.1324305    1.000000000000

      5   S      13             0.9875578    1.000000000000

      6   S      14             0.3876572    1.000000000000

      7   S      15             0.1490988    1.000000000000

      8   P      16           150.0574267   -0.002450051156
      8   P      17            35.4915995   -0.019486267495
      8   P      18            11.2478642   -0.090355519008
      8   P      19             4.0900305   -0.299446872557
      8   P      20             1.6220573   -0.696789730227

      9   P      21             0.6644226    1.000000000000

     10   P      22             0.2709977    1.000000000000

     11   P      23             0.1068875    1.000000000000

     12   D      24             2.8370000    1.000000000000

     13   D      25             0.9680000    1.000000000000

     14   D      26             0.3350000    1.000000000000

     15   F      27             2.0270000    1.000000000000

     16   F      28             0.6850000    1.000000000000

     17   G      29             1.4270000    1.000000000000

 C         

     18   S      30         67025.0710290    0.000070988337
     18   S      31         10039.9865380    0.000551759078
     18   S      32          2284.9316911    0.002893301112
     18   S      33           647.1412213    0.012111149913
     18   S      34           211.0947234    0.042822697250
     18   S      35            76.1776439    0.129053328799
     18   S      36            29.6338392    0.318146477908
     18   S      37            12.1877851    0.591790274517

     19   S      38            53.0260063    0.091364916926
     19   S      39            15.2585028    0.928761090236

     20   S      40             5.2403957    1.000000000000

     21   S      41             2.2905022    1.000000000000

     22   S      42             0.6967328    1.000000000000

     23   S      43             0.2759934    1.000000000000

     24   S      44             0.1073988    1.000000000000

     25   P      45           105.1255508    0.002496535013
     25   P      46            24.8844611    0.019546395628
     25   P      47             7.8637231    0.088834946629
     25   P      48             2.8407002    0.294789686074
     25   P      49             1.1227137    0.702715999245

     26   P      50             0.4605073    1.000000000000

     27   P      51             0.1893753    1.000000000000

     28   P      52             0.0759838    1.000000000000

     29   D      53             1.8480000    1.000000000000

     30   D      54             0.6490000    1.000000000000

     31   D      55             0.2280000    1.000000000000

     32   F      56             1.4190000    1.000000000000

     33   F      57             0.4850000    1.000000000000

     34   G      58             1.0110000    1.000000000000

 H         

     35   S      59           190.6916900    0.005342636962
     35   S      60            28.6055320    0.041252338243
     35   S      61             6.5095943    0.210993525698
     35   S      62             1.8412455    0.812128545862

     36   S      63             0.5985373    1.000000000000

     37   S      64             0.2139762    1.000000000000

     38   S      65             0.0803163    1.000000000000

     39   P      66             2.2920000    1.000000000000

     40   P      67             0.8380000    1.000000000000

     41   P      68             0.2920000    1.000000000000

     42   D      69             2.0620000    1.000000000000

     43   D      70             0.6620000    1.000000000000

     44   F      71             1.3970000    1.000000000000

 I         

     45   S      72         16788.4000000    0.000103586804
     45   S      73          2526.6400000    0.000765531745
     45   S      74           571.9840000    0.003150554741
     45   S      75           150.4340000    0.006717983204
     45   S      76            29.5405000   -0.134384929151
     45   S      77            18.4571000    0.859255064197
     45   S      78            11.5286000   -0.890227518539
     45   S      79             7.0828900   -1.367813214298
     45   S      80             2.5040500    1.808345152379

     46   S      81            25.0586179    0.088686579218
     46   S      82            15.6219794   -0.309437052616
     46   S      83             3.3536325    1.147487780264

     47   S      84             1.3540145    1.000000000000

     48   S      85             0.6743047    1.000000000000

     49   S      86             0.3272714    1.000000000000

     50   S      87             0.1574936    1.000000000000

     51   S      88             0.0743777    1.000000000000

     52   P      89           656.2740000    0.000102263116
     52   P      90           149.2320000    0.000688871318
     52   P      91            19.0153000    0.067339699796
     52   P      92            10.7378000   -0.280108787807
     52   P      93             6.4420800   -0.004916495947
     52   P      94             3.0920300    0.577616914298
     52   P      95             1.5787400    0.569991007671

     53   P      96            15.6605119   -0.024484627992
     53   P      97             4.9250670    0.260041620414
     53   P      98             1.6692320    0.808870366710

     54   P      99             0.7781790    1.000000000000

     55   P     100             0.3560884    1.000000000000

     56   P     101             0.1549324    1.000000000000

     57   P     102             0.0646662    1.000000000000

     58   D     103           318.2240778    0.000120648927
     58   D     104            95.8102274    0.001012623893
     58   D     105            35.3222953    0.005278751941
     58   D     106            13.1074478   -0.017935310228
     58   D     107             6.2949153    0.100128211172
     58   D     108             3.6826101    0.302771472093
     58   D     109             2.0858951    0.397340741727
     58   D     110             1.1644342    0.312691340071

     59   D     111             0.6318061    1.000000000000

     60   D     112             0.3221508    1.000000000000

     61   D     113             0.1349000    1.000000000000

     62   F     114             6.4253614    1.000000000000

     63   F     115             2.1780000    1.000000000000

     64   F     116             0.5878000    1.000000000000

     65   F     117             0.2500000    1.000000000000

     66   G     118             0.4739000    1.000000000000

 C         

     67   S     119         67025.0710290    0.000070988337
     67   S     120         10039.9865380    0.000551759078
     67   S     121          2284.9316911    0.002893301112
     67   S     122           647.1412213    0.012111149913
     67   S     123           211.0947234    0.042822697250
     67   S     124            76.1776439    0.129053328799
     67   S     125            29.6338392    0.318146477908
     67   S     126            12.1877851    0.591790274517

     68   S     127            53.0260063    0.091364916926
     68   S     128            15.2585028    0.928761090236

     69   S     129             5.2403957    1.000000000000

     70   S     130             2.2905022    1.000000000000

     71   S     131             0.6967328    1.000000000000

     72   S     132             0.2759934    1.000000000000

     73   S     133             0.1073988    1.000000000000

     74   P     134           105.1255508    0.002496535013
     74   P     135            24.8844611    0.019546395628
     74   P     136             7.8637231    0.088834946629
     74   P     137             2.8407002    0.294789686074
     74   P     138             1.1227137    0.702715999245

     75   P     139             0.4605073    1.000000000000

     76   P     140             0.1893753    1.000000000000

     77   P     141             0.0759838    1.000000000000

     78   D     142             1.8480000    1.000000000000

     79   D     143             0.6490000    1.000000000000

     80   D     144             0.2280000    1.000000000000

     81   F     145             1.4190000    1.000000000000

     82   F     146             0.4850000    1.000000000000

     83   G     147             1.0110000    1.000000000000

 C         

     84   S     148         67025.0710290    0.000070988337
     84   S     149         10039.9865380    0.000551759078
     84   S     150          2284.9316911    0.002893301112
     84   S     151           647.1412213    0.012111149913
     84   S     152           211.0947234    0.042822697250
     84   S     153            76.1776439    0.129053328799
     84   S     154            29.6338392    0.318146477908
     84   S     155            12.1877851    0.591790274517

     85   S     156            53.0260063    0.091364916926
     85   S     157            15.2585028    0.928761090236

     86   S     158             5.2403957    1.000000000000

     87   S     159             2.2905022    1.000000000000

     88   S     160             0.6967328    1.000000000000

     89   S     161             0.2759934    1.000000000000

     90   S     162             0.1073988    1.000000000000

     91   P     163           105.1255508    0.002496535013
     91   P     164            24.8844611    0.019546395628
     91   P     165             7.8637231    0.088834946629
     91   P     166             2.8407002    0.294789686074
     91   P     167             1.1227137    0.702715999245

     92   P     168             0.4605073    1.000000000000

     93   P     169             0.1893753    1.000000000000

     94   P     170             0.0759838    1.000000000000

     95   D     171             1.8480000    1.000000000000

     96   D     172             0.6490000    1.000000000000

     97   D     173             0.2280000    1.000000000000

     98   F     174             1.4190000    1.000000000000

     99   F     175             0.4850000    1.000000000000

    100   G     176             1.0110000    1.000000000000

 C         

    101   S     177         67025.0710290    0.000070988337
    101   S     178         10039.9865380    0.000551759078
    101   S     179          2284.9316911    0.002893301112
    101   S     180           647.1412213    0.012111149913
    101   S     181           211.0947234    0.042822697250
    101   S     182            76.1776439    0.129053328799
    101   S     183            29.6338392    0.318146477908
    101   S     184            12.1877851    0.591790274517

    102   S     185            53.0260063    0.091364916926
    102   S     186            15.2585028    0.928761090236

    103   S     187             5.2403957    1.000000000000

    104   S     188             2.2905022    1.000000000000

    105   S     189             0.6967328    1.000000000000

    106   S     190             0.2759934    1.000000000000

    107   S     191             0.1073988    1.000000000000

    108   P     192           105.1255508    0.002496535013
    108   P     193            24.8844611    0.019546395628
    108   P     194             7.8637231    0.088834946629
    108   P     195             2.8407002    0.294789686074
    108   P     196             1.1227137    0.702715999245

    109   P     197             0.4605073    1.000000000000

    110   P     198             0.1893753    1.000000000000

    111   P     199             0.0759838    1.000000000000

    112   D     200             1.8480000    1.000000000000

    113   D     201             0.6490000    1.000000000000

    114   D     202             0.2280000    1.000000000000

    115   F     203             1.4190000    1.000000000000

    116   F     204             0.4850000    1.000000000000

    117   G     205             1.0110000    1.000000000000

 C         

    118   S     206         67025.0710290    0.000070988337
    118   S     207         10039.9865380    0.000551759078
    118   S     208          2284.9316911    0.002893301112
    118   S     209           647.1412213    0.012111149913
    118   S     210           211.0947234    0.042822697250
    118   S     211            76.1776439    0.129053328799
    118   S     212            29.6338392    0.318146477908
    118   S     213            12.1877851    0.591790274517

    119   S     214            53.0260063    0.091364916926
    119   S     215            15.2585028    0.928761090236

    120   S     216             5.2403957    1.000000000000

    121   S     217             2.2905022    1.000000000000

    122   S     218             0.6967328    1.000000000000

    123   S     219             0.2759934    1.000000000000

    124   S     220             0.1073988    1.000000000000

    125   P     221           105.1255508    0.002496535013
    125   P     222            24.8844611    0.019546395628
    125   P     223             7.8637231    0.088834946629
    125   P     224             2.8407002    0.294789686074
    125   P     225             1.1227137    0.702715999245

    126   P     226             0.4605073    1.000000000000

    127   P     227             0.1893753    1.000000000000

    128   P     228             0.0759838    1.000000000000

    129   D     229             1.8480000    1.000000000000

    130   D     230             0.6490000    1.000000000000

    131   D     231             0.2280000    1.000000000000

    132   F     232             1.4190000    1.000000000000

    133   F     233             0.4850000    1.000000000000

    134   G     234             1.0110000    1.000000000000

 C         

    135   S     235         67025.0710290    0.000070988337
    135   S     236         10039.9865380    0.000551759078
    135   S     237          2284.9316911    0.002893301112
    135   S     238           647.1412213    0.012111149913
    135   S     239           211.0947234    0.042822697250
    135   S     240            76.1776439    0.129053328799
    135   S     241            29.6338392    0.318146477908
    135   S     242            12.1877851    0.591790274517

    136   S     243            53.0260063    0.091364916926
    136   S     244            15.2585028    0.928761090236

    137   S     245             5.2403957    1.000000000000

    138   S     246             2.2905022    1.000000000000

    139   S     247             0.6967328    1.000000000000

    140   S     248             0.2759934    1.000000000000

    141   S     249             0.1073988    1.000000000000

    142   P     250           105.1255508    0.002496535013
    142   P     251            24.8844611    0.019546395628
    142   P     252             7.8637231    0.088834946629
    142   P     253             2.8407002    0.294789686074
    142   P     254             1.1227137    0.702715999245

    143   P     255             0.4605073    1.000000000000

    144   P     256             0.1893753    1.000000000000

    145   P     257             0.0759838    1.000000000000

    146   D     258             1.8480000    1.000000000000

    147   D     259             0.6490000    1.000000000000

    148   D     260             0.2280000    1.000000000000

    149   F     261             1.4190000    1.000000000000

    150   F     262             0.4850000    1.000000000000

    151   G     263             1.0110000    1.000000000000

 C         

    152   S     264         67025.0710290    0.000070988337
    152   S     265         10039.9865380    0.000551759078
    152   S     266          2284.9316911    0.002893301112
    152   S     267           647.1412213    0.012111149913
    152   S     268           211.0947234    0.042822697250
    152   S     269            76.1776439    0.129053328799
    152   S     270            29.6338392    0.318146477908
    152   S     271            12.1877851    0.591790274517

    153   S     272            53.0260063    0.091364916926
    153   S     273            15.2585028    0.928761090236

    154   S     274             5.2403957    1.000000000000

    155   S     275             2.2905022    1.000000000000

    156   S     276             0.6967328    1.000000000000

    157   S     277             0.2759934    1.000000000000

    158   S     278             0.1073988    1.000000000000

    159   P     279           105.1255508    0.002496535013
    159   P     280            24.8844611    0.019546395628
    159   P     281             7.8637231    0.088834946629
    159   P     282             2.8407002    0.294789686074
    159   P     283             1.1227137    0.702715999245

    160   P     284             0.4605073    1.000000000000

    161   P     285             0.1893753    1.000000000000

    162   P     286             0.0759838    1.000000000000

    163   D     287             1.8480000    1.000000000000

    164   D     288             0.6490000    1.000000000000

    165   D     289             0.2280000    1.000000000000

    166   F     290             1.4190000    1.000000000000

    167   F     291             0.4850000    1.000000000000

    168   G     292             1.0110000    1.000000000000

 H         

    169   S     293           190.6916900    0.005342636962
    169   S     294            28.6055320    0.041252338243
    169   S     295             6.5095943    0.210993525698
    169   S     296             1.8412455    0.812128545862

    170   S     297             0.5985373    1.000000000000

    171   S     298             0.2139762    1.000000000000

    172   S     299             0.0803163    1.000000000000

    173   P     300             2.2920000    1.000000000000

    174   P     301             0.8380000    1.000000000000

    175   P     302             0.2920000    1.000000000000

    176   D     303             2.0620000    1.000000000000

    177   D     304             0.6620000    1.000000000000

    178   F     305             1.3970000    1.000000000000

 H         

    179   S     306           190.6916900    0.005342636962
    179   S     307            28.6055320    0.041252338243
    179   S     308             6.5095943    0.210993525698
    179   S     309             1.8412455    0.812128545862

    180   S     310             0.5985373    1.000000000000

    181   S     311             0.2139762    1.000000000000

    182   S     312             0.0803163    1.000000000000

    183   P     313             2.2920000    1.000000000000

    184   P     314             0.8380000    1.000000000000

    185   P     315             0.2920000    1.000000000000

    186   D     316             2.0620000    1.000000000000

    187   D     317             0.6620000    1.000000000000

    188   F     318             1.3970000    1.000000000000

 H         

    189   S     319           190.6916900    0.005342636962
    189   S     320            28.6055320    0.041252338243
    189   S     321             6.5095943    0.210993525698
    189   S     322             1.8412455    0.812128545862

    190   S     323             0.5985373    1.000000000000

    191   S     324             0.2139762    1.000000000000

    192   S     325             0.0803163    1.000000000000

    193   P     326             2.2920000    1.000000000000

    194   P     327             0.8380000    1.000000000000

    195   P     328             0.2920000    1.000000000000

    196   D     329             2.0620000    1.000000000000

    197   D     330             0.6620000    1.000000000000

    198   F     331             1.3970000    1.000000000000

 H         

    199   S     332           190.6916900    0.005342636962
    199   S     333            28.6055320    0.041252338243
    199   S     334             6.5095943    0.210993525698
    199   S     335             1.8412455    0.812128545862

    200   S     336             0.5985373    1.000000000000

    201   S     337             0.2139762    1.000000000000

    202   S     338             0.0803163    1.000000000000

    203   P     339             2.2920000    1.000000000000

    204   P     340             0.8380000    1.000000000000

    205   P     341             0.2920000    1.000000000000

    206   D     342             2.0620000    1.000000000000

    207   D     343             0.6620000    1.000000000000

    208   F     344             1.3970000    1.000000000000

 H         

    209   S     345           190.6916900    0.005342636962
    209   S     346            28.6055320    0.041252338243
    209   S     347             6.5095943    0.210993525698
    209   S     348             1.8412455    0.812128545862

    210   S     349             0.5985373    1.000000000000

    211   S     350             0.2139762    1.000000000000

    212   S     351             0.0803163    1.000000000000

    213   P     352             2.2920000    1.000000000000

    214   P     353             0.8380000    1.000000000000

    215   P     354             0.2920000    1.000000000000

    216   D     355             2.0620000    1.000000000000

    217   D     356             0.6620000    1.000000000000

    218   F     357             1.3970000    1.000000000000

 Total Number of Basis Set Shells             =  218
 Total Number of Primitives                   =  357
 Number of Spherical Gaussian Basis Functions =  718
 Total Number of Auxiliary Basis Set Shells   =  282
 Number of Sph. Gaussian Auxiliary Set Func.  =  928
 Number of Electrons                          =  108
 Charge of Molecule                           =    0
 Spin Multiplicity                            =    1
 Number of Occupied Orbitals (Alpha)          =   54
 Number of Occupied Orbitals (Beta )          =   54
 Total Number of Atoms                        =   15

 Nuclear Energy =      701.2051009597

 Note: This calculation is using an effective core potential
 so NE and ENUC will be adjusted later after removal of the Core

 Input Run Options
 -----------------
 IRUNTYP = 1  MULT = 1  ICHARG =  0 IECP = 1  IEMOM = 1  UNITS = ANGS    

 ECP Potentials
 --------------
 Parameters for "I-ECP   " on Atom  4 with ZCORE 28 and LMAX 3 are

 for L= 3      COEFF    N           ZETA
    1      -21.84204    2       19.45861
    1      -28.46819    2       19.34926
    1       -0.24371    2        4.82377
    1       -0.32080    2        4.88431
 for L= 0      COEFF    N           ZETA
    1       49.99429    2       40.01584
    1      281.02532    2       17.42975
    1       61.57333    2        9.00548
    1       21.84204    2       19.45861
    1       28.46819    2       19.34926
    1        0.24371    2        4.82377
    1        0.32080    2        4.88431
 for L= 1      COEFF    N           ZETA
    1       67.44284    2       15.35547
    1      134.88114    2       14.97183
    1       14.67505    2        8.96016
    1       29.37567    2        8.25910
    1       21.84204    2       19.45861
    1       28.46819    2       19.34926
    1        0.24371    2        4.82377
    1        0.32080    2        4.88431
 for L= 2      COEFF    N           ZETA
    1       35.43953    2       15.06891
    1       53.17606    2       14.55532
    1        9.06719    2        6.71865
    1       13.20694    2        6.45639
    1        0.08933    2        1.19178
    1        0.05238    2        1.29116
    1       21.84204    2       19.45861
    1       28.46819    2       19.34926
    1        0.24371    2        4.82377
    1        0.32080    2        4.88431

 The ECP removes  28 core electrons and  28 protons

 Number of electrons kept in the run =   80
 Number of occupied orbitals (Alpha) =   40
 Number of occupied orbitals (Beta)  =   40

 Adjusted Nuclear Energy =      468.4929187441


 Integral Options
 ----------------
 ERITYP = RI     AUX = JKFIT   ISCHWZ = 1   CUTOFF = 1.0E-09

 Input NOF Options
 -----------------

 Natural Orbital Functional Selected:    (IPNOF)         8
 Scaled version of GNOF (GNOFs):         (Imod)          2

 Type of calculation = ICOEF2 + ICOEF1:  (ICOEF)        21
 Use Softmax function for Occ. Opt.:     (ISOFTMAX)      1
 Type of Orb. Opt. = Orbital Rotations:  (IORBOPT)       2
 Maximum Number of Coef Outer Iter.:     (MAXIT21)       3
 Maximum Number of Occ-Coef Outer Iter.: (MAXIT)      1000

 Restart calculation Option:             (RESTART)       F
 Restart Gamma Matrix from GCF file:     (INPUTGAMMA)    1
 Coefficient Matrix from GCF file:       (INPUTC)        1
 Diagonal Elements FMIUG from GCF file:  (INPUTFMIUG)    0
 Cartesian Coordinates from GCF file:    (INPUTCXYZ)     0

 Threshold Lambda Convergence=10**(-N):  (NTHRESHL)      3
 Threshold Energy Convergence=10**(-N):  (NTHRESHE)      5
 Max. Number of Inner Coef. Iterations:  (MAXLOOP)      10
 Orthogonalize the initial Orbitals:     (ORTHO)         T

 Output Option:                          (NPRINT)        0
 Output the Coefficient Matrix:          (IWRITEC)       0
 Do a Mulliken Population Analysis:      (IMULPOP)       0
 Write Information into a WFN file:      (IAIMPAC)       1
 Write Information into a FCHK file:     (IFCHK)         1
 Write Information into a MLP file:      (MOLDEN)        1
 Create Ini. Cond. (ini.xyz) file:       (INICOND)       1
 Calculate IPs using Ext. Koopmans Theo: (IEKT)          0
 Write APSG expansion coefficient file:  (APSG)          F
 Output option for Lagrange Multipliers: (PRINTLAG)      F
 Diagonalize matrix of Lag. Multipliers: (DIAGLAG)       F

------------------------------------------------------------------------

 Orbital Space
 -------------

 Inactive Doubly occupied orbitals up to NO1  =    0
 No. considered Strongly Doubly occupied MOs  =   40
 No. considered Strongly Singly occupied MOs  =    0
 No. of Weakly occ. per St. Doubly occ.  MOs  =   16
 Dimension of the Active Nat. Orb. subspace   =  680
 Secondary Empty orbitals                     =   38

 1e- integrals
 -------------
 Time to do integrals =      0.91

 2e- integrals
 -------------
 DONTW option skips storage 2e- integrals on Unit 1
 Time to do integrals =      7.85

 No violations of the orthonormality

   INITIAL VALUES
  =================

   OM     Occupation      Elag Diag

    1      1.9619576     -0.3688142
    2      1.9745840     -0.8253309
    3      1.9559909     -0.5382814
    4      1.9690782     -0.6422502
    5      1.9972397     -2.2701642
    6      1.9733744     -0.6614673
    7      1.9763600     -0.7914100
    8      1.9998340     -5.5645424
    9      1.9591429     -0.4262940
   10      1.9699259     -0.6284709
   11      1.9689164     -0.3820331
   12      1.9850796     -1.1595780
   13      1.9620054     -0.4310131
   14      1.9801851     -0.9915843
   15      1.9998301     -5.5732130
   16      1.9976140     -2.2634178
   17      1.9999833    -11.6525825
   18      1.9785373     -0.9529900
   19      1.9590157     -0.4234048
   20      1.9999857    -11.8910880
   21      1.9768618     -0.7891934
   22      1.9965154     -2.2772176
   23      1.9999175     -7.7086741
   24      1.9778989     -1.1239139
   25      1.9696929     -0.6350586
   26      1.9999854    -11.8171150
   27      1.9687664     -0.6148226
   28      1.9999859    -11.9066651
   29      1.9979290     -2.2751731
   30      1.9999836    -11.6805280
   31      1.9607090     -0.4957781
   32      1.9763641     -0.8172047
   33      1.9998316     -5.5570104
   34      1.9973718     -2.2694642
   35      1.9565714     -0.5385817
   36      1.9999852    -11.8228423
   37      1.9787544     -0.9814263
   38      1.9999846    -11.7572313
   39      1.9999857    -11.9004062
   40      1.9685887     -0.6520987
   41      0.0000327     -0.0001209
   42      0.0000009     -0.0000171
   43      0.0000010     -0.0000344
   44      0.0000149     -0.0000630
   45      0.0000003     -0.0000016
   46      0.0000021     -0.0000075
   47      0.0000186     -0.0001053
   48      0.0000083     -0.0000659
   49      0.0004049     -0.0009815
   50      0.0014772     -0.0032172
   51      0.0000019     -0.0000142
   52      0.0000498     -0.0002812
   53      0.0000010     -0.0000251
   54      0.0029698     -0.0052338
   55      0.0000002     -0.0000006
   56      0.0000415     -0.0001461
   57      0.0004469     -0.0013186
   58      0.0000050     -0.0000291
   59      0.0000069     -0.0000393
   60      0.0008606     -0.0026517
   61      0.0000003     -0.0000014
   62      0.0000325     -0.0000935
   63      0.0026032     -0.0061029
   64      0.0000012     -0.0000195
   65      0.0000273     -0.0003419
   66      0.0000129     -0.0001201
   67      0.0001064     -0.0003668
   68      0.0000167     -0.0000528
   69      0.0003499     -0.0015305
   70      0.0000034     -0.0000152
   71      0.0024908     -0.0048928
   72      0.0038174     -0.0057880
   73      0.0000200     -0.0001588
   74      0.0063685     -0.0137208
   75      0.0217239     -0.0322712
   76      0.0000711     -0.0003984
   77      0.0036718     -0.0069827
   78      0.0014655     -0.0031720
   79      0.0003918     -0.0011103
   80      0.0000002     -0.0000004
   81      0.0000608     -0.0001946
   82      0.0000007     -0.0000051
   83      0.0000017     -0.0000155
   84      0.0002721     -0.0007208
   85      0.0000003     -0.0000010
   86      0.0042437     -0.0074267
   87      0.0001577     -0.0012723
   88      0.0000111     -0.0000967
   89      0.0003563     -0.0009881
   90      0.0000069     -0.0000243
   91      0.0000006     -0.0000051
   92      0.0000707     -0.0004118
   93      0.0000003     -0.0000013
   94      0.0043272     -0.0075358
   95      0.0000001     -0.0000004
   96      0.0000319     -0.0001152
   97      0.0000311     -0.0001188
   98      0.0000056     -0.0000486
   99      0.0000156     -0.0000820
  100      0.0003369     -0.0010098
  101      0.0000032     -0.0000225
  102      0.0000905     -0.0002299
  103      0.0001943     -0.0006063
  104      0.0000009     -0.0000103
  105      0.0000192     -0.0001025
  106      0.0000078     -0.0000520
  107      0.0146947     -0.0339774
  108      0.0001148     -0.0002954
  109      0.0009973     -0.0036431
  110      0.0001813     -0.0004833
  111      0.0004653     -0.0010521
  112      0.0000031     -0.0000113
  113      0.0000067     -0.0000363
  114      0.0000718     -0.0002692
  115      0.0003656     -0.0008883
  116      0.0000193     -0.0001008
  117      0.0000028     -0.0000121
  118      0.0042203     -0.0071880
  119      0.0000062     -0.0000293
  120      0.0000034     -0.0000138
  121      0.0002953     -0.0007728
  122      0.0000007     -0.0000088
  123      0.0000002     -0.0000005
  124      0.0028503     -0.0058669
  125      0.0000005     -0.0000041
  126      0.0043705     -0.0073320
  127      0.0000206     -0.0001170
  128      0.0000097     -0.0000660
  129      0.0023309     -0.0049221
  130      0.0092259     -0.0162921
  131      0.0000015     -0.0000193
  132      0.0001120     -0.0009785
  133      0.0000003     -0.0000013
  134      0.0000405     -0.0001386
  135      0.0000003     -0.0000012
  136      0.0003084     -0.0008174
  137      0.0000141     -0.0000608
  138      0.0000064     -0.0000408
  139      0.0000133     -0.0000771
  140      0.0011137     -0.0036151
  141      0.0000002     -0.0000007
  142      0.0000687     -0.0001927
  143      0.0002700     -0.0009011
  144      0.0000007     -0.0000042
  145      0.0000162     -0.0000813
  146      0.0000080     -0.0000607
  147      0.0010334     -0.0042218
  148      0.0000377     -0.0001094
  149      0.0009290     -0.0033096
  150      0.0000055     -0.0000243
  151      0.0006236     -0.0014744
  152      0.0000120     -0.0000401
  153      0.0000056     -0.0000312
  154      0.0000921     -0.0003073
  155      0.0000203     -0.0000741
  156      0.0000299     -0.0003068
  157      0.0101562     -0.0160982
  158      0.0000035     -0.0000094
  159      0.0143719     -0.0386267
  160      0.0000029     -0.0000113
  161      0.0035827     -0.0064360
  162      0.0000031     -0.0000212
  163      0.0000025     -0.0000191
  164      0.0020133     -0.0054184
  165      0.0000011     -0.0000281
  166      0.0001091     -0.0002804
  167      0.0000165     -0.0000860
  168      0.0000081     -0.0000536
  169      0.0147511     -0.0307095
  170      0.0000041     -0.0000145
  171      0.0000006     -0.0000037
  172      0.0000958     -0.0007456
  173      0.0000026     -0.0000194
  174      0.0049599     -0.0082364
  175      0.0000003     -0.0000015
  176      0.0032363     -0.0057830
  177      0.0001586     -0.0004790
  178      0.0000048     -0.0000270
  179      0.0000088     -0.0000522
  180      0.0005342     -0.0019133
  181      0.0000003     -0.0000016
  182      0.0055210     -0.0083361
  183      0.0122180     -0.0290874
  184      0.0000004     -0.0000046
  185      0.0000262     -0.0002172
  186      0.0000087     -0.0000592
  187      0.0001459     -0.0005215
  188      0.0000036     -0.0000138
  189      0.0003302     -0.0016216
  190      0.0130626     -0.0371868
  191      0.0000223     -0.0000822
  192      0.0000040     -0.0000133
  193      0.0000067     -0.0000457
  194      0.0009678     -0.0028121
  195      0.0000293     -0.0001052
  196      0.0000246     -0.0001396
  197      0.0001735     -0.0004725
  198      0.0000049     -0.0000107
  199      0.0076027     -0.0164515
  200      0.0002165     -0.0004887
  201      0.0000304     -0.0001121
  202      0.0000008     -0.0000082
  203      0.0000005     -0.0000064
  204      0.0000322     -0.0001283
  205      0.0000010     -0.0000224
  206      0.0007588     -0.0015532
  207      0.0000276     -0.0002609
  208      0.0000077     -0.0000506
  209      0.0000475     -0.0001743
  210      0.0000047     -0.0000183
  211      0.0000003     -0.0000012
  212      0.0000471     -0.0002917
  213      0.0000002     -0.0000009
  214      0.0005744     -0.0013538
  215      0.0000033     -0.0000225
  216      0.0011110     -0.0025443
  217      0.0026670     -0.0058601
  218      0.0000060     -0.0000435
  219      0.0013037     -0.0041629
  220      0.0006895     -0.0019394
  221      0.0000002     -0.0000007
  222      0.0000572     -0.0001599
  223      0.0008468     -0.0028029
  224      0.0000013     -0.0000174
  225      0.0000205     -0.0000994
  226      0.0000144     -0.0000829
  227      0.0016119     -0.0056840
  228      0.0000973     -0.0002577
  229      0.0011418     -0.0038672
  230      0.0000022     -0.0000104
  231      0.0158070     -0.0274486
  232      0.0000128     -0.0000421
  233      0.0000136     -0.0001414
  234      0.0002282     -0.0005559
  235      0.0009071     -0.0022760
  236      0.0000173     -0.0000871
  237      0.0000064     -0.0000239
  238      0.0000020     -0.0000072
  239      0.0000268     -0.0001113
  240      0.0106655     -0.0189236
  241      0.0000055     -0.0000216
  242      0.0000004     -0.0000048
  243      0.0000007     -0.0000038
  244      0.0002290     -0.0007985
  245      0.0000002     -0.0000005
  246      0.0002234     -0.0005299
  247      0.0000159     -0.0000848
  248      0.0000058     -0.0000321
  249      0.0000691     -0.0002426
  250      0.0281436     -0.0402876
  251      0.0000003     -0.0000017
  252      0.0003593     -0.0020288
  253      0.0000009     -0.0000152
  254      0.0020047     -0.0039034
  255      0.0000023     -0.0000178
  256      0.0000825     -0.0002509
  257      0.0164334     -0.0315212
  258      0.0000057     -0.0000424
  259      0.0000102     -0.0000592
  260      0.0019093     -0.0042088
  261      0.0000008     -0.0000120
  262      0.0000091     -0.0000249
  263      0.0000503     -0.0001890
  264      0.0000007     -0.0000043
  265      0.0000426     -0.0003211
  266      0.0000074     -0.0000419
  267      0.0001176     -0.0004139
  268      0.0003703     -0.0008323
  269      0.0002383     -0.0006900
  270      0.0000011     -0.0000047
  271      0.0008266     -0.0017857
  272      0.0276401     -0.0322703
  273      0.0000083     -0.0000534
  274      0.0001754     -0.0005137
  275      0.0000357     -0.0001281
  276      0.0000252     -0.0001720
  277      0.0000072     -0.0000306
  278      0.0000003     -0.0000003
  279      0.0008308     -0.0021807
  280      0.0000003     -0.0000003
  281      0.0000124     -0.0000476
  282      0.0000002     -0.0000005
  283      0.0000010     -0.0000244
  284      0.0079832     -0.0148868
  285      0.0000035     -0.0000235
  286      0.0000086     -0.0000137
  287      0.0000096     -0.0000568
  288      0.0000111     -0.0000788
  289      0.0001271     -0.0003917
  290      0.0001130     -0.0003132
  291      0.0000005     -0.0000051
  292      0.0002469     -0.0012288
  293      0.0000003     -0.0000009
  294      0.0001615     -0.0004553
  295      0.0000014     -0.0000343
  296      0.0000970     -0.0002940
  297      0.0000162     -0.0000745
  298      0.0000051     -0.0000299
  299      0.0000214     -0.0001965
  300      0.0013887     -0.0035107
  301      0.0000011     -0.0000402
  302      0.0001012     -0.0002546
  303      0.0010111     -0.0035411
  304      0.0000020     -0.0000211
  305      0.0000155     -0.0000888
  306      0.0000094     -0.0000651
  307      0.0000792     -0.0002743
  308      0.0100813     -0.0189100
  309      0.0005557     -0.0017664
  310      0.0000040     -0.0000177
  311      0.0000537     -0.0001729
  312      0.0000048     -0.0000174
  313      0.0000095     -0.0000639
  314      0.0000751     -0.0002738
  315      0.0000489     -0.0001604
  316      0.0002651     -0.0014279
  317      0.0000608     -0.0002041
  318      0.0029563     -0.0050924
  319      0.0000036     -0.0000176
  320      0.0060084     -0.0122065
  321      0.0174010     -0.0284122
  322      0.0000004     -0.0000024
  323      0.0000004     -0.0000018
  324      0.0002832     -0.0008004
  325      0.0000007     -0.0000045
  326      0.0000273     -0.0000650
  327      0.0000120     -0.0000787
  328      0.0000106     -0.0000665
  329      0.0001181     -0.0004003
  330      0.0000095     -0.0000316
  331      0.0000006     -0.0000029
  332      0.0000741     -0.0004653
  333      0.0000005     -0.0000072
  334      0.0000280     -0.0001013
  335      0.0000004     -0.0000018
  336      0.0000367     -0.0001284
  337      0.0000137     -0.0000585
  338      0.0000030     -0.0000190
  339      0.0000086     -0.0000517
  340      0.0000516     -0.0001952
  341      0.0000036     -0.0000240
  342      0.0000036     -0.0000120
  343      0.0014631     -0.0050065
  344      0.0000006     -0.0000035
  345      0.0000167     -0.0000864
  346      0.0000065     -0.0000468
  347      0.0004767     -0.0017984
  348      0.0000019     -0.0000070
  349      0.0016408     -0.0069065
  350      0.0000009     -0.0000034
  351      0.0001164     -0.0003333
  352      0.0001275     -0.0003213
  353      0.0000075     -0.0000471
  354      0.0000905     -0.0003061
  355      0.0000656     -0.0002137
  356      0.0016096     -0.0046724
  357      0.0003424     -0.0009014
  358      0.0300645     -0.0372613
  359      0.0000139     -0.0000633
  360      0.0000014     -0.0000044
  361      0.0002356     -0.0006048
  362      0.0000004     -0.0000018
  363      0.0000002     -0.0000007
  364      0.0005505     -0.0016568
  365      0.0000009     -0.0000102
  366      0.0000023     -0.0000071
  367      0.0000077     -0.0000414
  368      0.0000092     -0.0000630
  369      0.0013332     -0.0035604
  370      0.0000416     -0.0001046
  371      0.0000014     -0.0000226
  372      0.0001371     -0.0010636
  373      0.0000003     -0.0000012
  374      0.0000187     -0.0000705
  375      0.0000004     -0.0000016
  376      0.0001404     -0.0004097
  377      0.0006535     -0.0019047
  378      0.0000052     -0.0000322
  379      0.0000152     -0.0000820
  380      0.0000488     -0.0001789
  381      0.0000003     -0.0000011
  382      0.0300801     -0.0341906
  383      0.0017956     -0.0059614
  384      0.0000010     -0.0000106
  385      0.0002761     -0.0015926
  386      0.0000085     -0.0000547
  387      0.0000739     -0.0002574
  388      0.0000022     -0.0000093
  389      0.0005523     -0.0026105
  390      0.0000009     -0.0000032
  391      0.0003207     -0.0008264
  392      0.0006519     -0.0013702
  393      0.0000099     -0.0000628
  394      0.0000277     -0.0001189
  395      0.0013661     -0.0036441
  396      0.0000158     -0.0000811
  397      0.0000964     -0.0002891
  398      0.0000018     -0.0000054
  399      0.0000077     -0.0000355
  400      0.0000024     -0.0000103
  401      0.0034289     -0.0067600
  402      0.0000002     -0.0000005
  403      0.0000015     -0.0000134
  404      0.0004507     -0.0012487
  405      0.0000002     -0.0000006
  406      0.0001259     -0.0003249
  407      0.0000092     -0.0000492
  408      0.0000138     -0.0001118
  409      0.0005221     -0.0015330
  410      0.0001970     -0.0004755
  411      0.0000021     -0.0000151
  412      0.0002657     -0.0014075
  413      0.0000002     -0.0000006
  414      0.0000318     -0.0001138
  415      0.0000015     -0.0000322
  416      0.0000383     -0.0001346
  417      0.0000522     -0.0002075
  418      0.0000048     -0.0000307
  419      0.0000082     -0.0000469
  420      0.0001219     -0.0003835
  421      0.0000028     -0.0000189
  422      0.0000227     -0.0000711
  423      0.0001235     -0.0004448
  424      0.0000008     -0.0000082
  425      0.0017972     -0.0050268
  426      0.0000133     -0.0001199
  427      0.0002601     -0.0008915
  428      0.0224522     -0.0291193
  429      0.0001403     -0.0005296
  430      0.0000006     -0.0000021
  431      0.0000084     -0.0000341
  432      0.0000195     -0.0000567
  433      0.0000079     -0.0000501
  434      0.0001236     -0.0003960
  435      0.0010624     -0.0024990
  436      0.0000727     -0.0004278
  437      0.0000352     -0.0001250
  438      0.0045607     -0.0080802
  439      0.0000240     -0.0001012
  440      0.0100011     -0.0178178
  441      0.0000386     -0.0001360
  442      0.0000002     -0.0000006
  443      0.0000012     -0.0000162
  444      0.0007036     -0.0019460
  445      0.0000002     -0.0000004
  446      0.0000033     -0.0000090
  447      0.0000266     -0.0002248
  448      0.0000138     -0.0001288
  449      0.0000406     -0.0001493
  450      0.0000134     -0.0000482
  451      0.0000013     -0.0000206
  452      0.0000757     -0.0004184
  453      0.0000040     -0.0000312
  454      0.0015683     -0.0032622
  455      0.0000031     -0.0000229
  456      0.0002046     -0.0005163
  457      0.0008927     -0.0031297
  458      0.0000044     -0.0000325
  459      0.0013967     -0.0044179
  460      0.0000946     -0.0003128
  461      0.0000002     -0.0000005
  462      0.0001902     -0.0004491
  463      0.0003031     -0.0010829
  464      0.0000012     -0.0000244
  465      0.0000201     -0.0001041
  466      0.0000163     -0.0001084
  467      0.0003998     -0.0016098
  468      0.0000032     -0.0000123
  469      0.0031671     -0.0079162
  470      0.0130159     -0.0371698
  471      0.0001580     -0.0004547
  472      0.0000003     -0.0000004
  473      0.0000127     -0.0001312
  474      0.0000428     -0.0001602
  475      0.0001515     -0.0004045
  476      0.0001039     -0.0008787
  477      0.0005674     -0.0013206
  478      0.0000010     -0.0000025
  479      0.0000066     -0.0000298
  480      0.0003908     -0.0009152
  481      0.0007237     -0.0016617
  482      0.0000003     -0.0000010
  483      0.0000004     -0.0000047
  484      0.0052656     -0.0134386
  485      0.0000013     -0.0000158
  486      0.0000019     -0.0000060
  487      0.0002658     -0.0015936
  488      0.0000093     -0.0000560
  489      0.0002449     -0.0006988
  490      0.0000064     -0.0000222
  491      0.0000003     -0.0000011
  492      0.0000753     -0.0003353
  493      0.0000003     -0.0000012
  494      0.0000105     -0.0000402
  495      0.0000002     -0.0000004
  496      0.0000175     -0.0000655
  497      0.0000225     -0.0000894
  498      0.0000041     -0.0000225
  499      0.0000149     -0.0000799
  500      0.0136609     -0.0294677
  501      0.0000002     -0.0000006
  502      0.0007264     -0.0014558
  503      0.0001011     -0.0003508
  504      0.0000003     -0.0000015
  505      0.0000224     -0.0001282
  506      0.0000085     -0.0000696
  507      0.0002068     -0.0006120
  508      0.0000118     -0.0000398
  509      0.0001728     -0.0005766
  510      0.0000029     -0.0000132
  511      0.0000354     -0.0001217
  512      0.0000099     -0.0000267
  513      0.0000120     -0.0001050
  514      0.0000318     -0.0001228
  515      0.0000297     -0.0001082
  516      0.0000704     -0.0004667
  517      0.0156008     -0.0285794
  518      0.0000006     -0.0000013
  519      0.0000101     -0.0000431
  520      0.0000052     -0.0000172
  521      0.0000897     -0.0002674
  522      0.0000014     -0.0000290
  523      0.0000033     -0.0000223
  524      0.0001859     -0.0005449
  525      0.0000002     -0.0000006
  526      0.0015159     -0.0032085
  527      0.0016763     -0.0048416
  528      0.0000152     -0.0000971
  529      0.0026854     -0.0060160
  530      0.0000050     -0.0000189
  531      0.0000014     -0.0000188
  532      0.0000508     -0.0003432
  533      0.0000004     -0.0000051
  534      0.0004675     -0.0011210
  535      0.0000004     -0.0000027
  536      0.0096791     -0.0157382
  537      0.0003082     -0.0011159
  538      0.0000059     -0.0000437
  539      0.0000185     -0.0001342
  540      0.0000971     -0.0003059
  541      0.0000002     -0.0000004
  542      0.0000065     -0.0000176
  543      0.0000685     -0.0002464
  544      0.0000016     -0.0000142
  545      0.0000232     -0.0001319
  546      0.0000097     -0.0000619
  547      0.0003240     -0.0012804
  548      0.0006850     -0.0014892
  549      0.0020464     -0.0072338
  550      0.0000007     -0.0000023
  551      0.0000185     -0.0000686
  552      0.0053703     -0.0083403
  553      0.0000091     -0.0000667
  554      0.0150212     -0.0378541
  555      0.0006589     -0.0014775
  556      0.0000203     -0.0001070
  557      0.0000734     -0.0002217
  558      0.0000001     -0.0000004
  559      0.0011424     -0.0030224
  560      0.0000018     -0.0000072
  561      0.0001212     -0.0003532
  562      0.0000039     -0.0000292
  563      0.0000002     -0.0000008
  564      0.0000308     -0.0001263
  565      0.0000029     -0.0000187
  566      0.0000246     -0.0000668
  567      0.0003375     -0.0019361
  568      0.0000200     -0.0001814
  569      0.0002824     -0.0007995
  570      0.0000100     -0.0000310
  571      0.0000019     -0.0000159
  572      0.0000836     -0.0005780
  573      0.0000003     -0.0000013
  574      0.0000334     -0.0001214
  575      0.0000002     -0.0000005
  576      0.0151694     -0.0295898
  577      0.0000228     -0.0000903
  578      0.0000053     -0.0000345
  579      0.0000189     -0.0001734
  580      0.0001536     -0.0004858
  581      0.0000005     -0.0000061
  582      0.0040413     -0.0059685
  583      0.0000566     -0.0002075
  584      0.0000018     -0.0000125
  585      0.0000332     -0.0002625
  586      0.0000154     -0.0000885
  587      0.0000794     -0.0002718
  588      0.0000027     -0.0000108
  589      0.0004154     -0.0016628
  590      0.0000012     -0.0000057
  591      0.0000131     -0.0000482
  592      0.0031808     -0.0052875
  593      0.0000077     -0.0000510
  594      0.0000439     -0.0001658
  595      0.0000885     -0.0002696
  596      0.0003942     -0.0024996
  597      0.0000039     -0.0000162
  598      0.0000027     -0.0000078
  599      0.0000785     -0.0002956
  600      0.0000365     -0.0000834
  601      0.0005337     -0.0011954
  602      0.0000005     -0.0000044
  603      0.0000003     -0.0000014
  604      0.0001010     -0.0002976
  605      0.0000006     -0.0000045
  606      0.0317881     -0.0383797
  607      0.0000111     -0.0000651
  608      0.0000074     -0.0000526
  609      0.0002440     -0.0006466
  610      0.0000140     -0.0000444
  611      0.0000011     -0.0000216
  612      0.0002074     -0.0012870
  613      0.0000021     -0.0000234
  614      0.0139710     -0.0201881
  615      0.0000002     -0.0000007
  616      0.0000477     -0.0001642
  617      0.0000957     -0.0002917
  618      0.0000067     -0.0000561
  619      0.0000112     -0.0000602
  620      0.0005206     -0.0016279
  621      0.0000002     -0.0000007
  622      0.0000057     -0.0000151
  623      0.0001050     -0.0003523
  624      0.0000013     -0.0000197
  625      0.0000169     -0.0000849
  626      0.0000124     -0.0001048
  627      0.0000720     -0.0002491
  628      0.0000009     -0.0000031
  629      0.0001938     -0.0007239
  630      0.0001782     -0.0004778
  631      0.0000097     -0.0000387
  632      0.0000004     -0.0000008
  633      0.0000217     -0.0001978
  634      0.0002301     -0.0005725
  635      0.0000467     -0.0001478
  636      0.0000077     -0.0000415
  637      0.0001099     -0.0003287
  638      0.0007235     -0.0015171
  639      0.0000401     -0.0001600
  640      0.0107013     -0.0189648
  641      0.0048190     -0.0083969
  642      0.0000004     -0.0000018
  643      0.0000003     -0.0000010
  644      0.0002794     -0.0007955
  645      0.0000010     -0.0000246
  646      0.0002232     -0.0005300
  647      0.0000152     -0.0000814
  648      0.0000075     -0.0000433
  649      0.0000785     -0.0002659
  650      0.0000187     -0.0000649
  651      0.0000006     -0.0000053
  652      0.0001195     -0.0008849
  653      0.0000004     -0.0000015
  654      0.0000662     -0.0002078
  655      0.0000005     -0.0000065
  656      0.0000648     -0.0002156
  657      0.0002723     -0.0007587
  658      0.0000042     -0.0000234
  659      0.0006126     -0.0030000
  660      0.0015562     -0.0035390
  661      0.0000002     -0.0000007
  662      0.0000278     -0.0000801
  663      0.0002526     -0.0008133
  664      0.0000009     -0.0000064
  665      0.0000127     -0.0000806
  666      0.0000105     -0.0000789
  667      0.0001331     -0.0004669
  668      0.0041128     -0.0071961
  669      0.0020493     -0.0064041
  670      0.0046221     -0.0117587
  671      0.0091046     -0.0144663
  672      0.0000023     -0.0000090
  673      0.0000072     -0.0000437
  674      0.0000493     -0.0001944
  675      0.0000253     -0.0000886
  676      0.0000131     -0.0000757
  677      0.0000137     -0.0000518
  678      0.0000014     -0.0000034
  679      0.0008589     -0.0021797
  680      0.0000049     -0.0000166

   RO Sum (  80) =   80.00

  ---------------
   Dipole Moment
  ---------------

      2.4009 Debye [   0.9446  (   0.0198,   0.0206,   0.9441) ]


  RESULTS OF OCCUPATION-COEFFICIENT OPTIMIZATION
 ================================================

  Ex It  Occ Time  Orb Time  Orb It   Electronic Energy     Total Energy   Energy Convergency    Max Mul-Lag Diff

    1    1.4E+01   6.2E+02      10   -1090.7121767664     -622.2192580223     0.0000000000           0.003625
    2    5.6E+00   2.3E+03      40   -1090.7121767664     -622.2192580223     0.0000000000           0.003625
    3    5.5E+00   2.2E+03      40   -1090.7130370089     -622.2201182648    -0.0008602425           0.000954
    4    5.4E+00   4.8E+01      40   -1090.7130370089     -622.2201182648     0.0000000000           0.000954


  RESULTS OF THE OCCUPATION OPTIMIZATION
 ========================================

   OM     Occupation      Elag Diag

    1      1.9999859    -11.9057494
    2      1.9999857    -11.8870001
    3      1.9999857    -11.8984942
    4      1.9999854    -11.8159525
    5      1.9999852    -11.8255320
    6      1.9999846    -11.7570471
    7      1.9999836    -11.6832391
    8      1.9999833    -11.6574233
    9      1.9999175     -7.7087423
   10      1.9998340     -5.5647514
   11      1.9998316     -5.5571911
   12      1.9998301     -5.5734008
   13      1.9979290     -2.2754388
   14      1.9976140     -2.2635909
   15      1.9973718     -2.2696824
   16      1.9972397     -2.2704896
   17      1.9965154     -2.2772034
   18      1.9850796     -1.1594642
   19      1.9801851     -0.9914761
   20      1.9787544     -0.9887133
   21      1.9785373     -0.9538025
   22      1.9778989     -1.1141250
   23      1.9768618     -0.7901611
   24      1.9763641     -0.8177430
   25      1.9763600     -0.7938787
   26      1.9745840     -0.8251845
   27      1.9733744     -0.6603868
   28      1.9699259     -0.6293510
   29      1.9696929     -0.6363563
   30      1.9690782     -0.6421061
   31      1.9689164     -0.3822400
   32      1.9687664     -0.6153515
   33      1.9685887     -0.6512930
   34      1.9620054     -0.4312950
   35      1.9619576     -0.3689484
   36      1.9607090     -0.4960977
   37      1.9591429     -0.4262064
   38      1.9590157     -0.4234018
   39      1.9565714     -0.5391533
   40      1.9559909     -0.5388593
   41      0.0014655     -0.0031704
   42      0.0000021     -0.0000075
   43      0.0000325     -0.0000917
   44      0.0038174     -0.0057878
   45      0.0014772     -0.0032170
   46      0.0000002     -0.0000004
   47      0.0000167     -0.0000528
   48      0.0000327     -0.0001207
   49      0.0029698     -0.0052366
   50      0.0000034     -0.0000151
   51      0.0036718     -0.0069845
   52      0.0000415     -0.0001459
   53      0.0024908     -0.0048993
   54      0.0217239     -0.0322949
   55      0.0003918     -0.0011081
   56      0.0063685     -0.0137028
   57      0.0004049     -0.0009814
   58      0.0008606     -0.0026507
   59      0.0004469     -0.0013198
   60      0.0026032     -0.0061024
   61      0.0000149     -0.0000629
   62      0.0001064     -0.0003702
   63      0.0003499     -0.0015283
   64      0.0000069     -0.0000392
   65      0.0000711     -0.0004136
   66      0.0000186     -0.0001049
   67      0.0000273     -0.0003437
   68      0.0000498     -0.0002865
   69      0.0000129     -0.0001205
   70      0.0000083     -0.0000663
   71      0.0000200     -0.0001605
   72      0.0000050     -0.0000291
   73      0.0000012     -0.0000195
   74      0.0000019     -0.0000142
   75      0.0000010     -0.0000351
   76      0.0000003     -0.0000017
   77      0.0000002     -0.0000006
   78      0.0000009     -0.0000177
   79      0.0000003     -0.0000015
   80      0.0000010     -0.0000258
   81      0.0042203     -0.0071899
   82      0.0042437     -0.0074671
   83      0.0000905     -0.0002304
   84      0.0000031     -0.0000113
   85      0.0000069     -0.0000240
   86      0.0000034     -0.0000138
   87      0.0001148     -0.0002897
   88      0.0000608     -0.0001925
   89      0.0043272     -0.0075241
   90      0.0001813     -0.0004834
   91      0.0000028     -0.0000120
   92      0.0000319     -0.0001147
   93      0.0004653     -0.0010514
   94      0.0003656     -0.0009033
   95      0.0000062     -0.0000293
   96      0.0000718     -0.0002686
   97      0.0003563     -0.0009873
   98      0.0003369     -0.0010050
   99      0.0000311     -0.0001196
  100      0.0001943     -0.0006045
  101      0.0002721     -0.0007215
  102      0.0146947     -0.0339678
  103      0.0009973     -0.0036260
  104      0.0000156     -0.0000820
  105      0.0000193     -0.0001002
  106      0.0001577     -0.0012915
  107      0.0000192     -0.0001039
  108      0.0000707     -0.0004158
  109      0.0000078     -0.0000517
  110      0.0000111     -0.0001005
  111      0.0000067     -0.0000363
  112      0.0000056     -0.0000488
  113      0.0000009     -0.0000105
  114      0.0000006     -0.0000053
  115      0.0000017     -0.0000156
  116      0.0000003     -0.0000010
  117      0.0000001     -0.0000004
  118      0.0000007     -0.0000051
  119      0.0000032     -0.0000226
  120      0.0000003     -0.0000013
  121      0.0000035     -0.0000094
  122      0.0043705     -0.0073392
  123      0.0000687     -0.0001897
  124      0.0000120     -0.0000400
  125      0.0092259     -0.0162967
  126      0.0000029     -0.0000113
  127      0.0000377     -0.0001080
  128      0.0002953     -0.0007681
  129      0.0000405     -0.0001387
  130      0.0000055     -0.0000242
  131      0.0101562     -0.0161181
  132      0.0003084     -0.0008091
  133      0.0006236     -0.0014732
  134      0.0000203     -0.0000746
  135      0.0143719     -0.0385979
  136      0.0000921     -0.0003077
  137      0.0023309     -0.0048977
  138      0.0011137     -0.0036275
  139      0.0000141     -0.0000606
  140      0.0002700     -0.0008897
  141      0.0028503     -0.0058742
  142      0.0010334     -0.0042005
  143      0.0009290     -0.0033279
  144      0.0000133     -0.0000769
  145      0.0000299     -0.0003106
  146      0.0000206     -0.0001197
  147      0.0000162     -0.0000813
  148      0.0001120     -0.0010118
  149      0.0000080     -0.0000621
  150      0.0000097     -0.0000663
  151      0.0000056     -0.0000311
  152      0.0000064     -0.0000409
  153      0.0000007     -0.0000042
  154      0.0000015     -0.0000192
  155      0.0000002     -0.0000005
  156      0.0000005     -0.0000043
  157      0.0000003     -0.0000012
  158      0.0000007     -0.0000091
  159      0.0000002     -0.0000007
  160      0.0000003     -0.0000013
  161      0.0000049     -0.0000107
  162      0.0001091     -0.0002809
  163      0.0055210     -0.0083321
  164      0.0000040     -0.0000133
  165      0.0000041     -0.0000143
  166      0.0002165     -0.0004882
  167      0.0000036     -0.0000138
  168      0.0035827     -0.0064349
  169      0.0049599     -0.0082372
  170      0.0130626     -0.0371868
  171      0.0001735     -0.0004729
  172      0.0032363     -0.0057728
  173      0.0000223     -0.0000827
  174      0.0000293     -0.0001052
  175      0.0076027     -0.0164417
  176      0.0009678     -0.0027771
  177      0.0147511     -0.0306898
  178      0.0005342     -0.0019071
  179      0.0001586     -0.0004776
  180      0.0122180     -0.0290673
  181      0.0020133     -0.0054436
  182      0.0001459     -0.0005235
  183      0.0003302     -0.0016072
  184      0.0000088     -0.0000516
  185      0.0000246     -0.0001395
  186      0.0000165     -0.0000863
  187      0.0000262     -0.0002229
  188      0.0000958     -0.0007495
  189      0.0000087     -0.0000592
  190      0.0000081     -0.0000535
  191      0.0000067     -0.0000459
  192      0.0000048     -0.0000270
  193      0.0000004     -0.0000048
  194      0.0000006     -0.0000037
  195      0.0000025     -0.0000190
  196      0.0000011     -0.0000281
  197      0.0000003     -0.0000016
  198      0.0000031     -0.0000211
  199      0.0000003     -0.0000017
  200      0.0000026     -0.0000193
  201      0.0000020     -0.0000071
  202      0.0007588     -0.0015542
  203      0.0000572     -0.0001600
  204      0.0000128     -0.0000420
  205      0.0000047     -0.0000183
  206      0.0106655     -0.0189229
  207      0.0000973     -0.0002534
  208      0.0000304     -0.0001120
  209      0.0005744     -0.0013462
  210      0.0000022     -0.0000105
  211      0.0000064     -0.0000239
  212      0.0011110     -0.0025334
  213      0.0158070     -0.0275098
  214      0.0009071     -0.0022762
  215      0.0000268     -0.0001110
  216      0.0002282     -0.0005554
  217      0.0000475     -0.0001755
  218      0.0006895     -0.0019317
  219      0.0026670     -0.0058625
  220      0.0008468     -0.0028009
  221      0.0000322     -0.0001283
  222      0.0016119     -0.0056738
  223      0.0011418     -0.0038783
  224      0.0013037     -0.0041766
  225      0.0000173     -0.0000870
  226      0.0000276     -0.0002607
  227      0.0000205     -0.0000997
  228      0.0000471     -0.0002983
  229      0.0000144     -0.0000820
  230      0.0000077     -0.0000505
  231      0.0000136     -0.0001408
  232      0.0000060     -0.0000437
  233      0.0000013     -0.0000172
  234      0.0000003     -0.0000013
  235      0.0000005     -0.0000068
  236      0.0000010     -0.0000228
  237      0.0000033     -0.0000226
  238      0.0000008     -0.0000085
  239      0.0000002     -0.0000008
  240      0.0000002     -0.0000009
  241      0.0000003     -0.0000003
  242      0.0002234     -0.0005304
  243      0.0000091     -0.0000242
  244      0.0276401     -0.0322867
  245      0.0281436     -0.0403001
  246      0.0000003     -0.0000003
  247      0.0003703     -0.0008305
  248      0.0000055     -0.0000217
  249      0.0020047     -0.0039035
  250      0.0000011     -0.0000046
  251      0.0000072     -0.0000308
  252      0.0000825     -0.0002490
  253      0.0008266     -0.0017814
  254      0.0000357     -0.0001291
  255      0.0008308     -0.0021835
  256      0.0001754     -0.0005132
  257      0.0000691     -0.0002436
  258      0.0019093     -0.0041851
  259      0.0164334     -0.0314350
  260      0.0000503     -0.0001897
  261      0.0002290     -0.0007926
  262      0.0001176     -0.0004146
  263      0.0002383     -0.0007021
  264      0.0000102     -0.0000598
  265      0.0000252     -0.0001706
  266      0.0000159     -0.0000845
  267      0.0000426     -0.0003272
  268      0.0003593     -0.0020843
  269      0.0000074     -0.0000418
  270      0.0000058     -0.0000323
  271      0.0000083     -0.0000535
  272      0.0000057     -0.0000426
  273      0.0000007     -0.0000044
  274      0.0000003     -0.0000018
  275      0.0000007     -0.0000038
  276      0.0000002     -0.0000005
  277      0.0000023     -0.0000175
  278      0.0000004     -0.0000048
  279      0.0000008     -0.0000122
  280      0.0000009     -0.0000155
  281      0.0029563     -0.0050926
  282      0.0000086     -0.0000136
  283      0.0001012     -0.0002544
  284      0.0000048     -0.0000172
  285      0.0001130     -0.0003044
  286      0.0060084     -0.0122102
  287      0.0100813     -0.0189133
  288      0.0000124     -0.0000474
  289      0.0001615     -0.0004543
  290      0.0000040     -0.0000176
  291      0.0000608     -0.0002019
  292      0.0000970     -0.0002941
  293      0.0000537     -0.0001719
  294      0.0000489     -0.0001603
  295      0.0000036     -0.0000176
  296      0.0000751     -0.0002724
  297      0.0001271     -0.0003931
  298      0.0013887     -0.0035122
  299      0.0000162     -0.0000743
  300      0.0010111     -0.0035354
  301      0.0079832     -0.0148940
  302      0.0000792     -0.0002740
  303      0.0005557     -0.0017747
  304      0.0000214     -0.0001948
  305      0.0002651     -0.0014230
  306      0.0000096     -0.0000572
  307      0.0000155     -0.0000888
  308      0.0002469     -0.0012314
  309      0.0000094     -0.0000653
  310      0.0000111     -0.0000798
  311      0.0000095     -0.0000640
  312      0.0000051     -0.0000299
  313      0.0000020     -0.0000209
  314      0.0000005     -0.0000052
  315      0.0000010     -0.0000251
  316      0.0000035     -0.0000236
  317      0.0000014     -0.0000339
  318      0.0000002     -0.0000005
  319      0.0000011     -0.0000406
  320      0.0000003     -0.0000009
  321      0.0300645     -0.0372778
  322      0.0000273     -0.0000650
  323      0.0000036     -0.0000120
  324      0.0001275     -0.0003183
  325      0.0000095     -0.0000315
  326      0.0000014     -0.0000044
  327      0.0000019     -0.0000069
  328      0.0174010     -0.0283823
  329      0.0000280     -0.0001004
  330      0.0000009     -0.0000034
  331      0.0003424     -0.0008973
  332      0.0000367     -0.0001281
  333      0.0001164     -0.0003343
  334      0.0000656     -0.0002141
  335      0.0000139     -0.0000629
  336      0.0000905     -0.0003057
  337      0.0001181     -0.0004001
  338      0.0000516     -0.0001971
  339      0.0000137     -0.0000584
  340      0.0014631     -0.0050026
  341      0.0002832     -0.0007998
  342      0.0004767     -0.0018091
  343      0.0016408     -0.0068965
  344      0.0000086     -0.0000517
  345      0.0016096     -0.0046723
  346      0.0000120     -0.0000791
  347      0.0000167     -0.0000872
  348      0.0000741     -0.0004725
  349      0.0000065     -0.0000481
  350      0.0000106     -0.0000666
  351      0.0000075     -0.0000470
  352      0.0000030     -0.0000192
  353      0.0000006     -0.0000036
  354      0.0000006     -0.0000029
  355      0.0000004     -0.0000020
  356      0.0000007     -0.0000046
  357      0.0000004     -0.0000019
  358      0.0000004     -0.0000024
  359      0.0000036     -0.0000242
  360      0.0000005     -0.0000075
  361      0.0000018     -0.0000054
  362      0.0000023     -0.0000071
  363      0.0300801     -0.0342018
  364      0.0006519     -0.0013697
  365      0.0000416     -0.0001035
  366      0.0000024     -0.0000103
  367      0.0000022     -0.0000093
  368      0.0002356     -0.0006050
  369      0.0000187     -0.0000703
  370      0.0000009     -0.0000032
  371      0.0000964     -0.0002903
  372      0.0001404     -0.0004066
  373      0.0003207     -0.0008277
  374      0.0013661     -0.0036451
  375      0.0000077     -0.0000355
  376      0.0000277     -0.0001197
  377      0.0013332     -0.0035655
  378      0.0000488     -0.0001799
  379      0.0006535     -0.0018971
  380      0.0017956     -0.0059755
  381      0.0005505     -0.0016467
  382      0.0000739     -0.0002584
  383      0.0005523     -0.0026214
  384      0.0000152     -0.0000821
  385      0.0000158     -0.0000814
  386      0.0000077     -0.0000414
  387      0.0002761     -0.0015992
  388      0.0001371     -0.0010843
  389      0.0000085     -0.0000551
  390      0.0000092     -0.0000626
  391      0.0000099     -0.0000632
  392      0.0000052     -0.0000323
  393      0.0000010     -0.0000110
  394      0.0000014     -0.0000220
  395      0.0000002     -0.0000007
  396      0.0000009     -0.0000099
  397      0.0000004     -0.0000016
  398      0.0000004     -0.0000018
  399      0.0000003     -0.0000011
  400      0.0000003     -0.0000012
  401      0.0045607     -0.0080151
  402      0.0001259     -0.0003225
  403      0.0000227     -0.0000711
  404      0.0000195     -0.0000560
  405      0.0001970     -0.0004718
  406      0.0100011     -0.0178175
  407      0.0224522     -0.0290922
  408      0.0034289     -0.0067779
  409      0.0000318     -0.0001141
  410      0.0000006     -0.0000020
  411      0.0000352     -0.0001253
  412      0.0000383     -0.0001343
  413      0.0000084     -0.0000341
  414      0.0010624     -0.0024995
  415      0.0000240     -0.0001009
  416      0.0001236     -0.0004002
  417      0.0005221     -0.0015144
  418      0.0001219     -0.0003860
  419      0.0000522     -0.0002074
  420      0.0001235     -0.0004434
  421      0.0004507     -0.0012502
  422      0.0002601     -0.0008895
  423      0.0001403     -0.0005302
  424      0.0000082     -0.0000470
  425      0.0000727     -0.0004270
  426      0.0000092     -0.0000493
  427      0.0017972     -0.0050286
  428      0.0002657     -0.0014024
  429      0.0000133     -0.0001200
  430      0.0000138     -0.0001093
  431      0.0000079     -0.0000495
  432      0.0000048     -0.0000308
  433      0.0000008     -0.0000085
  434      0.0000021     -0.0000151
  435      0.0000015     -0.0000130
  436      0.0000002     -0.0000006
  437      0.0000015     -0.0000315
  438      0.0000002     -0.0000005
  439      0.0000028     -0.0000189
  440      0.0000002     -0.0000006
  441      0.0000010     -0.0000025
  442      0.0000033     -0.0000090
  443      0.0001902     -0.0004475
  444      0.0000003     -0.0000004
  445      0.0000134     -0.0000474
  446      0.0003908     -0.0009101
  447      0.0000032     -0.0000122
  448      0.0000386     -0.0001353
  449      0.0015683     -0.0032653
  450      0.0130159     -0.0371713
  451      0.0005674     -0.0013255
  452      0.0002046     -0.0005124
  453      0.0001580     -0.0004565
  454      0.0001515     -0.0004090
  455      0.0000066     -0.0000297
  456      0.0000428     -0.0001604
  457      0.0000406     -0.0001502
  458      0.0000946     -0.0003126
  459      0.0008927     -0.0031396
  460      0.0003031     -0.0010832
  461      0.0007036     -0.0019499
  462      0.0003998     -0.0015737
  463      0.0031671     -0.0079051
  464      0.0013967     -0.0044476
  465      0.0001039     -0.0008828
  466      0.0000266     -0.0002235
  467      0.0000201     -0.0001043
  468      0.0000757     -0.0004169
  469      0.0000163     -0.0001078
  470      0.0000138     -0.0001274
  471      0.0000127     -0.0001306
  472      0.0000044     -0.0000329
  473      0.0000012     -0.0000239
  474      0.0000013     -0.0000204
  475      0.0000012     -0.0000163
  476      0.0000002     -0.0000004
  477      0.0000031     -0.0000229
  478      0.0000002     -0.0000006
  479      0.0000002     -0.0000005
  480      0.0000040     -0.0000312
  481      0.0000006     -0.0000012
  482      0.0000019     -0.0000060
  483      0.0007264     -0.0014561
  484      0.0000099     -0.0000259
  485      0.0000064     -0.0000220
  486      0.0000052     -0.0000172
  487      0.0000118     -0.0000394
  488      0.0007237     -0.0016526
  489      0.0000105     -0.0000401
  490      0.0000029     -0.0000132
  491      0.0156008     -0.0285480
  492      0.0000175     -0.0000653
  493      0.0000354     -0.0001221
  494      0.0000297     -0.0001087
  495      0.0000101     -0.0000429
  496      0.0000318     -0.0001231
  497      0.0002449     -0.0006961
  498      0.0136609     -0.0294390
  499      0.0000225     -0.0000893
  500      0.0001011     -0.0003520
  501      0.0052656     -0.0135121
  502      0.0002068     -0.0006122
  503      0.0001728     -0.0005671
  504      0.0000149     -0.0000796
  505      0.0000704     -0.0004621
  506      0.0002658     -0.0016013
  507      0.0000224     -0.0001281
  508      0.0000753     -0.0003386
  509      0.0000085     -0.0000710
  510      0.0000093     -0.0000570
  511      0.0000120     -0.0001054
  512      0.0000041     -0.0000225
  513      0.0000003     -0.0000015
  514      0.0000003     -0.0000011
  515      0.0000004     -0.0000046
  516      0.0000013     -0.0000157
  517      0.0000002     -0.0000004
  518      0.0000003     -0.0000010
  519      0.0000002     -0.0000006
  520      0.0000003     -0.0000012
  521      0.0000001     -0.0000004
  522      0.0015159     -0.0032099
  523      0.0000065     -0.0000176
  524      0.0053703     -0.0083348
  525      0.0000050     -0.0000190
  526      0.0000018     -0.0000072
  527      0.0006850     -0.0014889
  528      0.0000897     -0.0002667
  529      0.0004675     -0.0011058
  530      0.0000007     -0.0000023
  531      0.0000734     -0.0002211
  532      0.0096791     -0.0158385
  533      0.0000185     -0.0000685
  534      0.0006589     -0.0014861
  535      0.0011424     -0.0030116
  536      0.0150212     -0.0379129
  537      0.0026854     -0.0060273
  538      0.0000971     -0.0003064
  539      0.0003082     -0.0010970
  540      0.0000685     -0.0002468
  541      0.0001859     -0.0005448
  542      0.0003240     -0.0012794
  543      0.0020464     -0.0072244
  544      0.0000185     -0.0001327
  545      0.0000203     -0.0001078
  546      0.0016763     -0.0048486
  547      0.0000232     -0.0001326
  548      0.0000508     -0.0003445
  549      0.0000097     -0.0000616
  550      0.0000152     -0.0000973
  551      0.0000091     -0.0000678
  552      0.0000059     -0.0000444
  553      0.0000016     -0.0000141
  554      0.0000014     -0.0000188
  555      0.0000033     -0.0000224
  556      0.0000002     -0.0000006
  557      0.0000004     -0.0000028
  558      0.0000014     -0.0000282
  559      0.0000002     -0.0000004
  560      0.0000004     -0.0000050
  561      0.0000027     -0.0000077
  562      0.0000246     -0.0000650
  563      0.0040413     -0.0059706
  564      0.0031808     -0.0052775
  565      0.0000100     -0.0000307
  566      0.0000365     -0.0000839
  567      0.0000027     -0.0000108
  568      0.0001212     -0.0003487
  569      0.0000334     -0.0001210
  570      0.0000012     -0.0000057
  571      0.0000039     -0.0000163
  572      0.0151694     -0.0295854
  573      0.0000131     -0.0000483
  574      0.0000885     -0.0002705
  575      0.0000785     -0.0002904
  576      0.0000439     -0.0001655
  577      0.0002824     -0.0007949
  578      0.0001536     -0.0004838
  579      0.0000228     -0.0000902
  580      0.0000566     -0.0002082
  581      0.0000308     -0.0001266
  582      0.0000794     -0.0002718
  583      0.0004154     -0.0016507
  584      0.0000189     -0.0001724
  585      0.0003942     -0.0025160
  586      0.0003375     -0.0019363
  587      0.0000332     -0.0002676
  588      0.0000836     -0.0005762
  589      0.0000154     -0.0000865
  590      0.0000200     -0.0001886
  591      0.0000077     -0.0000515
  592      0.0000053     -0.0000346
  593      0.0000018     -0.0000123
  594      0.0000019     -0.0000154
  595      0.0000002     -0.0000008
  596      0.0000029     -0.0000188
  597      0.0000002     -0.0000005
  598      0.0000039     -0.0000294
  599      0.0000005     -0.0000061
  600      0.0000003     -0.0000014
  601      0.0007235     -0.0015150
  602      0.0317881     -0.0383935
  603      0.0000057     -0.0000150
  604      0.0000004     -0.0000008
  605      0.0000140     -0.0000430
  606      0.0107013     -0.0189624
  607      0.0000009     -0.0000031
  608      0.0005337     -0.0011939
  609      0.0139710     -0.0202221
  610      0.0001782     -0.0004778
  611      0.0001099     -0.0003263
  612      0.0000477     -0.0001624
  613      0.0000097     -0.0000388
  614      0.0000467     -0.0001483
  615      0.0000401     -0.0001592
  616      0.0002301     -0.0005704
  617      0.0002440     -0.0006436
  618      0.0005206     -0.0016598
  619      0.0000957     -0.0002916
  620      0.0001050     -0.0003525
  621      0.0001010     -0.0002977
  622      0.0000720     -0.0002495
  623      0.0001938     -0.0007198
  624      0.0000112     -0.0000599
  625      0.0000077     -0.0000413
  626      0.0000111     -0.0000651
  627      0.0000169     -0.0000846
  628      0.0002074     -0.0013006
  629      0.0000124     -0.0001085
  630      0.0000074     -0.0000523
  631      0.0000217     -0.0001997
  632      0.0000067     -0.0000568
  633      0.0000013     -0.0000193
  634      0.0000011     -0.0000215
  635      0.0000003     -0.0000014
  636      0.0000006     -0.0000046
  637      0.0000002     -0.0000007
  638      0.0000005     -0.0000047
  639      0.0000002     -0.0000007
  640      0.0000021     -0.0000230
  641      0.0000014     -0.0000033
  642      0.0002232     -0.0005307
  643      0.0000278     -0.0000798
  644      0.0000023     -0.0000090
  645      0.0000187     -0.0000634
  646      0.0000049     -0.0000168
  647      0.0041128     -0.0072182
  648      0.0048190     -0.0083944
  649      0.0000662     -0.0002070
  650      0.0046221     -0.0117582
  651      0.0000137     -0.0000518
  652      0.0000648     -0.0002153
  653      0.0091046     -0.0143962
  654      0.0000253     -0.0000888
  655      0.0008589     -0.0021787
  656      0.0000493     -0.0001943
  657      0.0000785     -0.0002655
  658      0.0015562     -0.0035371
  659      0.0002723     -0.0007596
  660      0.0002526     -0.0008101
  661      0.0002794     -0.0007958
  662      0.0001331     -0.0004690
  663      0.0020493     -0.0064096
  664      0.0006126     -0.0029784
  665      0.0000131     -0.0000758
  666      0.0000152     -0.0000813
  667      0.0000127     -0.0000807
  668      0.0001195     -0.0009136
  669      0.0000105     -0.0000781
  670      0.0000075     -0.0000435
  671      0.0000072     -0.0000446
  672      0.0000042     -0.0000235
  673      0.0000009     -0.0000067
  674      0.0000006     -0.0000053
  675      0.0000003     -0.0000010
  676      0.0000010     -0.0000247
  677      0.0000005     -0.0000070
  678      0.0000004     -0.0000018
  679      0.0000002     -0.0000008
  680      0.0000004     -0.0000016

   RO Sum (  80) =   80.00

  ---------------
   Dipole Moment
  ---------------

      2.4134 Debye [   0.9495  (   0.0024,   0.0165,   0.9494) ]

 ----------------
  Final Energies  
 ----------------

  Final NOF Total Energy =     -622.2201182648 ( 1.E-03 , 0.E+00 )


  **************************************************
  *                                                *
  *       SINGLE-POINT DoNOF CALCULATION           *
  *                                                *
  *             FULL OPTIMIZATION                  *
  *                                                *
  *  FINAL RESULTS   FINAL RESULTS  FINAL RESULTS  *
  *                                                *
  **************************************************

  **************************************************
  *         No. EXTERNAL ITER =     4              *
  *         No. of TOTAL ITER =   130              *
  **************************************************

  Elapsed real time :   5219.11  (Seconds)

 The execution finished at  0h 33min on the 11/ 6/2025
Recovering execution output...
Moving from /scratch/pobleyef/346706 to /home-nas/pobleyef/Slim-NOF/ncwomax/Slim16/GNOFs25/arina.346706
mkdir -p /home-nas/pobleyef/Slim-NOF/ncwomax/Slim16/GNOFs25/arina.346706
mv /scratch/pobleyef/346706/* /home-nas/pobleyef/Slim-NOF/ncwomax/Slim16/GNOFs25/arina.346706
