Job runing on nagpu02
Choosing scratch ...
Automatic scratch folder selection
/scratch/pobleyef/346709
/scratch/pobleyef/346709 directory
cp HEAVY28-bih3_hi.gcf HEAVY28-bih3_hi.inp to  /scratch/pobleyef/346709/.
HEAVY28-bih3_hi
 This is the OpenMP version of the code
 This is the OpenMP version of the code
 This is the OpenMP version of the code
 This is the OpenMP version of the code
 This is the OpenMP version of the code
 This is the OpenMP version of the code
 This is the OpenMP version of the code
 This is the OpenMP version of the code
 This is the OpenMP version of the code
 This is the OpenMP version of the code
 This is the OpenMP version of the code
 This is the OpenMP version of the code
 This is the OpenMP version of the code
 This is the OpenMP version of the code
 This is the OpenMP version of the code
 This is the OpenMP version of the code
 This is the OpenMP version of the code
 This is the OpenMP version of the code
 This is the OpenMP version of the code
 This is the OpenMP version of the code
 This is the OpenMP version of the code
 This is the OpenMP version of the code
 This is the OpenMP version of the code
 This is the OpenMP version of the code
 This is the OpenMP version of the code
 This is the OpenMP version of the code
 This is the OpenMP version of the code
 This is the OpenMP version of the code
 This is the OpenMP version of the code
 This is the OpenMP version of the code
 This is the OpenMP version of the code
 This is the OpenMP version of the code
 This is the OpenMP version of the code
 This is the OpenMP version of the code
 This is the OpenMP version of the code
 This is the OpenMP version of the code
 This is the OpenMP version of the code
 This is the OpenMP version of the code
 This is the OpenMP version of the code
 This is the OpenMP version of the code
 This is the OpenMP version of the code
 This is the OpenMP version of the code
 This is the OpenMP version of the code
 This is the OpenMP version of the code
 This is the OpenMP version of the code
 This is the OpenMP version of the code
 This is the OpenMP version of the code
 This is the OpenMP version of the code
 This is the OpenMP version of the code
 This is the OpenMP version of the code
 This is the OpenMP version of the code
 This is the OpenMP version of the code
 This is the OpenMP version of the code
 This is the OpenMP version of the code
 This is the OpenMP version of the code
 This is the OpenMP version of the code
 This is the OpenMP version of the code
 This is the OpenMP version of the code
 This is the OpenMP version of the code
 This is the OpenMP version of the code
 This is the OpenMP version of the code
 This is the OpenMP version of the code
 This is the OpenMP version of the code
 This is the OpenMP version of the code
 This is the OpenMP version of the code
 This is the OpenMP version of the code
 This is the OpenMP version of the code
 This is the OpenMP version of the code
 This is the OpenMP version of the code
 This is the OpenMP version of the code
 This is the OpenMP version of the code
 This is the OpenMP version of the code
 This is the OpenMP version of the code
 This is the OpenMP version of the code
 This is the OpenMP version of the code
 This is the OpenMP version of the code
 This is the OpenMP version of the code
 This is the OpenMP version of the code
 This is the OpenMP version of the code
 This is the OpenMP version of the code
 This is the OpenMP version of the code
 This is the OpenMP version of the code
 This is the OpenMP version of the code
 This is the OpenMP version of the code
 This is the OpenMP version of the code
 This is the OpenMP version of the code
 This is the OpenMP version of the code
 This is the OpenMP version of the code
 This is the OpenMP version of the code
 This is the OpenMP version of the code
 This is the OpenMP version of the code
 This is the OpenMP version of the code
 This is the OpenMP version of the code
 This is the OpenMP version of the code
 This is the OpenMP version of the code
 This is the OpenMP version of the code
 This is the OpenMP version of the code
 This is the OpenMP version of the code
 This is the OpenMP version of the code
 This is the OpenMP version of the code
 This is the OpenMP version of the code
 This is the OpenMP version of the code
 This is the OpenMP version of the code
 This is the OpenMP version of the code
 This is the OpenMP version of the code
 This is the OpenMP version of the code
 This is the OpenMP version of the code
 This is the OpenMP version of the code
 This is the OpenMP version of the code
 This is the OpenMP version of the code
 This is the OpenMP version of the code
 This is the OpenMP version of the code
 This is the OpenMP version of the code
 This is the OpenMP version of the code
 This is the OpenMP version of the code
 This is the OpenMP version of the code
 This is the OpenMP version of the code
 This is the OpenMP version of the code
 This is the OpenMP version of the code
 This is the OpenMP version of the code
 This is the OpenMP version of the code
 This is the OpenMP version of the code
 This is the OpenMP version of the code
 This is the OpenMP version of the code
 This is the OpenMP version of the code
 This is the OpenMP version of the code
 This is the OpenMP version of the code
 This is the OpenMP version of the code
 This is the OpenMP version of the code
 This is the OpenMP version of the code
 This is the OpenMP version of the code
 This is the OpenMP version of the code
 This is the OpenMP version of the code
 This is the OpenMP version of the code
 This is the OpenMP version of the code
 This is the OpenMP version of the code
 This is the OpenMP version of the code
 This is the OpenMP version of the code
 This is the OpenMP version of the code
 This is the OpenMP version of the code
 This is the OpenMP version of the code
 This is the OpenMP version of the code
 This is the OpenMP version of the code
 This is the OpenMP version of the code
 This is the OpenMP version of the code
 This is the OpenMP version of the code
 This is the OpenMP version of the code
 This is the OpenMP version of the code
 This is the OpenMP version of the code
 This is the OpenMP version of the code
 This is the OpenMP version of the code
 This is the OpenMP version of the code
 This is the OpenMP version of the code
 This is the OpenMP version of the code
 This is the OpenMP version of the code
 This is the OpenMP version of the code
 This is the OpenMP version of the code
 This is the OpenMP version of the code
 This is the OpenMP version of the code
 This is the OpenMP version of the code
 This is the OpenMP version of the code
 This is the OpenMP version of the code
 This is the OpenMP version of the code
 This is the OpenMP version of the code
 This is the OpenMP version of the code
 This is the OpenMP version of the code
 This is the OpenMP version of the code
 This is the OpenMP version of the code
 This is the OpenMP version of the code
 This is the OpenMP version of the code
 This is the OpenMP version of the code
 This is the OpenMP version of the code
 This is the OpenMP version of the code
 This is the OpenMP version of the code
 This is the OpenMP version of the code
 This is the OpenMP version of the code
 This is the OpenMP version of the code
 This is the OpenMP version of the code
 This is the OpenMP version of the code
 This is the OpenMP version of the code
 This is the OpenMP version of the code
 This is the OpenMP version of the code
 This is the OpenMP version of the code
 This is the OpenMP version of the code
 This is the OpenMP version of the code
 This is the OpenMP version of the code
 This is the OpenMP version of the code
 This is the OpenMP version of the code
 This is the OpenMP version of the code
 This is the OpenMP version of the code
 This is the OpenMP version of the code
 This is the OpenMP version of the code

 The execution started at 23h  6min on the 11/ 5/2025

    ===========================================================
    !                                                         !
    !                        Do N O F                         !
    !                                                         !
    !  (Donostia Natural Orbital Functional Software Program) !
    !                                                         !
    !               COPYRIGHT by Mario Piris                  !
    !                                                         !
    !      Donostia International Physics Center (DIPC)       !
    !       University of the Basque Country (UPV/EHU)        !
    !       Basque Foundation for Science (IKERBASQUE)        !
    !                                                         !
    !          GNU General Public License version 3           !
    !                                                         !
    !                  VERSION: October 2025                  !
    !                                                         !
    ===========================================================

 Run Title
 ---------
  Molname                                                                        

 Basis Set
 ---------
 /home/pobleyef/DoNOFsw/basis/def2-QZVP.bas                                      

 Atom      Charge                Coordinates (Bohr)
                           x             y             z
 BI         83.0        0.0000        0.0000        1.9967
 H           1.0       -1.3600        2.3557        3.9124
 H           1.0       -1.3600       -2.3557        3.9124
 H           1.0        2.7201        0.0000        3.9124
 I          53.0        0.0000        0.0000       -5.3610
 H           1.0        0.0000        0.0000       -8.3727

 Atomic Basis Set
 ----------------
 The contracted primitive functions were unnormalized
 The contracted basis functions are now normalized to unity

  Shell Type  Primitive         Exponent  Contraction Coefficient

 BI        

      1   S       1          8131.0900000    0.000071272491
      1   S       2          1225.7700000    0.000491534422
      1   S       3           274.6720000    0.001681047724
      1   S       4            37.6164000    0.049689214733
      1   S       5            23.4804000   -0.391571066701
      1   S       6            14.1065000    1.503421929557
      1   S       7             8.8130500   -1.338578488080
      1   S       8             5.5077800   -1.565252044517
      1   S       9             2.0397700    1.896580652442

      2   S      10            13.6142845    0.353370847250
      2   S      11            11.0108818   -0.607520655341
      2   S      12             2.2630090    1.173430725347

      3   S      13             1.0975227    1.000000000000

      4   S      14             0.5234445    1.000000000000

      5   S      15             0.2673441    1.000000000000

      6   S      16             0.1283661    1.000000000000

      7   S      17             0.0600977    1.000000000000

      8   P      18            99.5914000    0.000399211808
      8   P      19            19.8964000   -0.023048136078
      8   P      20            12.4376000    0.202428077813
      8   P      21             7.7740000   -0.437928430983
      8   P      22             4.8399500   -0.063760817779
      8   P      23             2.2547800    0.610221786224
      8   P      24             1.1804900    0.601499123591

      9   P      25             9.6213215   -0.058623300736
      9   P      26             4.1321351    0.295830548167
      9   P      27             1.2785828    0.806726143951

     10   P      28             0.5942360    1.000000000000

     11   P      29             0.2579417    1.000000000000

     12   P      30             0.1127360    1.000000000000

     13   P      31             0.0477920    1.000000000000

     14   D      32            69.6327992    0.000430975016
     14   D      33            14.8886150    0.010030864746
     14   D      34             6.5949629   -0.103152960833
     14   D      35             4.1796108    0.034465181552
     14   D      36             2.5697950    0.248366675156
     14   D      37             1.5601365    0.413338685568
     14   D      38             0.8921053    0.425728150361

     15   D      39             0.4809373    1.000000000000

     16   D      40             0.2423362    1.000000000000

     17   D      41             0.1044000    1.000000000000

     18   F      42             2.7210175    1.000000000000

     19   F      43             1.2625600    1.000000000000

     20   F      44             0.4803000    1.000000000000

     21   F      45             0.2006000    1.000000000000

     22   G      46             0.4203000    1.000000000000

 H         

     23   S      47           190.6916900    0.005342636962
     23   S      48            28.6055320    0.041252338243
     23   S      49             6.5095943    0.210993525698
     23   S      50             1.8412455    0.812128545862

     24   S      51             0.5985373    1.000000000000

     25   S      52             0.2139762    1.000000000000

     26   S      53             0.0803163    1.000000000000

     27   P      54             2.2920000    1.000000000000

     28   P      55             0.8380000    1.000000000000

     29   P      56             0.2920000    1.000000000000

     30   D      57             2.0620000    1.000000000000

     31   D      58             0.6620000    1.000000000000

     32   F      59             1.3970000    1.000000000000

 H         

     33   S      60           190.6916900    0.005342636962
     33   S      61            28.6055320    0.041252338243
     33   S      62             6.5095943    0.210993525698
     33   S      63             1.8412455    0.812128545862

     34   S      64             0.5985373    1.000000000000

     35   S      65             0.2139762    1.000000000000

     36   S      66             0.0803163    1.000000000000

     37   P      67             2.2920000    1.000000000000

     38   P      68             0.8380000    1.000000000000

     39   P      69             0.2920000    1.000000000000

     40   D      70             2.0620000    1.000000000000

     41   D      71             0.6620000    1.000000000000

     42   F      72             1.3970000    1.000000000000

 H         

     43   S      73           190.6916900    0.005342636962
     43   S      74            28.6055320    0.041252338243
     43   S      75             6.5095943    0.210993525698
     43   S      76             1.8412455    0.812128545862

     44   S      77             0.5985373    1.000000000000

     45   S      78             0.2139762    1.000000000000

     46   S      79             0.0803163    1.000000000000

     47   P      80             2.2920000    1.000000000000

     48   P      81             0.8380000    1.000000000000

     49   P      82             0.2920000    1.000000000000

     50   D      83             2.0620000    1.000000000000

     51   D      84             0.6620000    1.000000000000

     52   F      85             1.3970000    1.000000000000

 I         

     53   S      86         16788.4000000    0.000103586804
     53   S      87          2526.6400000    0.000765531745
     53   S      88           571.9840000    0.003150554741
     53   S      89           150.4340000    0.006717983204
     53   S      90            29.5405000   -0.134384929151
     53   S      91            18.4571000    0.859255064197
     53   S      92            11.5286000   -0.890227518539
     53   S      93             7.0828900   -1.367813214298
     53   S      94             2.5040500    1.808345152379

     54   S      95            25.0586179    0.088686579218
     54   S      96            15.6219794   -0.309437052616
     54   S      97             3.3536325    1.147487780264

     55   S      98             1.3540145    1.000000000000

     56   S      99             0.6743047    1.000000000000

     57   S     100             0.3272714    1.000000000000

     58   S     101             0.1574936    1.000000000000

     59   S     102             0.0743777    1.000000000000

     60   P     103           656.2740000    0.000102263116
     60   P     104           149.2320000    0.000688871318
     60   P     105            19.0153000    0.067339699796
     60   P     106            10.7378000   -0.280108787807
     60   P     107             6.4420800   -0.004916495947
     60   P     108             3.0920300    0.577616914298
     60   P     109             1.5787400    0.569991007671

     61   P     110            15.6605119   -0.024484627992
     61   P     111             4.9250670    0.260041620414
     61   P     112             1.6692320    0.808870366710

     62   P     113             0.7781790    1.000000000000

     63   P     114             0.3560884    1.000000000000

     64   P     115             0.1549324    1.000000000000

     65   P     116             0.0646662    1.000000000000

     66   D     117           318.2240778    0.000120648927
     66   D     118            95.8102274    0.001012623893
     66   D     119            35.3222953    0.005278751941
     66   D     120            13.1074478   -0.017935310228
     66   D     121             6.2949153    0.100128211172
     66   D     122             3.6826101    0.302771472093
     66   D     123             2.0858951    0.397340741727
     66   D     124             1.1644342    0.312691340071

     67   D     125             0.6318061    1.000000000000

     68   D     126             0.3221508    1.000000000000

     69   D     127             0.1349000    1.000000000000

     70   F     128             6.4253614    1.000000000000

     71   F     129             2.1780000    1.000000000000

     72   F     130             0.5878000    1.000000000000

     73   F     131             0.2500000    1.000000000000

     74   G     132             0.4739000    1.000000000000

 H         

     75   S     133           190.6916900    0.005342636962
     75   S     134            28.6055320    0.041252338243
     75   S     135             6.5095943    0.210993525698
     75   S     136             1.8412455    0.812128545862

     76   S     137             0.5985373    1.000000000000

     77   S     138             0.2139762    1.000000000000

     78   S     139             0.0803163    1.000000000000

     79   P     140             2.2920000    1.000000000000

     80   P     141             0.8380000    1.000000000000

     81   P     142             0.2920000    1.000000000000

     82   D     143             2.0620000    1.000000000000

     83   D     144             0.6620000    1.000000000000

     84   F     145             1.3970000    1.000000000000

 Total Number of Basis Set Shells             =   84
 Total Number of Primitives                   =  145
 Number of Spherical Gaussian Basis Functions =  284
 Total Number of Auxiliary Basis Set Shells   =  123
 Number of Sph. Gaussian Auxiliary Set Func.  =  541
 Number of Electrons                          =  140
 Charge of Molecule                           =    0
 Spin Multiplicity                            =    1
 Number of Occupied Orbitals (Alpha)          =   70
 Number of Occupied Orbitals (Beta )          =   70
 Total Number of Atoms                        =    6

 Nuclear Energy =      715.6536644440

 Note: This calculation is using an effective core potential
 so NE and ENUC will be adjusted later after removal of the Core

 Input Run Options
 -----------------
 IRUNTYP = 1  MULT = 1  ICHARG =  0 IECP = 1  IEMOM = 1  UNITS = ANGS    

 ECP Potentials
 --------------
 Parameters for "BI-ECP  " on Atom  1 with ZCORE 60 and LMAX 3 are

 for L= 3      COEFF    N           ZETA
    1       13.71338    2        4.21455
    1       18.19431    2        4.13340
 for L= 0      COEFF    N           ZETA
    1      283.26423    2       13.04309
    1       62.47196    2        8.22168
    1      -13.71338    2        4.21455
    1      -18.19431    2        4.13340
 for L= 1      COEFF    N           ZETA
    1       72.00150    2       10.46778
    1      144.00228    2        9.11890
    1        5.00795    2        6.75479
    1        9.99155    2        6.25259
    1      -13.71338    2        4.21455
    1      -18.19431    2        4.13340
 for L= 2      COEFF    N           ZETA
    1       36.39626    2        8.08147
    1       54.59766    2        7.89060
    1        9.98429    2        4.95556
    1       14.98148    2        4.70456
    1      -13.71338    2        4.21455
    1      -18.19431    2        4.13340
 Parameters for "I-ECP   " on Atom  5 with ZCORE 28 and LMAX 3 are

 for L= 3      COEFF    N           ZETA
    7      -21.84204    2       19.45861
    7      -28.46819    2       19.34926
    7       -0.24371    2        4.82377
    7       -0.32080    2        4.88431
 for L= 0      COEFF    N           ZETA
    7       49.99429    2       40.01584
    7      281.02532    2       17.42975
    7       61.57333    2        9.00548
    7       21.84204    2       19.45861
    7       28.46819    2       19.34926
    7        0.24371    2        4.82377
    7        0.32080    2        4.88431
 for L= 1      COEFF    N           ZETA
    7       67.44284    2       15.35547
    7      134.88114    2       14.97183
    7       14.67505    2        8.96016
    7       29.37567    2        8.25910
    7       21.84204    2       19.45861
    7       28.46819    2       19.34926
    7        0.24371    2        4.82377
    7        0.32080    2        4.88431
 for L= 2      COEFF    N           ZETA
    7       35.43953    2       15.06891
    7       53.17606    2       14.55532
    7        9.06719    2        6.71865
    7       13.20694    2        6.45639
    7        0.08933    2        1.19178
    7        0.05238    2        1.29116
    7       21.84204    2       19.45861
    7       28.46819    2       19.34926
    7        0.24371    2        4.82377
    7        0.32080    2        4.88431

 The ECP removes  88 core electrons and  88 protons

 Number of electrons kept in the run =   52
 Number of occupied orbitals (Alpha) =   26
 Number of occupied orbitals (Beta)  =   26

 Adjusted Nuclear Energy =      118.0442793341


 Integral Options
 ----------------
 ERITYP = RI     AUX = JKFIT   ISCHWZ = 1   CUTOFF = 1.0E-09

 Input NOF Options
 -----------------

 Natural Orbital Functional Selected:    (IPNOF)         8
 Scaled version of GNOF (GNOFs):         (Imod)          2

 Type of calculation = ICOEF2 + ICOEF1:  (ICOEF)        21
 Use Softmax function for Occ. Opt.:     (ISOFTMAX)      1
 Type of Orb. Opt. = Orbital Rotations:  (IORBOPT)       2
 Maximum Number of Coef Outer Iter.:     (MAXIT21)       3
 Maximum Number of Occ-Coef Outer Iter.: (MAXIT)      1000

 Restart calculation Option:             (RESTART)       F
 Restart Gamma Matrix from GCF file:     (INPUTGAMMA)    1
 Coefficient Matrix from GCF file:       (INPUTC)        1
 Diagonal Elements FMIUG from GCF file:  (INPUTFMIUG)    0
 Cartesian Coordinates from GCF file:    (INPUTCXYZ)     0

 Threshold Lambda Convergence=10**(-N):  (NTHRESHL)      3
 Threshold Energy Convergence=10**(-N):  (NTHRESHE)      5
 Max. Number of Inner Coef. Iterations:  (MAXLOOP)      10
 Orthogonalize the initial Orbitals:     (ORTHO)         T

 Output Option:                          (NPRINT)        0
 Output the Coefficient Matrix:          (IWRITEC)       0
 Do a Mulliken Population Analysis:      (IMULPOP)       0
 Write Information into a WFN file:      (IAIMPAC)       1
 Write Information into a FCHK file:     (IFCHK)         1
 Write Information into a MLP file:      (MOLDEN)        1
 Create Ini. Cond. (ini.xyz) file:       (INICOND)       1
 Calculate IPs using Ext. Koopmans Theo: (IEKT)          0
 Write APSG expansion coefficient file:  (APSG)          F
 Output option for Lagrange Multipliers: (PRINTLAG)      F
 Diagonalize matrix of Lag. Multipliers: (DIAGLAG)       F

------------------------------------------------------------------------

 Orbital Space
 -------------

 Inactive Doubly occupied orbitals up to NO1  =    0
 No. considered Strongly Doubly occupied MOs  =   26
 No. considered Strongly Singly occupied MOs  =    0
 No. of Weakly occ. per St. Doubly occ.  MOs  =    9
 Dimension of the Active Nat. Orb. subspace   =  260
 Secondary Empty orbitals                     =   24

 1e- integrals
 -------------
 Time to do integrals =      0.61

 2e- integrals
 -------------
 DONTW option skips storage 2e- integrals on Unit 1
 Time to do integrals =      1.08

 No violations of the orthonormality

   INITIAL VALUES
  =================

   OM     Occupation      Elag Diag

    1      1.9998442     -6.9353113
    2      1.9998432     -7.5329483
    3      1.9997446     -5.6053038
    4      1.9997327     -5.6073096
    5      1.9995100     -5.1313938
    6      1.9994833     -4.5369642
    7      1.9994299     -4.4965310
    8      1.9993342     -4.3337254
    9      1.9967696     -2.3125083
   10      1.9963581     -2.3072565
   11      1.9961105     -2.3085047
   12      1.9925305     -2.0173265
   13      1.9889826     -1.6780748
   14      1.9846721     -2.1877271
   15      1.9835557     -1.3492663
   16      1.9819878     -1.3411328
   17      1.9772632     -1.3429892
   18      1.9747315     -0.8125883
   19      1.9727478     -1.3411687
   20      1.9717007     -0.9433297
   21      1.9702021     -0.5154128
   22      1.9657405     -0.5040025
   23      1.9652588     -0.4515116
   24      1.9637279     -0.4444701
   25      1.9626705     -0.4517847
   26      1.9606295     -0.4009691
   27      0.0000007     -0.0000015
   28      0.0003783     -0.0007268
   29      0.0008787     -0.0015593
   30      0.0083778     -0.0144235
   31      0.0000302     -0.0000713
   32      0.0001988     -0.0005095
   33      0.0000002     -0.0000008
   34      0.0091635     -0.0288838
   35      0.0002592     -0.0005645
   36      0.0000138     -0.0000504
   37      0.0128811     -0.0337025
   38      0.0001102     -0.0004340
   39      0.0000095     -0.0000367
   40      0.0005917     -0.0018500
   41      0.0000763     -0.0002479
   42      0.0000519     -0.0001872
   43      0.0000110     -0.0000779
   44      0.0000140     -0.0001168
   45      0.0000192     -0.0000807
   46      0.0001322     -0.0006050
   47      0.0000077     -0.0000462
   48      0.0000022     -0.0000132
   49      0.0000008     -0.0000038
   50      0.0002380     -0.0013194
   51      0.0000003     -0.0000011
   52      0.0000016     -0.0000086
   53      0.0088162     -0.0169631
   54      0.0008093     -0.0013375
   55      0.0084959     -0.0141991
   56      0.0000180     -0.0000422
   57      0.0078029     -0.0169173
   58      0.0001910     -0.0004883
   59      0.0000002     -0.0000010
   60      0.0000005     -0.0000023
   61      0.0022003     -0.0046494
   62      0.0000035     -0.0000148
   63      0.0009533     -0.0031208
   64      0.0000202     -0.0000705
   65      0.0000029     -0.0000134
   66      0.0003993     -0.0010417
   67      0.0017480     -0.0046524
   68      0.0007575     -0.0026842
   69      0.0004365     -0.0015995
   70      0.0002407     -0.0012271
   71      0.0000024     -0.0000146
   72      0.0000054     -0.0000660
   73      0.0000461     -0.0002774
   74      0.0000179     -0.0000781
   75      0.0000018     -0.0000097
   76      0.0000003     -0.0000012
   77      0.0000003     -0.0000012
   78      0.0000015     -0.0000080
   79      0.0092285     -0.0179720
   80      0.0231794     -0.0286087
   81      0.0000659     -0.0001458
   82      0.0067342     -0.0123609
   83      0.0000003     -0.0000010
   84      0.0001909     -0.0004886
   85      0.0000001     -0.0000032
   86      0.0000043     -0.0000175
   87      0.0003009     -0.0006732
   88      0.0000991     -0.0003293
   89      0.0008041     -0.0027247
   90      0.0000424     -0.0001320
   91      0.0000250     -0.0001032
   92      0.0001142     -0.0003753
   93      0.0001149     -0.0004049
   94      0.0000139     -0.0000991
   95      0.0000261     -0.0000893
   96      0.0017425     -0.0050515
   97      0.0006143     -0.0026303
   98      0.0001400     -0.0006399
   99      0.0000348     -0.0001175
  100      0.0000018     -0.0000092
  101      0.0000289     -0.0001165
  102      0.0000005     -0.0000026
  103      0.0000007     -0.0000041
  104      0.0000022     -0.0000126
  105      0.0001898     -0.0004530
  106      0.0000559     -0.0001193
  107      0.0185234     -0.0278104
  108      0.0000509     -0.0001212
  109      0.0000080     -0.0000239
  110      0.0001443     -0.0003969
  111      0.0121976     -0.0387746
  112      0.0000008     -0.0000037
  113      0.0008881     -0.0020512
  114      0.0111021     -0.0313964
  115      0.0002266     -0.0006246
  116      0.0137985     -0.0347484
  117      0.0000046     -0.0000241
  118      0.0052620     -0.0127617
  119      0.0009735     -0.0026461
  120      0.0000599     -0.0002485
  121      0.0014156     -0.0043204
  122      0.0000642     -0.0002644
  123      0.0000051     -0.0000694
  124      0.0000336     -0.0001194
  125      0.0000440     -0.0001470
  126      0.0001650     -0.0008341
  127      0.0000029     -0.0000162
  128      0.0000004     -0.0000061
  129      0.0000004     -0.0000061
  130      0.0000081     -0.0000578
  131      0.0000003     -0.0000010
  132      0.0010481     -0.0016887
  133      0.0000420     -0.0001004
  134      0.0000660     -0.0001494
  135      0.0131432     -0.0350525
  136      0.0000396     -0.0001025
  137      0.0000002     -0.0000011
  138      0.0000027     -0.0000111
  139      0.0139407     -0.0327263
  140      0.0000093     -0.0000308
  141      0.0001977     -0.0005380
  142      0.0007492     -0.0025560
  143      0.0152389     -0.0502220
  144      0.0008961     -0.0023541
  145      0.0000914     -0.0002947
  146      0.0002371     -0.0012693
  147      0.0000125     -0.0001172
  148      0.0001167     -0.0004575
  149      0.0000010     -0.0000055
  150      0.0000185     -0.0000740
  151      0.0001940     -0.0008202
  152      0.0000042     -0.0000311
  153      0.0000127     -0.0001771
  154      0.0000016     -0.0000087
  155      0.0000005     -0.0000058
  156      0.0000025     -0.0000146
  157      0.0093424     -0.0180881
  158      0.0002910     -0.0005486
  159      0.0001834     -0.0003849
  160      0.0002165     -0.0004547
  161      0.0131932     -0.0299787
  162      0.0141600     -0.0389374
  163      0.0000019     -0.0000066
  164      0.0000011     -0.0000048
  165      0.0000523     -0.0001383
  166      0.0001779     -0.0005201
  167      0.0000779     -0.0002481
  168      0.0002929     -0.0010240
  169      0.0000016     -0.0000083
  170      0.0010692     -0.0028740
  171      0.0024371     -0.0062681
  172      0.0012908     -0.0039846
  173      0.0000231     -0.0000806
  174      0.0003780     -0.0013893
  175      0.0000179     -0.0000735
  176      0.0000346     -0.0001295
  177      0.0000047     -0.0000469
  178      0.0002860     -0.0011145
  179      0.0000016     -0.0000089
  180      0.0000003     -0.0000012
  181      0.0000005     -0.0000026
  182      0.0000008     -0.0000041
  183      0.0052692     -0.0115076
  184      0.0097860     -0.0152042
  185      0.0068034     -0.0122614
  186      0.0000433     -0.0001050
  187      0.0000178     -0.0000493
  188      0.0146374     -0.0376852
  189      0.0040030     -0.0117225
  190      0.0091781     -0.0289568
  191      0.0000603     -0.0001553
  192      0.0000080     -0.0000293
  193      0.0006566     -0.0022594
  194      0.0002731     -0.0008151
  195      0.0000062     -0.0000274
  196      0.0008619     -0.0023579
  197      0.0002175     -0.0005708
  198      0.0014097     -0.0044010
  199      0.0000113     -0.0001100
  200      0.0005354     -0.0019139
  201      0.0000005     -0.0000025
  202      0.0000091     -0.0000507
  203      0.0000220     -0.0000837
  204      0.0000015     -0.0000082
  205      0.0002156     -0.0012217
  206      0.0000122     -0.0001683
  207      0.0000003     -0.0000012
  208      0.0000018     -0.0000088
  209      0.0065187     -0.0134923
  210      0.0002466     -0.0004830
  211      0.0000007     -0.0000019
  212      0.0021826     -0.0038888
  213      0.0000390     -0.0000975
  214      0.0001989     -0.0005094
  215      0.0120929     -0.0384750
  216      0.0000004     -0.0000021
  217      0.0011995     -0.0026462
  218      0.0001903     -0.0005538
  219      0.0020732     -0.0052765
  220      0.0011093     -0.0032549
  221      0.0000026     -0.0000147
  222      0.0007055     -0.0022529
  223      0.0013111     -0.0038536
  224      0.0000127     -0.0001098
  225      0.0014834     -0.0045450
  226      0.0000553     -0.0002145
  227      0.0000048     -0.0000782
  228      0.0001682     -0.0007393
  229      0.0000121     -0.0000469
  230      0.0000027     -0.0000164
  231      0.0000005     -0.0000054
  232      0.0000016     -0.0000089
  233      0.0001536     -0.0009137
  234      0.0001355     -0.0006389
  235      0.0000047     -0.0000113
  236      0.0015348     -0.0023860
  237      0.0012786     -0.0022098
  238      0.0170517     -0.0283363
  239      0.0000249     -0.0000753
  240      0.0000369     -0.0000896
  241      0.0000032     -0.0000111
  242      0.0089007     -0.0283128
  243      0.0063672     -0.0133191
  244      0.0111328     -0.0314309
  245      0.0001417     -0.0004257
  246      0.0000484     -0.0001486
  247      0.0000366     -0.0001626
  248      0.0011175     -0.0030273
  249      0.0004998     -0.0013987
  250      0.0000561     -0.0002221
  251      0.0002224     -0.0010597
  252      0.0000837     -0.0005345
  253      0.0000005     -0.0000025
  254      0.0000286     -0.0001038
  255      0.0001513     -0.0006800
  256      0.0000087     -0.0000474
  257      0.0000024     -0.0000137
  258      0.0000005     -0.0000028
  259      0.0000003     -0.0000016
  260      0.0000019     -0.0000118

   RO Sum (  52) =   52.00

  ---------------
   Dipole Moment
  ---------------

      0.8510 Debye [   0.3348  (   0.0002,  -0.0045,  -0.3348) ]


  RESULTS OF OCCUPATION-COEFFICIENT OPTIMIZATION
 ================================================

  Ex It  Occ Time  Orb Time  Orb It   Electronic Energy     Total Energy   Energy Convergency    Max Mul-Lag Diff

    1    6.0E-01   2.5E+00       0    -632.1741587587     -514.1298794246     0.0000000000           0.000826

   OM     Occupation      Elag Diag

    1      1.9998442     -6.9353113
    2      1.9998432     -7.5329483
    3      1.9997446     -5.6053038
    4      1.9997327     -5.6073096
    5      1.9995100     -5.1313938
    6      1.9994833     -4.5369642
    7      1.9994299     -4.4965310
    8      1.9993342     -4.3337254
    9      1.9967696     -2.3125083
   10      1.9963581     -2.3072565
   11      1.9961105     -2.3085047
   12      1.9925305     -2.0173265
   13      1.9889826     -1.6780748
   14      1.9846721     -2.1877271
   15      1.9835557     -1.3492663
   16      1.9819878     -1.3411328
   17      1.9772632     -1.3429892
   18      1.9747315     -0.8125883
   19      1.9727478     -1.3411687
   20      1.9717007     -0.9433297
   21      1.9702021     -0.5154128
   22      1.9657405     -0.5040025
   23      1.9652588     -0.4515116
   24      1.9637279     -0.4444701
   25      1.9626705     -0.4517847
   26      1.9606295     -0.4009691
   27      0.0000007     -0.0000015
   28      0.0003783     -0.0007268
   29      0.0008787     -0.0015593
   30      0.0083778     -0.0144235
   31      0.0000302     -0.0000713
   32      0.0001988     -0.0005095
   33      0.0000002     -0.0000008
   34      0.0091635     -0.0288838
   35      0.0002592     -0.0005645
   36      0.0000138     -0.0000504
   37      0.0128811     -0.0337025
   38      0.0001102     -0.0004340
   39      0.0000095     -0.0000367
   40      0.0005917     -0.0018500
   41      0.0000763     -0.0002479
   42      0.0000519     -0.0001872
   43      0.0000110     -0.0000779
   44      0.0000140     -0.0001168
   45      0.0000192     -0.0000807
   46      0.0001322     -0.0006050
   47      0.0000077     -0.0000462
   48      0.0000022     -0.0000132
   49      0.0000008     -0.0000038
   50      0.0002380     -0.0013194
   51      0.0000003     -0.0000011
   52      0.0000016     -0.0000086
   53      0.0088162     -0.0169631
   54      0.0008093     -0.0013375
   55      0.0084959     -0.0141991
   56      0.0000180     -0.0000422
   57      0.0078029     -0.0169173
   58      0.0001910     -0.0004883
   59      0.0000002     -0.0000010
   60      0.0000005     -0.0000023
   61      0.0022003     -0.0046494
   62      0.0000035     -0.0000148
   63      0.0009533     -0.0031208
   64      0.0000202     -0.0000705
   65      0.0000029     -0.0000134
   66      0.0003993     -0.0010417
   67      0.0017480     -0.0046524
   68      0.0007575     -0.0026842
   69      0.0004365     -0.0015995
   70      0.0002407     -0.0012271
   71      0.0000024     -0.0000146
   72      0.0000054     -0.0000660
   73      0.0000461     -0.0002774
   74      0.0000179     -0.0000781
   75      0.0000018     -0.0000097
   76      0.0000003     -0.0000012
   77      0.0000003     -0.0000012
   78      0.0000015     -0.0000080
   79      0.0092285     -0.0179720
   80      0.0231794     -0.0286087
   81      0.0000659     -0.0001458
   82      0.0067342     -0.0123609
   83      0.0000003     -0.0000010
   84      0.0001909     -0.0004886
   85      0.0000001     -0.0000032
   86      0.0000043     -0.0000175
   87      0.0003009     -0.0006732
   88      0.0000991     -0.0003293
   89      0.0008041     -0.0027247
   90      0.0000424     -0.0001320
   91      0.0000250     -0.0001032
   92      0.0001142     -0.0003753
   93      0.0001149     -0.0004049
   94      0.0000139     -0.0000991
   95      0.0000261     -0.0000893
   96      0.0017425     -0.0050515
   97      0.0006143     -0.0026303
   98      0.0001400     -0.0006399
   99      0.0000348     -0.0001175
  100      0.0000018     -0.0000092
  101      0.0000289     -0.0001165
  102      0.0000005     -0.0000026
  103      0.0000007     -0.0000041
  104      0.0000022     -0.0000126
  105      0.0001898     -0.0004530
  106      0.0000559     -0.0001193
  107      0.0185234     -0.0278104
  108      0.0000509     -0.0001212
  109      0.0000080     -0.0000239
  110      0.0001443     -0.0003969
  111      0.0121976     -0.0387746
  112      0.0000008     -0.0000037
  113      0.0008881     -0.0020512
  114      0.0111021     -0.0313964
  115      0.0002266     -0.0006246
  116      0.0137985     -0.0347484
  117      0.0000046     -0.0000241
  118      0.0052620     -0.0127617
  119      0.0009735     -0.0026461
  120      0.0000599     -0.0002485
  121      0.0014156     -0.0043204
  122      0.0000642     -0.0002644
  123      0.0000051     -0.0000694
  124      0.0000336     -0.0001194
  125      0.0000440     -0.0001470
  126      0.0001650     -0.0008341
  127      0.0000029     -0.0000162
  128      0.0000004     -0.0000061
  129      0.0000004     -0.0000061
  130      0.0000081     -0.0000578
  131      0.0000003     -0.0000010
  132      0.0010481     -0.0016887
  133      0.0000420     -0.0001004
  134      0.0000660     -0.0001494
  135      0.0131432     -0.0350525
  136      0.0000396     -0.0001025
  137      0.0000002     -0.0000011
  138      0.0000027     -0.0000111
  139      0.0139407     -0.0327263
  140      0.0000093     -0.0000308
  141      0.0001977     -0.0005380
  142      0.0007492     -0.0025560
  143      0.0152389     -0.0502220
  144      0.0008961     -0.0023541
  145      0.0000914     -0.0002947
  146      0.0002371     -0.0012693
  147      0.0000125     -0.0001172
  148      0.0001167     -0.0004575
  149      0.0000010     -0.0000055
  150      0.0000185     -0.0000740
  151      0.0001940     -0.0008202
  152      0.0000042     -0.0000311
  153      0.0000127     -0.0001771
  154      0.0000016     -0.0000087
  155      0.0000005     -0.0000058
  156      0.0000025     -0.0000146
  157      0.0093424     -0.0180881
  158      0.0002910     -0.0005486
  159      0.0001834     -0.0003849
  160      0.0002165     -0.0004547
  161      0.0131932     -0.0299787
  162      0.0141600     -0.0389374
  163      0.0000019     -0.0000066
  164      0.0000011     -0.0000048
  165      0.0000523     -0.0001383
  166      0.0001779     -0.0005201
  167      0.0000779     -0.0002481
  168      0.0002929     -0.0010240
  169      0.0000016     -0.0000083
  170      0.0010692     -0.0028740
  171      0.0024371     -0.0062681
  172      0.0012908     -0.0039846
  173      0.0000231     -0.0000806
  174      0.0003780     -0.0013893
  175      0.0000179     -0.0000735
  176      0.0000346     -0.0001295
  177      0.0000047     -0.0000469
  178      0.0002860     -0.0011145
  179      0.0000016     -0.0000089
  180      0.0000003     -0.0000012
  181      0.0000005     -0.0000026
  182      0.0000008     -0.0000041
  183      0.0052692     -0.0115076
  184      0.0097860     -0.0152042
  185      0.0068034     -0.0122614
  186      0.0000433     -0.0001050
  187      0.0000178     -0.0000493
  188      0.0146374     -0.0376852
  189      0.0040030     -0.0117225
  190      0.0091781     -0.0289568
  191      0.0000603     -0.0001553
  192      0.0000080     -0.0000293
  193      0.0006566     -0.0022594
  194      0.0002731     -0.0008151
  195      0.0000062     -0.0000274
  196      0.0008619     -0.0023579
  197      0.0002175     -0.0005708
  198      0.0014097     -0.0044010
  199      0.0000113     -0.0001100
  200      0.0005354     -0.0019139
  201      0.0000005     -0.0000025
  202      0.0000091     -0.0000507
  203      0.0000220     -0.0000837
  204      0.0000015     -0.0000082
  205      0.0002156     -0.0012217
  206      0.0000122     -0.0001683
  207      0.0000003     -0.0000012
  208      0.0000018     -0.0000088
  209      0.0065187     -0.0134923
  210      0.0002466     -0.0004830
  211      0.0000007     -0.0000019
  212      0.0021826     -0.0038888
  213      0.0000390     -0.0000975
  214      0.0001989     -0.0005094
  215      0.0120929     -0.0384750
  216      0.0000004     -0.0000021
  217      0.0011995     -0.0026462
  218      0.0001903     -0.0005538
  219      0.0020732     -0.0052765
  220      0.0011093     -0.0032549
  221      0.0000026     -0.0000147
  222      0.0007055     -0.0022529
  223      0.0013111     -0.0038536
  224      0.0000127     -0.0001098
  225      0.0014834     -0.0045450
  226      0.0000553     -0.0002145
  227      0.0000048     -0.0000782
  228      0.0001682     -0.0007393
  229      0.0000121     -0.0000469
  230      0.0000027     -0.0000164
  231      0.0000005     -0.0000054
  232      0.0000016     -0.0000089
  233      0.0001536     -0.0009137
  234      0.0001355     -0.0006389
  235      0.0000047     -0.0000113
  236      0.0015348     -0.0023860
  237      0.0012786     -0.0022098
  238      0.0170517     -0.0283363
  239      0.0000249     -0.0000753
  240      0.0000369     -0.0000896
  241      0.0000032     -0.0000111
  242      0.0089007     -0.0283128
  243      0.0063672     -0.0133191
  244      0.0111328     -0.0314309
  245      0.0001417     -0.0004257
  246      0.0000484     -0.0001486
  247      0.0000366     -0.0001626
  248      0.0011175     -0.0030273
  249      0.0004998     -0.0013987
  250      0.0000561     -0.0002221
  251      0.0002224     -0.0010597
  252      0.0000837     -0.0005345
  253      0.0000005     -0.0000025
  254      0.0000286     -0.0001038
  255      0.0001513     -0.0006800
  256      0.0000087     -0.0000474
  257      0.0000024     -0.0000137
  258      0.0000005     -0.0000028
  259      0.0000003     -0.0000016
  260      0.0000019     -0.0000118

   RO Sum (  52) =   52.00

  ---------------
   Dipole Moment
  ---------------

      0.8510 Debye [   0.3348  (   0.0002,  -0.0045,  -0.3348) ]

 ----------------
  Final Energies  
 ----------------

  Final NOF Total Energy =     -514.1298794246 ( 8.E-04 , 0.E+00 )


  **************************************************
  *                                                *
  *       SINGLE-POINT DoNOF CALCULATION           *
  *                                                *
  *             FULL OPTIMIZATION                  *
  *                                                *
  *  FINAL RESULTS   FINAL RESULTS  FINAL RESULTS  *
  *                                                *
  **************************************************

  **************************************************
  *         No. EXTERNAL ITER =     1              *
  *         No. of TOTAL ITER =     0              *
  **************************************************

  Elapsed real time :      5.42  (Seconds)

 The execution finished at 23h  6min on the 11/ 5/2025
Recovering execution output...
Moving from /scratch/pobleyef/346709 to /home-nas/pobleyef/Slim-NOF/ncwomax/Slim16/GNOFs25/arina.346709
mkdir -p /home-nas/pobleyef/Slim-NOF/ncwomax/Slim16/GNOFs25/arina.346709
mv /scratch/pobleyef/346709/* /home-nas/pobleyef/Slim-NOF/ncwomax/Slim16/GNOFs25/arina.346709
