Computing Integrals
Basis Set                                            = def2-qzvp
Auxiliary Basis Set                                  = def2-universal-jkfit
Gaussian Type                                        = Spherical
Elapsed time:   13.98 Seconds

Number of basis functions                   (NBF)    = 700
Number of auxiliary basis functions         (NBFAUX) = 1022
Inactive Doubly occupied orbitals up to     (NO1)    = 0
No. considered Strongly Doubly occupied MOs (NDOC)   = 56
No. considered Strongly Singly occupied MOs (NSOC)   = 0
NO. of Weakly occ. per St. Doubly occ.  MOs (NCWO)   = 11
Dimension of the Nat. Orb. subspace         (NBF5)   = 672
No. of electrons                                     = 112
    No. of alpha electrons                           = 56
    No. of beta electrons                            = 56
Multiplicity                                         = 1

Geometry
========
 P      -0.6893655       1.7191620       0.6081943
 P      -2.0048435       0.6960096      -0.8899711
 P      -2.1371205      -1.4122873      -0.2512459
 P      -0.2432571      -1.7310933       0.9132867
 P       1.1492393      -1.3927172      -0.8064617
 P       2.3947834       0.2712669      -0.0072107
 P       1.1163168       1.9442632      -0.6972041
 H      -1.1915336       3.0109280       0.2786267
 H      -1.0255781       0.4544941      -1.8893056
 H      -2.9363110      -1.1036354       0.8827753
 H      -0.2443516      -3.1436783       0.7194482
 H       2.0531206      -2.3973638      -0.3692028
 H       1.9889383       0.2042760       1.3541132
 H       1.7699624       2.8803754       0.1541576

No violations of the orthonormality
No violations of the orthonormality
 
PNOF8/ADABelief Calculation
==================
 
  Nitext  Nit_orb  Time   Nit_occ  Time         Eelec          Etot           Ediff      maxdiff    MaxGrad_orb  Grad_occ
     1      10    1.1e+02    0    3.2e+01 -3344.13895259 -2392.62604638 -13343.13895259   0.002375   9.5e-03   2.3e-04 0.04
     2      30    2.5e+02    0    7.0e+00 -3344.13895259 -2392.62604638     0.00000000   0.002375   9.5e-03   2.3e-04 0.04
     3      50    4.1e+02    0    7.0e+00 -3344.13895259 -2392.62604638     0.00000000   0.002375   9.5e-03   2.3e-04 0.04
     4      70    5.7e+02    0    6.9e+00 -3344.13895259 -2392.62604638     0.00000000   0.002375   9.5e-03   2.3e-04 0.04
     5      90    7.5e+02    2    9.5e+00 -3344.13908575 -2392.62617955    -0.00013317   0.000775   3.1e-03   2.3e-04 0.04
 
RESULTS OF THE OCCUPATION OPTIMIZATION
========================================
   1    1.9999995  -80.01259413
   2    1.9999995  -80.01254929
   3    1.9999995  -80.01251341
   4    1.9999995  -80.01246485
   5    1.9999995  -80.01198083
   6    1.9999995  -80.01165255
   7    1.9999995  -80.01124238
   8    1.9998123  -7.52132893
   9    1.9998196  -7.52116067
  10    1.9997687  -7.51987164
  11    1.9997933  -7.51976861
  12    1.9998121  -7.51954147
  13    1.9998030  -7.51942211
  14    1.9997772  -7.51932025
  15    1.9984204  -5.42585253
  16    1.9988890  -5.42452176
  17    1.9982058  -5.42452133
  18    1.9985621  -5.42437158
  19    1.9992303  -5.42409109
  20    1.9981677  -5.42384898
  21    1.9989948  -5.42310179
  22    1.9985633  -5.42274847
  23    1.9980654  -5.42240807
  24    1.9978831  -5.42228373
  25    1.9980600  -5.42224242
  26    1.9984585  -5.42199982
  27    1.9985159  -5.42189305
  28    1.9982717  -5.42185783
  29    1.9982365  -5.42120706
  30    1.9984752  -5.42109864
  31    1.9983555  -5.42065191
  32    1.9982150  -5.41948160
  33    1.9984636  -5.41943737
  34    1.9983776  -5.41880046
  35    1.9982170  -5.41706635
  36    1.9788779  -0.91277764
  37    1.9785520  -0.87784869
  38    1.9781566  -0.84869759
  39    1.9788299  -0.83125030
  40    1.9784095  -0.80577341
  41    1.9777671  -0.77830770
  42    1.9772784  -0.70677997
  43    1.9685600  -0.50819006
  44    1.9676440  -0.50503275
  45    1.9636143  -0.50074820
  46    1.9663451  -0.49588719
  47    1.9638858  -0.49299699
  48    1.9628877  -0.49213844
  49    1.9635529  -0.49193400
  50    1.9620383  -0.44297113
  51    1.9608299  -0.44273858
  52    1.9635596  -0.44149707
  53    1.9601396  -0.44130064
  54    1.9640614  -0.44025255
  55    1.9609842  -0.43807153
  56    1.9593373  -0.42890456
  57    0.0245861  -0.03732531
  58    0.0244460  -0.03787873
  59    0.0290814  -0.04108366
  60    0.0240754  -0.03727951
  61    0.0308227  -0.04218129
  62    0.0243203  -0.03761391
  63    0.0272077  -0.03955837
  64    0.0182567  -0.02717864
  65    0.0172148  -0.02649688
  66    0.0186615  -0.02736836
  67    0.0168389  -0.02718027
  68    0.0186669  -0.02745671
  69    0.0168627  -0.02726255
  70    0.0155496  -0.02679817
  71    0.0058408  -0.02390971
  72    0.0066732  -0.02528269
  73    0.0055012  -0.02319433
  74    0.0053626  -0.02283424
  75    0.0060420  -0.02536003
  76    0.0061195  -0.02502235
  77    0.0056676  -0.02446157
  78    0.0010480  -0.00822414
  79    0.0015032  -0.01343715
  80    0.0013755  -0.01181377
  81    0.0013312  -0.01333987
  82    0.0011466  -0.00912595
  83    0.0010663  -0.00951898
  84    0.0011302  -0.01176438
  85    0.0012757  -0.01255678
  86    0.0012819  -0.01288435
  87    0.0014541  -0.01302377
  88    0.0013389  -0.01236033
  89    0.0014747  -0.01340629
  90    0.0013356  -0.01238334
  91    0.0013040  -0.01060315
  92    0.0004269  -0.00513834
  93    0.0012116  -0.01194251
  94    0.0004386  -0.00517843
  95    0.0013112  -0.01321123
  96    0.0011986  -0.01161622
  97    0.0008960  -0.00761894
  98    0.0014532  -0.01404212
  99    0.0001208  -0.00172184
 100    0.0001313  -0.00263998
 101    0.0000840  -0.00182200
 102    0.0001269  -0.00228277
 103    0.0001643  -0.00197270
 104    0.0000560  -0.00045163
 105    0.0000515  -0.00042071
 106    0.0000005  -0.00000331
 107    0.0000005  -0.00000326
 108    0.0000005  -0.00000332
 109    0.0000005  -0.00000348
 110    0.0000005  -0.00000340
 111    0.0000005  -0.00000316
 112    0.0000005  -0.00000317
 113    0.0082452  -0.01252510
 114    0.0068174  -0.01091507
 115    0.0015514  -0.00343127
 116    0.0080215  -0.01237732
 117    0.0014194  -0.00279517
 118    0.0071888  -0.01133372
 119    0.0081133  -0.01236745
 120    0.0084653  -0.01305762
 121    0.0076487  -0.01213967
 122    0.0076552  -0.01140966
 123    0.0061776  -0.01043124
 124    0.0082049  -0.01220719
 125    0.0058513  -0.01088792
 126    0.0051630  -0.01067916
 127    0.0042817  -0.01881460
 128    0.0043085  -0.01707288
 129    0.0043532  -0.01917331
 130    0.0043484  -0.01955469
 131    0.0043747  -0.01912662
 132    0.0042678  -0.01819952
 133    0.0043896  -0.01908702
 134    0.0005585  -0.00798744
 135    0.0000749  -0.00180609
 136    0.0000709  -0.00175828
 137    0.0003757  -0.00488199
 138    0.0003754  -0.00468450
 139    0.0003579  -0.00433440
 140    0.0005606  -0.00792194
 141    0.0003471  -0.00421939
 142    0.0001171  -0.00246248
 143    0.0000266  -0.00024548
 144    0.0005570  -0.00855331
 145    0.0005851  -0.00879862
 146    0.0005504  -0.00796219
 147    0.0000733  -0.00200541
 148    0.0003991  -0.00454749
 149    0.0005612  -0.00836830
 150    0.0002138  -0.00198324
 151    0.0000376  -0.00039302
 152    0.0005449  -0.00793949
 153    0.0001308  -0.00202674
 154    0.0000694  -0.00138261
 155    0.0000248  -0.00025561
 156    0.0000256  -0.00022430
 157    0.0000440  -0.00030881
 158    0.0000310  -0.00027866
 159    0.0000232  -0.00051698
 160    0.0000386  -0.00025171
 161    0.0000478  -0.00037873
 162    0.0000000  -0.00000091
 163    0.0000000  -0.00000090
 164    0.0000000  -0.00000088
 165    0.0000000  -0.00000088
 166    0.0000000  -0.00000085
 167    0.0000000  -0.00000093
 168    0.0000000  -0.00000088
 169    0.0070909  -0.01071051
 170    0.0060662  -0.01036338
 171    0.0013165  -0.00300068
 172    0.0067670  -0.01087164
 173    0.0011943  -0.00252813
 174    0.0065460  -0.01049605
 175    0.0008393  -0.00156340
 176    0.0065561  -0.01014111
 177    0.0060676  -0.00974110
 178    0.0062032  -0.01028376
 179    0.0059001  -0.01009265
 180    0.0066173  -0.01066418
 181    0.0041472  -0.01016051
 182    0.0036869  -0.00982098
 183    0.0031065  -0.01103035
 184    0.0035071  -0.01120418
 185    0.0031890  -0.01163707
 186    0.0031952  -0.01128593
 187    0.0030993  -0.01128729
 188    0.0033275  -0.01145350
 189    0.0030285  -0.01111620
 190    0.0001215  -0.00229033
 191    0.0000197  -0.00022966
 192    0.0000389  -0.00025453
 193    0.0000199  -0.00025602
 194    0.0000722  -0.00165762
 195    0.0000316  -0.00024856
 196    0.0000227  -0.00015124
 197    0.0000469  -0.00030152
 198    0.0000184  -0.00012571
 199    0.0000246  -0.00058031
 200    0.0000124  -0.00009179
 201    0.0000119  -0.00008490
 202    0.0000142  -0.00011256
 203    0.0000232  -0.00017151
 204    0.0001035  -0.00176473
 205    0.0000135  -0.00010502
 206    0.0000730  -0.00118581
 207    0.0000210  -0.00055363
 208    0.0000129  -0.00008371
 209    0.0000260  -0.00032315
 210    0.0000220  -0.00047946
 211    0.0000220  -0.00023450
 212    0.0000213  -0.00018926
 213    0.0000296  -0.00022137
 214    0.0000168  -0.00020861
 215    0.0000179  -0.00023966
 216    0.0000290  -0.00018318
 217    0.0000290  -0.00031620
 218    0.0000000  -0.00000024
 219    0.0000000  -0.00000024
 220    0.0000000  -0.00000025
 221    0.0000000  -0.00000030
 222    0.0000000  -0.00000017
 223    0.0000000  -0.00000022
 224    0.0000000  -0.00000023
 225    0.0003012  -0.00065355
 226    0.0007443  -0.00144745
 227    0.0010800  -0.00208411
 228    0.0004281  -0.00087232
 229    0.0009295  -0.00162809
 230    0.0004291  -0.00084740
 231    0.0008001  -0.00152693
 232    0.0015502  -0.00323873
 233    0.0055510  -0.00993613
 234    0.0015973  -0.00310421
 235    0.0022945  -0.00753720
 236    0.0017114  -0.00362803
 237    0.0015671  -0.00366306
 238    0.0036016  -0.00996329
 239    0.0030418  -0.01093878
 240    0.0033444  -0.01116679
 241    0.0024718  -0.01034011
 242    0.0022969  -0.01002241
 243    0.0022244  -0.00973795
 244    0.0032314  -0.01105798
 245    0.0023106  -0.01013423
 246    0.0000133  -0.00010612
 247    0.0000097  -0.00006621
 248    0.0000130  -0.00009223
 249    0.0000117  -0.00008580
 250    0.0000146  -0.00014344
 251    0.0000200  -0.00045739
 252    0.0000127  -0.00008526
 253    0.0000175  -0.00014357
 254    0.0000154  -0.00009429
 255    0.0000132  -0.00015512
 256    0.0000111  -0.00007539
 257    0.0000110  -0.00007250
 258    0.0000107  -0.00007009
 259    0.0000135  -0.00012226
 260    0.0000208  -0.00012002
 261    0.0000105  -0.00008031
 262    0.0000190  -0.00011480
 263    0.0000188  -0.00011394
 264    0.0000109  -0.00007045
 265    0.0000217  -0.00020126
 266    0.0000101  -0.00008057
 267    0.0000131  -0.00009625
 268    0.0000082  -0.00008376
 269    0.0000151  -0.00013364
 270    0.0000154  -0.00020966
 271    0.0000099  -0.00010115
 272    0.0000225  -0.00026525
 273    0.0000198  -0.00020321
 274    0.0000000  -0.00000014
 275    0.0000000  -0.00000017
 276    0.0000000  -0.00000014
 277    0.0000000  -0.00000014
 278    0.0000000  -0.00000013
 279    0.0000000  -0.00000017
 280    0.0000000  -0.00000012
 281    0.0000797  -0.00020213
 282    0.0003916  -0.00081958
 283    0.0008674  -0.00152853
 284    0.0001842  -0.00044572
 285    0.0006382  -0.00112204
 286    0.0002061  -0.00047784
 287    0.0004738  -0.00091783
 288    0.0006232  -0.00119718
 289    0.0002093  -0.00049939
 290    0.0007649  -0.00144189
 291    0.0013217  -0.00280306
 292    0.0003634  -0.00074871
 293    0.0013847  -0.00359429
 294    0.0012721  -0.00300076
 295    0.0022625  -0.00943791
 296    0.0023543  -0.00958285
 297    0.0021362  -0.00913642
 298    0.0021791  -0.00928720
 299    0.0021297  -0.00925730
 300    0.0022444  -0.00937332
 301    0.0021756  -0.00954764
 302    0.0000106  -0.00007111
 303    0.0000082  -0.00006022
 304    0.0000098  -0.00007270
 305    0.0000101  -0.00009920
 306    0.0000133  -0.00008724
 307    0.0000147  -0.00013431
 308    0.0000104  -0.00007626
 309    0.0000097  -0.00011988
 310    0.0000145  -0.00015207
 311    0.0000096  -0.00006259
 312    0.0000076  -0.00005375
 313    0.0000096  -0.00007095
 314    0.0000092  -0.00006703
 315    0.0000114  -0.00008463
 316    0.0000168  -0.00026073
 317    0.0000104  -0.00007255
 318    0.0000162  -0.00013569
 319    0.0000156  -0.00013442
 320    0.0000093  -0.00007317
 321    0.0000111  -0.00011220
 322    0.0000078  -0.00007115
 323    0.0000107  -0.00011057
 324    0.0000049  -0.00026215
 325    0.0000081  -0.00009847
 326    0.0000114  -0.00009575
 327    0.0000065  -0.00011552
 328    0.0000203  -0.00022939
 329    0.0000167  -0.00026366
 330    0.0000000  -0.00000010
 331    0.0000000  -0.00000010
 332    0.0000000  -0.00000009
 333    0.0000000  -0.00000010
 334    0.0000000  -0.00000010
 335    0.0000000  -0.00000013
 336    0.0000000  -0.00000013
 337    0.0000731  -0.00019014
 338    0.0002064  -0.00048396
 339    0.0007093  -0.00129406
 340    0.0000780  -0.00021167
 341    0.0004468  -0.00090613
 342    0.0001623  -0.00040132
 343    0.0001227  -0.00031989
 344    0.0003052  -0.00066502
 345    0.0000924  -0.00025662
 346    0.0005901  -0.00109578
 347    0.0003734  -0.00082185
 348    0.0002183  -0.00050017
 349    0.0010805  -0.00218120
 350    0.0010462  -0.00214718
 351    0.0021032  -0.00887833
 352    0.0007763  -0.00293244
 353    0.0021129  -0.00912052
 354    0.0020293  -0.00870171
 355    0.0019989  -0.00853763
 356    0.0006968  -0.00268891
 357    0.0020521  -0.00890888
 358    0.0000089  -0.00006480
 359    0.0000027  -0.00006775
 360    0.0000081  -0.00006839
 361    0.0000093  -0.00005954
 362    0.0000102  -0.00007622
 363    0.0000116  -0.00009976
 364    0.0000088  -0.00007060
 365    0.0000087  -0.00006442
 366    0.0000121  -0.00010995
 367    0.0000061  -0.00005301
 368    0.0000048  -0.00005352
 369    0.0000083  -0.00007107
 370    0.0000070  -0.00005578
 371    0.0000039  -0.00012169
 372    0.0000127  -0.00008389
 373    0.0000086  -0.00006141
 374    0.0000048  -0.00025861
 375    0.0000077  -0.00007191
 376    0.0000078  -0.00006492
 377    0.0000094  -0.00008089
 378    0.0000065  -0.00005431
 379    0.0000101  -0.00010499
 380    0.0000023  -0.00002221
 381    0.0000031  -0.00016572
 382    0.0000016  -0.00001201
 383    0.0000063  -0.00016505
 384    0.0000059  -0.00018905
 385    0.0000105  -0.00013092
 386    0.0000000  -0.00000008
 387    0.0000000  -0.00000009
 388    0.0000000  -0.00000009
 389    0.0000000  -0.00000010
 390    0.0000000  -0.00000009
 391    0.0000000  -0.00000010
 392    0.0000000  -0.00000008
 393    0.0000658  -0.00017929
 394    0.0000874  -0.00022640
 395    0.0004757  -0.00092570
 396    0.0000698  -0.00017851
 397    0.0002533  -0.00055693
 398    0.0000748  -0.00018841
 399    0.0000997  -0.00027805
 400    0.0002220  -0.00053493
 401    0.0000755  -0.00020378
 402    0.0002310  -0.00054765
 403    0.0002575  -0.00058994
 404    0.0002102  -0.00047982
 405    0.0005538  -0.00124061
 406    0.0003577  -0.00080906
 407    0.0006760  -0.00255854
 408    0.0004206  -0.00126920
 409    0.0006186  -0.00199513
 410    0.0007094  -0.00251642
 411    0.0010611  -0.00404725
 412    0.0005462  -0.00186976
 413    0.0007286  -0.00271666
 414    0.0000081  -0.00006061
 415    0.0000017  -0.00001366
 416    0.0000069  -0.00006710
 417    0.0000084  -0.00008928
 418    0.0000057  -0.00006057
 419    0.0000096  -0.00007657
 420    0.0000065  -0.00005591
 421    0.0000074  -0.00008550
 422    0.0000105  -0.00007292
 423    0.0000032  -0.00021670
 424    0.0000037  -0.00005849
 425    0.0000076  -0.00006349
 426    0.0000042  -0.00009149
 427    0.0000033  -0.00009887
 428    0.0000108  -0.00008861
 429    0.0000080  -0.00006962
 430    0.0000017  -0.00001399
 431    0.0000072  -0.00005652
 432    0.0000047  -0.00005716
 433    0.0000067  -0.00008120
 434    0.0000051  -0.00007658
 435    0.0000085  -0.00009699
 436    0.0000019  -0.00001564
 437    0.0000022  -0.00001896
 438    0.0000013  -0.00000991
 439    0.0000010  -0.00000753
 440    0.0000046  -0.00036683
 441    0.0000072  -0.00020683
 442    0.0000000  -0.00000008
 443    0.0000000  -0.00000008
 444    0.0000000  -0.00000008
 445    0.0000000  -0.00000009
 446    0.0000000  -0.00000007
 447    0.0000000  -0.00000008
 448    0.0000000  -0.00000008
 449    0.0000591  -0.00015361
 450    0.0000729  -0.00018861
 451    0.0004029  -0.00082624
 452    0.0000665  -0.00017120
 453    0.0002249  -0.00052672
 454    0.0000732  -0.00019196
 455    0.0000907  -0.00023955
 456    0.0001393  -0.00038052
 457    0.0000673  -0.00016953
 458    0.0001298  -0.00034626
 459    0.0001439  -0.00038199
 460    0.0001363  -0.00036008
 461    0.0004354  -0.00094774
 462    0.0003132  -0.00072535
 463    0.0005232  -0.00175359
 464    0.0002825  -0.00094222
 465    0.0006128  -0.00194744
 466    0.0003295  -0.00107655
 467    0.0003755  -0.00114844
 468    0.0004516  -0.00144830
 469    0.0002479  -0.00097201
 470    0.0000059  -0.00005529
 471    0.0000010  -0.00000745
 472    0.0000063  -0.00007359
 473    0.0000077  -0.00007380
 474    0.0000027  -0.00008492
 475    0.0000060  -0.00005954
 476    0.0000052  -0.00006109
 477    0.0000064  -0.00010421
 478    0.0000086  -0.00007806
 479    0.0000020  -0.00001691
 480    0.0000018  -0.00001486
 481    0.0000033  -0.00005914
 482    0.0000015  -0.00001165
 483    0.0000018  -0.00001605
 484    0.0000064  -0.00007466
 485    0.0000039  -0.00006061
 486    0.0000008  -0.00000680
 487    0.0000066  -0.00006104
 488    0.0000027  -0.00003619
 489    0.0000046  -0.00020276
 490    0.0000023  -0.00004568
 491    0.0000066  -0.00010644
 492    0.0000005  -0.00000367
 493    0.0000007  -0.00000535
 494    0.0000009  -0.00000692
 495    0.0000009  -0.00000699
 496    0.0000019  -0.00001433
 497    0.0000025  -0.00005764
 498    0.0000000  -0.00000008
 499    0.0000000  -0.00000008
 500    0.0000000  -0.00000007
 501    0.0000000  -0.00000007
 502    0.0000000  -0.00000006
 503    0.0000000  -0.00000007
 504    0.0000000  -0.00000008
 505    0.0000574  -0.00015167
 506    0.0000650  -0.00016662
 507    0.0002081  -0.00049878
 508    0.0000605  -0.00016032
 509    0.0002062  -0.00046742
 510    0.0000653  -0.00017195
 511    0.0000749  -0.00019887
 512    0.0001318  -0.00036697
 513    0.0000646  -0.00016711
 514    0.0001033  -0.00027359
 515    0.0001338  -0.00038040
 516    0.0000911  -0.00024276
 517    0.0002072  -0.00052204
 518    0.0001963  -0.00052947
 519    0.0004802  -0.00146623
 520    0.0002334  -0.00069590
 521    0.0002476  -0.00115321
 522    0.0002830  -0.00108789
 523    0.0002375  -0.00117284
 524    0.0002453  -0.00135128
 525    0.0002269  -0.00082636
 526    0.0000049  -0.00007547
 527    0.0000006  -0.00000441
 528    0.0000037  -0.00013571
 529    0.0000052  -0.00004953
 530    0.0000020  -0.00001593
 531    0.0000047  -0.00018920
 532    0.0000038  -0.00011787
 533    0.0000047  -0.00005240
 534    0.0000029  -0.00005096
 535    0.0000008  -0.00000610
 536    0.0000014  -0.00001110
 537    0.0000024  -0.00003291
 538    0.0000009  -0.00000669
 539    0.0000014  -0.00001134
 540    0.0000039  -0.00013048
 541    0.0000029  -0.00003894
 542    0.0000007  -0.00000574
 543    0.0000058  -0.00004676
 544    0.0000012  -0.00000985
 545    0.0000028  -0.00005957
 546    0.0000017  -0.00001410
 547    0.0000045  -0.00030538
 548    0.0000004  -0.00000245
 549    0.0000005  -0.00000312
 550    0.0000008  -0.00000583
 551    0.0000007  -0.00000486
 552    0.0000008  -0.00000567
 553    0.0000012  -0.00000943
 554    0.0000000  -0.00000007
 555    0.0000000  -0.00000008
 556    0.0000000  -0.00000006
 557    0.0000000  -0.00000007
 558    0.0000000  -0.00000007
 559    0.0000000  -0.00000007
 560    0.0000000  -0.00000006
 561    0.0000535  -0.00014332
 562    0.0000612  -0.00016383
 563    0.0001335  -0.00036673
 564    0.0000564  -0.00015082
 565    0.0001744  -0.00043115
 566    0.0000530  -0.00014277
 567    0.0000739  -0.00018718
 568    0.0001063  -0.00029446
 569    0.0000622  -0.00016531
 570    0.0000911  -0.00025694
 571    0.0001146  -0.00034444
 572    0.0000882  -0.00022837
 573    0.0001365  -0.00038928
 574    0.0001414  -0.00041041
 575    0.0002296  -0.00115422
 576    0.0002099  -0.00067235
 577    0.0001891  -0.00063399
 578    0.0002464  -0.00142209
 579    0.0001754  -0.00057442
 580    0.0001893  -0.00070996
 581    0.0001709  -0.00056520
 582    0.0000018  -0.00001548
 583    0.0000005  -0.00000308
 584    0.0000017  -0.00001402
 585    0.0000033  -0.00005809
 586    0.0000008  -0.00000659
 587    0.0000013  -0.00001031
 588    0.0000015  -0.00001136
 589    0.0000029  -0.00014301
 590    0.0000014  -0.00001136
 591    0.0000006  -0.00000446
 592    0.0000007  -0.00000491
 593    0.0000021  -0.00001850
 594    0.0000006  -0.00000425
 595    0.0000006  -0.00000449
 596    0.0000024  -0.00003682
 597    0.0000010  -0.00000782
 598    0.0000006  -0.00000487
 599    0.0000035  -0.00009649
 600    0.0000006  -0.00000500
 601    0.0000011  -0.00000816
 602    0.0000008  -0.00000574
 603    0.0000010  -0.00000709
 604    0.0000004  -0.00000229
 605    0.0000004  -0.00000239
 606    0.0000004  -0.00000228
 607    0.0000004  -0.00000234
 608    0.0000005  -0.00000318
 609    0.0000008  -0.00000604
 610    0.0000000  -0.00000006
 611    0.0000000  -0.00000006
 612    0.0000000  -0.00000005
 613    0.0000000  -0.00000006
 614    0.0000000  -0.00000005
 615    0.0000000  -0.00000007
 616    0.0000000  -0.00000006
 617    0.0000506  -0.00013855
 618    0.0000575  -0.00015780
 619    0.0001125  -0.00030942
 620    0.0000528  -0.00014462
 621    0.0001307  -0.00034575
 622    0.0000513  -0.00013971
 623    0.0000657  -0.00016875
 624    0.0000911  -0.00025556
 625    0.0000590  -0.00015499
 626    0.0000869  -0.00022803
 627    0.0000988  -0.00027942
 628    0.0000779  -0.00020114
 629    0.0001295  -0.00038334
 630    0.0001120  -0.00034369
 631    0.0001761  -0.00059408
 632    0.0001227  -0.00045767
 633    0.0001581  -0.00055153
 634    0.0001902  -0.00066919
 635    0.0001248  -0.00049445
 636    0.0001281  -0.00047390
 637    0.0001238  -0.00050982
 638    0.0000015  -0.00001228
 639    0.0000003  -0.00000222
 640    0.0000016  -0.00001281
 641    0.0000025  -0.00004896
 642    0.0000008  -0.00000638
 643    0.0000011  -0.00000847
 644    0.0000011  -0.00000869
 645    0.0000012  -0.00001001
 646    0.0000012  -0.00000927
 647    0.0000005  -0.00000416
 648    0.0000006  -0.00000474
 649    0.0000010  -0.00000765
 650    0.0000005  -0.00000390
 651    0.0000004  -0.00000282
 652    0.0000018  -0.00001336
 653    0.0000009  -0.00000673
 654    0.0000004  -0.00000294
 655    0.0000029  -0.00004370
 656    0.0000005  -0.00000416
 657    0.0000008  -0.00000617
 658    0.0000006  -0.00000464
 659    0.0000008  -0.00000609
 660    0.0000003  -0.00000186
 661    0.0000003  -0.00000198
 662    0.0000003  -0.00000213
 663    0.0000003  -0.00000209
 664    0.0000005  -0.00000294
 665    0.0000006  -0.00000453
 666    0.0000000  -0.00000006
 667    0.0000000  -0.00000006
 668    0.0000000  -0.00000006
 669    0.0000000  -0.00000005
 670    0.0000000  -0.00000005
 671    0.0000000  -0.00000006
 672    0.0000000  -0.00000006
 
----------------
 Final Energies 
----------------
Final NOF Total Energy =   -2392.6261795
 
Total Orbital Internal Iterations = 250
Total Occupation Internal Iterations = 2
 
Elapsed time: 2297.96 Seconds

---------------------------------
   Lowdin Population Analysis    
---------------------------------
 Idx  Atom   Population   Charge 
---------------------------------
  1     P    14.837       0.163
  2     P    14.827       0.173
  3     P    14.848       0.152
  4     P    14.843       0.157
  5     P    14.838       0.162
  6     P    14.831       0.169
  7     P    14.846       0.154
  8     H     1.160      -0.160
  9     H     1.166      -0.166
 10     H     1.163      -0.163
 11     H     1.160      -0.160
 12     H     1.158      -0.158
 13     H     1.167      -0.167
 14     H     1.157      -0.157

---------------------------------
   M Diagnostic: 0.04
---------------------------------

