Computing Integrals
Basis Set                                            = def2-qzvp
Auxiliary Basis Set                                  = def2-universal-jkfit
Gaussian Type                                        = Spherical
Elapsed time:    2.71 Seconds

Number of basis functions                   (NBF)    = 114
Number of auxiliary basis functions         (NBFAUX) = 154
Inactive Doubly occupied orbitals up to     (NO1)    = 0
No. considered Strongly Doubly occupied MOs (NDOC)   = 7
No. considered Strongly Singly occupied MOs (NSOC)   = 0
NO. of Weakly occ. per St. Doubly occ.  MOs (NCWO)   = 15
Dimension of the Nat. Orb. subspace         (NBF5)   = 112
No. of electrons                                     = 14
    No. of alpha electrons                           = 7
    No. of beta electrons                            = 7
Multiplicity                                         = 1

Geometry
========
 N       0.0000000       0.0000000      -0.5500458
 N       0.0000000       0.0000000       0.5500458

No violations of the orthonormality
No violations of the orthonormality
 
PNOF8/ADABelief Calculation
==================
 
  Nitext  Nit_orb  Time   Nit_occ  Time         Eelec          Etot           Ediff      maxdiff    MaxGrad_orb  Grad_occ
     1      10    2.1e+01    0    2.5e+01  -133.01808525  -109.44765697 -10132.01808525   0.000963   3.9e-03   2.0e-04 0.04
 
RESULTS OF THE OCCUPATION OPTIMIZATION
========================================
   1    1.9999508  -15.68804704
   2    1.9999515  -15.68510654
   3    1.9805185  -1.46302958
   4    1.9811605  -0.80929401
   5    1.9758968  -0.68570322
   6    1.9553304  -0.64524632
   7    1.9548691  -0.64497486
   8    0.0389473  -0.05008848
   9    0.0401236  -0.05092834
  10    0.0088450  -0.01804854
  11    0.0065430  -0.01419492
  12    0.0147169  -0.03190741
  13    0.0000326  -0.00093480
  14    0.0000313  -0.00085892
  15    0.0030022  -0.00553915
  16    0.0039297  -0.00728219
  17    0.0053026  -0.00992189
  18    0.0037909  -0.00723196
  19    0.0026504  -0.00690014
  20    0.0000041  -0.00004740
  21    0.0000046  -0.00006281
  22    0.0029309  -0.00539481
  23    0.0002206  -0.00057385
  24    0.0045190  -0.00815256
  25    0.0018766  -0.00424117
  26    0.0005538  -0.00409249
  27    0.0000032  -0.00005926
  28    0.0000038  -0.00004574
  29    0.0000900  -0.00028233
  30    0.0002203  -0.00057422
  31    0.0018067  -0.00420624
  32    0.0016985  -0.00451003
  33    0.0004582  -0.00154916
  34    0.0000031  -0.00006595
  35    0.0000032  -0.00008161
  36    0.0000245  -0.00009884
  37    0.0000240  -0.00010748
  38    0.0014005  -0.00520924
  39    0.0012499  -0.00302408
  40    0.0002177  -0.00071743
  41    0.0000026  -0.00004143
  42    0.0000030  -0.00005167
  43    0.0000224  -0.00009670
  44    0.0000219  -0.00010194
  45    0.0005864  -0.00172774
  46    0.0011785  -0.00242378
  47    0.0002152  -0.00070439
  48    0.0000007  -0.00002188
  49    0.0000006  -0.00001879
  50    0.0000192  -0.00009082
  51    0.0000201  -0.00008921
  52    0.0004809  -0.00126497
  53    0.0006141  -0.00175373
  54    0.0001483  -0.00049042
  55    0.0000004  -0.00001465
  56    0.0000006  -0.00002019
  57    0.0000160  -0.00007486
  58    0.0000190  -0.00008393
  59    0.0002709  -0.00078793
  60    0.0005603  -0.00409788
  61    0.0001019  -0.00036962
  62    0.0000004  -0.00003115
  63    0.0000006  -0.00001640
  64    0.0000141  -0.00006299
  65    0.0000174  -0.00008867
  66    0.0002533  -0.00080511
  67    0.0003716  -0.00138760
  68    0.0001018  -0.00039341
  69    0.0000004  -0.00002022
  70    0.0000004  -0.00003617
  71    0.0000129  -0.00005827
  72    0.0000144  -0.00007500
  73    0.0001390  -0.00042999
  74    0.0002866  -0.00076655
  75    0.0000980  -0.00036560
  76    0.0000003  -0.00001243
  77    0.0000004  -0.00001148
  78    0.0000117  -0.00005744
  79    0.0000137  -0.00006574
  80    0.0001261  -0.00044071
  81    0.0002454  -0.00116149
  82    0.0000886  -0.00038435
  83    0.0000002  -0.00000248
  84    0.0000002  -0.00000582
  85    0.0000108  -0.00005328
  86    0.0000124  -0.00005424
  87    0.0001188  -0.00038538
  88    0.0001695  -0.00051720
  89    0.0000490  -0.00023734
  90    0.0000001  -0.00000227
  91    0.0000002  -0.00000482
  92    0.0000104  -0.00005266
  93    0.0000118  -0.00005341
  94    0.0001063  -0.00035883
  95    0.0001604  -0.00044534
  96    0.0000295  -0.00016140
  97    0.0000001  -0.00000174
  98    0.0000001  -0.00000199
  99    0.0000099  -0.00005106
 100    0.0000109  -0.00005465
 101    0.0001003  -0.00036940
 102    0.0000610  -0.00034422
 103    0.0000267  -0.00012937
 104    0.0000001  -0.00000115
 105    0.0000001  -0.00000189
 106    0.0000084  -0.00004776
 107    0.0000097  -0.00005345
 108    0.0000473  -0.00022825
 109    0.0000332  -0.00012162
 110    0.0000255  -0.00014388
 111    0.0000001  -0.00000059
 112    0.0000001  -0.00000061
 
----------------
 Final Energies 
----------------
Final NOF Total Energy =    -109.4476570
 
Total Orbital Internal Iterations = 10
Total Occupation Internal Iterations = 0
 
Elapsed time:   60.69 Seconds

---------------------------------
   Lowdin Population Analysis    
---------------------------------
 Idx  Atom   Population   Charge 
---------------------------------
  1     N     7.000       0.000
  2     N     7.000      -0.000

---------------------------------
   M Diagnostic: 0.04
---------------------------------

