Computing Integrals
Basis Set                                            = def2-qzvp
Auxiliary Basis Set                                  = def2-universal-jkfit
Gaussian Type                                        = Spherical
Elapsed time:    2.63 Seconds

Number of basis functions                   (NBF)    = 140
Number of auxiliary basis functions         (NBFAUX) = 256
Inactive Doubly occupied orbitals up to     (NO1)    = 0
No. considered Strongly Doubly occupied MOs (NDOC)   = 15
No. considered Strongly Singly occupied MOs (NSOC)   = 2
NO. of Weakly occ. per St. Doubly occ.  MOs (NCWO)   = 8
Dimension of the Nat. Orb. subspace         (NBF5)   = 137
No. of electrons                                     = 32
    No. of alpha electrons                           = 17
    No. of beta electrons                            = 15
Multiplicity                                         = 3

Geometry
========
 S       0.0000000       0.0000000      -0.9540074
 S       0.0000000       0.0000000       0.9540074

No violations of the orthonormality
No violations of the orthonormality
 
PNOF8/ADAM Calculation
==================
 
  Nitext  Nit_orb  Time   Nit_occ  Time         Eelec          Etot           Ediff      maxdiff    MaxGrad_orb  Grad_occ
     1      10    1.0e+01   22    1.2e+01  -840.19209869  -769.19207910 -10839.19209869   1.834682   7.3e+00   1.3e-04 0.01
     2      10    1.3e+00   57    7.4e-01  -855.94538161  -784.94536202   -15.75328292   3.585572   1.4e+01   2.1e-04 0.01
     3      10    1.3e+00   67    7.7e-01  -859.94697353  -788.94695394    -4.00159192   0.616650   2.5e+00   1.8e-04 0.02
     4      10    1.1e+00   33    4.5e-01  -861.67610712  -790.67608753    -1.72913359   0.505497   2.0e+00   3.2e-04 0.03
     5      10    1.4e+00   38    4.5e-01  -862.53696176  -791.53694218    -0.86085464   0.303079   1.2e+00   1.8e-04 0.03
     6      10    1.4e+00   26    3.2e-01  -863.48885198  -792.48883240    -0.95189022   0.617482   2.5e+00   2.2e-04 0.04
     7      10    1.3e+00   17    2.3e-01  -864.31974586  -793.31972627    -0.83089388   0.464488   1.9e+00   2.9e-04 0.04
     8      10    1.2e+00   29    3.5e-01  -864.76913143  -793.76911184    -0.44938557   0.485358   1.9e+00   2.0e-04 0.04
     9      10    1.3e+00   28    3.6e-01  -865.11891494  -794.11889535    -0.34978351   0.367377   1.5e+00   2.2e-04 0.04
    10      10    1.3e+00   14    2.0e-01  -865.36599192  -794.36597233    -0.24707699   0.652203   2.6e+00   2.4e-04 0.04
    11      10    1.4e+00   14    1.8e-01  -865.53619144  -794.53617185    -0.17019952   0.509035   2.0e+00   2.4e-04 0.04
    12      10    1.4e+00   13    1.8e-01  -865.69306194  -794.69304235    -0.15687049   0.433217   1.7e+00   3.0e-04 0.04
    13      10    1.3e+00   15    1.8e-01  -865.80863602  -794.80861643    -0.11557409   0.430185   1.7e+00   1.9e-04 0.04
    14      10    1.5e+00    6    1.2e-01  -865.89460032  -794.89458073    -0.08596430   1.452222   5.8e+00   3.5e-04 0.04
    15      10    1.4e+00   12    1.9e-01  -866.03018549  -795.03016590    -0.13558516   0.414319   1.7e+00   2.8e-04 0.04
    16      10    1.3e+00   15    2.1e-01  -866.04976752  -795.04974793    -0.01958203   1.805746   7.2e+00   2.2e-04 0.04
    17      10    1.3e+00   11    1.7e-01  -866.22467663  -795.22465704    -0.17490911   0.307539   1.2e+00   2.8e-04 0.04
    18      10    1.3e+00   11    1.8e-01  -866.22534869  -795.22532910    -0.00067206   0.326836   1.3e+00   2.5e-04 0.04
    19      10    1.2e+00   11    1.5e-01  -866.32793458  -795.32791500    -0.10258590   0.318042   1.3e+00   2.7e-04 0.04
    20      10    1.3e+00   10    1.3e-01  -866.42598763  -795.42596804    -0.09805304   0.327566   1.3e+00   2.3e-04 0.04
    21      10    1.3e+00    9    9.4e-02  -866.53173680  -795.53171721    -0.10574917   0.758501   3.0e+00   2.8e-04 0.04
    22      10    1.4e+00   14    2.0e-01  -866.57055067  -795.57053108    -0.03881387   0.275428   1.1e+00   1.7e-04 0.03
    23      10    1.3e+00    8    1.1e-01  -866.63699162  -795.63697204    -0.06644095   0.295887   1.2e+00   2.2e-04 0.03
    24      10    1.5e+00    0    3.1e-02  -866.63711800  -795.63709841    -0.00012637   0.295887   1.2e+00   2.2e-04 0.03
    25      30    4.0e+00    8    1.4e-01  -866.97019591  -795.97017632    -0.33307791   0.047502   1.9e-01   2.8e-04 0.03
    26      30    4.1e+00   12    2.1e-01  -867.01101525  -796.01099566    -0.04081934   0.020282   8.1e-02   3.0e-04 0.03
    27      30    4.0e+00   14    2.5e-01  -867.02437010  -796.02435051    -0.01335485   0.014570   5.8e-02   1.4e-04 0.03
    28      30    4.0e+00    6    1.2e-01  -867.02895777  -796.02893818    -0.00458767   0.013797   5.5e-02   2.2e-04 0.03
    29      30    3.9e+00   14    2.2e-01  -867.03057277  -796.03055318    -0.00161500   0.015709   6.3e-02   1.7e-04 0.03
    30      30    4.1e+00    6    1.7e-01  -867.03166637  -796.03164678    -0.00109361   0.014770   5.9e-02   2.0e-04 0.03
    31      30    4.3e+00   10    1.7e-01  -867.03216810  -796.03214851    -0.00050173   0.014734   5.9e-02   2.2e-04 0.03
    32      30    4.3e+00    5    6.9e-02  -867.03253313  -796.03251354    -0.00036503   0.016378   6.6e-02   2.0e-04 0.03
    33      30    3.8e+00    4    1.0e-01  -867.03275519  -796.03273560    -0.00022206   0.015294   6.1e-02   2.0e-04 0.03
    34      30    4.4e+00    4    8.6e-02  -867.03307196  -796.03305237    -0.00031677   0.016188   6.5e-02   2.5e-04 0.03
    35      30    4.1e+00    4    1.1e-01  -867.03348479  -796.03346520    -0.00041282   0.013990   5.6e-02   2.7e-04 0.03
    36      30    4.0e+00    4    1.4e-01  -867.03373828  -796.03371869    -0.00025349   0.013575   5.4e-02   2.8e-04 0.03
    37      30    4.3e+00    8    1.6e-01  -867.03396477  -796.03394518    -0.00022650   0.019159   7.7e-02   2.3e-04 0.03
    38      30    4.3e+00    4    1.0e-01  -867.03407735  -796.03405776    -0.00011258   0.034536   1.4e-01   1.4e-04 0.03
    39      30    4.2e+00    4    5.6e-02  -867.03427308  -796.03425349    -0.00019573   0.020479   8.2e-02   1.6e-04 0.03
    40      30    4.2e+00    4    5.8e-02  -867.03430216  -796.03428257    -0.00002907   0.014658   5.9e-02   2.0e-04 0.03
 
RESULTS OF THE OCCUPATION OPTIMIZATION
========================================
   1    1.9999991  -92.07435754
   2    1.9999990  -92.07346020
   3    1.9997690  -9.03423680
   4    1.9995825  -9.02548294
   5    1.9991811  -6.73157159
   6    1.9991554  -6.72316848
   7    1.9992169  -6.72038791
   8    1.9991996  -6.72037394
   9    1.9991243  -6.71984823
  10    1.9988328  -6.71888241
  11    1.9776537  -0.98067796
  12    1.9763777  -0.92948709
  13    1.9706030  -0.52692603
  14    1.9573672  -0.49774189
  15    1.9668982  -0.48864127
  16    1.0000000  -0.20301998
  17    1.0000000  -0.20289169
  18    0.0089679  -0.01691037
  19    0.0266302  -0.04204997
  20    0.0089925  -0.01731322
  21    0.0063497  -0.02562799
  22    0.0067950  -0.02751408
  23    0.0005341  -0.00914449
  24    0.0005785  -0.00966367
  25    0.0005773  -0.00967729
  26    0.0005432  -0.00908168
  27    0.0006373  -0.01126029
  28    0.0006051  -0.01156152
  29    0.0003517  -0.00687135
  30    0.0001261  -0.00181986
  31    0.0000003  -0.00000772
  32    0.0000004  -0.00000896
  33    0.0058077  -0.01555170
  34    0.0072275  -0.01167609
  35    0.0076877  -0.01429131
  36    0.0052942  -0.01776519
  37    0.0052671  -0.01800648
  38    0.0005034  -0.00860230
  39    0.0000765  -0.00173844
  40    0.0000827  -0.00062615
  41    0.0000814  -0.00113107
  42    0.0000710  -0.00054852
  43    0.0000685  -0.00052636
  44    0.0000322  -0.00028262
  45    0.0000533  -0.00044487
  46    0.0000002  -0.00000604
  47    0.0000002  -0.00000664
  48    0.0054513  -0.01114920
  49    0.0069052  -0.01127677
  50    0.0059826  -0.01690236
  51    0.0040239  -0.01427668
  52    0.0039384  -0.01645192
  53    0.0000564  -0.00050883
  54    0.0000686  -0.00055505
  55    0.0000779  -0.00268025
  56    0.0000757  -0.00142749
  57    0.0000667  -0.00052744
  58    0.0000594  -0.00050493
  59    0.0000123  -0.00049604
  60    0.0000175  -0.00043090
  61    0.0000001  -0.00000533
  62    0.0000001  -0.00000331
  63    0.0053835  -0.01132901
  64    0.0005525  -0.00119588
  65    0.0021297  -0.00894073
  66    0.0035548  -0.01250438
  67    0.0019630  -0.00904813
  68    0.0000270  -0.00023527
  69    0.0000651  -0.00054380
  70    0.0000172  -0.00013625
  71    0.0000527  -0.00047482
  72    0.0000321  -0.00025257
  73    0.0000315  -0.00028920
  74    0.0000059  -0.00005276
  75    0.0000117  -0.00009618
  76    0.0000001  -0.00000492
  77    0.0000001  -0.00000231
  78    0.0041452  -0.01118696
  79    0.0004045  -0.00085133
  80    0.0021285  -0.00872688
  81    0.0019654  -0.00953685
  82    0.0019293  -0.00916849
  83    0.0000159  -0.00065727
  84    0.0000574  -0.00048748
  85    0.0000164  -0.00011753
  86    0.0000115  -0.00008661
  87    0.0000167  -0.00030149
  88    0.0000178  -0.00013256
  89    0.0000049  -0.00008766
  90    0.0000077  -0.00006512
  91    0.0000001  -0.00000383
  92    0.0000001  -0.00000170
  93    0.0018478  -0.00743453
  94    0.0003410  -0.00076774
  95    0.0012761  -0.00499244
  96    0.0015203  -0.00686656
  97    0.0016537  -0.00762317
  98    0.0000112  -0.00008484
  99    0.0000128  -0.00019013
 100    0.0000148  -0.00013085
 101    0.0000095  -0.00008622
 102    0.0000096  -0.00007887
 103    0.0000172  -0.00014667
 104    0.0000039  -0.00004139
 105    0.0000071  -0.00005606
 106    0.0000001  -0.00000322
 107    0.0000001  -0.00000144
 108    0.0010628  -0.00381714
 109    0.0003231  -0.00072670
 110    0.0006307  -0.00145403
 111    0.0006031  -0.00199151
 112    0.0005132  -0.00144644
 113    0.0000098  -0.00008262
 114    0.0000103  -0.00008218
 115    0.0000079  -0.00006311
 116    0.0000058  -0.00015828
 117    0.0000068  -0.00005591
 118    0.0000106  -0.00008770
 119    0.0000035  -0.00003715
 120    0.0000045  -0.00003908
 121    0.0000001  -0.00000183
 122    0.0000001  -0.00000096
 123    0.0004356  -0.00096627
 124    0.0002489  -0.00064748
 125    0.0005692  -0.00134697
 126    0.0003109  -0.00088201
 127    0.0002866  -0.00093531
 128    0.0000094  -0.00007302
 129    0.0000065  -0.00018418
 130    0.0000063  -0.00007192
 131    0.0000034  -0.00023325
 132    0.0000043  -0.00003518
 133    0.0000088  -0.00007005
 134    0.0000030  -0.00026780
 135    0.0000031  -0.00045957
 136    0.0000001  -0.00000151
 137    0.0000000  -0.00000085
 
----------------
 Final Energies 
----------------
Final NOF Total Energy =    -796.0342826
 
Total Orbital Internal Iterations = 720
Total Occupation Internal Iterations = 591
 
Elapsed time:  140.33 Seconds

---------------------------------
   Lowdin Population Analysis    
---------------------------------
 Idx  Atom   Population   Charge 
---------------------------------
  1     S    16.003      -0.003
  2     S    15.997       0.003

---------------------------------
   M Diagnostic: 0.03
---------------------------------

