Computing Integrals
Basis Set                                            = def2-qzvp
Auxiliary Basis Set                                  = def2-universal-jkfit
Gaussian Type                                        = Spherical
Elapsed time:    2.57 Seconds

Number of basis functions                   (NBF)    = 76
Number of auxiliary basis functions         (NBFAUX) = 130
Inactive Doubly occupied orbitals up to     (NO1)    = 0
No. considered Strongly Doubly occupied MOs (NDOC)   = 6
No. considered Strongly Singly occupied MOs (NSOC)   = 0
NO. of Weakly occ. per St. Doubly occ.  MOs (NCWO)   = 11
Dimension of the Nat. Orb. subspace         (NBF5)   = 72
No. of electrons                                     = 12
    No. of alpha electrons                           = 6
    No. of beta electrons                            = 6
Multiplicity                                         = 1

Geometry
========
Na       0.0000000       0.0000000      -0.9485832
 H       0.0000000       0.0000000       0.9485832

No violations of the orthonormality
No violations of the orthonormality
 
PNOF8/ADABelief Calculation
==================
 
  Nitext  Nit_orb  Time   Nit_occ  Time         Eelec          Etot           Ediff      maxdiff    MaxGrad_orb  Grad_occ
     1      10    2.0e+01    0    2.5e+01  -165.69554169  -162.62731458 -10164.69554169   0.000929   3.7e-03   1.6e-04 0.04
 
RESULTS OF THE OCCUPATION OPTIMIZATION
========================================
   1    1.9999983  -40.52123642
   2    1.9973095  -2.83056809
   3    1.9889520  -1.54644640
   4    1.9904092  -1.54608745
   5    1.9904120  -1.54567880
   6    1.9477932  -0.29958891
   7    0.0270996  -0.01422883
   8    0.0036962  -0.00960655
   9    0.0032942  -0.01017102
  10    0.0080296  -0.02773836
  11    0.0025851  -0.01118382
  12    0.0000015  -0.00000530
  13    0.0109718  -0.00700219
  14    0.0030140  -0.01090564
  15    0.0030135  -0.01078935
  16    0.0029637  -0.01091663
  17    0.0000717  -0.00181069
  18    0.0000001  -0.00000036
  19    0.0066101  -0.00379527
  20    0.0028366  -0.00990800
  21    0.0026071  -0.00949993
  22    0.0000180  -0.00005923
  23    0.0000195  -0.00022858
  24    0.0000000  -0.00000010
  25    0.0063530  -0.00363511
  26    0.0000185  -0.00050608
  27    0.0005068  -0.00604048
  28    0.0000145  -0.00005909
  29    0.0000027  -0.00000551
  30    0.0000000  -0.00000008
  31    0.0003183  -0.00030282
  32    0.0000062  -0.00002018
  33    0.0000542  -0.00014970
  34    0.0000046  -0.00001508
  35    0.0000027  -0.00000601
  36    0.0000000  -0.00000004
  37    0.0001841  -0.00019411
  38    0.0000051  -0.00001660
  39    0.0000451  -0.00013198
  40    0.0000042  -0.00000856
  41    0.0000020  -0.00000447
  42    0.0000000  -0.00000004
  43    0.0001833  -0.00019613
  44    0.0000029  -0.00000472
  45    0.0000280  -0.00007786
  46    0.0000033  -0.00000791
  47    0.0000017  -0.00000122
  48    0.0000000  -0.00000004
  49    0.0001304  -0.00013182
  50    0.0000026  -0.00000339
  51    0.0000148  -0.00011495
  52    0.0000029  -0.00000465
  53    0.0000017  -0.00000151
  54    0.0000000  -0.00000006
  55    0.0001283  -0.00014079
  56    0.0000023  -0.00000194
  57    0.0000117  -0.00005405
  58    0.0000026  -0.00000142
  59    0.0000011  -0.00000162
  60    0.0000000  -0.00000005
  61    0.0001167  -0.00012350
  62    0.0000019  -0.00000081
  63    0.0000083  -0.00002782
  64    0.0000024  -0.00000182
  65    0.0000011  -0.00000222
  66    0.0000000  -0.00000006
  67    0.0001111  -0.00012514
  68    0.0000017  -0.00000109
  69    0.0000071  -0.00002228
  70    0.0000023  -0.00000149
  71    0.0000011  -0.00000203
  72    0.0000000  -0.00000000
 
----------------
 Final Energies 
----------------
Final NOF Total Energy =    -162.6273146
 
Total Orbital Internal Iterations = 10
Total Occupation Internal Iterations = 0
 
Elapsed time:   59.44 Seconds

---------------------------------
   Lowdin Population Analysis    
---------------------------------
 Idx  Atom   Population   Charge 
---------------------------------
  1    Na    10.778       0.222
  2     H     1.222      -0.222

---------------------------------
   M Diagnostic: 0.04
---------------------------------

