Computing Integrals
Basis Set                                            = def2-qzvp
Auxiliary Basis Set                                  = def2-universal-jkfit
Gaussian Type                                        = Spherical
Elapsed time:    4.30 Seconds

Number of basis functions                   (NBF)    = 348
Number of auxiliary basis functions         (NBFAUX) = 376
Inactive Doubly occupied orbitals up to     (NO1)    = 0
No. considered Strongly Doubly occupied MOs (NDOC)   = 16
No. considered Strongly Singly occupied MOs (NSOC)   = 0
NO. of Weakly occ. per St. Doubly occ.  MOs (NCWO)   = 20
Dimension of the Nat. Orb. subspace         (NBF5)   = 336
No. of electrons                                     = 32
    No. of alpha electrons                           = 16
    No. of beta electrons                            = 16
Multiplicity                                         = 1

Geometry
========
 C       0.5544489       0.1536963       0.0386589
 O       1.2579970       1.1270143       0.2784116
 O       1.0268546      -1.0485265      -0.2496123
 H       2.0205938      -1.0157217      -0.2349892
 C      -0.9422696       0.1991055       0.0428563
 H      -1.2798398       1.2040197       0.2649153
 H      -1.3167311      -0.1210538      -0.9263966
 H      -1.3210538      -0.4985339       0.7861560

No violations of the orthonormality
No violations of the orthonormality
 
PNOF8/ADABelief Calculation
==================
 
  Nitext  Nit_orb  Time   Nit_occ  Time         Eelec          Etot           Ediff      maxdiff    MaxGrad_orb  Grad_occ
     1      10    2.4e+01    0    2.5e+01  -350.26449100  -228.91119733 -10349.26449100   0.001309   5.2e-03   2.0e-04 0.04
     2      30    1.1e+01    0    4.2e-01  -350.26449100  -228.91119733     0.00000000   0.001309   5.2e-03   2.0e-04 0.04
     3      50    1.8e+01    0    4.4e-01  -350.26449100  -228.91119733     0.00000000   0.001309   5.2e-03   2.0e-04 0.04
     4      70    2.5e+01    0    4.2e-01  -350.26451367  -228.91122000    -0.00002267   0.000618   2.5e-03   2.0e-04 0.04
 
RESULTS OF THE OCCUPATION OPTIMIZATION
========================================
   1    1.9999876  -20.63174385
   2    1.9999880  -20.59689465
   3    1.9999737  -11.34079431
   4    1.9999719  -11.28903976
   5    1.9843651  -1.37475799
   6    1.9848831  -1.35626242
   7    1.9794733  -0.99458866
   8    1.9686592  -0.77102913
   9    1.9698889  -0.75761315
  10    1.9670329  -0.72783951
  11    1.9705186  -0.71884337
  12    1.9761305  -0.65364151
  13    1.9768526  -0.64659366
  14    1.9714047  -0.61875077
  15    1.9694629  -0.61493697
  16    1.9568146  -0.53731088
  17    0.0386752  -0.05173141
  18    0.0175154  -0.02067672
  19    0.0182658  -0.02117135
  20    0.0086928  -0.01485813
  21    0.0094042  -0.01565868
  22    0.0208810  -0.03048172
  23    0.0282175  -0.04481029
  24    0.0248341  -0.04011105
  25    0.0251840  -0.03462180
  26    0.0124318  -0.01869870
  27    0.0076960  -0.01945258
  28    0.0074121  -0.01837263
  29    0.0000232  -0.00049097
  30    0.0000196  -0.00042717
  31    0.0000110  -0.00039773
  32    0.0000111  -0.00040332
  33    0.0035240  -0.00692024
  34    0.0051532  -0.00710248
  35    0.0052881  -0.00728088
  36    0.0056127  -0.01039691
  37    0.0054051  -0.00974427
  38    0.0041963  -0.00752291
  39    0.0035528  -0.00809550
  40    0.0038171  -0.00802581
  41    0.0043976  -0.00855014
  42    0.0026381  -0.00550371
  43    0.0031830  -0.00746762
  44    0.0035092  -0.00832971
  45    0.0000009  -0.00004552
  46    0.0000019  -0.00004969
  47    0.0000002  -0.00000669
  48    0.0000003  -0.00002906
  49    0.0002398  -0.00073296
  50    0.0048675  -0.00690418
  51    0.0013092  -0.00255884
  52    0.0046111  -0.00881080
  53    0.0053518  -0.00990412
  54    0.0024130  -0.00522695
  55    0.0002894  -0.00089414
  56    0.0003272  -0.00102412
  57    0.0004823  -0.00131933
  58    0.0021650  -0.00742327
  59    0.0016144  -0.00655088
  60    0.0017311  -0.00667885
  61    0.0000007  -0.00001055
  62    0.0000011  -0.00006741
  63    0.0000002  -0.00000281
  64    0.0000002  -0.00000317
  65    0.0002316  -0.00069812
  66    0.0012341  -0.00260002
  67    0.0011017  -0.00221519
  68    0.0013067  -0.00436005
  69    0.0014789  -0.00438416
  70    0.0010363  -0.00263269
  71    0.0002711  -0.00085229
  72    0.0003244  -0.00102883
  73    0.0004393  -0.00119068
  74    0.0011368  -0.00331649
  75    0.0007261  -0.00254631
  76    0.0007386  -0.00277477
  77    0.0000006  -0.00000616
  78    0.0000007  -0.00000939
  79    0.0000002  -0.00000265
  80    0.0000002  -0.00000205
  81    0.0002009  -0.00061474
  82    0.0005860  -0.00119825
  83    0.0010246  -0.00223549
  84    0.0010021  -0.00290417
  85    0.0006949  -0.00291451
  86    0.0002822  -0.00076478
  87    0.0002201  -0.00074343
  88    0.0002664  -0.00087539
  89    0.0003226  -0.00096636
  90    0.0009922  -0.00245084
  91    0.0005339  -0.00220480
  92    0.0007023  -0.00281651
  93    0.0000006  -0.00001071
  94    0.0000007  -0.00001145
  95    0.0000001  -0.00000126
  96    0.0000001  -0.00000188
  97    0.0001891  -0.00057877
  98    0.0003873  -0.00093013
  99    0.0005708  -0.00122321
 100    0.0007284  -0.00330530
 101    0.0005450  -0.00173445
 102    0.0002450  -0.00066408
 103    0.0002140  -0.00072783
 104    0.0002209  -0.00074518
 105    0.0002545  -0.00080532
 106    0.0004690  -0.00151226
 107    0.0005094  -0.00239546
 108    0.0005834  -0.00272347
 109    0.0000006  -0.00001083
 110    0.0000007  -0.00000666
 111    0.0000001  -0.00000093
 112    0.0000001  -0.00000086
 113    0.0000443  -0.00010176
 114    0.0003803  -0.00087131
 115    0.0003183  -0.00071441
 116    0.0003263  -0.00136274
 117    0.0003756  -0.00140612
 118    0.0001688  -0.00048996
 119    0.0000530  -0.00016524
 120    0.0001712  -0.00059765
 121    0.0000643  -0.00024095
 122    0.0001408  -0.00053134
 123    0.0002484  -0.00132161
 124    0.0004085  -0.00221894
 125    0.0000002  -0.00000642
 126    0.0000003  -0.00002874
 127    0.0000000  -0.00000037
 128    0.0000001  -0.00000075
 129    0.0000280  -0.00007202
 130    0.0001149  -0.00031681
 131    0.0002831  -0.00067883
 132    0.0002862  -0.00104219
 133    0.0001681  -0.00057903
 134    0.0000948  -0.00028814
 135    0.0000396  -0.00014638
 136    0.0000302  -0.00012787
 137    0.0000509  -0.00016645
 138    0.0001254  -0.00038791
 139    0.0001700  -0.00141502
 140    0.0001684  -0.00119976
 141    0.0000002  -0.00000325
 142    0.0000002  -0.00000294
 143    0.0000000  -0.00000038
 144    0.0000000  -0.00000053
 145    0.0000087  -0.00003191
 146    0.0000919  -0.00027744
 147    0.0001215  -0.00032819
 148    0.0001430  -0.00050096
 149    0.0000943  -0.00032918
 150    0.0000364  -0.00013883
 151    0.0000216  -0.00010108
 152    0.0000278  -0.00012622
 153    0.0000370  -0.00014987
 154    0.0001033  -0.00032820
 155    0.0001156  -0.00096093
 156    0.0000891  -0.00096195
 157    0.0000002  -0.00000205
 158    0.0000002  -0.00000246
 159    0.0000000  -0.00000038
 160    0.0000000  -0.00000047
 161    0.0000083  -0.00002987
 162    0.0000623  -0.00017331
 163    0.0000745  -0.00023501
 164    0.0001225  -0.00041391
 165    0.0000911  -0.00031376
 166    0.0000334  -0.00012865
 167    0.0000191  -0.00008369
 168    0.0000192  -0.00010064
 169    0.0000254  -0.00010998
 170    0.0000916  -0.00029350
 171    0.0000922  -0.00088226
 172    0.0000805  -0.00036665
 173    0.0000001  -0.00000193
 174    0.0000001  -0.00000182
 175    0.0000000  -0.00000028
 176    0.0000000  -0.00000042
 177    0.0000081  -0.00002631
 178    0.0000353  -0.00012757
 179    0.0000559  -0.00016961
 180    0.0000945  -0.00036652
 181    0.0000635  -0.00025589
 182    0.0000188  -0.00008392
 183    0.0000171  -0.00007648
 184    0.0000173  -0.00009402
 185    0.0000178  -0.00009880
 186    0.0000709  -0.00029534
 187    0.0000513  -0.00029650
 188    0.0000548  -0.00025975
 189    0.0000001  -0.00000151
 190    0.0000001  -0.00000166
 191    0.0000000  -0.00000031
 192    0.0000000  -0.00000037
 193    0.0000050  -0.00001800
 194    0.0000284  -0.00010299
 195    0.0000504  -0.00016373
 196    0.0000601  -0.00023186
 197    0.0000455  -0.00018870
 198    0.0000154  -0.00008058
 199    0.0000090  -0.00004436
 200    0.0000163  -0.00008802
 201    0.0000159  -0.00008205
 202    0.0000578  -0.00020976
 203    0.0000409  -0.00020850
 204    0.0000349  -0.00017382
 205    0.0000001  -0.00000139
 206    0.0000001  -0.00000139
 207    0.0000000  -0.00000022
 208    0.0000000  -0.00000031
 209    0.0000047  -0.00001709
 210    0.0000172  -0.00008251
 211    0.0000416  -0.00014727
 212    0.0000426  -0.00017880
 213    0.0000324  -0.00013892
 214    0.0000121  -0.00005890
 215    0.0000082  -0.00003799
 216    0.0000117  -0.00005992
 217    0.0000135  -0.00006333
 218    0.0000297  -0.00013566
 219    0.0000328  -0.00018251
 220    0.0000307  -0.00016449
 221    0.0000001  -0.00000116
 222    0.0000001  -0.00000120
 223    0.0000000  -0.00000028
 224    0.0000000  -0.00000033
 225    0.0000046  -0.00001651
 226    0.0000161  -0.00008509
 227    0.0000248  -0.00010967
 228    0.0000314  -0.00014220
 229    0.0000299  -0.00012998
 230    0.0000104  -0.00004819
 231    0.0000079  -0.00003562
 232    0.0000077  -0.00004093
 233    0.0000105  -0.00004727
 234    0.0000196  -0.00010981
 235    0.0000234  -0.00012766
 236    0.0000231  -0.00012672
 237    0.0000001  -0.00000114
 238    0.0000001  -0.00000116
 239    0.0000000  -0.00000017
 240    0.0000000  -0.00000019
 241    0.0000036  -0.00001049
 242    0.0000150  -0.00007078
 243    0.0000197  -0.00009723
 244    0.0000265  -0.00012893
 245    0.0000253  -0.00011567
 246    0.0000100  -0.00004801
 247    0.0000075  -0.00003503
 248    0.0000057  -0.00003154
 249    0.0000074  -0.00003667
 250    0.0000173  -0.00010257
 251    0.0000212  -0.00012348
 252    0.0000212  -0.00012040
 253    0.0000001  -0.00000086
 254    0.0000001  -0.00000079
 255    0.0000000  -0.00000017
 256    0.0000000  -0.00000017
 257    0.0000029  -0.00000953
 258    0.0000138  -0.00006173
 259    0.0000182  -0.00008676
 260    0.0000177  -0.00009428
 261    0.0000211  -0.00010120
 262    0.0000084  -0.00003880
 263    0.0000057  -0.00003004
 264    0.0000048  -0.00002696
 265    0.0000051  -0.00002555
 266    0.0000153  -0.00009795
 267    0.0000191  -0.00010905
 268    0.0000181  -0.00011225
 269    0.0000001  -0.00000069
 270    0.0000001  -0.00000073
 271    0.0000000  -0.00000012
 272    0.0000000  -0.00000016
 273    0.0000025  -0.00000833
 274    0.0000102  -0.00004873
 275    0.0000112  -0.00005732
 276    0.0000158  -0.00009148
 277    0.0000180  -0.00009957
 278    0.0000069  -0.00003675
 279    0.0000057  -0.00002753
 280    0.0000031  -0.00001635
 281    0.0000045  -0.00002324
 282    0.0000085  -0.00005470
 283    0.0000147  -0.00009540
 284    0.0000118  -0.00007882
 285    0.0000001  -0.00000074
 286    0.0000001  -0.00000063
 287    0.0000000  -0.00000010
 288    0.0000000  -0.00000013
 289    0.0000022  -0.00000756
 290    0.0000032  -0.00001928
 291    0.0000063  -0.00003655
 292    0.0000110  -0.00006115
 293    0.0000112  -0.00005642
 294    0.0000057  -0.00002773
 295    0.0000046  -0.00002304
 296    0.0000024  -0.00001313
 297    0.0000039  -0.00002094
 298    0.0000067  -0.00004121
 299    0.0000109  -0.00006664
 300    0.0000090  -0.00005928
 301    0.0000001  -0.00000060
 302    0.0000001  -0.00000057
 303    0.0000000  -0.00000011
 304    0.0000000  -0.00000013
 305    0.0000010  -0.00000523
 306    0.0000027  -0.00001382
 307    0.0000060  -0.00003250
 308    0.0000082  -0.00004809
 309    0.0000080  -0.00004710
 310    0.0000035  -0.00001819
 311    0.0000017  -0.00000947
 312    0.0000018  -0.00001099
 313    0.0000025  -0.00001243
 314    0.0000038  -0.00002677
 315    0.0000068  -0.00004768
 316    0.0000050  -0.00004525
 317    0.0000000  -0.00000044
 318    0.0000000  -0.00000056
 319    0.0000000  -0.00000008
 320    0.0000000  -0.00000013
 321    0.0000008  -0.00000458
 322    0.0000023  -0.00001267
 323    0.0000036  -0.00002336
 324    0.0000079  -0.00004279
 325    0.0000058  -0.00003331
 326    0.0000029  -0.00001560
 327    0.0000013  -0.00000729
 328    0.0000017  -0.00000978
 329    0.0000019  -0.00001029
 330    0.0000030  -0.00001951
 331    0.0000067  -0.00004344
 332    0.0000030  -0.00002184
 333    0.0000000  -0.00000037
 334    0.0000000  -0.00000051
 335    0.0000000  -0.00000008
 336    0.0000000  -0.00000013
 
----------------
 Final Energies 
----------------
Final NOF Total Energy =    -228.9112200
 
Total Orbital Internal Iterations = 160
Total Occupation Internal Iterations = 0
 
Elapsed time:  123.06 Seconds

---------------------------------
   Lowdin Population Analysis    
---------------------------------
 Idx  Atom   Population   Charge 
---------------------------------
  1     C     6.713      -0.713
  2     O     7.762       0.238
  3     O     7.373       0.627
  4     H     1.234      -0.234
  5     C     5.769       0.231
  6     H     1.050      -0.050
  7     H     1.048      -0.048
  8     H     1.051      -0.051

---------------------------------
   M Diagnostic: 0.04
---------------------------------

