Computing Integrals
Basis Set                                            = def2-qzvp
Auxiliary Basis Set                                  = def2-universal-jkfit
Gaussian Type                                        = Spherical
Elapsed time:    1.76 Seconds

Number of basis functions                   (NBF)    = 117
Number of auxiliary basis functions         (NBFAUX) = 113
Inactive Doubly occupied orbitals up to     (NO1)    = 0
No. considered Strongly Doubly occupied MOs (NDOC)   = 5
No. considered Strongly Singly occupied MOs (NSOC)   = 0
NO. of Weakly occ. per St. Doubly occ.  MOs (NCWO)   = 22
Dimension of the Nat. Orb. subspace         (NBF5)   = 115
No. of electrons                                     = 10
    No. of alpha electrons                           = 5
    No. of beta electrons                            = 5
Multiplicity                                         = 1

Geometry
========
 O       0.0000000       0.0000000       0.1169610
 H       0.0000000       0.7635680      -0.4678450
 H       0.0000000      -0.7635680      -0.4678450

No violations of the orthonormality
No violations of the orthonormality
 
PNOF8/ADAM Calculation
==================
 
  Nitext  Nit_orb  Time   Nit_occ  Time         Eelec          Etot           Ediff      maxdiff    MaxGrad_orb  Grad_occ
     1      10    1.0e+01   27    1.2e+01   -79.07243690   -69.92270583 -10078.07243690   0.931283   3.7e+00   1.3e-04 0.01
     2      10    7.7e-01   65    5.9e-01   -82.32243311   -73.17270204    -3.24999621   0.626726   2.5e+00   1.9e-04 0.01
     3      10    8.3e-01   57    4.5e-01   -83.92901772   -74.77928665    -1.60658461   0.443728   1.8e+00   1.8e-04 0.02
     4      10    1.2e+00   21    2.3e-01   -84.74586948   -75.59613841    -0.81685176   0.302102   1.2e+00   1.4e-04 0.02
     5      10    1.2e+00   13    1.4e-01   -85.09093685   -75.94120578    -0.34506737   0.197202   7.9e-01   2.5e-04 0.02
     6      10    1.0e+00   21    2.0e-01   -85.29425309   -76.14452202    -0.20331624   0.133633   5.3e-01   1.9e-04 0.02
     7      10    1.1e+00   14    2.2e-01   -85.39589932   -76.24616825    -0.10164623   0.095742   3.8e-01   2.0e-04 0.03
     8      10    1.0e+00    6    7.6e-02   -85.45251927   -76.30278820    -0.05661995   0.081762   3.3e-01   2.5e-04 0.03
     9      10    9.8e-01   12    1.9e-01   -85.47450704   -76.32477596    -0.02198776   0.078719   3.1e-01   1.9e-04 0.03
    10      10    1.1e+00    6    1.2e-01   -85.48214616   -76.33241509    -0.00763913   0.157447   6.3e-01   2.0e-04 0.03
    11      10    9.8e-01    0    5.5e-02   -85.48237079   -76.33263972    -0.00022463   0.157447   6.3e-01   2.0e-04 0.03
    12      30    2.8e+00   12    2.6e-01   -85.52190860   -76.37217753    -0.03953781   0.023732   9.5e-02   2.1e-04 0.03
    13      30    2.7e+00    6    1.1e-01   -85.52465828   -76.37492721    -0.00274968   0.008214   3.3e-02   1.7e-04 0.03
    14      30    3.0e+00    6    1.2e-01   -85.52567877   -76.37594770    -0.00102048   0.007503   3.0e-02   2.2e-04 0.03
    15      30    3.2e+00    6    1.7e-01   -85.52656502   -76.37683395    -0.00088625   0.007766   3.1e-02   2.1e-04 0.03
    16      30    2.8e+00    3    8.2e-02   -85.52717587   -76.37744480    -0.00061085   0.007353   2.9e-02   2.1e-04 0.03
    17      30    3.3e+00    8    1.3e-01   -85.52760025   -76.37786918    -0.00042438   0.007150   2.9e-02   1.4e-04 0.03
    18      30    3.1e+00    3    7.9e-02   -85.52802899   -76.37829792    -0.00042874   0.007422   3.0e-02   2.0e-04 0.03
    19      30    2.9e+00    5    1.1e-01   -85.52845065   -76.37871958    -0.00042166   0.006704   2.7e-02   1.9e-04 0.03
    20      30    2.9e+00    3    1.1e-01   -85.52876628   -76.37903521    -0.00031563   0.007435   3.0e-02   2.2e-04 0.03
    21      30    2.6e+00    8    1.4e-01   -85.52910336   -76.37937229    -0.00033708   0.007078   2.8e-02   1.3e-04 0.03
    22      30    2.9e+00    3    7.8e-02   -85.52934573   -76.37961465    -0.00024237   0.007224   2.9e-02   1.5e-04 0.03
    23      30    3.2e+00    5    8.3e-02   -85.52958202   -76.37985095    -0.00023629   0.006046   2.4e-02   1.8e-04 0.03
    24      30    3.0e+00    3    1.3e-01   -85.52965139   -76.37992032    -0.00006937   0.008552   3.4e-02   1.7e-04 0.03
    25      30    2.9e+00    5    1.2e-01   -85.52984418   -76.38011311    -0.00019279   0.007083   2.8e-02   1.6e-04 0.03
    26      30    3.0e+00    3    6.6e-02   -85.52994880   -76.38021773    -0.00010462   0.007374   2.9e-02   1.9e-04 0.03
    27      30    2.9e+00    5    1.3e-01   -85.53012402   -76.38039295    -0.00017522   0.005938   2.4e-02   1.6e-04 0.03
    28      30    3.1e+00    5    1.2e-01   -85.53021455   -76.38048348    -0.00009053   0.006230   2.5e-02   1.4e-04 0.03
    29      30    3.2e+00    3    1.0e-01   -85.53034748   -76.38061641    -0.00013293   0.005729   2.3e-02   1.9e-04 0.03
    30      30    2.8e+00    3    7.1e-02   -85.53044330   -76.38071223    -0.00009582   0.005342   2.1e-02   1.8e-04 0.03
    31      30    3.0e+00    5    1.0e-01   -85.53054613   -76.38081506    -0.00010284   0.005665   2.3e-02   1.2e-04 0.03
    32      30    2.7e+00    1    8.2e-02   -85.53063161   -76.38090054    -0.00008548   0.004704   1.9e-02   1.5e-04 0.03
    33      30    2.4e+00    3    1.2e-01   -85.53065503   -76.38092396    -0.00002342   0.005832   2.3e-02   2.2e-04 0.03
    34      30    2.3e+00    5    1.0e-01   -85.53068663   -76.38095556    -0.00003160   0.004092   1.6e-02   1.2e-04 0.03
    35      30    2.9e+00    1    6.4e-02   -85.53075357   -76.38102250    -0.00006694   0.003500   1.4e-02   1.7e-04 0.03
    36      30    2.6e+00    0    5.5e-02   -85.53075408   -76.38102301    -0.00000051   0.003500   1.4e-02   1.7e-04 0.03
    37      50    4.5e+00    0    4.6e-02   -85.53083117   -76.38110010    -0.00007709   0.000641   2.6e-03   1.8e-04 0.03
 
RESULTS OF THE OCCUPATION OPTIMIZATION
========================================
   1    1.9999922  -20.59687956
   2    1.9848611  -1.32309593
   3    1.9691164  -0.72540915
   4    1.9691704  -0.72327979
   5    1.9730091  -0.55218502
   6    0.0130014  -0.01931920
   7    0.0242702  -0.03293113
   8    0.0243202  -0.03296893
   9    0.0081164  -0.01916766
  10    0.0000022  -0.00006547
  11    0.0056197  -0.01002033
  12    0.0045420  -0.00851092
  13    0.0045178  -0.00846331
  14    0.0038174  -0.00867616
  15    0.0000017  -0.00001455
  16    0.0051085  -0.00905766
  17    0.0006027  -0.00147611
  18    0.0004442  -0.00118144
  19    0.0012239  -0.00538061
  20    0.0000009  -0.00000317
  21    0.0013093  -0.00365219
  22    0.0004505  -0.00122743
  23    0.0004377  -0.00118831
  24    0.0008379  -0.00285267
  25    0.0000008  -0.00000570
  26    0.0007508  -0.00297598
  27    0.0002884  -0.00085538
  28    0.0003196  -0.00096317
  29    0.0005954  -0.00273933
  30    0.0000004  -0.00000168
  31    0.0005414  -0.00153000
  32    0.0002611  -0.00081137
  33    0.0002977  -0.00089436
  34    0.0001718  -0.00066876
  35    0.0000003  -0.00003136
  36    0.0003037  -0.00085697
  37    0.0001186  -0.00039100
  38    0.0002506  -0.00078697
  39    0.0001413  -0.00154661
  40    0.0000003  -0.00000301
  41    0.0001012  -0.00035091
  42    0.0000805  -0.00033064
  43    0.0000792  -0.00029803
  44    0.0000528  -0.00022209
  45    0.0000003  -0.00000154
  46    0.0000851  -0.00030421
  47    0.0000662  -0.00027019
  48    0.0000472  -0.00016225
  49    0.0000454  -0.00020016
  50    0.0000002  -0.00000102
  51    0.0000468  -0.00021225
  52    0.0000530  -0.00015582
  53    0.0000381  -0.00014262
  54    0.0000387  -0.00017032
  55    0.0000002  -0.00000110
  56    0.0000331  -0.00014473
  57    0.0000261  -0.00012272
  58    0.0000365  -0.00014416
  59    0.0000219  -0.00018671
  60    0.0000002  -0.00000104
  61    0.0000246  -0.00010077
  62    0.0000170  -0.00009962
  63    0.0000311  -0.00012734
  64    0.0000207  -0.00019538
  65    0.0000001  -0.00000092
  66    0.0000197  -0.00010021
  67    0.0000143  -0.00007179
  68    0.0000175  -0.00009410
  69    0.0000199  -0.00027598
  70    0.0000001  -0.00000061
  71    0.0000165  -0.00009069
  72    0.0000098  -0.00005455
  73    0.0000161  -0.00007489
  74    0.0000130  -0.00007508
  75    0.0000001  -0.00000066
  76    0.0000092  -0.00005366
  77    0.0000072  -0.00004435
  78    0.0000102  -0.00005703
  79    0.0000055  -0.00004522
  80    0.0000000  -0.00000053
  81    0.0000063  -0.00004313
  82    0.0000058  -0.00003931
  83    0.0000054  -0.00003810
  84    0.0000038  -0.00003558
  85    0.0000000  -0.00000041
  86    0.0000041  -0.00002708
  87    0.0000051  -0.00003463
  88    0.0000051  -0.00003249
  89    0.0000029  -0.00002753
  90    0.0000000  -0.00000044
  91    0.0000027  -0.00001289
  92    0.0000029  -0.00001259
  93    0.0000031  -0.00001836
  94    0.0000025  -0.00001657
  95    0.0000000  -0.00000032
  96    0.0000018  -0.00000495
  97    0.0000026  -0.00000845
  98    0.0000020  -0.00000545
  99    0.0000022  -0.00001289
 100    0.0000000  -0.00000026
 101    0.0000017  -0.00000328
 102    0.0000022  -0.00000627
 103    0.0000019  -0.00000377
 104    0.0000021  -0.00001332
 105    0.0000000  -0.00000031
 106    0.0000017  -0.00000311
 107    0.0000022  -0.00000633
 108    0.0000013  -0.00000209
 109    0.0000018  -0.00000692
 110    0.0000000  -0.00000024
 111    0.0000016  -0.00000333
 112    0.0000012  -0.00000187
 113    0.0000013  -0.00000101
 114    0.0000016  -0.00000488
 115    0.0000000  -0.00000025
 
----------------
 Final Energies 
----------------
Final NOF Total Energy =     -76.3811001
 
Total Orbital Internal Iterations = 910
Total Occupation Internal Iterations = 352
 
Elapsed time:  125.85 Seconds

---------------------------------
   Lowdin Population Analysis    
---------------------------------
 Idx  Atom   Population   Charge 
---------------------------------
  1     O     7.350       0.650
  2     H     1.325      -0.325
  3     H     1.325      -0.325

---------------------------------
   M Diagnostic: 0.03
---------------------------------

