Computing Integrals
Basis Set                                            = def2-qzvp
Auxiliary Basis Set                                  = def2-universal-jkfit
Gaussian Type                                        = Spherical
Elapsed time:    8.63 Seconds

Number of basis functions                   (NBF)    = 475
Number of auxiliary basis functions         (NBFAUX) = 579
Inactive Doubly occupied orbitals up to     (NO1)    = 0
No. considered Strongly Doubly occupied MOs (NDOC)   = 27
No. considered Strongly Singly occupied MOs (NSOC)   = 0
NO. of Weakly occ. per St. Doubly occ.  MOs (NCWO)   = 16
Dimension of the Nat. Orb. subspace         (NBF5)   = 459
No. of electrons                                     = 54
    No. of alpha electrons                           = 27
    No. of beta electrons                            = 27
Multiplicity                                         = 1

Geometry
========
 C      -0.1499300      -1.0366670       0.0000000
 S       0.5689550       0.4243550       0.0000000
 F      -0.1499300       1.3095180       1.1445480
 F      -0.1499300       1.3095180      -1.1445480
 B      -1.6788000      -1.2010680       0.0000000
 H      -2.1250400      -2.3021090       0.0000000
 H      -2.3960060      -0.2526020       0.0000000
 B       0.9394340      -2.1060630       0.0000000
 H       0.6194520      -3.2503040       0.0000000
 H       2.0934610      -1.8003310       0.0000000

No violations of the orthonormality
No violations of the orthonormality
 
PNOF8/ADABelief Calculation
==================
 
  Nitext  Nit_orb  Time   Nit_occ  Time         Eelec          Etot           Ediff      maxdiff    MaxGrad_orb  Grad_occ
     1      10    4.0e+01    0    3.3e+01  -977.59314096  -687.68226948 -10976.59314096   0.000923   3.7e-03   2.9e-04 0.04
 
RESULTS OF THE OCCUPATION OPTIMIZATION
========================================
   1    1.9999996  -92.22743655
   2    1.9999931  -26.39624766
   3    1.9999940  -26.39623054
   4    1.9999779  -11.23809906
   5    1.9998882  -8.41447417
   6    1.9998970  -8.36076582
   7    1.9998930  -7.54197343
   8    1.9997494  -6.93766967
   9    1.9994125  -6.87313668
  10    1.9996320  -6.86187900
  11    1.9868364  -1.68348712
  12    1.9849950  -1.65148444
  13    1.9845683  -1.11785023
  14    1.9767040  -0.85012491
  15    1.9758125  -0.76159517
  16    1.9783611  -0.75135227
  17    1.9756292  -0.74596989
  18    1.9757010  -0.74545888
  19    1.9749818  -0.72871041
  20    1.9772522  -0.67988318
  21    1.9698815  -0.66068589
  22    1.9608029  -0.64489769
  23    1.9607609  -0.64135197
  24    1.9731760  -0.61775259
  25    1.9686008  -0.60020721
  26    1.9678713  -0.57841916
  27    1.9647576  -0.51062437
  28    0.0139516  -0.01387212
  29    0.0261671  -0.03972961
  30    0.0141773  -0.02050294
  31    0.0125136  -0.01551836
  32    0.0390627  -0.06285229
  33    0.0390219  -0.06269062
  34    0.0112534  -0.01473961
  35    0.0083537  -0.01527003
  36    0.0104199  -0.02050453
  37    0.0135598  -0.02364148
  38    0.0132954  -0.02366281
  39    0.0071914  -0.01429330
  40    0.0133241  -0.02355984
  41    0.0142536  -0.02249973
  42    0.0071066  -0.02388606
  43    0.0070194  -0.02280748
  44    0.0072262  -0.02294615
  45    0.0003091  -0.00491185
  46    0.0005609  -0.00977134
  47    0.0002027  -0.00510218
  48    0.0000690  -0.00106970
  49    0.0000519  -0.00127639
  50    0.0000609  -0.00157602
  51    0.0000190  -0.00044011
  52    0.0000055  -0.00007609
  53    0.0000064  -0.00019297
  54    0.0000004  -0.00003649
  55    0.0125597  -0.01436264
  56    0.0046747  -0.00953711
  57    0.0103538  -0.01232766
  58    0.0041632  -0.00598570
  59    0.0000473  -0.00012413
  60    0.0000639  -0.00016339
  61    0.0085716  -0.01141316
  62    0.0052520  -0.01147696
  63    0.0042491  -0.01077421
  64    0.0044918  -0.01124318
  65    0.0045098  -0.01136297
  66    0.0049375  -0.01194583
  67    0.0044137  -0.01176997
  68    0.0026779  -0.00733420
  69    0.0019683  -0.00844548
  70    0.0029957  -0.00955528
  71    0.0030648  -0.01175565
  72    0.0000259  -0.00128656
  73    0.0000053  -0.00038320
  74    0.0000105  -0.00033471
  75    0.0000179  -0.00032899
  76    0.0000111  -0.00016103
  77    0.0000130  -0.00016340
  78    0.0000008  -0.00003183
  79    0.0000001  -0.00000072
  80    0.0000001  -0.00000094
  81    0.0000000  -0.00000009
  82    0.0039439  -0.00518492
  83    0.0005489  -0.00128184
  84    0.0034073  -0.00586393
  85    0.0032595  -0.00478648
  86    0.0000337  -0.00008577
  87    0.0000278  -0.00007949
  88    0.0038242  -0.00560232
  89    0.0046731  -0.01134959
  90    0.0040554  -0.00967568
  91    0.0042491  -0.00998430
  92    0.0041184  -0.00966698
  93    0.0028306  -0.00893115
  94    0.0039221  -0.00944938
  95    0.0023512  -0.00524126
  96    0.0019018  -0.00821398
  97    0.0029231  -0.01146252
  98    0.0010207  -0.00730816
  99    0.0000068  -0.00008431
 100    0.0000049  -0.00005311
 101    0.0000070  -0.00007698
 102    0.0000053  -0.00004190
 103    0.0000105  -0.00011807
 104    0.0000096  -0.00012696
 105    0.0000004  -0.00002131
 106    0.0000001  -0.00000070
 107    0.0000001  -0.00000090
 108    0.0000000  -0.00000008
 109    0.0025715  -0.00345521
 110    0.0002692  -0.00069387
 111    0.0009838  -0.00195810
 112    0.0020946  -0.00389647
 113    0.0000214  -0.00007126
 114    0.0000187  -0.00007124
 115    0.0022630  -0.00317215
 116    0.0012997  -0.00458435
 117    0.0038705  -0.00945742
 118    0.0005817  -0.00172152
 119    0.0007741  -0.00287466
 120    0.0026371  -0.00929349
 121    0.0007438  -0.00267405
 122    0.0015471  -0.00366628
 123    0.0011555  -0.00519322
 124    0.0007238  -0.00385184
 125    0.0005117  -0.00500916
 126    0.0000061  -0.00006510
 127    0.0000033  -0.00003004
 128    0.0000065  -0.00006634
 129    0.0000048  -0.00003836
 130    0.0000065  -0.00014377
 131    0.0000093  -0.00010352
 132    0.0000004  -0.00000889
 133    0.0000001  -0.00000068
 134    0.0000001  -0.00000086
 135    0.0000000  -0.00000007
 136    0.0013499  -0.00215806
 137    0.0001035  -0.00028551
 138    0.0006009  -0.00131579
 139    0.0015359  -0.00264932
 140    0.0000160  -0.00007898
 141    0.0000137  -0.00008156
 142    0.0018830  -0.00345065
 143    0.0009738  -0.00366506
 144    0.0007423  -0.00268564
 145    0.0004159  -0.00139335
 146    0.0005294  -0.00192364
 147    0.0016774  -0.00634070
 148    0.0004213  -0.00138349
 149    0.0009246  -0.00302357
 150    0.0010497  -0.00480804
 151    0.0005452  -0.00480865
 152    0.0003396  -0.00261492
 153    0.0000040  -0.00004257
 154    0.0000031  -0.00002839
 155    0.0000050  -0.00005364
 156    0.0000032  -0.00002901
 157    0.0000039  -0.00008524
 158    0.0000032  -0.00006873
 159    0.0000003  -0.00000290
 160    0.0000001  -0.00000053
 161    0.0000001  -0.00000067
 162    0.0000000  -0.00000005
 163    0.0002423  -0.00048863
 164    0.0000859  -0.00023605
 165    0.0005706  -0.00122581
 166    0.0014716  -0.00415006
 167    0.0000119  -0.00005860
 168    0.0000118  -0.00006667
 169    0.0013709  -0.00226988
 170    0.0006840  -0.00206072
 171    0.0004472  -0.00139986
 172    0.0002772  -0.00098352
 173    0.0002749  -0.00099497
 174    0.0006005  -0.00157054
 175    0.0003010  -0.00108977
 176    0.0005691  -0.00144321
 177    0.0009153  -0.00542523
 178    0.0002594  -0.00113246
 179    0.0002615  -0.00120433
 180    0.0000035  -0.00003648
 181    0.0000026  -0.00007879
 182    0.0000031  -0.00002787
 183    0.0000021  -0.00001803
 184    0.0000035  -0.00004331
 185    0.0000031  -0.00006818
 186    0.0000003  -0.00000254
 187    0.0000000  -0.00000050
 188    0.0000001  -0.00000064
 189    0.0000000  -0.00000005
 190    0.0001318  -0.00026923
 191    0.0000729  -0.00021620
 192    0.0005223  -0.00105457
 193    0.0007788  -0.00176635
 194    0.0000104  -0.00004038
 195    0.0000091  -0.00003907
 196    0.0002683  -0.00054721
 197    0.0003607  -0.00123948
 198    0.0003867  -0.00137257
 199    0.0002698  -0.00097741
 200    0.0002552  -0.00091820
 201    0.0004282  -0.00144843
 202    0.0002919  -0.00107832
 203    0.0003063  -0.00090598
 204    0.0006130  -0.00547991
 205    0.0002569  -0.00111315
 206    0.0002493  -0.00116128
 207    0.0000027  -0.00015264
 208    0.0000015  -0.00001490
 209    0.0000026  -0.00002397
 210    0.0000010  -0.00001089
 211    0.0000026  -0.00007952
 212    0.0000022  -0.00002139
 213    0.0000002  -0.00000213
 214    0.0000000  -0.00000051
 215    0.0000000  -0.00000024
 216    0.0000000  -0.00000005
 217    0.0001126  -0.00025357
 218    0.0000497  -0.00015721
 219    0.0002506  -0.00052271
 220    0.0003147  -0.00060034
 221    0.0000078  -0.00003559
 222    0.0000079  -0.00003558
 223    0.0001792  -0.00041655
 224    0.0003499  -0.00112224
 225    0.0002508  -0.00092581
 226    0.0001301  -0.00047665
 227    0.0002489  -0.00091931
 228    0.0003656  -0.00116837
 229    0.0002552  -0.00094527
 230    0.0001905  -0.00052598
 231    0.0002530  -0.00121724
 232    0.0001003  -0.00081163
 233    0.0002433  -0.00106117
 234    0.0000021  -0.00001839
 235    0.0000014  -0.00001692
 236    0.0000025  -0.00002196
 237    0.0000007  -0.00000715
 238    0.0000025  -0.00002240
 239    0.0000020  -0.00002482
 240    0.0000002  -0.00000150
 241    0.0000000  -0.00000039
 242    0.0000000  -0.00000024
 243    0.0000000  -0.00000005
 244    0.0001038  -0.00024558
 245    0.0000375  -0.00011640
 246    0.0002246  -0.00051816
 247    0.0002934  -0.00066386
 248    0.0000066  -0.00003057
 249    0.0000065  -0.00002795
 250    0.0001357  -0.00033401
 251    0.0002761  -0.00089570
 252    0.0002407  -0.00090255
 253    0.0000923  -0.00033743
 254    0.0001472  -0.00057605
 255    0.0002262  -0.00084695
 256    0.0002380  -0.00090996
 257    0.0001302  -0.00042866
 258    0.0002070  -0.00119215
 259    0.0000463  -0.00021015
 260    0.0001222  -0.00095327
 261    0.0000019  -0.00001760
 262    0.0000012  -0.00001070
 263    0.0000023  -0.00002425
 264    0.0000006  -0.00000517
 265    0.0000020  -0.00001710
 266    0.0000017  -0.00001987
 267    0.0000002  -0.00000139
 268    0.0000000  -0.00000037
 269    0.0000000  -0.00000023
 270    0.0000000  -0.00000004
 271    0.0000856  -0.00021229
 272    0.0000310  -0.00009977
 273    0.0001030  -0.00027575
 274    0.0001357  -0.00029359
 275    0.0000054  -0.00002471
 276    0.0000038  -0.00001999
 277    0.0001022  -0.00023626
 278    0.0001999  -0.00066903
 279    0.0001452  -0.00048412
 280    0.0000758  -0.00028278
 281    0.0000714  -0.00028767
 282    0.0002069  -0.00081584
 283    0.0000790  -0.00032950
 284    0.0000980  -0.00029549
 285    0.0001014  -0.00068598
 286    0.0000420  -0.00020462
 287    0.0000256  -0.00016837
 288    0.0000017  -0.00001608
 289    0.0000010  -0.00001204
 290    0.0000022  -0.00002372
 291    0.0000006  -0.00000508
 292    0.0000018  -0.00002494
 293    0.0000017  -0.00001532
 294    0.0000001  -0.00000117
 295    0.0000000  -0.00000028
 296    0.0000000  -0.00000021
 297    0.0000000  -0.00000004
 298    0.0000688  -0.00017978
 299    0.0000267  -0.00009041
 300    0.0000815  -0.00020255
 301    0.0000744  -0.00020536
 302    0.0000048  -0.00002293
 303    0.0000033  -0.00001717
 304    0.0000830  -0.00021229
 305    0.0001861  -0.00058894
 306    0.0000797  -0.00028214
 307    0.0000546  -0.00019558
 308    0.0000469  -0.00016973
 309    0.0001713  -0.00058051
 310    0.0000580  -0.00021584
 311    0.0000834  -0.00025221
 312    0.0000561  -0.00035762
 313    0.0000175  -0.00014574
 314    0.0000206  -0.00015768
 315    0.0000011  -0.00001077
 316    0.0000006  -0.00000588
 317    0.0000020  -0.00001939
 318    0.0000005  -0.00000560
 319    0.0000017  -0.00001556
 320    0.0000014  -0.00001990
 321    0.0000001  -0.00000084
 322    0.0000000  -0.00000026
 323    0.0000000  -0.00000021
 324    0.0000000  -0.00000004
 325    0.0000394  -0.00011839
 326    0.0000201  -0.00006918
 327    0.0000408  -0.00013789
 328    0.0000618  -0.00019384
 329    0.0000040  -0.00002073
 330    0.0000028  -0.00001574
 331    0.0000559  -0.00016476
 332    0.0000536  -0.00019217
 333    0.0000448  -0.00017249
 334    0.0000526  -0.00019298
 335    0.0000311  -0.00012679
 336    0.0001413  -0.00049664
 337    0.0000453  -0.00016728
 338    0.0000624  -0.00018398
 339    0.0000306  -0.00016480
 340    0.0000162  -0.00012772
 341    0.0000169  -0.00013173
 342    0.0000011  -0.00001938
 343    0.0000006  -0.00000524
 344    0.0000020  -0.00002738
 345    0.0000004  -0.00001141
 346    0.0000014  -0.00001469
 347    0.0000014  -0.00001642
 348    0.0000001  -0.00000073
 349    0.0000000  -0.00000021
 350    0.0000000  -0.00000019
 351    0.0000000  -0.00000004
 352    0.0000275  -0.00007948
 353    0.0000178  -0.00006741
 354    0.0000291  -0.00009530
 355    0.0000476  -0.00014951
 356    0.0000033  -0.00001707
 357    0.0000026  -0.00001372
 358    0.0000481  -0.00015123
 359    0.0000287  -0.00011402
 360    0.0000343  -0.00013827
 361    0.0000165  -0.00009811
 362    0.0000228  -0.00009861
 363    0.0001224  -0.00048160
 364    0.0000432  -0.00015382
 365    0.0000387  -0.00013795
 366    0.0000210  -0.00015769
 367    0.0000158  -0.00012254
 368    0.0000168  -0.00012806
 369    0.0000010  -0.00001008
 370    0.0000006  -0.00000756
 371    0.0000010  -0.00001333
 372    0.0000003  -0.00000333
 373    0.0000013  -0.00001663
 374    0.0000009  -0.00000780
 375    0.0000000  -0.00000046
 376    0.0000000  -0.00000017
 377    0.0000000  -0.00000013
 378    0.0000000  -0.00000003
 379    0.0000232  -0.00007370
 380    0.0000156  -0.00006377
 381    0.0000236  -0.00008037
 382    0.0000339  -0.00011538
 383    0.0000029  -0.00001532
 384    0.0000025  -0.00001336
 385    0.0000386  -0.00011544
 386    0.0000234  -0.00010715
 387    0.0000226  -0.00009266
 388    0.0000156  -0.00010186
 389    0.0000182  -0.00011019
 390    0.0000640  -0.00021623
 391    0.0000258  -0.00011407
 392    0.0000328  -0.00011792
 393    0.0000191  -0.00015939
 394    0.0000154  -0.00012538
 395    0.0000159  -0.00012115
 396    0.0000004  -0.00002508
 397    0.0000004  -0.00001256
 398    0.0000008  -0.00000625
 399    0.0000002  -0.00000193
 400    0.0000011  -0.00000975
 401    0.0000008  -0.00000713
 402    0.0000000  -0.00000042
 403    0.0000000  -0.00000012
 404    0.0000000  -0.00000012
 405    0.0000000  -0.00000002
 406    0.0000206  -0.00007091
 407    0.0000052  -0.00002599
 408    0.0000172  -0.00006644
 409    0.0000252  -0.00009030
 410    0.0000005  -0.00000319
 411    0.0000004  -0.00000226
 412    0.0000258  -0.00008544
 413    0.0000214  -0.00011116
 414    0.0000158  -0.00009013
 415    0.0000095  -0.00006212
 416    0.0000161  -0.00011338
 417    0.0000217  -0.00012124
 418    0.0000132  -0.00008841
 419    0.0000157  -0.00010346
 420    0.0000177  -0.00013468
 421    0.0000148  -0.00012008
 422    0.0000152  -0.00011792
 423    0.0000003  -0.00000229
 424    0.0000002  -0.00000194
 425    0.0000003  -0.00000256
 426    0.0000002  -0.00000161
 427    0.0000009  -0.00000699
 428    0.0000003  -0.00000270
 429    0.0000000  -0.00000035
 430    0.0000000  -0.00000009
 431    0.0000000  -0.00000009
 432    0.0000000  -0.00000003
 433    0.0000103  -0.00003978
 434    0.0000030  -0.00001819
 435    0.0000128  -0.00005434
 436    0.0000202  -0.00008451
 437    0.0000005  -0.00000279
 438    0.0000003  -0.00000195
 439    0.0000158  -0.00006514
 440    0.0000115  -0.00009525
 441    0.0000131  -0.00008128
 442    0.0000067  -0.00003757
 443    0.0000110  -0.00007334
 444    0.0000168  -0.00011938
 445    0.0000120  -0.00008090
 446    0.0000147  -0.00009201
 447    0.0000158  -0.00012621
 448    0.0000132  -0.00011193
 449    0.0000132  -0.00011194
 450    0.0000002  -0.00000206
 451    0.0000002  -0.00000150
 452    0.0000002  -0.00000175
 453    0.0000001  -0.00000117
 454    0.0000003  -0.00000311
 455    0.0000002  -0.00000217
 456    0.0000000  -0.00000029
 457    0.0000000  -0.00000011
 458    0.0000000  -0.00000007
 459    0.0000000  -0.00000002
 
----------------
 Final Energies 
----------------
Final NOF Total Energy =    -687.6822695
 
Total Orbital Internal Iterations = 10
Total Occupation Internal Iterations = 0
 
Elapsed time:   95.56 Seconds

---------------------------------
   Lowdin Population Analysis    
---------------------------------
 Idx  Atom   Population   Charge 
---------------------------------
  1     C     6.261      -0.261
  2     S    15.494       0.506
  3     F     8.926       0.074
  4     F     8.925       0.075
  5     B     5.044      -0.044
  6     H     1.047      -0.047
  7     H     1.057      -0.057
  8     B     5.139      -0.139
  9     H     1.050      -0.050
 10     H     1.056      -0.056

---------------------------------
   M Diagnostic: 0.04
---------------------------------

