Computing Integrals
Basis Set                                            = def2-qzvp
Auxiliary Basis Set                                  = def2-universal-jkfit
Gaussian Type                                        = Spherical
Elapsed time:    2.51 Seconds

Number of basis functions                   (NBF)    = 187
Number of auxiliary basis functions         (NBFAUX) = 241
Inactive Doubly occupied orbitals up to     (NO1)    = 0
No. considered Strongly Doubly occupied MOs (NDOC)   = 14
No. considered Strongly Singly occupied MOs (NSOC)   = 0
NO. of Weakly occ. per St. Doubly occ.  MOs (NCWO)   = 12
Dimension of the Nat. Orb. subspace         (NBF5)   = 182
No. of electrons                                     = 28
    No. of alpha electrons                           = 14
    No. of beta electrons                            = 14
Multiplicity                                         = 1

Geometry
========
Cl      -1.3510430       0.0352940       0.0000000
 O       1.7413540      -0.0865720       0.0000000
 H       1.8290900       0.8701300       0.0000000
 H       0.7549300      -0.1794000       0.0000000

No violations of the orthonormality
No violations of the orthonormality
 
PNOF8/ADABelief Calculation
==================
 
  Nitext  Nit_orb  Time   Nit_occ  Time         Eelec          Etot           Ediff      maxdiff    MaxGrad_orb  Grad_occ
     1      10    1.1e+01    0    1.2e+01  -575.80059214  -536.52868875 -10574.80059214   0.000965   3.9e-03   2.0e-04 0.03
 
RESULTS OF THE OCCUPATION OPTIMIZATION
========================================
   1    1.9999986  -104.58396299
   2    1.9999790  -20.40138381
   3    1.9995702  -10.26508943
   4    1.9992620  -7.74550403
   5    1.9994616  -7.74448461
   6    1.9994181  -7.74390856
   7    1.9849499  -1.12678427
   8    1.9817297  -0.78856385
   9    1.9720795  -0.53647286
  10    1.9725577  -0.52817999
  11    1.9753479  -0.36303478
  12    1.9768805  -0.20813879
  13    1.9765274  -0.20297027
  14    1.9686510  -0.20153950
  15    0.0098966  -0.01540666
  16    0.0089024  -0.01684035
  17    0.0102399  -0.01793244
  18    0.0121997  -0.01837758
  19    0.0214211  -0.03197979
  20    0.0215695  -0.03012523
  21    0.0069016  -0.02672520
  22    0.0077497  -0.01901330
  23    0.0005171  -0.01102001
  24    0.0004861  -0.01045799
  25    0.0006298  -0.01316618
  26    0.0004041  -0.00984535
  27    0.0000195  -0.00063691
  28    0.0000013  -0.00012692
  29    0.0098192  -0.01532300
  30    0.0081853  -0.02015050
  31    0.0079977  -0.01924258
  32    0.0050654  -0.00914565
  33    0.0041138  -0.00808974
  34    0.0042728  -0.00816206
  35    0.0061061  -0.01954145
  36    0.0035665  -0.00832567
  37    0.0000195  -0.00104057
  38    0.0000122  -0.00023266
  39    0.0000814  -0.00331374
  40    0.0000069  -0.00009504
  41    0.0000006  -0.00001390
  42    0.0000000  -0.00000063
  43    0.0097753  -0.01525988
  44    0.0022085  -0.00898700
  45    0.0022992  -0.00881321
  46    0.0048256  -0.00859651
  47    0.0007583  -0.00217342
  48    0.0007766  -0.00218896
  49    0.0019999  -0.00981950
  50    0.0012470  -0.00640948
  51    0.0000095  -0.00011244
  52    0.0000104  -0.00011752
  53    0.0000058  -0.00007337
  54    0.0000048  -0.00018183
  55    0.0000002  -0.00000679
  56    0.0000000  -0.00000037
  57    0.0006568  -0.00140731
  58    0.0021898  -0.00889765
  59    0.0007642  -0.00163315
  60    0.0007427  -0.00298488
  61    0.0003825  -0.00108368
  62    0.0004283  -0.00113929
  63    0.0019601  -0.00980887
  64    0.0011650  -0.00421973
  65    0.0000093  -0.00010880
  66    0.0000079  -0.00009389
  67    0.0000048  -0.00005460
  68    0.0000045  -0.00014704
  69    0.0000001  -0.00000248
  70    0.0000000  -0.00000025
  71    0.0006476  -0.00140404
  72    0.0006885  -0.00158511
  73    0.0007618  -0.00162737
  74    0.0006876  -0.00175429
  75    0.0002645  -0.00083889
  76    0.0003237  -0.00094127
  77    0.0005083  -0.00201453
  78    0.0004794  -0.00153272
  79    0.0000081  -0.00011112
  80    0.0000055  -0.00008288
  81    0.0000039  -0.00004548
  82    0.0000034  -0.00009844
  83    0.0000001  -0.00000187
  84    0.0000000  -0.00000023
  85    0.0002880  -0.00096421
  86    0.0006850  -0.00157833
  87    0.0003685  -0.00142087
  88    0.0004578  -0.00131789
  89    0.0002580  -0.00083142
  90    0.0003208  -0.00097370
  91    0.0003046  -0.00147968
  92    0.0003065  -0.00138643
  93    0.0000062  -0.00007778
  94    0.0000049  -0.00018410
  95    0.0000032  -0.00003710
  96    0.0000018  -0.00002888
  97    0.0000001  -0.00000144
  98    0.0000000  -0.00000024
  99    0.0000544  -0.00017222
 100    0.0003397  -0.00127050
 101    0.0003205  -0.00114200
 102    0.0003054  -0.00087412
 103    0.0000732  -0.00028037
 104    0.0000700  -0.00023614
 105    0.0001707  -0.00169296
 106    0.0001476  -0.00114226
 107    0.0000052  -0.00005497
 108    0.0000035  -0.00011793
 109    0.0000029  -0.00003467
 110    0.0000015  -0.00001505
 111    0.0000001  -0.00000129
 112    0.0000000  -0.00000020
 113    0.0000525  -0.00017594
 114    0.0000729  -0.00023874
 115    0.0001318  -0.00051398
 116    0.0001564  -0.00057120
 117    0.0000485  -0.00017010
 118    0.0000486  -0.00016501
 119    0.0001427  -0.00115062
 120    0.0001188  -0.00054316
 121    0.0000018  -0.00003010
 122    0.0000032  -0.00013528
 123    0.0000027  -0.00003200
 124    0.0000010  -0.00001054
 125    0.0000001  -0.00000104
 126    0.0000000  -0.00000018
 127    0.0000519  -0.00016263
 128    0.0000632  -0.00022773
 129    0.0000699  -0.00022822
 130    0.0000936  -0.00031807
 131    0.0000412  -0.00016331
 132    0.0000473  -0.00015422
 133    0.0000556  -0.00020646
 134    0.0001026  -0.00056284
 135    0.0000015  -0.00001578
 136    0.0000019  -0.00003275
 137    0.0000013  -0.00001163
 138    0.0000006  -0.00000472
 139    0.0000001  -0.00000093
 140    0.0000000  -0.00000017
 141    0.0000509  -0.00016247
 142    0.0000614  -0.00020378
 143    0.0000673  -0.00022978
 144    0.0000591  -0.00021598
 145    0.0000384  -0.00015427
 146    0.0000387  -0.00014848
 147    0.0000552  -0.00020531
 148    0.0000875  -0.00047074
 149    0.0000014  -0.00001192
 150    0.0000014  -0.00001317
 151    0.0000012  -0.00001004
 152    0.0000004  -0.00000479
 153    0.0000001  -0.00000093
 154    0.0000000  -0.00000014
 155    0.0000441  -0.00013970
 156    0.0000527  -0.00018173
 157    0.0000647  -0.00019768
 158    0.0000370  -0.00013767
 159    0.0000363  -0.00014506
 160    0.0000149  -0.00010142
 161    0.0000439  -0.00018637
 162    0.0000490  -0.00020994
 163    0.0000011  -0.00001012
 164    0.0000008  -0.00000715
 165    0.0000006  -0.00000564
 166    0.0000004  -0.00000680
 167    0.0000000  -0.00000084
 168    0.0000000  -0.00000012
 169    0.0000117  -0.00005637
 170    0.0000230  -0.00012688
 171    0.0000339  -0.00014703
 172    0.0000218  -0.00011336
 173    0.0000065  -0.00003461
 174    0.0000093  -0.00005784
 175    0.0000217  -0.00014000
 176    0.0000306  -0.00015851
 177    0.0000011  -0.00000867
 178    0.0000006  -0.00000586
 179    0.0000004  -0.00001836
 180    0.0000003  -0.00000731
 181    0.0000000  -0.00000064
 182    0.0000000  -0.00000013
 
----------------
 Final Energies 
----------------
Final NOF Total Energy =    -536.5286888
 
Total Orbital Internal Iterations = 10
Total Occupation Internal Iterations = 0
 
Elapsed time:   29.59 Seconds

---------------------------------
   Lowdin Population Analysis    
---------------------------------
 Idx  Atom   Population   Charge 
---------------------------------
  1    Cl    17.770      -0.770
  2     O     7.441       0.559
  3     H     1.362      -0.362
  4     H     1.428      -0.428

---------------------------------
   M Diagnostic: 0.03
---------------------------------

