Computing Integrals
Basis Set                                            = def2-qzvp
Auxiliary Basis Set                                  = def2-universal-jkfit
Gaussian Type                                        = Spherical
Elapsed time:    1.76 Seconds

Number of basis functions                   (NBF)    = 117
Number of auxiliary basis functions         (NBFAUX) = 113
Inactive Doubly occupied orbitals up to     (NO1)    = 0
No. considered Strongly Doubly occupied MOs (NDOC)   = 5
No. considered Strongly Singly occupied MOs (NSOC)   = 0
NO. of Weakly occ. per St. Doubly occ.  MOs (NCWO)   = 22
Dimension of the Nat. Orb. subspace         (NBF5)   = 115
No. of electrons                                     = 10
    No. of alpha electrons                           = 5
    No. of beta electrons                            = 5
Multiplicity                                         = 1

Geometry
========
 O       1.7413540      -0.0865720       0.0000000
 H       1.8290900       0.8701300       0.0000000
 H       0.7549300      -0.1794000       0.0000000

No violations of the orthonormality
No violations of the orthonormality
 
PNOF8/ADABelief Calculation
==================
 
  Nitext  Nit_orb  Time   Nit_occ  Time         Eelec          Etot           Ediff      maxdiff    MaxGrad_orb  Grad_occ
     1      10    9.8e+00    0    1.2e+01   -85.40824268   -76.37656920 -10084.40824268   0.000939   3.8e-03   2.1e-04 0.03
 
RESULTS OF THE OCCUPATION OPTIMIZATION
========================================
   1    1.9999819  -20.59835893
   2    1.9849292  -1.32249145
   3    1.9712572  -0.71775433
   4    1.9715375  -0.71246534
   5    1.9778399  -0.55086165
   6    0.0121768  -0.01943117
   7    0.0230272  -0.03313063
   8    0.0202032  -0.03078268
   9    0.0073993  -0.01917760
  10    0.0000151  -0.00057304
  11    0.0053445  -0.01007661
  12    0.0041791  -0.00826359
  13    0.0039531  -0.00813378
  14    0.0035766  -0.00858331
  15    0.0000014  -0.00001575
  16    0.0013446  -0.00383394
  17    0.0004916  -0.00130129
  18    0.0039022  -0.00812551
  19    0.0012276  -0.00526345
  20    0.0000010  -0.00000528
  21    0.0007350  -0.00314230
  22    0.0004244  -0.00120358
  23    0.0002696  -0.00085792
  24    0.0008187  -0.00288818
  25    0.0000005  -0.00004247
  26    0.0006835  -0.00179313
  27    0.0000806  -0.00033631
  28    0.0000908  -0.00035985
  29    0.0005263  -0.00241113
  30    0.0000000  -0.00000071
  31    0.0005819  -0.00174565
  32    0.0000739  -0.00029481
  33    0.0000782  -0.00030292
  34    0.0004275  -0.00140173
  35    0.0000000  -0.00000058
  36    0.0003507  -0.00100816
  37    0.0000387  -0.00016489
  38    0.0000558  -0.00022607
  39    0.0003019  -0.00113095
  40    0.0000000  -0.00000052
  41    0.0003052  -0.00090201
  42    0.0000354  -0.00015010
  43    0.0000417  -0.00016034
  44    0.0002732  -0.00096796
  45    0.0000000  -0.00000051
  46    0.0002957  -0.00086023
  47    0.0000300  -0.00013142
  48    0.0000351  -0.00015338
  49    0.0001718  -0.00065273
  50    0.0000000  -0.00000049
  51    0.0001745  -0.00080425
  52    0.0000246  -0.00011911
  53    0.0000328  -0.00013684
  54    0.0001228  -0.00109202
  55    0.0000000  -0.00000053
  56    0.0000299  -0.00014568
  57    0.0000172  -0.00010026
  58    0.0000256  -0.00013116
  59    0.0000790  -0.00036847
  60    0.0000000  -0.00000041
  61    0.0000243  -0.00013053
  62    0.0000110  -0.00004968
  63    0.0000135  -0.00007292
  64    0.0000327  -0.00017081
  65    0.0000000  -0.00000040
  66    0.0000211  -0.00009283
  67    0.0000068  -0.00003771
  68    0.0000115  -0.00005069
  69    0.0000209  -0.00010936
  70    0.0000000  -0.00000044
  71    0.0000198  -0.00010762
  72    0.0000065  -0.00003360
  73    0.0000072  -0.00003296
  74    0.0000195  -0.00011181
  75    0.0000000  -0.00000034
  76    0.0000186  -0.00008936
  77    0.0000044  -0.00001521
  78    0.0000069  -0.00003444
  79    0.0000161  -0.00010089
  80    0.0000000  -0.00000030
  81    0.0000153  -0.00006342
  82    0.0000027  -0.00000655
  83    0.0000045  -0.00001392
  84    0.0000139  -0.00007923
  85    0.0000000  -0.00000029
  86    0.0000135  -0.00006434
  87    0.0000019  -0.00000610
  88    0.0000029  -0.00001009
  89    0.0000124  -0.00006566
  90    0.0000000  -0.00000024
  91    0.0000085  -0.00004042
  92    0.0000016  -0.00000437
  93    0.0000021  -0.00000601
  94    0.0000109  -0.00005800
  95    0.0000000  -0.00000033
  96    0.0000073  -0.00003837
  97    0.0000015  -0.00000372
  98    0.0000019  -0.00000497
  99    0.0000078  -0.00005399
 100    0.0000000  -0.00000022
 101    0.0000033  -0.00001800
 102    0.0000012  -0.00000253
 103    0.0000015  -0.00000364
 104    0.0000056  -0.00003847
 105    0.0000000  -0.00000019
 106    0.0000031  -0.00001456
 107    0.0000011  -0.00000234
 108    0.0000015  -0.00000318
 109    0.0000033  -0.00001977
 110    0.0000000  -0.00000019
 111    0.0000029  -0.00001076
 112    0.0000010  -0.00000142
 113    0.0000012  -0.00000311
 114    0.0000028  -0.00001666
 115    0.0000000  -0.00000015
 
----------------
 Final Energies 
----------------
Final NOF Total Energy =     -76.3765692
 
Total Orbital Internal Iterations = 10
Total Occupation Internal Iterations = 0
 
Elapsed time:   28.00 Seconds

---------------------------------
   Lowdin Population Analysis    
---------------------------------
 Idx  Atom   Population   Charge 
---------------------------------
  1     O     7.386       0.614
  2     H     1.333      -0.333
  3     H     1.280      -0.280

---------------------------------
   M Diagnostic: 0.03
---------------------------------

