Computing Integrals
Basis Set                                            = def2-qzvp
Auxiliary Basis Set                                  = def2-universal-jkfit
Gaussian Type                                        = Spherical
Elapsed time:    1.73 Seconds

Number of basis functions                   (NBF)    = 87
Number of auxiliary basis functions         (NBFAUX) = 95
Inactive Doubly occupied orbitals up to     (NO1)    = 0
No. considered Strongly Doubly occupied MOs (NDOC)   = 5
No. considered Strongly Singly occupied MOs (NSOC)   = 0
NO. of Weakly occ. per St. Doubly occ.  MOs (NCWO)   = 16
Dimension of the Nat. Orb. subspace         (NBF5)   = 85
No. of electrons                                     = 10
    No. of alpha electrons                           = 5
    No. of beta electrons                            = 5
Multiplicity                                         = 1

Geometry
========
 F      -2.3479612       1.1089678      -0.0028093
 H      -3.3245012       1.0882224       0.0025440

No violations of the orthonormality
No violations of the orthonormality
 
PNOF8/ADABelief Calculation
==================
 
  Nitext  Nit_orb  Time   Nit_occ  Time         Eelec          Etot           Ediff      maxdiff    MaxGrad_orb  Grad_occ
     1      10    9.1e+00    0    1.2e+01  -105.26546355  -100.38963736 -10104.26546355   0.000747   3.0e-03   2.3e-04 0.03
 
RESULTS OF THE OCCUPATION OPTIMIZATION
========================================
   1    1.9999840  -26.34216949
   2    1.9865587  -1.59200842
   3    1.9713460  -0.82897229
   4    1.9803785  -0.69597893
   5    1.9782709  -0.69540370
   6    0.0113273  -0.02130539
   7    0.0118648  -0.02178004
   8    0.0240969  -0.03938367
   9    0.0075381  -0.02328330
  10    0.0000144  -0.00057208
  11    0.0042174  -0.01018735
  12    0.0044223  -0.00992013
  13    0.0036084  -0.00863117
  14    0.0033985  -0.00963703
  15    0.0000007  -0.00000585
  16    0.0042016  -0.01012244
  17    0.0015161  -0.00527024
  18    0.0002888  -0.00111356
  19    0.0007763  -0.00317995
  20    0.0000004  -0.00005653
  21    0.0005960  -0.00248095
  22    0.0006900  -0.00424152
  23    0.0002737  -0.00105214
  24    0.0007658  -0.00311400
  25    0.0000000  -0.00000128
  26    0.0004418  -0.00146241
  27    0.0004488  -0.00142944
  28    0.0002346  -0.00096172
  29    0.0002782  -0.00120334
  30    0.0000000  -0.00000111
  31    0.0002739  -0.00100810
  32    0.0003234  -0.00119625
  33    0.0000510  -0.00014046
  34    0.0002616  -0.00118515
  35    0.0000000  -0.00000116
  36    0.0002649  -0.00096837
  37    0.0001012  -0.00050315
  38    0.0000237  -0.00011718
  39    0.0002030  -0.00160646
  40    0.0000000  -0.00000087
  41    0.0002506  -0.00096062
  42    0.0000839  -0.00036374
  43    0.0000184  -0.00014802
  44    0.0000872  -0.00089052
  45    0.0000000  -0.00000095
  46    0.0000395  -0.00012532
  47    0.0000576  -0.00028601
  48    0.0000147  -0.00010875
  49    0.0000267  -0.00017012
  50    0.0000000  -0.00000096
  51    0.0000332  -0.00015889
  52    0.0000218  -0.00015078
  53    0.0000141  -0.00010613
  54    0.0000233  -0.00014883
  55    0.0000000  -0.00000086
  56    0.0000184  -0.00012906
  57    0.0000191  -0.00013392
  58    0.0000111  -0.00004461
  59    0.0000167  -0.00013693
  60    0.0000000  -0.00000081
  61    0.0000161  -0.00010683
  62    0.0000169  -0.00012164
  63    0.0000069  -0.00000870
  64    0.0000159  -0.00012321
  65    0.0000000  -0.00000063
  66    0.0000154  -0.00009508
  67    0.0000167  -0.00012616
  68    0.0000045  -0.00001603
  69    0.0000158  -0.00012589
  70    0.0000000  -0.00000051
  71    0.0000124  -0.00006187
  72    0.0000155  -0.00012228
  73    0.0000040  -0.00001491
  74    0.0000152  -0.00011963
  75    0.0000000  -0.00000069
  76    0.0000111  -0.00004830
  77    0.0000147  -0.00012292
  78    0.0000018  -0.00001139
  79    0.0000117  -0.00006364
  80    0.0000000  -0.00000042
  81    0.0000094  -0.00004205
  82    0.0000086  -0.00004537
  83    0.0000013  -0.00000412
  84    0.0000074  -0.00004913
  85    0.0000000  -0.00000030
 
----------------
 Final Energies 
----------------
Final NOF Total Energy =    -100.3896374
 
Total Orbital Internal Iterations = 10
Total Occupation Internal Iterations = 0
 
Elapsed time:   27.10 Seconds

---------------------------------
   Lowdin Population Analysis    
---------------------------------
 Idx  Atom   Population   Charge 
---------------------------------
  1     F     8.634       0.366
  2     H     1.366      -0.366

---------------------------------
   M Diagnostic: 0.03
---------------------------------

