Computing Integrals
Basis Set                                            = def2-qzvp
Auxiliary Basis Set                                  = def2-universal-jkfit
Gaussian Type                                        = Spherical
Elapsed time:    2.04 Seconds

Number of basis functions                   (NBF)    = 121
Number of auxiliary basis functions         (NBFAUX) = 240
Inactive Doubly occupied orbitals up to     (NO1)    = 0
No. considered Strongly Doubly occupied MOs (NDOC)   = 14
No. considered Strongly Singly occupied MOs (NSOC)   = 0
NO. of Weakly occ. per St. Doubly occ.  MOs (NCWO)   = 7
Dimension of the Nat. Orb. subspace         (NBF5)   = 112
No. of electrons                                     = 28
    No. of alpha electrons                           = 14
    No. of beta electrons                            = 14
Multiplicity                                         = 1

Geometry
========
Mg       0.0000000       0.0000000      -1.0662361
 S       0.0000000       0.0000000       1.0662361

No violations of the orthonormality
No violations of the orthonormality
 
PNOF8/ADABelief Calculation
==================
 
  Nitext  Nit_orb  Time   Nit_occ  Time         Eelec          Etot           Ediff      maxdiff    MaxGrad_orb  Grad_occ
     1      10    1.0e+01    0    1.2e+01  -645.52396359  -597.87888005 -10644.52396359   0.001179   4.7e-03   2.5e-04 0.03
     2      30    3.4e+00    0    3.9e-02  -645.52396359  -597.87888005     0.00000000   0.001179   4.7e-03   2.5e-04 0.03
     3      50    5.4e+00    0    1.1e-02  -645.52396359  -597.87888005     0.00000000   0.001179   4.7e-03   2.5e-04 0.03
     4      70    7.9e+00    0    5.4e-02  -645.52397660  -597.87889305    -0.00001301   0.001061   4.2e-03   2.6e-04 0.03
     5      80    1.0e+01    0    3.8e-02  -645.52397681  -597.87889326    -0.00000021   0.000783   3.1e-03   2.5e-04 0.03
 
RESULTS OF THE OCCUPATION OPTIMIZATION
========================================
   1    1.9999991  -73.97292705
   2    1.9999988  -67.10075061
   3    1.9997564  -8.89740057
   4    1.9990317  -6.58552413
   5    1.9985829  -6.58004080
   6    1.9971205  -5.36318078
   7    1.9963851  -5.07433029
   8    1.9930038  -2.37542026
   9    1.9914772  -2.37205295
  10    1.9906257  -2.35712402
  11    1.9802094  -0.84914944
  12    1.9679207  -0.36278910
  13    1.9693828  -0.32625149
  14    1.9668558  -0.32584603
  15    0.0111693  -0.01993905
  16    0.0128645  -0.02183600
  17    0.0305689  -0.03805969
  18    0.0076091  -0.02751605
  19    0.0030344  -0.01349099
  20    0.0050998  -0.02746901
  21    0.0032079  -0.01404204
  22    0.0013535  -0.01136735
  23    0.0014266  -0.01288251
  24    0.0007316  -0.01144856
  25    0.0006856  -0.01023171
  26    0.0001081  -0.00109342
  27    0.0000003  -0.00000547
  28    0.0000001  -0.00000153
  29    0.0076682  -0.01269001
  30    0.0087500  -0.01373360
  31    0.0007302  -0.00124757
  32    0.0046154  -0.01355975
  33    0.0029110  -0.01415182
  34    0.0029262  -0.01409999
  35    0.0030824  -0.01458494
  36    0.0011862  -0.00862490
  37    0.0013130  -0.00941187
  38    0.0006545  -0.01194630
  39    0.0002360  -0.00353269
  40    0.0000939  -0.00330691
  41    0.0000002  -0.00000405
  42    0.0000001  -0.00000144
  43    0.0072130  -0.01166722
  44    0.0068845  -0.01245547
  45    0.0003698  -0.00076182
  46    0.0041599  -0.01240338
  47    0.0028934  -0.01419556
  48    0.0001783  -0.00080318
  49    0.0004159  -0.00625779
  50    0.0009842  -0.00756408
  51    0.0000657  -0.00117739
  52    0.0000117  -0.00010979
  53    0.0000193  -0.00078218
  54    0.0000217  -0.00013820
  55    0.0000002  -0.00000304
  56    0.0000001  -0.00000136
  57    0.0064202  -0.01130311
  58    0.0006368  -0.00121556
  59    0.0001245  -0.00028878
  60    0.0020323  -0.00878196
  61    0.0001816  -0.00083769
  62    0.0001679  -0.00092508
  63    0.0001832  -0.00090158
  64    0.0000433  -0.00097062
  65    0.0000268  -0.00032326
  66    0.0000082  -0.00023025
  67    0.0000103  -0.00024395
  68    0.0000086  -0.00027001
  69    0.0000002  -0.00000235
  70    0.0000001  -0.00000088
  71    0.0002787  -0.00061098
  72    0.0006174  -0.00122989
  73    0.0001102  -0.00025183
  74    0.0004863  -0.00130120
  75    0.0001681  -0.00076212
  76    0.0000876  -0.00049649
  77    0.0000402  -0.00016763
  78    0.0000170  -0.00009400
  79    0.0000168  -0.00010169
  80    0.0000049  -0.00003227
  81    0.0000075  -0.00006788
  82    0.0000054  -0.00004613
  83    0.0000002  -0.00000233
  84    0.0000001  -0.00000085
  85    0.0002195  -0.00055547
  86    0.0006091  -0.00120458
  87    0.0000998  -0.00022503
  88    0.0004719  -0.00133590
  89    0.0001532  -0.00107139
  90    0.0000325  -0.00014651
  91    0.0000334  -0.00015834
  92    0.0000163  -0.00013516
  93    0.0000157  -0.00025293
  94    0.0000036  -0.00002143
  95    0.0000060  -0.00031142
  96    0.0000035  -0.00017891
  97    0.0000002  -0.00000180
  98    0.0000001  -0.00000086
  99    0.0001752  -0.00043908
 100    0.0002549  -0.00060594
 101    0.0000758  -0.00016695
 102    0.0004159  -0.00110844
 103    0.0000326  -0.00014759
 104    0.0000304  -0.00014187
 105    0.0000333  -0.00015146
 106    0.0000143  -0.00009452
 107    0.0000150  -0.00009674
 108    0.0000026  -0.00005980
 109    0.0000036  -0.00017592
 110    0.0000024  -0.00009994
 111    0.0000002  -0.00000179
 112    0.0000001  -0.00000069
 
----------------
 Final Energies 
----------------
Final NOF Total Energy =    -597.8788933
 
Total Orbital Internal Iterations = 240
Total Occupation Internal Iterations = 0
 
Elapsed time:   55.92 Seconds

---------------------------------
   Lowdin Population Analysis    
---------------------------------
 Idx  Atom   Population   Charge 
---------------------------------
  1    Mg    12.009      -0.009
  2     S    15.991       0.009

---------------------------------
   M Diagnostic: 0.03
---------------------------------

