Computing Integrals
Basis Set                                            = def2-qzvp
Auxiliary Basis Set                                  = def2-universal-jkfit
Gaussian Type                                        = Spherical
Elapsed time:    1.55 Seconds

Number of basis functions                   (NBF)    = 56
Number of auxiliary basis functions         (NBFAUX) = 160
Inactive Doubly occupied orbitals up to     (NO1)    = 0
No. considered Strongly Doubly occupied MOs (NDOC)   = 10
No. considered Strongly Singly occupied MOs (NSOC)   = 0
NO. of Weakly occ. per St. Doubly occ.  MOs (NCWO)   = 4
Dimension of the Nat. Orb. subspace         (NBF5)   = 50
No. of electrons                                     = 20
    No. of alpha electrons                           = 10
    No. of beta electrons                            = 10
Multiplicity                                         = 1

Geometry
========
Ca       0.0000000       0.0000000       0.0000000

No violations of the orthonormality
No violations of the orthonormality
 
PNOF8/ADAM Calculation
==================
 
  Nitext  Nit_orb  Time   Nit_occ  Time         Eelec          Etot           Ediff      maxdiff    MaxGrad_orb  Grad_occ
     1      10    9.0e+00   37    1.2e+01  -660.09740706  -660.09740706 -10659.09740706   3.439610   1.4e+01   1.9e-04 0.02
     2      10    3.4e-02   57    3.2e-02  -666.35670428  -666.35670428    -6.25929722   2.754198   2.4e+01   1.4e-01 0.10
     3      10    1.8e-02   55    2.4e-02  -673.44010529  -673.44010529    -7.08340102   1.205231   4.8e+00   2.6e-04 0.02
     4      10    1.7e-02   22    1.4e-02  -675.35795359  -675.35795359    -1.91784830   0.910270   3.6e+00   2.2e-04 0.03
     5      10    1.5e-02   33    1.4e-02  -676.11449993  -676.11449993    -0.75654634   0.539999   2.2e+00   1.6e-04 0.03
     6      10    1.7e-02   22    1.0e-02  -676.49454365  -676.49454365    -0.38004372   0.343527   1.4e+00   1.8e-04 0.03
     7      10    1.5e-02   15    9.9e-03  -676.70076347  -676.70076347    -0.20621982   0.317885   1.3e+00   2.0e-04 0.03
     8      10    4.1e-02   14    9.8e-03  -676.75505238  -676.75505238    -0.05428891   0.283615   1.1e+00   2.0e-04 0.03
     9      10    1.5e-02   13    7.0e-03  -676.82717839  -676.82717839    -0.07212602   0.264008   1.1e+00   1.7e-04 0.03
    10      10    1.4e-02   12    8.8e-03  -676.85024169  -676.85024169    -0.02306330   0.237582   9.5e-01   2.0e-04 0.03
    11      10    1.6e-02   15    1.2e-02  -676.88611461  -676.88611461    -0.03587292   0.257154   1.0e+00   2.2e-04 0.03
    12      10    1.7e-02    5    4.2e-03  -676.88839833  -676.88839833    -0.00228372   0.285978   1.1e+00   2.5e-04 0.03
    13      10    1.6e-02    9    1.1e-02  -676.89185309  -676.89185309    -0.00345476   0.269730   1.1e+00   1.9e-04 0.03
    14      10    1.6e-02    7    6.2e-03  -676.91308075  -676.91308075    -0.02122766   0.276234   1.1e+00   1.8e-04 0.03
    15      10    1.5e-02    9    5.7e-03  -676.91559789  -676.91559789    -0.00251714   0.244077   9.8e-01   1.7e-04 0.03
    16      10    1.4e-02    7    6.7e-03  -676.93641181  -676.93641181    -0.02081392   0.233341   9.3e-01   1.3e-04 0.03
    17      10    1.5e-02    3    4.9e-03  -676.94131135  -676.94131135    -0.00489954   0.263838   1.1e+00   1.7e-04 0.03
    18      10    1.5e-02    5    2.7e-03  -676.95469697  -676.95469697    -0.01338562   0.239051   9.6e-01   2.1e-04 0.03
    19      10    1.5e-02    0    9.4e-04  -676.95472712  -676.95472712    -0.00003015   0.239051   9.6e-01   2.1e-04 0.03
    20      30    4.3e-02    5    2.7e-03  -677.00363477  -677.00363477    -0.04890765   0.025067   1.0e-01   1.6e-04 0.03
    21      30    3.7e-02    5    4.2e-03  -677.01744335  -677.01744335    -0.01380859   0.017383   7.0e-02   1.8e-04 0.03
    22      30    3.8e-02    1    1.5e-03  -677.02843809  -677.02843809    -0.01099474   0.014545   5.8e-02   1.6e-04 0.03
    23      30    3.9e-02    3    2.4e-03  -677.04004382  -677.04004382    -0.01160573   0.018126   7.3e-02   1.4e-04 0.03
    24      30    4.1e-02    1    1.5e-03  -677.05312918  -677.05312918    -0.01308536   0.020053   8.0e-02   1.5e-04 0.03
    25      30    4.1e-02    5    2.7e-03  -677.06663514  -677.06663514    -0.01350596   0.026108   1.0e-01   1.3e-04 0.03
    26      30    3.9e-02    5    3.0e-03  -677.08365489  -677.08365489    -0.01701975   0.030782   1.2e-01   1.4e-04 0.03
    27      30    3.6e-02    1    1.3e-03  -677.10191360  -677.10191360    -0.01825871   0.029633   1.2e-01   1.4e-04 0.03
    28      30    4.1e-02    4    5.0e-03  -677.12370569  -677.12370569    -0.02179209   0.031740   1.3e-01   1.5e-04 0.03
    29      30    4.0e-02    1    1.3e-03  -677.14529971  -677.14529971    -0.02159402   0.034703   1.4e-01   1.7e-04 0.03
    30      30    3.9e-02    4    5.7e-03  -677.16129852  -677.16129852    -0.01599881   0.030322   1.2e-01   1.7e-04 0.03
    31      30    4.2e-02    1    1.3e-03  -677.17194310  -677.17194310    -0.01064458   0.025750   1.0e-01   2.1e-04 0.03
    32      30    3.6e-02    4    5.7e-03  -677.17930413  -677.17930413    -0.00736103   0.024626   9.9e-02   1.8e-04 0.03
    33      30    4.1e-02    1    1.4e-03  -677.18472023  -677.18472023    -0.00541610   0.021586   8.6e-02   2.3e-04 0.03
    34      30    3.7e-02    4    2.3e-03  -677.18842578  -677.18842578    -0.00370555   0.017484   7.0e-02   1.7e-04 0.03
    35      30    4.2e-02    6    6.1e-03  -677.19134747  -677.19134747    -0.00292168   0.015253   6.1e-02   1.9e-04 0.03
    36      30    4.1e-02    3    2.0e-03  -677.19347218  -677.19347218    -0.00212472   0.011211   4.5e-02   1.9e-04 0.03
    37      30    4.0e-02    0    9.8e-04  -677.19482372  -677.19482372    -0.00135154   0.008321   3.3e-02   2.3e-04 0.03
    38      40    5.6e-02    3    2.0e-03  -677.19583710  -677.19583710    -0.00101337   0.005934   2.4e-02   7.9e-05 0.03
    39      40    5.2e-02    0    9.1e-04  -677.19627811  -677.19627811    -0.00044102   0.004337   1.7e-02   1.6e-04 0.03
    40      50    6.1e-02    3    3.7e-03  -677.19646181  -677.19646181    -0.00018369   0.002663   1.1e-02   1.4e-04 0.03
 
RESULTS OF THE OCCUPATION OPTIMIZATION
========================================
   1    1.9999998  -149.36776315
   2    1.9999841  -16.84660046
   3    1.9999687  -13.63109539
   4    1.9999739  -13.63104638
   5    1.9999038  -13.63100317
   6    1.9831858  -2.25682746
   7    1.9741435  -1.11451932
   8    1.9730589  -1.08011385
   9    1.9730323  -1.07829070
  10    1.9718970  -1.00482418
  11    0.0229005  -0.03892488
  12    0.0212353  -0.03840729
  13    0.0212305  -0.03842115
  14    0.0234018  -0.04100736
  15    0.0103702  -0.03091837
  16    0.0000904  -0.00506457
  17    0.0000164  -0.00120283
  18    0.0000122  -0.00028602
  19    0.0000115  -0.00041845
  20    0.0000001  -0.00000122
  21    0.0048599  -0.00880908
  22    0.0044094  -0.00850414
  23    0.0044092  -0.00850480
  24    0.0012227  -0.00303110
  25    0.0051415  -0.03216921
  26    0.0000031  -0.00003780
  27    0.0000051  -0.00009361
  28    0.0000099  -0.00009617
  29    0.0000022  -0.00003133
  30    0.0000001  -0.00000088
  31    0.0002239  -0.00040734
  32    0.0011022  -0.00277276
  33    0.0011105  -0.00277776
  34    0.0011066  -0.00268937
  35    0.0006885  -0.00259147
  36    0.0000015  -0.00002531
  37    0.0000027  -0.00003492
  38    0.0000056  -0.00047000
  39    0.0000011  -0.00000450
  40    0.0000000  -0.00000060
  41    0.0001187  -0.00027057
  42    0.0002208  -0.00040687
  43    0.0001909  -0.00037726
  44    0.0001254  -0.00028004
  45    0.0006140  -0.00928285
  46    0.0000013  -0.00001506
  47    0.0000019  -0.00002863
  48    0.0000036  -0.00005936
  49    0.0000011  -0.00000449
  50    0.0000000  -0.00000058
 
----------------
 Final Energies 
----------------
Final NOF Total Energy =    -677.1964618
 
Total Orbital Internal Iterations = 860
Total Occupation Internal Iterations = 400
 
Elapsed time:   28.63 Seconds

---------------------------------
   Lowdin Population Analysis    
---------------------------------
 Idx  Atom   Population   Charge 
---------------------------------
  1    Ca    20.000       0.000

---------------------------------
   M Diagnostic: 0.03
---------------------------------

