Computing Integrals
Basis Set                                            = def2-qzvp
Auxiliary Basis Set                                  = def2-universal-jkfit
Gaussian Type                                        = Spherical
Elapsed time:    1.63 Seconds

Number of basis functions                   (NBF)    = 87
Number of auxiliary basis functions         (NBFAUX) = 95
Inactive Doubly occupied orbitals up to     (NO1)    = 0
No. considered Strongly Doubly occupied MOs (NDOC)   = 5
No. considered Strongly Singly occupied MOs (NSOC)   = 0
NO. of Weakly occ. per St. Doubly occ.  MOs (NCWO)   = 16
Dimension of the Nat. Orb. subspace         (NBF5)   = 85
No. of electrons                                     = 10
    No. of alpha electrons                           = 5
    No. of beta electrons                            = 5
Multiplicity                                         = 1

Geometry
========
 F       0.0000000       0.0000000       0.4576912
 H       0.0000000       0.0000000      -0.4576912

No violations of the orthonormality
No violations of the orthonormality
 
PNOF8/ADABelief Calculation
==================
 
  Nitext  Nit_orb  Time   Nit_occ  Time         Eelec          Etot           Ediff      maxdiff    MaxGrad_orb  Grad_occ
     1      10    9.1e+00    0    1.2e+01  -105.59723587  -100.39439941 -10104.59723587   0.000956   3.8e-03   1.6e-04 0.02
 
RESULTS OF THE OCCUPATION OPTIMIZATION
========================================
   1    1.9999868  -26.34049901
   2    1.9864484  -1.60486283
   3    1.9729078  -0.85929335
   4    1.9807935  -0.70156699
   5    1.9783082  -0.70078541
   6    0.0111194  -0.02118140
   7    0.0120123  -0.02192281
   8    0.0222295  -0.03740436
   9    0.0074166  -0.02318344
  10    0.0000119  -0.00047106
  11    0.0042459  -0.01027033
  12    0.0045705  -0.01022789
  13    0.0038103  -0.00915419
  14    0.0034140  -0.00977761
  15    0.0000005  -0.00005027
  16    0.0042040  -0.01020719
  17    0.0008686  -0.00308196
  18    0.0003478  -0.00117583
  19    0.0007640  -0.00317940
  20    0.0000003  -0.00000980
  21    0.0013420  -0.00485853
  22    0.0006592  -0.00503226
  23    0.0002846  -0.00109571
  24    0.0005223  -0.00214144
  25    0.0000001  -0.00000179
  26    0.0002748  -0.00103374
  27    0.0003410  -0.00126441
  28    0.0002826  -0.00108780
  29    0.0003995  -0.00151217
  30    0.0000001  -0.00000130
  31    0.0002676  -0.00099591
  32    0.0002855  -0.00106203
  33    0.0000441  -0.00013362
  34    0.0002777  -0.00119878
  35    0.0000000  -0.00000119
  36    0.0000756  -0.00031760
  37    0.0001763  -0.00078208
  38    0.0000277  -0.00009855
  39    0.0002711  -0.00121459
  40    0.0000000  -0.00000109
  41    0.0000359  -0.00014876
  42    0.0000987  -0.00043388
  43    0.0000162  -0.00015237
  44    0.0002698  -0.00119534
  45    0.0000000  -0.00000092
  46    0.0000305  -0.00016813
  47    0.0000693  -0.00032418
  48    0.0000145  -0.00013906
  49    0.0000917  -0.00146587
  50    0.0000000  -0.00000083
  51    0.0000189  -0.00011530
  52    0.0000265  -0.00016875
  53    0.0000109  -0.00005840
  54    0.0000368  -0.00018202
  55    0.0000000  -0.00000076
  56    0.0000169  -0.00011472
  57    0.0000196  -0.00014224
  58    0.0000079  -0.00004429
  59    0.0000188  -0.00013355
  60    0.0000000  -0.00000079
  61    0.0000162  -0.00011312
  62    0.0000186  -0.00012520
  63    0.0000053  -0.00000805
  64    0.0000173  -0.00013078
  65    0.0000000  -0.00000067
  66    0.0000139  -0.00008701
  67    0.0000182  -0.00012418
  68    0.0000034  -0.00001546
  69    0.0000169  -0.00013051
  70    0.0000000  -0.00000051
  71    0.0000114  -0.00005390
  72    0.0000178  -0.00012736
  73    0.0000028  -0.00001160
  74    0.0000157  -0.00012477
  75    0.0000000  -0.00000058
  76    0.0000111  -0.00005630
  77    0.0000157  -0.00012595
  78    0.0000025  -0.00001331
  79    0.0000112  -0.00007113
  80    0.0000000  -0.00000056
  81    0.0000076  -0.00003564
  82    0.0000088  -0.00004925
  83    0.0000021  -0.00000579
  84    0.0000081  -0.00005401
  85    0.0000000  -0.00000048
 
----------------
 Final Energies 
----------------
Final NOF Total Energy =    -100.3943994
 
Total Orbital Internal Iterations = 10
Total Occupation Internal Iterations = 0
 
Elapsed time:   27.11 Seconds

---------------------------------
   Lowdin Population Analysis    
---------------------------------
 Idx  Atom   Population   Charge 
---------------------------------
  1     F     8.510       0.490
  2     H     1.490      -0.490

---------------------------------
   M Diagnostic: 0.02
---------------------------------

