Computing Integrals
Basis Set                                            = def2-qzvp
Auxiliary Basis Set                                  = def2-universal-jkfit
Gaussian Type                                        = Spherical
Elapsed time:    1.89 Seconds

Number of basis functions                   (NBF)    = 174
Number of auxiliary basis functions         (NBFAUX) = 190
Inactive Doubly occupied orbitals up to     (NO1)    = 0
No. considered Strongly Doubly occupied MOs (NDOC)   = 9
No. considered Strongly Singly occupied MOs (NSOC)   = 0
NO. of Weakly occ. per St. Doubly occ.  MOs (NCWO)   = 18
Dimension of the Nat. Orb. subspace         (NBF5)   = 171
No. of electrons                                     = 18
    No. of alpha electrons                           = 9
    No. of beta electrons                            = 9
Multiplicity                                         = 1

Geometry
========
 O       0.0402907      -0.7150390      -0.2337508
 O      -0.0402907       0.7150390      -0.2337508
 H      -0.7702468      -0.9380581       0.2337569
 H       0.7702468       0.9380581       0.2337569

No violations of the orthonormality
No violations of the orthonormality
 
PNOF8/ADABelief Calculation
==================
 
  Nitext  Nit_orb  Time   Nit_occ  Time         Eelec          Etot           Ediff      maxdiff    MaxGrad_orb  Grad_occ
     1      10    1.1e+01    0    1.2e+01  -188.65324499  -151.45256285 -10187.65324499   0.000498   2.0e-03   1.9e-04 0.04
 
RESULTS OF THE OCCUPATION OPTIMIZATION
========================================
   1    1.9999800  -20.65166277
   2    1.9999800  -20.65148692
   3    1.9865929  -1.46822302
   4    1.9840480  -1.19361461
   5    1.9723676  -0.72532518
   6    1.9723450  -0.72409743
   7    1.9611588  -0.68931343
   8    1.9775300  -0.63507245
   9    1.9769484  -0.59115746
  10    0.0106675  -0.01851745
  11    0.0105762  -0.01855780
  12    0.0388050  -0.06558394
  13    0.0212988  -0.03182236
  14    0.0212652  -0.03184852
  15    0.0061644  -0.01697747
  16    0.0069222  -0.01989191
  17    0.0000156  -0.00056417
  18    0.0000155  -0.00055497
  19    0.0047915  -0.00951302
  20    0.0047167  -0.00938344
  21    0.0000071  -0.00003796
  22    0.0037488  -0.00770690
  23    0.0037220  -0.00768246
  24    0.0036589  -0.00865884
  25    0.0022468  -0.00621434
  26    0.0000021  -0.00003453
  27    0.0000024  -0.00004019
  28    0.0044600  -0.00896791
  29    0.0043669  -0.00884673
  30    0.0000051  -0.00003493
  31    0.0017184  -0.00452274
  32    0.0016952  -0.00449164
  33    0.0030485  -0.00832388
  34    0.0011491  -0.00475120
  35    0.0000012  -0.00001817
  36    0.0000013  -0.00001993
  37    0.0012499  -0.00401815
  38    0.0006934  -0.00275879
  39    0.0000044  -0.00002871
  40    0.0004337  -0.00125334
  41    0.0004430  -0.00127660
  42    0.0007246  -0.00305122
  43    0.0007392  -0.00353204
  44    0.0000006  -0.00004123
  45    0.0000004  -0.00004569
  46    0.0005234  -0.00155769
  47    0.0005141  -0.00149772
  48    0.0000029  -0.00001960
  49    0.0000860  -0.00036120
  50    0.0002066  -0.00072174
  51    0.0006963  -0.00278402
  52    0.0005799  -0.00235709
  53    0.0000001  -0.00000916
  54    0.0000001  -0.00000267
  55    0.0003617  -0.00110650
  56    0.0003672  -0.00109719
  57    0.0000023  -0.00001490
  58    0.0000757  -0.00034827
  59    0.0000790  -0.00037732
  60    0.0005039  -0.00251374
  61    0.0005447  -0.00307882
  62    0.0000001  -0.00000151
  63    0.0000001  -0.00000139
  64    0.0002607  -0.00083615
  65    0.0002849  -0.00091762
  66    0.0000021  -0.00001147
  67    0.0000725  -0.00031289
  68    0.0000546  -0.00023606
  69    0.0002975  -0.00114655
  70    0.0003501  -0.00127827
  71    0.0000000  -0.00000095
  72    0.0000000  -0.00000086
  73    0.0002543  -0.00082410
  74    0.0002802  -0.00090235
  75    0.0000018  -0.00001044
  76    0.0000568  -0.00026511
  77    0.0000348  -0.00012921
  78    0.0002700  -0.00117593
  79    0.0002639  -0.00097466
  80    0.0000000  -0.00000093
  81    0.0000000  -0.00000079
  82    0.0001959  -0.00068682
  83    0.0002089  -0.00070668
  84    0.0000018  -0.00001147
  85    0.0000366  -0.00015368
  86    0.0000299  -0.00014543
  87    0.0001890  -0.00085511
  88    0.0002516  -0.00095966
  89    0.0000000  -0.00000066
  90    0.0000000  -0.00000076
  91    0.0001237  -0.00056226
  92    0.0001570  -0.00062584
  93    0.0000016  -0.00000911
  94    0.0000312  -0.00014708
  95    0.0000210  -0.00010369
  96    0.0001644  -0.00070817
  97    0.0001639  -0.00124834
  98    0.0000000  -0.00000064
  99    0.0000000  -0.00000067
 100    0.0000356  -0.00015620
 101    0.0000882  -0.00036787
 102    0.0000013  -0.00000748
 103    0.0000222  -0.00009825
 104    0.0000174  -0.00009848
 105    0.0000978  -0.00072499
 106    0.0000534  -0.00039754
 107    0.0000000  -0.00000065
 108    0.0000000  -0.00000055
 109    0.0000244  -0.00013118
 110    0.0000627  -0.00030353
 111    0.0000012  -0.00000643
 112    0.0000175  -0.00009407
 113    0.0000164  -0.00009105
 114    0.0000384  -0.00018106
 115    0.0000312  -0.00017004
 116    0.0000000  -0.00000057
 117    0.0000000  -0.00000049
 118    0.0000203  -0.00011768
 119    0.0000394  -0.00017819
 120    0.0000010  -0.00000559
 121    0.0000125  -0.00006719
 122    0.0000099  -0.00006791
 123    0.0000231  -0.00014562
 124    0.0000241  -0.00014468
 125    0.0000000  -0.00000055
 126    0.0000000  -0.00000053
 127    0.0000199  -0.00011782
 128    0.0000302  -0.00014890
 129    0.0000009  -0.00000506
 130    0.0000120  -0.00007062
 131    0.0000093  -0.00005349
 132    0.0000192  -0.00012037
 133    0.0000218  -0.00013115
 134    0.0000000  -0.00000046
 135    0.0000000  -0.00000041
 136    0.0000178  -0.00009801
 137    0.0000264  -0.00014392
 138    0.0000009  -0.00000483
 139    0.0000092  -0.00005404
 140    0.0000083  -0.00004822
 141    0.0000165  -0.00010606
 142    0.0000206  -0.00012613
 143    0.0000000  -0.00000045
 144    0.0000000  -0.00000042
 145    0.0000170  -0.00009924
 146    0.0000232  -0.00013445
 147    0.0000007  -0.00000415
 148    0.0000085  -0.00004892
 149    0.0000081  -0.00004219
 150    0.0000153  -0.00009186
 151    0.0000171  -0.00010415
 152    0.0000000  -0.00000037
 153    0.0000000  -0.00000033
 154    0.0000144  -0.00007660
 155    0.0000174  -0.00009842
 156    0.0000005  -0.00000343
 157    0.0000081  -0.00004052
 158    0.0000067  -0.00003827
 159    0.0000134  -0.00008517
 160    0.0000149  -0.00009020
 161    0.0000000  -0.00000030
 162    0.0000000  -0.00000029
 163    0.0000133  -0.00007038
 164    0.0000170  -0.00009569
 165    0.0000005  -0.00000313
 166    0.0000065  -0.00004143
 167    0.0000051  -0.00003709
 168    0.0000108  -0.00006903
 169    0.0000127  -0.00007691
 170    0.0000000  -0.00000024
 171    0.0000000  -0.00000023
 
----------------
 Final Energies 
----------------
Final NOF Total Energy =    -151.4525628
 
Total Orbital Internal Iterations = 10
Total Occupation Internal Iterations = 0
 
Elapsed time:   29.03 Seconds

---------------------------------
   Lowdin Population Analysis    
---------------------------------
 Idx  Atom   Population   Charge 
---------------------------------
  1     O     7.620       0.380
  2     O     7.620       0.380
  3     H     1.380      -0.380
  4     H     1.380      -0.380

---------------------------------
   M Diagnostic: 0.04
---------------------------------

