Computing Integrals
Basis Set                                            = def2-qzvp
Auxiliary Basis Set                                  = def2-universal-jkfit
Gaussian Type                                        = Spherical
Elapsed time:    1.60 Seconds

Number of basis functions                   (NBF)    = 114
Number of auxiliary basis functions         (NBFAUX) = 154
Inactive Doubly occupied orbitals up to     (NO1)    = 0
No. considered Strongly Doubly occupied MOs (NDOC)   = 8
No. considered Strongly Singly occupied MOs (NSOC)   = 1
NO. of Weakly occ. per St. Doubly occ.  MOs (NCWO)   = 13
Dimension of the Nat. Orb. subspace         (NBF5)   = 113
No. of electrons                                     = 17
    No. of alpha electrons                           = 9
    No. of beta electrons                            = 8
Multiplicity                                         = 2

Geometry
========
 O       0.0000000       0.0000000       0.6774772
 O       0.0000000       0.0000000      -0.6774772

No violations of the orthonormality
No violations of the orthonormality
 
PNOF8/ADAM Calculation
==================
 
  Nitext  Nit_orb  Time   Nit_occ  Time         Eelec          Etot           Ediff      maxdiff    MaxGrad_orb  Grad_occ
     1      10    9.8e+00   37    1.2e+01  -164.48348482  -139.48834657 -10163.48348482   4.879205   2.0e+01   1.7e-04 0.02
     2      10    7.8e-01   55    5.4e-01  -169.88722666  -144.89208842    -5.40374185   0.544371   2.2e+00   1.7e-04 0.04
     3      10    1.2e+00   34    2.0e-01  -172.90286600  -147.90772775    -3.01563934   0.275359   1.1e+00   2.0e-04 0.04
     4      10    1.4e+00   32    3.5e-01  -173.96885756  -148.97371931    -1.06599156   0.197311   7.9e-01   1.8e-04 0.04
     5      10    9.1e-01   24    2.8e-01  -174.44290588  -149.44776763    -0.47404832   0.162580   6.5e-01   2.3e-04 0.03
     6      10    1.0e+00   25    2.4e-01  -174.63998128  -149.64484304    -0.19707541   0.161906   6.5e-01   1.8e-04 0.03
     7      10    1.2e+00   18    1.7e-01  -174.76425221  -149.76911396    -0.12427093   0.167449   6.7e-01   2.2e-04 0.03
     8      10    1.1e+00   14    1.8e-01  -174.85446504  -149.85932680    -0.09021283   0.167012   6.7e-01   2.2e-04 0.03
     9      10    9.8e-01   12    1.7e-01  -174.90782755  -149.91268931    -0.05336251   0.160144   6.4e-01   2.6e-04 0.03
    10      10    9.5e-01   10    1.5e-01  -174.96692851  -149.97179027    -0.05910096   0.135755   5.4e-01   2.7e-04 0.03
    11      10    1.1e+00    7    4.9e-02  -174.99808627  -150.00294802    -0.03115775   0.163791   6.6e-01   2.7e-04 0.03
    12      10    1.2e+00    7    4.6e-02  -175.03672957  -150.04159133    -0.03864330   0.230816   9.2e-01   3.0e-04 0.03
    13      10    1.0e+00   11    1.7e-01  -175.07510204  -150.07996379    -0.03837246   0.161792   6.5e-01   2.5e-04 0.03
    14      10    1.5e+00    7    1.2e-01  -175.08537719  -150.09023894    -0.01027515   0.259593   1.0e+00   2.2e-04 0.04
    15      10    1.2e+00   17    2.0e-01  -175.10510758  -150.10996934    -0.01973039   0.155742   6.2e-01   1.7e-04 0.04
    16      10    1.0e+00    9    1.3e-01  -175.12308706  -150.12794882    -0.01797948   0.138428   5.5e-01   1.7e-04 0.04
    17      10    1.3e+00    7    1.5e-01  -175.14009471  -150.14495646    -0.01700765   0.129260   5.2e-01   1.8e-04 0.04
    18      10    9.8e-01    7    1.5e-01  -175.15837155  -150.16323331    -0.01827684   0.178678   7.1e-01   1.9e-04 0.04
    19      10    1.1e+00    9    1.4e-01  -175.16932841  -150.17419017    -0.01095686   0.163677   6.5e-01   2.2e-04 0.04
    20      10    1.2e+00    4    1.0e-01  -175.17578361  -150.18064536    -0.00645519   0.147053   5.9e-01   1.9e-04 0.04
    21      10    1.1e+00    4    1.4e-01  -175.18076146  -150.18562322    -0.00497786   0.125972   5.0e-01   2.3e-04 0.04
    22      10    9.0e-01    0    5.2e-02  -175.18079059  -150.18565235    -0.00002913   0.125972   5.0e-01   2.3e-04 0.04
    23      30    2.7e+00    7    8.3e-02  -175.19278615  -150.19764791    -0.01199556   0.004113   1.6e-02   2.0e-04 0.04
    24      30    2.9e+00    4    1.0e-01  -175.19344524  -150.19830700    -0.00065909   0.002810   1.1e-02   2.2e-04 0.04
    25      30    3.1e+00    9    1.8e-01  -175.19363244  -150.19849419    -0.00018719   0.003145   1.3e-02   1.8e-04 0.04
    26      30    3.2e+00    7    1.5e-01  -175.19388803  -150.19874979    -0.00025560   0.002582   1.0e-02   1.8e-04 0.04
    27      30    3.2e+00    9    1.3e-01  -175.19408546  -150.19894722    -0.00019743   0.002962   1.2e-02   2.0e-04 0.04
    28      30    3.1e+00    6    7.1e-02  -175.19434719  -150.19920894    -0.00026173   0.002615   1.0e-02   1.4e-04 0.04
    29      30    2.9e+00    9    1.8e-01  -175.19455395  -150.19941571    -0.00020676   0.002964   1.2e-02   1.6e-04 0.04
    30      30    3.3e+00    6    1.2e-01  -175.19478572  -150.19964747    -0.00023177   0.002784   1.1e-02   1.7e-04 0.04
    31      30    3.0e+00    6    1.2e-01  -175.19496620  -150.19982796    -0.00018049   0.002675   1.1e-02   1.6e-04 0.04
    32      30    3.2e+00    6    4.7e-02  -175.19515138  -150.20001313    -0.00018518   0.002431   9.7e-03   1.4e-04 0.04
    33      30    2.9e+00    6    9.9e-02  -175.19523207  -150.20009383    -0.00008069   0.002730   1.1e-02   1.5e-04 0.04
    34      30    2.9e+00    1    7.3e-02  -175.19536145  -150.20022320    -0.00012937   0.002217   8.9e-03   1.7e-04 0.04
    35      30    3.1e+00    0    3.1e-02  -175.19536677  -150.20022852    -0.00000532   0.003115   1.2e-02   2.8e-04 0.04
    36      40    4.0e+00    6    1.2e-01  -175.19549798  -150.20035974    -0.00013122   0.001256   5.0e-03   1.9e-04 0.04
    37      40    3.4e+00    7    1.5e-01  -175.19552574  -150.20038749    -0.00002775   0.001625   6.5e-03   1.2e-04 0.04
    38      40    4.0e+00    1    8.6e-02  -175.19558528  -150.20044703    -0.00005954   0.001571   6.3e-03   1.4e-04 0.04
    39      40    4.1e+00    0    1.2e-02  -175.19558919  -150.20045095    -0.00000392   0.001717   6.9e-03   2.1e-04 0.04
    40      50    4.9e+00    6    1.2e-01  -175.19563922  -150.20050097    -0.00005003   0.001148   4.6e-03   1.2e-04 0.04
 
RESULTS OF THE OCCUPATION OPTIMIZATION
========================================
   1    1.9999584  -20.32001261
   2    1.9999520  -20.31976597
   3    1.9851239  -1.12260566
   4    1.9821061  -0.79525597
   5    1.9620663  -0.39086294
   6    1.9779202  -0.30784466
   7    1.9704703  -0.29895097
   8    1.9735081  -0.18662432
   9    1.0000000  -0.11992843
  10    0.0120215  -0.01665030
  11    0.0123681  -0.01511801
  12    0.0127049  -0.01728865
  13    0.0370083  -0.05685487
  14    0.0075249  -0.01723153
  15    0.0088528  -0.02113374
  16    0.0000116  -0.00047160
  17    0.0000120  -0.00049847
  18    0.0054798  -0.00902740
  19    0.0051199  -0.00729873
  20    0.0047991  -0.00801908
  21    0.0002441  -0.00075473
  22    0.0047600  -0.00907817
  23    0.0029505  -0.00784341
  24    0.0000052  -0.00008573
  25    0.0000052  -0.00008662
  26    0.0041890  -0.00741061
  27    0.0050915  -0.00734123
  28    0.0018861  -0.00442684
  29    0.0002228  -0.00073354
  30    0.0021398  -0.00524455
  31    0.0008548  -0.00282053
  32    0.0000044  -0.00007321
  33    0.0000045  -0.00007609
  34    0.0035408  -0.00680569
  35    0.0046966  -0.00723812
  36    0.0009898  -0.00275514
  37    0.0002086  -0.00068367
  38    0.0013666  -0.00355803
  39    0.0006840  -0.00543175
  40    0.0000043  -0.00007066
  41    0.0000040  -0.00006915
  42    0.0004777  -0.00137130
  43    0.0009245  -0.00243620
  44    0.0006072  -0.00223776
  45    0.0000778  -0.00032549
  46    0.0007571  -0.00495384
  47    0.0005183  -0.00164169
  48    0.0000041  -0.00006990
  49    0.0000036  -0.00006555
  50    0.0002697  -0.00087701
  51    0.0004477  -0.00114577
  52    0.0003600  -0.00094213
  53    0.0000444  -0.00024679
  54    0.0003726  -0.00118656
  55    0.0003174  -0.00103803
  56    0.0000037  -0.00006549
  57    0.0000030  -0.00005706
  58    0.0002360  -0.00077354
  59    0.0002957  -0.00084175
  60    0.0003319  -0.00091990
  61    0.0000329  -0.00009396
  62    0.0003227  -0.00098085
  63    0.0002668  -0.00091933
  64    0.0000036  -0.00006558
  65    0.0000026  -0.00005057
  66    0.0001779  -0.00060296
  67    0.0002739  -0.00076800
  68    0.0002191  -0.00075106
  69    0.0000285  -0.00008692
  70    0.0002710  -0.00087449
  71    0.0002028  -0.00075756
  72    0.0000033  -0.00006031
  73    0.0000021  -0.00004157
  74    0.0000238  -0.00013138
  75    0.0001713  -0.00054601
  76    0.0000919  -0.00072930
  77    0.0000188  -0.00010743
  78    0.0001740  -0.00072615
  79    0.0001380  -0.00147917
  80    0.0000025  -0.00004880
  81    0.0000013  -0.00001937
  82    0.0000209  -0.00012726
  83    0.0000732  -0.00033159
  84    0.0000260  -0.00014591
  85    0.0000127  -0.00008353
  86    0.0001265  -0.00106362
  87    0.0000253  -0.00015646
  88    0.0000022  -0.00004365
  89    0.0000011  -0.00001132
  90    0.0000203  -0.00012295
  91    0.0000305  -0.00010483
  92    0.0000227  -0.00013538
  93    0.0000122  -0.00008190
  94    0.0000281  -0.00015709
  95    0.0000231  -0.00013737
  96    0.0000015  -0.00003240
  97    0.0000010  -0.00000935
  98    0.0000186  -0.00010990
  99    0.0000191  -0.00009218
 100    0.0000222  -0.00013272
 101    0.0000116  -0.00008030
 102    0.0000261  -0.00014325
 103    0.0000225  -0.00012762
 104    0.0000012  -0.00001698
 105    0.0000008  -0.00001154
 106    0.0000160  -0.00009889
 107    0.0000177  -0.00009119
 108    0.0000189  -0.00010905
 109    0.0000109  -0.00007890
 110    0.0000246  -0.00013398
 111    0.0000197  -0.00011320
 112    0.0000003  -0.00003960
 113    0.0000005  -0.00003813
 
----------------
 Final Energies 
----------------
Final NOF Total Energy =    -150.2005010
 
Total Orbital Internal Iterations = 820
Total Occupation Internal Iterations = 446
 
Elapsed time:  120.19 Seconds

---------------------------------
   Lowdin Population Analysis    
---------------------------------
 Idx  Atom   Population   Charge 
---------------------------------
  1     O     8.519      -0.519
  2     O     8.481      -0.481

---------------------------------
   M Diagnostic: 0.04
---------------------------------

