Computing Integrals
Basis Set                                            = def2-qzvp
Auxiliary Basis Set                                  = def2-universal-jkfit
Gaussian Type                                        = Spherical
Elapsed time:    1.67 Seconds

Number of basis functions                   (NBF)    = 70
Number of auxiliary basis functions         (NBFAUX) = 128
Inactive Doubly occupied orbitals up to     (NO1)    = 0
No. considered Strongly Doubly occupied MOs (NDOC)   = 6
No. considered Strongly Singly occupied MOs (NSOC)   = 2
NO. of Weakly occ. per St. Doubly occ.  MOs (NCWO)   = 10
Dimension of the Nat. Orb. subspace         (NBF5)   = 68
No. of electrons                                     = 14
    No. of alpha electrons                           = 8
    No. of beta electrons                            = 6
Multiplicity                                         = 3

Geometry
========
Si       0.0000000       0.0000000       0.0000000

No violations of the orthonormality
No violations of the orthonormality
 
PNOF8/ADABelief Calculation
==================
 
  Nitext  Nit_orb  Time   Nit_occ  Time         Eelec          Etot           Ediff      maxdiff    MaxGrad_orb  Grad_occ
     1      10    9.2e+00    0    1.2e+01  -289.16362508  -289.16362508 -10288.16362508   0.000763   3.1e-03   2.0e-04 0.03
 
RESULTS OF THE OCCUPATION OPTIMIZATION
========================================
   1    1.9999971  -68.86289099
   2    1.9997933  -6.19941210
   3    1.9956313  -4.28236261
   4    1.9932146  -4.27816870
   5    1.9926022  -4.27501261
   6    1.9565491  -0.55994403
   7    1.0000000  -0.16177516
   8    1.0000000  -0.16151329
   9    0.0201600  -0.02248953
  10    0.0031172  -0.02169115
  11    0.0032476  -0.02206154
  12    0.0020404  -0.01488457
  13    0.0001996  -0.00425510
  14    0.0000016  -0.00002317
  15    0.0094518  -0.01484840
  16    0.0015528  -0.01130479
  17    0.0016441  -0.01030816
  18    0.0018852  -0.01522465
  19    0.0000058  -0.00064768
  20    0.0000004  -0.00000877
  21    0.0048712  -0.00598511
  22    0.0012921  -0.00860962
  23    0.0015946  -0.01226314
  24    0.0002727  -0.00199946
  25    0.0000003  -0.00000776
  26    0.0000001  -0.00000439
  27    0.0047964  -0.00584326
  28    0.0012317  -0.00823101
  29    0.0001377  -0.00138283
  30    0.0000405  -0.00021369
  31    0.0000002  -0.00000641
  32    0.0000001  -0.00000381
  33    0.0011283  -0.00148353
  34    0.0001158  -0.00086767
  35    0.0000407  -0.00022094
  36    0.0000375  -0.00026854
  37    0.0000002  -0.00000550
  38    0.0000001  -0.00000353
  39    0.0010974  -0.00145639
  40    0.0000272  -0.00032044
  41    0.0000407  -0.00022114
  42    0.0000340  -0.00037439
  43    0.0000002  -0.00000448
  44    0.0000001  -0.00000279
  45    0.0007860  -0.00108446
  46    0.0000266  -0.00015844
  47    0.0000318  -0.00018699
  48    0.0000245  -0.00067067
  49    0.0000001  -0.00000317
  50    0.0000001  -0.00000277
  51    0.0005422  -0.00097683
  52    0.0000219  -0.00013303
  53    0.0000281  -0.00038621
  54    0.0000151  -0.00011236
  55    0.0000001  -0.00000168
  56    0.0000001  -0.00000234
  57    0.0003090  -0.00049932
  58    0.0000064  -0.00003496
  59    0.0000101  -0.00005728
  60    0.0000103  -0.00004941
  61    0.0000001  -0.00000147
  62    0.0000001  -0.00000181
  63    0.0003086  -0.00049900
  64    0.0000060  -0.00003415
  65    0.0000100  -0.00005691
  66    0.0000086  -0.00004577
  67    0.0000001  -0.00000125
  68    0.0000001  -0.00000163
 
----------------
 Final Energies 
----------------
Final NOF Total Energy =    -289.1636251
 
Total Orbital Internal Iterations = 10
Total Occupation Internal Iterations = 0
 
Elapsed time:   27.16 Seconds

---------------------------------
   Lowdin Population Analysis    
---------------------------------
 Idx  Atom   Population   Charge 
---------------------------------
  1    Si    14.000      -0.000

---------------------------------
   M Diagnostic: 0.03
---------------------------------

