Computing Integrals
Basis Set                                            = def2-qzvp
Auxiliary Basis Set                                  = def2-universal-jkfit
Gaussian Type                                        = Spherical
Elapsed time:    3.95 Seconds

Number of basis functions                   (NBF)    = 280
Number of auxiliary basis functions         (NBFAUX) = 512
Inactive Doubly occupied orbitals up to     (NO1)    = 0
No. considered Strongly Doubly occupied MOs (NDOC)   = 32
No. considered Strongly Singly occupied MOs (NSOC)   = 0
NO. of Weakly occ. per St. Doubly occ.  MOs (NCWO)   = 7
Dimension of the Nat. Orb. subspace         (NBF5)   = 256
No. of electrons                                     = 64
    No. of alpha electrons                           = 32
    No. of beta electrons                            = 32
Multiplicity                                         = 1

Geometry
========
Al       0.0000000       0.0000000       0.0000000
Cl       1.0455398       1.8109280       0.0000000
Cl       1.0455398      -1.8109280       0.0000000
Cl      -2.0910795       0.0000000       0.0000000

No violations of the orthonormality
No violations of the orthonormality
 
PNOF8/ADAM Calculation
==================
 
  Nitext  Nit_orb  Time   Nit_occ  Time         Eelec          Etot           Ediff      maxdiff    MaxGrad_orb  Grad_occ
     1      10    1.5e+01   19    1.4e+01 -1867.03303561 -1572.57766864 -11866.03303561   2.949550   1.2e+01   2.0e-04 0.00
     2      10    5.8e+00   61    8.2e+00 -1895.45550891 -1601.00014195   -28.42247330   3.646827   1.5e+01   2.3e-04 0.01
     3      10    5.8e+00   45    6.0e+00 -1903.79721999 -1609.34185303    -8.34171108   3.947597   1.6e+01   2.2e-04 0.02
     4      10    6.2e+00   34    4.5e+00 -1906.08155249 -1611.62618553    -2.28433250   1.270108   5.1e+00   3.4e-04 0.02
     5      10    5.8e+00   45    5.7e+00 -1908.03590829 -1613.58054133    -1.95435580   0.583877   2.3e+00   3.0e-04 0.03
     6      10    6.0e+00   42    5.3e+00 -1910.29438811 -1615.83902115    -2.25847982   0.416173   1.7e+00   2.6e-04 0.03
     7      10    5.9e+00   39    5.0e+00 -1911.95171615 -1617.49634919    -1.65732804   0.508398   2.0e+00   2.8e-04 0.03
     8      10    6.0e+00   25    3.4e+00 -1912.73984450 -1618.28447754    -0.78812835   0.584765   2.3e+00   3.0e-04 0.03
     9      10    5.8e+00   24    3.3e+00 -1913.01890749 -1618.56354052    -0.27906298   0.359604   1.4e+00   3.0e-04 0.03
    10      10    5.8e+00   21    3.0e+00 -1913.78214782 -1619.32678086    -0.76324034   1.678682   6.7e+00   2.5e-04 0.03
    11      10    5.9e+00   19    2.7e+00 -1914.04381913 -1619.58845217    -0.26167131   2.599758   1.0e+01   2.6e-04 0.03
    12      10    6.0e+00   26    3.7e+00 -1914.31751901 -1619.86215205    -0.27369987   2.346589   9.4e+00   2.3e-04 0.02
    13      10    5.7e+00   16    2.4e+00 -1914.41795453 -1619.96258757    -0.10043552   1.300218   5.2e+00   3.1e-04 0.02
    14      10    6.0e+00   26    3.6e+00 -1914.47531155 -1620.01994459    -0.05735702   0.398509   1.6e+00   2.1e-04 0.02
    15      10    6.0e+00   15    2.3e+00 -1914.52455356 -1620.06918660    -0.04924201   0.390234   1.6e+00   3.2e-04 0.02
    16      10    5.8e+00   21    3.0e+00 -1914.63020399 -1620.17483703    -0.10565043   0.539776   2.2e+00   3.1e-04 0.02
    17      10    6.0e+00   24    3.4e+00 -1914.76918618 -1620.31381921    -0.13898219   0.479355   1.9e+00   2.1e-04 0.02
    18      10    5.8e+00    0    5.0e-01 -1914.76985778 -1620.31449082    -0.00067161   0.479356   1.9e+00   2.1e-04 0.02
    19      30    1.7e+01   18    2.7e+00 -1916.93570793 -1622.48034097    -2.16585015   0.057349   2.3e-01   3.0e-04 0.02
    20      30    1.6e+01   18    2.6e+00 -1917.05259049 -1622.59722353    -0.11688256   0.023890   9.6e-02   2.5e-04 0.02
    21      30    1.7e+01   18    2.6e+00 -1917.07250086 -1622.61713390    -0.01991037   0.021384   8.6e-02   3.1e-04 0.02
    22      30    1.7e+01   21    3.0e+00 -1917.07674549 -1622.62137853    -0.00424463   0.021876   8.8e-02   2.7e-04 0.02
    23      30    1.7e+01   20    2.9e+00 -1917.08193465 -1622.62656769    -0.00518916   0.022188   8.9e-02   2.2e-04 0.02
    24      30    1.7e+01    0    4.9e-01 -1917.08223860 -1622.62687163    -0.00030394   0.022188   8.9e-02   2.2e-04 0.02
    25      50    2.8e+01    9    1.6e+00 -1917.08992522 -1622.63455826    -0.00768662   0.098086   3.9e-01   2.7e-04 0.02
    26      50    2.8e+01   18    2.6e+00 -1917.09117296 -1622.63580600    -0.00124774   0.005301   2.1e-02   2.2e-04 0.02
    27      50    2.8e+01   11    1.8e+00 -1917.09210905 -1622.63674209    -0.00093610   0.005304   2.1e-02   2.4e-04 0.02
    28      50    2.8e+01   11    1.9e+00 -1917.09288689 -1622.63751993    -0.00077784   0.004756   1.9e-02   2.7e-04 0.02
    29      50    2.7e+01    8    1.5e+00 -1917.09352898 -1622.63816201    -0.00064209   0.004768   1.9e-02   2.8e-04 0.02
    30      50    2.8e+01   12    2.0e+00 -1917.09407140 -1622.63870444    -0.00054242   0.004689   1.9e-02   2.4e-04 0.02
    31      50    2.8e+01   12    2.0e+00 -1917.09454678 -1622.63917981    -0.00047538   0.004444   1.8e-02   2.2e-04 0.02
    32      50    2.8e+01   12    2.0e+00 -1917.09497530 -1622.63960834    -0.00042852   0.021972   8.8e-02   1.9e-04 0.02
    33      50    2.9e+01   11    1.8e+00 -1917.09534279 -1622.63997582    -0.00036749   0.018429   7.4e-02   1.8e-04 0.02
    34      50    2.8e+01   12    2.0e+00 -1917.09570457 -1622.64033761    -0.00036179   0.004357   1.7e-02   1.7e-04 0.02
    35      50    2.7e+01    9    1.6e+00 -1917.09597556 -1622.64060859    -0.00027099   0.004094   1.6e-02   3.2e-04 0.02
    36      50    2.8e+01   11    1.8e+00 -1917.09622114 -1622.64085417    -0.00024558   0.003991   1.6e-02   2.3e-04 0.02
    37      50    2.8e+01    4    1.0e+00 -1917.09642357 -1622.64105661    -0.00020244   0.003989   1.6e-02   2.4e-04 0.02
    38      50    2.7e+01   12    1.9e+00 -1917.09659369 -1622.64122673    -0.00017012   0.003825   1.5e-02   1.8e-04 0.02
    39      50    2.7e+01    9    1.6e+00 -1917.09676300 -1622.64139604    -0.00016931   0.004708   1.9e-02   2.5e-04 0.02
    40      50    2.9e+01   11    1.8e+00 -1917.09692960 -1622.64156264    -0.00016660   0.003802   1.5e-02   1.5e-04 0.02
 
RESULTS OF THE OCCUPATION OPTIMIZATION
========================================
   1    1.9999990  -104.90692825
   2    1.9999991  -104.90664170
   3    1.9999991  -104.90602745
   4    1.9999961  -58.65256246
   5    1.9998449  -10.59413757
   6    1.9998544  -10.59396582
   7    1.9997867  -9.43442642
   8    1.9997657  -9.22668646
   9    1.9991343  -8.06736071
  10    1.9993487  -8.06684852
  11    1.9992976  -8.06622028
  12    1.9994389  -8.06610598
  13    1.9993056  -8.06599308
  14    1.9990806  -8.06564267
  15    1.9990546  -8.06538927
  16    1.9993095  -8.06473736
  17    1.9970474  -5.01304045
  18    1.9940352  -3.33007604
  19    1.9934595  -3.32083594
  20    1.9917248  -3.28968221
  21    1.9823664  -1.13452338
  22    1.9821041  -1.11625554
  23    1.9825785  -1.10591602
  24    1.9735492  -0.60347178
  25    1.9715209  -0.58188089
  26    1.9713542  -0.57923001
  27    1.9798739  -0.54321730
  28    1.9797064  -0.52341269
  29    1.9683342  -0.51205279
  30    1.9715706  -0.51179084
  31    1.9684429  -0.51093929
  32    1.9682030  -0.51051712
  33    0.0102322  -0.01748666
  34    0.0081527  -0.01659144
  35    0.0146005  -0.02416831
  36    0.0107828  -0.01851694
  37    0.0066819  -0.02012531
  38    0.0054894  -0.01935093
  39    0.0155321  -0.03264482
  40    0.0151795  -0.03144471
  41    0.0171441  -0.03582694
  42    0.0062817  -0.02720051
  43    0.0067186  -0.02764655
  44    0.0078587  -0.02569933
  45    0.0031812  -0.01916708
  46    0.0018505  -0.00921606
  47    0.0040788  -0.02836241
  48    0.0027989  -0.01905681
  49    0.0005365  -0.01158189
  50    0.0004251  -0.00976074
  51    0.0004951  -0.01079093
  52    0.0004518  -0.01003896
  53    0.0004789  -0.01033704
  54    0.0004391  -0.00976686
  55    0.0006121  -0.01271963
  56    0.0004400  -0.00993861
  57    0.0001019  -0.00124956
  58    0.0000896  -0.00202227
  59    0.0000244  -0.00016953
  60    0.0000818  -0.00240293
  61    0.0000010  -0.00007325
  62    0.0000002  -0.00000677
  63    0.0000003  -0.00000900
  64    0.0000003  -0.00000984
  65    0.0101289  -0.01738441
  66    0.0080002  -0.01629848
  67    0.0114743  -0.01893539
  68    0.0096816  -0.01712499
  69    0.0062094  -0.01951200
  70    0.0048702  -0.01853541
  71    0.0091556  -0.01785200
  72    0.0095260  -0.01863534
  73    0.0073941  -0.01830932
  74    0.0055794  -0.01988327
  75    0.0057318  -0.01948358
  76    0.0068021  -0.02269370
  77    0.0016088  -0.00894197
  78    0.0017456  -0.00932597
  79    0.0016888  -0.00956017
  80    0.0000394  -0.00098454
  81    0.0000839  -0.00092986
  82    0.0003695  -0.00855153
  83    0.0002608  -0.00606091
  84    0.0001747  -0.00358163
  85    0.0000201  -0.00015414
  86    0.0000822  -0.00093288
  87    0.0000097  -0.00008433
  88    0.0002758  -0.00625228
  89    0.0000247  -0.00016764
  90    0.0000265  -0.00017556
  91    0.0000232  -0.00017134
  92    0.0000342  -0.00023590
  93    0.0000010  -0.00006738
  94    0.0000002  -0.00000556
  95    0.0000002  -0.00000560
  96    0.0000002  -0.00000589
  97    0.0098063  -0.01687058
  98    0.0077971  -0.01547576
  99    0.0007419  -0.00163323
 100    0.0095557  -0.01657524
 101    0.0023068  -0.01032023
 102    0.0020169  -0.00989649
 103    0.0019979  -0.00804272
 104    0.0021683  -0.00858689
 105    0.0006422  -0.00165222
 106    0.0021281  -0.01070976
 107    0.0020006  -0.01051402
 108    0.0013636  -0.00765279
 109    0.0014658  -0.00923312
 110    0.0016216  -0.00927804
 111    0.0000444  -0.00026406
 112    0.0000284  -0.00018123
 113    0.0000194  -0.00015178
 114    0.0000595  -0.00076170
 115    0.0000792  -0.00132302
 116    0.0000203  -0.00015630
 117    0.0000177  -0.00089221
 118    0.0000729  -0.00093989
 119    0.0000082  -0.00006968
 120    0.0000787  -0.00251137
 121    0.0000247  -0.00018116
 122    0.0000249  -0.00017449
 123    0.0000229  -0.00017264
 124    0.0000120  -0.00009536
 125    0.0000009  -0.00006476
 126    0.0000001  -0.00000410
 127    0.0000002  -0.00000472
 128    0.0000001  -0.00000443
 129    0.0006567  -0.00159148
 130    0.0063464  -0.01720086
 131    0.0007309  -0.00160536
 132    0.0006684  -0.00159061
 133    0.0021806  -0.01019132
 134    0.0019703  -0.01003531
 135    0.0006686  -0.00169143
 136    0.0006620  -0.00167682
 137    0.0005948  -0.00158675
 138    0.0020683  -0.01057959
 139    0.0019831  -0.01043501
 140    0.0006542  -0.00190977
 141    0.0010086  -0.01153401
 142    0.0007982  -0.01002869
 143    0.0000419  -0.00024846
 144    0.0000279  -0.00018262
 145    0.0000150  -0.00014327
 146    0.0000580  -0.00116958
 147    0.0000501  -0.00046180
 148    0.0000176  -0.00015139
 149    0.0000130  -0.00010000
 150    0.0000707  -0.00178034
 151    0.0000065  -0.00005857
 152    0.0000294  -0.00021165
 153    0.0000242  -0.00019245
 154    0.0000224  -0.00015866
 155    0.0000218  -0.00020509
 156    0.0000093  -0.00008549
 157    0.0000003  -0.00001163
 158    0.0000001  -0.00000400
 159    0.0000001  -0.00000360
 160    0.0000001  -0.00000397
 161    0.0006418  -0.00155996
 162    0.0005871  -0.00153046
 163    0.0003154  -0.00107791
 164    0.0006104  -0.00151744
 165    0.0021162  -0.01005562
 166    0.0019632  -0.00992290
 167    0.0006364  -0.00163794
 168    0.0006542  -0.00165828
 169    0.0002927  -0.00110683
 170    0.0006565  -0.00236895
 171    0.0005896  -0.00185413
 172    0.0003724  -0.00183173
 173    0.0007430  -0.00826879
 174    0.0002197  -0.00444859
 175    0.0000393  -0.00022032
 176    0.0000226  -0.00015611
 177    0.0000130  -0.00010843
 178    0.0000172  -0.00015904
 179    0.0000122  -0.00012282
 180    0.0000147  -0.00029846
 181    0.0000113  -0.00011015
 182    0.0000217  -0.00016033
 183    0.0000062  -0.00005287
 184    0.0000189  -0.00014815
 185    0.0000214  -0.00015529
 186    0.0000175  -0.00013508
 187    0.0000196  -0.00051503
 188    0.0000073  -0.00012085
 189    0.0000003  -0.00001101
 190    0.0000001  -0.00000350
 191    0.0000001  -0.00000300
 192    0.0000001  -0.00000272
 193    0.0002507  -0.00092116
 194    0.0005781  -0.00151272
 195    0.0003118  -0.00105945
 196    0.0002512  -0.00085575
 197    0.0006123  -0.00167758
 198    0.0019183  -0.00979450
 199    0.0005404  -0.00145356
 200    0.0002115  -0.00082693
 201    0.0002627  -0.00105970
 202    0.0006098  -0.00203877
 203    0.0005650  -0.00173639
 204    0.0003015  -0.00142307
 205    0.0001479  -0.00109653
 206    0.0001722  -0.00137201
 207    0.0000369  -0.00020967
 208    0.0000180  -0.00014401
 209    0.0000115  -0.00009612
 210    0.0000086  -0.00008889
 211    0.0000119  -0.00009615
 212    0.0000116  -0.00010884
 213    0.0000109  -0.00012323
 214    0.0000092  -0.00008694
 215    0.0000052  -0.00026304
 216    0.0000155  -0.00014962
 217    0.0000188  -0.00040500
 218    0.0000169  -0.00026467
 219    0.0000173  -0.00044842
 220    0.0000069  -0.00012892
 221    0.0000003  -0.00000930
 222    0.0000001  -0.00000339
 223    0.0000001  -0.00000258
 224    0.0000001  -0.00000195
 225    0.0000804  -0.00025194
 226    0.0000955  -0.00030230
 227    0.0002546  -0.00089677
 228    0.0001158  -0.00034781
 229    0.0001864  -0.00079139
 230    0.0018977  -0.00976824
 231    0.0001149  -0.00037710
 232    0.0000776  -0.00024873
 233    0.0001200  -0.00038808
 234    0.0000977  -0.00037269
 235    0.0003071  -0.00153665
 236    0.0002809  -0.00128720
 237    0.0001199  -0.00091539
 238    0.0001328  -0.00097980
 239    0.0000347  -0.00019301
 240    0.0000175  -0.00014138
 241    0.0000112  -0.00010669
 242    0.0000076  -0.00013103
 243    0.0000101  -0.00011273
 244    0.0000036  -0.00066715
 245    0.0000092  -0.00009258
 246    0.0000065  -0.00016983
 247    0.0000034  -0.00061495
 248    0.0000073  -0.00011979
 249    0.0000186  -0.00048751
 250    0.0000154  -0.00033749
 251    0.0000166  -0.00020407
 252    0.0000035  -0.00062931
 253    0.0000002  -0.00000684
 254    0.0000001  -0.00000305
 255    0.0000001  -0.00000197
 256    0.0000001  -0.00000196
 
----------------
 Final Energies 
----------------
Final NOF Total Energy =   -1622.6415626
 
Total Orbital Internal Iterations = 1160
Total Occupation Internal Iterations = 769
 
Elapsed time:  851.44 Seconds

---------------------------------
   Lowdin Population Analysis    
---------------------------------
 Idx  Atom   Population   Charge 
---------------------------------
  1    Al    14.603      -1.603
  2    Cl    16.468       0.532
  3    Cl    16.463       0.537
  4    Cl    16.467       0.533

---------------------------------
   M Diagnostic: 0.02
---------------------------------

