Computing Integrals
Basis Set                                            = def2-qzvp
Auxiliary Basis Set                                  = def2-universal-jkfit
Gaussian Type                                        = Spherical
Elapsed time:    2.30 Seconds

Number of basis functions                   (NBF)    = 171
Number of auxiliary basis functions         (NBFAUX) = 229
Inactive Doubly occupied orbitals up to     (NO1)    = 0
No. considered Strongly Doubly occupied MOs (NDOC)   = 11
No. considered Strongly Singly occupied MOs (NSOC)   = 0
NO. of Weakly occ. per St. Doubly occ.  MOs (NCWO)   = 14
Dimension of the Nat. Orb. subspace         (NBF5)   = 165
No. of electrons                                     = 22
    No. of alpha electrons                           = 11
    No. of beta electrons                            = 11
Multiplicity                                         = 1

Geometry
========
 C       0.0000000       0.0000000       0.0000000
 O       0.0000000       0.0000000       1.1605465
 O       0.0000000       0.0000000      -1.1605465

No violations of the orthonormality
No violations of the orthonormality
 
PNOF8/ADABelief Calculation
==================
 
  Nitext  Nit_orb  Time   Nit_occ  Time         Eelec          Etot           Ediff      maxdiff    MaxGrad_orb  Grad_occ
     1      10    1.1e+01    0    1.2e+01  -246.80045109  -188.43609989 -10245.80045109   0.000970   3.9e-03   2.8e-04 0.03
 
RESULTS OF THE OCCUPATION OPTIMIZATION
========================================
   1    1.9999795  -20.67596831
   2    1.9999513  -17.88147786
   3    1.9999336  -14.24001219
   4    1.9859737  -1.53403668
   5    1.9855536  -1.41801557
   6    1.9791415  -0.86637212
   7    1.9815083  -0.86005877
   8    1.9805117  -0.74603655
   9    1.9732804  -0.74540729
  10    1.9667228  -0.58207448
  11    1.9662451  -0.58086738
  12    0.0277372  -0.04577060
  13    0.0294293  -0.04740747
  14    0.0231615  -0.04361823
  15    0.0066157  -0.01348314
  16    0.0071638  -0.01826443
  17    0.0141569  -0.02792315
  18    0.0066499  -0.01909763
  19    0.0051293  -0.01301170
  20    0.0000374  -0.00094925
  21    0.0000375  -0.00121021
  22    0.0000136  -0.00041667
  23    0.0026777  -0.00660342
  24    0.0029202  -0.00688147
  25    0.0019377  -0.00533041
  26    0.0057732  -0.01301711
  27    0.0041378  -0.00915325
  28    0.0039081  -0.00847917
  29    0.0037864  -0.00932606
  30    0.0031222  -0.00816039
  31    0.0000076  -0.00010299
  32    0.0000044  -0.00013840
  33    0.0000023  -0.00003662
  34    0.0025675  -0.00633420
  35    0.0002198  -0.00074693
  36    0.0007710  -0.00207369
  37    0.0041485  -0.00813025
  38    0.0038812  -0.00840070
  39    0.0010724  -0.00343528
  40    0.0015321  -0.00612911
  41    0.0021127  -0.00604091
  42    0.0000066  -0.00010551
  43    0.0000030  -0.00003790
  44    0.0000017  -0.00003093
  45    0.0001964  -0.00070024
  46    0.0002137  -0.00072734
  47    0.0003565  -0.00118715
  48    0.0013226  -0.00425326
  49    0.0011698  -0.00391894
  50    0.0009394  -0.00242519
  51    0.0005350  -0.00429105
  52    0.0015966  -0.00793141
  53    0.0000065  -0.00012781
  54    0.0000012  -0.00007162
  55    0.0000016  -0.00003195
  56    0.0001903  -0.00067712
  57    0.0001965  -0.00067738
  58    0.0001509  -0.00057791
  59    0.0006155  -0.00196703
  60    0.0005992  -0.00184672
  61    0.0002446  -0.00082470
  62    0.0004881  -0.00183427
  63    0.0005733  -0.00552016
  64    0.0000054  -0.00006318
  65    0.0000007  -0.00001743
  66    0.0000005  -0.00003895
  67    0.0001836  -0.00066006
  68    0.0001900  -0.00066999
  69    0.0000823  -0.00031084
  70    0.0004642  -0.00135472
  71    0.0004718  -0.00186401
  72    0.0001591  -0.00062711
  73    0.0004246  -0.00141005
  74    0.0004858  -0.00190399
  75    0.0000007  -0.00002083
  76    0.0000004  -0.00001366
  77    0.0000002  -0.00000432
  78    0.0000931  -0.00027874
  79    0.0000195  -0.00009171
  80    0.0000771  -0.00026139
  81    0.0002579  -0.00085902
  82    0.0004117  -0.00130768
  83    0.0001077  -0.00044730
  84    0.0002783  -0.00156917
  85    0.0003086  -0.00138403
  86    0.0000006  -0.00001636
  87    0.0000003  -0.00001625
  88    0.0000001  -0.00000250
  89    0.0000290  -0.00014811
  90    0.0000163  -0.00009596
  91    0.0000758  -0.00026510
  92    0.0001131  -0.00062227
  93    0.0003104  -0.00132339
  94    0.0000711  -0.00030522
  95    0.0002769  -0.00120119
  96    0.0002433  -0.00098933
  97    0.0000005  -0.00001415
  98    0.0000003  -0.00001440
  99    0.0000001  -0.00000216
 100    0.0000234  -0.00009241
 101    0.0000143  -0.00008981
 102    0.0000323  -0.00016150
 103    0.0000490  -0.00026576
 104    0.0001539  -0.00107243
 105    0.0000709  -0.00030877
 106    0.0002697  -0.00102179
 107    0.0002381  -0.00088579
 108    0.0000002  -0.00003063
 109    0.0000002  -0.00000900
 110    0.0000001  -0.00000167
 111    0.0000138  -0.00009017
 112    0.0000141  -0.00008490
 113    0.0000168  -0.00011589
 114    0.0000421  -0.00017192
 115    0.0001067  -0.00050081
 116    0.0000352  -0.00020357
 117    0.0000974  -0.00044521
 118    0.0000961  -0.00045027
 119    0.0000002  -0.00002006
 120    0.0000002  -0.00000526
 121    0.0000001  -0.00000123
 122    0.0000126  -0.00007862
 123    0.0000134  -0.00008460
 124    0.0000153  -0.00009784
 125    0.0000309  -0.00017856
 126    0.0000252  -0.00013805
 127    0.0000331  -0.00015701
 128    0.0000365  -0.00018238
 129    0.0000435  -0.00035247
 130    0.0000002  -0.00000514
 131    0.0000002  -0.00000443
 132    0.0000001  -0.00000096
 133    0.0000121  -0.00007856
 134    0.0000118  -0.00007747
 135    0.0000148  -0.00009582
 136    0.0000188  -0.00011318
 137    0.0000228  -0.00012950
 138    0.0000217  -0.00012505
 139    0.0000281  -0.00015791
 140    0.0000367  -0.00019661
 141    0.0000002  -0.00000417
 142    0.0000001  -0.00000399
 143    0.0000001  -0.00000091
 144    0.0000108  -0.00005331
 145    0.0000107  -0.00005912
 146    0.0000144  -0.00009012
 147    0.0000185  -0.00011153
 148    0.0000188  -0.00011089
 149    0.0000196  -0.00011865
 150    0.0000236  -0.00014394
 151    0.0000210  -0.00013462
 152    0.0000001  -0.00000314
 153    0.0000001  -0.00000255
 154    0.0000001  -0.00000088
 155    0.0000075  -0.00005426
 156    0.0000074  -0.00005253
 157    0.0000131  -0.00008859
 158    0.0000181  -0.00010867
 159    0.0000185  -0.00010206
 160    0.0000186  -0.00011258
 161    0.0000196  -0.00015234
 162    0.0000191  -0.00011525
 163    0.0000001  -0.00000220
 164    0.0000001  -0.00000210
 165    0.0000000  -0.00000065
 
----------------
 Final Energies 
----------------
Final NOF Total Energy =    -188.4360999
 
Total Orbital Internal Iterations = 10
Total Occupation Internal Iterations = 0
 
Elapsed time:   29.19 Seconds

---------------------------------
   Lowdin Population Analysis    
---------------------------------
 Idx  Atom   Population   Charge 
---------------------------------
  1     C     6.624      -0.624
  2     O     7.688       0.312
  3     O     7.688       0.312

---------------------------------
   M Diagnostic: 0.03
---------------------------------

