Computing Integrals
Basis Set                                            = def2-qzvp
Auxiliary Basis Set                                  = def2-universal-jkfit
Gaussian Type                                        = Spherical
Elapsed time:    2.50 Seconds

Number of basis functions                   (NBF)    = 171
Number of auxiliary basis functions         (NBFAUX) = 231
Inactive Doubly occupied orbitals up to     (NO1)    = 0
No. considered Strongly Doubly occupied MOs (NDOC)   = 11
No. considered Strongly Singly occupied MOs (NSOC)   = 0
NO. of Weakly occ. per St. Doubly occ.  MOs (NCWO)   = 14
Dimension of the Nat. Orb. subspace         (NBF5)   = 165
No. of electrons                                     = 22
    No. of alpha electrons                           = 11
    No. of beta electrons                            = 11
Multiplicity                                         = 1

Geometry
========
 N       0.0000000       0.0000000      -0.0211861
 N       0.0000000       0.0000000      -1.1424486
 O       0.0000000       0.0000000       1.1636347

No violations of the orthonormality
No violations of the orthonormality
 
PNOF8/ADABelief Calculation
==================
 
  Nitext  Nit_orb  Time   Nit_occ  Time         Eelec          Etot           Ediff      maxdiff    MaxGrad_orb  Grad_occ
     1      10    1.0e+01    0    1.2e+01  -245.49706597  -184.51011748 -10244.49706597   0.000494   2.0e-03   1.7e-04 0.04
 
RESULTS OF THE OCCUPATION OPTIMIZATION
========================================
   1    1.9999558  -18.31043076
   2    1.9999612  -17.73988658
   3    1.9999443  -16.15531358
   4    1.9863210  -1.58471947
   5    1.9822373  -1.40633556
   6    1.9710472  -0.85488641
   7    1.9801831  -0.83635138
   8    1.9788038  -0.76221534
   9    1.9802037  -0.75634970
  10    1.9614699  -0.56140968
  11    1.9615951  -0.55371483
  12    0.0382124  -0.05802870
  13    0.0357901  -0.05610111
  14    0.0075747  -0.01791636
  15    0.0061994  -0.01291516
  16    0.0066119  -0.01656795
  17    0.0258608  -0.05060604
  18    0.0127062  -0.02872676
  19    0.0051818  -0.01305414
  20    0.0000351  -0.00101414
  21    0.0000183  -0.00050674
  22    0.0000284  -0.00085424
  23    0.0000303  -0.00012208
  24    0.0023566  -0.00522365
  25    0.0045657  -0.00958525
  26    0.0049320  -0.01248793
  27    0.0033297  -0.00740452
  28    0.0018634  -0.00522985
  29    0.0021410  -0.00581855
  30    0.0031357  -0.00839889
  31    0.0000049  -0.00007529
  32    0.0000057  -0.00009741
  33    0.0000035  -0.00006493
  34    0.0000281  -0.00012137
  35    0.0001317  -0.00040629
  36    0.0039554  -0.00851116
  37    0.0041326  -0.00874368
  38    0.0026888  -0.00665925
  39    0.0005166  -0.00178968
  40    0.0009660  -0.00344745
  41    0.0019657  -0.00838558
  42    0.0000046  -0.00007299
  43    0.0000043  -0.00011090
  44    0.0000035  -0.00004964
  45    0.0000164  -0.00008292
  46    0.0001267  -0.00040191
  47    0.0011062  -0.00344693
  48    0.0038691  -0.00799620
  49    0.0024068  -0.00580434
  50    0.0003299  -0.00117226
  51    0.0004990  -0.00334904
  52    0.0013521  -0.00550876
  53    0.0000037  -0.00005303
  54    0.0000038  -0.00007720
  55    0.0000028  -0.00007335
  56    0.0000148  -0.00008079
  57    0.0000155  -0.00008257
  58    0.0006971  -0.00212897
  59    0.0004948  -0.00161375
  60    0.0013239  -0.00501295
  61    0.0000865  -0.00038526
  62    0.0003833  -0.00261944
  63    0.0005771  -0.00530757
  64    0.0000035  -0.00006213
  65    0.0000036  -0.00004914
  66    0.0000023  -0.00003860
  67    0.0000138  -0.00008343
  68    0.0000149  -0.00008244
  69    0.0004492  -0.00182365
  70    0.0004235  -0.00146214
  71    0.0011574  -0.00290542
  72    0.0000739  -0.00033647
  73    0.0001946  -0.00071437
  74    0.0004815  -0.00256392
  75    0.0000010  -0.00004157
  76    0.0000008  -0.00002051
  77    0.0000011  -0.00002853
  78    0.0000132  -0.00007621
  79    0.0000144  -0.00008218
  80    0.0004430  -0.00162341
  81    0.0002396  -0.00084024
  82    0.0011542  -0.00295833
  83    0.0000735  -0.00035737
  84    0.0001872  -0.00072196
  85    0.0003005  -0.00139582
  86    0.0000009  -0.00002683
  87    0.0000006  -0.00001863
  88    0.0000008  -0.00002586
  89    0.0000128  -0.00007026
  90    0.0000134  -0.00007945
  91    0.0004210  -0.00128588
  92    0.0002333  -0.00081891
  93    0.0002586  -0.00084032
  94    0.0000479  -0.00025930
  95    0.0001788  -0.00067247
  96    0.0002388  -0.00093557
  97    0.0000006  -0.00001682
  98    0.0000005  -0.00001562
  99    0.0000006  -0.00001607
 100    0.0000125  -0.00006933
 101    0.0000133  -0.00007625
 102    0.0002647  -0.00092751
 103    0.0002217  -0.00075563
 104    0.0002194  -0.00073332
 105    0.0000251  -0.00014558
 106    0.0001657  -0.00081850
 107    0.0002187  -0.00089063
 108    0.0000005  -0.00002729
 109    0.0000004  -0.00002885
 110    0.0000004  -0.00002271
 111    0.0000123  -0.00006790
 112    0.0000123  -0.00007403
 113    0.0001510  -0.00068949
 114    0.0001401  -0.00054351
 115    0.0002149  -0.00071316
 116    0.0000178  -0.00011494
 117    0.0001158  -0.00045518
 118    0.0000978  -0.00072429
 119    0.0000003  -0.00001830
 120    0.0000003  -0.00002586
 121    0.0000003  -0.00001978
 122    0.0000117  -0.00006241
 123    0.0000116  -0.00006983
 124    0.0000711  -0.00049467
 125    0.0001314  -0.00052558
 126    0.0001999  -0.00068332
 127    0.0000155  -0.00009857
 128    0.0000966  -0.00043500
 129    0.0000445  -0.00025049
 130    0.0000002  -0.00000416
 131    0.0000002  -0.00000644
 132    0.0000002  -0.00000464
 133    0.0000107  -0.00005940
 134    0.0000107  -0.00007043
 135    0.0000406  -0.00024217
 136    0.0001095  -0.00054173
 137    0.0001295  -0.00055598
 138    0.0000150  -0.00009494
 139    0.0000591  -0.00028819
 140    0.0000388  -0.00023419
 141    0.0000002  -0.00000354
 142    0.0000002  -0.00000444
 143    0.0000002  -0.00000347
 144    0.0000082  -0.00005068
 145    0.0000095  -0.00005778
 146    0.0000313  -0.00016080
 147    0.0000352  -0.00016784
 148    0.0001012  -0.00039141
 149    0.0000147  -0.00009100
 150    0.0000522  -0.00025622
 151    0.0000246  -0.00014895
 152    0.0000001  -0.00000297
 153    0.0000001  -0.00000157
 154    0.0000001  -0.00000182
 155    0.0000078  -0.00004606
 156    0.0000094  -0.00005344
 157    0.0000252  -0.00014043
 158    0.0000340  -0.00016249
 159    0.0000207  -0.00012454
 160    0.0000121  -0.00008328
 161    0.0000173  -0.00011570
 162    0.0000212  -0.00014479
 163    0.0000001  -0.00000163
 164    0.0000001  -0.00000120
 165    0.0000001  -0.00000105
 
----------------
 Final Energies 
----------------
Final NOF Total Energy =    -184.5101175
 
Total Orbital Internal Iterations = 10
Total Occupation Internal Iterations = 0
 
Elapsed time:   28.97 Seconds

---------------------------------
   Lowdin Population Analysis    
---------------------------------
 Idx  Atom   Population   Charge 
---------------------------------
  1     N     7.143      -0.143
  2     N     6.952       0.048
  3     O     7.905       0.095

---------------------------------
   M Diagnostic: 0.04
---------------------------------

