Computing Integrals
Basis Set                                            = def2-qzvp
Auxiliary Basis Set                                  = def2-universal-jkfit
Gaussian Type                                        = Spherical
Elapsed time:    1.71 Seconds

Number of basis functions                   (NBF)    = 87
Number of auxiliary basis functions         (NBFAUX) = 95
Inactive Doubly occupied orbitals up to     (NO1)    = 0
No. considered Strongly Doubly occupied MOs (NDOC)   = 5
No. considered Strongly Singly occupied MOs (NSOC)   = 0
NO. of Weakly occ. per St. Doubly occ.  MOs (NCWO)   = 16
Dimension of the Nat. Orb. subspace         (NBF5)   = 85
No. of electrons                                     = 10
    No. of alpha electrons                           = 5
    No. of beta electrons                            = 5
Multiplicity                                         = 1

Geometry
========
 F       0.0000000       0.0000000      -0.4614871
 H       0.0000000       0.0000000       0.4614871

No violations of the orthonormality
No violations of the orthonormality
 
PNOF8/ADABelief Calculation
==================
 
  Nitext  Nit_orb  Time   Nit_occ  Time         Eelec          Etot           Ediff      maxdiff    MaxGrad_orb  Grad_occ
     1      10    9.1e+00    0    1.2e+01  -105.55466507  -100.39462406 -10104.55466507   0.000948   3.8e-03   1.7e-04 0.02
 
RESULTS OF THE OCCUPATION OPTIMIZATION
========================================
   1    1.9999702  -26.34073872
   2    1.9882737  -1.60474616
   3    1.9729866  -0.85406340
   4    1.9782709  -0.70042730
   5    1.9787059  -0.70021573
   6    0.0108749  -0.02103950
   7    0.0110831  -0.02113317
   8    0.0225072  -0.03771414
   9    0.0081828  -0.02390939
  10    0.0000269  -0.00119176
  11    0.0042634  -0.01010905
  12    0.0042677  -0.01007846
  13    0.0036908  -0.00905208
  14    0.0008043  -0.00318849
  15    0.0000017  -0.00003100
  16    0.0042450  -0.00989610
  17    0.0041957  -0.01011359
  18    0.0003513  -0.00123316
  19    0.0007729  -0.00348337
  20    0.0000006  -0.00003869
  21    0.0006137  -0.00447553
  22    0.0013239  -0.00485279
  23    0.0002869  -0.00110408
  24    0.0004425  -0.00186845
  25    0.0000002  -0.00001903
  26    0.0004897  -0.00164957
  27    0.0003097  -0.00116915
  28    0.0000567  -0.00012891
  29    0.0003463  -0.00147779
  30    0.0000001  -0.00000246
  31    0.0002755  -0.00104836
  32    0.0002980  -0.00116072
  33    0.0000265  -0.00013804
  34    0.0003004  -0.00123174
  35    0.0000000  -0.00000130
  36    0.0002718  -0.00102799
  37    0.0000756  -0.00031392
  38    0.0000231  -0.00016302
  39    0.0002957  -0.00122500
  40    0.0000000  -0.00000100
  41    0.0000832  -0.00036838
  42    0.0000540  -0.00016115
  43    0.0000156  -0.00013929
  44    0.0002761  -0.00114632
  45    0.0000000  -0.00000079
  46    0.0000742  -0.00032583
  47    0.0000298  -0.00015450
  48    0.0000142  -0.00012083
  49    0.0001720  -0.00125916
  50    0.0000000  -0.00000078
  51    0.0000237  -0.00014504
  52    0.0000205  -0.00011794
  53    0.0000138  -0.00011397
  54    0.0000359  -0.00019485
  55    0.0000000  -0.00000077
  56    0.0000178  -0.00011871
  57    0.0000163  -0.00011381
  58    0.0000080  -0.00004109
  59    0.0000213  -0.00015512
  60    0.0000000  -0.00000070
  61    0.0000171  -0.00011805
  62    0.0000156  -0.00011400
  63    0.0000072  -0.00002887
  64    0.0000186  -0.00013744
  65    0.0000000  -0.00000059
  66    0.0000146  -0.00008775
  67    0.0000142  -0.00008099
  68    0.0000051  -0.00001257
  69    0.0000168  -0.00013000
  70    0.0000000  -0.00000063
  71    0.0000138  -0.00008701
  72    0.0000113  -0.00006206
  73    0.0000030  -0.00001340
  74    0.0000154  -0.00012284
  75    0.0000000  -0.00000066
  76    0.0000097  -0.00004423
  77    0.0000083  -0.00004272
  78    0.0000024  -0.00000674
  79    0.0000146  -0.00012484
  80    0.0000000  -0.00000054
  81    0.0000061  -0.00003814
  82    0.0000054  -0.00002373
  83    0.0000018  -0.00000505
  84    0.0000106  -0.00009544
  85    0.0000000  -0.00000047
 
----------------
 Final Energies 
----------------
Final NOF Total Energy =    -100.3946241
 
Total Orbital Internal Iterations = 10
Total Occupation Internal Iterations = 0
 
Elapsed time:   26.90 Seconds

---------------------------------
   Lowdin Population Analysis    
---------------------------------
 Idx  Atom   Population   Charge 
---------------------------------
  1     F     8.527       0.473
  2     H     1.473      -0.473

---------------------------------
   M Diagnostic: 0.02
---------------------------------

