Computing Integrals
Basis Set                                            = def2-qzvp
Auxiliary Basis Set                                  = def2-universal-jkfit
Gaussian Type                                        = Spherical
Elapsed time:    2.66 Seconds

Number of basis functions                   (NBF)    = 200
Number of auxiliary basis functions         (NBFAUX) = 292
Inactive Doubly occupied orbitals up to     (NO1)    = 0
No. considered Strongly Doubly occupied MOs (NDOC)   = 17
No. considered Strongly Singly occupied MOs (NSOC)   = 0
NO. of Weakly occ. per St. Doubly occ.  MOs (NCWO)   = 10
Dimension of the Nat. Orb. subspace         (NBF5)   = 187
No. of electrons                                     = 34
    No. of alpha electrons                           = 17
    No. of beta electrons                            = 17
Multiplicity                                         = 1

Geometry
========
 S      -1.0230052      -0.0119974      -0.4682909
 S       1.0230052       0.0119974      -0.4682909
 H      -1.2354821       0.9313507       0.4682909
 H       1.2354821      -0.9313507       0.4682909

No violations of the orthonormality
No violations of the orthonormality
 
PNOF8/ADABelief Calculation
==================
 
  Nitext  Nit_orb  Time   Nit_occ  Time         Eelec          Etot           Ediff      maxdiff    MaxGrad_orb  Grad_occ
     1      10    1.1e+01    0    1.2e+01  -882.73579255  -797.29637080 -10881.73579255   0.000966   3.9e-03   2.0e-04 0.03
 
RESULTS OF THE OCCUPATION OPTIMIZATION
========================================
   1    1.9999993  -92.04682499
   2    1.9999992  -92.04678730
   3    1.9995322  -8.99965444
   4    1.9995037  -8.99056957
   5    1.9988664  -6.71386289
   6    1.9988895  -6.69675106
   7    1.9989860  -6.69629528
   8    1.9987515  -6.69580978
   9    1.9992265  -6.69375422
  10    1.9990472  -6.69257547
  11    1.9821050  -1.06147614
  12    1.9807586  -0.89163099
  13    1.9727705  -0.57853788
  14    1.9702513  -0.57605587
  15    1.9675247  -0.53621720
  16    1.9721105  -0.42411546
  17    1.9725022  -0.42038713
  18    0.0093141  -0.01894712
  19    0.0088992  -0.01949878
  20    0.0247223  -0.04490704
  21    0.0175788  -0.03046944
  22    0.0160789  -0.03000353
  23    0.0063192  -0.02677667
  24    0.0049495  -0.02422927
  25    0.0006838  -0.01077678
  26    0.0006325  -0.01116979
  27    0.0011138  -0.01418422
  28    0.0006542  -0.01039530
  29    0.0008951  -0.01240515
  30    0.0010435  -0.01411886
  31    0.0004451  -0.00905046
  32    0.0003949  -0.00758364
  33    0.0000007  -0.00000539
  34    0.0000007  -0.00000512
  35    0.0077638  -0.01507754
  36    0.0073979  -0.01513457
  37    0.0056577  -0.01169652
  38    0.0073155  -0.01321544
  39    0.0059312  -0.01274347
  40    0.0039022  -0.01337117
  41    0.0040110  -0.01914467
  42    0.0001974  -0.00286350
  43    0.0000297  -0.00021176
  44    0.0000836  -0.00270526
  45    0.0001911  -0.00251133
  46    0.0001292  -0.00259857
  47    0.0000224  -0.00014728
  48    0.0000136  -0.00018779
  49    0.0000536  -0.00078324
  50    0.0000000  -0.00000091
  51    0.0000000  -0.00000093
  52    0.0068666  -0.01568932
  53    0.0073852  -0.01382867
  54    0.0005957  -0.00138021
  55    0.0019416  -0.00526158
  56    0.0021595  -0.00794307
  57    0.0036294  -0.01277865
  58    0.0033594  -0.01270861
  59    0.0000209  -0.00069503
  60    0.0000272  -0.00022496
  61    0.0000114  -0.00008212
  62    0.0000750  -0.00194715
  63    0.0000239  -0.00015815
  64    0.0000200  -0.00061390
  65    0.0000122  -0.00010880
  66    0.0000063  -0.00010005
  67    0.0000000  -0.00000059
  68    0.0000000  -0.00000046
  69    0.0022809  -0.00835610
  70    0.0020417  -0.00737533
  71    0.0005448  -0.00130199
  72    0.0010964  -0.00241430
  73    0.0013236  -0.00403305
  74    0.0020979  -0.00981127
  75    0.0018726  -0.00917550
  76    0.0000148  -0.00016602
  77    0.0000257  -0.00019091
  78    0.0000110  -0.00009212
  79    0.0000517  -0.00048915
  80    0.0000152  -0.00017174
  81    0.0000138  -0.00015314
  82    0.0000113  -0.00008957
  83    0.0000039  -0.00020342
  84    0.0000000  -0.00000049
  85    0.0000000  -0.00000045
  86    0.0004183  -0.00107172
  87    0.0008559  -0.00236656
  88    0.0004881  -0.00118006
  89    0.0007144  -0.00161498
  90    0.0007404  -0.00185659
  91    0.0020413  -0.00986639
  92    0.0018341  -0.00910522
  93    0.0000129  -0.00009831
  94    0.0000178  -0.00015598
  95    0.0000087  -0.00007494
  96    0.0000141  -0.00011933
  97    0.0000140  -0.00024901
  98    0.0000097  -0.00009093
  99    0.0000048  -0.00014498
 100    0.0000028  -0.00004837
 101    0.0000000  -0.00000051
 102    0.0000000  -0.00000042
 103    0.0003627  -0.00094348
 104    0.0006587  -0.00168972
 105    0.0001343  -0.00042867
 106    0.0003990  -0.00107539
 107    0.0004464  -0.00116470
 108    0.0007430  -0.00284410
 109    0.0013294  -0.00660925
 110    0.0000122  -0.00009443
 111    0.0000153  -0.00011447
 112    0.0000068  -0.00006841
 113    0.0000089  -0.00007746
 114    0.0000098  -0.00009053
 115    0.0000088  -0.00007957
 116    0.0000044  -0.00006877
 117    0.0000023  -0.00014010
 118    0.0000000  -0.00000040
 119    0.0000000  -0.00000036
 120    0.0002360  -0.00070806
 121    0.0002729  -0.00080869
 122    0.0001261  -0.00040407
 123    0.0003270  -0.00088414
 124    0.0002340  -0.00077619
 125    0.0002161  -0.00091714
 126    0.0002586  -0.00114756
 127    0.0000049  -0.00007835
 128    0.0000122  -0.00008667
 129    0.0000056  -0.00008236
 130    0.0000089  -0.00008615
 131    0.0000088  -0.00007228
 132    0.0000058  -0.00006210
 133    0.0000017  -0.00001197
 134    0.0000018  -0.00001264
 135    0.0000000  -0.00000027
 136    0.0000000  -0.00000031
 137    0.0001685  -0.00048248
 138    0.0002119  -0.00067714
 139    0.0000722  -0.00021236
 140    0.0002476  -0.00069182
 141    0.0002106  -0.00073056
 142    0.0001522  -0.00067751
 143    0.0001417  -0.00075466
 144    0.0000032  -0.00021698
 145    0.0000085  -0.00009690
 146    0.0000049  -0.00011827
 147    0.0000040  -0.00014946
 148    0.0000076  -0.00006678
 149    0.0000056  -0.00014796
 150    0.0000015  -0.00001052
 151    0.0000011  -0.00000783
 152    0.0000000  -0.00000023
 153    0.0000000  -0.00000032
 154    0.0000759  -0.00023348
 155    0.0001006  -0.00036132
 156    0.0000679  -0.00019740
 157    0.0000721  -0.00021239
 158    0.0001010  -0.00032067
 159    0.0001351  -0.00081402
 160    0.0001332  -0.00071519
 161    0.0000018  -0.00001278
 162    0.0000038  -0.00004555
 163    0.0000023  -0.00003238
 164    0.0000036  -0.00006329
 165    0.0000051  -0.00012123
 166    0.0000021  -0.00003068
 167    0.0000012  -0.00000874
 168    0.0000010  -0.00000599
 169    0.0000000  -0.00000022
 170    0.0000000  -0.00000028
 171    0.0000110  -0.00006124
 172    0.0000655  -0.00021346
 173    0.0000662  -0.00019286
 174    0.0000563  -0.00018289
 175    0.0000039  -0.00001521
 176    0.0000050  -0.00003405
 177    0.0000055  -0.00003910
 178    0.0000010  -0.00000623
 179    0.0000008  -0.00000548
 180    0.0000004  -0.00000362
 181    0.0000025  -0.00008439
 182    0.0000019  -0.00001234
 183    0.0000019  -0.00001321
 184    0.0000006  -0.00000443
 185    0.0000002  -0.00000269
 186    0.0000000  -0.00000014
 187    0.0000000  -0.00000015
 
----------------
 Final Energies 
----------------
Final NOF Total Energy =    -797.2963708
 
Total Orbital Internal Iterations = 10
Total Occupation Internal Iterations = 0
 
Elapsed time:   29.66 Seconds

---------------------------------
   Lowdin Population Analysis    
---------------------------------
 Idx  Atom   Population   Charge 
---------------------------------
  1     S    15.735       0.265
  2     S    15.734       0.266
  3     H     1.266      -0.266
  4     H     1.265      -0.265

---------------------------------
   M Diagnostic: 0.03
---------------------------------

