Computing Integrals
Basis Set                                            = def2-qzvp
Auxiliary Basis Set                                  = def2-universal-jkfit
Gaussian Type                                        = Spherical
Elapsed time:    1.61 Seconds

Number of basis functions                   (NBF)    = 100
Number of auxiliary basis functions         (NBFAUX) = 146
Inactive Doubly occupied orbitals up to     (NO1)    = 0
No. considered Strongly Doubly occupied MOs (NDOC)   = 8
No. considered Strongly Singly occupied MOs (NSOC)   = 1
NO. of Weakly occ. per St. Doubly occ.  MOs (NCWO)   = 11
Dimension of the Nat. Orb. subspace         (NBF5)   = 97
No. of electrons                                     = 17
    No. of alpha electrons                           = 9
    No. of beta electrons                            = 8
Multiplicity                                         = 2

Geometry
========
 S       0.0000000       0.0000000      -0.6728012
 H       0.0000000       0.0000000       0.6728012

No violations of the orthonormality
No violations of the orthonormality
 
PNOF8/ADABelief Calculation
==================
 
  Nitext  Nit_orb  Time   Nit_occ  Time         Eelec          Etot           Ediff      maxdiff    MaxGrad_orb  Grad_occ
     1      10    9.7e+00    0    1.2e+01  -404.88437332  -398.59215932 -10403.88437332   0.001578   6.3e-03   2.3e-04 0.03
     2      30    2.2e+00    0    4.3e-02  -404.88437332  -398.59215932     0.00000000   0.001578   6.3e-03   2.3e-04 0.03
     3      50    4.1e+00    0    5.6e-02  -404.88437332  -398.59215932     0.00000000   0.001578   6.3e-03   2.3e-04 0.03
     4      70    5.9e+00    0    5.0e-02  -404.88439643  -398.59218242    -0.00002311   0.001189   4.8e-03   2.3e-04 0.03
     5      80    6.5e+00    0    8.1e-02  -404.88439643  -398.59218242     0.00000000   0.001189   4.8e-03   2.3e-04 0.03
     6      42    3.4e+00    0    2.5e-02  -404.88439832  -398.59218431    -0.00000189   0.000494   2.0e-03   2.3e-04 0.03
 
RESULTS OF THE OCCUPATION OPTIMIZATION
========================================
   1    1.9999991  -92.04520098
   2    1.9994662  -9.00438552
   3    1.9986112  -6.69275974
   4    1.9985582  -6.69068394
   5    1.9988527  -6.68904117
   6    1.9785589  -0.95463237
   7    1.9670930  -0.57102249
   8    1.9714159  -0.41382448
   9    1.0000000  -0.24836401
  10    0.0088001  -0.01735097
  11    0.0174780  -0.02918762
  12    0.0058932  -0.02299669
  13    0.0010059  -0.01202397
  14    0.0011340  -0.01239157
  15    0.0007088  -0.01159781
  16    0.0004822  -0.00883285
  17    0.0000008  -0.00000514
  18    0.0085081  -0.01572378
  19    0.0064663  -0.01130472
  20    0.0045375  -0.01752898
  21    0.0000827  -0.00265434
  22    0.0001459  -0.00205210
  23    0.0006190  -0.01154750
  24    0.0000155  -0.00072842
  25    0.0000000  -0.00000069
  26    0.0077018  -0.01604976
  27    0.0061319  -0.01205096
  28    0.0042885  -0.01235948
  29    0.0000186  -0.00021118
  30    0.0000942  -0.00156437
  31    0.0000146  -0.00010779
  32    0.0000112  -0.00009783
  33    0.0000000  -0.00000048
  34    0.0018005  -0.00593885
  35    0.0007609  -0.00163512
  36    0.0020926  -0.00920289
  37    0.0000135  -0.00010120
  38    0.0000244  -0.00017978
  39    0.0000132  -0.00009882
  40    0.0000074  -0.00006010
  41    0.0000000  -0.00000038
  42    0.0008426  -0.00210063
  43    0.0004520  -0.00100275
  44    0.0018413  -0.00840618
  45    0.0000107  -0.00008015
  46    0.0000133  -0.00026312
  47    0.0000085  -0.00007195
  48    0.0000050  -0.00009556
  49    0.0000000  -0.00000039
  50    0.0003151  -0.00083260
  51    0.0004375  -0.00096239
  52    0.0018268  -0.00841717
  53    0.0000051  -0.00004566
  54    0.0000084  -0.00006742
  55    0.0000080  -0.00007248
  56    0.0000045  -0.00004556
  57    0.0000000  -0.00000027
  58    0.0002238  -0.00075634
  59    0.0004250  -0.00095912
  60    0.0004563  -0.00140018
  61    0.0000041  -0.00014997
  62    0.0000070  -0.00005643
  63    0.0000056  -0.00005277
  64    0.0000039  -0.00028139
  65    0.0000000  -0.00000025
  66    0.0002178  -0.00065935
  67    0.0004224  -0.00095631
  68    0.0002135  -0.00082225
  69    0.0000024  -0.00014149
  70    0.0000066  -0.00005395
  71    0.0000049  -0.00004230
  72    0.0000025  -0.00003768
  73    0.0000000  -0.00000018
  74    0.0001263  -0.00039498
  75    0.0001682  -0.00046115
  76    0.0001230  -0.00046647
  77    0.0000021  -0.00001247
  78    0.0000058  -0.00007972
  79    0.0000036  -0.00004170
  80    0.0000011  -0.00000837
  81    0.0000000  -0.00000012
  82    0.0000346  -0.00014846
  83    0.0001126  -0.00033537
  84    0.0000980  -0.00042196
  85    0.0000014  -0.00001056
  86    0.0000016  -0.00001156
  87    0.0000019  -0.00001583
  88    0.0000003  -0.00000321
  89    0.0000000  -0.00000013
  90    0.0000135  -0.00005475
  91    0.0000521  -0.00015633
  92    0.0000703  -0.00030755
  93    0.0000010  -0.00000630
  94    0.0000004  -0.00000373
  95    0.0000006  -0.00000422
  96    0.0000002  -0.00000197
  97    0.0000000  -0.00000008
 
----------------
 Final Energies 
----------------
Final NOF Total Energy =    -398.5921843
 
Total Orbital Internal Iterations = 282
Total Occupation Internal Iterations = 0
 
Elapsed time:   50.52 Seconds

---------------------------------
   Lowdin Population Analysis    
---------------------------------
 Idx  Atom   Population   Charge 
---------------------------------
  1     S    15.689       0.311
  2     H     1.311      -0.311

---------------------------------
   M Diagnostic: 0.03
---------------------------------

