Computing Integrals
Basis Set                                            = def2-qzvp
Auxiliary Basis Set                                  = def2-universal-jkfit
Gaussian Type                                        = Spherical
Elapsed time:    1.73 Seconds

Number of basis functions                   (NBF)    = 117
Number of auxiliary basis functions         (NBFAUX) = 113
Inactive Doubly occupied orbitals up to     (NO1)    = 0
No. considered Strongly Doubly occupied MOs (NDOC)   = 5
No. considered Strongly Singly occupied MOs (NSOC)   = 0
NO. of Weakly occ. per St. Doubly occ.  MOs (NCWO)   = 22
Dimension of the Nat. Orb. subspace         (NBF5)   = 115
No. of electrons                                     = 10
    No. of alpha electrons                           = 5
    No. of beta electrons                            = 5
Multiplicity                                         = 1

Geometry
========
 O       0.0000013       0.0000529      -0.0000000
 H       0.9356602       0.0000534       0.0000000
 H      -0.9356624       0.0000525       0.0000000

No violations of the orthonormality
No violations of the orthonormality
 
PNOF8/ADABelief Calculation
==================
 
  Nitext  Nit_orb  Time   Nit_occ  Time         Eelec          Etot           Ediff      maxdiff    MaxGrad_orb  Grad_occ
     1      10    9.9e+00    0    1.2e+01   -85.65632841   -76.32452668 -10084.65632841   0.000816   3.3e-03   1.9e-04 0.02
 
RESULTS OF THE OCCUPATION OPTIMIZATION
========================================
   1    1.9999794  -20.56052359
   2    1.9832913  -1.36272707
   3    1.9780579  -0.84117104
   4    1.9775776  -0.53362028
   5    1.9735964  -0.53319017
   6    0.0109902  -0.01810894
   7    0.0120127  -0.01897018
   8    0.0191580  -0.03417445
   9    0.0104299  -0.02111174
  10    0.0000172  -0.00058988
  11    0.0051375  -0.00956247
  12    0.0070432  -0.01352094
  13    0.0008510  -0.00270064
  14    0.0038465  -0.00925849
  15    0.0000016  -0.00002065
  16    0.0044634  -0.00899221
  17    0.0009560  -0.00266155
  18    0.0007905  -0.00274530
  19    0.0009688  -0.00651840
  20    0.0000009  -0.00000282
  21    0.0041530  -0.00834620
  22    0.0009080  -0.00278736
  23    0.0003442  -0.00109150
  24    0.0004785  -0.00149903
  25    0.0000005  -0.00004022
  26    0.0005401  -0.00140169
  27    0.0004030  -0.00120311
  28    0.0003316  -0.00107146
  29    0.0002837  -0.00110852
  30    0.0000001  -0.00000241
  31    0.0005330  -0.00177580
  32    0.0003435  -0.00101637
  33    0.0001202  -0.00052879
  34    0.0002801  -0.00107223
  35    0.0000000  -0.00000091
  36    0.0003656  -0.00109440
  37    0.0003367  -0.00101204
  38    0.0000908  -0.00037836
  39    0.0001297  -0.00142701
  40    0.0000000  -0.00000071
  41    0.0000669  -0.00024503
  42    0.0001370  -0.00050788
  43    0.0000715  -0.00029266
  44    0.0000753  -0.00030644
  45    0.0000000  -0.00000060
  46    0.0000366  -0.00017247
  47    0.0000847  -0.00028631
  48    0.0000431  -0.00021127
  49    0.0000577  -0.00021078
  50    0.0000000  -0.00000045
  51    0.0000248  -0.00012590
  52    0.0000559  -0.00021462
  53    0.0000340  -0.00018420
  54    0.0000409  -0.00014507
  55    0.0000000  -0.00000044
  56    0.0000182  -0.00007777
  57    0.0000332  -0.00016007
  58    0.0000193  -0.00010486
  59    0.0000212  -0.00013550
  60    0.0000000  -0.00000048
  61    0.0000149  -0.00005560
  62    0.0000253  -0.00014134
  63    0.0000180  -0.00011588
  64    0.0000195  -0.00013497
  65    0.0000000  -0.00000045
  66    0.0000145  -0.00005060
  67    0.0000186  -0.00010568
  68    0.0000172  -0.00011437
  69    0.0000189  -0.00010742
  70    0.0000000  -0.00000045
  71    0.0000108  -0.00004840
  72    0.0000160  -0.00006504
  73    0.0000152  -0.00006934
  74    0.0000181  -0.00010683
  75    0.0000000  -0.00000038
  76    0.0000074  -0.00003381
  77    0.0000111  -0.00005495
  78    0.0000107  -0.00005573
  79    0.0000101  -0.00005516
  80    0.0000000  -0.00000041
  81    0.0000067  -0.00002822
  82    0.0000090  -0.00005101
  83    0.0000075  -0.00004402
  84    0.0000074  -0.00004452
  85    0.0000000  -0.00000040
  86    0.0000057  -0.00001233
  87    0.0000088  -0.00004943
  88    0.0000058  -0.00003383
  89    0.0000063  -0.00002838
  90    0.0000000  -0.00000029
  91    0.0000038  -0.00000847
  92    0.0000061  -0.00003297
  93    0.0000034  -0.00000636
  94    0.0000044  -0.00001800
  95    0.0000000  -0.00000032
  96    0.0000033  -0.00000769
  97    0.0000043  -0.00000765
  98    0.0000032  -0.00000693
  99    0.0000036  -0.00001182
 100    0.0000000  -0.00000030
 101    0.0000027  -0.00000539
 102    0.0000036  -0.00001089
 103    0.0000029  -0.00000252
 104    0.0000031  -0.00001310
 105    0.0000000  -0.00000027
 106    0.0000023  -0.00000273
 107    0.0000033  -0.00001081
 108    0.0000023  -0.00000352
 109    0.0000027  -0.00000620
 110    0.0000000  -0.00000028
 111    0.0000022  -0.00000148
 112    0.0000025  -0.00000693
 113    0.0000017  -0.00000228
 114    0.0000022  -0.00000480
 115    0.0000000  -0.00000026
 
----------------
 Final Energies 
----------------
Final NOF Total Energy =     -76.3245267
 
Total Orbital Internal Iterations = 10
Total Occupation Internal Iterations = 0
 
Elapsed time:   28.20 Seconds

---------------------------------
   Lowdin Population Analysis    
---------------------------------
 Idx  Atom   Population   Charge 
---------------------------------
  1     O     7.231       0.769
  2     H     1.385      -0.385
  3     H     1.384      -0.384

---------------------------------
   M Diagnostic: 0.02
---------------------------------

