Computing Integrals
Basis Set                                            = def2-qzvp
Auxiliary Basis Set                                  = def2-universal-jkfit
Gaussian Type                                        = Spherical
Elapsed time:    4.26 Seconds

Number of basis functions                   (NBF)    = 150
Number of auxiliary basis functions         (NBFAUX) = 532
Inactive Doubly occupied orbitals up to     (NO1)    = 0
No. considered Strongly Doubly occupied MOs (NDOC)   = 36
No. considered Strongly Singly occupied MOs (NSOC)   = 0
NO. of Weakly occ. per St. Doubly occ.  MOs (NCWO)   = 3
Dimension of the Nat. Orb. subspace         (NBF5)   = 144
No. of electrons                                     = 72
    No. of alpha electrons                           = 36
    No. of beta electrons                            = 36
Multiplicity                                         = 1

Geometry
========
Kr       0.0000000       0.0000000       2.0050000
Kr       0.0000000       0.0000000      -2.0050000

No violations of the orthonormality
No violations of the orthonormality
 
PNOF8/ADABelief Calculation
==================
 
  Nitext  Nit_orb  Time   Nit_occ  Time         Eelec          Etot           Ediff      maxdiff    MaxGrad_orb  Grad_occ
     1      10    1.1e+01    0    1.2e+01 -5676.75207781 -5505.72657684 -15675.75207781   0.000806   3.2e-03   1.8e-04 0.02
 
RESULTS OF THE OCCUPATION OPTIMIZATION
========================================
   1    1.9999999  -520.22070494
   2    1.9999999  -520.21642723
   3    1.9999976  -70.01330041
   4    1.9999973  -70.00955416
   5    1.9999934  -63.07505224
   6    1.9999962  -63.07374287
   7    1.9999960  -63.07371091
   8    1.9999958  -63.07366354
   9    1.9999957  -63.07365168
  10    1.9999932  -63.07301646
  11    1.9997434  -10.87625287
  12    1.9997495  -10.87533146
  13    1.9995542  -8.36409619
  14    1.9995529  -8.36394347
  15    1.9995622  -8.36368093
  16    1.9995640  -8.36275562
  17    1.9995549  -8.36237257
  18    1.9994323  -8.36208117
  19    1.9982763  -3.85449441
  20    1.9984134  -3.85426299
  21    1.9976835  -3.85352908
  22    1.9981933  -3.85324132
  23    1.9979581  -3.85316073
  24    1.9973006  -3.85199921
  25    1.9976229  -3.85189322
  26    1.9973296  -3.85115904
  27    1.9968522  -3.85063650
  28    1.9964987  -3.85045206
  29    1.9842160  -1.18191709
  30    1.9810789  -1.18116993
  31    1.9753143  -0.55263961
  32    1.9741202  -0.55252214
  33    1.9731189  -0.55190092
  34    1.9722376  -0.55163775
  35    1.9725004  -0.55069931
  36    1.9725152  -0.55066697
  37    0.0132822  -0.03549700
  38    0.0132664  -0.03548998
  39    0.0134696  -0.03538769
  40    0.0098466  -0.03228785
  41    0.0099877  -0.03285115
  42    0.0096215  -0.03362685
  43    0.0092662  -0.04315890
  44    0.0116746  -0.04700566
  45    0.0013943  -0.00767774
  46    0.0012963  -0.00831428
  47    0.0014908  -0.01052796
  48    0.0015183  -0.01230505
  49    0.0013325  -0.01134851
  50    0.0011847  -0.00946450
  51    0.0015750  -0.01308803
  52    0.0014618  -0.01340283
  53    0.0013541  -0.01036120
  54    0.0014965  -0.01437602
  55    0.0003153  -0.00224990
  56    0.0003379  -0.00231675
  57    0.0003386  -0.00231771
  58    0.0003428  -0.00232855
  59    0.0003416  -0.00232569
  60    0.0003482  -0.00235041
  61    0.0001801  -0.00904894
  62    0.0001885  -0.00717663
  63    0.0000057  -0.00189747
  64    0.0000023  -0.00007068
  65    0.0000021  -0.00006845
  66    0.0000018  -0.00006314
  67    0.0000016  -0.00005637
  68    0.0000057  -0.00189766
  69    0.0000018  -0.00006243
  70    0.0000015  -0.00005628
  71    0.0000000  -0.00000802
  72    0.0000000  -0.00000814
  73    0.0131385  -0.03524501
  74    0.0131675  -0.03514880
  75    0.0132386  -0.03501431
  76    0.0093286  -0.03228951
  77    0.0080395  -0.03312810
  78    0.0077437  -0.03442608
  79    0.0080839  -0.03764689
  80    0.0020629  -0.00798958
  81    0.0011455  -0.01162561
  82    0.0011516  -0.00948414
  83    0.0010757  -0.00880199
  84    0.0007487  -0.00317561
  85    0.0012618  -0.00998422
  86    0.0007421  -0.00326646
  87    0.0001159  -0.00052226
  88    0.0007446  -0.00313558
  89    0.0001190  -0.00052886
  90    0.0001158  -0.00052224
  91    0.0002023  -0.00714172
  92    0.0000556  -0.00044330
  93    0.0000562  -0.00047447
  94    0.0000538  -0.00045353
  95    0.0000541  -0.00040290
  96    0.0000551  -0.00044889
  97    0.0000384  -0.00034408
  98    0.0000365  -0.00051997
  99    0.0000011  -0.00004632
 100    0.0000011  -0.00032897
 101    0.0000011  -0.00041310
 102    0.0000012  -0.00064026
 103    0.0000012  -0.00056067
 104    0.0000008  -0.00004064
 105    0.0000005  -0.00002984
 106    0.0000005  -0.00002874
 107    0.0000000  -0.00000544
 108    0.0000000  -0.00000526
 109    0.0010641  -0.00308170
 110    0.0010657  -0.00307995
 111    0.0010541  -0.00305215
 112    0.0077059  -0.03324489
 113    0.0078525  -0.03358187
 114    0.0073205  -0.03408102
 115    0.0015709  -0.00698008
 116    0.0020465  -0.00791071
 117    0.0009615  -0.00801751
 118    0.0006999  -0.00305793
 119    0.0001040  -0.00052410
 120    0.0001100  -0.00051199
 121    0.0001051  -0.00051005
 122    0.0001151  -0.00052253
 123    0.0001157  -0.00052195
 124    0.0001102  -0.00053415
 125    0.0001135  -0.00068404
 126    0.0001114  -0.00067642
 127    0.0000501  -0.00039202
 128    0.0000516  -0.00048032
 129    0.0000412  -0.00274423
 130    0.0000412  -0.00179728
 131    0.0000513  -0.00045459
 132    0.0000425  -0.00126371
 133    0.0000320  -0.00195486
 134    0.0000315  -0.00220810
 135    0.0000001  -0.00001001
 136    0.0000010  -0.00004390
 137    0.0000010  -0.00004413
 138    0.0000010  -0.00004421
 139    0.0000011  -0.00004694
 140    0.0000001  -0.00000909
 141    0.0000004  -0.00002515
 142    0.0000004  -0.00002631
 143    0.0000000  -0.00000239
 144    0.0000000  -0.00000253
 
----------------
 Final Energies 
----------------
Final NOF Total Energy =   -5505.7265768
 
Total Orbital Internal Iterations = 10
Total Occupation Internal Iterations = 0
 
Elapsed time:   29.29 Seconds

---------------------------------
   Lowdin Population Analysis    
---------------------------------
 Idx  Atom   Population   Charge 
---------------------------------
  1    Kr    36.000       0.000
  2    Kr    36.000      -0.000

---------------------------------
   M Diagnostic: 0.02
---------------------------------

