Computing Integrals
Basis Set                                            = def2-qzvp
Auxiliary Basis Set                                  = def2-universal-jkfit
Gaussian Type                                        = Spherical
Elapsed time:    4.49 Seconds

Number of basis functions                   (NBF)    = 225
Number of auxiliary basis functions         (NBFAUX) = 798
Inactive Doubly occupied orbitals up to     (NO1)    = 0
No. considered Strongly Doubly occupied MOs (NDOC)   = 54
No. considered Strongly Singly occupied MOs (NSOC)   = 0
NO. of Weakly occ. per St. Doubly occ.  MOs (NCWO)   = 3
Dimension of the Nat. Orb. subspace         (NBF5)   = 216
No. of electrons                                     = 108
    No. of alpha electrons                           = 54
    No. of beta electrons                            = 54
Multiplicity                                         = 1

Geometry
========
Kr       1.2055357       2.0880491       0.0000000
Kr       1.2055357      -2.0880491       0.0000000
Kr      -2.4110714       0.0000000       0.0000000

No violations of the orthonormality
No violations of the orthonormality
 
PNOF8/ADABelief Calculation
==================
 
  Nitext  Nit_orb  Time   Nit_occ  Time         Eelec          Etot           Ediff      maxdiff    MaxGrad_orb  Grad_occ
     1      10    1.4e+01    0    1.2e+01 -8751.27643954 -8258.60680232 -18750.27643954   0.000686   2.7e-03   2.1e-04 0.02
 
RESULTS OF THE OCCUPATION OPTIMIZATION
========================================
   1    1.9999999  -520.25605796
   2    1.9999999  -520.25404101
   3    1.9999999  -520.25222192
   4    1.9999973  -69.99989993
   5    1.9999967  -69.99639405
   6    1.9999965  -68.94278874
   7    1.9999962  -63.66907725
   8    1.9999958  -63.35291704
   9    1.9999958  -63.27313869
  10    1.9999933  -63.09281194
  11    1.9999958  -63.09275077
  12    1.9999925  -63.09203329
  13    1.9999935  -63.09003762
  14    1.9999955  -63.08893898
  15    1.9999959  -63.08508402
  16    1.9996639  -10.90716582
  17    1.9996614  -10.90706039
  18    1.9995988  -10.90304911
  19    1.9994323  -8.38643915
  20    1.9994221  -8.38612445
  21    1.9994161  -8.38524975
  22    1.9994170  -8.38441996
  23    1.9994125  -8.38407646
  24    1.9992362  -8.38112511
  25    1.9992479  -8.37357090
  26    1.9992320  -8.37345881
  27    1.9992402  -8.37343913
  28    1.9929643  -3.85684105
  29    1.9930307  -3.85670419
  30    1.9930515  -3.85662200
  31    1.9926277  -3.85652322
  32    1.9929785  -3.85645652
  33    1.9931196  -3.85640160
  34    1.9926524  -3.85615115
  35    1.9927072  -3.85601534
  36    1.9926194  -3.85596210
  37    1.9922578  -3.85593664
  38    1.9922650  -3.85558770
  39    1.9923239  -3.85532428
  40    1.9920238  -3.85473156
  41    1.9920909  -3.85431769
  42    1.9917453  -3.85416917
  43    1.9811495  -1.18166759
  44    1.9811038  -1.18109399
  45    1.9811237  -1.18081953
  46    1.9769652  -0.55427547
  47    1.9772229  -0.55404416
  48    1.9769347  -0.55387288
  49    1.9767581  -0.55343187
  50    1.9768392  -0.55334358
  51    1.9768259  -0.55327562
  52    1.9768321  -0.55280694
  53    1.9770460  -0.55276345
  54    1.9763339  -0.55224517
  55    0.0205000  -0.04181366
  56    0.0188825  -0.04109009
  57    0.0192803  -0.04137805
  58    0.0193706  -0.04135619
  59    0.0193540  -0.04134413
  60    0.0195436  -0.04148674
  61    0.0192008  -0.04127302
  62    0.0184383  -0.04089847
  63    0.0191584  -0.04126352
  64    0.0154235  -0.04096761
  65    0.0154477  -0.04099162
  66    0.0152023  -0.04080792
  67    0.0075484  -0.03831616
  68    0.0077170  -0.03850565
  69    0.0072760  -0.04335489
  70    0.0069883  -0.04860234
  71    0.0065354  -0.04338198
  72    0.0065412  -0.04339676
  73    0.0066789  -0.04368094
  74    0.0065867  -0.04367611
  75    0.0066437  -0.04368024
  76    0.0066350  -0.04383369
  77    0.0068354  -0.05429950
  78    0.0066657  -0.04370514
  79    0.0067584  -0.04397295
  80    0.0067803  -0.04404464
  81    0.0068527  -0.05423922
  82    0.0006467  -0.01897030
  83    0.0006534  -0.01901862
  84    0.0006508  -0.01868628
  85    0.0003704  -0.00247962
  86    0.0004045  -0.00251390
  87    0.0004729  -0.00458072
  88    0.0004661  -0.00452101
  89    0.0004743  -0.00451766
  90    0.0004692  -0.00422063
  91    0.0002545  -0.00208335
  92    0.0002767  -0.00213175
  93    0.0002788  -0.00213331
  94    0.0000020  -0.00006773
  95    0.0000023  -0.00007353
  96    0.0000057  -0.00181671
  97    0.0000054  -0.00173774
  98    0.0000028  -0.00008095
  99    0.0000055  -0.00170295
 100    0.0000019  -0.00006623
 101    0.0000023  -0.00007376
 102    0.0000016  -0.00005871
 103    0.0000019  -0.00006494
 104    0.0000028  -0.00008256
 105    0.0000026  -0.00007750
 106    0.0000000  -0.00000834
 107    0.0000000  -0.00000864
 108    0.0000000  -0.00000939
 109    0.0015910  -0.00369204
 110    0.0023305  -0.00813892
 111    0.0021593  -0.00736005
 112    0.0022916  -0.00789424
 113    0.0022935  -0.00790106
 114    0.0021908  -0.00742461
 115    0.0023504  -0.00812761
 116    0.0022761  -0.00804292
 117    0.0023592  -0.00818751
 118    0.0021631  -0.00844985
 119    0.0021589  -0.00843929
 120    0.0021456  -0.00845704
 121    0.0006112  -0.00389378
 122    0.0000965  -0.00049499
 123    0.0006081  -0.00391200
 124    0.0005960  -0.00314996
 125    0.0005999  -0.00342334
 126    0.0006044  -0.00414378
 127    0.0006086  -0.00384976
 128    0.0006131  -0.00498606
 129    0.0006112  -0.00428757
 130    0.0001505  -0.00665691
 131    0.0000953  -0.00049448
 132    0.0006135  -0.00468000
 133    0.0000953  -0.00049507
 134    0.0000952  -0.00049442
 135    0.0000916  -0.00048851
 136    0.0000598  -0.00041944
 137    0.0000577  -0.00041367
 138    0.0000560  -0.00040697
 139    0.0003510  -0.00237290
 140    0.0001305  -0.00755186
 141    0.0000608  -0.00042382
 142    0.0000660  -0.00077428
 143    0.0000599  -0.00041633
 144    0.0000581  -0.00041026
 145    0.0001183  -0.00766971
 146    0.0000313  -0.00179969
 147    0.0000297  -0.00230347
 148    0.0000012  -0.00052465
 149    0.0000011  -0.00050035
 150    0.0000007  -0.00003875
 151    0.0000011  -0.00016351
 152    0.0000008  -0.00003962
 153    0.0000008  -0.00003936
 154    0.0000012  -0.00064052
 155    0.0000009  -0.00004395
 156    0.0000012  -0.00032280
 157    0.0000012  -0.00064389
 158    0.0000003  -0.00002304
 159    0.0000001  -0.00001598
 160    0.0000000  -0.00000553
 161    0.0000000  -0.00000483
 162    0.0000000  -0.00000530
 163    0.0015751  -0.00367020
 164    0.0017410  -0.00518871
 165    0.0017283  -0.00511186
 166    0.0015119  -0.00364716
 167    0.0015133  -0.00364845
 168    0.0015074  -0.00363105
 169    0.0015140  -0.00365911
 170    0.0020626  -0.00710776
 171    0.0015172  -0.00366683
 172    0.0012896  -0.00362799
 173    0.0012896  -0.00362906
 174    0.0015026  -0.00513181
 175    0.0000952  -0.00049120
 176    0.0000956  -0.00049294
 177    0.0000921  -0.00048675
 178    0.0000917  -0.00048648
 179    0.0005996  -0.00355991
 180    0.0005966  -0.00356759
 181    0.0000932  -0.00049026
 182    0.0000929  -0.00048972
 183    0.0000927  -0.00049034
 184    0.0000950  -0.00049401
 185    0.0000908  -0.00048621
 186    0.0000931  -0.00049073
 187    0.0000948  -0.00049434
 188    0.0000937  -0.00049203
 189    0.0000914  -0.00048669
 190    0.0000532  -0.00039987
 191    0.0000569  -0.00041073
 192    0.0000453  -0.00036169
 193    0.0000424  -0.00127310
 194    0.0000525  -0.00041600
 195    0.0000494  -0.00080187
 196    0.0000518  -0.00073924
 197    0.0000437  -0.00063708
 198    0.0000404  -0.00118173
 199    0.0000285  -0.00145870
 200    0.0000306  -0.00205694
 201    0.0000276  -0.00223275
 202    0.0000009  -0.00004405
 203    0.0000010  -0.00004820
 204    0.0000001  -0.00001058
 205    0.0000010  -0.00004568
 206    0.0000007  -0.00003729
 207    0.0000005  -0.00003174
 208    0.0000011  -0.00017356
 209    0.0000009  -0.00004259
 210    0.0000010  -0.00008060
 211    0.0000004  -0.00002937
 212    0.0000002  -0.00002117
 213    0.0000000  -0.00000784
 214    0.0000000  -0.00000216
 215    0.0000000  -0.00000178
 216    0.0000000  -0.00000257
 
----------------
 Final Energies 
----------------
Final NOF Total Energy =   -8258.6068023
 
Total Orbital Internal Iterations = 10
Total Occupation Internal Iterations = 0
 
Elapsed time:   33.27 Seconds

---------------------------------
   Lowdin Population Analysis    
---------------------------------
 Idx  Atom   Population   Charge 
---------------------------------
  1    Kr    36.000       0.000
  2    Kr    36.000       0.000
  3    Kr    36.000      -0.000

---------------------------------
   M Diagnostic: 0.02
---------------------------------

