Computing Integrals
Basis Set                                            = def2-qzvp
Auxiliary Basis Set                                  = def2-universal-jkfit
Gaussian Type                                        = Spherical
Elapsed time:    2.23 Seconds

Number of basis functions                   (NBF)    = 140
Number of auxiliary basis functions         (NBFAUX) = 256
Inactive Doubly occupied orbitals up to     (NO1)    = 0
No. considered Strongly Doubly occupied MOs (NDOC)   = 15
No. considered Strongly Singly occupied MOs (NSOC)   = 0
NO. of Weakly occ. per St. Doubly occ.  MOs (NCWO)   = 8
Dimension of the Nat. Orb. subspace         (NBF5)   = 135
No. of electrons                                     = 30
    No. of alpha electrons                           = 15
    No. of beta electrons                            = 15
Multiplicity                                         = 1

Geometry
========
Al       0.0000000       0.0000000      -1.2132410
Cl       0.0000000       0.0000000       0.9277730

No violations of the orthonormality
No violations of the orthonormality
 
PNOF8/ADAM Calculation
==================
 
  Nitext  Nit_orb  Time   Nit_occ  Time         Eelec          Etot           Ediff      maxdiff    MaxGrad_orb  Grad_occ
     1      10    1.0e+01   25    1.2e+01  -730.31372297  -675.69104242 -10729.31372297   1.974930   7.9e+00   2.0e-04 0.01
     2      10    1.3e+00   79    8.8e-01  -746.82922837  -692.20654782   -16.51550540   1.950519   7.8e+00   2.2e-04 0.02
     3      10    1.3e+00   53    6.0e-01  -751.14885553  -696.52617498    -4.31962716   1.109313   4.4e+00   2.6e-04 0.03
     4      10    1.2e+00   43    4.9e-01  -752.79766225  -698.17498170    -1.64880672   1.114896   4.5e+00   2.9e-04 0.03
     5      10    1.3e+00   33    4.1e-01  -753.41022650  -698.78754595    -0.61256425   0.245797   9.8e-01   2.0e-04 0.03
     6      10    1.5e+00   26    3.6e-01  -754.23568106  -699.61300051    -0.82545455   0.394899   1.6e+00   2.6e-04 0.04
     7      10    1.3e+00   18    2.3e-01  -754.92134149  -700.29866094    -0.68566043   0.417814   1.7e+00   2.8e-04 0.03
     8      10    1.4e+00   17    2.4e-01  -755.29856126  -700.67588071    -0.37721977   0.286441   1.1e+00   2.4e-04 0.03
     9      10    1.5e+00   13    1.8e-01  -755.65252765  -701.02984710    -0.35396638   0.231444   9.3e-01   2.9e-04 0.03
    10      10    1.3e+00   27    3.4e-01  -755.94109240  -701.31841185    -0.28856476   0.224719   9.0e-01   1.8e-04 0.03
    11      10    1.4e+00   15    1.6e-01  -756.08325964  -701.46057909    -0.14216724   0.376172   1.5e+00   2.3e-04 0.03
    12      10    1.3e+00   12    1.6e-01  -756.15672565  -701.53404510    -0.07346601   0.421156   1.7e+00   2.5e-04 0.03
    13      10    1.3e+00   12    1.9e-01  -756.24719623  -701.62451568    -0.09047058   0.844459   3.4e+00   2.5e-04 0.03
    14      10    1.4e+00   18    2.5e-01  -756.33730585  -701.71462530    -0.09010962   0.297003   1.2e+00   2.5e-04 0.03
    15      10    1.5e+00   15    1.9e-01  -756.34803445  -701.72535389    -0.01072859   0.408360   1.6e+00   2.1e-04 0.03
    16      10    1.4e+00   15    1.9e-01  -756.36767636  -701.74499581    -0.01964191   0.372694   1.5e+00   2.0e-04 0.03
    17      10    1.4e+00   14    1.9e-01  -756.49161584  -701.86893529    -0.12393948   0.349726   1.4e+00   2.5e-04 0.03
    18      10    1.3e+00    9    1.5e-01  -756.52527660  -701.90259605    -0.03366075   0.368483   1.5e+00   2.2e-04 0.03
    19      10    1.3e+00    0    3.1e-02  -756.52551958  -701.90283903    -0.00024298   0.368483   1.5e+00   2.2e-04 0.03
    20      30    4.2e+00   15    2.2e-01  -756.89683706  -702.27415650    -0.37131747   0.053461   2.1e-01   1.8e-04 0.03
    21      30    3.9e+00   14    1.9e-01  -756.93918371  -702.31650316    -0.04234665   0.028005   1.1e-01   2.0e-04 0.03
    22      30    4.1e+00   14    2.1e-01  -756.95349361  -702.33081306    -0.01430991   0.023196   9.3e-02   1.7e-04 0.02
    23      30    3.8e+00    6    1.4e-01  -756.95784076  -702.33516021    -0.00434715   0.016358   6.5e-02   2.1e-04 0.02
    24      30    4.2e+00    6    1.3e-01  -756.95837765  -702.33569710    -0.00053689   0.014092   5.6e-02   2.1e-04 0.02
    25      30    4.1e+00    9    1.4e-01  -756.95926915  -702.33658860    -0.00089151   0.011765   4.7e-02   2.6e-04 0.02
    26      30    4.3e+00    9    1.5e-01  -756.95939757  -702.33671702    -0.00012842   0.011719   4.7e-02   2.6e-04 0.02
    27      30    3.9e+00   11    1.6e-01  -756.95980484  -702.33712429    -0.00040727   0.012627   5.1e-02   1.9e-04 0.02
    28      30    4.1e+00   11    1.8e-01  -756.96009419  -702.33741364    -0.00028935   0.010394   4.2e-02   1.6e-04 0.02
    29      30    3.9e+00    0    2.6e-02  -756.96014282  -702.33746227    -0.00004863   0.010394   4.2e-02   1.6e-04 0.02
    30      50    6.7e+00    5    7.1e-02  -756.96194900  -702.33926845    -0.00180618   0.002427   9.7e-03   1.8e-04 0.02
    31      50    6.4e+00    4    1.3e-01  -756.96210556  -702.33942501    -0.00015656   0.002487   9.9e-03   2.5e-04 0.02
    32      50    6.6e+00    4    8.4e-02  -756.96224357  -702.33956301    -0.00013800   0.006625   2.7e-02   2.7e-04 0.02
    33      50    6.7e+00    9    1.2e-01  -756.96236912  -702.33968857    -0.00012555   0.001917   7.7e-03   1.9e-04 0.02
    34      50    6.8e+00    4    6.0e-02  -756.96249988  -702.33981933    -0.00013077   0.002142   8.6e-03   1.8e-04 0.02
    35      50    6.7e+00    4    6.8e-02  -756.96260467  -702.33992412    -0.00010478   0.001918   7.7e-03   2.2e-04 0.02
    36      50    6.5e+00    4    7.3e-02  -756.96269751  -702.34001696    -0.00009285   0.002513   1.0e-02   2.3e-04 0.02
    37      50    6.8e+00    6    1.3e-01  -756.96280132  -702.34012076    -0.00010380   0.002110   8.4e-03   2.2e-04 0.02
    38      50    6.8e+00    4    1.5e-01  -756.96289850  -702.34021795    -0.00009719   0.002090   8.4e-03   2.4e-04 0.02
    39      50    6.7e+00    7    1.3e-01  -756.96297415  -702.34029360    -0.00007564   0.002385   9.5e-03   1.4e-04 0.02
    40      50    6.8e+00    3    5.5e-02  -756.96305773  -702.34037718    -0.00008359   0.002340   9.4e-03   2.5e-04 0.02
 
RESULTS OF THE OCCUPATION OPTIMIZATION
========================================
   1    1.9999993  -97.02703481
   2    1.9999985  -66.42689334
   3    1.9998769  -10.56319633
   4    1.9995774  -7.98681449
   5    1.9995095  -7.67913389
   6    1.9991799  -6.76019338
   7    1.9992255  -6.63491760
   8    1.9954049  -3.26109745
   9    1.9938628  -3.26007232
  10    1.9946211  -3.25830168
  11    1.9813254  -1.07653371
  12    1.9776181  -0.49141508
  13    1.9754831  -0.48462953
  14    1.9712511  -0.48028966
  15    1.9739625  -0.44041882
  16    0.0197047  -0.03361849
  17    0.0077556  -0.01586407
  18    0.0097922  -0.02250100
  19    0.0078602  -0.01996297
  20    0.0073988  -0.02634454
  21    0.0049244  -0.02358195
  22    0.0048660  -0.03086985
  23    0.0038363  -0.02052471
  24    0.0005162  -0.00929580
  25    0.0007083  -0.01258679
  26    0.0004226  -0.00924626
  27    0.0003637  -0.00847258
  28    0.0000965  -0.00376760
  29    0.0000006  -0.00000724
  30    0.0000003  -0.00000330
  31    0.0027107  -0.00832257
  32    0.0076479  -0.01559953
  33    0.0070772  -0.01656779
  34    0.0059021  -0.01862982
  35    0.0068400  -0.02028580
  36    0.0001520  -0.00167361
  37    0.0010041  -0.00659387
  38    0.0004219  -0.00646797
  39    0.0001065  -0.00113691
  40    0.0000270  -0.00017073
  41    0.0000201  -0.00020977
  42    0.0000153  -0.00052304
  43    0.0000060  -0.00021656
  44    0.0000003  -0.00000496
  45    0.0000001  -0.00000164
  46    0.0009021  -0.00204006
  47    0.0074744  -0.01554972
  48    0.0021812  -0.00840470
  49    0.0021413  -0.00854721
  50    0.0021154  -0.00974810
  51    0.0000816  -0.00113061
  52    0.0001586  -0.00144142
  53    0.0001963  -0.00123434
  54    0.0000655  -0.00079414
  55    0.0000248  -0.00016423
  56    0.0000187  -0.00061106
  57    0.0000128  -0.00011431
  58    0.0000054  -0.00004947
  59    0.0000001  -0.00000232
  60    0.0000001  -0.00000150
  61    0.0008206  -0.00178712
  62    0.0022341  -0.00798594
  63    0.0021723  -0.00800781
  64    0.0020679  -0.00829203
  65    0.0007145  -0.00244919
  66    0.0000630  -0.00032613
  67    0.0000314  -0.00016298
  68    0.0000521  -0.00023964
  69    0.0000246  -0.00018438
  70    0.0000181  -0.00045060
  71    0.0000124  -0.00009490
  72    0.0000109  -0.00008857
  73    0.0000041  -0.00002463
  74    0.0000001  -0.00000221
  75    0.0000001  -0.00000143
  76    0.0007774  -0.00168312
  77    0.0020161  -0.00694943
  78    0.0021125  -0.00815648
  79    0.0020450  -0.00821861
  80    0.0006594  -0.00222433
  81    0.0000573  -0.00054365
  82    0.0000259  -0.00014646
  83    0.0000357  -0.00024936
  84    0.0000218  -0.00016012
  85    0.0000123  -0.00008690
  86    0.0000064  -0.00012645
  87    0.0000088  -0.00009939
  88    0.0000032  -0.00002385
  89    0.0000001  -0.00000208
  90    0.0000001  -0.00000062
  91    0.0007085  -0.00162212
  92    0.0013131  -0.00408811
  93    0.0005652  -0.00151380
  94    0.0016323  -0.00701850
  95    0.0003810  -0.00166499
  96    0.0000405  -0.00021303
  97    0.0000230  -0.00012374
  98    0.0000230  -0.00011308
  99    0.0000182  -0.00028475
 100    0.0000116  -0.00008682
 101    0.0000056  -0.00032106
 102    0.0000048  -0.00005265
 103    0.0000030  -0.00002074
 104    0.0000001  -0.00000164
 105    0.0000000  -0.00000043
 106    0.0002718  -0.00075229
 107    0.0002155  -0.00070789
 108    0.0003915  -0.00119849
 109    0.0004950  -0.00143289
 110    0.0002978  -0.00134662
 111    0.0000317  -0.00019276
 112    0.0000218  -0.00010563
 113    0.0000213  -0.00010111
 114    0.0000167  -0.00018497
 115    0.0000101  -0.00011799
 116    0.0000025  -0.00005989
 117    0.0000036  -0.00003383
 118    0.0000026  -0.00001699
 119    0.0000001  -0.00000151
 120    0.0000000  -0.00000043
 121    0.0001416  -0.00034500
 122    0.0000923  -0.00027733
 123    0.0002248  -0.00071640
 124    0.0002380  -0.00082672
 125    0.0002676  -0.00118934
 126    0.0000284  -0.00016099
 127    0.0000064  -0.00003458
 128    0.0000085  -0.00004481
 129    0.0000048  -0.00017522
 130    0.0000079  -0.00004916
 131    0.0000022  -0.00007004
 132    0.0000026  -0.00027889
 133    0.0000022  -0.00004497
 134    0.0000001  -0.00000085
 135    0.0000000  -0.00000040
 
----------------
 Final Energies 
----------------
Final NOF Total Energy =    -702.3403772
 
Total Orbital Internal Iterations = 1040
Total Occupation Internal Iterations = 593
 
Elapsed time:  181.58 Seconds

---------------------------------
   Lowdin Population Analysis    
---------------------------------
 Idx  Atom   Population   Charge 
---------------------------------
  1    Al    13.368      -0.368
  2    Cl    16.632       0.368

---------------------------------
   M Diagnostic: 0.02
---------------------------------

