Computing Integrals
Basis Set                                            = def2-qzvp
Auxiliary Basis Set                                  = def2-universal-jkfit
Gaussian Type                                        = Spherical
Elapsed time:    1.77 Seconds

Number of basis functions                   (NBF)    = 147
Number of auxiliary basis functions         (NBFAUX) = 131
Inactive Doubly occupied orbitals up to     (NO1)    = 0
No. considered Strongly Doubly occupied MOs (NDOC)   = 5
No. considered Strongly Singly occupied MOs (NSOC)   = 0
NO. of Weakly occ. per St. Doubly occ.  MOs (NCWO)   = 1
Dimension of the Nat. Orb. subspace         (NBF5)   = 10
No. of electrons                                     = 10
    No. of alpha electrons                           = 5
    No. of beta electrons                            = 5
Multiplicity                                         = 1

Geometry
========
 N      -1.1034606      -0.0827629       1.6412648
 H      -0.6074639      -0.9640336       1.5597673
 H      -0.5860341       0.4458293       2.3356394
 H      -0.9084707       0.4026524       0.7537072

No violations of the orthonormality
No violations of the orthonormality
 
PNOF8/ADABelief Calculation
==================
 
  Nitext  Nit_orb  Time   Nit_occ  Time         Eelec          Etot           Ediff      maxdiff    MaxGrad_orb  Grad_occ
     1      10    9.4e+00    0    1.2e+01   -68.28435394   -56.40246386 -10067.28435394   0.000495   2.0e-03   1.7e-04 0.03
 
RESULTS OF THE OCCUPATION OPTIMIZATION
========================================
   1    1.9997125  -15.55238606
   2    1.9885437  -1.06566097
   3    1.9687315  -0.61204599
   4    1.9687077  -0.61202769
   5    1.9677422  -0.60654052
   6    0.0322578  -0.03175192
   7    0.0312923  -0.03119535
   8    0.0312685  -0.03118603
   9    0.0114563  -0.01822220
  10    0.0002875  -0.00732972
 
----------------
 Final Energies 
----------------
Final NOF Total Energy =     -56.4024639
 
Total Orbital Internal Iterations = 10
Total Occupation Internal Iterations = 0
 
Elapsed time:   27.52 Seconds

---------------------------------
   Lowdin Population Analysis    
---------------------------------
 Idx  Atom   Population   Charge 
---------------------------------
  1     N     6.435       0.565
  2     H     1.195      -0.195
  3     H     1.195      -0.195
  4     H     1.175      -0.175

---------------------------------
   M Diagnostic: 0.03
---------------------------------

