Computing Integrals
Basis Set                                            = def2-qzvp
Auxiliary Basis Set                                  = def2-universal-jkfit
Gaussian Type                                        = Spherical
Elapsed time:    2.16 Seconds

Number of basis functions                   (NBF)    = 121
Number of auxiliary basis functions         (NBFAUX) = 240
Inactive Doubly occupied orbitals up to     (NO1)    = 0
No. considered Strongly Doubly occupied MOs (NDOC)   = 14
No. considered Strongly Singly occupied MOs (NSOC)   = 0
NO. of Weakly occ. per St. Doubly occ.  MOs (NCWO)   = 1
Dimension of the Nat. Orb. subspace         (NBF5)   = 28
No. of electrons                                     = 28
    No. of alpha electrons                           = 14
    No. of beta electrons                            = 14
Multiplicity                                         = 1

Geometry
========
Mg       0.0000000       0.0000000      -1.0662361
 S       0.0000000       0.0000000       1.0662361

No violations of the orthonormality
No violations of the orthonormality
 
PNOF8/ADABelief Calculation
==================
 
  Nitext  Nit_orb  Time   Nit_occ  Time         Eelec          Etot           Ediff      maxdiff    MaxGrad_orb  Grad_occ
     1      10    9.7e+00    0    1.2e+01  -645.24231359  -597.59723004 -10644.24231359   0.001477   5.9e-03   7.3e-05 0.04
     2      30    1.6e+00    0    5.1e-02  -645.24231359  -597.59723004     0.00000000   0.001477   5.9e-03   7.3e-05 0.04
     3      50    3.7e+00    0    1.6e-02  -645.24231359  -597.59723004     0.00000000   0.001477   5.9e-03   7.3e-05 0.04
     4      70    5.1e+00    0    5.3e-02  -645.24231359  -597.59723004     0.00000000   0.001477   5.9e-03   7.3e-05 0.04
     5      90    5.5e+00    0    1.4e-02  -645.24232477  -597.59724123    -0.00001118   0.000509   2.0e-03   1.6e-04 0.04
 
RESULTS OF THE OCCUPATION OPTIMIZATION
========================================
   1    1.9999626  -91.94087467
   2    1.9999461  -49.10201212
   3    1.9991882  -8.89275516
   4    1.9985878  -6.58268788
   5    1.9988319  -6.58176494
   6    1.9988196  -6.57985314
   7    1.9977609  -3.83145677
   8    1.9969811  -2.34686628
   9    1.9969896  -2.34645799
  10    1.9953723  -2.34475425
  11    1.9903169  -0.83507575
  12    1.9635913  -0.33023977
  13    1.9650054  -0.32980485
  14    1.9651359  -0.32979584
  15    0.0348641  -0.03316848
  16    0.0349946  -0.03326766
  17    0.0364087  -0.03434658
  18    0.0096831  -0.02861670
  19    0.0046277  -0.02783911
  20    0.0030104  -0.01445815
  21    0.0030189  -0.01448875
  22    0.0022391  -0.01341572
  23    0.0011804  -0.01778313
  24    0.0011681  -0.01768544
  25    0.0014122  -0.01739756
  26    0.0008118  -0.01514088
  27    0.0000539  -0.00524108
  28    0.0000374  -0.00618400
 
----------------
 Final Energies 
----------------
Final NOF Total Energy =    -597.5972412
 
Total Orbital Internal Iterations = 250
Total Occupation Internal Iterations = 0
 
Elapsed time:   44.25 Seconds

---------------------------------
   Lowdin Population Analysis    
---------------------------------
 Idx  Atom   Population   Charge 
---------------------------------
  1    Mg    12.063      -0.063
  2     S    15.937       0.063

---------------------------------
   M Diagnostic: 0.04
---------------------------------

