Computing Integrals
Basis Set                                            = def2-qzvp
Auxiliary Basis Set                                  = def2-universal-jkfit
Gaussian Type                                        = Spherical
Elapsed time:    1.97 Seconds

Number of basis functions                   (NBF)    = 113
Number of auxiliary basis functions         (NBFAUX) = 237
Inactive Doubly occupied orbitals up to     (NO1)    = 0
No. considered Strongly Doubly occupied MOs (NDOC)   = 14
No. considered Strongly Singly occupied MOs (NSOC)   = 0
NO. of Weakly occ. per St. Doubly occ.  MOs (NCWO)   = 1
Dimension of the Nat. Orb. subspace         (NBF5)   = 28
No. of electrons                                     = 28
    No. of alpha electrons                           = 14
    No. of beta electrons                            = 14
Multiplicity                                         = 1

Geometry
========
 K       0.0000000       0.0000000      -1.0888710
 F       0.0000000       0.0000000       1.0888710

No violations of the orthonormality
No violations of the orthonormality
 
PNOF8/ADABelief Calculation
==================
 
  Nitext  Nit_orb  Time   Nit_occ  Time         Eelec          Etot           Ediff      maxdiff    MaxGrad_orb  Grad_occ
     1      10    9.3e+00    0    1.2e+01  -740.69636118  -699.14455316 -10739.69636118   0.000489   2.0e-03   1.8e-04 0.03
 
RESULTS OF THE OCCUPATION OPTIMIZATION
========================================
   1    1.9999889  -133.49860574
   2    1.9998468  -23.55488048
   3    1.9998053  -16.99529663
   4    1.9997015  -11.45779967
   5    1.9994371  -11.45630799
   6    1.9995010  -11.45623257
   7    1.9903146  -1.71737398
   8    1.9900495  -1.34364678
   9    1.9765713  -0.83317915
  10    1.9757737  -0.82400438
  11    1.9756173  -0.81700833
  12    1.9745772  -0.71744790
  13    1.9714225  -0.53092748
  14    1.9759597  -0.46007757
  15    0.0240403  -0.02757747
  16    0.0285775  -0.03646759
  17    0.0254228  -0.03067557
  18    0.0243827  -0.02968663
  19    0.0242263  -0.02960405
  20    0.0234287  -0.02901104
  21    0.0099505  -0.02621303
  22    0.0096854  -0.03518842
  23    0.0004990  -0.00896096
  24    0.0005629  -0.01112327
  25    0.0002985  -0.00767617
  26    0.0001947  -0.00375323
  27    0.0001532  -0.00619768
  28    0.0000111  -0.00299799
 
----------------
 Final Energies 
----------------
Final NOF Total Energy =    -699.1445532
 
Total Orbital Internal Iterations = 10
Total Occupation Internal Iterations = 0
 
Elapsed time:   27.50 Seconds

---------------------------------
   Lowdin Population Analysis    
---------------------------------
 Idx  Atom   Population   Charge 
---------------------------------
  1     K    18.471       0.529
  2     F     9.529      -0.529

---------------------------------
   M Diagnostic: 0.03
---------------------------------

