Computing Integrals
Basis Set                                            = def2-qzvp
Auxiliary Basis Set                                  = def2-universal-jkfit
Gaussian Type                                        = Spherical
Elapsed time:    1.78 Seconds

Number of basis functions                   (NBF)    = 144
Number of auxiliary basis functions         (NBFAUX) = 170
Inactive Doubly occupied orbitals up to     (NO1)    = 0
No. considered Strongly Doubly occupied MOs (NDOC)   = 7
No. considered Strongly Singly occupied MOs (NSOC)   = 0
NO. of Weakly occ. per St. Doubly occ.  MOs (NCWO)   = 1
Dimension of the Nat. Orb. subspace         (NBF5)   = 14
No. of electrons                                     = 14
    No. of alpha electrons                           = 7
    No. of beta electrons                            = 7
Multiplicity                                         = 1

Geometry
========
 C       0.0000000       0.0000000      -0.0290264
 N       0.0000000       0.0000000       1.1239783
 H       0.0000000       0.0000000      -1.0949519

No violations of the orthonormality
No violations of the orthonormality
 
PNOF8/ADAM Calculation
==================
 
  Nitext  Nit_orb  Time   Nit_occ  Time         Eelec          Etot           Ediff      maxdiff    MaxGrad_orb  Grad_occ
     1      10    9.3e+00   12    1.2e+01  -108.50049039   -84.57635920 -10107.50049039   0.694274   2.8e+00   1.2e-04 0.03
     2      10    1.9e-01    9    6.4e-03  -112.56347225   -88.63934106    -4.06298185   0.424306   1.7e+00   8.5e-05 0.04
     3      10    1.2e+00    7    2.0e-02  -114.51356330   -90.58943212    -1.95009106   0.345540   1.4e+00   1.6e-04 0.05
     4      10    3.4e-01    4    5.9e-03  -115.56002021   -91.63588902    -1.04645691   0.247997   9.9e-01   8.4e-05 0.05
     5      10    8.5e-01    4    1.9e-02  -116.15305697   -92.22892579    -0.59303676   0.230031   9.2e-01   1.2e-04 0.05
     6      10    6.4e-01    4    1.9e-02  -116.48874951   -92.56461832    -0.33569254   0.215855   8.6e-01   2.0e-04 0.04
     7      10    1.0e+00    4    2.6e-02  -116.71117347   -92.78704228    -0.22242396   0.301664   1.2e+00   1.7e-04 0.04
     8      10    1.3e+00    5    6.4e-03  -116.88490962   -92.96077843    -0.17373615   0.174260   7.0e-01   1.4e-04 0.04
     9      10    1.0e+00    5    1.1e-02  -116.99696165   -93.07283046    -0.11205203   0.131205   5.2e-01   1.4e-04 0.04
    10      10    5.2e-01    4    1.4e-02  -117.05875402   -93.13462284    -0.06179238   0.114579   4.6e-01   2.0e-04 0.04
    11      10    4.7e-01    4    1.0e-02  -117.09348324   -93.16935205    -0.03472921   0.113177   4.5e-01   1.7e-04 0.05
    12      10    4.4e-01    2    2.7e-02  -117.10461618   -93.18048499    -0.01113294   0.097794   3.9e-01   1.9e-04 0.05
    13      10    5.0e-01    4    1.4e-02  -117.10668859   -93.18255740    -0.00207241   0.118243   4.7e-01   6.7e-05 0.05
    14      10    5.5e-01    2    3.2e-02  -117.10752523   -93.18339405    -0.00083664   0.098386   3.9e-01   1.0e-04 0.05
    15      10    4.6e-01    2    1.7e-02  -117.10924574   -93.18511456    -0.00172051   0.110573   4.4e-01   1.1e-04 0.05
    16      10    4.2e-01    2    6.5e-03  -117.11025507   -93.18612388    -0.00100932   0.102592   4.1e-01   1.2e-04 0.05
    17      10    3.7e-01    2    1.1e-02  -117.11118428   -93.18705309    -0.00092921   0.109831   4.4e-01   1.5e-04 0.05
    18      10    3.8e-01    2    8.4e-03  -117.11188310   -93.18775192    -0.00069883   0.108822   4.4e-01   1.6e-04 0.05
    19      10    3.5e-01    2    5.6e-03  -117.11327015   -93.18913897    -0.00138705   0.092945   3.7e-01   1.3e-04 0.05
    20      10    6.4e-01    2    3.3e-02  -117.11375663   -93.18962544    -0.00048648   0.104727   4.2e-01   1.3e-04 0.05
    21      10    4.2e-01    2    3.3e-03  -117.11469973   -93.19056855    -0.00094311   0.099615   4.0e-01   9.0e-05 0.05
    22      10    4.2e-01    2    5.6e-03  -117.11473691   -93.19060573    -0.00003718   0.088717   3.5e-01   6.7e-05 0.05
    23      10    5.8e-01    2    1.7e-02  -117.11483642   -93.19070523    -0.00009950   0.104421   4.2e-01   6.3e-05 0.05
    24      10    7.9e-01    2    9.5e-03  -117.11507204   -93.19094085    -0.00023562   0.107413   4.3e-01   3.8e-05 0.05
    25      10    1.1e+00    0    4.1e-02  -117.11507517   -93.19094398    -0.00000313   0.107413   4.3e-01   3.8e-05 0.05
    26      30    2.0e+00    1    3.6e-03  -117.12075811   -93.19662692    -0.00568294   0.000936   3.7e-03   1.2e-04 0.05
 
RESULTS OF THE OCCUPATION OPTIMIZATION
========================================
   1    1.9997659  -15.52495953
   2    1.9995314  -11.33757242
   3    1.9890864  -1.07569449
   4    1.9795350  -0.82787857
   5    1.9767215  -0.75046895
   6    1.9489455  -0.51070119
   7    1.9488625  -0.51006289
   8    0.0511375  -0.04714651
   9    0.0510545  -0.04712728
  10    0.0232785  -0.03308765
  11    0.0204650  -0.02317246
  12    0.0109136  -0.01944358
  13    0.0004686  -0.00848831
  14    0.0002341  -0.00627959
 
----------------
 Final Energies 
----------------
Final NOF Total Energy =     -93.1966269
 
Total Orbital Internal Iterations = 280
Total Occupation Internal Iterations = 91
 
Elapsed time:   47.20 Seconds

---------------------------------
   Lowdin Population Analysis    
---------------------------------
 Idx  Atom   Population   Charge 
---------------------------------
  1     C     5.961       0.039
  2     N     6.888       0.112
  3     H     1.150      -0.150

---------------------------------
   M Diagnostic: 0.05
---------------------------------

