Computing Integrals
Basis Set                                            = def2-qzvp
Auxiliary Basis Set                                  = def2-universal-jkfit
Gaussian Type                                        = Spherical
Elapsed time:    1.72 Seconds

Number of basis functions                   (NBF)    = 70
Number of auxiliary basis functions         (NBFAUX) = 128
Inactive Doubly occupied orbitals up to     (NO1)    = 0
No. considered Strongly Doubly occupied MOs (NDOC)   = 8
No. considered Strongly Singly occupied MOs (NSOC)   = 1
NO. of Weakly occ. per St. Doubly occ.  MOs (NCWO)   = 1
Dimension of the Nat. Orb. subspace         (NBF5)   = 17
No. of electrons                                     = 17
    No. of alpha electrons                           = 9
    No. of beta electrons                            = 8
Multiplicity                                         = 2

Geometry
========
Cl       0.0000000       0.0000000       0.0000000

No violations of the orthonormality
No violations of the orthonormality
 
PNOF8/ADAM Calculation
==================
 
  Nitext  Nit_orb  Time   Nit_occ  Time         Eelec          Etot           Ediff      maxdiff    MaxGrad_orb  Grad_occ
     1      10    9.0e+00   11    1.2e+01  -435.14431866  -435.14431866 -10434.14431866   3.107391   1.2e+01   1.4e-04 0.01
     2      10    2.8e-02    8    6.2e-04  -447.85893917  -447.85893917   -12.71462051   1.887076   7.5e+00   8.0e-05 0.02
     3      10    1.1e-02    4    4.7e-04  -454.13741789  -454.13741789    -6.27847872   1.159392   4.6e+00   1.2e-04 0.02
     4      10    9.8e-03    7    5.4e-04  -456.86433779  -456.86433779    -2.72691990   0.672970   2.7e+00   7.9e-05 0.02
     5      10    1.7e-02    4    4.7e-04  -457.95658199  -457.95658199    -1.09224420   0.257129   1.0e+00   2.5e-04 0.03
     6      10    9.5e-03    8    6.2e-04  -458.43816337  -458.43816337    -0.48158139   0.194738   7.8e-01   9.9e-05 0.04
     7      10    9.7e-03    4    4.7e-04  -458.78674749  -458.78674749    -0.34858412   0.419066   1.7e+00   2.2e-04 0.05
     8      10    9.6e-03    4    4.6e-04  -458.98456509  -458.98456509    -0.19781760   0.300903   1.2e+00   1.4e-04 0.05
     9      10    9.9e-03    7    9.9e-04  -459.16047161  -459.16047161    -0.17590653   0.495495   2.0e+00   6.9e-05 0.04
    10      10    8.1e-03    5    2.0e-03  -459.30184642  -459.30184642    -0.14137480   0.315685   1.3e+00   2.4e-04 0.04
    11      10    1.5e-02    4    4.8e-04  -459.43539278  -459.43539278    -0.13354637   0.310896   1.2e+00   1.6e-04 0.03
    12      10    9.1e-03    3    4.3e-04  -459.52650332  -459.52650332    -0.09111053   0.278333   1.1e+00   2.1e-04 0.03
    13      10    8.4e-03    3    4.5e-04  -459.60951913  -459.60951913    -0.08301581   0.293191   1.2e+00   8.9e-05 0.03
    14      10    7.7e-03    3    4.4e-04  -459.66294804  -459.66294804    -0.05342891   0.284656   1.1e+00   5.9e-05 0.02
    15      10    1.4e-02    3    3.9e-03  -459.69232295  -459.69232295    -0.02937491   0.253687   1.0e+00   3.0e-05 0.02
    16      10    1.6e-02    2    4.1e-04  -459.71997526  -459.71997526    -0.02765231   0.318094   1.3e+00   9.5e-05 0.02
    17      10    1.1e-02    2    3.9e-04  -459.72924880  -459.72924880    -0.00927353   0.298236   1.2e+00   7.1e-05 0.02
    18      10    8.8e-03    2    1.9e-03  -459.73101216  -459.73101216    -0.00176336   0.289524   1.2e+00   2.7e-05 0.02
    19      10    1.9e-02    0    4.1e-04  -459.73102425  -459.73102425    -0.00001209   0.289524   1.2e+00   2.7e-05 0.02
    20      30    3.8e-02    2    8.5e-04  -459.75096203  -459.75096203    -0.01993778   0.037504   1.5e-01   5.1e-05 0.02
    21      30    4.5e-02    2    1.5e-03  -459.75494788  -459.75494788    -0.00398585   0.024891   1.0e-01   6.2e-05 0.02
    22      30    2.5e-02    1    6.2e-04  -459.75630139  -459.75630139    -0.00135351   0.013456   5.4e-02   1.5e-04 0.02
    23      30    3.5e-02    1    1.8e-03  -459.75713109  -459.75713109    -0.00082970   0.010379   4.2e-02   1.4e-04 0.02
    24      30    3.4e-02    1    4.2e-04  -459.75747577  -459.75747577    -0.00034468   0.010690   4.3e-02   1.2e-04 0.03
    25      30    3.0e-02    1    3.7e-04  -459.75771820  -459.75771820    -0.00024243   0.010149   4.1e-02   1.1e-04 0.03
    26      30    4.8e-02    1    3.7e-04  -459.75791917  -459.75791917    -0.00020097   0.011118   4.4e-02   1.1e-04 0.03
    27      30    2.7e-02    1    5.3e-04  -459.75805331  -459.75805331    -0.00013414   0.010230   4.1e-02   8.1e-05 0.03
    28      30    2.9e-02    1    3.8e-04  -459.75818187  -459.75818187    -0.00012856   0.010961   4.4e-02   8.2e-05 0.03
    29      30    2.5e-02    1    4.8e-04  -459.75825391  -459.75825391    -0.00007204   0.010363   4.1e-02   8.6e-05 0.03
    30      30    2.5e-02    1    3.7e-04  -459.75836671  -459.75836671    -0.00011280   0.010379   4.2e-02   9.8e-05 0.03
    31      30    2.7e-02    1    7.0e-04  -459.75843897  -459.75843897    -0.00007226   0.010126   4.1e-02   1.3e-04 0.03
    32      30    3.6e-02    2    4.0e-04  -459.75855413  -459.75855413    -0.00011516   0.010048   4.0e-02   1.6e-04 0.03
    33      30    3.0e-02    1    3.7e-04  -459.75863165  -459.75863165    -0.00007752   0.011025   4.4e-02   1.3e-04 0.03
    34      30    2.4e-02    2    4.3e-04  -459.75879230  -459.75879230    -0.00016065   0.009733   3.9e-02   1.8e-04 0.03
    35      30    2.3e-02    2    4.2e-04  -459.75887192  -459.75887192    -0.00007961   0.011170   4.5e-02   1.7e-04 0.03
    36      30    2.3e-02    2    4.2e-04  -459.75902340  -459.75902340    -0.00015148   0.010545   4.2e-02   1.7e-04 0.03
    37      30    2.9e-02    2    4.2e-04  -459.75912702  -459.75912702    -0.00010362   0.010629   4.3e-02   2.0e-04 0.03
    38      30    2.8e-02    2    5.2e-04  -459.75926372  -459.75926372    -0.00013671   0.010503   4.2e-02   2.0e-04 0.03
    39      30    2.1e-02    3    4.8e-04  -459.75934244  -459.75934244    -0.00007872   0.010546   4.2e-02   5.8e-05 0.03
    40      30    2.1e-02    2    4.0e-04  -459.75943763  -459.75943763    -0.00009518   0.011525   4.6e-02   1.4e-04 0.03
 
RESULTS OF THE OCCUPATION OPTIMIZATION
========================================
   1    1.9999702  -104.92799782
   2    1.9992442  -10.61168181
   3    1.9989869  -8.07767764
   4    1.9985019  -8.07737880
   5    1.9989964  -8.07499247
   6    1.9889002  -1.08075908
   7    1.9747524  -0.50412288
   8    1.9748645  -0.50134075
   9    1.0000000  -0.29040753
  10    0.0251355  -0.02580644
  11    0.0252476  -0.02589072
  12    0.0110998  -0.02768751
  13    0.0010036  -0.01872958
  14    0.0014981  -0.02311588
  15    0.0010131  -0.01876364
  16    0.0007558  -0.01685303
  17    0.0000298  -0.00582845
 
----------------
 Final Energies 
----------------
Final NOF Total Energy =    -459.7594376
 
Total Orbital Internal Iterations = 820
Total Occupation Internal Iterations = 116
 
Elapsed time:   28.04 Seconds

---------------------------------
   Lowdin Population Analysis    
---------------------------------
 Idx  Atom   Population   Charge 
---------------------------------
  1    Cl    17.000       0.000

---------------------------------
   M Diagnostic: 0.03
---------------------------------

