Computing Integrals
Basis Set                                            = def2-qzvp
Auxiliary Basis Set                                  = def2-universal-jkfit
Gaussian Type                                        = Spherical
Elapsed time:    1.85 Seconds

Number of basis functions                   (NBF)    = 117
Number of auxiliary basis functions         (NBFAUX) = 113
Inactive Doubly occupied orbitals up to     (NO1)    = 0
No. considered Strongly Doubly occupied MOs (NDOC)   = 5
No. considered Strongly Singly occupied MOs (NSOC)   = 1
NO. of Weakly occ. per St. Doubly occ.  MOs (NCWO)   = 1
Dimension of the Nat. Orb. subspace         (NBF5)   = 11
No. of electrons                                     = 11
    No. of alpha electrons                           = 6
    No. of beta electrons                            = 5
Multiplicity                                         = 2

Geometry
========
 H       0.0000000       0.0000000       1.1372178
 F       0.0000000       0.0000000       0.0000000
 H       0.0000000       0.0000000      -1.1372178

No violations of the orthonormality
No violations of the orthonormality
 
PNOF8/ADABelief Calculation
==================
 
  Nitext  Nit_orb  Time   Nit_occ  Time         Eelec          Etot           Ediff      maxdiff    MaxGrad_orb  Grad_occ
     1      10    9.5e+00    0    1.2e+01  -109.27857787  -100.67006111 -10108.27857787   0.000495   2.0e-03   1.8e-04 0.05
 
RESULTS OF THE OCCUPATION OPTIMIZATION
========================================
   1    1.9998792  -26.40635498
   2    1.9926246  -1.66459666
   3    1.9546691  -0.84259912
   4    1.9825734  -0.73515955
   5    1.9825966  -0.73514199
   6    1.0000000  -0.15585594
   7    0.0174034  -0.02499645
   8    0.0174266  -0.02500299
   9    0.0453309  -0.05313480
  10    0.0073754  -0.02325391
  11    0.0001208  -0.00542408
 
----------------
 Final Energies 
----------------
Final NOF Total Energy =    -100.6700611
 
Total Orbital Internal Iterations = 10
Total Occupation Internal Iterations = 0
 
Elapsed time:   27.38 Seconds

---------------------------------
   Lowdin Population Analysis    
---------------------------------
 Idx  Atom   Population   Charge 
---------------------------------
  1     H     1.315      -0.315
  2     F     8.370       0.630
  3     H     1.315      -0.315

---------------------------------
   M Diagnostic: 0.05
---------------------------------

