Computing Integrals
Basis Set                                            = def2-qzvp
Auxiliary Basis Set                                  = def2-universal-jkfit
Gaussian Type                                        = Spherical
Elapsed time:    2.87 Seconds

Number of basis functions                   (NBF)    = 204
Number of auxiliary basis functions         (NBFAUX) = 208
Inactive Doubly occupied orbitals up to     (NO1)    = 0
No. considered Strongly Doubly occupied MOs (NDOC)   = 9
No. considered Strongly Singly occupied MOs (NSOC)   = 0
NO. of Weakly occ. per St. Doubly occ.  MOs (NCWO)   = 1
Dimension of the Nat. Orb. subspace         (NBF5)   = 18
No. of electrons                                     = 18
    No. of alpha electrons                           = 9
    No. of beta electrons                            = 9
Multiplicity                                         = 1

Geometry
========
 N      -0.3896245      -0.4975700       0.0000000
 O      -0.3776717       0.9154097       0.0000000
 H       0.1141459      -0.8133419       0.8207146
 H       0.1141459      -0.8133419      -0.8207146
 H       0.5390043       1.2088440       0.0000000

No violations of the orthonormality
No violations of the orthonormality
 
PNOF8/ADABelief Calculation
==================
 
  Nitext  Nit_orb  Time   Nit_occ  Time         Eelec          Etot           Ediff      maxdiff    MaxGrad_orb  Grad_occ
     1      10    9.7e+00    0    1.2e+01  -171.08464838  -131.41400345 -10170.08464838   0.000500   2.0e-03   1.1e-04 0.05
 
RESULTS OF THE OCCUPATION OPTIMIZATION
========================================
   1    1.9998152  -20.49086855
   2    1.9996763  -15.73106145
   3    1.9912834  -1.32825135
   4    1.9885445  -1.04687148
   5    1.9668082  -0.70222294
   6    1.9543960  -0.66148913
   7    1.9686094  -0.61775413
   8    1.9686169  -0.61762667
   9    1.9812213  -0.59562703
  10    0.0187787  -0.02262465
  11    0.0313831  -0.03166796
  12    0.0313906  -0.03166784
  13    0.0456040  -0.05932044
  14    0.0331918  -0.03821698
  15    0.0114555  -0.01787108
  16    0.0087166  -0.02059607
  17    0.0003237  -0.00814283
  18    0.0001848  -0.00631653
 
----------------
 Final Energies 
----------------
Final NOF Total Energy =    -131.4140035
 
Total Orbital Internal Iterations = 10
Total Occupation Internal Iterations = 0
 
Elapsed time:   27.77 Seconds

---------------------------------
   Lowdin Population Analysis    
---------------------------------
 Idx  Atom   Population   Charge 
---------------------------------
  1     N     6.636       0.364
  2     O     7.546       0.454
  3     H     1.220      -0.220
  4     H     1.220      -0.220
  5     H     1.378      -0.378

---------------------------------
   M Diagnostic: 0.05
---------------------------------

