Computing Integrals
Basis Set                                            = def2-qzvp
Auxiliary Basis Set                                  = def2-universal-jkfit
Gaussian Type                                        = Spherical
Elapsed time:    2.62 Seconds

Number of basis functions                   (NBF)    = 171
Number of auxiliary basis functions         (NBFAUX) = 229
Inactive Doubly occupied orbitals up to     (NO1)    = 0
No. considered Strongly Doubly occupied MOs (NDOC)   = 11
No. considered Strongly Singly occupied MOs (NSOC)   = 0
NO. of Weakly occ. per St. Doubly occ.  MOs (NCWO)   = 1
Dimension of the Nat. Orb. subspace         (NBF5)   = 22
No. of electrons                                     = 22
    No. of alpha electrons                           = 11
    No. of beta electrons                            = 11
Multiplicity                                         = 1

Geometry
========
 C       0.0000000       0.0000000       0.0000000
 O       0.0000000       0.0000000       1.1605465
 O       0.0000000       0.0000000      -1.1605465

No violations of the orthonormality
No violations of the orthonormality
 
PNOF8/ADAM Calculation
==================
 
  Nitext  Nit_orb  Time   Nit_occ  Time         Eelec          Etot           Ediff      maxdiff    MaxGrad_orb  Grad_occ
     1      10    1.0e+01   10    1.2e+01  -235.84617777  -177.48182657 -10234.84617777   1.059492   4.2e+00   1.5e-04 0.01
     2      10    7.5e-01    8    2.6e-02  -241.86404015  -183.49968895    -6.01786238   0.652366   2.6e+00   2.3e-04 0.03
     3      10    8.0e-01   10    1.2e-02  -244.28838312  -185.92403193    -2.42434298   0.481404   1.9e+00   6.2e-05 0.04
     4      10    1.1e+00    6    3.9e-03  -245.57388487  -187.20953367    -1.28550174   0.383719   1.5e+00   7.5e-05 0.04
     5      10    7.2e-01    6    3.6e-02  -246.19813704  -187.83378585    -0.62425218   0.261113   1.0e+00   1.5e-04 0.04
     6      10    7.0e-01    6    3.7e-02  -246.44353286  -188.07918166    -0.24539582   0.133988   5.4e-01   1.6e-04 0.04
     7      10    8.0e-01    6    9.7e-03  -246.50835623  -188.14400504    -0.06482337   0.115776   4.6e-01   8.4e-05 0.04
     8      10    6.8e-01    5    2.1e-02  -246.52121655  -188.15686536    -0.01286032   0.132340   5.3e-01   1.1e-04 0.04
     9      10    6.1e-01    5    2.5e-02  -246.52380222  -188.15945103    -0.00258567   0.108338   4.3e-01   1.1e-04 0.04
    10      10    8.5e-01    5    4.6e-02  -246.52551879  -188.16116760    -0.00171657   0.116101   4.6e-01   9.9e-05 0.04
    11      10    7.1e-01    5    6.2e-02  -246.52819166  -188.16384047    -0.00267287   0.129031   5.2e-01   6.2e-05 0.04
    12      10    6.2e-01    4    1.1e-02  -246.52979711  -188.16544591    -0.00160544   0.132402   5.3e-01   2.1e-04 0.04
    13      10    7.4e-01    4    3.5e-03  -246.53058192  -188.16623072    -0.00078481   0.140086   5.6e-01   1.2e-04 0.04
    14      10    8.2e-01    4    3.9e-02  -246.53192267  -188.16757147    -0.00134075   0.135179   5.4e-01   1.5e-04 0.04
    15      10    9.5e-01    4    1.8e-02  -246.53255390  -188.16820270    -0.00063123   0.129799   5.2e-01   1.5e-04 0.04
    16      10    7.9e-01    3    5.8e-02  -246.53330913  -188.16895794    -0.00075523   0.121325   4.9e-01   2.1e-04 0.04
    17      10    8.8e-01    0    4.5e-02  -246.53332893  -188.16897774    -0.00001980   0.121325   4.9e-01   2.1e-04 0.04
    18      30    2.4e+00    4    3.7e-02  -246.54554381  -188.18119261    -0.01221488   0.002258   9.0e-03   1.7e-04 0.04
    19      30    3.3e+00    4    3.7e-02  -246.54591182  -188.18156063    -0.00036801   0.002642   1.1e-02   7.3e-05 0.04
    20      30    2.3e+00    3    2.8e-02  -246.54621389  -188.18186269    -0.00030207   0.002098   8.4e-03   2.0e-04 0.04
    21      30    2.8e+00    4    4.5e-02  -246.54648568  -188.18213448    -0.00027179   0.002577   1.0e-02   1.2e-04 0.04
    22      30    2.4e+00    3    1.8e-02  -246.54670070  -188.18234950    -0.00021502   0.001813   7.3e-03   1.4e-04 0.04
    23      30    2.4e+00    2    1.0e-02  -246.54681399  -188.18246279    -0.00011329   0.002599   1.0e-02   1.7e-04 0.04
    24      30    2.2e+00    1    6.7e-02  -246.54689200  -188.18254081    -0.00007802   0.002257   9.0e-03   2.2e-04 0.04
    25      30    2.4e+00    2    1.9e-02  -246.54692516  -188.18257396    -0.00003316   0.001981   7.9e-03   1.6e-04 0.04
    26      30    2.2e+00    1    6.6e-02  -246.54694217  -188.18259097    -0.00001701   0.002315   9.3e-03   1.3e-04 0.04
    27      30    2.8e+00    0    5.6e-02  -246.54694282  -188.18259163    -0.00000065   0.002315   9.3e-03   1.3e-04 0.04
    28      39    3.5e+00    0    4.4e-02  -246.54700070  -188.18264951    -0.00005788   0.000454   1.8e-03   1.3e-04 0.04
 
RESULTS OF THE OCCUPATION OPTIMIZATION
========================================
   1    1.9998033  -20.66702131
   2    1.9998070  -20.66701389
   3    1.9995025  -11.40997132
   4    1.9930379  -1.53673844
   5    1.9927275  -1.48590136
   6    1.9870757  -0.79591992
   7    1.9870199  -0.79585245
   8    1.9805513  -0.72419082
   9    1.9684980  -0.72107518
  10    1.9554640  -0.56014994
  11    1.9553070  -0.55999325
  12    0.0446930  -0.05491106
  13    0.0445360  -0.05490726
  14    0.0315020  -0.04831715
  15    0.0194487  -0.02917103
  16    0.0129801  -0.02271097
  17    0.0129243  -0.02270245
  18    0.0072725  -0.01435077
  19    0.0069621  -0.01404763
  20    0.0004975  -0.00911518
  21    0.0001930  -0.00665161
  22    0.0001967  -0.00669816
 
----------------
 Final Energies 
----------------
Final NOF Total Energy =    -188.1826495
 
Total Orbital Internal Iterations = 509
Total Occupation Internal Iterations = 115
 
Elapsed time:   75.36 Seconds

---------------------------------
   Lowdin Population Analysis    
---------------------------------
 Idx  Atom   Population   Charge 
---------------------------------
  1     C     6.650      -0.650
  2     O     7.675       0.325
  3     O     7.675       0.325

---------------------------------
   M Diagnostic: 0.04
---------------------------------

