Computing Integrals
Basis Set                                            = def2-qzvp
Auxiliary Basis Set                                  = def2-universal-jkfit
Gaussian Type                                        = Spherical
Elapsed time:    3.46 Seconds

Number of basis functions                   (NBF)    = 267
Number of auxiliary basis functions         (NBFAUX) = 459
Inactive Doubly occupied orbitals up to     (NO1)    = 0
No. considered Strongly Doubly occupied MOs (NDOC)   = 28
No. considered Strongly Singly occupied MOs (NSOC)   = 0
NO. of Weakly occ. per St. Doubly occ.  MOs (NCWO)   = 1
Dimension of the Nat. Orb. subspace         (NBF5)   = 56
No. of electrons                                     = 56
    No. of alpha electrons                           = 28
    No. of beta electrons                            = 28
Multiplicity                                         = 1

Geometry
========
 B       0.0000000       0.0000000       0.0000000
Cl       0.8752793       1.5160282       0.0000000
Cl       0.8752793      -1.5160282       0.0000000
Cl      -1.7505585       0.0000000       0.0000000

No violations of the orthonormality
No violations of the orthonormality
 
PNOF8/ADAM Calculation
==================
 
  Nitext  Nit_orb  Time   Nit_occ  Time         Eelec          Etot           Ediff      maxdiff    MaxGrad_orb  Grad_occ
     1      10    1.1e+01    8    1.2e+01 -1588.72219711 -1360.32324515 -11587.72219711   1.566611   6.3e+00   1.7e-04 0.00
     2      10    1.7e+00    7    1.1e-01 -1617.00987551 -1388.61092355   -28.28767840   0.722143   2.9e+00   2.6e-04 0.01
     3      10    1.6e+00    7    5.2e-02 -1626.36140896 -1397.96245700    -9.35153345   0.866519   3.5e+00   3.2e-04 0.02
     4      10    1.5e+00    7    4.9e-02 -1629.87142443 -1401.47247247    -3.51001547   0.425598   1.7e+00   1.2e-04 0.03
     5      10    1.6e+00    8    6.6e-02 -1631.47054424 -1403.07159228    -1.59911981   0.395429   1.6e+00   2.3e-04 0.04
     6      10    1.6e+00    8    5.2e-02 -1632.01688295 -1403.61793099    -0.54633871   0.320130   1.3e+00   9.1e-05 0.04
     7      10    1.8e+00    7    5.2e-02 -1632.27350795 -1403.87455599    -0.25662500   0.311816   1.2e+00   1.5e-04 0.04
     8      10    1.6e+00    6    4.8e-02 -1632.37947394 -1403.98052198    -0.10596598   0.349504   1.4e+00   1.7e-04 0.04
     9      10    1.5e+00    6    8.3e-02 -1632.40716082 -1404.00820886    -0.02768688   0.745709   3.0e+00   1.4e-04 0.04
    10      10    1.8e+00    6    5.3e-02 -1632.43502060 -1404.03606864    -0.02785978   1.902051   7.6e+00   1.4e-04 0.04
    11      10    1.6e+00    6    3.4e-02 -1632.47651568 -1404.07756372    -0.04149508   0.699727   2.8e+00   9.8e-05 0.04
    12      10    1.6e+00    0    4.5e-02 -1632.47676731 -1404.07781535    -0.00025163   0.699727   2.8e+00   9.8e-05 0.04
    13      30    4.7e+00    5    4.6e-02 -1632.72343186 -1404.32447990    -0.24666455   0.077048   3.1e-01   2.2e-04 0.04
    14      30    4.5e+00    4    4.7e-02 -1632.76097097 -1404.36201901    -0.03753911   0.061506   2.5e-01   2.2e-04 0.04
    15      30    4.5e+00    4    6.4e-02 -1632.78187315 -1404.38292119    -0.02090218   0.217511   8.7e-01   1.7e-04 0.04
    16      30    5.0e+00    4    4.2e-02 -1632.79527513 -1404.39632317    -0.01340198   0.020722   8.3e-02   1.1e-04 0.03
    17      30    4.8e+00    3    4.6e-02 -1632.80111527 -1404.40216330    -0.00584014   0.015676   6.3e-02   1.6e-04 0.03
    18      30    5.5e+00    2    4.5e-02 -1632.80373469 -1404.40478272    -0.00261942   0.016088   6.4e-02   2.2e-04 0.03
    19      30    4.6e+00    3    3.2e-02 -1632.80577367 -1404.40682171    -0.00203898   0.016181   6.5e-02   1.4e-04 0.03
    20      30    4.8e+00    2    4.5e-02 -1632.80710454 -1404.40815258    -0.00133088   0.015486   6.2e-02   1.9e-04 0.03
    21      30    5.9e+00    2    4.8e-02 -1632.80822570 -1404.40927374    -0.00112116   0.015497   6.2e-02   2.0e-04 0.03
    22      30    5.2e+00    2    4.5e-02 -1632.80913773 -1404.41018576    -0.00091202   0.020922   8.4e-02   2.0e-04 0.03
    23      30    6.3e+00    2    4.0e-02 -1632.81013066 -1404.41117869    -0.00099293   0.018007   7.2e-02   1.8e-04 0.03
    24      30    4.6e+00    2    4.3e-02 -1632.81062525 -1404.41167329    -0.00049460   0.016821   6.7e-02   1.8e-04 0.03
    25      30    4.7e+00    2    3.9e-02 -1632.81111207 -1404.41216011    -0.00048682   0.018631   7.5e-02   1.5e-04 0.03
    26      30    4.8e+00    0    4.3e-02 -1632.81113004 -1404.41217808    -0.00001797   0.018631   7.5e-02   1.5e-04 0.03
    27      50    8.5e+00    2    4.3e-02 -1632.81476611 -1404.41581415    -0.00363607   0.001443   5.8e-03   1.2e-04 0.03
    28      50    7.6e+00    1    4.0e-02 -1632.81494186 -1404.41598990    -0.00017575   0.003594   1.4e-02   2.6e-04 0.03
    29      50    7.9e+00    1    4.7e-02 -1632.81518254 -1404.41623058    -0.00024069   0.003251   1.3e-02   1.5e-04 0.03
    30      50    8.4e+00    1    6.9e-02 -1632.81532725 -1404.41637529    -0.00014471   0.003289   1.3e-02   1.8e-04 0.03
    31      50    8.1e+00    1    4.2e-02 -1632.81546492 -1404.41651296    -0.00013766   0.016358   6.5e-02   1.3e-04 0.03
    32      50    1.1e+01    1    4.3e-02 -1632.81556732 -1404.41661535    -0.00010240   0.004051   1.6e-02   1.5e-04 0.03
    33      50    9.4e+00    1    3.6e-02 -1632.81562525 -1404.41667329    -0.00005794   0.004227   1.7e-02   1.2e-04 0.03
    34      50    8.8e+00    1    1.1e-01 -1632.81569931 -1404.41674734    -0.00007405   0.003986   1.6e-02   1.4e-04 0.03
    35      50    8.1e+00    1    4.1e-02 -1632.81573496 -1404.41678299    -0.00003565   0.004255   1.7e-02   1.2e-04 0.03
    36      50    8.0e+00    1    4.0e-02 -1632.81578427 -1404.41683231    -0.00004932   0.003993   1.6e-02   1.4e-04 0.03
    37      50    8.0e+00    1    6.1e-02 -1632.81581400 -1404.41686203    -0.00002972   0.004209   1.7e-02   1.2e-04 0.03
    38      50    8.0e+00    1    4.2e-02 -1632.81584552 -1404.41689356    -0.00003152   0.004064   1.6e-02   1.3e-04 0.03
    39      50    8.3e+00    1    4.3e-02 -1632.81586000 -1404.41690804    -0.00001449   0.004183   1.7e-02   1.2e-04 0.03
    40      50    7.6e+00    1    4.4e-02 -1632.81588516 -1404.41693320    -0.00002516   0.004017   1.6e-02   1.3e-04 0.03
 
RESULTS OF THE OCCUPATION OPTIMIZATION
========================================
   1    1.9999698  -104.90621417
   2    1.9999709  -104.90605681
   3    1.9999747  -104.90541513
   4    1.9993456  -10.59095042
   5    1.9993412  -10.59078486
   6    1.9993439  -10.58968020
   7    1.9990923  -8.03577012
   8    1.9981902  -8.03481740
   9    1.9990814  -8.03453023
  10    1.9984963  -8.03279471
  11    1.9990291  -8.03242648
  12    1.9985311  -8.03225011
  13    1.9990227  -8.03144006
  14    1.9990873  -8.02415108
  15    1.9990178  -8.02352882
  16    1.9987563  -7.99054040
  17    1.9903725  -1.14280001
  18    1.9901260  -1.14004654
  19    1.9878364  -1.13430537
  20    1.9671363  -0.60161767
  21    1.9671379  -0.60061865
  22    1.9672576  -0.59212251
  23    1.9710122  -0.53955833
  24    1.9719851  -0.53064674
  25    1.9726717  -0.52834373
  26    1.9751724  -0.52529304
  27    1.9748886  -0.52160226
  28    1.9750393  -0.52153779
  29    0.0249607  -0.02764981
  30    0.0251114  -0.02769890
  31    0.0248276  -0.02778145
  32    0.0273283  -0.03008264
  33    0.0280149  -0.03093042
  34    0.0289878  -0.03255004
  35    0.0327424  -0.04184557
  36    0.0328621  -0.04283846
  37    0.0328637  -0.04266628
  38    0.0121636  -0.02329450
  39    0.0098740  -0.02694837
  40    0.0096275  -0.02733458
  41    0.0012437  -0.01287947
  42    0.0009822  -0.01809174
  43    0.0009127  -0.01728785
  44    0.0009773  -0.01821999
  45    0.0014689  -0.02258474
  46    0.0009709  -0.01815762
  47    0.0015037  -0.02327293
  48    0.0009186  -0.01743115
  49    0.0018098  -0.02919480
  50    0.0009077  -0.01735484
  51    0.0006561  -0.01540362
  52    0.0006588  -0.01544100
  53    0.0006544  -0.01538156
  54    0.0000253  -0.00513754
  55    0.0000291  -0.00562563
  56    0.0000302  -0.00572371
 
----------------
 Final Energies 
----------------
Final NOF Total Energy =   -1404.4169332
 
Total Orbital Internal Iterations = 1240
Total Occupation Internal Iterations = 128
 
Elapsed time:  248.72 Seconds

---------------------------------
   Lowdin Population Analysis    
---------------------------------
 Idx  Atom   Population   Charge 
---------------------------------
  1     B     7.135      -2.135
  2    Cl    16.289       0.711
  3    Cl    16.289       0.711
  4    Cl    16.287       0.713

---------------------------------
   M Diagnostic: 0.03
---------------------------------

