Computing Integrals
Basis Set                                            = def2-qzvp
Auxiliary Basis Set                                  = def2-universal-jkfit
Gaussian Type                                        = Spherical
Elapsed time:    1.75 Seconds

Number of basis functions                   (NBF)    = 70
Number of auxiliary basis functions         (NBFAUX) = 128
Inactive Doubly occupied orbitals up to     (NO1)    = 0
No. considered Strongly Doubly occupied MOs (NDOC)   = 8
No. considered Strongly Singly occupied MOs (NSOC)   = 1
NO. of Weakly occ. per St. Doubly occ.  MOs (NCWO)   = 1
Dimension of the Nat. Orb. subspace         (NBF5)   = 17
No. of electrons                                     = 17
    No. of alpha electrons                           = 9
    No. of beta electrons                            = 8
Multiplicity                                         = 2

Geometry
========
Cl       0.0000000       0.0000000       0.0000000

No violations of the orthonormality
No violations of the orthonormality
 
PNOF8/ADABelief Calculation
==================
 
  Nitext  Nit_orb  Time   Nit_occ  Time         Eelec          Etot           Ediff      maxdiff    MaxGrad_orb  Grad_occ
     1      10    9.1e+00    0    1.2e+01  -459.75992430  -459.75992430 -10458.75992430   0.000683   2.7e-03   1.7e-04 0.03
 
RESULTS OF THE OCCUPATION OPTIMIZATION
========================================
   1    1.9999663  -104.92731904
   2    1.9992442  -10.61188983
   3    1.9986522  -8.07814654
   4    1.9989896  -8.07725415
   5    1.9989960  -8.07563388
   6    1.9897048  -1.08177614
   7    1.9747132  -0.50366398
   8    1.9748894  -0.50146442
   9    1.0000000  -0.28988509
  10    0.0251106  -0.02580181
  11    0.0252868  -0.02590728
  12    0.0102952  -0.03001294
  13    0.0010040  -0.01873237
  14    0.0010104  -0.01875264
  15    0.0013478  -0.01978557
  16    0.0007558  -0.01685040
  17    0.0000337  -0.00633973
 
----------------
 Final Energies 
----------------
Final NOF Total Energy =    -459.7599243
 
Total Orbital Internal Iterations = 10
Total Occupation Internal Iterations = 0
 
Elapsed time:   27.20 Seconds

---------------------------------
   Lowdin Population Analysis    
---------------------------------
 Idx  Atom   Population   Charge 
---------------------------------
  1    Cl    17.000      -0.000

---------------------------------
   M Diagnostic: 0.03
---------------------------------

