Computing Integrals
Basis Set                                            = def2-qzvp
Auxiliary Basis Set                                  = def2-universal-jkfit
Gaussian Type                                        = Spherical
Elapsed time:    1.65 Seconds

Number of basis functions                   (NBF)    = 100
Number of auxiliary basis functions         (NBFAUX) = 146
Inactive Doubly occupied orbitals up to     (NO1)    = 0
No. considered Strongly Doubly occupied MOs (NDOC)   = 8
No. considered Strongly Singly occupied MOs (NSOC)   = 1
NO. of Weakly occ. per St. Doubly occ.  MOs (NCWO)   = 1
Dimension of the Nat. Orb. subspace         (NBF5)   = 17
No. of electrons                                     = 17
    No. of alpha electrons                           = 9
    No. of beta electrons                            = 8
Multiplicity                                         = 2

Geometry
========
 S       0.0000000       0.0000000      -0.6728012
 H       0.0000000       0.0000000       0.6728012

No violations of the orthonormality
No violations of the orthonormality
 
PNOF8/ADABelief Calculation
==================
 
  Nitext  Nit_orb  Time   Nit_occ  Time         Eelec          Etot           Ediff      maxdiff    MaxGrad_orb  Grad_occ
     1      10    9.2e+00    0    1.2e+01  -404.68156661  -398.38935261 -10403.68156661   0.000828   3.3e-03   1.4e-04 0.04
 
RESULTS OF THE OCCUPATION OPTIMIZATION
========================================
   1    1.9999671  -92.03825434
   2    1.9991473  -8.96676338
   3    1.9984104  -6.69846572
   4    1.9985571  -6.68062719
   5    1.9985466  -6.67830618
   6    1.9886757  -0.95012486
   7    1.9636294  -0.55529323
   8    1.9749989  -0.40199397
   9    1.0000000  -0.23601282
  10    0.0250011  -0.02225948
  11    0.0363706  -0.03859708
  12    0.0113243  -0.02693910
  13    0.0014534  -0.02026749
  14    0.0014429  -0.02025675
  15    0.0015896  -0.02119799
  16    0.0008527  -0.01564506
  17    0.0000329  -0.00557285
 
----------------
 Final Energies 
----------------
Final NOF Total Energy =    -398.3893526
 
Total Orbital Internal Iterations = 10
Total Occupation Internal Iterations = 0
 
Elapsed time:   27.32 Seconds

---------------------------------
   Lowdin Population Analysis    
---------------------------------
 Idx  Atom   Population   Charge 
---------------------------------
  1     S    15.675       0.325
  2     H     1.325      -0.325

---------------------------------
   M Diagnostic: 0.04
---------------------------------

