Computing Integrals
Basis Set                                            = def2-qzvp
Auxiliary Basis Set                                  = def2-universal-jkfit
Gaussian Type                                        = Spherical
Elapsed time:    1.80 Seconds

Number of basis functions                   (NBF)    = 144
Number of auxiliary basis functions         (NBFAUX) = 172
Inactive Doubly occupied orbitals up to     (NO1)    = 0
No. considered Strongly Doubly occupied MOs (NDOC)   = 10
No. considered Strongly Singly occupied MOs (NSOC)   = 0
NO. of Weakly occ. per St. Doubly occ.  MOs (NCWO)   = 1
Dimension of the Nat. Orb. subspace         (NBF5)   = 20
No. of electrons                                     = 20
    No. of alpha electrons                           = 10
    No. of beta electrons                            = 10
Multiplicity                                         = 1

Geometry
========
 H       0.0000000       0.0000000      -0.4885188
 F       0.0000000       0.0000000      -1.4042599
Ne       0.0000000       0.0000000       1.8927787

No violations of the orthonormality
No violations of the orthonormality
 
PNOF8/ADABelief Calculation
==================
 
  Nitext  Nit_orb  Time   Nit_occ  Time         Eelec          Etot           Ediff      maxdiff    MaxGrad_orb  Grad_occ
     1      10    9.5e+00    0    1.2e+01  -250.84409364  -228.97603826 -10249.84409364   0.000673   2.7e-03   4.2e-05 0.03
 
RESULTS OF THE OCCUPATION OPTIMIZATION
========================================
   1    1.9998846  -32.32193615
   2    1.9998672  -26.88502125
   3    1.9922970  -1.86762067
   4    1.9918244  -1.59086513
   5    1.9872382  -0.95638437
   6    1.9870857  -0.95349342
   7    1.9871678  -0.95251982
   8    1.9679710  -0.84249924
   9    1.9829514  -0.68702437
  10    1.9829477  -0.68685537
  11    0.0170523  -0.02452029
  12    0.0170486  -0.02451151
  13    0.0320290  -0.04366754
  14    0.0128322  -0.02565046
  15    0.0129143  -0.02575566
  16    0.0127618  -0.02572898
  17    0.0081756  -0.02438187
  18    0.0077030  -0.02508862
  19    0.0001328  -0.00591523
  20    0.0001154  -0.00627046
 
----------------
 Final Energies 
----------------
Final NOF Total Energy =    -228.9760383
 
Total Orbital Internal Iterations = 10
Total Occupation Internal Iterations = 0
 
Elapsed time:   27.61 Seconds

---------------------------------
   Lowdin Population Analysis    
---------------------------------
 Idx  Atom   Population   Charge 
---------------------------------
  1     H     1.511      -0.511
  2     F     8.500       0.500
  3    Ne     9.989       0.011

---------------------------------
   M Diagnostic: 0.03
---------------------------------

