Computing Integrals
Basis Set                                            = def2-qzvp
Auxiliary Basis Set                                  = def2-universal-jkfit
Gaussian Type                                        = Spherical
Elapsed time:    5.12 Seconds

Number of basis functions                   (NBF)    = 225
Number of auxiliary basis functions         (NBFAUX) = 798
Inactive Doubly occupied orbitals up to     (NO1)    = 0
No. considered Strongly Doubly occupied MOs (NDOC)   = 54
No. considered Strongly Singly occupied MOs (NSOC)   = 0
NO. of Weakly occ. per St. Doubly occ.  MOs (NCWO)   = 1
Dimension of the Nat. Orb. subspace         (NBF5)   = 108
No. of electrons                                     = 108
    No. of alpha electrons                           = 54
    No. of beta electrons                            = 54
Multiplicity                                         = 1

Geometry
========
Kr       1.2055357       2.0880491       0.0000000
Kr       1.2055357      -2.0880491       0.0000000
Kr      -2.4110714       0.0000000       0.0000000

No violations of the orthonormality
No violations of the orthonormality
 
PNOF8/ADABelief Calculation
==================
 
  Nitext  Nit_orb  Time   Nit_occ  Time         Eelec          Etot           Ediff      maxdiff    MaxGrad_orb  Grad_occ
     1      10    1.1e+01    0    1.2e+01 -8751.00591607 -8258.33627885 -18750.00591607   0.000961   3.8e-03   2.4e-04 0.03
 
RESULTS OF THE OCCUPATION OPTIMIZATION
========================================
   1    1.9999989  -520.26010215
   2    1.9999989  -520.25945204
   3    1.9999993  -520.25293763
   4    1.9999946  -70.00500982
   5    1.9999871  -69.98852273
   6    1.9999856  -69.98823772
   7    1.9999677  -63.08514088
   8    1.9999734  -63.08497602
   9    1.9999727  -63.08491581
  10    1.9999800  -63.08444602
  11    1.9999811  -63.08441474
  12    1.9999810  -63.08441296
  13    1.9999810  -63.08439261
  14    1.9999810  -63.08437564
  15    1.9999810  -63.08436395
  16    1.9995945  -10.87999230
  17    1.9995781  -10.87958877
  18    1.9995934  -10.87953560
  19    1.9992299  -8.36596190
  20    1.9992279  -8.36593274
  21    1.9992234  -8.36589269
  22    1.9992276  -8.36587746
  23    1.9992277  -8.36585574
  24    1.9992244  -8.36582100
  25    1.9992276  -8.36582091
  26    1.9992281  -8.36578196
  27    1.9992258  -8.36576693
  28    1.9940161  -3.85027926
  29    1.9940725  -3.85027878
  30    1.9940138  -3.85016327
  31    1.9940200  -3.85014640
  32    1.9940189  -3.85002188
  33    1.9940246  -3.84984908
  34    1.9940279  -3.84979688
  35    1.9940538  -3.84974565
  36    1.9940519  -3.84969010
  37    1.9935968  -3.84941310
  38    1.9935923  -3.84935990
  39    1.9935647  -3.84858512
  40    1.9928857  -3.84812113
  41    1.9928697  -3.84801915
  42    1.9928731  -3.84793897
  43    1.9826908  -1.17182123
  44    1.9826806  -1.17162835
  45    1.9826832  -1.17162046
  46    1.9749331  -0.54400857
  47    1.9748415  -0.54394558
  48    1.9749163  -0.54381197
  49    1.9748401  -0.54375234
  50    1.9748797  -0.54371899
  51    1.9748898  -0.54366825
  52    1.9747999  -0.54294539
  53    1.9747782  -0.54286412
  54    1.9747836  -0.54274767
  55    0.0252164  -0.04455949
  56    0.0252218  -0.04455701
  57    0.0252001  -0.04454412
  58    0.0251102  -0.04450268
  59    0.0251203  -0.04450857
  60    0.0251599  -0.04456226
  61    0.0250837  -0.04448606
  62    0.0251585  -0.04455399
  63    0.0250669  -0.04447793
  64    0.0173168  -0.04316420
  65    0.0173194  -0.04316264
  66    0.0173092  -0.04315359
  67    0.0071269  -0.03852182
  68    0.0071303  -0.03841408
  69    0.0071143  -0.03866148
  70    0.0064353  -0.05399884
  71    0.0064077  -0.05427334
  72    0.0064032  -0.05439557
  73    0.0059481  -0.04344863
  74    0.0059462  -0.04344960
  75    0.0059721  -0.04350568
  76    0.0059754  -0.04350359
  77    0.0059811  -0.04347481
  78    0.0059800  -0.04348327
  79    0.0059862  -0.04352201
  80    0.0059275  -0.04343693
  81    0.0059839  -0.04349187
  82    0.0007742  -0.00656298
  83    0.0007719  -0.00654412
  84    0.0007724  -0.00653313
  85    0.0007756  -0.00655216
  86    0.0007723  -0.00652674
  87    0.0007724  -0.00652261
  88    0.0007766  -0.00654861
  89    0.0007721  -0.00653966
  90    0.0007701  -0.00652516
  91    0.0004066  -0.02027679
  92    0.0004219  -0.02023224
  93    0.0004055  -0.02029170
  94    0.0000190  -0.00107594
  95    0.0000190  -0.00107731
  96    0.0000190  -0.00108011
  97    0.0000190  -0.00107655
  98    0.0000189  -0.00107568
  99    0.0000200  -0.00112965
 100    0.0000273  -0.00669902
 101    0.0000266  -0.00680765
 102    0.0000323  -0.00669664
 103    0.0000144  -0.00094135
 104    0.0000129  -0.00106484
 105    0.0000054  -0.00180973
 106    0.0000007  -0.00083138
 107    0.0000011  -0.00155741
 108    0.0000011  -0.00153127
 
----------------
 Final Energies 
----------------
Final NOF Total Energy =   -8258.3362789
 
Total Orbital Internal Iterations = 10
Total Occupation Internal Iterations = 0
 
Elapsed time:   30.43 Seconds

---------------------------------
   Lowdin Population Analysis    
---------------------------------
 Idx  Atom   Population   Charge 
---------------------------------
  1    Kr    36.000      -0.000
  2    Kr    36.000       0.000
  3    Kr    36.000       0.000

---------------------------------
   M Diagnostic: 0.03
---------------------------------

