Computing Integrals
Basis Set                                            = def2-qzvp
Auxiliary Basis Set                                  = def2-universal-jkfit
Gaussian Type                                        = Spherical
Elapsed time:    4.52 Seconds

Number of basis functions                   (NBF)    = 280
Number of auxiliary basis functions         (NBFAUX) = 512
Inactive Doubly occupied orbitals up to     (NO1)    = 0
No. considered Strongly Doubly occupied MOs (NDOC)   = 32
No. considered Strongly Singly occupied MOs (NSOC)   = 0
NO. of Weakly occ. per St. Doubly occ.  MOs (NCWO)   = 1
Dimension of the Nat. Orb. subspace         (NBF5)   = 64
No. of electrons                                     = 64
    No. of alpha electrons                           = 32
    No. of beta electrons                            = 32
Multiplicity                                         = 1

Geometry
========
Al       0.0000000       0.0000000       0.0000000
Cl       0.0000000       2.0709710       0.0000000
Cl       1.7935130      -1.0354850       0.0000000
Cl      -1.7935130      -1.0354850       0.0000000

No violations of the orthonormality
No violations of the orthonormality
 
PNOF8/ADAM Calculation
==================
 
  Nitext  Nit_orb  Time   Nit_occ  Time         Eelec          Etot           Ediff      maxdiff    MaxGrad_orb  Grad_occ
     1      10    1.1e+01    7    1.2e+01 -1873.21477680 -1575.90026705 -11872.21477680   1.853108   7.4e+00   2.1e-04 0.00
     2      10    2.1e+00    7    7.5e-02 -1903.18575458 -1605.87124483   -29.97097778   0.768008   3.1e+00   2.4e-04 0.01
     3      10    1.7e+00    8    1.3e-01 -1913.28396589 -1615.96945614   -10.09821131   0.539869   2.2e+00   3.5e-04 0.02
     4      10    2.3e+00    8    8.4e-02 -1916.14443944 -1618.82992969    -2.86047355   1.942845   7.8e+00   3.2e-04 0.03
     5      10    1.8e+00   10    9.8e-02 -1917.09157100 -1619.77706125    -0.94713156   0.579846   2.3e+00   1.1e-04 0.04
     6      10    2.3e+00   10    8.4e-02 -1917.52160357 -1620.20709382    -0.43003257   0.625752   2.5e+00   1.4e-04 0.04
     7      10    1.8e+00    7    9.1e-02 -1917.69866029 -1620.38415054    -0.17705672   2.075498   8.3e+00   2.2e-04 0.05
     8      10    1.9e+00    8    1.2e-01 -1917.84533345 -1620.53082370    -0.14667316   0.386385   1.5e+00   6.5e-05 0.05
     9      10    1.7e+00    6    1.0e-01 -1917.95721706 -1620.64270731    -0.11188361   0.593777   2.4e+00   2.6e-04 0.05
    10      10    2.1e+00    6    8.2e-02 -1918.02858005 -1620.71407030    -0.07136299   0.722208   2.9e+00   3.0e-04 0.05
    11      10    2.0e+00    6    1.5e-01 -1918.17689715 -1620.86238740    -0.14831710   0.419753   1.7e+00   2.2e-04 0.05
    12      10    2.1e+00    6    1.4e-01 -1918.24722554 -1620.93271579    -0.07032839   0.555845   2.2e+00   1.9e-04 0.05
    13      10    2.0e+00    6    7.1e-02 -1918.26866838 -1620.95415863    -0.02144284   1.154956   4.6e+00   1.4e-04 0.05
    14      10    1.8e+00    5    8.1e-02 -1918.34302169 -1621.02851194    -0.07435331   0.548318   2.2e+00   2.1e-04 0.05
    15      10    1.8e+00    5    7.4e-02 -1918.36499288 -1621.05048313    -0.02197119   1.493227   6.0e+00   2.5e-04 0.05
    16      10    1.8e+00    6    8.3e-02 -1918.43048784 -1621.11597809    -0.06549496   1.354806   5.4e+00   2.0e-04 0.04
    17      10    1.9e+00    5    8.5e-02 -1918.48556628 -1621.17105653    -0.05507844   1.001977   4.0e+00   1.9e-04 0.04
    18      10    2.0e+00    0    7.2e-02 -1918.48583171 -1621.17132196    -0.00026543   1.001977   4.0e+00   1.9e-04 0.04
    19      30    5.7e+00    6    8.1e-02 -1918.95600447 -1621.64149472    -0.47017276   0.121985   4.9e-01   1.8e-04 0.04
    20      30    6.5e+00    5    7.4e-02 -1919.06840047 -1621.75389072    -0.11239600   0.101919   4.1e-01   2.3e-04 0.03
    21      30    5.3e+00    4    7.3e-02 -1919.12913601 -1621.81462626    -0.06073554   0.077775   3.1e-01   2.1e-04 0.03
    22      30    5.4e+00    4    7.5e-02 -1919.16041616 -1621.84590641    -0.03128015   0.046324   1.9e-01   1.4e-04 0.03
    23      30    5.5e+00    3    7.4e-02 -1919.17464141 -1621.86013166    -0.01422525   0.021647   8.7e-02   1.8e-04 0.03
    24      30    5.5e+00    3    8.1e-02 -1919.17950638 -1621.86499663    -0.00486497   0.021694   8.7e-02   1.3e-04 0.03
    25      30    6.2e+00    3    6.9e-02 -1919.18115751 -1621.86664776    -0.00165114   0.019864   7.9e-02   1.0e-04 0.03
    26      30    5.3e+00    3    7.6e-02 -1919.18198032 -1621.86747057    -0.00082281   0.022148   8.9e-02   7.9e-05 0.03
    27      30    5.9e+00    2    6.7e-02 -1919.18281738 -1621.86830763    -0.00083706   0.019690   7.9e-02   1.9e-04 0.03
    28      30    5.3e+00    2    6.6e-02 -1919.18367533 -1621.86916558    -0.00085795   0.018502   7.4e-02   1.6e-04 0.03
    29      30    5.4e+00    2    5.9e-02 -1919.18391945 -1621.86940970    -0.00024413   0.018254   7.3e-02   1.3e-04 0.03
    30      30    5.5e+00    1    6.3e-02 -1919.18440430 -1621.86989455    -0.00048485   0.019531   7.8e-02   2.7e-04 0.03
    31      30    5.4e+00    1    5.7e-02 -1919.18451627 -1621.87000652    -0.00011197   0.018701   7.5e-02   3.0e-04 0.03
    32      30    5.2e+00    0    6.5e-02 -1919.18452225 -1621.87001250    -0.00000598   0.018701   7.5e-02   3.0e-04 0.03
    33      50    9.0e+00    1    7.2e-02 -1919.18978818 -1621.87527843    -0.00526593   0.033403   1.3e-01   2.6e-04 0.03
    34      50    9.7e+00    0    7.4e-02 -1919.18979249 -1621.87528274    -0.00000431   0.033403   1.3e-01   2.6e-04 0.03
    35      70    1.3e+01    1    5.7e-02 -1919.18993227 -1621.87542252    -0.00013978   0.000680   2.7e-03   2.0e-04 0.03
 
RESULTS OF THE OCCUPATION OPTIMIZATION
========================================
   1    1.9999702  -104.89236949
   2    1.9999693  -104.89194950
   3    1.9999730  -104.89012043
   4    1.9999480  -58.60012838
   5    1.9993117  -10.57729839
   6    1.9993205  -10.57619839
   7    1.9993273  -10.56859805
   8    1.9990445  -8.04758485
   9    1.9990443  -8.04700390
  10    1.9991019  -8.04490651
  11    1.9990981  -8.04400971
  12    1.9990419  -8.04340992
  13    1.9990861  -8.04167253
  14    1.9984840  -7.90030215
  15    1.9982338  -7.79473619
  16    1.9984053  -7.73075921
  17    1.9979592  -5.68110784
  18    1.9959014  -3.28815153
  19    1.9965210  -3.28594085
  20    1.9964417  -3.28527015
  21    1.9897735  -1.11154267
  22    1.9895610  -1.11091543
  23    1.9881664  -1.10687732
  24    1.9701283  -0.54032328
  25    1.9710825  -0.53547482
  26    1.9708743  -0.53225986
  27    1.9708640  -0.53114525
  28    1.9721570  -0.51914117
  29    1.9723758  -0.51744320
  30    1.9727211  -0.51407924
  31    1.9728019  -0.51308720
  32    1.9737050  -0.49879759
  33    0.0262950  -0.02859989
  34    0.0271981  -0.03073765
  35    0.0272789  -0.03069708
  36    0.0276242  -0.03180988
  37    0.0278430  -0.03235315
  38    0.0291360  -0.03549777
  39    0.0291257  -0.03530091
  40    0.0289175  -0.03528907
  41    0.0298717  -0.03788884
  42    0.0118336  -0.02405784
  43    0.0104390  -0.02670688
  44    0.0102265  -0.02712428
  45    0.0035583  -0.02815218
  46    0.0034790  -0.01998720
  47    0.0040986  -0.02122109
  48    0.0020408  -0.01702535
  49    0.0015947  -0.02349254
  50    0.0017662  -0.02759786
  51    0.0015160  -0.02293599
  52    0.0009139  -0.01748548
  53    0.0009581  -0.01801816
  54    0.0009019  -0.01739062
  55    0.0008981  -0.01730755
  56    0.0009557  -0.01796796
  57    0.0009555  -0.01795292
  58    0.0006727  -0.01540856
  59    0.0006795  -0.01542825
  60    0.0006883  -0.01552005
  61    0.0000520  -0.00563996
  62    0.0000270  -0.00534263
  63    0.0000307  -0.00578634
  64    0.0000298  -0.00571420
 
----------------
 Final Energies 
----------------
Final NOF Total Energy =   -1621.8754225
 
Total Orbital Internal Iterations = 770
Total Occupation Internal Iterations = 157
 
Elapsed time:  188.66 Seconds

---------------------------------
   Lowdin Population Analysis    
---------------------------------
 Idx  Atom   Population   Charge 
---------------------------------
  1    Al    14.746      -1.746
  2    Cl    16.417       0.583
  3    Cl    16.416       0.584
  4    Cl    16.420       0.580

---------------------------------
   M Diagnostic: 0.03
---------------------------------

