Computing Integrals
Basis Set                                            = def2-qzvp
Auxiliary Basis Set                                  = def2-universal-jkfit
Gaussian Type                                        = Spherical
Elapsed time:    2.26 Seconds

Number of basis functions                   (NBF)    = 140
Number of auxiliary basis functions         (NBFAUX) = 256
Inactive Doubly occupied orbitals up to     (NO1)    = 0
No. considered Strongly Doubly occupied MOs (NDOC)   = 17
No. considered Strongly Singly occupied MOs (NSOC)   = 0
NO. of Weakly occ. per St. Doubly occ.  MOs (NCWO)   = 1
Dimension of the Nat. Orb. subspace         (NBF5)   = 34
No. of electrons                                     = 34
    No. of alpha electrons                           = 17
    No. of beta electrons                            = 17
Multiplicity                                         = 1

Geometry
========
Cl       0.0000000       0.0000000       0.9982880
Cl       0.0000000       0.0000000      -0.9982880

No violations of the orthonormality
No violations of the orthonormality
 
PNOF8/ADAM Calculation
==================
 
  Nitext  Nit_orb  Time   Nit_occ  Time         Eelec          Etot           Ediff      maxdiff    MaxGrad_orb  Grad_occ
     1      10    9.7e+00   10    1.2e+01  -960.79580545  -884.19872108 -10959.79580545   2.144529   8.6e+00   2.7e-04 0.01
     2      10    8.7e-01    7    3.2e-02  -982.21157297  -905.61448860   -21.41576752   1.178880   4.7e+00   1.4e-04 0.01
     3      10    8.8e-01    6    2.4e-02  -990.30002169  -913.70293732    -8.08844872   0.679748   2.7e+00   1.6e-04 0.02
     4      10    7.4e-01    7    4.2e-02  -993.42799406  -916.83090969    -3.12797237   0.342615   1.4e+00   1.9e-04 0.03
     5      10    7.9e-01    7    1.2e-02  -994.88333081  -918.28624644    -1.45533675   0.402033   1.6e+00   1.7e-04 0.03
     6      10    6.6e-01    7    4.0e-02  -995.60052752  -919.00344315    -0.71719671   0.327324   1.3e+00   1.3e-04 0.03
     7      10    9.1e-01    7    2.8e-02  -995.90021057  -919.30312620    -0.29968305   0.471811   1.9e+00   1.6e-04 0.04
     8      10    1.1e+00    7    1.5e-02  -996.03479675  -919.43771238    -0.13458618   0.419034   1.7e+00   1.5e-04 0.04
     9      10    1.2e+00    6    2.7e-02  -996.11155436  -919.51446999    -0.07675761   0.484460   1.9e+00   2.2e-04 0.04
    10      10    8.9e-01    5    3.0e-02  -996.12899894  -919.53191457    -0.01744457   0.355525   1.4e+00   2.3e-04 0.04
    11      10    9.6e-01    3    5.8e-02  -996.13763552  -919.54055115    -0.00863658   0.437627   1.8e+00   2.6e-04 0.04
    12      10    8.1e-01    3    4.8e-02  -996.14566973  -919.54858536    -0.00803421   0.330408   1.3e+00   1.9e-04 0.04
    13      10    8.3e-01    0    1.6e-02  -996.14572191  -919.54863754    -0.00005218   0.330408   1.3e+00   1.9e-04 0.04
    14      30    2.7e+00    2    2.9e-02  -996.22491433  -919.62782996    -0.07919242   0.018738   7.5e-02   2.3e-04 0.04
    15      30    2.8e+00    3    2.1e-02  -996.23583747  -919.63875310    -0.01092314   0.014114   5.6e-02   1.2e-04 0.04
    16      30    2.7e+00    2    3.9e-03  -996.23884130  -919.64175693    -0.00300383   0.012455   5.0e-02   1.4e-04 0.04
    17      30    2.8e+00    2    5.3e-02  -996.24016933  -919.64308496    -0.00132803   0.014800   5.9e-02   2.2e-04 0.04
    18      30    3.2e+00    2    2.8e-02  -996.24115199  -919.64406762    -0.00098267   0.016772   6.7e-02   2.3e-04 0.04
    19      30    3.0e+00    2    1.7e-02  -996.24185120  -919.64476683    -0.00069920   0.018932   7.6e-02   2.5e-04 0.04
    20      30    2.6e+00    2    3.6e-02  -996.24270596  -919.64562159    -0.00085476   0.014579   5.8e-02   2.9e-04 0.04
    21      30    2.6e+00    2    4.1e-03  -996.24332907  -919.64624470    -0.00062311   0.015295   6.1e-02   2.5e-04 0.04
    22      30    2.4e+00    2    6.0e-02  -996.24370996  -919.64662559    -0.00038090   0.015213   6.1e-02   2.7e-04 0.04
    23      30    2.3e+00    2    3.0e-02  -996.24428043  -919.64719606    -0.00057047   0.015740   6.3e-02   2.3e-04 0.04
    24      30    2.8e+00    3    2.3e-02  -996.24441606  -919.64733169    -0.00013562   0.015230   6.1e-02   1.6e-04 0.04
    25      30    2.5e+00    2    3.1e-02  -996.24482485  -919.64774048    -0.00040879   0.016460   6.6e-02   1.9e-04 0.04
    26      30    2.2e+00    2    2.3e-02  -996.24495748  -919.64787311    -0.00013263   0.014628   5.9e-02   2.4e-04 0.04
    27      30    2.4e+00    2    2.2e-02  -996.24537354  -919.64828917    -0.00041606   0.015530   6.2e-02   2.1e-04 0.04
    28      30    2.6e+00    2    2.7e-02  -996.24558407  -919.64849970    -0.00021053   0.015389   6.2e-02   2.3e-04 0.04
    29      30    2.3e+00    1    2.0e-02  -996.24582871  -919.64874434    -0.00024464   0.015685   6.3e-02   2.0e-04 0.04
    30      30    2.7e+00    3    4.4e-02  -996.24593350  -919.64884913    -0.00010479   0.014922   6.0e-02   2.1e-04 0.04
    31      30    2.3e+00    3    3.1e-02  -996.24626970  -919.64918533    -0.00033620   0.015065   6.0e-02   2.0e-04 0.04
    32      30    2.3e+00    2    5.8e-02  -996.24630589  -919.64922152    -0.00003619   0.014249   5.7e-02   2.0e-04 0.04
    33      30    3.2e+00    3    5.4e-02  -996.24633629  -919.64925192    -0.00003039   0.015591   6.2e-02   2.0e-04 0.04
    34      30    2.1e+00    3    2.1e-02  -996.24644483  -919.64936046    -0.00010855   0.017608   7.0e-02   1.7e-04 0.04
    35      30    2.6e+00    1    5.7e-02  -996.24646371  -919.64937934    -0.00001888   0.015120   6.0e-02   2.1e-04 0.04
    36      30    2.4e+00    2    2.7e-02  -996.24654227  -919.64945790    -0.00007856   0.012860   5.1e-02   1.9e-04 0.04
    37      30    2.3e+00    0    2.7e-02  -996.24654509  -919.64946072    -0.00000282   0.012860   5.1e-02   1.9e-04 0.04
    38      50    4.2e+00    2    1.5e-02  -996.24754088  -919.65045651    -0.00099578   0.001374   5.5e-03   1.9e-04 0.04
    39      50    4.7e+00    0    5.5e-02  -996.24754320  -919.65045883    -0.00000232   0.001374   5.5e-03   1.9e-04 0.04
    40      66    5.0e+00    2    4.7e-02  -996.24756186  -919.65047749    -0.00001867   0.000493   2.0e-03   1.7e-04 0.04
 
RESULTS OF THE OCCUPATION OPTIMIZATION
========================================
   1    1.9999715  -104.93879230
   2    1.9999751  -104.93541673
   3    1.9993380  -10.61648144
   4    1.9993571  -10.61521477
   5    1.9984533  -8.09367689
   6    1.9990736  -8.08572809
   7    1.9990742  -8.08478892
   8    1.9990639  -8.08389145
   9    1.9990693  -8.08370171
  10    1.9981631  -8.08256147
  11    1.9898313  -1.14824689
  12    1.9858455  -1.09005327
  13    1.9560912  -0.61603830
  14    1.9761667  -0.54197544
  15    1.9763146  -0.52783250
  16    1.9751684  -0.50566306
  17    1.9744692  -0.47868416
  18    0.0255308  -0.02882325
  19    0.0248316  -0.02620730
  20    0.0236854  -0.02582760
  21    0.0238333  -0.02842737
  22    0.0439088  -0.06502525
  23    0.0141545  -0.02296327
  24    0.0101687  -0.02888404
  25    0.0018369  -0.03033778
  26    0.0009307  -0.01779141
  27    0.0009361  -0.01788405
  28    0.0009258  -0.01781850
  29    0.0009264  -0.01780117
  30    0.0015467  -0.02436609
  31    0.0006429  -0.01525452
  32    0.0006620  -0.01555505
  33    0.0000249  -0.00507104
  34    0.0000285  -0.00560456
 
----------------
 Final Energies 
----------------
Final NOF Total Energy =    -919.6504775
 
Total Orbital Internal Iterations = 1016
Total Occupation Internal Iterations = 129
 
Elapsed time:  118.25 Seconds

---------------------------------
   Lowdin Population Analysis    
---------------------------------
 Idx  Atom   Population   Charge 
---------------------------------
  1    Cl    17.002      -0.002
  2    Cl    16.998       0.002

---------------------------------
   M Diagnostic: 0.04
---------------------------------

