Computing Integrals
Basis Set                                            = def2-qzvp
Auxiliary Basis Set                                  = def2-universal-jkfit
Gaussian Type                                        = Spherical
Elapsed time:    1.65 Seconds

Number of basis functions                   (NBF)    = 114
Number of auxiliary basis functions         (NBFAUX) = 150
Inactive Doubly occupied orbitals up to     (NO1)    = 0
No. considered Strongly Doubly occupied MOs (NDOC)   = 4
No. considered Strongly Singly occupied MOs (NSOC)   = 2
NO. of Weakly occ. per St. Doubly occ.  MOs (NCWO)   = 1
Dimension of the Nat. Orb. subspace         (NBF5)   = 10
No. of electrons                                     = 10
    No. of alpha electrons                           = 6
    No. of beta electrons                            = 4
Multiplicity                                         = 3

Geometry
========
 B       0.0000000       0.0000000       0.7937770
 B       0.0000000       0.0000000      -0.7937770

No violations of the orthonormality
No violations of the orthonormality
 
PNOF8/ADAM Calculation
==================
 
  Nitext  Nit_orb  Time   Nit_occ  Time         Eelec          Etot           Ediff      maxdiff    MaxGrad_orb  Grad_occ
     1      10    9.1e+00   10    1.2e+01   -54.98508345   -46.65188462 -10053.98508345   0.384861   1.5e+00   1.3e-04 0.04
     2      10    1.3e-01    4    6.5e-02   -56.26407725   -47.93087841    -1.27899379   0.252296   1.0e+00   3.6e-05 0.05
     3      10    3.4e-01    3    4.4e-03   -56.92138974   -48.58819091    -0.65731250   0.162484   6.5e-01   1.2e-04 0.06
     4      10    2.3e-01    4    2.7e-02   -57.22432787   -48.89112903    -0.30293812   0.084693   3.4e-01   1.1e-04 0.06
     5      10    1.6e-01    4    7.1e-04   -57.39440360   -49.06120476    -0.17007573   0.053784   2.2e-01   5.8e-05 0.07
     6      10    2.1e-01    3    9.0e-03   -57.48132454   -49.14812571    -0.08692094   0.049322   2.0e-01   7.8e-05 0.08
     7      10    3.0e-01    2    1.4e-03   -57.52194673   -49.18874790    -0.04062219   0.060454   2.4e-01   9.2e-05 0.09
     8      10    1.3e-01    2    1.4e-02   -57.54279962   -49.20960078    -0.02085288   0.052177   2.1e-01   1.6e-04 0.10
     9      10    6.2e-01    2    1.5e-03   -57.54918366   -49.21598482    -0.00638404   0.054499   2.2e-01   1.0e-04 0.10
    10      10    5.8e-01    1    4.6e-03   -57.55221846   -49.21901962    -0.00303480   0.066397   2.7e-01   1.5e-04 0.10
    11      10    7.0e-01    1    5.6e-03   -57.55382644   -49.22062760    -0.00160798   0.043126   1.7e-01   2.1e-04 0.10
    12      10    2.1e-01    1    3.2e-02   -57.55452225   -49.22132341    -0.00069581   0.041869   1.7e-01   1.2e-04 0.10
    13      10    2.0e-01    1    2.2e-03   -57.55513492   -49.22193608    -0.00061267   0.045888   1.8e-01   8.9e-05 0.10
    14      10    1.3e-01    1    1.9e-03   -57.55546023   -49.22226140    -0.00032532   0.042542   1.7e-01   1.1e-04 0.10
    15      10    3.0e-01    1    7.7e-04   -57.55589887   -49.22270004    -0.00043864   0.045406   1.8e-01   1.2e-04 0.11
    16      10    3.4e-01    2    3.4e-03   -57.55612979   -49.22293095    -0.00023092   0.045636   1.8e-01   3.8e-05 0.11
    17      10    2.1e-01    2    8.8e-03   -57.55634747   -49.22314863    -0.00021768   0.046683   1.9e-01   1.1e-04 0.12
    18      10    2.0e-01    6    1.1e-03   -57.55659466   -49.22339583    -0.00024720   0.044183   1.8e-01   1.3e-04 0.42
    19      10    3.7e-01    3    2.5e-03   -57.57648659   -49.24328776    -0.01989193   0.048105   1.9e-01   9.4e-05 0.50
    20      10    1.9e-01    1    2.0e-03   -57.57867791   -49.24547907    -0.00219132   0.047072   1.9e-01   1.5e-04 0.52
    21      10    3.2e-01    1    4.7e-02   -57.57930521   -49.24610638    -0.00062731   0.049899   2.0e-01   1.5e-04 0.52
    22      10    2.2e-01    1    4.7e-02   -57.57963453   -49.24643569    -0.00032931   0.048035   1.9e-01   1.4e-04 0.52
    23      10    5.1e-01    0    2.9e-03   -57.57970712   -49.24650828    -0.00007259   0.048295   1.9e-01   1.7e-04 0.52
    24      20    6.8e-01    0    1.2e-02   -57.58094744   -49.24774860    -0.00124032   0.001695   6.8e-03   2.3e-04 0.52
    25      30    1.3e+00    1    7.0e-03   -57.58097464   -49.24777581    -0.00002720   0.000673   2.7e-03   1.6e-04 0.53
 
RESULTS OF THE OCCUPATION OPTIMIZATION
========================================
   1    1.9990727  -7.67133488
   2    1.9990730  -7.67085963
   3    1.9544146  -0.67872958
   4    1.4732979  -0.33190578
   5    1.0000000  -0.18578943
   6    1.0000000  -0.18114429
   7    0.5267021  -0.13107152
   8    0.0455854  -0.02227972
   9    0.0009270  -0.01068825
  10    0.0009273  -0.01068778
 
----------------
 Final Energies 
----------------
Final NOF Total Energy =     -49.2477758
 
Total Orbital Internal Iterations = 280
Total Occupation Internal Iterations = 57
 
Elapsed time:   37.33 Seconds

---------------------------------
   Lowdin Population Analysis    
---------------------------------
 Idx  Atom   Population   Charge 
---------------------------------
  1     B     5.000      -0.000
  2     B     5.000       0.000

---------------------------------
   M Diagnostic: 0.53
---------------------------------

