Computing Integrals
Basis Set                                            = def2-qzvp
Auxiliary Basis Set                                  = def2-universal-jkfit
Gaussian Type                                        = Spherical
Elapsed time:    3.78 Seconds

Number of basis functions                   (NBF)    = 298
Number of auxiliary basis functions         (NBFAUX) = 436
Inactive Doubly occupied orbitals up to     (NO1)    = 0
No. considered Strongly Doubly occupied MOs (NDOC)   = 25
No. considered Strongly Singly occupied MOs (NSOC)   = 0
NO. of Weakly occ. per St. Doubly occ.  MOs (NCWO)   = 1
Dimension of the Nat. Orb. subspace         (NBF5)   = 50
No. of electrons                                     = 50
    No. of alpha electrons                           = 25
    No. of beta electrons                            = 25
Multiplicity                                         = 1

Geometry
========
 F       0.9009150       0.9009150       0.9009150
Si       0.0000000       0.0000000       0.0000000
 F      -0.9009150      -0.9009150       0.9009150
 F      -0.9009150       0.9009150      -0.9009150
 F       0.9009150      -0.9009150      -0.9009150

No violations of the orthonormality
No violations of the orthonormality
 
PNOF8/ADAM Calculation
==================
 
  Nitext  Nit_orb  Time   Nit_occ  Time         Eelec          Etot           Ediff      maxdiff    MaxGrad_orb  Grad_occ
     1      10    1.1e+01   15    1.2e+01  -903.59097242  -631.74647237 -10902.59097242   1.286218   5.1e+00   2.0e-04 0.02
     2      10    1.8e+00   15    3.9e-02  -941.39073220  -669.54623214   -37.79975977   0.580060   2.3e+00   3.1e-04 0.04
     3      10    1.9e+00   12    4.7e-02  -952.77543255  -680.93093249   -11.38470035   0.328349   1.3e+00   2.7e-04 0.05
     4      10    2.5e+00   12    5.6e-02  -956.70548794  -684.86098789    -3.93005539   0.251754   1.0e+00   1.7e-04 0.05
     5      10    1.7e+00    9    4.9e-02  -958.33046976  -686.48596971    -1.62498182   0.346304   1.4e+00   2.3e-04 0.05
     6      10    1.7e+00    8    4.5e-02  -959.05381829  -687.20931824    -0.72334853   0.248411   9.9e-01   2.7e-04 0.05
     7      10    1.5e+00    7    3.9e-02  -959.43291732  -687.58841727    -0.37909903   0.250431   1.0e+00   1.7e-04 0.04
     8      10    1.8e+00    6    4.1e-02  -959.65670850  -687.81220845    -0.22379118   0.212893   8.5e-01   1.3e-04 0.04
     9      10    2.0e+00    6    4.7e-02  -959.78668374  -687.94218369    -0.12997524   0.397454   1.6e+00   1.2e-04 0.04
    10      10    1.9e+00    6    4.9e-02  -959.83288520  -687.98838515    -0.04620146   0.240654   9.6e-01   9.5e-05 0.03
    11      10    1.6e+00    6    3.5e-02  -959.87403401  -688.02953396    -0.04114881   0.201817   8.1e-01   7.4e-05 0.03
    12      10    1.6e+00    3    3.3e-02  -959.88329525  -688.03879520    -0.00926124   0.255848   1.0e+00   2.8e-04 0.03
    13      10    1.6e+00    3    3.5e-02  -959.88978985  -688.04528980    -0.00649460   0.205589   8.2e-01   1.7e-04 0.03
    14      10    1.7e+00    0    4.4e-02  -959.89011814  -688.04561809    -0.00032829   0.205589   8.2e-01   1.7e-04 0.03
    15      30    4.5e+00    3    4.1e-02  -959.99345119  -688.14895114    -0.10333305   0.013959   5.6e-02   1.8e-04 0.03
    16      30    4.6e+00    3    4.2e-02  -959.99666587  -688.15216582    -0.00321468   0.033964   1.4e-01   1.4e-04 0.03
    17      30    4.4e+00    3    3.3e-02  -959.99808148  -688.15358143    -0.00141561   0.009928   4.0e-02   1.5e-04 0.03
    18      30    4.6e+00    2    3.7e-02  -959.99917006  -688.15467000    -0.00108858   0.023065   9.2e-02   2.3e-04 0.03
    19      30    4.8e+00    2    4.4e-02  -959.99964701  -688.15514696    -0.00047696   0.010817   4.3e-02   1.8e-04 0.03
    20      30    4.4e+00    2    3.3e-02  -959.99999094  -688.15549088    -0.00034392   0.114419   4.6e-01   1.3e-04 0.03
    21      30    4.9e+00    2    4.0e-02  -960.00034160  -688.15584155    -0.00035067   0.010323   4.1e-02   1.1e-04 0.03
    22      30    4.9e+00    2    3.9e-02  -960.00060717  -688.15610712    -0.00026557   0.012348   4.9e-02   8.2e-05 0.03
    23      30    4.5e+00    0    6.0e-02  -960.00062838  -688.15612833    -0.00002121   0.012348   4.9e-02   8.2e-05 0.03
    24      50    7.8e+00    2    4.1e-02  -960.00201475  -688.15751470    -0.00138636   0.001479   5.9e-03   7.2e-05 0.03
    25      50    8.3e+00    2    3.8e-02  -960.00206642  -688.15756637    -0.00005167   0.002060   8.2e-03   6.0e-05 0.03
    26      50    8.9e+00    2    4.7e-02  -960.00212296  -688.15762291    -0.00005654   0.001604   6.4e-03   5.9e-05 0.03
    27      50    7.6e+00    2    3.4e-02  -960.00215610  -688.15765605    -0.00003314   0.001751   7.0e-03   5.7e-05 0.03
    28      50    8.0e+00    1    4.5e-02  -960.00218912  -688.15768907    -0.00003301   0.001599   6.4e-03   2.1e-04 0.03
    29      50    7.8e+00    1    4.6e-02  -960.00220728  -688.15770723    -0.00001816   0.001613   6.5e-03   1.6e-04 0.03
    30      50    7.6e+00    1    4.1e-02  -960.00222831  -688.15772826    -0.00002103   0.001655   6.6e-03   1.0e-04 0.03
    31      50    8.2e+00    1    4.2e-02  -960.00224380  -688.15774375    -0.00001549   0.001753   7.0e-03   1.6e-04 0.03
    32      50    8.0e+00    1    4.5e-02  -960.00226118  -688.15776113    -0.00001738   0.002220   8.9e-03   1.1e-04 0.03
    33      50    7.5e+00    1    7.7e-02  -960.00228105  -688.15778100    -0.00001987   0.001734   6.9e-03   1.7e-04 0.03
    34      50    9.3e+00    1    4.0e-02  -960.00230060  -688.15780055    -0.00001955   0.015031   6.0e-02   1.2e-04 0.03
    35      50    7.9e+00    1    3.8e-02  -960.00231866  -688.15781861    -0.00001806   0.001758   7.0e-03   1.6e-04 0.03
    36      50    8.0e+00    1    4.7e-02  -960.00234084  -688.15784079    -0.00002218   0.001624   6.5e-03   1.2e-04 0.03
    37      50    7.8e+00    1    3.4e-02  -960.00235364  -688.15785359    -0.00001280   0.001875   7.5e-03   1.6e-04 0.03
    38      50    8.0e+00    1    4.5e-02  -960.00237553  -688.15787548    -0.00002190   0.001551   6.2e-03   1.2e-04 0.03
    39      50    8.2e+00    1    4.0e-02  -960.00238372  -688.15788367    -0.00000818   0.001730   6.9e-03   1.4e-04 0.03
    40      50    8.3e+00    1    4.7e-02  -960.00239833  -688.15789828    -0.00001461   0.001563   6.3e-03   1.1e-04 0.03
 
RESULTS OF THE OCCUPATION OPTIMIZATION
========================================
   1    1.9999662  -68.94050483
   2    1.9998601  -26.38064842
   3    1.9998599  -26.38058437
   4    1.9998601  -26.37995433
   5    1.9998562  -26.37987762
   6    1.9982060  -5.99740118
   7    1.9976584  -4.42904392
   8    1.9976584  -4.42871624
   9    1.9976590  -4.42852440
  10    1.9916030  -1.61594935
  11    1.9916118  -1.61555962
  12    1.9916178  -1.61508968
  13    1.9915832  -1.61223266
  14    1.9711346  -0.84163603
  15    1.9709073  -0.83597059
  16    1.9708275  -0.83534866
  17    1.9709084  -0.82973240
  18    1.9831856  -0.76627233
  19    1.9812568  -0.75793696
  20    1.9824478  -0.75757131
  21    1.9822358  -0.75539506
  22    1.9817070  -0.74978795
  23    1.9815897  -0.74841923
  24    1.9817169  -0.74822658
  25    1.9816946  -0.74467748
  26    0.0183054  -0.02617180
  27    0.0182831  -0.02627314
  28    0.0184103  -0.02631895
  29    0.0182930  -0.02623483
  30    0.0177642  -0.02581036
  31    0.0175522  -0.02563515
  32    0.0187432  -0.02676486
  33    0.0168144  -0.02500823
  34    0.0290916  -0.04838144
  35    0.0291725  -0.04859587
  36    0.0290927  -0.04856991
  37    0.0288654  -0.04831071
  38    0.0084168  -0.02451101
  39    0.0083822  -0.02473691
  40    0.0083882  -0.02471985
  41    0.0083970  -0.02473953
  42    0.0023410  -0.01944370
  43    0.0023416  -0.01945251
  44    0.0023416  -0.01947849
  45    0.0017940  -0.01778066
  46    0.0001438  -0.00615962
  47    0.0001399  -0.00607264
  48    0.0001401  -0.00607878
  49    0.0001399  -0.00607766
  50    0.0000338  -0.00465467
 
----------------
 Final Energies 
----------------
Final NOF Total Energy =    -688.1578983
 
Total Orbital Internal Iterations = 1260
Total Occupation Internal Iterations = 148
 
Elapsed time:  245.09 Seconds

---------------------------------
   Lowdin Population Analysis    
---------------------------------
 Idx  Atom   Population   Charge 
---------------------------------
  1     F     8.665       0.335
  2    Si    15.341      -1.341
  3     F     8.664       0.336
  4     F     8.664       0.336
  5     F     8.666       0.334

---------------------------------
   M Diagnostic: 0.03
---------------------------------

