Computing Integrals
Basis Set                                            = def2-qzvp
Auxiliary Basis Set                                  = def2-universal-jkfit
Gaussian Type                                        = Spherical
Elapsed time:    2.41 Seconds

Number of basis functions                   (NBF)    = 204
Number of auxiliary basis functions         (NBFAUX) = 208
Inactive Doubly occupied orbitals up to     (NO1)    = 0
No. considered Strongly Doubly occupied MOs (NDOC)   = 10
No. considered Strongly Singly occupied MOs (NSOC)   = 0
NO. of Weakly occ. per St. Doubly occ.  MOs (NCWO)   = 1
Dimension of the Nat. Orb. subspace         (NBF5)   = 20
No. of electrons                                     = 20
    No. of alpha electrons                           = 10
    No. of beta electrons                            = 10
Multiplicity                                         = 1

Geometry
========
 H      -0.0913883      -0.2448128       0.0130826
 H       1.5272733       0.3383121       0.6525543
 O      -1.2208378      -0.2356182       0.0613147
 O       1.2462132      -0.2206110      -0.0771381
 H      -1.4612604       0.3627299      -0.6498135

No violations of the orthonormality
No violations of the orthonormality
 
PNOF8/ADABelief Calculation
==================
 
  Nitext  Nit_orb  Time   Nit_occ  Time         Eelec          Etot           Ediff      maxdiff    MaxGrad_orb  Grad_occ
     1      10    9.6e+00    0    1.2e+01  -185.07029032  -151.90194240 -10184.07029032   0.000474   1.9e-03   2.1e-04 0.03
 
RESULTS OF THE OCCUPATION OPTIMIZATION
========================================
   1    1.9997982  -20.31238580
   2    1.9998105  -20.27482579
   3    1.9894321  -1.00828693
   4    1.9921295  -0.94976336
   5    1.9654714  -0.44319074
   6    1.9667114  -0.42841944
   7    1.9653265  -0.38566137
   8    1.9754775  -0.26622173
   9    1.9773733  -0.24617198
  10    1.9742411  -0.21897644
  11    0.0257589  -0.02210279
  12    0.0226267  -0.02144165
  13    0.0245225  -0.02232731
  14    0.0346735  -0.03351897
  15    0.0332886  -0.03847016
  16    0.0345286  -0.03441956
  17    0.0078705  -0.01684452
  18    0.0105679  -0.02050653
  19    0.0001895  -0.00633763
  20    0.0002018  -0.00669424
 
----------------
 Final Energies 
----------------
Final NOF Total Energy =    -151.9019424
 
Total Orbital Internal Iterations = 10
Total Occupation Internal Iterations = 0
 
Elapsed time:   27.94 Seconds

---------------------------------
   Lowdin Population Analysis    
---------------------------------
 Idx  Atom   Population   Charge 
---------------------------------
  1     H     1.480      -0.480
  2     H     1.526      -0.526
  3     O     7.642       0.358
  4     O     7.906       0.094
  5     H     1.446      -0.446

---------------------------------
   M Diagnostic: 0.03
---------------------------------

