Computing Integrals
Basis Set                                            = def2-qzvp
Auxiliary Basis Set                                  = def2-universal-jkfit
Gaussian Type                                        = Spherical
Elapsed time:    7.04 Seconds

Number of basis functions                   (NBF)    = 495
Number of auxiliary basis functions         (NBFAUX) = 503
Inactive Doubly occupied orbitals up to     (NO1)    = 0
No. considered Strongly Doubly occupied MOs (NDOC)   = 19
No. considered Strongly Singly occupied MOs (NSOC)   = 0
NO. of Weakly occ. per St. Doubly occ.  MOs (NCWO)   = 1
Dimension of the Nat. Orb. subspace         (NBF5)   = 38
No. of electrons                                     = 38
    No. of alpha electrons                           = 19
    No. of beta electrons                            = 19
Multiplicity                                         = 1

Geometry
========
 C       1.2760904      -0.7732734       0.0000000
 C       1.2313472       0.5890534       0.0000000
 C      -1.1819238       1.0732497       0.0000000
 N      -1.4943519      -0.1990555       0.0000000
 C      -1.0663852      -1.3384017       0.0000000
 H       1.4201582      -1.3308488      -0.9170894
 H       1.4201582      -1.3308488       0.9170894
 H       1.3453620       1.1502202      -0.9195679
 H       1.3453620       1.1502202       0.9195679
 H      -1.3003145       1.6193243       0.9290035
 H      -1.3003145       1.6193243      -0.9290035
 H      -1.6951880      -2.2289638       0.0000000

No violations of the orthonormality
No violations of the orthonormality
 
PNOF5/ADABelief Calculation
==================
 
  Nitext  Nit_orb  Time   Nit_occ  Time         Eelec          Etot           Ediff      maxdiff    MaxGrad_orb  Grad_occ
     1      10    1.1e+01    0    1.2e+01  -368.16759971  -210.18165564 -10367.16759971   0.000481   1.9e-03   1.0e-04 0.13
 
RESULTS OF THE OCCUPATION OPTIMIZATION
========================================
   1    1.9997400  -15.55864007
   2    1.9996176  -11.24595785
   3    1.9996015  -11.24178701
   4    1.9996211  -11.19225837
   5    1.9996200  -11.18593510
   6    1.9952184  -1.09284920
   7    1.9919597  -0.99095679
   8    1.9924899  -0.81879838
   9    1.9867922  -0.74664860
  10    1.9849540  -0.71371871
  11    1.9849551  -0.71370092
  12    1.9945763  -0.68085451
  13    1.9844132  -0.67277473
  14    1.9844088  -0.67277433
  15    1.9844463  -0.67137922
  16    1.9844514  -0.67137757
  17    1.9391406  -0.50089970
  18    1.9397783  -0.38335716
  19    1.8690625  -0.31797791
  20    0.1309375  -0.03820435
  21    0.0602217  -0.02209971
  22    0.0608594  -0.02843241
  23    0.0155486  -0.01264640
  24    0.0155537  -0.01264784
  25    0.0155912  -0.01270647
  26    0.0155868  -0.01270559
  27    0.0054237  -0.00530639
  28    0.0150449  -0.01270535
  29    0.0150460  -0.01270579
  30    0.0132078  -0.01157686
  31    0.0075101  -0.00814009
  32    0.0080403  -0.00992647
  33    0.0047816  -0.00689412
  34    0.0003800  -0.00769113
  35    0.0003789  -0.00767716
  36    0.0003985  -0.00797982
  37    0.0003824  -0.00773465
  38    0.0002600  -0.00737386
 
----------------
 Final Energies 
----------------
Final NOF Total Energy =    -210.1816556
 
Total Orbital Internal Iterations = 10
Total Occupation Internal Iterations = 0
 
Elapsed time:   30.28 Seconds

---------------------------------
   Lowdin Population Analysis    
---------------------------------
 Idx  Atom   Population   Charge 
---------------------------------
  1     C     5.861       0.139
  2     C     5.847       0.153
  3     C     5.907       0.093
  4     N     6.720       0.280
  5     C     5.957       0.043
  6     H     1.089      -0.089
  7     H     1.089      -0.089
  8     H     1.094      -0.094
  9     H     1.094      -0.094
 10     H     1.103      -0.103
 11     H     1.103      -0.103
 12     H     1.135      -0.135

---------------------------------
   M Diagnostic: 0.13
---------------------------------

