Computing Integrals
Basis Set                                            = def2-qzvp
Auxiliary Basis Set                                  = def2-universal-jkfit
Gaussian Type                                        = Spherical
Elapsed time:    4.49 Seconds

Number of basis functions                   (NBF)    = 231
Number of auxiliary basis functions         (NBFAUX) = 265
Inactive Doubly occupied orbitals up to     (NO1)    = 0
No. considered Strongly Doubly occupied MOs (NDOC)   = 11
No. considered Strongly Singly occupied MOs (NSOC)   = 0
NO. of Weakly occ. per St. Doubly occ.  MOs (NCWO)   = 1
Dimension of the Nat. Orb. subspace         (NBF5)   = 22
No. of electrons                                     = 22
    No. of alpha electrons                           = 11
    No. of beta electrons                            = 11
Multiplicity                                         = 1

Geometry
========
 N       0.0000000       0.0000000      -1.8849400
 N       0.0000000       0.0000000      -0.7510000
 C       0.0000000       0.0000000       0.5411838
 H      -0.9508515       0.0000000       1.0473781
 H       0.9508515       0.0000000       1.0473781

No violations of the orthonormality
No violations of the orthonormality
 
PNOF5/ADABelief Calculation
==================
 
  Nitext  Nit_orb  Time   Nit_occ  Time         Eelec          Etot           Ediff      maxdiff    MaxGrad_orb  Grad_occ
     1      10    9.8e+00    0    1.2e+01  -209.51222046  -148.06621963 -10208.51222046   0.000496   2.0e-03   1.4e-04 0.09
 
RESULTS OF THE OCCUPATION OPTIMIZATION
========================================
   1    1.9997334  -15.66165042
   2    1.9997425  -15.60171684
   3    1.9996109  -11.24901686
   4    1.9950478  -1.32516311
   5    1.9934530  -1.06874183
   6    1.9966544  -0.77225272
   7    1.9932080  -0.74732086
   8    1.9856492  -0.73287274
   9    1.9856501  -0.73286638
  10    1.9336795  -0.61320153
  11    1.9115387  -0.34651606
  12    0.0884613  -0.02951742
  13    0.0663205  -0.03561810
  14    0.0143499  -0.01234118
  15    0.0143508  -0.01234104
  16    0.0067920  -0.00728438
  17    0.0033456  -0.00358264
  18    0.0065470  -0.00861103
  19    0.0049522  -0.00826180
  20    0.0003891  -0.00783472
  21    0.0002575  -0.00732453
  22    0.0002666  -0.00752006
 
----------------
 Final Energies 
----------------
Final NOF Total Energy =    -148.0662196
 
Total Orbital Internal Iterations = 10
Total Occupation Internal Iterations = 0
 
Elapsed time:   27.78 Seconds

---------------------------------
   Lowdin Population Analysis    
---------------------------------
 Idx  Atom   Population   Charge 
---------------------------------
  1     N     6.933       0.067
  2     N     6.841       0.159
  3     C     5.977       0.023
  4     H     1.124      -0.124
  5     H     1.124      -0.124

---------------------------------
   M Diagnostic: 0.09
---------------------------------

