Job runing on na14
Choosing scratch ...
Automatic scratch folder selection
/scratch/pobleyef/345602
/scratch/pobleyef/345602 directory
cp HAL59-NCH_NIS.gcf HAL59-NCH_NIS.inp to  /scratch/pobleyef/345602/.
HAL59-NCH_NIS
 This is the OpenMP version of the code
 This is the OpenMP version of the code
 This is the OpenMP version of the code
 This is the OpenMP version of the code
 This is the OpenMP version of the code
 This is the OpenMP version of the code
 This is the OpenMP version of the code
 This is the OpenMP version of the code
 This is the OpenMP version of the code
 This is the OpenMP version of the code
 This is the OpenMP version of the code
 This is the OpenMP version of the code
 This is the OpenMP version of the code
 This is the OpenMP version of the code
 This is the OpenMP version of the code
 This is the OpenMP version of the code
 This is the OpenMP version of the code
 This is the OpenMP version of the code
 This is the OpenMP version of the code
 This is the OpenMP version of the code
 This is the OpenMP version of the code
 This is the OpenMP version of the code
 This is the OpenMP version of the code
 This is the OpenMP version of the code
 This is the OpenMP version of the code
 This is the OpenMP version of the code
 This is the OpenMP version of the code
 This is the OpenMP version of the code
 This is the OpenMP version of the code
 This is the OpenMP version of the code
 This is the OpenMP version of the code
 This is the OpenMP version of the code
 This is the OpenMP version of the code
 This is the OpenMP version of the code
 This is the OpenMP version of the code
 This is the OpenMP version of the code
 This is the OpenMP version of the code
 This is the OpenMP version of the code
 This is the OpenMP version of the code
 This is the OpenMP version of the code
 This is the OpenMP version of the code
 This is the OpenMP version of the code
 This is the OpenMP version of the code
 This is the OpenMP version of the code
 This is the OpenMP version of the code
 This is the OpenMP version of the code
 This is the OpenMP version of the code
 This is the OpenMP version of the code
 This is the OpenMP version of the code
 This is the OpenMP version of the code
 This is the OpenMP version of the code
 This is the OpenMP version of the code
 This is the OpenMP version of the code
 This is the OpenMP version of the code
 This is the OpenMP version of the code
 This is the OpenMP version of the code
 This is the OpenMP version of the code
 This is the OpenMP version of the code
 This is the OpenMP version of the code
 This is the OpenMP version of the code
 This is the OpenMP version of the code
 This is the OpenMP version of the code
 This is the OpenMP version of the code
 This is the OpenMP version of the code
 This is the OpenMP version of the code
 This is the OpenMP version of the code
 This is the OpenMP version of the code
 This is the OpenMP version of the code
 This is the OpenMP version of the code
 This is the OpenMP version of the code
 This is the OpenMP version of the code
 This is the OpenMP version of the code
 This is the OpenMP version of the code
 This is the OpenMP version of the code
 This is the OpenMP version of the code
 This is the OpenMP version of the code
 This is the OpenMP version of the code
 This is the OpenMP version of the code
 This is the OpenMP version of the code
 This is the OpenMP version of the code
 This is the OpenMP version of the code
 This is the OpenMP version of the code
 This is the OpenMP version of the code
 This is the OpenMP version of the code
 This is the OpenMP version of the code
 This is the OpenMP version of the code
 This is the OpenMP version of the code
 This is the OpenMP version of the code
 This is the OpenMP version of the code
 This is the OpenMP version of the code
 This is the OpenMP version of the code
 This is the OpenMP version of the code
 This is the OpenMP version of the code
 This is the OpenMP version of the code
 This is the OpenMP version of the code
 This is the OpenMP version of the code
 This is the OpenMP version of the code
 This is the OpenMP version of the code
 This is the OpenMP version of the code
 This is the OpenMP version of the code
 This is the OpenMP version of the code
 This is the OpenMP version of the code
 This is the OpenMP version of the code
 This is the OpenMP version of the code
 This is the OpenMP version of the code
 This is the OpenMP version of the code
 This is the OpenMP version of the code
 This is the OpenMP version of the code
 This is the OpenMP version of the code
 This is the OpenMP version of the code
 This is the OpenMP version of the code
 This is the OpenMP version of the code
 This is the OpenMP version of the code
 This is the OpenMP version of the code
 This is the OpenMP version of the code
 This is the OpenMP version of the code
 This is the OpenMP version of the code
 This is the OpenMP version of the code
 This is the OpenMP version of the code
 This is the OpenMP version of the code

 The execution started at 10h 24min on the 11/ 4/2025

    ===========================================================
    !                                                         !
    !                        Do N O F                         !
    !                                                         !
    !  (Donostia Natural Orbital Functional Software Program) !
    !                                                         !
    !               COPYRIGHT by Mario Piris                  !
    !                                                         !
    !      Donostia International Physics Center (DIPC)       !
    !       University of the Basque Country (UPV/EHU)        !
    !       Basque Foundation for Science (IKERBASQUE)        !
    !                                                         !
    !          GNU General Public License version 3           !
    !                                                         !
    !                  VERSION: October 2025                  !
    !                                                         !
    ===========================================================

 Run Title
 ---------
  Molname                                                                        

 Basis Set
 ---------
 /home/pobleyef/DoNOFsw/basis/def2-QZVP.bas                                      

 Atom      Charge                Coordinates (Bohr)
                           x             y             z
 N           7.0        0.0000        0.0000        7.0232
 C           6.0        0.0000        0.0000        9.1789
 H           1.0        0.0000        0.0000       11.1969
 N           7.0        0.0000        0.0000       -2.2246
 O           8.0        0.0000        4.3095       -2.9918
 O           8.0        0.0000       -4.3095       -2.9918
 C           6.0        0.0000       -2.1633       -3.7237
 C           6.0        0.0000       -1.2501       -6.4103
 C           6.0        0.0000        1.2501       -6.4103
 H           1.0        0.0000        2.5524       -7.9791
 H           1.0        0.0000       -2.5524       -7.9791
 C           6.0        0.0000        2.1633       -3.7237
 I          53.0        0.0000        0.0000        1.6146

 Atomic Basis Set
 ----------------
 The contracted primitive functions were unnormalized
 The contracted basis functions are now normalized to unity

  Shell Type  Primitive         Exponent  Contraction Coefficient

 N         

      1   S       1         90726.8892100    0.000070982346
      1   S       2         13590.5288010    0.000551712516
      1   S       3          3092.9883781    0.002893067845
      1   S       4           875.9987636    0.012111212150
      1   S       5           285.7446998    0.042834127812
      1   S       6           103.1191342    0.129198809022
      1   S       7            40.1285568    0.318818920022
      1   S       8            16.5280957    0.590844885361

      2   S       9            69.3909610    0.094659213180
      2   S      10            20.4282006    0.925496499302

      3   S      11             7.1292588    1.000000000000

      4   S      12             3.1324305    1.000000000000

      5   S      13             0.9875578    1.000000000000

      6   S      14             0.3876572    1.000000000000

      7   S      15             0.1490988    1.000000000000

      8   P      16           150.0574267   -0.002450051156
      8   P      17            35.4915995   -0.019486267495
      8   P      18            11.2478642   -0.090355519008
      8   P      19             4.0900305   -0.299446872557
      8   P      20             1.6220573   -0.696789730227

      9   P      21             0.6644226    1.000000000000

     10   P      22             0.2709977    1.000000000000

     11   P      23             0.1068875    1.000000000000

     12   D      24             2.8370000    1.000000000000

     13   D      25             0.9680000    1.000000000000

     14   D      26             0.3350000    1.000000000000

     15   F      27             2.0270000    1.000000000000

     16   F      28             0.6850000    1.000000000000

     17   G      29             1.4270000    1.000000000000

 C         

     18   S      30         67025.0710290    0.000070988337
     18   S      31         10039.9865380    0.000551759078
     18   S      32          2284.9316911    0.002893301112
     18   S      33           647.1412213    0.012111149913
     18   S      34           211.0947234    0.042822697250
     18   S      35            76.1776439    0.129053328799
     18   S      36            29.6338392    0.318146477908
     18   S      37            12.1877851    0.591790274517

     19   S      38            53.0260063    0.091364916926
     19   S      39            15.2585028    0.928761090236

     20   S      40             5.2403957    1.000000000000

     21   S      41             2.2905022    1.000000000000

     22   S      42             0.6967328    1.000000000000

     23   S      43             0.2759934    1.000000000000

     24   S      44             0.1073988    1.000000000000

     25   P      45           105.1255508    0.002496535013
     25   P      46            24.8844611    0.019546395628
     25   P      47             7.8637231    0.088834946629
     25   P      48             2.8407002    0.294789686074
     25   P      49             1.1227137    0.702715999245

     26   P      50             0.4605073    1.000000000000

     27   P      51             0.1893753    1.000000000000

     28   P      52             0.0759838    1.000000000000

     29   D      53             1.8480000    1.000000000000

     30   D      54             0.6490000    1.000000000000

     31   D      55             0.2280000    1.000000000000

     32   F      56             1.4190000    1.000000000000

     33   F      57             0.4850000    1.000000000000

     34   G      58             1.0110000    1.000000000000

 H         

     35   S      59           190.6916900    0.005342636962
     35   S      60            28.6055320    0.041252338243
     35   S      61             6.5095943    0.210993525698
     35   S      62             1.8412455    0.812128545862

     36   S      63             0.5985373    1.000000000000

     37   S      64             0.2139762    1.000000000000

     38   S      65             0.0803163    1.000000000000

     39   P      66             2.2920000    1.000000000000

     40   P      67             0.8380000    1.000000000000

     41   P      68             0.2920000    1.000000000000

     42   D      69             2.0620000    1.000000000000

     43   D      70             0.6620000    1.000000000000

     44   F      71             1.3970000    1.000000000000

 N         

     45   S      72         90726.8892100    0.000070982346
     45   S      73         13590.5288010    0.000551712516
     45   S      74          3092.9883781    0.002893067845
     45   S      75           875.9987636    0.012111212150
     45   S      76           285.7446998    0.042834127812
     45   S      77           103.1191342    0.129198809022
     45   S      78            40.1285568    0.318818920022
     45   S      79            16.5280957    0.590844885361

     46   S      80            69.3909610    0.094659213180
     46   S      81            20.4282006    0.925496499302

     47   S      82             7.1292588    1.000000000000

     48   S      83             3.1324305    1.000000000000

     49   S      84             0.9875578    1.000000000000

     50   S      85             0.3876572    1.000000000000

     51   S      86             0.1490988    1.000000000000

     52   P      87           150.0574267   -0.002450051156
     52   P      88            35.4915995   -0.019486267495
     52   P      89            11.2478642   -0.090355519008
     52   P      90             4.0900305   -0.299446872557
     52   P      91             1.6220573   -0.696789730227

     53   P      92             0.6644226    1.000000000000

     54   P      93             0.2709977    1.000000000000

     55   P      94             0.1068875    1.000000000000

     56   D      95             2.8370000    1.000000000000

     57   D      96             0.9680000    1.000000000000

     58   D      97             0.3350000    1.000000000000

     59   F      98             2.0270000    1.000000000000

     60   F      99             0.6850000    1.000000000000

     61   G     100             1.4270000    1.000000000000

 O         

     62   S     101        116506.4690800    0.000071987576
     62   S     102         17504.3497240    0.000557148772
     62   S     103          3993.4513230    0.002913003168
     62   S     104          1133.0063186    0.012172051077
     62   S     105           369.9956959    0.043003761827
     62   S     106           133.6207435    0.129647623897
     62   S     107            52.0356436    0.319696085629
     62   S     108            21.4619393    0.589314587967

     63   S     109            89.8350513    0.094848052763
     63   S     110            26.4280108    0.925363787917

     64   S     111             9.2822825    1.000000000000

     65   S     112             4.0947729    1.000000000000

     66   S     113             1.3255349    1.000000000000

     67   S     114             0.5187723    1.000000000000

     68   S     115             0.1977268    1.000000000000

     69   P     116           191.1525581    0.002535957414
     69   P     117            45.2333567    0.020233824294
     69   P     118            14.3534659    0.094518019998
     69   P     119             5.2422372    0.309154328074
     69   P     120             2.0792419    0.684689495338

     70   P     121             0.8428237    1.000000000000

     71   P     122             0.3361769    1.000000000000

     72   P     123             0.1286400    1.000000000000

     73   D     124             3.7750000    1.000000000000

     74   D     125             1.3000000    1.000000000000

     75   D     126             0.4440000    1.000000000000

     76   F     127             2.6660000    1.000000000000

     77   F     128             0.8590000    1.000000000000

     78   G     129             1.8460000    1.000000000000

 O         

     79   S     130        116506.4690800    0.000071987576
     79   S     131         17504.3497240    0.000557148772
     79   S     132          3993.4513230    0.002913003168
     79   S     133          1133.0063186    0.012172051077
     79   S     134           369.9956959    0.043003761827
     79   S     135           133.6207435    0.129647623897
     79   S     136            52.0356436    0.319696085629
     79   S     137            21.4619393    0.589314587967

     80   S     138            89.8350513    0.094848052763
     80   S     139            26.4280108    0.925363787917

     81   S     140             9.2822825    1.000000000000

     82   S     141             4.0947729    1.000000000000

     83   S     142             1.3255349    1.000000000000

     84   S     143             0.5187723    1.000000000000

     85   S     144             0.1977268    1.000000000000

     86   P     145           191.1525581    0.002535957414
     86   P     146            45.2333567    0.020233824294
     86   P     147            14.3534659    0.094518019998
     86   P     148             5.2422372    0.309154328074
     86   P     149             2.0792419    0.684689495338

     87   P     150             0.8428237    1.000000000000

     88   P     151             0.3361769    1.000000000000

     89   P     152             0.1286400    1.000000000000

     90   D     153             3.7750000    1.000000000000

     91   D     154             1.3000000    1.000000000000

     92   D     155             0.4440000    1.000000000000

     93   F     156             2.6660000    1.000000000000

     94   F     157             0.8590000    1.000000000000

     95   G     158             1.8460000    1.000000000000

 C         

     96   S     159         67025.0710290    0.000070988337
     96   S     160         10039.9865380    0.000551759078
     96   S     161          2284.9316911    0.002893301112
     96   S     162           647.1412213    0.012111149913
     96   S     163           211.0947234    0.042822697250
     96   S     164            76.1776439    0.129053328799
     96   S     165            29.6338392    0.318146477908
     96   S     166            12.1877851    0.591790274517

     97   S     167            53.0260063    0.091364916926
     97   S     168            15.2585028    0.928761090236

     98   S     169             5.2403957    1.000000000000

     99   S     170             2.2905022    1.000000000000

    100   S     171             0.6967328    1.000000000000

    101   S     172             0.2759934    1.000000000000

    102   S     173             0.1073988    1.000000000000

    103   P     174           105.1255508    0.002496535013
    103   P     175            24.8844611    0.019546395628
    103   P     176             7.8637231    0.088834946629
    103   P     177             2.8407002    0.294789686074
    103   P     178             1.1227137    0.702715999245

    104   P     179             0.4605073    1.000000000000

    105   P     180             0.1893753    1.000000000000

    106   P     181             0.0759838    1.000000000000

    107   D     182             1.8480000    1.000000000000

    108   D     183             0.6490000    1.000000000000

    109   D     184             0.2280000    1.000000000000

    110   F     185             1.4190000    1.000000000000

    111   F     186             0.4850000    1.000000000000

    112   G     187             1.0110000    1.000000000000

 C         

    113   S     188         67025.0710290    0.000070988337
    113   S     189         10039.9865380    0.000551759078
    113   S     190          2284.9316911    0.002893301112
    113   S     191           647.1412213    0.012111149913
    113   S     192           211.0947234    0.042822697250
    113   S     193            76.1776439    0.129053328799
    113   S     194            29.6338392    0.318146477908
    113   S     195            12.1877851    0.591790274517

    114   S     196            53.0260063    0.091364916926
    114   S     197            15.2585028    0.928761090236

    115   S     198             5.2403957    1.000000000000

    116   S     199             2.2905022    1.000000000000

    117   S     200             0.6967328    1.000000000000

    118   S     201             0.2759934    1.000000000000

    119   S     202             0.1073988    1.000000000000

    120   P     203           105.1255508    0.002496535013
    120   P     204            24.8844611    0.019546395628
    120   P     205             7.8637231    0.088834946629
    120   P     206             2.8407002    0.294789686074
    120   P     207             1.1227137    0.702715999245

    121   P     208             0.4605073    1.000000000000

    122   P     209             0.1893753    1.000000000000

    123   P     210             0.0759838    1.000000000000

    124   D     211             1.8480000    1.000000000000

    125   D     212             0.6490000    1.000000000000

    126   D     213             0.2280000    1.000000000000

    127   F     214             1.4190000    1.000000000000

    128   F     215             0.4850000    1.000000000000

    129   G     216             1.0110000    1.000000000000

 C         

    130   S     217         67025.0710290    0.000070988337
    130   S     218         10039.9865380    0.000551759078
    130   S     219          2284.9316911    0.002893301112
    130   S     220           647.1412213    0.012111149913
    130   S     221           211.0947234    0.042822697250
    130   S     222            76.1776439    0.129053328799
    130   S     223            29.6338392    0.318146477908
    130   S     224            12.1877851    0.591790274517

    131   S     225            53.0260063    0.091364916926
    131   S     226            15.2585028    0.928761090236

    132   S     227             5.2403957    1.000000000000

    133   S     228             2.2905022    1.000000000000

    134   S     229             0.6967328    1.000000000000

    135   S     230             0.2759934    1.000000000000

    136   S     231             0.1073988    1.000000000000

    137   P     232           105.1255508    0.002496535013
    137   P     233            24.8844611    0.019546395628
    137   P     234             7.8637231    0.088834946629
    137   P     235             2.8407002    0.294789686074
    137   P     236             1.1227137    0.702715999245

    138   P     237             0.4605073    1.000000000000

    139   P     238             0.1893753    1.000000000000

    140   P     239             0.0759838    1.000000000000

    141   D     240             1.8480000    1.000000000000

    142   D     241             0.6490000    1.000000000000

    143   D     242             0.2280000    1.000000000000

    144   F     243             1.4190000    1.000000000000

    145   F     244             0.4850000    1.000000000000

    146   G     245             1.0110000    1.000000000000

 H         

    147   S     246           190.6916900    0.005342636962
    147   S     247            28.6055320    0.041252338243
    147   S     248             6.5095943    0.210993525698
    147   S     249             1.8412455    0.812128545862

    148   S     250             0.5985373    1.000000000000

    149   S     251             0.2139762    1.000000000000

    150   S     252             0.0803163    1.000000000000

    151   P     253             2.2920000    1.000000000000

    152   P     254             0.8380000    1.000000000000

    153   P     255             0.2920000    1.000000000000

    154   D     256             2.0620000    1.000000000000

    155   D     257             0.6620000    1.000000000000

    156   F     258             1.3970000    1.000000000000

 H         

    157   S     259           190.6916900    0.005342636962
    157   S     260            28.6055320    0.041252338243
    157   S     261             6.5095943    0.210993525698
    157   S     262             1.8412455    0.812128545862

    158   S     263             0.5985373    1.000000000000

    159   S     264             0.2139762    1.000000000000

    160   S     265             0.0803163    1.000000000000

    161   P     266             2.2920000    1.000000000000

    162   P     267             0.8380000    1.000000000000

    163   P     268             0.2920000    1.000000000000

    164   D     269             2.0620000    1.000000000000

    165   D     270             0.6620000    1.000000000000

    166   F     271             1.3970000    1.000000000000

 C         

    167   S     272         67025.0710290    0.000070988337
    167   S     273         10039.9865380    0.000551759078
    167   S     274          2284.9316911    0.002893301112
    167   S     275           647.1412213    0.012111149913
    167   S     276           211.0947234    0.042822697250
    167   S     277            76.1776439    0.129053328799
    167   S     278            29.6338392    0.318146477908
    167   S     279            12.1877851    0.591790274517

    168   S     280            53.0260063    0.091364916926
    168   S     281            15.2585028    0.928761090236

    169   S     282             5.2403957    1.000000000000

    170   S     283             2.2905022    1.000000000000

    171   S     284             0.6967328    1.000000000000

    172   S     285             0.2759934    1.000000000000

    173   S     286             0.1073988    1.000000000000

    174   P     287           105.1255508    0.002496535013
    174   P     288            24.8844611    0.019546395628
    174   P     289             7.8637231    0.088834946629
    174   P     290             2.8407002    0.294789686074
    174   P     291             1.1227137    0.702715999245

    175   P     292             0.4605073    1.000000000000

    176   P     293             0.1893753    1.000000000000

    177   P     294             0.0759838    1.000000000000

    178   D     295             1.8480000    1.000000000000

    179   D     296             0.6490000    1.000000000000

    180   D     297             0.2280000    1.000000000000

    181   F     298             1.4190000    1.000000000000

    182   F     299             0.4850000    1.000000000000

    183   G     300             1.0110000    1.000000000000

 I         

    184   S     301         16788.4000000    0.000103586804
    184   S     302          2526.6400000    0.000765531745
    184   S     303           571.9840000    0.003150554741
    184   S     304           150.4340000    0.006717983204
    184   S     305            29.5405000   -0.134384929151
    184   S     306            18.4571000    0.859255064197
    184   S     307            11.5286000   -0.890227518539
    184   S     308             7.0828900   -1.367813214298
    184   S     309             2.5040500    1.808345152379

    185   S     310            25.0586179    0.088686579218
    185   S     311            15.6219794   -0.309437052616
    185   S     312             3.3536325    1.147487780264

    186   S     313             1.3540145    1.000000000000

    187   S     314             0.6743047    1.000000000000

    188   S     315             0.3272714    1.000000000000

    189   S     316             0.1574936    1.000000000000

    190   S     317             0.0743777    1.000000000000

    191   P     318           656.2740000    0.000102263116
    191   P     319           149.2320000    0.000688871318
    191   P     320            19.0153000    0.067339699796
    191   P     321            10.7378000   -0.280108787807
    191   P     322             6.4420800   -0.004916495947
    191   P     323             3.0920300    0.577616914298
    191   P     324             1.5787400    0.569991007671

    192   P     325            15.6605119   -0.024484627992
    192   P     326             4.9250670    0.260041620414
    192   P     327             1.6692320    0.808870366710

    193   P     328             0.7781790    1.000000000000

    194   P     329             0.3560884    1.000000000000

    195   P     330             0.1549324    1.000000000000

    196   P     331             0.0646662    1.000000000000

    197   D     332           318.2240778    0.000120648927
    197   D     333            95.8102274    0.001012623893
    197   D     334            35.3222953    0.005278751941
    197   D     335            13.1074478   -0.017935310228
    197   D     336             6.2949153    0.100128211172
    197   D     337             3.6826101    0.302771472093
    197   D     338             2.0858951    0.397340741727
    197   D     339             1.1644342    0.312691340071

    198   D     340             0.6318061    1.000000000000

    199   D     341             0.3221508    1.000000000000

    200   D     342             0.1349000    1.000000000000

    201   F     343             6.4253614    1.000000000000

    202   F     344             2.1780000    1.000000000000

    203   F     345             0.5878000    1.000000000000

    204   F     346             0.2500000    1.000000000000

    205   G     347             0.4739000    1.000000000000

 Total Number of Basis Set Shells             =  205
 Total Number of Primitives                   =  347
 Number of Spherical Gaussian Basis Functions =  685
 Total Number of Auxiliary Basis Set Shells   =  289
 Number of Sph. Gaussian Auxiliary Set Func.  =  955
 Number of Electrons                          =  116
 Charge of Molecule                           =    0
 Spin Multiplicity                            =    1
 Number of Occupied Orbitals (Alpha)          =   58
 Number of Occupied Orbitals (Beta )          =   58
 Total Number of Atoms                        =   13

 Nuclear Energy =      888.6135023985

 Note: This calculation is using an effective core potential
 so NE and ENUC will be adjusted later after removal of the Core

 Input Run Options
 -----------------
 IRUNTYP = 1  MULT = 1  ICHARG =  0 IECP = 1  IEMOM = 1  UNITS = ANGS    

 ECP Potentials
 --------------
 Parameters for "I-ECP   " on Atom 13 with ZCORE 28 and LMAX 3 are

 for L= 3      COEFF    N           ZETA
    1      -21.84204    2       19.45861
    1      -28.46819    2       19.34926
    1       -0.24371    2        4.82377
    1       -0.32080    2        4.88431
 for L= 0      COEFF    N           ZETA
    1       49.99429    2       40.01584
    1      281.02532    2       17.42975
    1       61.57333    2        9.00548
    1       21.84204    2       19.45861
    1       28.46819    2       19.34926
    1        0.24371    2        4.82377
    1        0.32080    2        4.88431
 for L= 1      COEFF    N           ZETA
    1       67.44284    2       15.35547
    1      134.88114    2       14.97183
    1       14.67505    2        8.96016
    1       29.37567    2        8.25910
    1       21.84204    2       19.45861
    1       28.46819    2       19.34926
    1        0.24371    2        4.82377
    1        0.32080    2        4.88431
 for L= 2      COEFF    N           ZETA
    1       35.43953    2       15.06891
    1       53.17606    2       14.55532
    1        9.06719    2        6.71865
    1       13.20694    2        6.45639
    1        0.08933    2        1.19178
    1        0.05238    2        1.29116
    1       21.84204    2       19.45861
    1       28.46819    2       19.34926
    1        0.24371    2        4.82377
    1        0.32080    2        4.88431

 The ECP removes  28 core electrons and  28 protons

 Number of electrons kept in the run =   88
 Number of occupied orbitals (Alpha) =   44
 Number of occupied orbitals (Beta)  =   44

 Adjusted Nuclear Energy =      599.8254095541


 Integral Options
 ----------------
 ERITYP = RI     AUX = JKFIT   ISCHWZ = 1   CUTOFF = 1.0E-09

 Input NOF Options
 -----------------

 Natural Orbital Functional Selected:    (IPNOF)         5

 Type of calculation = ICOEF2 + ICOEF1:  (ICOEF)        21
 Use Softmax function for Occ. Opt.:     (ISOFTMAX)      1
 Type of Orb. Opt. = Orbital Rotations:  (IORBOPT)       2
 Maximum Number of Coef Outer Iter.:     (MAXIT21)       3
 Maximum Number of Occ-Coef Outer Iter.: (MAXIT)      1000

 Restart calculation Option:             (RESTART)       F
 Restart Gamma Matrix from GCF file:     (INPUTGAMMA)    1
 Coefficient Matrix from GCF file:       (INPUTC)        1
 Diagonal Elements FMIUG from GCF file:  (INPUTFMIUG)    0
 Cartesian Coordinates from GCF file:    (INPUTCXYZ)     0

 Threshold Lambda Convergence=10**(-N):  (NTHRESHL)      3
 Threshold Energy Convergence=10**(-N):  (NTHRESHE)      6
 Max. Number of Inner Coef. Iterations:  (MAXLOOP)      10
 Orthogonalize the initial Orbitals:     (ORTHO)         T

 Output Option:                          (NPRINT)        0
 Output the Coefficient Matrix:          (IWRITEC)       0
 Do a Mulliken Population Analysis:      (IMULPOP)       0
 Write Information into a WFN file:      (IAIMPAC)       1
 Write Information into a FCHK file:     (IFCHK)         1
 Write Information into a MLP file:      (MOLDEN)        1
 Create Ini. Cond. (ini.xyz) file:       (INICOND)       1
 Calculate IPs using Ext. Koopmans Theo: (IEKT)          0
 Write APSG expansion coefficient file:  (APSG)          F
 Output option for Lagrange Multipliers: (PRINTLAG)      F
 Diagonalize matrix of Lag. Multipliers: (DIAGLAG)       F

------------------------------------------------------------------------

 Orbital Space
 -------------

 You are doing a perfect pairing calculation: NCWO=1

 Inactive Doubly occupied orbitals up to NO1  =    0
 No. considered Strongly Doubly occupied MOs  =   44
 No. considered Strongly Singly occupied MOs  =    0
 No. of Weakly occ. per St. Doubly occ.  MOs  =    1
 Dimension of the Active Nat. Orb. subspace   =   88
 Secondary Empty orbitals                     =  597

 1e- integrals
 -------------
 Time to do integrals =      0.91

 2e- integrals
 -------------
 DONTW option skips storage 2e- integrals on Unit 1
 Time to do integrals =      9.64

 No violations of the orthonormality

   INITIAL VALUES
  =================

   OM     Occupation      Elag Diag

    1      1.9998170    -20.5400077
    2      1.9999916    -20.5303213
    3      1.9999999    -15.5933636
    4      1.9999999    -15.5863658
    5      2.0000000     -4.6940287
    6      2.0000000     -4.7441591
    7      1.9999956     -4.6151382
    8      2.0000000     -4.5328775
    9      1.9999997    -11.2981559
   10      1.9999999    -11.2601366
   11      1.9996166    -11.2689349
   12      1.9999587    -11.3541840
   13      1.9999999    -11.3508915
   14      2.0000000     -4.2079372
   15      2.0000000     -4.0817744
   16      1.9993728     -3.9744076
   17      1.9999011     -2.4034717
   18      2.0000000     -2.7292654
   19      1.9996146     -0.7307536
   20      1.9991415     -0.7320959
   21      1.9999971     -0.7289098
   22      1.9999969     -0.7281582
   23      1.9999884     -0.7074485
   24      1.9999817     -0.6021371
   25      1.9999999     -0.5628146
   26      1.9906595     -0.9425814
   27      1.9999909     -0.9332360
   28      1.9999972     -0.5453417
   29      1.9964385     -0.5739318
   30      1.9999942     -0.9290754
   31      1.9999612     -0.7636537
   32      1.9999049     -0.8143994
   33      1.9999893     -0.8135083
   34      1.9999829     -0.7588241
   35      1.9859037     -0.8998091
   36      1.9999894     -0.8625241
   37      1.9999981     -0.8419061
   38      1.9998504     -0.8285043
   39      1.9999759     -0.8061927
   40      1.9999971     -0.8158802
   41      1.9999026     -0.7255703
   42      1.9999255     -0.7255626
   43      1.9999893     -0.5990822
   44      1.9999976     -0.5266534
   45      0.0000024     -0.0000123
   46      0.0000107     -0.0000446
   47      0.0000745     -0.0002536
   48      0.0000974     -0.0002626
   49      0.0000029     -0.0000177
   50      0.0000241     -0.0000837
   51      0.0001496     -0.0003322
   52      0.0000019     -0.0000130
   53      0.0000106     -0.0000494
   54      0.0140963     -0.0154323
   55      0.0000171     -0.0000879
   56      0.0000107     -0.0000494
   57      0.0000951     -0.0002495
   58      0.0000388     -0.0001305
   59      0.0000058     -0.0000316
   60      0.0035615     -0.0030469
   61      0.0000028     -0.0000052
   62      0.0000091     -0.0000487
   63      0.0093405     -0.0110833
   64      0.0000001      0.0000000
   65      0.0000183     -0.0000660
   66      0.0000116     -0.0000521
   67      0.0000031     -0.0000198
   68      0.0000029     -0.0000204
   69      0.0008585     -0.0017521
   70      0.0003854     -0.0009283
   71      0.0000000      0.0000001
   72      0.0000989     -0.0004593
   73      0.0006272     -0.0033976
   74      0.0000000      0.0000001
   75      0.0000000      0.0000001
   76      0.0000001     -0.0000006
   77      0.0000413     -0.0005794
   78      0.0003834     -0.0076422
   79      0.0000001     -0.0000001
   80      0.0000003     -0.0000176
   81      0.0000000      0.0000001
   82      0.0000044     -0.0000649
   83      0.0000000      0.0000001
   84      0.0000000      0.0000001
   85      0.0000001     -0.0000108
   86      0.0000001     -0.0000016
   87      0.0000084     -0.0002084
   88      0.0001830     -0.0068087

   RO Sum (  88) =   88.00

  ---------------
   Dipole Moment
  ---------------

      3.1729 Debye [   1.2483  (  -0.0145,  -0.0037,   1.2482) ]


  RESULTS OF OCCUPATION-COEFFICIENT OPTIMIZATION
 ================================================

  Ex It  Occ Time  Orb Time  Orb It   Electronic Energy     Total Energy   Energy Convergency    Max Mul-Lag Diff

    1    2.2E+00   2.2E+02      10   -1346.4208926126     -746.5954830585    -0.0000000000           0.011059
    2    1.7E+00   5.5E+02      40   -1346.4414484315     -746.6160388774    -0.0205558189           0.128951
    3    1.8E+00   6.9E+02      50   -1346.4518352177     -746.6264256636    -0.0103867862           0.001793
    4    1.7E+00   1.0E+03      60   -1346.4599764505     -746.6345668964    -0.0081412327           0.002637
    5    2.2E+00   1.4E+03      60   -1346.5433471593     -746.7179376052    -0.0833707088           0.003458
    6    1.7E+00   1.1E+03      60   -1346.6104575601     -746.7850480060    -0.0671104008           0.003739
    7    1.8E+00   1.2E+03      60   -1346.6689337349     -746.8435241808    -0.0584761748           0.003628
    8    1.7E+00   1.1E+03      60   -1346.7196131644     -746.8942036103    -0.0506794295           0.003275
    9    1.8E+00   1.2E+03      60   -1346.7620083674     -746.9365988134    -0.0423952031           0.003834
   10    2.0E+00   1.4E+03      60   -1346.7946613898     -746.9692518357    -0.0326530224           0.004018
   11    2.0E+00   1.2E+03      60   -1346.8194380581     -746.9940285040    -0.0247766682           0.003202
   12    1.6E+00   9.9E+02      60   -1346.8389301973     -747.0135206432    -0.0194921392           0.003787
   13    1.6E+00   1.2E+03      60   -1346.8533035214     -747.0278939673    -0.0143733241           0.004378
   14    1.9E+00   1.2E+03      60   -1346.8627284344     -747.0373188803    -0.0094249130           0.003938
   15    1.9E+00   1.0E+03      60   -1346.8683439852     -747.0429344311    -0.0056155508           0.004494
   16    2.0E+00   9.8E+02      60   -1346.8710550549     -747.0456455008    -0.0027110697           0.004117
   17    1.7E+00   1.0E+03      60   -1346.8721216279     -747.0467120739    -0.0010665731           0.003674
   18    1.7E+00   1.2E+03      60   -1346.8723910035     -747.0469814495    -0.0002693756           0.004187
   19    2.0E+00   1.1E+03      60   -1346.8724215940     -747.0470120399    -0.0000305905           0.003937
   20    1.9E+00   7.8E+02      60   -1346.8724420789     -747.0470325248    -0.0000204848           0.003907
   21    1.9E+00   1.2E+03      60   -1346.8723808946     -747.0469713405     0.0000611842           0.004024
   22    1.4E+00   8.8E+02      42   -1346.8735362081     -747.0481266540    -0.0011553135           0.000954
   23    1.6E+00   4.2E+00      42   -1346.8735366377     -747.0481270836    -0.0000004296           0.000954


  RESULTS OF THE OCCUPATION OPTIMIZATION
 ========================================

   OM     Occupation      Elag Diag

    1      1.9998156    -20.5324950
    2      1.9998142    -20.5255586
    3      1.9997434    -15.5519108
    4      1.9997383    -15.5846691
    5      1.9996196    -11.2443176
    6      1.9996196    -11.2439695
    7      1.9996167    -11.3475738
    8      1.9996134    -11.3522513
    9      1.9995916    -11.2733579
   10      1.9994250     -4.6592510
   11      1.9992791     -4.4056128
   12      1.9992753     -4.3404185
   13      1.9992551     -4.1790018
   14      1.9992436     -4.2705921
   15      1.9991730     -3.9026108
   16      1.9991125     -3.8319410
   17      1.9988042     -3.2141635
   18      1.9986669     -3.0165834
   19      1.9964450     -1.2597581
   20      1.9953943     -0.6720678
   21      1.9950789     -0.6299741
   22      1.9948660     -0.6002238
   23      1.9938916     -0.9320880
   24      1.9927601     -0.7155992
   25      1.9925247     -0.7681864
   26      1.9924039     -0.7551245
   27      1.9923732     -0.7650674
   28      1.9922696     -0.7520003
   29      1.9921520     -0.6274070
   30      1.9918906     -1.1460943
   31      1.9896955     -0.9392142
   32      1.9896033     -0.9419882
   33      1.9881760     -0.8199285
   34      1.9880539     -0.8233048
   35      1.9862318     -0.8325279
   36      1.9861416     -0.9193029
   37      1.9850208     -0.7366916
   38      1.9849997     -0.7368082
   39      1.9810651     -0.7217145
   40      1.9798508     -0.7842400
   41      1.9516762     -0.5524206
   42      1.9401943     -0.5359422
   43      1.9401256     -0.5360457
   44      1.9290778     -0.4466657
   45      0.0709222     -0.0275358
   46      0.0598744     -0.0291445
   47      0.0598057     -0.0291017
   48      0.0483238     -0.0268785
   49      0.0201492     -0.0179731
   50      0.0189349     -0.0151001
   51      0.0150003     -0.0128937
   52      0.0149792     -0.0128785
   53      0.0138584     -0.0151914
   54      0.0137682     -0.0127008
   55      0.0119461     -0.0116196
   56      0.0118240     -0.0115143
   57      0.0103967     -0.0117219
   58      0.0103045     -0.0116194
   59      0.0081094     -0.0116986
   60      0.0078480     -0.0072156
   61      0.0077304     -0.0092986
   62      0.0076268     -0.0092719
   63      0.0075961     -0.0092162
   64      0.0074753     -0.0091735
   65      0.0072399     -0.0077078
   66      0.0061084     -0.0074800
   67      0.0051340     -0.0039561
   68      0.0049211     -0.0040214
   69      0.0046057     -0.0039842
   70      0.0035550     -0.0060539
   71      0.0013331     -0.0053099
   72      0.0011958     -0.0050417
   73      0.0008875     -0.0044165
   74      0.0008270     -0.0041950
   75      0.0007564     -0.0041508
   76      0.0007449     -0.0040267
   77      0.0007247     -0.0040373
   78      0.0007209     -0.0040722
   79      0.0005750     -0.0034909
   80      0.0004084     -0.0081323
   81      0.0003866     -0.0078192
   82      0.0003833     -0.0077782
   83      0.0003804     -0.0077183
   84      0.0003804     -0.0077179
   85      0.0002617     -0.0073763
   86      0.0002566     -0.0073200
   87      0.0001858     -0.0069648
   88      0.0001844     -0.0069331

   RO Sum (  88) =   88.00

  ---------------
   Dipole Moment
  ---------------

      2.9744 Debye [   1.1702  (   0.0133,  -0.0897,   1.1667) ]

 ----------------
  Final Energies  
 ----------------

  Final NOF Total Energy =     -747.0481270836 ( 1.E-03 , 0.E+00 )


  **************************************************
  *                                                *
  *       SINGLE-POINT DoNOF CALCULATION           *
  *                                                *
  *             FULL OPTIMIZATION                  *
  *                                                *
  *  FINAL RESULTS   FINAL RESULTS  FINAL RESULTS  *
  *                                                *
  **************************************************

  **************************************************
  *         No. EXTERNAL ITER =    23              *
  *         No. of TOTAL ITER =  1264              *
  **************************************************

  Elapsed real time :  22828.46  (Seconds)

 The execution finished at 16h 44min on the 11/ 4/2025
Recovering execution output...
Moving from /scratch/pobleyef/345602 to /home-nas/pobleyef/Slim-NOF/ncwo1/Slim16/PNOF5/arina.345602
mkdir -p /home-nas/pobleyef/Slim-NOF/ncwo1/Slim16/PNOF5/arina.345602
mv /scratch/pobleyef/345602/* /home-nas/pobleyef/Slim-NOF/ncwo1/Slim16/PNOF5/arina.345602
