Computing Integrals
Basis Set                                            = def2-qzvp
Auxiliary Basis Set                                  = def2-universal-jkfit
Gaussian Type                                        = Spherical
Elapsed time:   15.07 Seconds

Number of basis functions                   (NBF)    = 560
Number of auxiliary basis functions         (NBFAUX) = 1024
Inactive Doubly occupied orbitals up to     (NO1)    = 0
No. considered Strongly Doubly occupied MOs (NDOC)   = 66
No. considered Strongly Singly occupied MOs (NSOC)   = 0
NO. of Weakly occ. per St. Doubly occ.  MOs (NCWO)   = 1
Dimension of the Nat. Orb. subspace         (NBF5)   = 132
No. of electrons                                     = 132
    No. of alpha electrons                           = 66
    No. of beta electrons                            = 66
Multiplicity                                         = 1

Geometry
========
 P      -0.2078210       1.7674490       0.0000000
Cl       1.0912820       1.9676200       1.5825610
Cl       1.0912820       1.9676200      -1.5825610
Cl      -1.0912820       3.6237220       0.0000000
 P       0.2078210      -1.7674490       0.0000000
Cl      -1.0912820      -1.9676200       1.5825610
Cl      -1.0912820      -1.9676200      -1.5825610
Cl       1.0912820      -3.6237220       0.0000000

No violations of the orthonormality
No violations of the orthonormality
 
PNOF5/ADABelief Calculation
==================
 
  Nitext  Nit_orb  Time   Nit_occ  Time         Eelec          Etot           Ediff      maxdiff    MaxGrad_orb  Grad_occ
     1      10    2.8e+01    0    1.3e+01 -4584.03930327 -3439.24042918 -14583.03930327   0.000955   3.8e-03   2.1e-04 0.02
 
RESULTS OF THE OCCUPATION OPTIMIZATION
========================================
   1    1.9999742  -103.34885344
   2    1.9999742  -103.32959800
   3    1.9999518  -93.70113669
   4    1.9999518  -93.62637992
   5    1.9999518  -93.61675466
   6    1.9999518  -93.61579421
   7    1.9999676  -79.51279807
   8    1.9999368  -72.05670366
   9    1.9999999  -21.75565516
  10    1.9999999  -21.75333022
  11    1.9999999  -21.74144560
  12    1.9999997  -21.66541479
  13    1.9999998  -15.63717199
  14    1.9998163  -9.07414755
  15    1.9998107  -9.06266700
  16    1.9997960  -9.05674798
  17    1.9998060  -9.05533689
  18    1.9998088  -9.05181150
  19    1.9998089  -9.04997987
  20    1.9997949  -9.04803627
  21    1.9998031  -9.03691077
  22    1.9998297  -8.11445237
  23    1.9998306  -8.10913249
  24    1.9998278  -8.10874285
  25    1.9998284  -8.10664843
  26    1.9998111  -8.04005395
  27    1.9998104  -8.03780170
  28    1.9998122  -8.03760435
  29    1.9998132  -8.03590856
  30    1.9998105  -8.03563831
  31    1.9998155  -8.03545219
  32    1.9998169  -8.03457514
  33    1.9998176  -8.03123462
  34    1.9995130  -6.20526661
  35    1.9995226  -6.19749581
  36    1.9995078  -6.18842017
  37    1.9994984  -6.18289236
  38    1.9995022  -5.54623363
  39    1.9994870  -5.52494674
  40    1.9995277  -5.51837025
  41    1.9923319  -0.81596562
  42    1.9918707  -0.81050176
  43    1.9906035  -0.80386767
  44    1.9908661  -0.80304208
  45    1.9888612  -0.79117353
  46    1.9886061  -0.78881105
  47    1.9927261  -0.70179338
  48    1.9928852  -0.70049440
  49    1.9927630  -0.69936049
  50    1.9926863  -0.69909957
  51    1.9928196  -0.69902934
  52    1.9927366  -0.69746762
  53    1.9924350  -0.69661259
  54    1.9923115  -0.69544188
  55    1.9924399  -0.69445360
  56    1.9922741  -0.69373407
  57    1.9924224  -0.69360238
  58    1.9923708  -0.69296573
  59    1.9922605  -0.69266731
  60    1.9922827  -0.69191956
  61    1.9923462  -0.69083741
  62    1.9923243  -0.68936891
  63    1.9923347  -0.68909530
  64    1.9920996  -0.68312530
  65    1.9777949  -0.56200448
  66    1.9775862  -0.55933223
  67    0.0224138  -0.01248700
  68    0.0222051  -0.01243178
  69    0.0079004  -0.00674020
  70    0.0076653  -0.00664346
  71    0.0076757  -0.00665796
  72    0.0076538  -0.00665433
  73    0.0077173  -0.00668764
  74    0.0077395  -0.00669967
  75    0.0076292  -0.00663608
  76    0.0075776  -0.00661155
  77    0.0077259  -0.00670645
  78    0.0075601  -0.00660927
  79    0.0076885  -0.00669739
  80    0.0075650  -0.00663348
  81    0.0072634  -0.00643124
  82    0.0071804  -0.00638052
  83    0.0073137  -0.00648010
  84    0.0072370  -0.00643104
  85    0.0071148  -0.00635733
  86    0.0072739  -0.00647345
  87    0.0113939  -0.00975864
  88    0.0111388  -0.00960662
  89    0.0091339  -0.00831650
  90    0.0093965  -0.00850079
  91    0.0081293  -0.00760517
  92    0.0076681  -0.00734694
  93    0.0004723  -0.00439904
  94    0.0005130  -0.00468571
  95    0.0004978  -0.00457303
  96    0.0005016  -0.00480244
  97    0.0004922  -0.00473510
  98    0.0004774  -0.00463813
  99    0.0004870  -0.00471720
 100    0.0001824  -0.00280015
 101    0.0001831  -0.00280494
 102    0.0001845  -0.00280655
 103    0.0001895  -0.00282980
 104    0.0001868  -0.00282089
 105    0.0001878  -0.00281839
 106    0.0001896  -0.00283004
 107    0.0001889  -0.00282435
 108    0.0001716  -0.00265862
 109    0.0001722  -0.00266400
 110    0.0001694  -0.00264741
 111    0.0001703  -0.00265099
 112    0.0001969  -0.00292235
 113    0.0002051  -0.00301265
 114    0.0001911  -0.00288972
 115    0.0001912  -0.00289602
 116    0.0001940  -0.00291397
 117    0.0002040  -0.00300311
 118    0.0001893  -0.00288241
 119    0.0001837  -0.00285110
 120    0.0000002  -0.00004145
 121    0.0000003  -0.00006719
 122    0.0000001  -0.00003610
 123    0.0000001  -0.00003167
 124    0.0000001  -0.00003080
 125    0.0000632  -0.00847362
 126    0.0000324  -0.00549873
 127    0.0000482  -0.00838121
 128    0.0000482  -0.00838052
 129    0.0000482  -0.00837801
 130    0.0000482  -0.00838042
 131    0.0000258  -0.00569895
 132    0.0000258  -0.00568905
 
----------------
 Final Energies 
----------------
Final NOF Total Energy =   -3439.2404292
 
Total Orbital Internal Iterations = 10
Total Occupation Internal Iterations = 0
 
Elapsed time:   53.28 Seconds

---------------------------------
   Lowdin Population Analysis    
---------------------------------
 Idx  Atom   Population   Charge 
---------------------------------
  1     P    15.623      -0.623
  2    Cl    16.795       0.205
  3    Cl    16.793       0.207
  4    Cl    16.790       0.210
  5     P    15.621      -0.621
  6    Cl    16.795       0.205
  7    Cl    16.790       0.210
  8    Cl    16.793       0.207

---------------------------------
   M Diagnostic: 0.02
---------------------------------

