Computing Integrals
Basis Set                                            = def2-qzvp
Auxiliary Basis Set                                  = def2-universal-jkfit
Gaussian Type                                        = Spherical
Elapsed time:    1.74 Seconds

Number of basis functions                   (NBF)    = 51
Number of auxiliary basis functions         (NBFAUX) = 112
Inactive Doubly occupied orbitals up to     (NO1)    = 0
No. considered Strongly Doubly occupied MOs (NDOC)   = 6
No. considered Strongly Singly occupied MOs (NSOC)   = 0
NO. of Weakly occ. per St. Doubly occ.  MOs (NCWO)   = 1
Dimension of the Nat. Orb. subspace         (NBF5)   = 12
No. of electrons                                     = 12
    No. of alpha electrons                           = 6
    No. of beta electrons                            = 6
Multiplicity                                         = 1

Geometry
========
Mg       0.0000000       0.0000000       0.0000000

No violations of the orthonormality
No violations of the orthonormality
 
PNOF8/ADABelief Calculation
==================
 
  Nitext  Nit_orb  Time   Nit_occ  Time         Eelec          Etot           Ediff      maxdiff    MaxGrad_orb  Grad_occ
     1      10    9.1e+00    0    1.2e+01  -199.76777277  -199.76777277 -10198.76777277   0.000619   2.5e-03   9.3e-05 0.02
 
RESULTS OF THE OCCUPATION OPTIMIZATION
========================================
   1    1.9999406  -49.06198991
   2    1.9976443  -3.78390300
   3    1.9942265  -2.30265811
   4    1.9969318  -2.29793278
   5    1.9969373  -2.29682114
   6    1.9756862  -0.26068568
   7    0.0243138  -0.01714974
   8    0.0030627  -0.01454197
   9    0.0030682  -0.01455183
  10    0.0057735  -0.03122967
  11    0.0023557  -0.01367546
  12    0.0000594  -0.00568926
 
----------------
 Final Energies 
----------------
Final NOF Total Energy =    -199.7677728
 
Total Orbital Internal Iterations = 10
Total Occupation Internal Iterations = 0
 
Elapsed time:   27.11 Seconds

---------------------------------
   Lowdin Population Analysis    
---------------------------------
 Idx  Atom   Population   Charge 
---------------------------------
  1    Mg    12.000       0.000

---------------------------------
   M Diagnostic: 0.02
---------------------------------

