Computing Integrals
Basis Set                                            = def2-qzvp
Auxiliary Basis Set                                  = def2-universal-jkfit
Gaussian Type                                        = Spherical
Elapsed time:    1.74 Seconds

Number of basis functions                   (NBF)    = 147
Number of auxiliary basis functions         (NBFAUX) = 129
Inactive Doubly occupied orbitals up to     (NO1)    = 0
No. considered Strongly Doubly occupied MOs (NDOC)   = 4
No. considered Strongly Singly occupied MOs (NSOC)   = 1
NO. of Weakly occ. per St. Doubly occ.  MOs (NCWO)   = 1
Dimension of the Nat. Orb. subspace         (NBF5)   = 9
No. of electrons                                     = 9
    No. of alpha electrons                           = 5
    No. of beta electrons                            = 4
Multiplicity                                         = 2

Geometry
========
 C       0.0000000       0.0000000       0.0000000
 H       0.5386581       0.9329832       0.0000000
 H       0.5386581      -0.9329832       0.0000000
 H      -1.0773162       0.0000000       0.0000000

No violations of the orthonormality
No violations of the orthonormality
 
PNOF8/ADAM Calculation
==================
 
  Nitext  Nit_orb  Time   Nit_occ  Time         Eelec          Etot           Ediff      maxdiff    MaxGrad_orb  Grad_occ
     1      10    9.4e+00    8    1.2e+01   -44.11059625   -34.41824240 -10043.11059625   0.807902   3.2e+00   4.1e-05 0.01
     2      10    2.9e-01    3    2.9e-03   -46.93713797   -37.24478412    -2.82654173   0.443360   1.8e+00   2.0e-04 0.02
     3      10    5.2e-01    4    2.6e-02   -48.30642213   -38.61406827    -1.36928415   0.311365   1.2e+00   1.7e-04 0.02
     4      10    1.2e+00    3    1.1e-02   -48.85452310   -39.16216925    -0.54810097   0.190599   7.6e-01   1.9e-04 0.02
     5      10    2.7e-01    3    2.8e-03   -49.06697689   -39.37462304    -0.21245379   0.122893   4.9e-01   1.2e-04 0.02
     6      10    2.8e-01    3    1.7e-03   -49.19414709   -39.50179323    -0.12717020   0.077874   3.1e-01   3.0e-05 0.03
     7      10    4.6e-01    2    4.7e-03   -49.28162593   -39.58927208    -0.08747884   0.058733   2.3e-01   1.6e-04 0.03
     8      10    3.9e-01    2    3.9e-03   -49.34081540   -39.64846155    -0.05918947   0.070378   2.8e-01   1.8e-04 0.03
     9      10    2.8e-01    1    5.7e-02   -49.37309484   -39.68074099    -0.03227944   0.070808   2.8e-01   1.7e-04 0.03
    10      10    3.6e-01    1    3.9e-02   -49.38664326   -39.69428941    -0.01354842   0.085889   3.4e-01   1.4e-04 0.03
    11      10    2.8e-01    1    2.6e-02   -49.39372170   -39.70136785    -0.00707845   0.085432   3.4e-01   1.2e-04 0.03
    12      10    4.7e-01    1    6.3e-03   -49.39553370   -39.70317985    -0.00181200   0.070680   2.8e-01   1.0e-04 0.03
    13      10    4.1e-01    0    4.1e-03   -49.39553450   -39.70318065    -0.00000080   0.070680   2.8e-01   1.0e-04 0.03
    14      30    1.4e+00    0    6.1e-03   -49.39729891   -39.70494506    -0.00176441   0.000475   1.9e-03   1.6e-04 0.03
 
RESULTS OF THE OCCUPATION OPTIMIZATION
========================================
   1    1.9995593  -11.22056539
   2    1.9766648  -0.84140820
   3    1.9728286  -0.62138733
   4    1.9727171  -0.62080097
   5    1.0000000  -0.19681398
   6    0.0272829  -0.02539636
   7    0.0271714  -0.02537157
   8    0.0233352  -0.02455506
   9    0.0004407  -0.00796896
 
----------------
 Final Energies 
----------------
Final NOF Total Energy =     -39.7049451
 
Total Orbital Internal Iterations = 160
Total Occupation Internal Iterations = 32
 
Elapsed time:   35.40 Seconds

---------------------------------
   Lowdin Population Analysis    
---------------------------------
 Idx  Atom   Population   Charge 
---------------------------------
  1     C     5.575       0.425
  2     H     1.141      -0.141
  3     H     1.142      -0.142
  4     H     1.142      -0.142

---------------------------------
   M Diagnostic: 0.03
---------------------------------

