Computing Integrals
Basis Set                                            = def2-qzvp
Auxiliary Basis Set                                  = def2-universal-jkfit
Gaussian Type                                        = Spherical
Elapsed time:    1.78 Seconds

Number of basis functions                   (NBF)    = 144
Number of auxiliary basis functions         (NBFAUX) = 170
Inactive Doubly occupied orbitals up to     (NO1)    = 0
No. considered Strongly Doubly occupied MOs (NDOC)   = 7
No. considered Strongly Singly occupied MOs (NSOC)   = 1
NO. of Weakly occ. per St. Doubly occ.  MOs (NCWO)   = 1
Dimension of the Nat. Orb. subspace         (NBF5)   = 15
No. of electrons                                     = 15
    No. of alpha electrons                           = 8
    No. of beta electrons                            = 7
Multiplicity                                         = 2

Geometry
========
 H      -0.6086106       0.8210344       0.0000000
 C       0.3043053       0.1777983       0.0000000
 O       0.3043053      -0.9988326       0.0000000

No violations of the orthonormality
No violations of the orthonormality
 
PNOF8/ADAM Calculation
==================
 
  Nitext  Nit_orb  Time   Nit_occ  Time         Eelec          Etot           Ediff      maxdiff    MaxGrad_orb  Grad_occ
     1      10    9.4e+00   10    1.2e+01  -131.25720473  -104.74741252 -10130.25720473   0.905836   3.6e+00   1.8e-04 0.02
     2      10    1.9e-01    9    2.4e-02  -136.07029420  -109.56050200    -4.81308948   0.564459   2.3e+00   1.2e-04 0.03
     3      10    4.3e-01    8    3.5e-02  -138.02617000  -111.51637779    -1.95587580   0.415714   1.7e+00   2.6e-05 0.04
     4      10    8.9e-01    7    2.3e-02  -138.95448463  -112.44469242    -0.92831463   0.300461   1.2e+00   1.2e-04 0.04
     5      10    1.3e+00    3    2.9e-03  -139.51352753  -113.00373532    -0.55904290   0.168348   6.7e-01   1.4e-04 0.04
     6      10    4.6e-01    3    2.5e-02  -139.78201836  -113.27222616    -0.26849084   0.107216   4.3e-01   1.2e-04 0.04
     7      10    6.1e-01    3    2.0e-02  -139.90257140  -113.39277919    -0.12055304   0.101538   4.1e-01   2.1e-04 0.04
     8      10    4.6e-01    5    4.4e-02  -139.96770243  -113.45791022    -0.06513103   0.103761   4.2e-01   5.9e-05 0.04
     9      10    6.5e-01    4    1.1e-02  -140.00262868  -113.49283647    -0.03492625   0.165697   6.6e-01   1.7e-04 0.04
    10      10    6.6e-01    4    4.6e-02  -140.03169478  -113.52190257    -0.02906610   0.150233   6.0e-01   8.2e-05 0.04
    11      10    4.6e-01    4    6.4e-03  -140.05283290  -113.54304069    -0.02113812   0.153865   6.2e-01   3.8e-05 0.04
    12      10    4.6e-01    3    1.9e-02  -140.06245841  -113.55266620    -0.00962552   0.157009   6.3e-01   1.7e-04 0.04
    13      10    5.7e-01    2    5.7e-03  -140.07188939  -113.56209718    -0.00943098   0.145963   5.8e-01   2.1e-04 0.04
    14      10    8.5e-01    2    2.1e-02  -140.07709944  -113.56730723    -0.00521004   0.140939   5.6e-01   1.2e-04 0.04
    15      10    5.7e-01    2    4.4e-03  -140.08013338  -113.57034117    -0.00303394   0.150044   6.0e-01   8.0e-05 0.04
    16      10    4.1e-01    2    1.9e-02  -140.08119017  -113.57139796    -0.00105679   0.129126   5.2e-01   1.5e-04 0.04
    17      10    3.1e-01    2    2.7e-02  -140.08250472  -113.57271252    -0.00131456   0.129876   5.2e-01   1.3e-04 0.04
    18      10    6.9e-01    2    7.4e-03  -140.08319408  -113.57340188    -0.00068936   0.129449   5.2e-01   1.2e-04 0.04
    19      10    5.6e-01    2    7.4e-03  -140.08327305  -113.57348084    -0.00007897   0.144095   5.8e-01   8.5e-05 0.04
    20      10    6.3e-01    2    2.6e-02  -140.08372382  -113.57393161    -0.00045077   0.126570   5.1e-01   7.8e-05 0.04
    21      10    3.6e-01    2    4.9e-02  -140.08378379  -113.57399158    -0.00005997   0.137703   5.5e-01   6.6e-05 0.04
    22      10    5.4e-01    2    2.6e-02  -140.08385272  -113.57406051    -0.00006893   0.136233   5.4e-01   7.9e-05 0.04
    23      10    6.7e-01    0    3.7e-02  -140.08385985  -113.57406764    -0.00000712   0.136233   5.4e-01   7.9e-05 0.04
    24      30    1.3e+00    2    2.8e-03  -140.09113636  -113.58134415    -0.00727651   0.004244   1.7e-02   1.3e-04 0.04
    25      30    1.3e+00    2    6.6e-03  -140.09147839  -113.58168618    -0.00034203   0.001543   6.2e-03   1.1e-04 0.05
    26      30    1.6e+00    2    1.8e-02  -140.09161457  -113.58182236    -0.00013618   0.001645   6.6e-03   8.6e-05 0.05
    27      30    1.3e+00    2    2.4e-02  -140.09170989  -113.58191768    -0.00009533   0.001689   6.8e-03   7.8e-05 0.05
    28      30    1.5e+00    2    2.1e-02  -140.09179871  -113.58200650    -0.00008882   0.001404   5.6e-03   9.0e-05 0.05
    29      30    1.9e+00    2    7.8e-03  -140.09191805  -113.58212585    -0.00011934   0.001503   6.0e-03   7.5e-05 0.05
    30      30    1.9e+00    2    6.4e-02  -140.09207921  -113.58228700    -0.00016116   0.001380   5.5e-03   7.1e-05 0.05
    31      30    1.2e+00    1    2.0e-02  -140.09220161  -113.58240940    -0.00012240   0.001429   5.7e-03   1.8e-04 0.05
    32      30    1.7e+00    1    2.3e-02  -140.09234055  -113.58254834    -0.00013894   0.001422   5.7e-03   1.8e-04 0.05
    33      30    1.4e+00    2    5.7e-02  -140.09236595  -113.58257374    -0.00002540   0.070462   2.8e-01   8.8e-05 0.05
    34      30    1.4e+00    2    3.4e-02  -140.09260504  -113.58281283    -0.00023909   0.001868   7.5e-03   9.5e-05 0.05
    35      30    1.6e+00    2    7.4e-03  -140.09268776  -113.58289555    -0.00008272   0.001385   5.5e-03   1.1e-04 0.05
    36      30    1.3e+00    2    4.2e-02  -140.09273393  -113.58294172    -0.00004617   0.002437   9.7e-03   9.6e-05 0.05
    37      30    1.5e+00    1    1.2e-02  -140.09274198  -113.58294977    -0.00000805   0.001373   5.5e-03   1.8e-04 0.04
    38      30    2.8e+00    0    2.9e-02  -140.09274317  -113.58295096    -0.00000119   0.001373   5.5e-03   1.8e-04 0.04
    39      29    1.7e+00    0    1.6e-02  -140.09276170  -113.58296949    -0.00001853   0.000487   1.9e-03   2.0e-04 0.04
 
RESULTS OF THE OCCUPATION OPTIMIZATION
========================================
   1    1.9997902  -20.64205169
   2    1.9994929  -11.32534888
   3    1.9919358  -1.43634439
   4    1.9856682  -0.80931852
   5    1.9736926  -0.74172169
   6    1.9719844  -0.64376970
   7    1.9550338  -0.59843936
   8    1.0000000  -0.21179585
   9    0.0449662  -0.05070806
  10    0.0280156  -0.03831664
  11    0.0263074  -0.02764806
  12    0.0143318  -0.02246925
  13    0.0080642  -0.01538734
  14    0.0005071  -0.00887230
  15    0.0002098  -0.00709842
 
----------------
 Final Energies 
----------------
Final NOF Total Energy =    -113.5829695
 
Total Orbital Internal Iterations = 709
Total Occupation Internal Iterations = 108
 
Elapsed time:   69.75 Seconds

---------------------------------
   Lowdin Population Analysis    
---------------------------------
 Idx  Atom   Population   Charge 
---------------------------------
  1     H     1.157      -0.157
  2     C     6.145      -0.145
  3     O     7.698       0.302

---------------------------------
   M Diagnostic: 0.04
---------------------------------

