Computing Integrals
Basis Set                                            = def2-qzvp
Auxiliary Basis Set                                  = def2-universal-jkfit
Gaussian Type                                        = Spherical
Elapsed time:    1.73 Seconds

Number of basis functions                   (NBF)    = 114
Number of auxiliary basis functions         (NBFAUX) = 154
Inactive Doubly occupied orbitals up to     (NO1)    = 0
No. considered Strongly Doubly occupied MOs (NDOC)   = 8
No. considered Strongly Singly occupied MOs (NSOC)   = 1
NO. of Weakly occ. per St. Doubly occ.  MOs (NCWO)   = 1
Dimension of the Nat. Orb. subspace         (NBF5)   = 17
No. of electrons                                     = 17
    No. of alpha electrons                           = 9
    No. of beta electrons                            = 8
Multiplicity                                         = 2

Geometry
========
 O       0.0000000       0.0000000       0.6774772
 O       0.0000000       0.0000000      -0.6774772

No violations of the orthonormality
No violations of the orthonormality
 
PNOF8/ADAM Calculation
==================
 
  Nitext  Nit_orb  Time   Nit_occ  Time         Eelec          Etot           Ediff      maxdiff    MaxGrad_orb  Grad_occ
     1      10    9.3e+00   12    1.2e+01  -164.97587631  -139.98073806 -10163.97587631   0.984846   3.9e+00   1.8e-04 0.03
     2      10    2.5e-01    8    6.2e-03  -169.90284183  -144.90770359    -4.92696552   0.543963   2.2e+00   1.8e-04 0.04
     3      10    4.6e-01    9    7.9e-02  -172.44241547  -147.44727723    -2.53957364   0.394708   1.6e+00   8.4e-05 0.05
     4      10    8.8e-01    7    2.5e-03  -173.79746287  -148.80232463    -1.35504740   0.239565   9.6e-01   1.4e-04 0.05
     5      10    4.1e-01    6    1.7e-02  -174.41206185  -149.41692360    -0.61459897   0.133656   5.3e-01   1.7e-04 0.05
     6      10    2.8e-01    6    6.9e-03  -174.66893202  -149.67379377    -0.25687017   0.126762   5.1e-01   1.4e-04 0.04
     7      10    2.9e-01    5    4.7e-03  -174.80020661  -149.80506836    -0.13127459   0.138872   5.6e-01   1.6e-04 0.04
     8      10    5.2e-01    5    1.8e-02  -174.87471726  -149.87957902    -0.07451065   0.127338   5.1e-01   1.5e-04 0.04
     9      10    5.0e-01    6    5.8e-02  -174.91514760  -149.92000936    -0.04043034   0.129755   5.2e-01   4.5e-05 0.04
    10      10    3.1e-01    3    1.3e-02  -174.93724612  -149.94210787    -0.02209851   0.141059   5.6e-01   1.9e-04 0.04
    11      10    4.1e-01    3    5.6e-03  -174.95058939  -149.95545115    -0.01334327   0.146637   5.9e-01   2.1e-04 0.04
    12      10    2.8e-01    3    4.4e-03  -174.95950950  -149.96437125    -0.00892011   0.164409   6.6e-01   1.9e-04 0.04
    13      10    1.1e+00    5    2.3e-03  -174.96541183  -149.97027358    -0.00590233   0.150209   6.0e-01   1.6e-04 0.04
    14      10    4.3e-01    5    1.9e-03  -174.96832412  -149.97318588    -0.00291230   0.147663   5.9e-01   7.0e-05 0.04
    15      10    5.6e-01    2    1.6e-02  -174.96938309  -149.97424484    -0.00105896   0.140080   5.6e-01   2.1e-04 0.04
    16      10    4.2e-01    3    8.7e-03  -174.96967496  -149.97453671    -0.00029187   0.146227   5.8e-01   1.7e-04 0.04
    17      10    3.4e-01    0    1.1e-02  -174.96971004  -149.97457179    -0.00003508   0.146227   5.8e-01   1.7e-04 0.04
    18      30    1.5e+00    3    6.1e-03  -174.97710428  -149.98196604    -0.00739425   0.002604   1.0e-02   1.9e-04 0.04
    19      30    1.5e+00    2    2.4e-02  -174.97739941  -149.98226117    -0.00029513   0.001838   7.4e-03   1.5e-04 0.04
    20      30    1.3e+00    1    2.2e-02  -174.97761192  -149.98247367    -0.00021251   0.002181   8.7e-03   1.9e-04 0.04
    21      30    9.1e-01    2    2.7e-03  -174.97776928  -149.98263103    -0.00015736   0.002190   8.8e-03   1.3e-04 0.04
    22      30    1.2e+00    1    2.0e-02  -174.97787741  -149.98273916    -0.00010813   0.002139   8.6e-03   1.3e-04 0.04
    23      30    1.3e+00    2    4.3e-03  -174.97793176  -149.98279351    -0.00005435   0.002067   8.3e-03   8.2e-05 0.04
    24      30    1.2e+00    0    4.8e-03  -174.97795960  -149.98282136    -0.00002784   0.002392   9.6e-03   1.8e-04 0.04
    25      40    2.2e+00    0    5.0e-03  -174.97801534  -149.98287709    -0.00005574   0.001296   5.2e-03   2.0e-04 0.04
    26      50    2.3e+00    1    9.0e-03  -174.97803997  -149.98290172    -0.00002463   0.001076   4.3e-03   7.2e-05 0.04
    27      50    1.9e+00    1    1.8e-03  -174.97805733  -149.98291909    -0.00001737   0.000740   3.0e-03   6.5e-05 0.04
 
RESULTS OF THE OCCUPATION OPTIMIZATION
========================================
   1    1.9997980  -20.32155141
   2    1.9998040  -20.31972931
   3    1.9882649  -0.96846197
   4    1.9871134  -0.86396955
   5    1.9559092  -0.38669735
   6    1.9810282  -0.32083918
   7    1.9711669  -0.28304455
   8    1.9783454  -0.20601861
   9    1.0000000  -0.11251498
  10    0.0216546  -0.02051781
  11    0.0288331  -0.01803356
  12    0.0189718  -0.02026180
  13    0.0440908  -0.05817976
  14    0.0128866  -0.02163820
  15    0.0117351  -0.02109324
  16    0.0001960  -0.00651543
  17    0.0002020  -0.00666642
 
----------------
 Final Energies 
----------------
Final NOF Total Energy =    -149.9829191
 
Total Orbital Internal Iterations = 520
Total Occupation Internal Iterations = 101
 
Elapsed time:   52.41 Seconds

---------------------------------
   Lowdin Population Analysis    
---------------------------------
 Idx  Atom   Population   Charge 
---------------------------------
  1     O     8.504      -0.504
  2     O     8.496      -0.496

---------------------------------
   M Diagnostic: 0.04
---------------------------------

