Computing Integrals
Basis Set                                            = def2-qzvp
Auxiliary Basis Set                                  = def2-universal-jkfit
Gaussian Type                                        = Spherical
Elapsed time:    2.57 Seconds

Number of basis functions                   (NBF)    = 171
Number of auxiliary basis functions         (NBFAUX) = 231
Inactive Doubly occupied orbitals up to     (NO1)    = 0
No. considered Strongly Doubly occupied MOs (NDOC)   = 13
No. considered Strongly Singly occupied MOs (NSOC)   = 0
NO. of Weakly occ. per St. Doubly occ.  MOs (NCWO)   = 1
Dimension of the Nat. Orb. subspace         (NBF5)   = 26
No. of electrons                                     = 26
    No. of alpha electrons                           = 13
    No. of beta electrons                            = 13
Multiplicity                                         = 1

Geometry
========
 O       0.0000000       0.0000000       0.5785564
 F      -1.1093393       0.0000000      -0.2892782
 F       1.1093393       0.0000000      -0.2892782

No violations of the orthonormality
No violations of the orthonormality
 
PNOF8/ADAM Calculation
==================
 
  Nitext  Nit_orb  Time   Nit_occ  Time         Eelec          Etot           Ediff      maxdiff    MaxGrad_orb  Grad_occ
     1      10    9.7e+00    9    1.2e+01  -334.03214594  -260.61040862 -10333.03214594   1.278102   5.1e+00   1.9e-04 0.02
     2      10    6.5e-01   11    1.1e-02  -341.50041301  -268.07867569    -7.46826707   0.773541   3.1e+00   7.1e-05 0.03
     3      10    7.0e-01    9    3.6e-02  -344.68177176  -271.26003444    -3.18135875   0.518719   2.1e+00   1.9e-04 0.04
     4      10    1.2e+00    5    1.5e-02  -346.23888814  -272.81715082    -1.55711638   0.327834   1.3e+00   1.7e-04 0.04
     5      10    1.2e+00    8    8.1e-03  -346.89478487  -273.47304755    -0.65589673   0.227755   9.1e-01   1.3e-04 0.04
     6      10    1.2e+00    6    2.5e-02  -347.18494657  -273.76320925    -0.29016170   0.145022   5.8e-01   1.1e-04 0.04
     7      10    8.5e-01    6    7.5e-03  -347.34152228  -273.91978496    -0.15657570   0.234347   9.4e-01   1.2e-04 0.04
     8      10    6.2e-01    6    2.2e-02  -347.43928284  -274.01754551    -0.09776056   0.139061   5.6e-01   1.3e-04 0.04
     9      10    8.5e-01    4    3.3e-02  -347.49454946  -274.07281214    -0.05526662   0.147688   5.9e-01   2.1e-04 0.04
    10      10    1.2e+00    6    2.5e-02  -347.52290125  -274.10116393    -0.02835179   0.147002   5.9e-01   7.4e-05 0.04
    11      10    9.3e-01    6    2.6e-02  -347.54185505  -274.12011772    -0.01895380   0.173469   6.9e-01   9.6e-05 0.04
    12      10    6.7e-01    6    3.3e-02  -347.55051310  -274.12877578    -0.00865806   0.189964   7.6e-01   8.1e-05 0.04
    13      10    1.0e+00    6    2.4e-02  -347.55558755  -274.13385023    -0.00507445   0.180733   7.2e-01   9.0e-05 0.04
    14      10    7.9e-01    5    2.3e-02  -347.55841685  -274.13667953    -0.00282930   0.167323   6.7e-01   1.8e-04 0.04
    15      10    7.1e-01    2    2.8e-02  -347.55920023  -274.13746291    -0.00078338   0.174921   7.0e-01   1.8e-04 0.05
    16      10    7.7e-01    2    1.7e-02  -347.55996911  -274.13823179    -0.00076888   0.169669   6.8e-01   2.0e-04 0.05
    17      10    8.4e-01    0    2.5e-02  -347.55999482  -274.13825750    -0.00002571   0.169669   6.8e-01   2.0e-04 0.05
    18      30    2.5e+00    3    5.5e-02  -347.58491300  -274.16317567    -0.02491818   0.008227   3.3e-02   2.1e-04 0.05
    19      30    3.0e+00    2    2.4e-02  -347.58595277  -274.16421545    -0.00103978   0.002798   1.1e-02   2.0e-04 0.05
    20      30    2.3e+00    2    2.7e-02  -347.58630813  -274.16457081    -0.00035536   0.002388   9.6e-03   2.4e-04 0.05
    21      30    2.3e+00    2    1.3e-02  -347.58651791  -274.16478059    -0.00020978   0.002314   9.3e-03   2.5e-04 0.05
    22      30    2.9e+00    3    4.6e-02  -347.58662903  -274.16489171    -0.00011112   0.002932   1.2e-02   1.6e-04 0.05
    23      30    2.1e+00    0    1.7e-02  -347.58664344  -274.16490612    -0.00001441   0.002932   1.2e-02   1.6e-04 0.05
    24      33    3.6e+00    2    3.4e-02  -347.58676334  -274.16502602    -0.00011990   0.000464   1.9e-03   1.7e-04 0.05
 
RESULTS OF THE OCCUPATION OPTIMIZATION
========================================
   1    1.9998458  -26.04807409
   2    1.9998440  -25.60453001
   3    1.9998375  -22.02671215
   4    1.9936212  -1.64086558
   5    1.9923988  -1.55217438
   6    1.9908707  -1.41407508
   7    1.9872376  -0.86433024
   8    1.9534403  -0.78107331
   9    1.9535479  -0.78095423
  10    1.9853785  -0.77350604
  11    1.9849020  -0.74191957
  12    1.9839226  -0.71610557
  13    1.9870118  -0.70596214
  14    0.0129882  -0.02687122
  15    0.0160774  -0.02373482
  16    0.0150980  -0.02298856
  17    0.0146215  -0.02268063
  18    0.0464521  -0.07918620
  19    0.0465597  -0.07926746
  20    0.0127624  -0.02494227
  21    0.0091293  -0.02163512
  22    0.0076012  -0.01733666
  23    0.0063788  -0.01910708
  24    0.0001625  -0.00559253
  25    0.0001560  -0.00643693
  26    0.0001542  -0.00652007
 
----------------
 Final Energies 
----------------
Final NOF Total Energy =    -274.1650260
 
Total Orbital Internal Iterations = 383
Total Occupation Internal Iterations = 111
 
Elapsed time:   65.39 Seconds

---------------------------------
   Lowdin Population Analysis    
---------------------------------
 Idx  Atom   Population   Charge 
---------------------------------
  1     O     8.053      -0.053
  2     F     8.974       0.026
  3     F     8.973       0.027

---------------------------------
   M Diagnostic: 0.05
---------------------------------

