Computing Integrals
Basis Set                                            = def2-qzvp
Auxiliary Basis Set                                  = def2-universal-jkfit
Gaussian Type                                        = Spherical
Elapsed time:    3.74 Seconds

Number of basis functions                   (NBF)    = 267
Number of auxiliary basis functions         (NBFAUX) = 459
Inactive Doubly occupied orbitals up to     (NO1)    = 0
No. considered Strongly Doubly occupied MOs (NDOC)   = 28
No. considered Strongly Singly occupied MOs (NSOC)   = 0
NO. of Weakly occ. per St. Doubly occ.  MOs (NCWO)   = 1
Dimension of the Nat. Orb. subspace         (NBF5)   = 56
No. of electrons                                     = 56
    No. of alpha electrons                           = 28
    No. of beta electrons                            = 28
Multiplicity                                         = 1

Geometry
========
 B       0.0000000       0.0000000       0.0000000
Cl       0.8752793       1.5160282       0.0000000
Cl       0.8752793      -1.5160282       0.0000000
Cl      -1.7505585       0.0000000       0.0000000

No violations of the orthonormality
No violations of the orthonormality
 
PNOF8/ADABelief Calculation
==================
 
  Nitext  Nit_orb  Time   Nit_occ  Time         Eelec          Etot           Ediff      maxdiff    MaxGrad_orb  Grad_occ
     1      10    1.1e+01    0    1.2e+01 -1632.81316083 -1404.41420887 -11631.81316083   0.000831   3.3e-03   1.3e-04 0.03
 
RESULTS OF THE OCCUPATION OPTIMIZATION
========================================
   1    1.9999721  -104.90762293
   2    1.9999717  -104.90697098
   3    1.9999705  -104.90667893
   4    1.9993352  -10.59254006
   5    1.9993416  -10.59104983
   6    1.9993388  -10.59041643
   7    1.9982227  -8.03731604
   8    1.9983629  -8.03628060
   9    1.9982623  -8.03461218
  10    1.9990674  -8.03056750
  11    1.9989789  -8.02909969
  12    1.9989830  -8.02756695
  13    1.9990545  -8.02706430
  14    1.9990338  -8.02342639
  15    1.9988190  -8.01785660
  16    1.9988168  -8.01664064
  17    1.9888854  -1.14118791
  18    1.9897551  -1.13929840
  19    1.9891511  -1.13694146
  20    1.9715135  -0.60914791
  21    1.9711925  -0.59065670
  22    1.9714863  -0.57952516
  23    1.9740510  -0.57804642
  24    1.9764701  -0.52801868
  25    1.9759814  -0.52641479
  26    1.9792031  -0.52226020
  27    1.9791151  -0.52097958
  28    1.9788742  -0.51623834
  29    0.0211258  -0.02543402
  30    0.0208849  -0.02533204
  31    0.0207969  -0.02539318
  32    0.0240186  -0.02887569
  33    0.0235299  -0.02823218
  34    0.0259490  -0.03336836
  35    0.0285137  -0.03944905
  36    0.0288075  -0.04156334
  37    0.0284865  -0.04132869
  38    0.0108489  -0.02521633
  39    0.0102449  -0.02624958
  40    0.0111146  -0.02456189
  41    0.0011832  -0.01600564
  42    0.0011810  -0.01600642
  43    0.0009662  -0.01757259
  44    0.0009455  -0.01766713
  45    0.0010170  -0.01846170
  46    0.0010211  -0.01844562
  47    0.0009326  -0.01748112
  48    0.0017377  -0.02665907
  49    0.0016371  -0.02513260
  50    0.0017773  -0.02786069
  51    0.0006612  -0.01539868
  52    0.0006584  -0.01533886
  53    0.0006648  -0.01536400
  54    0.0000295  -0.00562287
  55    0.0000283  -0.00547756
  56    0.0000279  -0.00540722
 
----------------
 Final Energies 
----------------
Final NOF Total Energy =   -1404.4142089
 
Total Orbital Internal Iterations = 10
Total Occupation Internal Iterations = 0
 
Elapsed time:   29.70 Seconds

---------------------------------
   Lowdin Population Analysis    
---------------------------------
 Idx  Atom   Population   Charge 
---------------------------------
  1     B     7.127      -2.127
  2    Cl    16.292       0.708
  3    Cl    16.292       0.708
  4    Cl    16.289       0.711

---------------------------------
   M Diagnostic: 0.03
---------------------------------

