Computing Integrals
Basis Set                                            = def2-qzvp
Auxiliary Basis Set                                  = def2-universal-jkfit
Gaussian Type                                        = Spherical
Elapsed time:    1.76 Seconds

Number of basis functions                   (NBF)    = 117
Number of auxiliary basis functions         (NBFAUX) = 113
Inactive Doubly occupied orbitals up to     (NO1)    = 0
No. considered Strongly Doubly occupied MOs (NDOC)   = 5
No. considered Strongly Singly occupied MOs (NSOC)   = 0
NO. of Weakly occ. per St. Doubly occ.  MOs (NCWO)   = 1
Dimension of the Nat. Orb. subspace         (NBF5)   = 10
No. of electrons                                     = 10
    No. of alpha electrons                           = 5
    No. of beta electrons                            = 5
Multiplicity                                         = 1

Geometry
========
 O       0.0000000       0.0000000      -0.3906056
 H      -0.7620804       0.0000000       0.1953028
 H       0.7620804       0.0000000       0.1953028

No violations of the orthonormality
No violations of the orthonormality
 
PNOF8/ADAM Calculation
==================
 
  Nitext  Nit_orb  Time   Nit_occ  Time         Eelec          Etot           Ediff      maxdiff    MaxGrad_orb  Grad_occ
     1      10    9.2e+00    7    1.2e+01   -78.70209308   -69.54702368 -10077.70209308   1.132003   4.5e+00   9.9e-05 0.01
     2      10    3.3e-01    6    5.0e-02   -82.20487521   -73.04980580    -3.50278213   0.730791   2.9e+00   1.5e-04 0.02
     3      10    1.5e-01    7    4.1e-03   -83.80427687   -74.64920747    -1.59940166   0.413477   1.7e+00   6.9e-05 0.02
     4      10    1.9e-01    5    1.9e-03   -84.49447735   -75.33940794    -0.69020048   0.225695   9.0e-01   4.6e-05 0.03
     5      10    2.6e-01    4    1.3e-03   -84.91790316   -75.76283376    -0.42342582   0.168017   6.7e-01   1.7e-04 0.03
     6      10    4.2e-01    2    4.0e-03   -85.17945695   -76.02438755    -0.26155379   0.145694   5.8e-01   1.2e-04 0.03
     7      10    2.6e-01    4    7.1e-03   -85.31524750   -76.16017809    -0.13579055   0.110257   4.4e-01   1.5e-04 0.03
     8      10    2.3e-01    4    3.7e-02   -85.37678527   -76.22171587    -0.06153778   0.107062   4.3e-01   1.4e-04 0.03
     9      10    3.9e-01    4    3.0e-03   -85.39829813   -76.24322873    -0.02151286   0.132166   5.3e-01   3.9e-05 0.03
    10      10    1.6e-01    3    1.0e-03   -85.40524534   -76.25017594    -0.00694721   0.140529   5.6e-01   1.7e-04 0.03
    11      10    3.0e-01    3    9.3e-04   -85.40712930   -76.25205989    -0.00188395   0.141196   5.6e-01   3.5e-05 0.03
    12      10    1.9e-01    2    1.3e-03   -85.40792713   -76.25285773    -0.00079784   0.165229   6.6e-01   2.0e-04 0.03
    13      10    3.1e-01    1    8.4e-03   -85.40843761   -76.25336821    -0.00051048   0.138858   5.6e-01   6.1e-05 0.03
    14      10    1.8e-01    1    8.5e-03   -85.40856911   -76.25349971    -0.00013150   0.142264   5.7e-01   1.0e-04 0.03
    15      10    2.4e-01    0    9.4e-03   -85.40857042   -76.25350101    -0.00000131   0.142264   5.7e-01   1.0e-04 0.03
    16      30    9.9e-01    1    2.1e-03   -85.41194507   -76.25687567    -0.00337465   0.003338   1.3e-02   1.4e-04 0.03
    17      30    1.2e+00    1    1.9e-02   -85.41198407   -76.25691467    -0.00003900   0.001244   5.0e-03   1.8e-04 0.03
    18      30    1.5e+00    0    1.1e-03   -85.41198501   -76.25691560    -0.00000094   0.001244   5.0e-03   1.8e-04 0.03
    19      28    6.9e-01    2    1.5e-02   -85.41199219   -76.25692279    -0.00000718   0.000482   1.9e-03   9.4e-05 0.03
 
RESULTS OF THE OCCUPATION OPTIMIZATION
========================================
   1    1.9998045  -20.59334146
   2    1.9901925  -1.29859709
   3    1.9708356  -0.71542351
   4    1.9708688  -0.71533040
   5    1.9801105  -0.53743458
   6    0.0198895  -0.02309497
   7    0.0291312  -0.03589076
   8    0.0291644  -0.03589869
   9    0.0098075  -0.02179758
  10    0.0001955  -0.00665031
 
----------------
 Final Energies 
----------------
Final NOF Total Energy =     -76.2569228
 
Total Orbital Internal Iterations = 268
Total Occupation Internal Iterations = 57
 
Elapsed time:   36.88 Seconds

---------------------------------
   Lowdin Population Analysis    
---------------------------------
 Idx  Atom   Population   Charge 
---------------------------------
  1     O     7.343       0.657
  2     H     1.328      -0.328
  3     H     1.329      -0.329

---------------------------------
   M Diagnostic: 0.03
---------------------------------

