Computing Integrals
Basis Set                                            = def2-qzvp
Auxiliary Basis Set                                  = def2-universal-jkfit
Gaussian Type                                        = Spherical
Elapsed time:    2.41 Seconds

Number of basis functions                   (NBF)    = 171
Number of auxiliary basis functions         (NBFAUX) = 229
Inactive Doubly occupied orbitals up to     (NO1)    = 0
No. considered Strongly Doubly occupied MOs (NDOC)   = 11
No. considered Strongly Singly occupied MOs (NSOC)   = 0
NO. of Weakly occ. per St. Doubly occ.  MOs (NCWO)   = 1
Dimension of the Nat. Orb. subspace         (NBF5)   = 22
No. of electrons                                     = 22
    No. of alpha electrons                           = 11
    No. of beta electrons                            = 11
Multiplicity                                         = 1

Geometry
========
 C       0.0000000       0.0000000       0.0000000
 O       0.0000000       0.0000000       1.1605465
 O       0.0000000       0.0000000      -1.1605465

No violations of the orthonormality
No violations of the orthonormality
 
PNOF8/ADAM Calculation
==================
 
  Nitext  Nit_orb  Time   Nit_occ  Time         Eelec          Etot           Ediff      maxdiff    MaxGrad_orb  Grad_occ
     1      10    9.7e+00   10    1.2e+01  -235.87171315  -177.50736196 -10234.87171315   1.051794   4.2e+00   8.3e-05 0.01
     2      10    7.8e-01    9    2.0e-02  -241.92640818  -183.56205699    -6.05469503   0.647698   2.6e+00   2.6e-04 0.03
     3      10    7.6e-01    9    4.9e-02  -244.26596384  -185.90161264    -2.33955565   0.480982   1.9e+00   1.3e-04 0.03
     4      10    5.6e-01    6    3.0e-02  -245.57142706  -187.20707586    -1.30546322   0.374876   1.5e+00   1.4e-04 0.03
     5      10    9.0e-01    4    2.0e-02  -246.21037277  -187.84602157    -0.63894571   0.257725   1.0e+00   1.9e-04 0.03
     6      10    6.9e-01    6    2.5e-02  -246.43795026  -188.07359906    -0.22757749   0.140935   5.6e-01   5.5e-05 0.03
     7      10    8.1e-01    5    3.9e-03  -246.50454442  -188.14019322    -0.06659416   0.126931   5.1e-01   1.7e-04 0.04
     8      10    1.0e+00    5    2.0e-02  -246.51746588  -188.15311468    -0.01292146   0.135313   5.4e-01   6.9e-05 0.04
     9      10    7.6e-01    5    5.5e-02  -246.52219065  -188.15783946    -0.00472478   0.140034   5.6e-01   9.9e-05 0.04
    10      10    7.6e-01    4    1.7e-02  -246.52510784  -188.16075664    -0.00291719   0.129894   5.2e-01   2.0e-04 0.04
    11      10    6.5e-01    4    2.2e-02  -246.52708194  -188.16273075    -0.00197410   0.160758   6.4e-01   2.3e-04 0.04
    12      10    7.2e-01    5    1.3e-02  -246.52892446  -188.16457327    -0.00184252   0.149714   6.0e-01   6.7e-05 0.04
    13      10    9.8e-01    5    3.2e-02  -246.53011677  -188.16576558    -0.00119231   0.114417   4.6e-01   6.8e-05 0.04
    14      10    1.0e+00    0    1.5e-02  -246.53020481  -188.16585362    -0.00008804   0.114417   4.6e-01   6.8e-05 0.04
    15      30    2.3e+00    4    4.1e-02  -246.54108921  -188.17673801    -0.01088439   0.001960   7.8e-03   2.2e-04 0.04
    16      30    2.5e+00    4    2.1e-02  -246.54160687  -188.17725567    -0.00051766   0.002111   8.4e-03   1.2e-04 0.04
    17      30    2.2e+00    3    7.1e-03  -246.54191389  -188.17756270    -0.00030702   0.001647   6.6e-03   1.3e-04 0.04
    18      30    2.2e+00    2    6.9e-02  -246.54206592  -188.17771472    -0.00015203   0.001899   7.6e-03   2.1e-04 0.04
    19      30    2.4e+00    2    1.7e-02  -246.54213907  -188.17778787    -0.00007315   0.001685   6.7e-03   2.1e-04 0.04
    20      30    3.6e+00    2    8.8e-03  -246.54216276  -188.17781157    -0.00002369   0.001883   7.5e-03   1.8e-04 0.04
    21      30    3.2e+00    2    4.6e-02  -246.54218047  -188.17782928    -0.00001771   0.001877   7.5e-03   8.4e-05 0.04
    22      30    2.5e+00    1    8.3e-02  -246.54218579  -188.17783459    -0.00000531   0.001784   7.1e-03   1.3e-04 0.04
    23      30    2.0e+00    1    4.2e-02  -246.54218742  -188.17783622    -0.00000163   0.001774   7.1e-03   1.3e-04 0.04
    24      30    2.7e+00    0    2.4e-02  -246.54218780  -188.17783660    -0.00000038   0.001774   7.1e-03   1.3e-04 0.04
    25      32    2.1e+00    0    2.6e-02  -246.54224218  -188.17789099    -0.00005438   0.000437   1.7e-03   1.4e-04 0.04
 
RESULTS OF THE OCCUPATION OPTIMIZATION
========================================
   1    1.9997986  -20.66653244
   2    1.9997963  -20.66649993
   3    1.9994881  -11.41646219
   4    1.9924846  -1.53796580
   5    1.9921497  -1.48612752
   6    1.9875159  -0.80207876
   7    1.9873949  -0.78706752
   8    1.9816647  -0.72601460
   9    1.9725000  -0.72275486
  10    1.9623858  -0.56140206
  11    1.9618234  -0.56116930
  12    0.0381766  -0.05133413
  13    0.0376142  -0.05140596
  14    0.0275000  -0.04659122
  15    0.0183353  -0.02943509
  16    0.0126051  -0.02266376
  17    0.0124841  -0.02260559
  18    0.0078503  -0.01514472
  19    0.0075154  -0.01482402
  20    0.0005119  -0.00925300
  21    0.0002037  -0.00676339
  22    0.0002014  -0.00672943
 
----------------
 Final Energies 
----------------
Final NOF Total Energy =    -188.1778910
 
Total Orbital Internal Iterations = 472
Total Occupation Internal Iterations = 98
 
Elapsed time:   72.12 Seconds

---------------------------------
   Lowdin Population Analysis    
---------------------------------
 Idx  Atom   Population   Charge 
---------------------------------
  1     C     6.643      -0.643
  2     O     7.679       0.321
  3     O     7.678       0.322

---------------------------------
   M Diagnostic: 0.04
---------------------------------

