Job runing on na07
Choosing scratch ...
Automatic scratch folder selection
/scratch/pobleyef/351502
/scratch/pobleyef/351502 directory
cp HEAVY28-hi.gcf HEAVY28-hi.inp to  /scratch/pobleyef/351502/.
HEAVY28-hi
 This is the OpenMP version of the code
 This is the OpenMP version of the code
 This is the OpenMP version of the code
 This is the OpenMP version of the code
 This is the OpenMP version of the code
 This is the OpenMP version of the code
 This is the OpenMP version of the code
 This is the OpenMP version of the code
 This is the OpenMP version of the code
 This is the OpenMP version of the code
 This is the OpenMP version of the code
 This is the OpenMP version of the code
 This is the OpenMP version of the code
 This is the OpenMP version of the code
 This is the OpenMP version of the code
 This is the OpenMP version of the code
 This is the OpenMP version of the code
 This is the OpenMP version of the code
 This is the OpenMP version of the code
 This is the OpenMP version of the code
 This is the OpenMP version of the code
 This is the OpenMP version of the code
 This is the OpenMP version of the code
 This is the OpenMP version of the code
 This is the OpenMP version of the code
 This is the OpenMP version of the code
 This is the OpenMP version of the code
 This is the OpenMP version of the code
 This is the OpenMP version of the code
 This is the OpenMP version of the code
 This is the OpenMP version of the code
 This is the OpenMP version of the code
 This is the OpenMP version of the code
 This is the OpenMP version of the code
 This is the OpenMP version of the code
 This is the OpenMP version of the code
 This is the OpenMP version of the code
 This is the OpenMP version of the code
 This is the OpenMP version of the code
 This is the OpenMP version of the code
 This is the OpenMP version of the code
 This is the OpenMP version of the code
 This is the OpenMP version of the code
 This is the OpenMP version of the code
 This is the OpenMP version of the code
 This is the OpenMP version of the code
 This is the OpenMP version of the code
 This is the OpenMP version of the code
 This is the OpenMP version of the code
 This is the OpenMP version of the code
 This is the OpenMP version of the code
 This is the OpenMP version of the code
 This is the OpenMP version of the code
 This is the OpenMP version of the code
 This is the OpenMP version of the code
 This is the OpenMP version of the code
 This is the OpenMP version of the code
 This is the OpenMP version of the code
 This is the OpenMP version of the code
 This is the OpenMP version of the code
 This is the OpenMP version of the code
 This is the OpenMP version of the code
 This is the OpenMP version of the code
 This is the OpenMP version of the code
 This is the OpenMP version of the code
 This is the OpenMP version of the code
 This is the OpenMP version of the code
 This is the OpenMP version of the code
 This is the OpenMP version of the code
 This is the OpenMP version of the code
 This is the OpenMP version of the code
 This is the OpenMP version of the code
 This is the OpenMP version of the code
 This is the OpenMP version of the code
 This is the OpenMP version of the code
 This is the OpenMP version of the code
 This is the OpenMP version of the code
 This is the OpenMP version of the code
 This is the OpenMP version of the code
 This is the OpenMP version of the code
 This is the OpenMP version of the code
 This is the OpenMP version of the code
 This is the OpenMP version of the code
 This is the OpenMP version of the code
 This is the OpenMP version of the code
 This is the OpenMP version of the code
 This is the OpenMP version of the code
 This is the OpenMP version of the code
 This is the OpenMP version of the code
 This is the OpenMP version of the code
 This is the OpenMP version of the code
 This is the OpenMP version of the code
 This is the OpenMP version of the code
 This is the OpenMP version of the code
 This is the OpenMP version of the code
 This is the OpenMP version of the code
 This is the OpenMP version of the code
 This is the OpenMP version of the code
 This is the OpenMP version of the code
 This is the OpenMP version of the code
 This is the OpenMP version of the code
 This is the OpenMP version of the code
 This is the OpenMP version of the code
 This is the OpenMP version of the code
 This is the OpenMP version of the code
 This is the OpenMP version of the code
 This is the OpenMP version of the code
 This is the OpenMP version of the code
 This is the OpenMP version of the code
 This is the OpenMP version of the code
 This is the OpenMP version of the code
 This is the OpenMP version of the code
 This is the OpenMP version of the code
 This is the OpenMP version of the code
 This is the OpenMP version of the code
 This is the OpenMP version of the code
 This is the OpenMP version of the code
 This is the OpenMP version of the code
 This is the OpenMP version of the code
 This is the OpenMP version of the code
 This is the OpenMP version of the code
 This is the OpenMP version of the code
 This is the OpenMP version of the code
 This is the OpenMP version of the code
 This is the OpenMP version of the code
 This is the OpenMP version of the code
 This is the OpenMP version of the code
 This is the OpenMP version of the code
 This is the OpenMP version of the code
 This is the OpenMP version of the code
 This is the OpenMP version of the code
 This is the OpenMP version of the code
 This is the OpenMP version of the code
 This is the OpenMP version of the code
 This is the OpenMP version of the code
 This is the OpenMP version of the code
 This is the OpenMP version of the code
 This is the OpenMP version of the code
 This is the OpenMP version of the code
 This is the OpenMP version of the code

 The execution started at 23h  4min on the 11/11/2025

    ===========================================================
    !                                                         !
    !                        Do N O F                         !
    !                                                         !
    !  (Donostia Natural Orbital Functional Software Program) !
    !                                                         !
    !               COPYRIGHT by Mario Piris                  !
    !                                                         !
    !      Donostia International Physics Center (DIPC)       !
    !       University of the Basque Country (UPV/EHU)        !
    !       Basque Foundation for Science (IKERBASQUE)        !
    !                                                         !
    !          GNU General Public License version 3           !
    !                                                         !
    !                  VERSION: October 2025                  !
    !                                                         !
    ===========================================================

 Run Title
 ---------
  Molname                                                                        

 Basis Set
 ---------
 /home/pobleyef/DoNOFsw/basis/def2-QZVP.bas                                      

 Atom      Charge                Coordinates (Bohr)
                           x             y             z
 I          53.0        0.0000        0.0000        1.5022
 H           1.0        0.0000        0.0000       -1.5022

 Atomic Basis Set
 ----------------
 The contracted primitive functions were unnormalized
 The contracted basis functions are now normalized to unity

  Shell Type  Primitive         Exponent  Contraction Coefficient

 I         

      1   S       1         16788.4000000    0.000103586804
      1   S       2          2526.6400000    0.000765531745
      1   S       3           571.9840000    0.003150554741
      1   S       4           150.4340000    0.006717983204
      1   S       5            29.5405000   -0.134384929151
      1   S       6            18.4571000    0.859255064197
      1   S       7            11.5286000   -0.890227518539
      1   S       8             7.0828900   -1.367813214298
      1   S       9             2.5040500    1.808345152379

      2   S      10            25.0586179    0.088686579218
      2   S      11            15.6219794   -0.309437052616
      2   S      12             3.3536325    1.147487780264

      3   S      13             1.3540145    1.000000000000

      4   S      14             0.6743047    1.000000000000

      5   S      15             0.3272714    1.000000000000

      6   S      16             0.1574936    1.000000000000

      7   S      17             0.0743777    1.000000000000

      8   P      18           656.2740000    0.000102263116
      8   P      19           149.2320000    0.000688871318
      8   P      20            19.0153000    0.067339699796
      8   P      21            10.7378000   -0.280108787807
      8   P      22             6.4420800   -0.004916495947
      8   P      23             3.0920300    0.577616914298
      8   P      24             1.5787400    0.569991007671

      9   P      25            15.6605119   -0.024484627992
      9   P      26             4.9250670    0.260041620414
      9   P      27             1.6692320    0.808870366710

     10   P      28             0.7781790    1.000000000000

     11   P      29             0.3560884    1.000000000000

     12   P      30             0.1549324    1.000000000000

     13   P      31             0.0646662    1.000000000000

     14   D      32           318.2240778    0.000120648927
     14   D      33            95.8102274    0.001012623893
     14   D      34            35.3222953    0.005278751941
     14   D      35            13.1074478   -0.017935310228
     14   D      36             6.2949153    0.100128211172
     14   D      37             3.6826101    0.302771472093
     14   D      38             2.0858951    0.397340741727
     14   D      39             1.1644342    0.312691340071

     15   D      40             0.6318061    1.000000000000

     16   D      41             0.3221508    1.000000000000

     17   D      42             0.1349000    1.000000000000

     18   F      43             6.4253614    1.000000000000

     19   F      44             2.1780000    1.000000000000

     20   F      45             0.5878000    1.000000000000

     21   F      46             0.2500000    1.000000000000

     22   G      47             0.4739000    1.000000000000

 H         

     23   S      48           190.6916900    0.005342636962
     23   S      49            28.6055320    0.041252338243
     23   S      50             6.5095943    0.210993525698
     23   S      51             1.8412455    0.812128545862

     24   S      52             0.5985373    1.000000000000

     25   S      53             0.2139762    1.000000000000

     26   S      54             0.0803163    1.000000000000

     27   P      55             2.2920000    1.000000000000

     28   P      56             0.8380000    1.000000000000

     29   P      57             0.2920000    1.000000000000

     30   D      58             2.0620000    1.000000000000

     31   D      59             0.6620000    1.000000000000

     32   F      60             1.3970000    1.000000000000

 Total Number of Basis Set Shells             =   32
 Total Number of Primitives                   =   60
 Number of Spherical Gaussian Basis Functions =  112
 Total Number of Auxiliary Basis Set Shells   =   52
 Number of Sph. Gaussian Auxiliary Set Func.  =  236
 Number of Electrons                          =   54
 Charge of Molecule                           =    0
 Spin Multiplicity                            =    1
 Number of Occupied Orbitals (Alpha)          =   27
 Number of Occupied Orbitals (Beta )          =   27
 Total Number of Atoms                        =    2

 Nuclear Energy =       17.6408393023

 Note: This calculation is using an effective core potential
 so NE and ENUC will be adjusted later after removal of the Core

 Input Run Options
 -----------------
 IRUNTYP = 1  MULT = 1  ICHARG =  0 IECP = 1  IEMOM = 1  UNITS = ANGS    

 ECP Potentials
 --------------
 Parameters for "I-ECP   " on Atom  1 with ZCORE 28 and LMAX 3 are

 for L= 3      COEFF    N           ZETA
    1      -21.84204    2       19.45861
    1      -28.46819    2       19.34926
    1       -0.24371    2        4.82377
    1       -0.32080    2        4.88431
 for L= 0      COEFF    N           ZETA
    1       49.99429    2       40.01584
    1      281.02532    2       17.42975
    1       61.57333    2        9.00548
    1       21.84204    2       19.45861
    1       28.46819    2       19.34926
    1        0.24371    2        4.82377
    1        0.32080    2        4.88431
 for L= 1      COEFF    N           ZETA
    1       67.44284    2       15.35547
    1      134.88114    2       14.97183
    1       14.67505    2        8.96016
    1       29.37567    2        8.25910
    1       21.84204    2       19.45861
    1       28.46819    2       19.34926
    1        0.24371    2        4.82377
    1        0.32080    2        4.88431
 for L= 2      COEFF    N           ZETA
    1       35.43953    2       15.06891
    1       53.17606    2       14.55532
    1        9.06719    2        6.71865
    1       13.20694    2        6.45639
    1        0.08933    2        1.19178
    1        0.05238    2        1.29116
    1       21.84204    2       19.45861
    1       28.46819    2       19.34926
    1        0.24371    2        4.82377
    1        0.32080    2        4.88431

 The ECP removes  28 core electrons and  28 protons

 Number of electrons kept in the run =   26
 Number of occupied orbitals (Alpha) =   13
 Number of occupied orbitals (Beta)  =   13

 Adjusted Nuclear Energy =        8.3211506143


 Integral Options
 ----------------
 ERITYP = RI     AUX = JKFIT

 Input NOF Options
 -----------------

 Natural Orbital Functional Selected:    (IPNOF)         8
 Modified version of GNOF (GNOFm):       (Imod)          1

 Type of calculation = ICOEF2 + ICOEF1:  (ICOEF)        21
 Use Softmax function for Occ. Opt.:     (ISOFTMAX)      1
 Type of Orb. Opt. = Orbital Rotations:  (IORBOPT)       2
 Maximum Number of Coef Outer Iter.:     (MAXIT21)       3
 Maximum Number of Occ-Coef Outer Iter.: (MAXIT)      1000

 Restart calculation Option:             (RESTART)       F
 Restart Gamma Matrix from GCF file:     (INPUTGAMMA)    0
 Coefficient Matrix from GCF file:       (INPUTC)        0
 Diagonal Elements FMIUG from GCF file:  (INPUTFMIUG)    0
 Cartesian Coordinates from GCF file:    (INPUTCXYZ)     0

 Threshold Lambda Convergence=10**(-N):  (NTHRESHL)      3
 Threshold Energy Convergence=10**(-N):  (NTHRESHE)      5
 Max. Number of Inner Coef. Iterations:  (MAXLOOP)      10
 Orthogonalize the initial Orbitals:     (ORTHO)         T

 Output Option:                          (NPRINT)        0
 Output the Coefficient Matrix:          (IWRITEC)       0
 Do a Mulliken Population Analysis:      (IMULPOP)       0
 Write Information into a WFN file:      (IAIMPAC)       1
 Write Information into a FCHK file:     (IFCHK)         1
 Write Information into a MLP file:      (MOLDEN)        1
 Create Ini. Cond. (ini.xyz) file:       (INICOND)       1
 Calculate IPs using Ext. Koopmans Theo: (IEKT)          0
 Write APSG expansion coefficient file:  (APSG)          F
 Output option for Lagrange Multipliers: (PRINTLAG)      F
 Diagonalize matrix of Lag. Multipliers: (DIAGLAG)       F

------------------------------------------------------------------------

 Orbital Space
 -------------

 You are doing a perfect pairing calculation: NCWO=1

 Inactive Doubly occupied orbitals up to NO1  =    0
 No. considered Strongly Doubly occupied MOs  =   13
 No. considered Strongly Singly occupied MOs  =    0
 NO. of Weakly occ. per St. Doubly occ.  MOs (NCWO)   =    1
 Dimension of the Active Nat. Orb. subspace   =   26
 Secondary Empty orbitals                     =   86

 1e- integrals
 -------------
 Time to do integrals =      0.12
 Guess for MOs = HCORE
         0 MOs were matched and         0 equalized to zero

 No violations of the orthonormality

 2e- integrals
 -------------
 DONTW option skips storage 2e- integrals on Unit 1
 Time to do integrals =      0.11

 Input for Coefficients is HCORE

   INITIAL VALUES
  =================

   OM     Occupation      Elag Diag

    1      1.9980000      0.4491256
    2      1.9980000      2.4061768
    3      1.9980000      2.0250975
    4      1.9980000      2.0251381
    5      1.9980000      5.0353549
    6      1.9980000      4.9362327
    7      1.9980000      4.9360203
    8      1.9980000      4.8257270
    9      1.9980000      4.8542874
   10      1.9980000     10.2182365
   11      1.9980000     10.1401165
   12      1.9980000     10.1401165
   13      1.9980000      9.9761176
   14      0.0020000     -0.0243521
   15      0.0020000     -0.0244594
   16      0.0020000     -0.0244594
   17      0.0020000     -0.0068575
   18      0.0020000     -0.0037207
   19      0.0020000     -0.0028850
   20      0.0020000     -0.0028721
   21      0.0020000     -0.0003903
   22      0.0020000     -0.0001089
   23      0.0020000     -0.0000827
   24      0.0020000      0.0003535
   25      0.0020000      0.0002987
   26      0.0020000      0.0005554

   RO Sum (  26) =   26.00

  ---------------
   Dipole Moment
  ---------------

      7.5969 Debye [   2.9889  (   0.0000,   0.0000,  -2.9889) ]


  RESULTS OF OCCUPATION-COEFFICIENT OPTIMIZATION
 ================================================

  Ex It  Occ Time  Orb Time  Orb It   Electronic Energy     Total Energy   Energy Convergency    Max Mul-Lag Diff

    1    5.4E-02   9.8E-01      10    -274.4108743462     -266.0897237320   -36.4828676937           1.924843
    2    1.8E-02   1.4E+00      20    -299.5768448567     -291.2556942424   -25.1659705105           0.548103
    3    1.6E-02   2.1E+00      30    -305.6060658707     -297.2849152565    -6.0292210140           0.161832
    4    1.7E-02   2.7E+00      40    -305.9759418793     -297.6547912650    -0.3698760085           0.018083
    5    1.7E-02   9.9E+00      38    -306.1925489784     -297.8713983641    -0.2166070992           0.000770
    6    5.2E-02   4.3E+00      40    -306.2614589044     -297.9403082902    -0.0689099260           0.001480
    7    1.8E-02   2.6E+00      39    -306.2836208406     -297.9624702264    -0.0221619362           0.000684
    8    1.8E-02   2.8E+01      38    -306.2892608359     -297.9681102217    -0.0056399953           0.000805
    9    4.5E-02   6.3E-01       0    -306.2899240970     -297.9687734828    -0.0006632611           0.000804
   10    5.2E-02   3.2E-01       0    -306.2899241078     -297.9687734936     0.0000000287           0.000804


  RESULTS OF THE OCCUPATION OPTIMIZATION
 ========================================

   OM     Occupation      Elag Diag

    1      1.9983162     -7.7514773
    2      1.9970096     -5.6035304
    3      1.9969257     -5.6006336
    4      1.9968663     -5.5988759
    5      1.9846840     -2.0098315
    6      1.9838459     -1.8631576
    7      1.9837677     -1.8223507
    8      1.9834287     -1.7112060
    9      1.9833716     -1.7078453
   10      1.9832458     -1.6770042
   11      1.9832365     -1.6518596
   12      1.9820262     -0.9058417
   13      1.9701286     -0.4710487
   14      0.0298714     -0.0362738
   15      0.0179738     -0.0296165
   16      0.0167635     -0.0509069
   17      0.0167542     -0.0510712
   18      0.0166284     -0.0510597
   19      0.0165713     -0.0507524
   20      0.0162323     -0.0509217
   21      0.0161541     -0.0513597
   22      0.0153160     -0.0497071
   23      0.0031337     -0.0151692
   24      0.0030743     -0.0148079
   25      0.0029904     -0.0146053
   26      0.0016838     -0.0114462

   RO Sum (  26) =   26.00

  ---------------
   Dipole Moment
  ---------------

      0.4712 Debye [   0.1854  (  -0.0006,  -0.0016,  -0.1854) ]

 ----------------
  Final Energies  
 ----------------

  Final NOF Total Energy =     -297.9687734936 ( 8.E-04 , 0.E+00 )


  **************************************************
  *                                                *
  *       SINGLE-POINT DoNOF CALCULATION           *
  *                                                *
  *             FULL OPTIMIZATION                  *
  *                                                *
  *  FINAL RESULTS   FINAL RESULTS  FINAL RESULTS  *
  *                                                *
  **************************************************

  **************************************************
  *         No. EXTERNAL ITER =    10              *
  *         No. of TOTAL ITER =   255              *
  **************************************************

  Elapsed real time :     53.84  (Seconds)

 The execution finished at 23h  5min on the 11/11/2025
Recovering execution output...
Moving from /scratch/pobleyef/351502 to /home-nas/pobleyef/Slim-NOF/ncwo1/Slim05/GNOFm20/arina.351502
mkdir -p /home-nas/pobleyef/Slim-NOF/ncwo1/Slim05/GNOFm20/arina.351502
mv /scratch/pobleyef/351502/* /home-nas/pobleyef/Slim-NOF/ncwo1/Slim05/GNOFm20/arina.351502
