Computing Integrals
Basis Set                                            = def2-qzvp
Auxiliary Basis Set                                  = def2-universal-jkfit
Gaussian Type                                        = Spherical
Elapsed time:    1.78 Seconds

Number of basis functions                   (NBF)    = 144
Number of auxiliary basis functions         (NBFAUX) = 172
Inactive Doubly occupied orbitals up to     (NO1)    = 0
No. considered Strongly Doubly occupied MOs (NDOC)   = 10
No. considered Strongly Singly occupied MOs (NSOC)   = 0
NO. of Weakly occ. per St. Doubly occ.  MOs (NCWO)   = 1
Dimension of the Nat. Orb. subspace         (NBF5)   = 20
No. of electrons                                     = 20
    No. of alpha electrons                           = 10
    No. of beta electrons                            = 10
Multiplicity                                         = 1

Geometry
========
 H       0.0000000       0.0000000      -0.4885188
 F       0.0000000       0.0000000      -1.4042599
Ne       0.0000000       0.0000000       1.8927787

No violations of the orthonormality
No violations of the orthonormality
 
PNOF8/ADABelief Calculation
==================
 
  Nitext  Nit_orb  Time   Nit_occ  Time         Eelec          Etot           Ediff      maxdiff    MaxGrad_orb  Grad_occ
     1      10    9.5e+00    0    1.2e+01  -250.84723053  -228.97917515 -10249.84723053   0.000691   2.8e-03   5.7e-05 0.03
 
RESULTS OF THE OCCUPATION OPTIMIZATION
========================================
   1    1.9998805  -32.04154595
   2    1.9998571  -27.16304643
   3    1.9920949  -1.90458820
   4    1.9913043  -1.58859690
   5    1.9870505  -0.94896244
   6    1.9869751  -0.92635043
   7    1.9869257  -0.92070343
   8    1.9712734  -0.84411591
   9    1.9837824  -0.70431956
  10    1.9837316  -0.70243810
  11    0.0162684  -0.02387281
  12    0.0162176  -0.02386046
  13    0.0287266  -0.04168581
  14    0.0130743  -0.02488747
  15    0.0130249  -0.02502314
  16    0.0129495  -0.02574175
  17    0.0086957  -0.02479807
  18    0.0079051  -0.02654808
  19    0.0001429  -0.00619910
  20    0.0001195  -0.00631770
 
----------------
 Final Energies 
----------------
Final NOF Total Energy =    -228.9791752
 
Total Orbital Internal Iterations = 10
Total Occupation Internal Iterations = 0
 
Elapsed time:   27.53 Seconds

---------------------------------
   Lowdin Population Analysis    
---------------------------------
 Idx  Atom   Population   Charge 
---------------------------------
  1     H     1.509      -0.509
  2     F     8.502       0.498
  3    Ne     9.989       0.011

---------------------------------
   M Diagnostic: 0.03
---------------------------------

