Computing Integrals
Basis Set                                            = def2-qzvp
Auxiliary Basis Set                                  = def2-universal-jkfit
Gaussian Type                                        = Spherical
Elapsed time:    1.78 Seconds

Number of basis functions                   (NBF)    = 144
Number of auxiliary basis functions         (NBFAUX) = 172
Inactive Doubly occupied orbitals up to     (NO1)    = 0
No. considered Strongly Doubly occupied MOs (NDOC)   = 8
No. considered Strongly Singly occupied MOs (NSOC)   = 1
NO. of Weakly occ. per St. Doubly occ.  MOs (NCWO)   = 1
Dimension of the Nat. Orb. subspace         (NBF5)   = 17
No. of electrons                                     = 17
    No. of alpha electrons                           = 9
    No. of beta electrons                            = 8
Multiplicity                                         = 2

Geometry
========
 O       0.0553290       0.7182930       0.0000000
 O       0.0553290      -0.6119830       0.0000000
 H      -0.8852590      -0.8504750       0.0000000

No violations of the orthonormality
No violations of the orthonormality
 
PNOF8/ADABelief Calculation
==================
 
  Nitext  Nit_orb  Time   Nit_occ  Time         Eelec          Etot           Ediff      maxdiff    MaxGrad_orb  Grad_occ
     1      10    9.4e+00    0    1.2e+01  -182.72502054  -150.58900537 -10181.72502054   0.000567   2.3e-03   1.9e-04 0.04
 
RESULTS OF THE OCCUPATION OPTIMIZATION
========================================
   1    1.9998003  -20.68934609
   2    1.9998004  -20.68265888
   3    1.9911739  -1.42828341
   4    1.9866027  -1.15962336
   5    1.9569913  -0.73886395
   6    1.9830173  -0.72173188
   7    1.9695799  -0.70850214
   8    1.9795382  -0.65324713
   9    1.0000000  -0.31262091
  10    0.0204618  -0.02178327
  11    0.0304201  -0.03677675
  12    0.0169827  -0.02274888
  13    0.0430087  -0.06537420
  14    0.0133973  -0.02300955
  15    0.0088261  -0.02041513
  16    0.0001996  -0.00662477
  17    0.0001997  -0.00649837
 
----------------
 Final Energies 
----------------
Final NOF Total Energy =    -150.5890054
 
Total Orbital Internal Iterations = 10
Total Occupation Internal Iterations = 0
 
Elapsed time:   27.54 Seconds

---------------------------------
   Lowdin Population Analysis    
---------------------------------
 Idx  Atom   Population   Charge 
---------------------------------
  1     O     7.970       0.030
  2     O     7.667       0.333
  3     H     1.363      -0.363

---------------------------------
   M Diagnostic: 0.04
---------------------------------

