Computing Integrals
Basis Set                                            = def2-qzvp
Auxiliary Basis Set                                  = def2-universal-jkfit
Gaussian Type                                        = Spherical
Elapsed time:    1.61 Seconds

Number of basis functions                   (NBF)    = 57
Number of auxiliary basis functions         (NBFAUX) = 77
Inactive Doubly occupied orbitals up to     (NO1)    = 0
No. considered Strongly Doubly occupied MOs (NDOC)   = 3
No. considered Strongly Singly occupied MOs (NSOC)   = 2
NO. of Weakly occ. per St. Doubly occ.  MOs (NCWO)   = 17
Dimension of the Nat. Orb. subspace         (NBF5)   = 56
No. of electrons                                     = 8
    No. of alpha electrons                           = 5
    No. of beta electrons                            = 3
Multiplicity                                         = 3

Geometry
========
 O       0.0000000       0.0000000       0.0000000

No violations of the orthonormality
No violations of the orthonormality
 
PNOF5/ADABelief Calculation
==================
 
  Nitext  Nit_orb  Time   Nit_occ  Time         Eelec          Etot           Ediff      maxdiff    MaxGrad_orb  Grad_occ
     1      10    8.9e+00    0    1.2e+01   -74.86621170   -74.86621170 -10073.86621170   0.000469   1.9e-03   1.2e-04 0.01
 
RESULTS OF THE OCCUPATION OPTIMIZATION
========================================
   1    1.9997779  -20.65516718
   2    1.9912762  -0.94232701
   3    1.9911852  -0.93819622
   4    1.0000000  -0.35247398
   5    1.0000000  -0.35245910
   6    0.0059469  -0.00823367
   7    0.0058238  -0.00814071
   8    0.0001786  -0.00670513
   9    0.0008045  -0.00170111
  10    0.0007447  -0.00150610
  11    0.0000208  -0.00050758
  12    0.0007318  -0.00150631
  13    0.0007336  -0.00151374
  14    0.0000170  -0.00045506
  15    0.0007307  -0.00150716
  16    0.0007011  -0.00158248
  17    0.0000021  -0.00015783
  18    0.0001676  -0.00045131
  19    0.0002008  -0.00047712
  20    0.0000004  -0.00000343
  21    0.0001659  -0.00045021
  22    0.0001971  -0.00047650
  23    0.0000004  -0.00000385
  24    0.0000708  -0.00019746
  25    0.0000902  -0.00021380
  26    0.0000004  -0.00000358
  27    0.0000595  -0.00019397
  28    0.0000788  -0.00020326
  29    0.0000003  -0.00000329
  30    0.0000494  -0.00019636
  31    0.0000629  -0.00022204
  32    0.0000003  -0.00000342
  33    0.0000213  -0.00007095
  34    0.0000240  -0.00007170
  35    0.0000003  0.00000002
  36    0.0000182  -0.00005205
  37    0.0000236  -0.00006985
  38    0.0000003  0.00000033
  39    0.0000153  -0.00004980
  40    0.0000152  -0.00005592
  41    0.0000002  0.00000055
  42    0.0000145  -0.00005083
  43    0.0000103  -0.00004517
  44    0.0000002  0.00000049
  45    0.0000054  -0.00003986
  46    0.0000057  -0.00003774
  47    0.0000002  0.00000063
  48    0.0000050  -0.00003770
  49    0.0000049  -0.00003615
  50    0.0000002  0.00000063
  51    0.0000046  -0.00003421
  52    0.0000044  -0.00003446
  53    0.0000002  0.00000082
  54    0.0000036  -0.00001849
  55    0.0000029  -0.00001143
  56    0.0000002  -0.00000849
 
----------------
 Final Energies 
----------------
Final NOF Total Energy =     -74.8662117
 
Total Orbital Internal Iterations = 10
Total Occupation Internal Iterations = 0
 
Elapsed time:   26.45 Seconds

---------------------------------
   Lowdin Population Analysis    
---------------------------------
 Idx  Atom   Population   Charge 
---------------------------------
  1     O     8.000      -0.000

---------------------------------
   M Diagnostic: 0.01
---------------------------------

