Computing Integrals
Basis Set                                            = def2-qzvp
Auxiliary Basis Set                                  = def2-universal-jkfit
Gaussian Type                                        = Spherical
Elapsed time:    1.89 Seconds

Number of basis functions                   (NBF)    = 144
Number of auxiliary basis functions         (NBFAUX) = 204
Inactive Doubly occupied orbitals up to     (NO1)    = 0
No. considered Strongly Doubly occupied MOs (NDOC)   = 8
No. considered Strongly Singly occupied MOs (NSOC)   = 0
NO. of Weakly occ. per St. Doubly occ.  MOs (NCWO)   = 17
Dimension of the Nat. Orb. subspace         (NBF5)   = 144
No. of electrons                                     = 16
    No. of alpha electrons                           = 8
    No. of beta electrons                            = 8
Multiplicity                                         = 1

Geometry
========
Be       0.7279036      -0.7279036       0.7279036
Be      -0.7279036       0.7279036       0.7279036
Be      -0.7279036      -0.7279036      -0.7279036
Be       0.7279036       0.7279036      -0.7279036

No violations of the orthonormality
No violations of the orthonormality
 
PNOF5/ADABelief Calculation
==================
 
  Nitext  Nit_orb  Time   Nit_occ  Time         Eelec          Etot           Ediff      maxdiff    MaxGrad_orb  Grad_occ
     1      10    1.0e+01    0    1.2e+01   -83.22273044   -58.54798877 -10082.22273044   0.000488   2.0e-03   1.8e-04 0.12
 
RESULTS OF THE OCCUPATION OPTIMIZATION
========================================
   1    1.9974561  -4.68770871
   2    1.9974572  -4.68751740
   3    1.9974492  -4.68744151
   4    1.9974564  -4.68733951
   5    1.9980322  -0.64148825
   6    1.8775205  -0.28009662
   7    1.8797142  -0.27784609
   8    1.8797398  -0.27659530
   9    0.1132892  -0.02514111
  10    0.1070252  -0.02386312
  11    0.1001282  -0.02256717
  12    0.0007004  -0.00064127
  13    0.0012348  -0.00933657
  14    0.0012300  -0.00934182
  15    0.0012316  -0.00932200
  16    0.0012309  -0.00933178
  17    0.0049714  -0.00167129
  18    0.0100081  -0.00273215
  19    0.0091749  -0.00252500
  20    0.0005169  -0.00049346
  21    0.0004517  -0.00371032
  22    0.0004560  -0.00372128
  23    0.0004509  -0.00370909
  24    0.0004515  -0.00371120
  25    0.0007700  -0.00030794
  26    0.0016790  -0.00072362
  27    0.0077205  -0.00224246
  28    0.0003107  -0.00030708
  29    0.0004171  -0.00350161
  30    0.0004226  -0.00351831
  31    0.0004214  -0.00351194
  32    0.0004194  -0.00350679
  33    0.0005967  -0.00026841
  34    0.0005500  -0.00024549
  35    0.0045610  -0.00152843
  36    0.0002538  -0.00028146
  37    0.0004157  -0.00348602
  38    0.0004180  -0.00349200
  39    0.0004159  -0.00348809
  40    0.0004181  -0.00349295
  41    0.0001903  -0.00009197
  42    0.0003769  -0.00017216
  43    0.0003543  -0.00016262
  44    0.0000737  -0.00010298
  45    0.0000099  -0.00016845
  46    0.0000107  -0.00017178
  47    0.0000119  -0.00017651
  48    0.0000116  -0.00017518
  49    0.0001264  -0.00007613
  50    0.0002509  -0.00011778
  51    0.0002403  -0.00012835
  52    0.0000290  -0.00004634
  53    0.0000047  -0.00002244
  54    0.0000041  -0.00002157
  55    0.0000021  -0.00001522
  56    0.0000028  -0.00001718
  57    0.0001140  -0.00007839
  58    0.0001707  -0.00009154
  59    0.0000801  -0.00004833
  60    0.0000217  -0.00004008
  61    0.0000019  -0.00001136
  62    0.0000018  -0.00001089
  63    0.0000017  -0.00001028
  64    0.0000021  -0.00001235
  65    0.0000469  -0.00003016
  66    0.0000548  -0.00003058
  67    0.0000401  -0.00002549
  68    0.0000199  -0.00003746
  69    0.0000015  -0.00000957
  70    0.0000013  -0.00000879
  71    0.0000014  -0.00000950
  72    0.0000011  -0.00000842
  73    0.0000400  -0.00002282
  74    0.0000383  -0.00001779
  75    0.0000349  -0.00001909
  76    0.0000118  -0.00002747
  77    0.0000009  0.00000008
  78    0.0000010  0.00000009
  79    0.0000009  0.00000007
  80    0.0000010  0.00000008
  81    0.0000291  -0.00001918
  82    0.0000279  -0.00001757
  83    0.0000311  -0.00001577
  84    0.0000080  -0.00001364
  85    0.0000009  0.00000007
  86    0.0000008  0.00000012
  87    0.0000008  0.00000012
  88    0.0000009  0.00000008
  89    0.0000219  -0.00001836
  90    0.0000227  -0.00001594
  91    0.0000303  -0.00001200
  92    0.0000068  -0.00001366
  93    0.0000009  0.00000011
  94    0.0000008  0.00000011
  95    0.0000008  0.00000006
  96    0.0000008  0.00000009
  97    0.0000175  -0.00001724
  98    0.0000227  -0.00001577
  99    0.0000259  -0.00001134
 100    0.0000051  -0.00000959
 101    0.0000008  0.00000011
 102    0.0000008  0.00000003
 103    0.0000008  0.00000005
 104    0.0000008  0.00000008
 105    0.0000164  -0.00001528
 106    0.0000209  -0.00001319
 107    0.0000223  -0.00001297
 108    0.0000042  -0.00000493
 109    0.0000007  0.00000004
 110    0.0000008  0.00000015
 111    0.0000007  0.00000008
 112    0.0000007  0.00000016
 113    0.0000140  -0.00000944
 114    0.0000195  -0.00001179
 115    0.0000158  -0.00000844
 116    0.0000033  -0.00000410
 117    0.0000007  0.00000012
 118    0.0000007  -0.00000013
 119    0.0000006  0.00000018
 120    0.0000007  -0.00000007
 121    0.0000134  -0.00000717
 122    0.0000139  -0.00000994
 123    0.0000151  -0.00000568
 124    0.0000020  -0.00000207
 125    0.0000007  0.00000019
 126    0.0000007  0.00000015
 127    0.0000006  0.00000004
 128    0.0000007  0.00000018
 129    0.0000017  -0.00000312
 130    0.0000027  -0.00000348
 131    0.0000024  -0.00000258
 132    0.0000002  -0.00000063
 133    0.0000006  0.00000018
 134    0.0000006  0.00000021
 135    0.0000006  -0.00000025
 136    0.0000006  -0.00000018
 137    0.0000013  -0.00000288
 138    0.0000017  -0.00000256
 139    0.0000023  -0.00000236
 140    0.0000002  -0.00000064
 141    0.0000002  -0.00000366
 142    0.0000002  -0.00000376
 143    0.0000001  -0.00000371
 144    0.0000002  -0.00000382
 
----------------
 Final Energies 
----------------
Final NOF Total Energy =     -58.5479888
 
Total Orbital Internal Iterations = 10
Total Occupation Internal Iterations = 0
 
Elapsed time:   28.28 Seconds

---------------------------------
   Lowdin Population Analysis    
---------------------------------
 Idx  Atom   Population   Charge 
---------------------------------
  1    Be     4.000      -0.000
  2    Be     4.000      -0.000
  3    Be     3.999       0.001
  4    Be     4.001      -0.001

---------------------------------
   M Diagnostic: 0.12
---------------------------------

