Job runing on na17
Choosing scratch ...
Automatic scratch folder selection
/scratch/pobleyef/346653
/scratch/pobleyef/346653 directory
cp HAL59-NCH_NIS.gcf HAL59-NCH_NIS.inp to  /scratch/pobleyef/346653/.
HAL59-NCH_NIS
 This is the OpenMP version of the code
 This is the OpenMP version of the code
 This is the OpenMP version of the code
 This is the OpenMP version of the code
 This is the OpenMP version of the code
 This is the OpenMP version of the code
 This is the OpenMP version of the code
 This is the OpenMP version of the code
 This is the OpenMP version of the code
 This is the OpenMP version of the code
 This is the OpenMP version of the code
 This is the OpenMP version of the code
 This is the OpenMP version of the code
 This is the OpenMP version of the code
 This is the OpenMP version of the code
 This is the OpenMP version of the code
 This is the OpenMP version of the code
 This is the OpenMP version of the code
 This is the OpenMP version of the code
 This is the OpenMP version of the code
 This is the OpenMP version of the code
 This is the OpenMP version of the code
 This is the OpenMP version of the code
 This is the OpenMP version of the code
 This is the OpenMP version of the code
 This is the OpenMP version of the code
 This is the OpenMP version of the code
 This is the OpenMP version of the code
 This is the OpenMP version of the code
 This is the OpenMP version of the code
 This is the OpenMP version of the code
 This is the OpenMP version of the code
 This is the OpenMP version of the code
 This is the OpenMP version of the code
 This is the OpenMP version of the code
 This is the OpenMP version of the code
 This is the OpenMP version of the code
 This is the OpenMP version of the code
 This is the OpenMP version of the code
 This is the OpenMP version of the code
 This is the OpenMP version of the code
 This is the OpenMP version of the code
 This is the OpenMP version of the code
 This is the OpenMP version of the code
 This is the OpenMP version of the code
 This is the OpenMP version of the code
 This is the OpenMP version of the code
 This is the OpenMP version of the code
 This is the OpenMP version of the code
 This is the OpenMP version of the code
 This is the OpenMP version of the code
 This is the OpenMP version of the code
 This is the OpenMP version of the code
 This is the OpenMP version of the code
 This is the OpenMP version of the code
 This is the OpenMP version of the code
 This is the OpenMP version of the code
 This is the OpenMP version of the code
 This is the OpenMP version of the code
 This is the OpenMP version of the code
 This is the OpenMP version of the code
 This is the OpenMP version of the code
 This is the OpenMP version of the code
 This is the OpenMP version of the code
 This is the OpenMP version of the code
 This is the OpenMP version of the code
 This is the OpenMP version of the code
 This is the OpenMP version of the code
 This is the OpenMP version of the code
 This is the OpenMP version of the code
 This is the OpenMP version of the code
 This is the OpenMP version of the code
 This is the OpenMP version of the code
 This is the OpenMP version of the code
 This is the OpenMP version of the code
 This is the OpenMP version of the code
 This is the OpenMP version of the code
 This is the OpenMP version of the code
 This is the OpenMP version of the code
 This is the OpenMP version of the code
 This is the OpenMP version of the code
 This is the OpenMP version of the code
 This is the OpenMP version of the code
 This is the OpenMP version of the code
 This is the OpenMP version of the code
 This is the OpenMP version of the code
 This is the OpenMP version of the code
 This is the OpenMP version of the code
 This is the OpenMP version of the code
 This is the OpenMP version of the code
 This is the OpenMP version of the code
 This is the OpenMP version of the code
 This is the OpenMP version of the code
 This is the OpenMP version of the code
 This is the OpenMP version of the code
 This is the OpenMP version of the code
 This is the OpenMP version of the code
 This is the OpenMP version of the code
 This is the OpenMP version of the code
 This is the OpenMP version of the code
 This is the OpenMP version of the code
 This is the OpenMP version of the code
 This is the OpenMP version of the code
 This is the OpenMP version of the code
 This is the OpenMP version of the code
 This is the OpenMP version of the code
 This is the OpenMP version of the code
 This is the OpenMP version of the code
 This is the OpenMP version of the code
 This is the OpenMP version of the code
 This is the OpenMP version of the code
 This is the OpenMP version of the code
 This is the OpenMP version of the code
 This is the OpenMP version of the code
 This is the OpenMP version of the code
 This is the OpenMP version of the code
 This is the OpenMP version of the code
 This is the OpenMP version of the code
 This is the OpenMP version of the code
 This is the OpenMP version of the code
 This is the OpenMP version of the code
 This is the OpenMP version of the code
 This is the OpenMP version of the code
 This is the OpenMP version of the code
 This is the OpenMP version of the code
 This is the OpenMP version of the code
 This is the OpenMP version of the code
 This is the OpenMP version of the code
 This is the OpenMP version of the code
 This is the OpenMP version of the code
 This is the OpenMP version of the code
 This is the OpenMP version of the code
 This is the OpenMP version of the code
 This is the OpenMP version of the code
 This is the OpenMP version of the code
 This is the OpenMP version of the code
 This is the OpenMP version of the code
 This is the OpenMP version of the code
 This is the OpenMP version of the code
 This is the OpenMP version of the code
 This is the OpenMP version of the code
 This is the OpenMP version of the code
 This is the OpenMP version of the code
 This is the OpenMP version of the code
 This is the OpenMP version of the code
 This is the OpenMP version of the code
 This is the OpenMP version of the code
 This is the OpenMP version of the code
 This is the OpenMP version of the code
 This is the OpenMP version of the code
 This is the OpenMP version of the code
 This is the OpenMP version of the code
 This is the OpenMP version of the code
 This is the OpenMP version of the code
 This is the OpenMP version of the code
 This is the OpenMP version of the code
 This is the OpenMP version of the code
 This is the OpenMP version of the code
 This is the OpenMP version of the code
 This is the OpenMP version of the code
 This is the OpenMP version of the code
 This is the OpenMP version of the code
 This is the OpenMP version of the code
 This is the OpenMP version of the code
 This is the OpenMP version of the code
 This is the OpenMP version of the code
 This is the OpenMP version of the code
 This is the OpenMP version of the code
 This is the OpenMP version of the code
 This is the OpenMP version of the code
 This is the OpenMP version of the code
 This is the OpenMP version of the code
 This is the OpenMP version of the code
 This is the OpenMP version of the code
 This is the OpenMP version of the code
 This is the OpenMP version of the code
 This is the OpenMP version of the code
 This is the OpenMP version of the code
 This is the OpenMP version of the code
 This is the OpenMP version of the code
 This is the OpenMP version of the code
 This is the OpenMP version of the code
 This is the OpenMP version of the code
 This is the OpenMP version of the code
 This is the OpenMP version of the code
 This is the OpenMP version of the code
 This is the OpenMP version of the code
 This is the OpenMP version of the code
 This is the OpenMP version of the code
 This is the OpenMP version of the code
 This is the OpenMP version of the code
 This is the OpenMP version of the code

 The execution started at 22h 52min on the 11/ 5/2025

    ===========================================================
    !                                                         !
    !                        Do N O F                         !
    !                                                         !
    !  (Donostia Natural Orbital Functional Software Program) !
    !                                                         !
    !               COPYRIGHT by Mario Piris                  !
    !                                                         !
    !      Donostia International Physics Center (DIPC)       !
    !       University of the Basque Country (UPV/EHU)        !
    !       Basque Foundation for Science (IKERBASQUE)        !
    !                                                         !
    !          GNU General Public License version 3           !
    !                                                         !
    !                  VERSION: October 2025                  !
    !                                                         !
    ===========================================================

 Run Title
 ---------
  Molname                                                                        

 Basis Set
 ---------
 /home/pobleyef/DoNOFsw/basis/def2-QZVP.bas                                      

 Atom      Charge                Coordinates (Bohr)
                           x             y             z
 N           7.0        0.0000        0.0000        7.0232
 C           6.0        0.0000        0.0000        9.1789
 H           1.0        0.0000        0.0000       11.1969
 N           7.0        0.0000        0.0000       -2.2246
 O           8.0        0.0000        4.3095       -2.9918
 O           8.0        0.0000       -4.3095       -2.9918
 C           6.0        0.0000       -2.1633       -3.7237
 C           6.0        0.0000       -1.2501       -6.4103
 C           6.0        0.0000        1.2501       -6.4103
 H           1.0        0.0000        2.5524       -7.9791
 H           1.0        0.0000       -2.5524       -7.9791
 C           6.0        0.0000        2.1633       -3.7237
 I          53.0        0.0000        0.0000        1.6146

 Atomic Basis Set
 ----------------
 The contracted primitive functions were unnormalized
 The contracted basis functions are now normalized to unity

  Shell Type  Primitive         Exponent  Contraction Coefficient

 N         

      1   S       1         90726.8892100    0.000070982346
      1   S       2         13590.5288010    0.000551712516
      1   S       3          3092.9883781    0.002893067845
      1   S       4           875.9987636    0.012111212150
      1   S       5           285.7446998    0.042834127812
      1   S       6           103.1191342    0.129198809022
      1   S       7            40.1285568    0.318818920022
      1   S       8            16.5280957    0.590844885361

      2   S       9            69.3909610    0.094659213180
      2   S      10            20.4282006    0.925496499302

      3   S      11             7.1292588    1.000000000000

      4   S      12             3.1324305    1.000000000000

      5   S      13             0.9875578    1.000000000000

      6   S      14             0.3876572    1.000000000000

      7   S      15             0.1490988    1.000000000000

      8   P      16           150.0574267   -0.002450051156
      8   P      17            35.4915995   -0.019486267495
      8   P      18            11.2478642   -0.090355519008
      8   P      19             4.0900305   -0.299446872557
      8   P      20             1.6220573   -0.696789730227

      9   P      21             0.6644226    1.000000000000

     10   P      22             0.2709977    1.000000000000

     11   P      23             0.1068875    1.000000000000

     12   D      24             2.8370000    1.000000000000

     13   D      25             0.9680000    1.000000000000

     14   D      26             0.3350000    1.000000000000

     15   F      27             2.0270000    1.000000000000

     16   F      28             0.6850000    1.000000000000

     17   G      29             1.4270000    1.000000000000

 C         

     18   S      30         67025.0710290    0.000070988337
     18   S      31         10039.9865380    0.000551759078
     18   S      32          2284.9316911    0.002893301112
     18   S      33           647.1412213    0.012111149913
     18   S      34           211.0947234    0.042822697250
     18   S      35            76.1776439    0.129053328799
     18   S      36            29.6338392    0.318146477908
     18   S      37            12.1877851    0.591790274517

     19   S      38            53.0260063    0.091364916926
     19   S      39            15.2585028    0.928761090236

     20   S      40             5.2403957    1.000000000000

     21   S      41             2.2905022    1.000000000000

     22   S      42             0.6967328    1.000000000000

     23   S      43             0.2759934    1.000000000000

     24   S      44             0.1073988    1.000000000000

     25   P      45           105.1255508    0.002496535013
     25   P      46            24.8844611    0.019546395628
     25   P      47             7.8637231    0.088834946629
     25   P      48             2.8407002    0.294789686074
     25   P      49             1.1227137    0.702715999245

     26   P      50             0.4605073    1.000000000000

     27   P      51             0.1893753    1.000000000000

     28   P      52             0.0759838    1.000000000000

     29   D      53             1.8480000    1.000000000000

     30   D      54             0.6490000    1.000000000000

     31   D      55             0.2280000    1.000000000000

     32   F      56             1.4190000    1.000000000000

     33   F      57             0.4850000    1.000000000000

     34   G      58             1.0110000    1.000000000000

 H         

     35   S      59           190.6916900    0.005342636962
     35   S      60            28.6055320    0.041252338243
     35   S      61             6.5095943    0.210993525698
     35   S      62             1.8412455    0.812128545862

     36   S      63             0.5985373    1.000000000000

     37   S      64             0.2139762    1.000000000000

     38   S      65             0.0803163    1.000000000000

     39   P      66             2.2920000    1.000000000000

     40   P      67             0.8380000    1.000000000000

     41   P      68             0.2920000    1.000000000000

     42   D      69             2.0620000    1.000000000000

     43   D      70             0.6620000    1.000000000000

     44   F      71             1.3970000    1.000000000000

 N         

     45   S      72         90726.8892100    0.000070982346
     45   S      73         13590.5288010    0.000551712516
     45   S      74          3092.9883781    0.002893067845
     45   S      75           875.9987636    0.012111212150
     45   S      76           285.7446998    0.042834127812
     45   S      77           103.1191342    0.129198809022
     45   S      78            40.1285568    0.318818920022
     45   S      79            16.5280957    0.590844885361

     46   S      80            69.3909610    0.094659213180
     46   S      81            20.4282006    0.925496499302

     47   S      82             7.1292588    1.000000000000

     48   S      83             3.1324305    1.000000000000

     49   S      84             0.9875578    1.000000000000

     50   S      85             0.3876572    1.000000000000

     51   S      86             0.1490988    1.000000000000

     52   P      87           150.0574267   -0.002450051156
     52   P      88            35.4915995   -0.019486267495
     52   P      89            11.2478642   -0.090355519008
     52   P      90             4.0900305   -0.299446872557
     52   P      91             1.6220573   -0.696789730227

     53   P      92             0.6644226    1.000000000000

     54   P      93             0.2709977    1.000000000000

     55   P      94             0.1068875    1.000000000000

     56   D      95             2.8370000    1.000000000000

     57   D      96             0.9680000    1.000000000000

     58   D      97             0.3350000    1.000000000000

     59   F      98             2.0270000    1.000000000000

     60   F      99             0.6850000    1.000000000000

     61   G     100             1.4270000    1.000000000000

 O         

     62   S     101        116506.4690800    0.000071987576
     62   S     102         17504.3497240    0.000557148772
     62   S     103          3993.4513230    0.002913003168
     62   S     104          1133.0063186    0.012172051077
     62   S     105           369.9956959    0.043003761827
     62   S     106           133.6207435    0.129647623897
     62   S     107            52.0356436    0.319696085629
     62   S     108            21.4619393    0.589314587967

     63   S     109            89.8350513    0.094848052763
     63   S     110            26.4280108    0.925363787917

     64   S     111             9.2822825    1.000000000000

     65   S     112             4.0947729    1.000000000000

     66   S     113             1.3255349    1.000000000000

     67   S     114             0.5187723    1.000000000000

     68   S     115             0.1977268    1.000000000000

     69   P     116           191.1525581    0.002535957414
     69   P     117            45.2333567    0.020233824294
     69   P     118            14.3534659    0.094518019998
     69   P     119             5.2422372    0.309154328074
     69   P     120             2.0792419    0.684689495338

     70   P     121             0.8428237    1.000000000000

     71   P     122             0.3361769    1.000000000000

     72   P     123             0.1286400    1.000000000000

     73   D     124             3.7750000    1.000000000000

     74   D     125             1.3000000    1.000000000000

     75   D     126             0.4440000    1.000000000000

     76   F     127             2.6660000    1.000000000000

     77   F     128             0.8590000    1.000000000000

     78   G     129             1.8460000    1.000000000000

 O         

     79   S     130        116506.4690800    0.000071987576
     79   S     131         17504.3497240    0.000557148772
     79   S     132          3993.4513230    0.002913003168
     79   S     133          1133.0063186    0.012172051077
     79   S     134           369.9956959    0.043003761827
     79   S     135           133.6207435    0.129647623897
     79   S     136            52.0356436    0.319696085629
     79   S     137            21.4619393    0.589314587967

     80   S     138            89.8350513    0.094848052763
     80   S     139            26.4280108    0.925363787917

     81   S     140             9.2822825    1.000000000000

     82   S     141             4.0947729    1.000000000000

     83   S     142             1.3255349    1.000000000000

     84   S     143             0.5187723    1.000000000000

     85   S     144             0.1977268    1.000000000000

     86   P     145           191.1525581    0.002535957414
     86   P     146            45.2333567    0.020233824294
     86   P     147            14.3534659    0.094518019998
     86   P     148             5.2422372    0.309154328074
     86   P     149             2.0792419    0.684689495338

     87   P     150             0.8428237    1.000000000000

     88   P     151             0.3361769    1.000000000000

     89   P     152             0.1286400    1.000000000000

     90   D     153             3.7750000    1.000000000000

     91   D     154             1.3000000    1.000000000000

     92   D     155             0.4440000    1.000000000000

     93   F     156             2.6660000    1.000000000000

     94   F     157             0.8590000    1.000000000000

     95   G     158             1.8460000    1.000000000000

 C         

     96   S     159         67025.0710290    0.000070988337
     96   S     160         10039.9865380    0.000551759078
     96   S     161          2284.9316911    0.002893301112
     96   S     162           647.1412213    0.012111149913
     96   S     163           211.0947234    0.042822697250
     96   S     164            76.1776439    0.129053328799
     96   S     165            29.6338392    0.318146477908
     96   S     166            12.1877851    0.591790274517

     97   S     167            53.0260063    0.091364916926
     97   S     168            15.2585028    0.928761090236

     98   S     169             5.2403957    1.000000000000

     99   S     170             2.2905022    1.000000000000

    100   S     171             0.6967328    1.000000000000

    101   S     172             0.2759934    1.000000000000

    102   S     173             0.1073988    1.000000000000

    103   P     174           105.1255508    0.002496535013
    103   P     175            24.8844611    0.019546395628
    103   P     176             7.8637231    0.088834946629
    103   P     177             2.8407002    0.294789686074
    103   P     178             1.1227137    0.702715999245

    104   P     179             0.4605073    1.000000000000

    105   P     180             0.1893753    1.000000000000

    106   P     181             0.0759838    1.000000000000

    107   D     182             1.8480000    1.000000000000

    108   D     183             0.6490000    1.000000000000

    109   D     184             0.2280000    1.000000000000

    110   F     185             1.4190000    1.000000000000

    111   F     186             0.4850000    1.000000000000

    112   G     187             1.0110000    1.000000000000

 C         

    113   S     188         67025.0710290    0.000070988337
    113   S     189         10039.9865380    0.000551759078
    113   S     190          2284.9316911    0.002893301112
    113   S     191           647.1412213    0.012111149913
    113   S     192           211.0947234    0.042822697250
    113   S     193            76.1776439    0.129053328799
    113   S     194            29.6338392    0.318146477908
    113   S     195            12.1877851    0.591790274517

    114   S     196            53.0260063    0.091364916926
    114   S     197            15.2585028    0.928761090236

    115   S     198             5.2403957    1.000000000000

    116   S     199             2.2905022    1.000000000000

    117   S     200             0.6967328    1.000000000000

    118   S     201             0.2759934    1.000000000000

    119   S     202             0.1073988    1.000000000000

    120   P     203           105.1255508    0.002496535013
    120   P     204            24.8844611    0.019546395628
    120   P     205             7.8637231    0.088834946629
    120   P     206             2.8407002    0.294789686074
    120   P     207             1.1227137    0.702715999245

    121   P     208             0.4605073    1.000000000000

    122   P     209             0.1893753    1.000000000000

    123   P     210             0.0759838    1.000000000000

    124   D     211             1.8480000    1.000000000000

    125   D     212             0.6490000    1.000000000000

    126   D     213             0.2280000    1.000000000000

    127   F     214             1.4190000    1.000000000000

    128   F     215             0.4850000    1.000000000000

    129   G     216             1.0110000    1.000000000000

 C         

    130   S     217         67025.0710290    0.000070988337
    130   S     218         10039.9865380    0.000551759078
    130   S     219          2284.9316911    0.002893301112
    130   S     220           647.1412213    0.012111149913
    130   S     221           211.0947234    0.042822697250
    130   S     222            76.1776439    0.129053328799
    130   S     223            29.6338392    0.318146477908
    130   S     224            12.1877851    0.591790274517

    131   S     225            53.0260063    0.091364916926
    131   S     226            15.2585028    0.928761090236

    132   S     227             5.2403957    1.000000000000

    133   S     228             2.2905022    1.000000000000

    134   S     229             0.6967328    1.000000000000

    135   S     230             0.2759934    1.000000000000

    136   S     231             0.1073988    1.000000000000

    137   P     232           105.1255508    0.002496535013
    137   P     233            24.8844611    0.019546395628
    137   P     234             7.8637231    0.088834946629
    137   P     235             2.8407002    0.294789686074
    137   P     236             1.1227137    0.702715999245

    138   P     237             0.4605073    1.000000000000

    139   P     238             0.1893753    1.000000000000

    140   P     239             0.0759838    1.000000000000

    141   D     240             1.8480000    1.000000000000

    142   D     241             0.6490000    1.000000000000

    143   D     242             0.2280000    1.000000000000

    144   F     243             1.4190000    1.000000000000

    145   F     244             0.4850000    1.000000000000

    146   G     245             1.0110000    1.000000000000

 H         

    147   S     246           190.6916900    0.005342636962
    147   S     247            28.6055320    0.041252338243
    147   S     248             6.5095943    0.210993525698
    147   S     249             1.8412455    0.812128545862

    148   S     250             0.5985373    1.000000000000

    149   S     251             0.2139762    1.000000000000

    150   S     252             0.0803163    1.000000000000

    151   P     253             2.2920000    1.000000000000

    152   P     254             0.8380000    1.000000000000

    153   P     255             0.2920000    1.000000000000

    154   D     256             2.0620000    1.000000000000

    155   D     257             0.6620000    1.000000000000

    156   F     258             1.3970000    1.000000000000

 H         

    157   S     259           190.6916900    0.005342636962
    157   S     260            28.6055320    0.041252338243
    157   S     261             6.5095943    0.210993525698
    157   S     262             1.8412455    0.812128545862

    158   S     263             0.5985373    1.000000000000

    159   S     264             0.2139762    1.000000000000

    160   S     265             0.0803163    1.000000000000

    161   P     266             2.2920000    1.000000000000

    162   P     267             0.8380000    1.000000000000

    163   P     268             0.2920000    1.000000000000

    164   D     269             2.0620000    1.000000000000

    165   D     270             0.6620000    1.000000000000

    166   F     271             1.3970000    1.000000000000

 C         

    167   S     272         67025.0710290    0.000070988337
    167   S     273         10039.9865380    0.000551759078
    167   S     274          2284.9316911    0.002893301112
    167   S     275           647.1412213    0.012111149913
    167   S     276           211.0947234    0.042822697250
    167   S     277            76.1776439    0.129053328799
    167   S     278            29.6338392    0.318146477908
    167   S     279            12.1877851    0.591790274517

    168   S     280            53.0260063    0.091364916926
    168   S     281            15.2585028    0.928761090236

    169   S     282             5.2403957    1.000000000000

    170   S     283             2.2905022    1.000000000000

    171   S     284             0.6967328    1.000000000000

    172   S     285             0.2759934    1.000000000000

    173   S     286             0.1073988    1.000000000000

    174   P     287           105.1255508    0.002496535013
    174   P     288            24.8844611    0.019546395628
    174   P     289             7.8637231    0.088834946629
    174   P     290             2.8407002    0.294789686074
    174   P     291             1.1227137    0.702715999245

    175   P     292             0.4605073    1.000000000000

    176   P     293             0.1893753    1.000000000000

    177   P     294             0.0759838    1.000000000000

    178   D     295             1.8480000    1.000000000000

    179   D     296             0.6490000    1.000000000000

    180   D     297             0.2280000    1.000000000000

    181   F     298             1.4190000    1.000000000000

    182   F     299             0.4850000    1.000000000000

    183   G     300             1.0110000    1.000000000000

 I         

    184   S     301         16788.4000000    0.000103586804
    184   S     302          2526.6400000    0.000765531745
    184   S     303           571.9840000    0.003150554741
    184   S     304           150.4340000    0.006717983204
    184   S     305            29.5405000   -0.134384929151
    184   S     306            18.4571000    0.859255064197
    184   S     307            11.5286000   -0.890227518539
    184   S     308             7.0828900   -1.367813214298
    184   S     309             2.5040500    1.808345152379

    185   S     310            25.0586179    0.088686579218
    185   S     311            15.6219794   -0.309437052616
    185   S     312             3.3536325    1.147487780264

    186   S     313             1.3540145    1.000000000000

    187   S     314             0.6743047    1.000000000000

    188   S     315             0.3272714    1.000000000000

    189   S     316             0.1574936    1.000000000000

    190   S     317             0.0743777    1.000000000000

    191   P     318           656.2740000    0.000102263116
    191   P     319           149.2320000    0.000688871318
    191   P     320            19.0153000    0.067339699796
    191   P     321            10.7378000   -0.280108787807
    191   P     322             6.4420800   -0.004916495947
    191   P     323             3.0920300    0.577616914298
    191   P     324             1.5787400    0.569991007671

    192   P     325            15.6605119   -0.024484627992
    192   P     326             4.9250670    0.260041620414
    192   P     327             1.6692320    0.808870366710

    193   P     328             0.7781790    1.000000000000

    194   P     329             0.3560884    1.000000000000

    195   P     330             0.1549324    1.000000000000

    196   P     331             0.0646662    1.000000000000

    197   D     332           318.2240778    0.000120648927
    197   D     333            95.8102274    0.001012623893
    197   D     334            35.3222953    0.005278751941
    197   D     335            13.1074478   -0.017935310228
    197   D     336             6.2949153    0.100128211172
    197   D     337             3.6826101    0.302771472093
    197   D     338             2.0858951    0.397340741727
    197   D     339             1.1644342    0.312691340071

    198   D     340             0.6318061    1.000000000000

    199   D     341             0.3221508    1.000000000000

    200   D     342             0.1349000    1.000000000000

    201   F     343             6.4253614    1.000000000000

    202   F     344             2.1780000    1.000000000000

    203   F     345             0.5878000    1.000000000000

    204   F     346             0.2500000    1.000000000000

    205   G     347             0.4739000    1.000000000000

 Total Number of Basis Set Shells             =  205
 Total Number of Primitives                   =  347
 Number of Spherical Gaussian Basis Functions =  685
 Total Number of Auxiliary Basis Set Shells   =  289
 Number of Sph. Gaussian Auxiliary Set Func.  =  955
 Number of Electrons                          =  116
 Charge of Molecule                           =    0
 Spin Multiplicity                            =    1
 Number of Occupied Orbitals (Alpha)          =   58
 Number of Occupied Orbitals (Beta )          =   58
 Total Number of Atoms                        =   13

 Nuclear Energy =      888.6135023985

 Note: This calculation is using an effective core potential
 so NE and ENUC will be adjusted later after removal of the Core

 Input Run Options
 -----------------
 IRUNTYP = 1  MULT = 1  ICHARG =  0 IECP = 1  IEMOM = 1  UNITS = ANGS    

 ECP Potentials
 --------------
 Parameters for "I-ECP   " on Atom 13 with ZCORE 28 and LMAX 3 are

 for L= 3      COEFF    N           ZETA
    1      -21.84204    2       19.45861
    1      -28.46819    2       19.34926
    1       -0.24371    2        4.82377
    1       -0.32080    2        4.88431
 for L= 0      COEFF    N           ZETA
    1       49.99429    2       40.01584
    1      281.02532    2       17.42975
    1       61.57333    2        9.00548
    1       21.84204    2       19.45861
    1       28.46819    2       19.34926
    1        0.24371    2        4.82377
    1        0.32080    2        4.88431
 for L= 1      COEFF    N           ZETA
    1       67.44284    2       15.35547
    1      134.88114    2       14.97183
    1       14.67505    2        8.96016
    1       29.37567    2        8.25910
    1       21.84204    2       19.45861
    1       28.46819    2       19.34926
    1        0.24371    2        4.82377
    1        0.32080    2        4.88431
 for L= 2      COEFF    N           ZETA
    1       35.43953    2       15.06891
    1       53.17606    2       14.55532
    1        9.06719    2        6.71865
    1       13.20694    2        6.45639
    1        0.08933    2        1.19178
    1        0.05238    2        1.29116
    1       21.84204    2       19.45861
    1       28.46819    2       19.34926
    1        0.24371    2        4.82377
    1        0.32080    2        4.88431

 The ECP removes  28 core electrons and  28 protons

 Number of electrons kept in the run =   88
 Number of occupied orbitals (Alpha) =   44
 Number of occupied orbitals (Beta)  =   44

 Adjusted Nuclear Energy =      599.8254095541


 Integral Options
 ----------------
 ERITYP = RI     AUX = JKFIT   ISCHWZ = 1   CUTOFF = 1.0E-09

 Input NOF Options
 -----------------

 Natural Orbital Functional Selected:    (IPNOF)         5

 Type of calculation = ICOEF2 + ICOEF1:  (ICOEF)        21
 Use Softmax function for Occ. Opt.:     (ISOFTMAX)      1
 Type of Orb. Opt. = Orbital Rotations:  (IORBOPT)       2
 Maximum Number of Coef Outer Iter.:     (MAXIT21)       3
 Maximum Number of Occ-Coef Outer Iter.: (MAXIT)      1000

 Restart calculation Option:             (RESTART)       F
 Restart Gamma Matrix from GCF file:     (INPUTGAMMA)    1
 Coefficient Matrix from GCF file:       (INPUTC)        1
 Diagonal Elements FMIUG from GCF file:  (INPUTFMIUG)    0
 Cartesian Coordinates from GCF file:    (INPUTCXYZ)     0

 Threshold Lambda Convergence=10**(-N):  (NTHRESHL)      3
 Threshold Energy Convergence=10**(-N):  (NTHRESHE)      6
 Max. Number of Inner Coef. Iterations:  (MAXLOOP)      10
 Orthogonalize the initial Orbitals:     (ORTHO)         T

 Output Option:                          (NPRINT)        0
 Output the Coefficient Matrix:          (IWRITEC)       0
 Do a Mulliken Population Analysis:      (IMULPOP)       0
 Write Information into a WFN file:      (IAIMPAC)       1
 Write Information into a FCHK file:     (IFCHK)         1
 Write Information into a MLP file:      (MOLDEN)        1
 Create Ini. Cond. (ini.xyz) file:       (INICOND)       1
 Calculate IPs using Ext. Koopmans Theo: (IEKT)          0
 Write APSG expansion coefficient file:  (APSG)          F
 Output option for Lagrange Multipliers: (PRINTLAG)      F
 Diagonalize matrix of Lag. Multipliers: (DIAGLAG)       F

------------------------------------------------------------------------

 Orbital Space
 -------------

 Inactive Doubly occupied orbitals up to NO1  =    0
 No. considered Strongly Doubly occupied MOs  =   44
 No. considered Strongly Singly occupied MOs  =    0
 NO. of Weakly occ. per St. Doubly occ.  MOs (NCWO)   =   14
 Dimension of the Active Nat. Orb. subspace   =  660
 Secondary Empty orbitals                     =   25

 1e- integrals
 -------------
 Time to do integrals =      0.90

 2e- integrals
 -------------
 DONTW option skips storage 2e- integrals on Unit 1
 Time to do integrals =      8.47

 No violations of the orthonormality

   INITIAL VALUES
  =================

   OM     Occupation      Elag Diag

    1      1.9997916    -20.5398617
    2      1.9997859    -20.5397500
    3      1.9996646    -15.5981827
    4      1.9996575    -15.5940134
    5      1.9995878     -4.6983982
    6      1.9995679     -4.7485369
    7      1.9995668     -4.6194429
    8      1.9994761     -4.5377429
    9      1.9994675    -11.3044223
   10      1.9994506    -11.2672272
   11      1.9994506    -11.2672088
   12      1.9994429    -11.3613422
   13      1.9994428    -11.3611828
   14      1.9994200     -4.2127121
   15      1.9991223     -4.0879441
   16      1.9991101     -3.9778158
   17      1.9976197     -2.4119539
   18      1.9972636     -2.7402552
   19      1.9904655     -0.7475488
   20      1.9904286     -0.7476562
   21      1.9903645     -0.7467476
   22      1.9903376     -0.7461646
   23      1.9899382     -0.7215067
   24      1.9889630     -0.6149826
   25      1.9881034     -0.5732509
   26      1.9880067     -0.9502849
   27      1.9879685     -0.9498001
   28      1.9879493     -0.5558624
   29      1.9877526     -0.5820682
   30      1.9876329     -0.9449561
   31      1.9864192     -0.7787517
   32      1.9855495     -0.8307259
   33      1.9855378     -0.8307274
   34      1.9845911     -0.7740938
   35      1.9836861     -0.9071823
   36      1.9827674     -0.8815903
   37      1.9816205     -0.8610188
   38      1.9814944     -0.8457058
   39      1.9807333     -0.8236615
   40      1.9805661     -0.8354115
   41      1.9792225     -0.7464149
   42      1.9792194     -0.7463405
   43      1.9725001     -0.6147558
   44      1.9401034     -0.5407108
   45      0.0000024     -0.0000077
   46      0.0000106     -0.0000279
   47      0.0000738     -0.0001677
   48      0.0000964     -0.0001917
   49      0.0000029     -0.0000122
   50      0.0000239     -0.0000659
   51      0.0001482     -0.0002689
   52      0.0000019     -0.0000093
   53      0.0000105     -0.0000376
   54      0.0140806     -0.0151312
   55      0.0000170     -0.0000620
   56      0.0000106     -0.0000352
   57      0.0000944     -0.0002078
   58      0.0000385     -0.0000953
   59      0.0000058     -0.0000235
   60      0.0035460     -0.0029032
   61      0.0000028     -0.0000036
   62      0.0000091     -0.0000361
   63      0.0093281     -0.0108089
   64      0.0000001      0.0000000
   65      0.0000182     -0.0000559
   66      0.0000116     -0.0000424
   67      0.0000031     -0.0000158
   68      0.0000029     -0.0000150
   69      0.0008547     -0.0016414
   70      0.0003836     -0.0008529
   71      0.0000000      0.0000001
   72      0.0000988     -0.0004429
   73      0.0006272     -0.0033830
   74      0.0000000      0.0000001
   75      0.0000000      0.0000001
   76      0.0000001     -0.0000005
   77      0.0000413     -0.0005698
   78      0.0003833     -0.0075969
   79      0.0000001     -0.0000000
   80      0.0000003     -0.0000156
   81      0.0000000      0.0000001
   82      0.0000044     -0.0000622
   83      0.0000000      0.0000001
   84      0.0000000      0.0000001
   85      0.0000001     -0.0000095
   86      0.0000001     -0.0000015
   87      0.0000084     -0.0002065
   88      0.0001830     -0.0067952
   89      0.0000312     -0.0000491
   90      0.0000387     -0.0000834
   91      0.0021558     -0.0025920
   92      0.0000506     -0.0001416
   93      0.0005272     -0.0009652
   94      0.0007757     -0.0011856
   95      0.0021146     -0.0026928
   96      0.0000125     -0.0000585
   97      0.0000276     -0.0001038
   98      0.0000030     -0.0000125
   99      0.0000352     -0.0000971
  100      0.0105052     -0.0105155
  101      0.0000471     -0.0001312
  102      0.0019077     -0.0024599
  103      0.0095817     -0.0110051
  104      0.0000170     -0.0000252
  105      0.0031599     -0.0025596
  106      0.0007574     -0.0013881
  107      0.0000071     -0.0000255
  108      0.0032443     -0.0026557
  109      0.0000030     -0.0000120
  110      0.0000624     -0.0001575
  111      0.0000870     -0.0002511
  112      0.0074717     -0.0089183
  113      0.0000593     -0.0001867
  114      0.0000055     -0.0000275
  115      0.0014252     -0.0051637
  116      0.0000000      0.0000001
  117      0.0000000      0.0000001
  118      0.0003019     -0.0016002
  119      0.0000001      0.0000000
  120      0.0000001      0.0000001
  121      0.0000561     -0.0008123
  122      0.0000002     -0.0000025
  123      0.0000001     -0.0000017
  124      0.0000001     -0.0000006
  125      0.0000000      0.0000001
  126      0.0000001      0.0000000
  127      0.0000000      0.0000000
  128      0.0000000      0.0000001
  129      0.0000000      0.0000001
  130      0.0000000      0.0000001
  131      0.0000150     -0.0003882
  132      0.0000000     -0.0000004
  133      0.0000519     -0.0000703
  134      0.0000224     -0.0000589
  135      0.0000290     -0.0000832
  136      0.0000089     -0.0000303
  137      0.0000043     -0.0000204
  138      0.0000467     -0.0001273
  139      0.0026977     -0.0033921
  140      0.0000022     -0.0000109
  141      0.0000017     -0.0000079
  142      0.0000281     -0.0001092
  143      0.0000405     -0.0001185
  144      0.0000129     -0.0000344
  145      0.0015192     -0.0022546
  146      0.0000040     -0.0000165
  147      0.0000182     -0.0000670
  148      0.0000263     -0.0000371
  149      0.0025305     -0.0020371
  150      0.0000040     -0.0000181
  151      0.0007615     -0.0013941
  152      0.0000005     -0.0000015
  153      0.0086858     -0.0076779
  154      0.0002182     -0.0004191
  155      0.0000020     -0.0000105
  156      0.0008394     -0.0016189
  157      0.0073849     -0.0088647
  158      0.0008605     -0.0016510
  159      0.0005607     -0.0020933
  160      0.0000000      0.0000001
  161      0.0000000      0.0000001
  162      0.0000001      0.0000000
  163      0.0000000      0.0000001
  164      0.0000060     -0.0002925
  165      0.0000001     -0.0000009
  166      0.0000003     -0.0000162
  167      0.0000060     -0.0002890
  168      0.0000001     -0.0000007
  169      0.0000001      0.0000000
  170      0.0000001      0.0000000
  171      0.0004171     -0.0026680
  172      0.0000000      0.0000001
  173      0.0002629     -0.0072657
  174      0.0000001     -0.0000011
  175      0.0000000      0.0000001
  176      0.0000001     -0.0000060
  177      0.0000069     -0.0000209
  178      0.0008010     -0.0009586
  179      0.0000505     -0.0001416
  180      0.0021549     -0.0025909
  181      0.0000271     -0.0000962
  182      0.0000054     -0.0000210
  183      0.0000919     -0.0001935
  184      0.0012754     -0.0019744
  185      0.0000019     -0.0000104
  186      0.0012503     -0.0020497
  187      0.0000302     -0.0000873
  188      0.0001116     -0.0002307
  189      0.0001116     -0.0002306
  190      0.0000079     -0.0000243
  191      0.0000605     -0.0001683
  192      0.0002611     -0.0003005
  193      0.0000206     -0.0000297
  194      0.0000045     -0.0000208
  195      0.0000256     -0.0001013
  196      0.0000004     -0.0000002
  197      0.0000215     -0.0000627
  198      0.0009881     -0.0015171
  199      0.0000303     -0.0001282
  200      0.0000033     -0.0000166
  201      0.0000155     -0.0000601
  202      0.0000032     -0.0000164
  203      0.0000016     -0.0000076
  204      0.0000000      0.0000001
  205      0.0000000      0.0000001
  206      0.0000000      0.0000001
  207      0.0000065     -0.0000779
  208      0.0000001     -0.0000011
  209      0.0000001     -0.0000010
  210      0.0000343     -0.0004729
  211      0.0000571     -0.0008252
  212      0.0003852     -0.0076459
  213      0.0000000      0.0000001
  214      0.0000000      0.0000001
  215      0.0000000      0.0000001
  216      0.0003957     -0.0025348
  217      0.0000288     -0.0005586
  218      0.0002565     -0.0071363
  219      0.0000001     -0.0000065
  220      0.0000084     -0.0002068
  221      0.0000015     -0.0000050
  222      0.0000030     -0.0000094
  223      0.0000917     -0.0001935
  224      0.0000219     -0.0000675
  225      0.0000075     -0.0000269
  226      0.0000024     -0.0000096
  227      0.0000279     -0.0000878
  228      0.0000276     -0.0000996
  229      0.0012655     -0.0020208
  230      0.0000020     -0.0000101
  231      0.0000021     -0.0000091
  232      0.0014149     -0.0020472
  233      0.0006639     -0.0011813
  234      0.0100510     -0.0096467
  235      0.0000359     -0.0001148
  236      0.0000032     -0.0000059
  237      0.0003654     -0.0003778
  238      0.0000072     -0.0000258
  239      0.0000068     -0.0000271
  240      0.0001771     -0.0002285
  241      0.0000019     -0.0000077
  242      0.0002287     -0.0004310
  243      0.0008498     -0.0016312
  244      0.0000869     -0.0002526
  245      0.0000031     -0.0000162
  246      0.0006373     -0.0012476
  247      0.0006517     -0.0023533
  248      0.0009355     -0.0029946
  249      0.0002549     -0.0013461
  250      0.0000118     -0.0001024
  251      0.0000145     -0.0001280
  252      0.0000001     -0.0000017
  253      0.0000060     -0.0002924
  254      0.0000002     -0.0000032
  255      0.0000675     -0.0009935
  256      0.0000002     -0.0000026
  257      0.0000000      0.0000001
  258      0.0000000      0.0000001
  259      0.0000108     -0.0000999
  260      0.0000000      0.0000001
  261      0.0000321     -0.0006270
  262      0.0000262     -0.0004923
  263      0.0000000     -0.0000003
  264      0.0000000      0.0000000
  265      0.0000722     -0.0001106
  266      0.0006288     -0.0008261
  267      0.0000315     -0.0000875
  268      0.0032309     -0.0037545
  269      0.0000349     -0.0001169
  270      0.0000092     -0.0000295
  271      0.0015016     -0.0020361
  272      0.0003967     -0.0007945
  273      0.0000026     -0.0000121
  274      0.0000117     -0.0000465
  275      0.0008516     -0.0012578
  276      0.0000470     -0.0001309
  277      0.0000070     -0.0000247
  278      0.0000320     -0.0000992
  279      0.0000062     -0.0000243
  280      0.0000249     -0.0000371
  281      0.0054499     -0.0039138
  282      0.0005915     -0.0012134
  283      0.0000091     -0.0000361
  284      0.0023203     -0.0019559
  285      0.0003147     -0.0005473
  286      0.0000127     -0.0000464
  287      0.0006466     -0.0012595
  288      0.0000589     -0.0001847
  289      0.0000473     -0.0001612
  290      0.0073563     -0.0088472
  291      0.0000001      0.0000000
  292      0.0000000      0.0000001
  293      0.0000000      0.0000001
  294      0.0000000      0.0000001
  295      0.0000003     -0.0000014
  296      0.0000561     -0.0008123
  297      0.0000000      0.0000001
  298      0.0000060     -0.0002891
  299      0.0000001     -0.0000020
  300      0.0000060     -0.0002891
  301      0.0000060     -0.0000754
  302      0.0000000      0.0000001
  303      0.0000038     -0.0000449
  304      0.0000000      0.0000001
  305      0.0000000     -0.0000002
  306      0.0000002     -0.0000031
  307      0.0000000     -0.0000015
  308      0.0000145     -0.0003768
  309      0.0000375     -0.0000709
  310      0.0000490     -0.0000970
  311      0.0000220     -0.0000675
  312      0.0000738     -0.0001678
  313      0.0000016     -0.0000076
  314      0.0008608     -0.0012769
  315      0.0000722     -0.0001801
  316      0.0000037     -0.0000151
  317      0.0000133     -0.0000623
  318      0.0000042     -0.0000169
  319      0.0006353     -0.0010052
  320      0.0000059     -0.0000238
  321      0.0000129     -0.0000343
  322      0.0000484     -0.0001096
  323      0.0000044     -0.0000166
  324      0.0024325     -0.0020299
  325      0.0000288     -0.0000431
  326      0.0000067     -0.0000270
  327      0.0000044     -0.0000208
  328      0.0054955     -0.0040100
  329      0.0000330     -0.0000889
  330      0.0007851     -0.0012758
  331      0.0000057     -0.0000272
  332      0.0000517     -0.0001759
  333      0.0000875     -0.0002535
  334      0.0000031     -0.0000158
  335      0.0000001      0.0000000
  336      0.0000009     -0.0000004
  337      0.0000000      0.0000001
  338      0.0005583     -0.0031398
  339      0.0000000      0.0000000
  340      0.0000003     -0.0000162
  341      0.0000003     -0.0000162
  342      0.0000001     -0.0000022
  343      0.0000001     -0.0000012
  344      0.0000697     -0.0010315
  345      0.0000000      0.0000001
  346      0.0000001     -0.0000005
  347      0.0000000      0.0000001
  348      0.0000000      0.0000001
  349      0.0000001     -0.0000022
  350      0.0000203     -0.0003847
  351      0.0000000     -0.0000004
  352      0.0000020     -0.0001598
  353      0.0000057     -0.0000156
  354      0.0238652     -0.0153533
  355      0.0001115     -0.0002125
  356      0.0000917     -0.0001935
  357      0.0003828     -0.0007563
  358      0.0157590     -0.0145328
  359      0.0000331     -0.0000928
  360      0.0000024     -0.0000118
  361      0.0000342     -0.0001164
  362      0.0000024     -0.0000114
  363      0.0000071     -0.0000253
  364      0.0006651     -0.0011828
  365      0.0000060     -0.0000239
  366      0.0006237     -0.0009853
  367      0.0000141     -0.0000530
  368      0.0000016     -0.0000006
  369      0.0000370     -0.0000499
  370      0.0011069     -0.0020098
  371      0.0000144     -0.0000571
  372      0.0002520     -0.0002901
  373      0.0015468     -0.0018243
  374      0.0000107     -0.0000401
  375      0.0000587     -0.0001847
  376      0.0000301     -0.0001231
  377      0.0000036     -0.0000184
  378      0.0000461     -0.0001611
  379      0.0000001      0.0000000
  380      0.0000000      0.0000001
  381      0.0000074     -0.0000840
  382      0.0000000      0.0000001
  383      0.0000000      0.0000001
  384      0.0000000      0.0000001
  385      0.0000001     -0.0000006
  386      0.0000001     -0.0000015
  387      0.0003833     -0.0075966
  388      0.0000391     -0.0005328
  389      0.0000000      0.0000001
  390      0.0004162     -0.0026141
  391      0.0000000      0.0000001
  392      0.0000011     -0.0000229
  393      0.0000036     -0.0002274
  394      0.0000000      0.0000001
  395      0.0000000     -0.0000001
  396      0.0000000     -0.0000001
  397      0.0020411     -0.0016208
  398      0.0000036     -0.0000111
  399      0.0131507     -0.0114624
  400      0.0001140     -0.0002166
  401      0.0012876     -0.0019426
  402      0.0000551     -0.0001512
  403      0.0000228     -0.0000699
  404      0.0000095     -0.0000335
  405      0.0004073     -0.0008319
  406      0.0000342     -0.0001128
  407      0.0000018     -0.0000078
  408      0.0000945     -0.0002080
  409      0.0000217     -0.0000689
  410      0.0007420     -0.0012004
  411      0.0006577     -0.0011671
  412      0.0003851     -0.0004098
  413      0.0000009     -0.0000007
  414      0.0093696     -0.0108430
  415      0.0011036     -0.0020071
  416      0.0000316     -0.0000466
  417      0.0000051     -0.0000195
  418      0.0000753     -0.0001839
  419      0.0000476     -0.0001626
  420      0.0000164     -0.0000616
  421      0.0000023     -0.0000124
  422      0.0000302     -0.0001291
  423      0.0000001      0.0000000
  424      0.0000000      0.0000001
  425      0.0000000      0.0000001
  426      0.0000000      0.0000001
  427      0.0000000      0.0000001
  428      0.0000662     -0.0009759
  429      0.0000002     -0.0000036
  430      0.0000001     -0.0000000
  431      0.0000002     -0.0000034
  432      0.0000002     -0.0000024
  433      0.0000002     -0.0000031
  434      0.0000000      0.0000001
  435      0.0000000      0.0000000
  436      0.0000000      0.0000001
  437      0.0000001     -0.0000008
  438      0.0000002     -0.0000097
  439      0.0000000      0.0000001
  440      0.0000000      0.0000001
  441      0.0000032     -0.0000090
  442      0.0000195     -0.0000479
  443      0.0000964     -0.0001917
  444      0.0000291     -0.0000833
  445      0.0000091     -0.0000331
  446      0.0000143     -0.0000502
  447      0.0114717     -0.0108961
  448      0.0000057     -0.0000237
  449      0.0000022     -0.0000101
  450      0.0000122     -0.0000470
  451      0.0131063     -0.0118663
  452      0.0000218     -0.0000695
  453      0.0014133     -0.0020462
  454      0.0000132     -0.0000413
  455      0.0000357     -0.0001054
  456      0.0053316     -0.0039799
  457      0.0000065     -0.0000106
  458      0.0000342     -0.0001172
  459      0.0005937     -0.0012163
  460      0.0000234     -0.0000347
  461      0.0000295     -0.0000909
  462      0.0000099     -0.0000387
  463      0.0074950     -0.0089384
  464      0.0003769     -0.0008451
  465      0.0000052     -0.0000260
  466      0.0000021     -0.0000106
  467      0.0000001     -0.0000022
  468      0.0013434     -0.0042995
  469      0.0000000      0.0000001
  470      0.0000001      0.0000000
  471      0.0000000      0.0000001
  472      0.0000001     -0.0000008
  473      0.0000000      0.0000001
  474      0.0000675     -0.0009937
  475      0.0000001      0.0000000
  476      0.0000000      0.0000001
  477      0.0005173     -0.0031288
  478      0.0000000      0.0000001
  479      0.0000002     -0.0000012
  480      0.0000000      0.0000001
  481      0.0000000      0.0000001
  482      0.0000000      0.0000001
  483      0.0000000     -0.0000000
  484      0.0000000      0.0000001
  485      0.0000015     -0.0000059
  486      0.0020298     -0.0019269
  487      0.0000088     -0.0000302
  488      0.0016139     -0.0020852
  489      0.0000018     -0.0000088
  490      0.0000394     -0.0001117
  491      0.0001524     -0.0002731
  492      0.0161042     -0.0161152
  493      0.0149524     -0.0155161
  494      0.0004095     -0.0008523
  495      0.0000030     -0.0000125
  496      0.0000071     -0.0000249
  497      0.0000106     -0.0000352
  498      0.0000104     -0.0000301
  499      0.0000037     -0.0000157
  500      0.0001751     -0.0002249
  501      0.0000214     -0.0000313
  502      0.0000457     -0.0001268
  503      0.0000455     -0.0001264
  504      0.0000003     -0.0000000
  505      0.0003416     -0.0005608
  506      0.0000554     -0.0001671
  507      0.0003770     -0.0008437
  508      0.0006434     -0.0012555
  509      0.0000311     -0.0001271
  510      0.0000605     -0.0001892
  511      0.0000001      0.0000000
  512      0.0000000      0.0000001
  513      0.0000000      0.0000001
  514      0.0000052     -0.0000648
  515      0.0005584     -0.0031857
  516      0.0000000      0.0000001
  517      0.0000000      0.0000001
  518      0.0000000      0.0000000
  519      0.0000001      0.0000000
  520      0.0000000      0.0000001
  521      0.0000000      0.0000001
  522      0.0000000      0.0000001
  523      0.0000000      0.0000001
  524      0.0000000      0.0000001
  525      0.0000000      0.0000001
  526      0.0000001     -0.0000016
  527      0.0000021     -0.0001675
  528      0.0000000     -0.0000007
  529      0.0576357     -0.0281935
  530      0.0000025     -0.0000085
  531      0.0016140     -0.0020853
  532      0.0000314     -0.0000874
  533      0.0171338     -0.0165329
  534      0.0016670     -0.0022834
  535      0.0001026     -0.0002089
  536      0.0004914     -0.0009320
  537      0.0004974     -0.0009617
  538      0.0004552     -0.0009167
  539      0.0000519     -0.0001296
  540      0.0000169     -0.0000480
  541      0.0104941     -0.0105059
  542      0.0000554     -0.0001347
  543      0.0003628     -0.0007600
  544      0.0000317     -0.0000449
  545      0.0001849     -0.0002343
  546      0.0000549     -0.0001501
  547      0.0000558     -0.0001520
  548      0.0003033     -0.0003234
  549      0.0000028     -0.0000112
  550      0.0069398     -0.0073188
  551      0.0000522     -0.0001756
  552      0.0000024     -0.0000132
  553      0.0006368     -0.0012464
  554      0.0000547     -0.0001792
  555      0.0000001      0.0000000
  556      0.0000013     -0.0000106
  557      0.0000000      0.0000001
  558      0.0000001      0.0000000
  559      0.0000000      0.0000001
  560      0.0000002     -0.0000035
  561      0.0000661     -0.0009753
  562      0.0000001     -0.0000016
  563      0.0000002     -0.0000026
  564      0.0000315     -0.0004334
  565      0.0000000      0.0000001
  566      0.0000121     -0.0001072
  567      0.0000000      0.0000001
  568      0.0000151     -0.0001267
  569      0.0000001     -0.0000006
  570      0.0000001     -0.0000028
  571      0.0001838     -0.0068063
  572      0.0000001     -0.0000009
  573      0.0000038     -0.0000111
  574      0.0000040     -0.0000116
  575      0.0032308     -0.0037543
  576      0.0001116     -0.0002125
  577      0.0000112     -0.0000535
  578      0.0000049     -0.0000189
  579      0.0000578     -0.0001510
  580      0.0000358     -0.0001185
  581      0.0000055     -0.0000260
  582      0.0000064     -0.0000272
  583      0.0000022     -0.0000091
  584      0.0015167     -0.0022534
  585      0.0000318     -0.0001039
  586      0.0000410     -0.0001150
  587      0.0015256     -0.0024345
  588      0.0000109     -0.0000169
  589      0.0002408     -0.0002796
  590      0.0000142     -0.0000566
  591      0.0000041     -0.0000181
  592      0.0000071     -0.0000107
  593      0.0000018     -0.0000072
  594      0.0000080     -0.0000329
  595      0.0000047     -0.0000220
  596      0.0000462     -0.0001611
  597      0.0000529     -0.0001789
  598      0.0000875     -0.0002529
  599      0.0000001      0.0000000
  600      0.0000000      0.0000001
  601      0.0000000      0.0000001
  602      0.0000000      0.0000000
  603      0.0000000      0.0000001
  604      0.0003865     -0.0076744
  605      0.0000001     -0.0000017
  606      0.0000571     -0.0008252
  607      0.0000343     -0.0004731
  608      0.0000001     -0.0000014
  609      0.0000000      0.0000001
  610      0.0000000      0.0000001
  611      0.0000000      0.0000001
  612      0.0000000      0.0000001
  613      0.0000145     -0.0002751
  614      0.0000279     -0.0005599
  615      0.0000043     -0.0001083
  616      0.0000001     -0.0000023
  617      0.0000019     -0.0000072
  618      0.0000219     -0.0000468
  619      0.0001140     -0.0002167
  620      0.0131485     -0.0114611
  621      0.0000022     -0.0000107
  622      0.0000030     -0.0000121
  623      0.0000111     -0.0000356
  624      0.0000103     -0.0000375
  625      0.0000104     -0.0000386
  626      0.0000141     -0.0000610
  627      0.0006250     -0.0009900
  628      0.0000317     -0.0001039
  629      0.0000168     -0.0000483
  630      0.0000056     -0.0000208
  631      0.0000547     -0.0001514
  632      0.0000004     -0.0000000
  633      0.0000015     -0.0000012
  634      0.0000257     -0.0001016
  635      0.0000337     -0.0001159
  636      0.0000406     -0.0000530
  637      0.0000311     -0.0000883
  638      0.0006560     -0.0011117
  639      0.0000026     -0.0000128
  640      0.0000052     -0.0000261
  641      0.0003872     -0.0008573
  642      0.0000040     -0.0000202
  643      0.0000965     -0.0005086
  644      0.0000000      0.0000001
  645      0.0000001     -0.0000002
  646      0.0000000      0.0000001
  647      0.0000000      0.0000001
  648      0.0000414     -0.0005716
  649      0.0003866     -0.0076748
  650      0.0000000      0.0000000
  651      0.0000003     -0.0000160
  652      0.0000000      0.0000000
  653      0.0000000      0.0000001
  654      0.0000000      0.0000001
  655      0.0000000      0.0000001
  656      0.0000000      0.0000001
  657      0.0000001     -0.0000002
  658      0.0000036     -0.0002253
  659      0.0000000      0.0000001
  660      0.0000000      0.0000001

   RO Sum (  88) =   88.00

  ---------------
   Dipole Moment
  ---------------

      3.1404 Debye [   1.2355  (  -0.0147,  -0.0026,   1.2354) ]


  RESULTS OF OCCUPATION-COEFFICIENT OPTIMIZATION
 ================================================

  Ex It  Occ Time  Orb Time  Orb It   Electronic Energy     Total Energy   Energy Convergency    Max Mul-Lag Diff

    1    1.1E+01   4.1E+01       0   -1347.1012692200     -747.2758596659     0.0000000000           0.000998

   OM     Occupation      Elag Diag

    1      1.9997916    -20.5398617
    2      1.9997859    -20.5397500
    3      1.9996646    -15.5981827
    4      1.9996575    -15.5940134
    5      1.9995878     -4.6983982
    6      1.9995679     -4.7485369
    7      1.9995668     -4.6194429
    8      1.9994761     -4.5377429
    9      1.9994675    -11.3044223
   10      1.9994506    -11.2672272
   11      1.9994506    -11.2672088
   12      1.9994429    -11.3613422
   13      1.9994428    -11.3611828
   14      1.9994200     -4.2127121
   15      1.9991223     -4.0879441
   16      1.9991101     -3.9778158
   17      1.9976197     -2.4119539
   18      1.9972636     -2.7402552
   19      1.9904655     -0.7475488
   20      1.9904286     -0.7476562
   21      1.9903645     -0.7467476
   22      1.9903376     -0.7461646
   23      1.9899382     -0.7215067
   24      1.9889630     -0.6149826
   25      1.9881034     -0.5732509
   26      1.9880067     -0.9502849
   27      1.9879685     -0.9498001
   28      1.9879493     -0.5558624
   29      1.9877526     -0.5820682
   30      1.9876329     -0.9449561
   31      1.9864192     -0.7787517
   32      1.9855495     -0.8307259
   33      1.9855378     -0.8307274
   34      1.9845911     -0.7740938
   35      1.9836861     -0.9071823
   36      1.9827674     -0.8815903
   37      1.9816205     -0.8610188
   38      1.9814944     -0.8457058
   39      1.9807333     -0.8236615
   40      1.9805661     -0.8354115
   41      1.9792225     -0.7464149
   42      1.9792194     -0.7463405
   43      1.9725001     -0.6147558
   44      1.9401034     -0.5407108
   45      0.0000024     -0.0000077
   46      0.0000106     -0.0000279
   47      0.0000738     -0.0001677
   48      0.0000964     -0.0001917
   49      0.0000029     -0.0000122
   50      0.0000239     -0.0000659
   51      0.0001482     -0.0002689
   52      0.0000019     -0.0000093
   53      0.0000105     -0.0000376
   54      0.0140806     -0.0151312
   55      0.0000170     -0.0000620
   56      0.0000106     -0.0000352
   57      0.0000944     -0.0002078
   58      0.0000385     -0.0000953
   59      0.0000058     -0.0000235
   60      0.0035460     -0.0029032
   61      0.0000028     -0.0000036
   62      0.0000091     -0.0000361
   63      0.0093281     -0.0108089
   64      0.0000001      0.0000000
   65      0.0000182     -0.0000559
   66      0.0000116     -0.0000424
   67      0.0000031     -0.0000158
   68      0.0000029     -0.0000150
   69      0.0008547     -0.0016414
   70      0.0003836     -0.0008529
   71      0.0000000      0.0000001
   72      0.0000988     -0.0004429
   73      0.0006272     -0.0033830
   74      0.0000000      0.0000001
   75      0.0000000      0.0000001
   76      0.0000001     -0.0000005
   77      0.0000413     -0.0005698
   78      0.0003833     -0.0075969
   79      0.0000001     -0.0000000
   80      0.0000003     -0.0000156
   81      0.0000000      0.0000001
   82      0.0000044     -0.0000622
   83      0.0000000      0.0000001
   84      0.0000000      0.0000001
   85      0.0000001     -0.0000095
   86      0.0000001     -0.0000015
   87      0.0000084     -0.0002065
   88      0.0001830     -0.0067952
   89      0.0000312     -0.0000491
   90      0.0000387     -0.0000834
   91      0.0021558     -0.0025920
   92      0.0000506     -0.0001416
   93      0.0005272     -0.0009652
   94      0.0007757     -0.0011856
   95      0.0021146     -0.0026928
   96      0.0000125     -0.0000585
   97      0.0000276     -0.0001038
   98      0.0000030     -0.0000125
   99      0.0000352     -0.0000971
  100      0.0105052     -0.0105155
  101      0.0000471     -0.0001312
  102      0.0019077     -0.0024599
  103      0.0095817     -0.0110051
  104      0.0000170     -0.0000252
  105      0.0031599     -0.0025596
  106      0.0007574     -0.0013881
  107      0.0000071     -0.0000255
  108      0.0032443     -0.0026557
  109      0.0000030     -0.0000120
  110      0.0000624     -0.0001575
  111      0.0000870     -0.0002511
  112      0.0074717     -0.0089183
  113      0.0000593     -0.0001867
  114      0.0000055     -0.0000275
  115      0.0014252     -0.0051637
  116      0.0000000      0.0000001
  117      0.0000000      0.0000001
  118      0.0003019     -0.0016002
  119      0.0000001      0.0000000
  120      0.0000001      0.0000001
  121      0.0000561     -0.0008123
  122      0.0000002     -0.0000025
  123      0.0000001     -0.0000017
  124      0.0000001     -0.0000006
  125      0.0000000      0.0000001
  126      0.0000001      0.0000000
  127      0.0000000      0.0000000
  128      0.0000000      0.0000001
  129      0.0000000      0.0000001
  130      0.0000000      0.0000001
  131      0.0000150     -0.0003882
  132      0.0000000     -0.0000004
  133      0.0000519     -0.0000703
  134      0.0000224     -0.0000589
  135      0.0000290     -0.0000832
  136      0.0000089     -0.0000303
  137      0.0000043     -0.0000204
  138      0.0000467     -0.0001273
  139      0.0026977     -0.0033921
  140      0.0000022     -0.0000109
  141      0.0000017     -0.0000079
  142      0.0000281     -0.0001092
  143      0.0000405     -0.0001185
  144      0.0000129     -0.0000344
  145      0.0015192     -0.0022546
  146      0.0000040     -0.0000165
  147      0.0000182     -0.0000670
  148      0.0000263     -0.0000371
  149      0.0025305     -0.0020371
  150      0.0000040     -0.0000181
  151      0.0007615     -0.0013941
  152      0.0000005     -0.0000015
  153      0.0086858     -0.0076779
  154      0.0002182     -0.0004191
  155      0.0000020     -0.0000105
  156      0.0008394     -0.0016189
  157      0.0073849     -0.0088647
  158      0.0008605     -0.0016510
  159      0.0005607     -0.0020933
  160      0.0000000      0.0000001
  161      0.0000000      0.0000001
  162      0.0000001      0.0000000
  163      0.0000000      0.0000001
  164      0.0000060     -0.0002925
  165      0.0000001     -0.0000009
  166      0.0000003     -0.0000162
  167      0.0000060     -0.0002890
  168      0.0000001     -0.0000007
  169      0.0000001      0.0000000
  170      0.0000001      0.0000000
  171      0.0004171     -0.0026680
  172      0.0000000      0.0000001
  173      0.0002629     -0.0072657
  174      0.0000001     -0.0000011
  175      0.0000000      0.0000001
  176      0.0000001     -0.0000060
  177      0.0000069     -0.0000209
  178      0.0008010     -0.0009586
  179      0.0000505     -0.0001416
  180      0.0021549     -0.0025909
  181      0.0000271     -0.0000962
  182      0.0000054     -0.0000210
  183      0.0000919     -0.0001935
  184      0.0012754     -0.0019744
  185      0.0000019     -0.0000104
  186      0.0012503     -0.0020497
  187      0.0000302     -0.0000873
  188      0.0001116     -0.0002307
  189      0.0001116     -0.0002306
  190      0.0000079     -0.0000243
  191      0.0000605     -0.0001683
  192      0.0002611     -0.0003005
  193      0.0000206     -0.0000297
  194      0.0000045     -0.0000208
  195      0.0000256     -0.0001013
  196      0.0000004     -0.0000002
  197      0.0000215     -0.0000627
  198      0.0009881     -0.0015171
  199      0.0000303     -0.0001282
  200      0.0000033     -0.0000166
  201      0.0000155     -0.0000601
  202      0.0000032     -0.0000164
  203      0.0000016     -0.0000076
  204      0.0000000      0.0000001
  205      0.0000000      0.0000001
  206      0.0000000      0.0000001
  207      0.0000065     -0.0000779
  208      0.0000001     -0.0000011
  209      0.0000001     -0.0000010
  210      0.0000343     -0.0004729
  211      0.0000571     -0.0008252
  212      0.0003852     -0.0076459
  213      0.0000000      0.0000001
  214      0.0000000      0.0000001
  215      0.0000000      0.0000001
  216      0.0003957     -0.0025348
  217      0.0000288     -0.0005586
  218      0.0002565     -0.0071363
  219      0.0000001     -0.0000065
  220      0.0000084     -0.0002068
  221      0.0000015     -0.0000050
  222      0.0000030     -0.0000094
  223      0.0000917     -0.0001935
  224      0.0000219     -0.0000675
  225      0.0000075     -0.0000269
  226      0.0000024     -0.0000096
  227      0.0000279     -0.0000878
  228      0.0000276     -0.0000996
  229      0.0012655     -0.0020208
  230      0.0000020     -0.0000101
  231      0.0000021     -0.0000091
  232      0.0014149     -0.0020472
  233      0.0006639     -0.0011813
  234      0.0100510     -0.0096467
  235      0.0000359     -0.0001148
  236      0.0000032     -0.0000059
  237      0.0003654     -0.0003778
  238      0.0000072     -0.0000258
  239      0.0000068     -0.0000271
  240      0.0001771     -0.0002285
  241      0.0000019     -0.0000077
  242      0.0002287     -0.0004310
  243      0.0008498     -0.0016312
  244      0.0000869     -0.0002526
  245      0.0000031     -0.0000162
  246      0.0006373     -0.0012476
  247      0.0006517     -0.0023533
  248      0.0009355     -0.0029946
  249      0.0002549     -0.0013461
  250      0.0000118     -0.0001024
  251      0.0000145     -0.0001280
  252      0.0000001     -0.0000017
  253      0.0000060     -0.0002924
  254      0.0000002     -0.0000032
  255      0.0000675     -0.0009935
  256      0.0000002     -0.0000026
  257      0.0000000      0.0000001
  258      0.0000000      0.0000001
  259      0.0000108     -0.0000999
  260      0.0000000      0.0000001
  261      0.0000321     -0.0006270
  262      0.0000262     -0.0004923
  263      0.0000000     -0.0000003
  264      0.0000000      0.0000000
  265      0.0000722     -0.0001106
  266      0.0006288     -0.0008261
  267      0.0000315     -0.0000875
  268      0.0032309     -0.0037545
  269      0.0000349     -0.0001169
  270      0.0000092     -0.0000295
  271      0.0015016     -0.0020361
  272      0.0003967     -0.0007945
  273      0.0000026     -0.0000121
  274      0.0000117     -0.0000465
  275      0.0008516     -0.0012578
  276      0.0000470     -0.0001309
  277      0.0000070     -0.0000247
  278      0.0000320     -0.0000992
  279      0.0000062     -0.0000243
  280      0.0000249     -0.0000371
  281      0.0054499     -0.0039138
  282      0.0005915     -0.0012134
  283      0.0000091     -0.0000361
  284      0.0023203     -0.0019559
  285      0.0003147     -0.0005473
  286      0.0000127     -0.0000464
  287      0.0006466     -0.0012595
  288      0.0000589     -0.0001847
  289      0.0000473     -0.0001612
  290      0.0073563     -0.0088472
  291      0.0000001      0.0000000
  292      0.0000000      0.0000001
  293      0.0000000      0.0000001
  294      0.0000000      0.0000001
  295      0.0000003     -0.0000014
  296      0.0000561     -0.0008123
  297      0.0000000      0.0000001
  298      0.0000060     -0.0002891
  299      0.0000001     -0.0000020
  300      0.0000060     -0.0002891
  301      0.0000060     -0.0000754
  302      0.0000000      0.0000001
  303      0.0000038     -0.0000449
  304      0.0000000      0.0000001
  305      0.0000000     -0.0000002
  306      0.0000002     -0.0000031
  307      0.0000000     -0.0000015
  308      0.0000145     -0.0003768
  309      0.0000375     -0.0000709
  310      0.0000490     -0.0000970
  311      0.0000220     -0.0000675
  312      0.0000738     -0.0001678
  313      0.0000016     -0.0000076
  314      0.0008608     -0.0012769
  315      0.0000722     -0.0001801
  316      0.0000037     -0.0000151
  317      0.0000133     -0.0000623
  318      0.0000042     -0.0000169
  319      0.0006353     -0.0010052
  320      0.0000059     -0.0000238
  321      0.0000129     -0.0000343
  322      0.0000484     -0.0001096
  323      0.0000044     -0.0000166
  324      0.0024325     -0.0020299
  325      0.0000288     -0.0000431
  326      0.0000067     -0.0000270
  327      0.0000044     -0.0000208
  328      0.0054955     -0.0040100
  329      0.0000330     -0.0000889
  330      0.0007851     -0.0012758
  331      0.0000057     -0.0000272
  332      0.0000517     -0.0001759
  333      0.0000875     -0.0002535
  334      0.0000031     -0.0000158
  335      0.0000001      0.0000000
  336      0.0000009     -0.0000004
  337      0.0000000      0.0000001
  338      0.0005583     -0.0031398
  339      0.0000000      0.0000000
  340      0.0000003     -0.0000162
  341      0.0000003     -0.0000162
  342      0.0000001     -0.0000022
  343      0.0000001     -0.0000012
  344      0.0000697     -0.0010315
  345      0.0000000      0.0000001
  346      0.0000001     -0.0000005
  347      0.0000000      0.0000001
  348      0.0000000      0.0000001
  349      0.0000001     -0.0000022
  350      0.0000203     -0.0003847
  351      0.0000000     -0.0000004
  352      0.0000020     -0.0001598
  353      0.0000057     -0.0000156
  354      0.0238652     -0.0153533
  355      0.0001115     -0.0002125
  356      0.0000917     -0.0001935
  357      0.0003828     -0.0007563
  358      0.0157590     -0.0145328
  359      0.0000331     -0.0000928
  360      0.0000024     -0.0000118
  361      0.0000342     -0.0001164
  362      0.0000024     -0.0000114
  363      0.0000071     -0.0000253
  364      0.0006651     -0.0011828
  365      0.0000060     -0.0000239
  366      0.0006237     -0.0009853
  367      0.0000141     -0.0000530
  368      0.0000016     -0.0000006
  369      0.0000370     -0.0000499
  370      0.0011069     -0.0020098
  371      0.0000144     -0.0000571
  372      0.0002520     -0.0002901
  373      0.0015468     -0.0018243
  374      0.0000107     -0.0000401
  375      0.0000587     -0.0001847
  376      0.0000301     -0.0001231
  377      0.0000036     -0.0000184
  378      0.0000461     -0.0001611
  379      0.0000001      0.0000000
  380      0.0000000      0.0000001
  381      0.0000074     -0.0000840
  382      0.0000000      0.0000001
  383      0.0000000      0.0000001
  384      0.0000000      0.0000001
  385      0.0000001     -0.0000006
  386      0.0000001     -0.0000015
  387      0.0003833     -0.0075966
  388      0.0000391     -0.0005328
  389      0.0000000      0.0000001
  390      0.0004162     -0.0026141
  391      0.0000000      0.0000001
  392      0.0000011     -0.0000229
  393      0.0000036     -0.0002274
  394      0.0000000      0.0000001
  395      0.0000000     -0.0000001
  396      0.0000000     -0.0000001
  397      0.0020411     -0.0016208
  398      0.0000036     -0.0000111
  399      0.0131507     -0.0114624
  400      0.0001140     -0.0002166
  401      0.0012876     -0.0019426
  402      0.0000551     -0.0001512
  403      0.0000228     -0.0000699
  404      0.0000095     -0.0000335
  405      0.0004073     -0.0008319
  406      0.0000342     -0.0001128
  407      0.0000018     -0.0000078
  408      0.0000945     -0.0002080
  409      0.0000217     -0.0000689
  410      0.0007420     -0.0012004
  411      0.0006577     -0.0011671
  412      0.0003851     -0.0004098
  413      0.0000009     -0.0000007
  414      0.0093696     -0.0108430
  415      0.0011036     -0.0020071
  416      0.0000316     -0.0000466
  417      0.0000051     -0.0000195
  418      0.0000753     -0.0001839
  419      0.0000476     -0.0001626
  420      0.0000164     -0.0000616
  421      0.0000023     -0.0000124
  422      0.0000302     -0.0001291
  423      0.0000001      0.0000000
  424      0.0000000      0.0000001
  425      0.0000000      0.0000001
  426      0.0000000      0.0000001
  427      0.0000000      0.0000001
  428      0.0000662     -0.0009759
  429      0.0000002     -0.0000036
  430      0.0000001     -0.0000000
  431      0.0000002     -0.0000034
  432      0.0000002     -0.0000024
  433      0.0000002     -0.0000031
  434      0.0000000      0.0000001
  435      0.0000000      0.0000000
  436      0.0000000      0.0000001
  437      0.0000001     -0.0000008
  438      0.0000002     -0.0000097
  439      0.0000000      0.0000001
  440      0.0000000      0.0000001
  441      0.0000032     -0.0000090
  442      0.0000195     -0.0000479
  443      0.0000964     -0.0001917
  444      0.0000291     -0.0000833
  445      0.0000091     -0.0000331
  446      0.0000143     -0.0000502
  447      0.0114717     -0.0108961
  448      0.0000057     -0.0000237
  449      0.0000022     -0.0000101
  450      0.0000122     -0.0000470
  451      0.0131063     -0.0118663
  452      0.0000218     -0.0000695
  453      0.0014133     -0.0020462
  454      0.0000132     -0.0000413
  455      0.0000357     -0.0001054
  456      0.0053316     -0.0039799
  457      0.0000065     -0.0000106
  458      0.0000342     -0.0001172
  459      0.0005937     -0.0012163
  460      0.0000234     -0.0000347
  461      0.0000295     -0.0000909
  462      0.0000099     -0.0000387
  463      0.0074950     -0.0089384
  464      0.0003769     -0.0008451
  465      0.0000052     -0.0000260
  466      0.0000021     -0.0000106
  467      0.0000001     -0.0000022
  468      0.0013434     -0.0042995
  469      0.0000000      0.0000001
  470      0.0000001      0.0000000
  471      0.0000000      0.0000001
  472      0.0000001     -0.0000008
  473      0.0000000      0.0000001
  474      0.0000675     -0.0009937
  475      0.0000001      0.0000000
  476      0.0000000      0.0000001
  477      0.0005173     -0.0031288
  478      0.0000000      0.0000001
  479      0.0000002     -0.0000012
  480      0.0000000      0.0000001
  481      0.0000000      0.0000001
  482      0.0000000      0.0000001
  483      0.0000000     -0.0000000
  484      0.0000000      0.0000001
  485      0.0000015     -0.0000059
  486      0.0020298     -0.0019269
  487      0.0000088     -0.0000302
  488      0.0016139     -0.0020852
  489      0.0000018     -0.0000088
  490      0.0000394     -0.0001117
  491      0.0001524     -0.0002731
  492      0.0161042     -0.0161152
  493      0.0149524     -0.0155161
  494      0.0004095     -0.0008523
  495      0.0000030     -0.0000125
  496      0.0000071     -0.0000249
  497      0.0000106     -0.0000352
  498      0.0000104     -0.0000301
  499      0.0000037     -0.0000157
  500      0.0001751     -0.0002249
  501      0.0000214     -0.0000313
  502      0.0000457     -0.0001268
  503      0.0000455     -0.0001264
  504      0.0000003     -0.0000000
  505      0.0003416     -0.0005608
  506      0.0000554     -0.0001671
  507      0.0003770     -0.0008437
  508      0.0006434     -0.0012555
  509      0.0000311     -0.0001271
  510      0.0000605     -0.0001892
  511      0.0000001      0.0000000
  512      0.0000000      0.0000001
  513      0.0000000      0.0000001
  514      0.0000052     -0.0000648
  515      0.0005584     -0.0031857
  516      0.0000000      0.0000001
  517      0.0000000      0.0000001
  518      0.0000000      0.0000000
  519      0.0000001      0.0000000
  520      0.0000000      0.0000001
  521      0.0000000      0.0000001
  522      0.0000000      0.0000001
  523      0.0000000      0.0000001
  524      0.0000000      0.0000001
  525      0.0000000      0.0000001
  526      0.0000001     -0.0000016
  527      0.0000021     -0.0001675
  528      0.0000000     -0.0000007
  529      0.0576357     -0.0281935
  530      0.0000025     -0.0000085
  531      0.0016140     -0.0020853
  532      0.0000314     -0.0000874
  533      0.0171338     -0.0165329
  534      0.0016670     -0.0022834
  535      0.0001026     -0.0002089
  536      0.0004914     -0.0009320
  537      0.0004974     -0.0009617
  538      0.0004552     -0.0009167
  539      0.0000519     -0.0001296
  540      0.0000169     -0.0000480
  541      0.0104941     -0.0105059
  542      0.0000554     -0.0001347
  543      0.0003628     -0.0007600
  544      0.0000317     -0.0000449
  545      0.0001849     -0.0002343
  546      0.0000549     -0.0001501
  547      0.0000558     -0.0001520
  548      0.0003033     -0.0003234
  549      0.0000028     -0.0000112
  550      0.0069398     -0.0073188
  551      0.0000522     -0.0001756
  552      0.0000024     -0.0000132
  553      0.0006368     -0.0012464
  554      0.0000547     -0.0001792
  555      0.0000001      0.0000000
  556      0.0000013     -0.0000106
  557      0.0000000      0.0000001
  558      0.0000001      0.0000000
  559      0.0000000      0.0000001
  560      0.0000002     -0.0000035
  561      0.0000661     -0.0009753
  562      0.0000001     -0.0000016
  563      0.0000002     -0.0000026
  564      0.0000315     -0.0004334
  565      0.0000000      0.0000001
  566      0.0000121     -0.0001072
  567      0.0000000      0.0000001
  568      0.0000151     -0.0001267
  569      0.0000001     -0.0000006
  570      0.0000001     -0.0000028
  571      0.0001838     -0.0068063
  572      0.0000001     -0.0000009
  573      0.0000038     -0.0000111
  574      0.0000040     -0.0000116
  575      0.0032308     -0.0037543
  576      0.0001116     -0.0002125
  577      0.0000112     -0.0000535
  578      0.0000049     -0.0000189
  579      0.0000578     -0.0001510
  580      0.0000358     -0.0001185
  581      0.0000055     -0.0000260
  582      0.0000064     -0.0000272
  583      0.0000022     -0.0000091
  584      0.0015167     -0.0022534
  585      0.0000318     -0.0001039
  586      0.0000410     -0.0001150
  587      0.0015256     -0.0024345
  588      0.0000109     -0.0000169
  589      0.0002408     -0.0002796
  590      0.0000142     -0.0000566
  591      0.0000041     -0.0000181
  592      0.0000071     -0.0000107
  593      0.0000018     -0.0000072
  594      0.0000080     -0.0000329
  595      0.0000047     -0.0000220
  596      0.0000462     -0.0001611
  597      0.0000529     -0.0001789
  598      0.0000875     -0.0002529
  599      0.0000001      0.0000000
  600      0.0000000      0.0000001
  601      0.0000000      0.0000001
  602      0.0000000      0.0000000
  603      0.0000000      0.0000001
  604      0.0003865     -0.0076744
  605      0.0000001     -0.0000017
  606      0.0000571     -0.0008252
  607      0.0000343     -0.0004731
  608      0.0000001     -0.0000014
  609      0.0000000      0.0000001
  610      0.0000000      0.0000001
  611      0.0000000      0.0000001
  612      0.0000000      0.0000001
  613      0.0000145     -0.0002751
  614      0.0000279     -0.0005599
  615      0.0000043     -0.0001083
  616      0.0000001     -0.0000023
  617      0.0000019     -0.0000072
  618      0.0000219     -0.0000468
  619      0.0001140     -0.0002167
  620      0.0131485     -0.0114611
  621      0.0000022     -0.0000107
  622      0.0000030     -0.0000121
  623      0.0000111     -0.0000356
  624      0.0000103     -0.0000375
  625      0.0000104     -0.0000386
  626      0.0000141     -0.0000610
  627      0.0006250     -0.0009900
  628      0.0000317     -0.0001039
  629      0.0000168     -0.0000483
  630      0.0000056     -0.0000208
  631      0.0000547     -0.0001514
  632      0.0000004     -0.0000000
  633      0.0000015     -0.0000012
  634      0.0000257     -0.0001016
  635      0.0000337     -0.0001159
  636      0.0000406     -0.0000530
  637      0.0000311     -0.0000883
  638      0.0006560     -0.0011117
  639      0.0000026     -0.0000128
  640      0.0000052     -0.0000261
  641      0.0003872     -0.0008573
  642      0.0000040     -0.0000202
  643      0.0000965     -0.0005086
  644      0.0000000      0.0000001
  645      0.0000001     -0.0000002
  646      0.0000000      0.0000001
  647      0.0000000      0.0000001
  648      0.0000414     -0.0005716
  649      0.0003866     -0.0076748
  650      0.0000000      0.0000000
  651      0.0000003     -0.0000160
  652      0.0000000      0.0000000
  653      0.0000000      0.0000001
  654      0.0000000      0.0000001
  655      0.0000000      0.0000001
  656      0.0000000      0.0000001
  657      0.0000001     -0.0000002
  658      0.0000036     -0.0002253
  659      0.0000000      0.0000001
  660      0.0000000      0.0000001

   RO Sum (  88) =   88.00

  ---------------
   Dipole Moment
  ---------------

      3.1404 Debye [   1.2355  (  -0.0147,  -0.0026,   1.2354) ]

 ----------------
  Final Energies  
 ----------------

  Final NOF Total Energy =     -747.2758596659 ( 1.E-03 , 0.E+00 )


  **************************************************
  *                                                *
  *       SINGLE-POINT DoNOF CALCULATION           *
  *                                                *
  *             FULL OPTIMIZATION                  *
  *                                                *
  *  FINAL RESULTS   FINAL RESULTS  FINAL RESULTS  *
  *                                                *
  **************************************************

  **************************************************
  *         No. EXTERNAL ITER =     1              *
  *         No. of TOTAL ITER =     0              *
  **************************************************

  Elapsed real time :     70.35  (Seconds)

 The execution finished at 22h 53min on the 11/ 5/2025
Recovering execution output...
Moving from /scratch/pobleyef/346653 to /home-nas/pobleyef/Slim-NOF/ncwomax/Slim16/PNOF5/arina.346653
mkdir -p /home-nas/pobleyef/Slim-NOF/ncwomax/Slim16/PNOF5/arina.346653
mv /scratch/pobleyef/346653/* /home-nas/pobleyef/Slim-NOF/ncwomax/Slim16/PNOF5/arina.346653
