Job runing on na18
Choosing scratch ...
Automatic scratch folder selection
/scratch/pobleyef/346654
/scratch/pobleyef/346654 directory
cp HAL59-NCH_PhI.gcf HAL59-NCH_PhI.inp to  /scratch/pobleyef/346654/.
HAL59-NCH_PhI
 This is the OpenMP version of the code
 This is the OpenMP version of the code
 This is the OpenMP version of the code
 This is the OpenMP version of the code
 This is the OpenMP version of the code
 This is the OpenMP version of the code
 This is the OpenMP version of the code
 This is the OpenMP version of the code
 This is the OpenMP version of the code
 This is the OpenMP version of the code
 This is the OpenMP version of the code
 This is the OpenMP version of the code
 This is the OpenMP version of the code
 This is the OpenMP version of the code
 This is the OpenMP version of the code
 This is the OpenMP version of the code
 This is the OpenMP version of the code
 This is the OpenMP version of the code
 This is the OpenMP version of the code
 This is the OpenMP version of the code
 This is the OpenMP version of the code
 This is the OpenMP version of the code
 This is the OpenMP version of the code
 This is the OpenMP version of the code
 This is the OpenMP version of the code
 This is the OpenMP version of the code
 This is the OpenMP version of the code
 This is the OpenMP version of the code
 This is the OpenMP version of the code
 This is the OpenMP version of the code
 This is the OpenMP version of the code
 This is the OpenMP version of the code
 This is the OpenMP version of the code
 This is the OpenMP version of the code
 This is the OpenMP version of the code
 This is the OpenMP version of the code
 This is the OpenMP version of the code
 This is the OpenMP version of the code
 This is the OpenMP version of the code
 This is the OpenMP version of the code
 This is the OpenMP version of the code
 This is the OpenMP version of the code
 This is the OpenMP version of the code
 This is the OpenMP version of the code
 This is the OpenMP version of the code
 This is the OpenMP version of the code
 This is the OpenMP version of the code
 This is the OpenMP version of the code
 This is the OpenMP version of the code
 This is the OpenMP version of the code
 This is the OpenMP version of the code
 This is the OpenMP version of the code
 This is the OpenMP version of the code
 This is the OpenMP version of the code
 This is the OpenMP version of the code
 This is the OpenMP version of the code
 This is the OpenMP version of the code
 This is the OpenMP version of the code
 This is the OpenMP version of the code
 This is the OpenMP version of the code
 This is the OpenMP version of the code
 This is the OpenMP version of the code
 This is the OpenMP version of the code
 This is the OpenMP version of the code
 This is the OpenMP version of the code
 This is the OpenMP version of the code
 This is the OpenMP version of the code
 This is the OpenMP version of the code
 This is the OpenMP version of the code
 This is the OpenMP version of the code
 This is the OpenMP version of the code
 This is the OpenMP version of the code
 This is the OpenMP version of the code
 This is the OpenMP version of the code
 This is the OpenMP version of the code
 This is the OpenMP version of the code
 This is the OpenMP version of the code
 This is the OpenMP version of the code
 This is the OpenMP version of the code
 This is the OpenMP version of the code
 This is the OpenMP version of the code
 This is the OpenMP version of the code
 This is the OpenMP version of the code
 This is the OpenMP version of the code
 This is the OpenMP version of the code
 This is the OpenMP version of the code
 This is the OpenMP version of the code
 This is the OpenMP version of the code
 This is the OpenMP version of the code
 This is the OpenMP version of the code
 This is the OpenMP version of the code
 This is the OpenMP version of the code
 This is the OpenMP version of the code
 This is the OpenMP version of the code
 This is the OpenMP version of the code
 This is the OpenMP version of the code
 This is the OpenMP version of the code
 This is the OpenMP version of the code
 This is the OpenMP version of the code
 This is the OpenMP version of the code
 This is the OpenMP version of the code
 This is the OpenMP version of the code
 This is the OpenMP version of the code
 This is the OpenMP version of the code
 This is the OpenMP version of the code
 This is the OpenMP version of the code
 This is the OpenMP version of the code
 This is the OpenMP version of the code
 This is the OpenMP version of the code
 This is the OpenMP version of the code
 This is the OpenMP version of the code
 This is the OpenMP version of the code
 This is the OpenMP version of the code
 This is the OpenMP version of the code
 This is the OpenMP version of the code
 This is the OpenMP version of the code
 This is the OpenMP version of the code
 This is the OpenMP version of the code
 This is the OpenMP version of the code
 This is the OpenMP version of the code
 This is the OpenMP version of the code
 This is the OpenMP version of the code
 This is the OpenMP version of the code
 This is the OpenMP version of the code
 This is the OpenMP version of the code
 This is the OpenMP version of the code
 This is the OpenMP version of the code
 This is the OpenMP version of the code
 This is the OpenMP version of the code
 This is the OpenMP version of the code
 This is the OpenMP version of the code
 This is the OpenMP version of the code
 This is the OpenMP version of the code
 This is the OpenMP version of the code
 This is the OpenMP version of the code
 This is the OpenMP version of the code
 This is the OpenMP version of the code
 This is the OpenMP version of the code
 This is the OpenMP version of the code
 This is the OpenMP version of the code
 This is the OpenMP version of the code
 This is the OpenMP version of the code
 This is the OpenMP version of the code
 This is the OpenMP version of the code
 This is the OpenMP version of the code
 This is the OpenMP version of the code
 This is the OpenMP version of the code
 This is the OpenMP version of the code
 This is the OpenMP version of the code
 This is the OpenMP version of the code
 This is the OpenMP version of the code
 This is the OpenMP version of the code
 This is the OpenMP version of the code
 This is the OpenMP version of the code
 This is the OpenMP version of the code
 This is the OpenMP version of the code
 This is the OpenMP version of the code
 This is the OpenMP version of the code
 This is the OpenMP version of the code
 This is the OpenMP version of the code
 This is the OpenMP version of the code
 This is the OpenMP version of the code
 This is the OpenMP version of the code
 This is the OpenMP version of the code
 This is the OpenMP version of the code
 This is the OpenMP version of the code
 This is the OpenMP version of the code
 This is the OpenMP version of the code
 This is the OpenMP version of the code
 This is the OpenMP version of the code
 This is the OpenMP version of the code
 This is the OpenMP version of the code
 This is the OpenMP version of the code
 This is the OpenMP version of the code
 This is the OpenMP version of the code
 This is the OpenMP version of the code
 This is the OpenMP version of the code
 This is the OpenMP version of the code
 This is the OpenMP version of the code
 This is the OpenMP version of the code
 This is the OpenMP version of the code
 This is the OpenMP version of the code
 This is the OpenMP version of the code
 This is the OpenMP version of the code
 This is the OpenMP version of the code
 This is the OpenMP version of the code
 This is the OpenMP version of the code
 This is the OpenMP version of the code
 This is the OpenMP version of the code
 This is the OpenMP version of the code
 This is the OpenMP version of the code
 This is the OpenMP version of the code

 The execution started at 22h 52min on the 11/ 5/2025

    ===========================================================
    !                                                         !
    !                        Do N O F                         !
    !                                                         !
    !  (Donostia Natural Orbital Functional Software Program) !
    !                                                         !
    !               COPYRIGHT by Mario Piris                  !
    !                                                         !
    !      Donostia International Physics Center (DIPC)       !
    !       University of the Basque Country (UPV/EHU)        !
    !       Basque Foundation for Science (IKERBASQUE)        !
    !                                                         !
    !          GNU General Public License version 3           !
    !                                                         !
    !                  VERSION: October 2025                  !
    !                                                         !
    ===========================================================

 Run Title
 ---------
  Molname                                                                        

 Basis Set
 ---------
 /home/pobleyef/DoNOFsw/basis/def2-QZVP.bas                                      

 Atom      Charge                Coordinates (Bohr)
                           x             y             z
 N           7.0        0.0000        0.0000        7.7415
 C           6.0        0.0000        0.0000        9.9001
 H           1.0        0.0000        0.0000       11.9173
 I          53.0        0.0000        0.0000        1.5834
 C           6.0        0.0000        0.0000       -2.3762
 C           6.0        0.0000        2.2743       -3.6822
 C           6.0        0.0000        2.2651       -6.3037
 C           6.0        0.0000        0.0000       -7.6201
 C           6.0        0.0000       -2.2651       -6.3037
 C           6.0        0.0000       -2.2743       -3.6822
 H           1.0        0.0000        4.0462       -2.6620
 H           1.0        0.0000        4.0430       -7.3160
 H           1.0        0.0000        0.0000       -9.6654
 H           1.0        0.0000       -4.0430       -7.3160
 H           1.0        0.0000       -4.0462       -2.6620

 Atomic Basis Set
 ----------------
 The contracted primitive functions were unnormalized
 The contracted basis functions are now normalized to unity

  Shell Type  Primitive         Exponent  Contraction Coefficient

 N         

      1   S       1         90726.8892100    0.000070982346
      1   S       2         13590.5288010    0.000551712516
      1   S       3          3092.9883781    0.002893067845
      1   S       4           875.9987636    0.012111212150
      1   S       5           285.7446998    0.042834127812
      1   S       6           103.1191342    0.129198809022
      1   S       7            40.1285568    0.318818920022
      1   S       8            16.5280957    0.590844885361

      2   S       9            69.3909610    0.094659213180
      2   S      10            20.4282006    0.925496499302

      3   S      11             7.1292588    1.000000000000

      4   S      12             3.1324305    1.000000000000

      5   S      13             0.9875578    1.000000000000

      6   S      14             0.3876572    1.000000000000

      7   S      15             0.1490988    1.000000000000

      8   P      16           150.0574267   -0.002450051156
      8   P      17            35.4915995   -0.019486267495
      8   P      18            11.2478642   -0.090355519008
      8   P      19             4.0900305   -0.299446872557
      8   P      20             1.6220573   -0.696789730227

      9   P      21             0.6644226    1.000000000000

     10   P      22             0.2709977    1.000000000000

     11   P      23             0.1068875    1.000000000000

     12   D      24             2.8370000    1.000000000000

     13   D      25             0.9680000    1.000000000000

     14   D      26             0.3350000    1.000000000000

     15   F      27             2.0270000    1.000000000000

     16   F      28             0.6850000    1.000000000000

     17   G      29             1.4270000    1.000000000000

 C         

     18   S      30         67025.0710290    0.000070988337
     18   S      31         10039.9865380    0.000551759078
     18   S      32          2284.9316911    0.002893301112
     18   S      33           647.1412213    0.012111149913
     18   S      34           211.0947234    0.042822697250
     18   S      35            76.1776439    0.129053328799
     18   S      36            29.6338392    0.318146477908
     18   S      37            12.1877851    0.591790274517

     19   S      38            53.0260063    0.091364916926
     19   S      39            15.2585028    0.928761090236

     20   S      40             5.2403957    1.000000000000

     21   S      41             2.2905022    1.000000000000

     22   S      42             0.6967328    1.000000000000

     23   S      43             0.2759934    1.000000000000

     24   S      44             0.1073988    1.000000000000

     25   P      45           105.1255508    0.002496535013
     25   P      46            24.8844611    0.019546395628
     25   P      47             7.8637231    0.088834946629
     25   P      48             2.8407002    0.294789686074
     25   P      49             1.1227137    0.702715999245

     26   P      50             0.4605073    1.000000000000

     27   P      51             0.1893753    1.000000000000

     28   P      52             0.0759838    1.000000000000

     29   D      53             1.8480000    1.000000000000

     30   D      54             0.6490000    1.000000000000

     31   D      55             0.2280000    1.000000000000

     32   F      56             1.4190000    1.000000000000

     33   F      57             0.4850000    1.000000000000

     34   G      58             1.0110000    1.000000000000

 H         

     35   S      59           190.6916900    0.005342636962
     35   S      60            28.6055320    0.041252338243
     35   S      61             6.5095943    0.210993525698
     35   S      62             1.8412455    0.812128545862

     36   S      63             0.5985373    1.000000000000

     37   S      64             0.2139762    1.000000000000

     38   S      65             0.0803163    1.000000000000

     39   P      66             2.2920000    1.000000000000

     40   P      67             0.8380000    1.000000000000

     41   P      68             0.2920000    1.000000000000

     42   D      69             2.0620000    1.000000000000

     43   D      70             0.6620000    1.000000000000

     44   F      71             1.3970000    1.000000000000

 I         

     45   S      72         16788.4000000    0.000103586804
     45   S      73          2526.6400000    0.000765531745
     45   S      74           571.9840000    0.003150554741
     45   S      75           150.4340000    0.006717983204
     45   S      76            29.5405000   -0.134384929151
     45   S      77            18.4571000    0.859255064197
     45   S      78            11.5286000   -0.890227518539
     45   S      79             7.0828900   -1.367813214298
     45   S      80             2.5040500    1.808345152379

     46   S      81            25.0586179    0.088686579218
     46   S      82            15.6219794   -0.309437052616
     46   S      83             3.3536325    1.147487780264

     47   S      84             1.3540145    1.000000000000

     48   S      85             0.6743047    1.000000000000

     49   S      86             0.3272714    1.000000000000

     50   S      87             0.1574936    1.000000000000

     51   S      88             0.0743777    1.000000000000

     52   P      89           656.2740000    0.000102263116
     52   P      90           149.2320000    0.000688871318
     52   P      91            19.0153000    0.067339699796
     52   P      92            10.7378000   -0.280108787807
     52   P      93             6.4420800   -0.004916495947
     52   P      94             3.0920300    0.577616914298
     52   P      95             1.5787400    0.569991007671

     53   P      96            15.6605119   -0.024484627992
     53   P      97             4.9250670    0.260041620414
     53   P      98             1.6692320    0.808870366710

     54   P      99             0.7781790    1.000000000000

     55   P     100             0.3560884    1.000000000000

     56   P     101             0.1549324    1.000000000000

     57   P     102             0.0646662    1.000000000000

     58   D     103           318.2240778    0.000120648927
     58   D     104            95.8102274    0.001012623893
     58   D     105            35.3222953    0.005278751941
     58   D     106            13.1074478   -0.017935310228
     58   D     107             6.2949153    0.100128211172
     58   D     108             3.6826101    0.302771472093
     58   D     109             2.0858951    0.397340741727
     58   D     110             1.1644342    0.312691340071

     59   D     111             0.6318061    1.000000000000

     60   D     112             0.3221508    1.000000000000

     61   D     113             0.1349000    1.000000000000

     62   F     114             6.4253614    1.000000000000

     63   F     115             2.1780000    1.000000000000

     64   F     116             0.5878000    1.000000000000

     65   F     117             0.2500000    1.000000000000

     66   G     118             0.4739000    1.000000000000

 C         

     67   S     119         67025.0710290    0.000070988337
     67   S     120         10039.9865380    0.000551759078
     67   S     121          2284.9316911    0.002893301112
     67   S     122           647.1412213    0.012111149913
     67   S     123           211.0947234    0.042822697250
     67   S     124            76.1776439    0.129053328799
     67   S     125            29.6338392    0.318146477908
     67   S     126            12.1877851    0.591790274517

     68   S     127            53.0260063    0.091364916926
     68   S     128            15.2585028    0.928761090236

     69   S     129             5.2403957    1.000000000000

     70   S     130             2.2905022    1.000000000000

     71   S     131             0.6967328    1.000000000000

     72   S     132             0.2759934    1.000000000000

     73   S     133             0.1073988    1.000000000000

     74   P     134           105.1255508    0.002496535013
     74   P     135            24.8844611    0.019546395628
     74   P     136             7.8637231    0.088834946629
     74   P     137             2.8407002    0.294789686074
     74   P     138             1.1227137    0.702715999245

     75   P     139             0.4605073    1.000000000000

     76   P     140             0.1893753    1.000000000000

     77   P     141             0.0759838    1.000000000000

     78   D     142             1.8480000    1.000000000000

     79   D     143             0.6490000    1.000000000000

     80   D     144             0.2280000    1.000000000000

     81   F     145             1.4190000    1.000000000000

     82   F     146             0.4850000    1.000000000000

     83   G     147             1.0110000    1.000000000000

 C         

     84   S     148         67025.0710290    0.000070988337
     84   S     149         10039.9865380    0.000551759078
     84   S     150          2284.9316911    0.002893301112
     84   S     151           647.1412213    0.012111149913
     84   S     152           211.0947234    0.042822697250
     84   S     153            76.1776439    0.129053328799
     84   S     154            29.6338392    0.318146477908
     84   S     155            12.1877851    0.591790274517

     85   S     156            53.0260063    0.091364916926
     85   S     157            15.2585028    0.928761090236

     86   S     158             5.2403957    1.000000000000

     87   S     159             2.2905022    1.000000000000

     88   S     160             0.6967328    1.000000000000

     89   S     161             0.2759934    1.000000000000

     90   S     162             0.1073988    1.000000000000

     91   P     163           105.1255508    0.002496535013
     91   P     164            24.8844611    0.019546395628
     91   P     165             7.8637231    0.088834946629
     91   P     166             2.8407002    0.294789686074
     91   P     167             1.1227137    0.702715999245

     92   P     168             0.4605073    1.000000000000

     93   P     169             0.1893753    1.000000000000

     94   P     170             0.0759838    1.000000000000

     95   D     171             1.8480000    1.000000000000

     96   D     172             0.6490000    1.000000000000

     97   D     173             0.2280000    1.000000000000

     98   F     174             1.4190000    1.000000000000

     99   F     175             0.4850000    1.000000000000

    100   G     176             1.0110000    1.000000000000

 C         

    101   S     177         67025.0710290    0.000070988337
    101   S     178         10039.9865380    0.000551759078
    101   S     179          2284.9316911    0.002893301112
    101   S     180           647.1412213    0.012111149913
    101   S     181           211.0947234    0.042822697250
    101   S     182            76.1776439    0.129053328799
    101   S     183            29.6338392    0.318146477908
    101   S     184            12.1877851    0.591790274517

    102   S     185            53.0260063    0.091364916926
    102   S     186            15.2585028    0.928761090236

    103   S     187             5.2403957    1.000000000000

    104   S     188             2.2905022    1.000000000000

    105   S     189             0.6967328    1.000000000000

    106   S     190             0.2759934    1.000000000000

    107   S     191             0.1073988    1.000000000000

    108   P     192           105.1255508    0.002496535013
    108   P     193            24.8844611    0.019546395628
    108   P     194             7.8637231    0.088834946629
    108   P     195             2.8407002    0.294789686074
    108   P     196             1.1227137    0.702715999245

    109   P     197             0.4605073    1.000000000000

    110   P     198             0.1893753    1.000000000000

    111   P     199             0.0759838    1.000000000000

    112   D     200             1.8480000    1.000000000000

    113   D     201             0.6490000    1.000000000000

    114   D     202             0.2280000    1.000000000000

    115   F     203             1.4190000    1.000000000000

    116   F     204             0.4850000    1.000000000000

    117   G     205             1.0110000    1.000000000000

 C         

    118   S     206         67025.0710290    0.000070988337
    118   S     207         10039.9865380    0.000551759078
    118   S     208          2284.9316911    0.002893301112
    118   S     209           647.1412213    0.012111149913
    118   S     210           211.0947234    0.042822697250
    118   S     211            76.1776439    0.129053328799
    118   S     212            29.6338392    0.318146477908
    118   S     213            12.1877851    0.591790274517

    119   S     214            53.0260063    0.091364916926
    119   S     215            15.2585028    0.928761090236

    120   S     216             5.2403957    1.000000000000

    121   S     217             2.2905022    1.000000000000

    122   S     218             0.6967328    1.000000000000

    123   S     219             0.2759934    1.000000000000

    124   S     220             0.1073988    1.000000000000

    125   P     221           105.1255508    0.002496535013
    125   P     222            24.8844611    0.019546395628
    125   P     223             7.8637231    0.088834946629
    125   P     224             2.8407002    0.294789686074
    125   P     225             1.1227137    0.702715999245

    126   P     226             0.4605073    1.000000000000

    127   P     227             0.1893753    1.000000000000

    128   P     228             0.0759838    1.000000000000

    129   D     229             1.8480000    1.000000000000

    130   D     230             0.6490000    1.000000000000

    131   D     231             0.2280000    1.000000000000

    132   F     232             1.4190000    1.000000000000

    133   F     233             0.4850000    1.000000000000

    134   G     234             1.0110000    1.000000000000

 C         

    135   S     235         67025.0710290    0.000070988337
    135   S     236         10039.9865380    0.000551759078
    135   S     237          2284.9316911    0.002893301112
    135   S     238           647.1412213    0.012111149913
    135   S     239           211.0947234    0.042822697250
    135   S     240            76.1776439    0.129053328799
    135   S     241            29.6338392    0.318146477908
    135   S     242            12.1877851    0.591790274517

    136   S     243            53.0260063    0.091364916926
    136   S     244            15.2585028    0.928761090236

    137   S     245             5.2403957    1.000000000000

    138   S     246             2.2905022    1.000000000000

    139   S     247             0.6967328    1.000000000000

    140   S     248             0.2759934    1.000000000000

    141   S     249             0.1073988    1.000000000000

    142   P     250           105.1255508    0.002496535013
    142   P     251            24.8844611    0.019546395628
    142   P     252             7.8637231    0.088834946629
    142   P     253             2.8407002    0.294789686074
    142   P     254             1.1227137    0.702715999245

    143   P     255             0.4605073    1.000000000000

    144   P     256             0.1893753    1.000000000000

    145   P     257             0.0759838    1.000000000000

    146   D     258             1.8480000    1.000000000000

    147   D     259             0.6490000    1.000000000000

    148   D     260             0.2280000    1.000000000000

    149   F     261             1.4190000    1.000000000000

    150   F     262             0.4850000    1.000000000000

    151   G     263             1.0110000    1.000000000000

 C         

    152   S     264         67025.0710290    0.000070988337
    152   S     265         10039.9865380    0.000551759078
    152   S     266          2284.9316911    0.002893301112
    152   S     267           647.1412213    0.012111149913
    152   S     268           211.0947234    0.042822697250
    152   S     269            76.1776439    0.129053328799
    152   S     270            29.6338392    0.318146477908
    152   S     271            12.1877851    0.591790274517

    153   S     272            53.0260063    0.091364916926
    153   S     273            15.2585028    0.928761090236

    154   S     274             5.2403957    1.000000000000

    155   S     275             2.2905022    1.000000000000

    156   S     276             0.6967328    1.000000000000

    157   S     277             0.2759934    1.000000000000

    158   S     278             0.1073988    1.000000000000

    159   P     279           105.1255508    0.002496535013
    159   P     280            24.8844611    0.019546395628
    159   P     281             7.8637231    0.088834946629
    159   P     282             2.8407002    0.294789686074
    159   P     283             1.1227137    0.702715999245

    160   P     284             0.4605073    1.000000000000

    161   P     285             0.1893753    1.000000000000

    162   P     286             0.0759838    1.000000000000

    163   D     287             1.8480000    1.000000000000

    164   D     288             0.6490000    1.000000000000

    165   D     289             0.2280000    1.000000000000

    166   F     290             1.4190000    1.000000000000

    167   F     291             0.4850000    1.000000000000

    168   G     292             1.0110000    1.000000000000

 H         

    169   S     293           190.6916900    0.005342636962
    169   S     294            28.6055320    0.041252338243
    169   S     295             6.5095943    0.210993525698
    169   S     296             1.8412455    0.812128545862

    170   S     297             0.5985373    1.000000000000

    171   S     298             0.2139762    1.000000000000

    172   S     299             0.0803163    1.000000000000

    173   P     300             2.2920000    1.000000000000

    174   P     301             0.8380000    1.000000000000

    175   P     302             0.2920000    1.000000000000

    176   D     303             2.0620000    1.000000000000

    177   D     304             0.6620000    1.000000000000

    178   F     305             1.3970000    1.000000000000

 H         

    179   S     306           190.6916900    0.005342636962
    179   S     307            28.6055320    0.041252338243
    179   S     308             6.5095943    0.210993525698
    179   S     309             1.8412455    0.812128545862

    180   S     310             0.5985373    1.000000000000

    181   S     311             0.2139762    1.000000000000

    182   S     312             0.0803163    1.000000000000

    183   P     313             2.2920000    1.000000000000

    184   P     314             0.8380000    1.000000000000

    185   P     315             0.2920000    1.000000000000

    186   D     316             2.0620000    1.000000000000

    187   D     317             0.6620000    1.000000000000

    188   F     318             1.3970000    1.000000000000

 H         

    189   S     319           190.6916900    0.005342636962
    189   S     320            28.6055320    0.041252338243
    189   S     321             6.5095943    0.210993525698
    189   S     322             1.8412455    0.812128545862

    190   S     323             0.5985373    1.000000000000

    191   S     324             0.2139762    1.000000000000

    192   S     325             0.0803163    1.000000000000

    193   P     326             2.2920000    1.000000000000

    194   P     327             0.8380000    1.000000000000

    195   P     328             0.2920000    1.000000000000

    196   D     329             2.0620000    1.000000000000

    197   D     330             0.6620000    1.000000000000

    198   F     331             1.3970000    1.000000000000

 H         

    199   S     332           190.6916900    0.005342636962
    199   S     333            28.6055320    0.041252338243
    199   S     334             6.5095943    0.210993525698
    199   S     335             1.8412455    0.812128545862

    200   S     336             0.5985373    1.000000000000

    201   S     337             0.2139762    1.000000000000

    202   S     338             0.0803163    1.000000000000

    203   P     339             2.2920000    1.000000000000

    204   P     340             0.8380000    1.000000000000

    205   P     341             0.2920000    1.000000000000

    206   D     342             2.0620000    1.000000000000

    207   D     343             0.6620000    1.000000000000

    208   F     344             1.3970000    1.000000000000

 H         

    209   S     345           190.6916900    0.005342636962
    209   S     346            28.6055320    0.041252338243
    209   S     347             6.5095943    0.210993525698
    209   S     348             1.8412455    0.812128545862

    210   S     349             0.5985373    1.000000000000

    211   S     350             0.2139762    1.000000000000

    212   S     351             0.0803163    1.000000000000

    213   P     352             2.2920000    1.000000000000

    214   P     353             0.8380000    1.000000000000

    215   P     354             0.2920000    1.000000000000

    216   D     355             2.0620000    1.000000000000

    217   D     356             0.6620000    1.000000000000

    218   F     357             1.3970000    1.000000000000

 Total Number of Basis Set Shells             =  218
 Total Number of Primitives                   =  357
 Number of Spherical Gaussian Basis Functions =  718
 Total Number of Auxiliary Basis Set Shells   =  282
 Number of Sph. Gaussian Auxiliary Set Func.  =  928
 Number of Electrons                          =  108
 Charge of Molecule                           =    0
 Spin Multiplicity                            =    1
 Number of Occupied Orbitals (Alpha)          =   54
 Number of Occupied Orbitals (Beta )          =   54
 Total Number of Atoms                        =   15

 Nuclear Energy =      701.2051009597

 Note: This calculation is using an effective core potential
 so NE and ENUC will be adjusted later after removal of the Core

 Input Run Options
 -----------------
 IRUNTYP = 1  MULT = 1  ICHARG =  0 IECP = 1  IEMOM = 1  UNITS = ANGS    

 ECP Potentials
 --------------
 Parameters for "I-ECP   " on Atom  4 with ZCORE 28 and LMAX 3 are

 for L= 3      COEFF    N           ZETA
    1      -21.84204    2       19.45861
    1      -28.46819    2       19.34926
    1       -0.24371    2        4.82377
    1       -0.32080    2        4.88431
 for L= 0      COEFF    N           ZETA
    1       49.99429    2       40.01584
    1      281.02532    2       17.42975
    1       61.57333    2        9.00548
    1       21.84204    2       19.45861
    1       28.46819    2       19.34926
    1        0.24371    2        4.82377
    1        0.32080    2        4.88431
 for L= 1      COEFF    N           ZETA
    1       67.44284    2       15.35547
    1      134.88114    2       14.97183
    1       14.67505    2        8.96016
    1       29.37567    2        8.25910
    1       21.84204    2       19.45861
    1       28.46819    2       19.34926
    1        0.24371    2        4.82377
    1        0.32080    2        4.88431
 for L= 2      COEFF    N           ZETA
    1       35.43953    2       15.06891
    1       53.17606    2       14.55532
    1        9.06719    2        6.71865
    1       13.20694    2        6.45639
    1        0.08933    2        1.19178
    1        0.05238    2        1.29116
    1       21.84204    2       19.45861
    1       28.46819    2       19.34926
    1        0.24371    2        4.82377
    1        0.32080    2        4.88431

 The ECP removes  28 core electrons and  28 protons

 Number of electrons kept in the run =   80
 Number of occupied orbitals (Alpha) =   40
 Number of occupied orbitals (Beta)  =   40

 Adjusted Nuclear Energy =      468.4929187441


 Integral Options
 ----------------
 ERITYP = RI     AUX = JKFIT   ISCHWZ = 1   CUTOFF = 1.0E-09

 Input NOF Options
 -----------------

 Natural Orbital Functional Selected:    (IPNOF)         5

 Type of calculation = ICOEF2 + ICOEF1:  (ICOEF)        21
 Use Softmax function for Occ. Opt.:     (ISOFTMAX)      1
 Type of Orb. Opt. = Orbital Rotations:  (IORBOPT)       2
 Maximum Number of Coef Outer Iter.:     (MAXIT21)       3
 Maximum Number of Occ-Coef Outer Iter.: (MAXIT)      1000

 Restart calculation Option:             (RESTART)       F
 Restart Gamma Matrix from GCF file:     (INPUTGAMMA)    1
 Coefficient Matrix from GCF file:       (INPUTC)        1
 Diagonal Elements FMIUG from GCF file:  (INPUTFMIUG)    0
 Cartesian Coordinates from GCF file:    (INPUTCXYZ)     0

 Threshold Lambda Convergence=10**(-N):  (NTHRESHL)      3
 Threshold Energy Convergence=10**(-N):  (NTHRESHE)      6
 Max. Number of Inner Coef. Iterations:  (MAXLOOP)      10
 Orthogonalize the initial Orbitals:     (ORTHO)         T

 Output Option:                          (NPRINT)        0
 Output the Coefficient Matrix:          (IWRITEC)       0
 Do a Mulliken Population Analysis:      (IMULPOP)       0
 Write Information into a WFN file:      (IAIMPAC)       1
 Write Information into a FCHK file:     (IFCHK)         1
 Write Information into a MLP file:      (MOLDEN)        1
 Create Ini. Cond. (ini.xyz) file:       (INICOND)       1
 Calculate IPs using Ext. Koopmans Theo: (IEKT)          0
 Write APSG expansion coefficient file:  (APSG)          F
 Output option for Lagrange Multipliers: (PRINTLAG)      F
 Diagonalize matrix of Lag. Multipliers: (DIAGLAG)       F

------------------------------------------------------------------------

 Orbital Space
 -------------

 Inactive Doubly occupied orbitals up to NO1  =    0
 No. considered Strongly Doubly occupied MOs  =   40
 No. considered Strongly Singly occupied MOs  =    0
 NO. of Weakly occ. per St. Doubly occ.  MOs (NCWO)   =   16
 Dimension of the Active Nat. Orb. subspace   =  680
 Secondary Empty orbitals                     =   38

 1e- integrals
 -------------
 Time to do integrals =      0.92

 2e- integrals
 -------------
 DONTW option skips storage 2e- integrals on Unit 1
 Time to do integrals =      7.57

 No violations of the orthonormality

   INITIAL VALUES
  =================

   OM     Occupation      Elag Diag

    1      1.9991877     -4.2080308
    2      1.9995801     -4.8026624
    3      1.9994429     -4.4057363
    4      1.9995711     -4.5599776
    5      1.9994651    -11.2553589
    6      1.9996728    -15.5823797
    7      1.9994455    -11.2285508
    8      1.9994462    -11.2279185
    9      1.9994672     -4.2088818
   10      1.9987335     -3.1154107
   11      1.9971019     -2.5862783
   12      1.9995539     -4.6771300
   13      1.9983076     -3.1262749
   14      1.9994458    -11.2266433
   15      1.9994464    -11.2263398
   16      1.9994462    -11.2253975
   17      1.9829615     -0.6368007
   18      1.9788738     -0.7699661
   19      1.9780922     -0.7018892
   20      1.9835643     -0.6422772
   21      1.9892737     -0.5451724
   22      1.9822802     -0.8293646
   23      1.9781278     -0.7019333
   24      1.9994786    -11.2881357
   25      1.9798004     -0.7827338
   26      1.9893658     -0.8347673
   27      1.9728572     -0.7025955
   28      1.9782556     -0.7026280
   29      1.9893479     -0.8342139
   30      1.9781240     -0.7021433
   31      1.9832909     -0.6270857
   32      1.9834375     -0.6487501
   33      1.9892475     -0.8401879
   34      1.9771183     -0.6418997
   35      1.9833245     -0.6314157
   36      1.9837409     -0.6381867
   37      1.9897025     -0.5393428
   38      1.9894741     -0.6841786
   39      1.9896961     -0.5640877
   40      1.9782843     -0.7036151
   41      0.0000082     -0.0000279
   42      0.0037473     -0.0029508
   43      0.0000821     -0.0001887
   44      0.0042562     -0.0031627
   45      0.0000030     -0.0000088
   46      0.0000027     -0.0000096
   47      0.0190530     -0.0129364
   48      0.0070791     -0.0079290
   49      0.0000262     -0.0000574
   50      0.0000024     -0.0000085
   51      0.0000082     -0.0000280
   52      0.0000089     -0.0000307
   53      0.0000741     -0.0001657
   54      0.0000439     -0.0001092
   55      0.0069336     -0.0077967
   56      0.0007503     -0.0011363
   57      0.0000000      0.0000001
   58      0.0000884     -0.0001775
   59      0.0000084     -0.0000282
   60      0.0000006     -0.0000001
   61      0.0130538     -0.0099390
   62      0.0000858     -0.0001821
   63      0.0180027     -0.0154080
   64      0.0013786     -0.0015816
   65      0.0000000     -0.0000000
   66      0.0000605     -0.0008892
   67      0.0000382     -0.0005243
   68      0.0000000      0.0000001
   69      0.0000000      0.0000001
   70      0.0000001      0.0000001
   71      0.0010365     -0.0043065
   72      0.0000000      0.0000001
   73      0.0000000      0.0000000
   74      0.0000002     -0.0000026
   75      0.0000035     -0.0002213
   76      0.0003844     -0.0076154
   77      0.0000000      0.0000001
   78      0.0000078     -0.0000866
   79      0.0000000      0.0000001
   80      0.0000000      0.0000001
   81      0.0000075     -0.0000268
   82      0.0000191     -0.0000256
   83      0.0006779     -0.0011255
   84      0.0000015     -0.0000032
   85      0.0000280     -0.0000612
   86      0.0000029     -0.0000089
   87      0.0000047     -0.0000137
   88      0.0017075     -0.0026046
   89      0.0000050     -0.0000152
   90      0.0000097     -0.0000277
   91      0.0000346     -0.0000901
   92      0.0000157     -0.0000596
   93      0.0137220     -0.0115146
   94      0.0000109     -0.0000277
   95      0.0000058     -0.0000236
   96      0.0000055     -0.0000200
   97      0.0000000     -0.0000002
   98      0.0000296     -0.0000825
   99      0.0000991     -0.0002020
  100      0.0033572     -0.0025345
  101      0.0000375     -0.0000914
  102      0.0000510     -0.0001418
  103      0.0000509     -0.0001307
  104      0.0000048     -0.0000149
  105      0.0000000      0.0000001
  106      0.0003830     -0.0075934
  107      0.0000001     -0.0000005
  108      0.0000011     -0.0000127
  109      0.0000000      0.0000001
  110      0.0014221     -0.0048927
  111      0.0000000      0.0000001
  112      0.0000000      0.0000001
  113      0.0000001     -0.0000000
  114      0.0000001      0.0000000
  115      0.0000001     -0.0000089
  116      0.0000001     -0.0000006
  117      0.0000142     -0.0001195
  118      0.0000221     -0.0001760
  119      0.0000000      0.0000001
  120      0.0000000      0.0000001
  121      0.0000500     -0.0001397
  122      0.0002048     -0.0002426
  123      0.0000103     -0.0000347
  124      0.0000309     -0.0000414
  125      0.0000037     -0.0000119
  126      0.0135321     -0.0100499
  127      0.0000228     -0.0000548
  128      0.0009731     -0.0015830
  129      0.0000025     -0.0000084
  130      0.0000034     -0.0000101
  131      0.0000896     -0.0001762
  132      0.0000096     -0.0000265
  133      0.0000086     -0.0000295
  134      0.0000072     -0.0000254
  135      0.0016883     -0.0025709
  136      0.0000089     -0.0000329
  137      0.0000002     -0.0000016
  138      0.0138192     -0.0115498
  139      0.0000102     -0.0000337
  140      0.0000002     -0.0000000
  141      0.0017366     -0.0018905
  142      0.0000073     -0.0000262
  143      0.0000099     -0.0000330
  144      0.0000100     -0.0000282
  145      0.0000000      0.0000001
  146      0.0000004     -0.0000155
  147      0.0000001     -0.0000019
  148      0.0000000      0.0000001
  149      0.0000013     -0.0000194
  150      0.0000989     -0.0005000
  151      0.0000000      0.0000001
  152      0.0000000      0.0000000
  153      0.0000607     -0.0008909
  154      0.0000000      0.0000001
  155      0.0000000      0.0000001
  156      0.0000000      0.0000001
  157      0.0000002      0.0000000
  158      0.0000000      0.0000001
  159      0.0000000      0.0000001
  160      0.0005554     -0.0031678
  161      0.0001090     -0.0002051
  162      0.0000096     -0.0000170
  163      0.0000120     -0.0000446
  164      0.0000319     -0.0000400
  165      0.0000392     -0.0000919
  166      0.0000389     -0.0000891
  167      0.0000013     -0.0000040
  168      0.0000076     -0.0000270
  169      0.0005874     -0.0008470
  170      0.0006688     -0.0008604
  171      0.0138089     -0.0115432
  172      0.0000058     -0.0000242
  173      0.0000849     -0.0001818
  174      0.0005869     -0.0008555
  175      0.0000225     -0.0000613
  176      0.0000016     -0.0000061
  177      0.0000000      0.0000001
  178      0.0033779     -0.0037993
  179      0.0000693     -0.0001747
  180      0.0001716     -0.0002089
  181      0.0000030     -0.0000095
  182      0.0000082     -0.0000279
  183      0.0000153     -0.0000418
  184      0.0000207     -0.0000493
  185      0.0003829     -0.0075931
  186      0.0000377     -0.0005176
  187      0.0000000      0.0000000
  188      0.0001116     -0.0006367
  189      0.0000000      0.0000001
  190      0.0000004     -0.0000073
  191      0.0000004     -0.0000017
  192      0.0000002     -0.0000008
  193      0.0000001     -0.0000010
  194      0.0000059     -0.0002890
  195      0.0000000     -0.0000008
  196      0.0000000      0.0000001
  197      0.0003832     -0.0024312
  198      0.0000004     -0.0000023
  199      0.0000003     -0.0000003
  200      0.0000000      0.0000001
  201      0.0000284     -0.0000807
  202      0.0033304     -0.0026013
  203      0.0002261     -0.0004240
  204      0.0002682     -0.0003050
  205      0.0000396     -0.0000905
  206      0.0007233     -0.0009050
  207      0.0000011     -0.0000037
  208      0.0000022     -0.0000076
  209      0.0000104     -0.0000293
  210      0.0000224     -0.0000644
  211      0.0000233     -0.0000688
  212      0.0000226     -0.0000615
  213      0.0033297     -0.0037705
  214      0.0000083     -0.0000273
  215      0.0000157     -0.0000595
  216      0.0000021     -0.0000080
  217      0.0000687     -0.0010160
  218      0.0001094     -0.0002072
  219      0.0024589     -0.0031348
  220      0.0000036     -0.0000064
  221      0.0000360     -0.0000802
  222      0.0000234     -0.0000692
  223      0.0004203     -0.0007003
  224      0.0000029     -0.0000099
  225      0.0000001     -0.0000018
  226      0.0000653     -0.0009547
  227      0.0000000      0.0000001
  228      0.0000000      0.0000001
  229      0.0000000      0.0000001
  230      0.0007183     -0.0024937
  231      0.0000000      0.0000001
  232      0.0000000      0.0000001
  233      0.0000003     -0.0000151
  234      0.0000003     -0.0000155
  235      0.0000251     -0.0005038
  236      0.0000500     -0.0007153
  237      0.0000000      0.0000001
  238      0.0000000      0.0000001
  239      0.0000052     -0.0000716
  240      0.0000000      0.0000001
  241      0.0017557     -0.0021771
  242      0.0000308     -0.0000399
  243      0.0000099     -0.0000368
  244      0.0000001      0.0000000
  245      0.0000104     -0.0000288
  246      0.0016660     -0.0017930
  247      0.0000323     -0.0000758
  248      0.0001054     -0.0002346
  249      0.0000029     -0.0000110
  250      0.0005361     -0.0007358
  251      0.0022945     -0.0026494
  252      0.0016816     -0.0025651
  253      0.0017678     -0.0021853
  254      0.0000042     -0.0000147
  255      0.0010093     -0.0016188
  256      0.0000026     -0.0000092
  257      0.0003828     -0.0076044
  258      0.0000871     -0.0001805
  259      0.0106743     -0.0102312
  260      0.0002403     -0.0002787
  261      0.0000023     -0.0000082
  262      0.0033839     -0.0038020
  263      0.0000049     -0.0000182
  264      0.0000258     -0.0000551
  265      0.0000001     -0.0000012
  266      0.0000001     -0.0000005
  267      0.0000059     -0.0002887
  268      0.0000000      0.0000001
  269      0.0000000      0.0000001
  270      0.0000001      0.0000001
  271      0.0000000      0.0000001
  272      0.0000000      0.0000001
  273      0.0000380     -0.0005220
  274      0.0000000     -0.0000000
  275      0.0000000      0.0000001
  276      0.0000000     -0.0000004
  277      0.0000000      0.0000001
  278      0.0000000      0.0000001
  279      0.0000000      0.0000001
  280      0.0002386     -0.0013552
  281      0.0000231     -0.0000689
  282      0.0002668     -0.0003087
  283      0.0002242     -0.0004217
  284      0.0003301     -0.0003624
  285      0.0131638     -0.0099399
  286      0.0000037     -0.0000116
  287      0.0000831     -0.0001368
  288      0.0000307     -0.0001048
  289      0.0000245     -0.0000706
  290      0.0000398     -0.0000900
  291      0.0034062     -0.0038173
  292      0.0010239     -0.0016384
  293      0.0001106     -0.0002093
  294      0.0000480     -0.0001247
  295      0.0001068     -0.0002333
  296      0.0000107     -0.0000363
  297      0.0000318     -0.0004365
  298      0.0000232     -0.0000687
  299      0.0001466     -0.0002639
  300      0.0000118     -0.0000189
  301      0.0000049     -0.0000155
  302      0.0138211     -0.0115504
  303      0.0000363     -0.0001021
  304      0.0000035     -0.0000114
  305      0.0000002     -0.0000032
  306      0.0000000      0.0000000
  307      0.0000653     -0.0009546
  308      0.0000000      0.0000000
  309      0.0000000      0.0000001
  310      0.0006518     -0.0022592
  311      0.0002271     -0.0011091
  312      0.0000000      0.0000001
  313      0.0000001     -0.0000012
  314      0.0000607     -0.0008916
  315      0.0000000     -0.0000008
  316      0.0000595     -0.0008728
  317      0.0000000      0.0000001
  318      0.0000000      0.0000001
  319      0.0000000      0.0000001
  320      0.0000000      0.0000000
  321      0.0137199     -0.0115187
  322      0.0024747     -0.0020140
  323      0.0000075     -0.0000306
  324      0.0000001     -0.0000000
  325      0.0000048     -0.0000144
  326      0.0000228     -0.0000653
  327      0.0000025     -0.0000074
  328      0.0000501     -0.0001458
  329      0.0000026     -0.0000080
  330      0.0013557     -0.0015379
  331      0.0017334     -0.0021470
  332      0.0000057     -0.0000223
  333      0.0000233     -0.0000693
  334      0.0000013     -0.0000044
  335      0.0000095     -0.0000265
  336      0.0000050     -0.0000188
  337      0.0000060     -0.0002877
  338      0.0000085     -0.0000294
  339      0.0000318     -0.0000864
  340      0.0000170     -0.0000242
  341      0.0000068     -0.0000162
  342      0.0000756     -0.0001672
  343      0.0017944     -0.0022371
  344      0.0005695     -0.0008117
  345      0.0000001     -0.0000013
  346      0.0000000     -0.0000000
  347      0.0000002     -0.0000034
  348      0.0000000      0.0000001
  349      0.0000000      0.0000001
  350      0.0000001      0.0000000
  351      0.0000000      0.0000001
  352      0.0000000      0.0000001
  353      0.0000649     -0.0009485
  354      0.0000001     -0.0000005
  355      0.0000001     -0.0000014
  356      0.0000001     -0.0000020
  357      0.0000000      0.0000001
  358      0.0005264     -0.0031035
  359      0.0004139     -0.0026706
  360      0.0000031     -0.0000428
  361      0.0033094     -0.0037566
  362      0.0000007     -0.0000012
  363      0.0072729     -0.0074240
  364      0.0000047     -0.0000081
  365      0.0000027     -0.0000102
  366      0.0000395     -0.0000904
  367      0.0011338     -0.0013735
  368      0.0000157     -0.0000603
  369      0.0000310     -0.0000677
  370      0.0000398     -0.0000907
  371      0.0001095     -0.0002072
  372      0.0000055     -0.0000176
  373      0.0000073     -0.0000265
  374      0.0000383     -0.0000975
  375      0.0001058     -0.0002379
  376      0.0000031     -0.0000108
  377      0.0000000      0.0000000
  378      0.0017343     -0.0021475
  379      0.0019644     -0.0025138
  380      0.0000015     -0.0000019
  381      0.0000096     -0.0000275
  382      0.0001074     -0.0002025
  383      0.0007141     -0.0010795
  384      0.0007907     -0.0009746
  385      0.0000657     -0.0009607
  386      0.0000001     -0.0000011
  387      0.0000003     -0.0000158
  388      0.0011073     -0.0046110
  389      0.0000001      0.0000000
  390      0.0000001      0.0000001
  391      0.0000000      0.0000001
  392      0.0000001      0.0000000
  393      0.0000000      0.0000000
  394      0.0000001     -0.0000016
  395      0.0002566     -0.0071377
  396      0.0000343     -0.0004705
  397      0.0000000      0.0000001
  398      0.0000000      0.0000001
  399      0.0000000      0.0000001
  400      0.0000000      0.0000001
  401      0.0000347     -0.0000906
  402      0.0000003     -0.0000001
  403      0.0009151     -0.0014048
  404      0.0000001      0.0000000
  405      0.0016292     -0.0017889
  406      0.0005624     -0.0007848
  407      0.0000040     -0.0000100
  408      0.0000083     -0.0000239
  409      0.0008283     -0.0010251
  410      0.0000038     -0.0000115
  411      0.0000759     -0.0001677
  412      0.0000313     -0.0001067
  413      0.0000346     -0.0000903
  414      0.0000016     -0.0000052
  415      0.0000030     -0.0000097
  416      0.0004464     -0.0007467
  417      0.0000000      0.0000000
  418      0.0000349     -0.0000906
  419      0.0001463     -0.0002637
  420      0.0023385     -0.0018684
  421      0.0000298     -0.0000625
  422      0.0000895     -0.0001756
  423      0.0000548     -0.0001482
  424      0.0000027     -0.0000087
  425      0.0000376     -0.0005176
  426      0.0000060     -0.0002881
  427      0.0000000      0.0000000
  428      0.0000000      0.0000001
  429      0.0000000      0.0000001
  430      0.0000001      0.0000000
  431      0.0000000      0.0000001
  432      0.0000054     -0.0000657
  433      0.0000001     -0.0000016
  434      0.0000002     -0.0000028
  435      0.0000000      0.0000001
  436      0.0000059     -0.0002914
  437      0.0000000      0.0000001
  438      0.0000000      0.0000001
  439      0.0000000      0.0000001
  440      0.0000000      0.0000001
  441      0.0000911     -0.0001780
  442      0.0001561     -0.0001922
  443      0.0009144     -0.0014038
  444      0.0001625     -0.0002035
  445      0.0000033     -0.0000110
  446      0.0000043     -0.0000140
  447      0.0000017     -0.0000047
  448      0.0000048     -0.0000150
  449      0.0134768     -0.0102516
  450      0.0000290     -0.0000603
  451      0.0001087     -0.0002041
  452      0.0000511     -0.0001475
  453      0.0022990     -0.0026589
  454      0.0004036     -0.0006136
  455      0.0000505     -0.0001461
  456      0.0000518     -0.0001342
  457      0.0000001     -0.0000007
  458      0.0023095     -0.0026605
  459      0.0000102     -0.0000338
  460      0.0000300     -0.0000374
  461      0.0000384     -0.0000876
  462      0.0000085     -0.0000294
  463      0.0000033     -0.0000110
  464      0.0000386     -0.0000885
  465      0.0000000      0.0000001
  466      0.0000000      0.0000000
  467      0.0000001     -0.0000013
  468      0.0004719     -0.0019704
  469      0.0000000      0.0000001
  470      0.0000001      0.0000001
  471      0.0000000      0.0000001
  472      0.0005268     -0.0030753
  473      0.0000060     -0.0002882
  474      0.0003835     -0.0076002
  475      0.0000001     -0.0000021
  476      0.0000000      0.0000001
  477      0.0000000      0.0000001
  478      0.0000000      0.0000001
  479      0.0000000      0.0000001
  480      0.0000149     -0.0001265
  481      0.0001095     -0.0002078
  482      0.0000006     -0.0000001
  483      0.0000088     -0.0000335
  484      0.0000233     -0.0000285
  485      0.0000233     -0.0000672
  486      0.0000325     -0.0000685
  487      0.0000370     -0.0000796
  488      0.0000211     -0.0000583
  489      0.0000050     -0.0000147
  490      0.0139646     -0.0102368
  491      0.0000865     -0.0001829
  492      0.0001079     -0.0002412
  493      0.0000897     -0.0001770
  494      0.0018983     -0.0021090
  495      0.0000311     -0.0001060
  496      0.0000360     -0.0001029
  497      0.0000000      0.0000000
  498      0.0000756     -0.0001672
  499      0.0001002     -0.0002032
  500      0.0000005      0.0000001
  501      0.0000036     -0.0000120
  502      0.0000351     -0.0000911
  503      0.0000015     -0.0000057
  504      0.0000236     -0.0000669
  505      0.0000003     -0.0000152
  506      0.0000002     -0.0000046
  507      0.0000000      0.0000001
  508      0.0000000      0.0000001
  509      0.0004361     -0.0027505
  510      0.0000001      0.0000001
  511      0.0000000      0.0000001
  512      0.0000000      0.0000001
  513      0.0000000      0.0000000
  514      0.0000649     -0.0009481
  515      0.0000000      0.0000001
  516      0.0000000      0.0000001
  517      0.0000000      0.0000001
  518      0.0000000      0.0000001
  519      0.0000000     -0.0000000
  520      0.0000000      0.0000001
  521      0.0023022     -0.0026634
  522      0.0000387     -0.0000548
  523      0.0000589     -0.0001679
  524      0.0000001      0.0000000
  525      0.0000329     -0.0000712
  526      0.0000268     -0.0000603
  527      0.0009539     -0.0011239
  528      0.0000058     -0.0000226
  529      0.0014770     -0.0017015
  530      0.0000027     -0.0000088
  531      0.0000074     -0.0000264
  532      0.0069346     -0.0078039
  533      0.0001056     -0.0002002
  534      0.0000029     -0.0000082
  535      0.0000055     -0.0000180
  536      0.0000556     -0.0001510
  537      0.0000003     -0.0000155
  538      0.0001083     -0.0002034
  539      0.0018869     -0.0024352
  540      0.0003476     -0.0003771
  541      0.0008556     -0.0010377
  542      0.0017553     -0.0021660
  543      0.0000088     -0.0000325
  544      0.0000021     -0.0000068
  545      0.0000606     -0.0008897
  546      0.0000000      0.0000001
  547      0.0000001     -0.0000012
  548      0.0000000      0.0000001
  549      0.0000000      0.0000001
  550      0.0000060     -0.0000458
  551      0.0000000      0.0000001
  552      0.0000000      0.0000001
  553      0.0003832     -0.0075961
  554      0.0000000      0.0000000
  555      0.0000001     -0.0000016
  556      0.0000003     -0.0000154
  557      0.0000000      0.0000001
  558      0.0000000      0.0000001
  559      0.0000000      0.0000001
  560      0.0000000      0.0000001
  561      0.0000835     -0.0001803
  562      0.0000005      0.0000000
  563      0.0000807     -0.0001865
  564      0.0021686     -0.0017723
  565      0.0000026     -0.0000087
  566      0.0000023     -0.0000086
  567      0.0000020     -0.0000058
  568      0.0006313     -0.0011863
  569      0.0000412     -0.0000980
  570      0.0000043     -0.0000133
  571      0.0000298     -0.0000828
  572      0.0006386     -0.0011853
  573      0.0000081     -0.0000278
  574      0.0000037     -0.0000142
  575      0.0006322     -0.0011770
  576      0.0170259     -0.0149538
  577      0.0000001     -0.0000019
  578      0.0000508     -0.0001414
  579      0.0000254     -0.0000826
  580      0.0000001     -0.0000000
  581      0.0000235     -0.0000679
  582      0.0000296     -0.0000824
  583      0.0000020     -0.0000079
  584      0.0000032     -0.0000104
  585      0.0000059     -0.0002885
  586      0.0000001     -0.0000011
  587      0.0003831     -0.0075947
  588      0.0000000      0.0000001
  589      0.0000000      0.0000001
  590      0.0000001      0.0000001
  591      0.0000022     -0.0000251
  592      0.0000000      0.0000001
  593      0.0000002     -0.0000047
  594      0.0000000      0.0000001
  595      0.0000000      0.0000001
  596      0.0000001     -0.0000007
  597      0.0000279     -0.0002152
  598      0.0000000      0.0000001
  599      0.0000002     -0.0000001
  600      0.0000001      0.0000000
  601      0.0000750     -0.0001670
  602      0.0000172     -0.0000240
  603      0.0000117     -0.0000439
  604      0.0030188     -0.0022929
  605      0.0007093     -0.0009068
  606      0.0000096     -0.0000272
  607      0.0000699     -0.0001197
  608      0.0001036     -0.0002304
  609      0.0000035     -0.0000116
  610      0.0000035     -0.0000102
  611      0.0000085     -0.0000294
  612      0.0001063     -0.0002327
  613      0.0000292     -0.0000821
  614      0.0240819     -0.0179215
  615      0.0000088     -0.0000304
  616      0.0000121     -0.0000367
  617      0.0000001     -0.0000003
  618      0.0000081     -0.0000279
  619      0.0000583     -0.0001514
  620      0.0000436     -0.0000588
  621      0.0000028     -0.0000103
  622      0.0001103     -0.0002086
  623      0.0000021     -0.0000083
  624      0.0000414     -0.0000960
  625      0.0000000      0.0000000
  626      0.0000000      0.0000000
  627      0.0000000     -0.0000000
  628      0.0000000      0.0000001
  629      0.0000000      0.0000001
  630      0.0000001      0.0000001
  631      0.0000000      0.0000001
  632      0.0000000      0.0000001
  633      0.0000001     -0.0000005
  634      0.0000384     -0.0005275
  635      0.0000208     -0.0003919
  636      0.0000000      0.0000001
  637      0.0000031     -0.0000420
  638      0.0000001      0.0000000
  639      0.0000000      0.0000001
  640      0.0000000      0.0000001
  641      0.0000085     -0.0000294
  642      0.0000062     -0.0000097
  643      0.0000133     -0.0000463
  644      0.0000002     -0.0000000
  645      0.0005634     -0.0007919
  646      0.0000057     -0.0000140
  647      0.0014787     -0.0015621
  648      0.0000061     -0.0000256
  649      0.0000381     -0.0000910
  650      0.0000230     -0.0000538
  651      0.0000513     -0.0001425
  652      0.0000029     -0.0000095
  653      0.0000498     -0.0001395
  654      0.0000019     -0.0000071
  655      0.0000057     -0.0000225
  656      0.0017819     -0.0022658
  657      0.0000311     -0.0004274
  658      0.0000073     -0.0000263
  659      0.0000294     -0.0000849
  660      0.0041624     -0.0031837
  661      0.0005915     -0.0008425
  662      0.0023159     -0.0026638
  663      0.0000048     -0.0000183
  664      0.0141205     -0.0104473
  665      0.0000000     -0.0000005
  666      0.0000002     -0.0000024
  667      0.0000606     -0.0008897
  668      0.0000000      0.0000001
  669      0.0000082     -0.0000783
  670      0.0000001      0.0000000
  671      0.0000000      0.0000001
  672      0.0000000      0.0000001
  673      0.0000000      0.0000001
  674      0.0000001     -0.0000012
  675      0.0000206     -0.0003890
  676      0.0000000     -0.0000004
  677      0.0000000      0.0000001
  678      0.0000000      0.0000001
  679      0.0000000      0.0000001
  680      0.0000000      0.0000001

   RO Sum (  80) =   80.00

  ---------------
   Dipole Moment
  ---------------

      2.5855 Debye [   1.0172  (  -0.0007,  -0.0172,   1.0171) ]


  RESULTS OF OCCUPATION-COEFFICIENT OPTIMIZATION
 ================================================

  Ex It  Occ Time  Orb Time  Orb It   Electronic Energy     Total Energy   Energy Convergency    Max Mul-Lag Diff

    1    1.5E+01   4.7E+01       0   -1088.9433182817     -620.4503995376     0.0000000000           0.000994

   OM     Occupation      Elag Diag

    1      1.9996728    -15.5823797
    2      1.9995801     -4.8026624
    3      1.9995711     -4.5599776
    4      1.9995539     -4.6771300
    5      1.9994786    -11.2881357
    6      1.9994672     -4.2088818
    7      1.9994651    -11.2553589
    8      1.9994464    -11.2263398
    9      1.9994462    -11.2279185
   10      1.9994462    -11.2253975
   11      1.9994458    -11.2266433
   12      1.9994455    -11.2285508
   13      1.9994429     -4.4057363
   14      1.9991877     -4.2080308
   15      1.9987335     -3.1154107
   16      1.9983076     -3.1262749
   17      1.9971019     -2.5862783
   18      1.9897025     -0.5393428
   19      1.9896961     -0.5640877
   20      1.9894741     -0.6841786
   21      1.9893658     -0.8347673
   22      1.9893479     -0.8342139
   23      1.9892737     -0.5451724
   24      1.9892475     -0.8401879
   25      1.9837409     -0.6381867
   26      1.9835643     -0.6422772
   27      1.9834375     -0.6487501
   28      1.9833245     -0.6314157
   29      1.9832909     -0.6270857
   30      1.9829615     -0.6368007
   31      1.9822802     -0.8293646
   32      1.9798004     -0.7827338
   33      1.9788738     -0.7699661
   34      1.9782843     -0.7036151
   35      1.9782556     -0.7026280
   36      1.9781278     -0.7019333
   37      1.9781240     -0.7021433
   38      1.9780922     -0.7018892
   39      1.9771183     -0.6418997
   40      1.9728572     -0.7025955
   41      0.0000439     -0.0001092
   42      0.0190530     -0.0129364
   43      0.0000858     -0.0001821
   44      0.0000082     -0.0000280
   45      0.0000884     -0.0001775
   46      0.0000741     -0.0001657
   47      0.0000082     -0.0000279
   48      0.0180027     -0.0154080
   49      0.0007503     -0.0011363
   50      0.0000084     -0.0000282
   51      0.0013786     -0.0015816
   52      0.0000024     -0.0000085
   53      0.0000027     -0.0000096
   54      0.0000262     -0.0000574
   55      0.0130538     -0.0099390
   56      0.0000030     -0.0000088
   57      0.0070791     -0.0079290
   58      0.0000006     -0.0000001
   59      0.0000089     -0.0000307
   60      0.0069336     -0.0077967
   61      0.0000821     -0.0001887
   62      0.0037473     -0.0029508
   63      0.0042562     -0.0031627
   64      0.0000001      0.0000001
   65      0.0000000      0.0000001
   66      0.0010365     -0.0043065
   67      0.0000000      0.0000001
   68      0.0000078     -0.0000866
   69      0.0000002     -0.0000026
   70      0.0000382     -0.0005243
   71      0.0000000     -0.0000000
   72      0.0000000      0.0000000
   73      0.0000605     -0.0008892
   74      0.0003844     -0.0076154
   75      0.0000000      0.0000001
   76      0.0000000      0.0000001
   77      0.0000000      0.0000001
   78      0.0000000      0.0000001
   79      0.0000000      0.0000001
   80      0.0000035     -0.0002213
   81      0.0000109     -0.0000277
   82      0.0000047     -0.0000137
   83      0.0000510     -0.0001418
   84      0.0000346     -0.0000901
   85      0.0000296     -0.0000825
   86      0.0137220     -0.0115146
   87      0.0000075     -0.0000268
   88      0.0000509     -0.0001307
   89      0.0000055     -0.0000200
   90      0.0000991     -0.0002020
   91      0.0000048     -0.0000149
   92      0.0000097     -0.0000277
   93      0.0000029     -0.0000089
   94      0.0000050     -0.0000152
   95      0.0000375     -0.0000914
   96      0.0000280     -0.0000612
   97      0.0017075     -0.0026046
   98      0.0033572     -0.0025345
   99      0.0000157     -0.0000596
  100      0.0000058     -0.0000236
  101      0.0006779     -0.0011255
  102      0.0000191     -0.0000256
  103      0.0000015     -0.0000032
  104      0.0014221     -0.0048927
  105      0.0000011     -0.0000127
  106      0.0000000      0.0000001
  107      0.0000000      0.0000001
  108      0.0000221     -0.0001760
  109      0.0000001      0.0000000
  110      0.0000001     -0.0000005
  111      0.0000000      0.0000001
  112      0.0000001     -0.0000000
  113      0.0003830     -0.0075934
  114      0.0000001     -0.0000006
  115      0.0000000      0.0000001
  116      0.0000000     -0.0000002
  117      0.0000000      0.0000001
  118      0.0000142     -0.0001195
  119      0.0000000      0.0000001
  120      0.0000001     -0.0000089
  121      0.0000072     -0.0000254
  122      0.0000228     -0.0000548
  123      0.0000073     -0.0000262
  124      0.0000896     -0.0001762
  125      0.0138192     -0.0115498
  126      0.0000086     -0.0000295
  127      0.0000500     -0.0001397
  128      0.0000099     -0.0000330
  129      0.0000089     -0.0000329
  130      0.0000102     -0.0000337
  131      0.0000100     -0.0000282
  132      0.0000034     -0.0000101
  133      0.0135321     -0.0100499
  134      0.0000025     -0.0000084
  135      0.0017366     -0.0018905
  136      0.0000037     -0.0000119
  137      0.0009731     -0.0015830
  138      0.0000002     -0.0000000
  139      0.0000096     -0.0000265
  140      0.0016883     -0.0025709
  141      0.0000103     -0.0000347
  142      0.0002048     -0.0002426
  143      0.0000309     -0.0000414
  144      0.0000989     -0.0005000
  145      0.0000000      0.0000001
  146      0.0000000      0.0000001
  147      0.0005554     -0.0031678
  148      0.0000000      0.0000001
  149      0.0000000      0.0000001
  150      0.0000001     -0.0000019
  151      0.0000000      0.0000001
  152      0.0000607     -0.0008909
  153      0.0000004     -0.0000155
  154      0.0000000      0.0000001
  155      0.0000000      0.0000000
  156      0.0000002     -0.0000016
  157      0.0000013     -0.0000194
  158      0.0000002      0.0000000
  159      0.0000000      0.0000001
  160      0.0000000      0.0000001
  161      0.0005869     -0.0008555
  162      0.0000013     -0.0000040
  163      0.0000082     -0.0000279
  164      0.0138089     -0.0115432
  165      0.0033779     -0.0037993
  166      0.0000849     -0.0001818
  167      0.0001090     -0.0002051
  168      0.0000153     -0.0000418
  169      0.0000016     -0.0000061
  170      0.0000693     -0.0001747
  171      0.0000207     -0.0000493
  172      0.0006688     -0.0008604
  173      0.0000389     -0.0000891
  174      0.0005874     -0.0008470
  175      0.0000030     -0.0000095
  176      0.0000392     -0.0000919
  177      0.0000076     -0.0000270
  178      0.0001716     -0.0002089
  179      0.0000058     -0.0000242
  180      0.0000225     -0.0000613
  181      0.0000120     -0.0000446
  182      0.0000096     -0.0000170
  183      0.0000319     -0.0000400
  184      0.0000004     -0.0000073
  185      0.0001116     -0.0006367
  186      0.0000004     -0.0000017
  187      0.0000000      0.0000001
  188      0.0000004     -0.0000023
  189      0.0000059     -0.0002890
  190      0.0000000      0.0000000
  191      0.0003829     -0.0075931
  192      0.0000001     -0.0000010
  193      0.0000377     -0.0005176
  194      0.0000000      0.0000001
  195      0.0000002     -0.0000008
  196      0.0000000      0.0000001
  197      0.0000000      0.0000001
  198      0.0003832     -0.0024312
  199      0.0000003     -0.0000003
  200      0.0000000     -0.0000008
  201      0.0000083     -0.0000273
  202      0.0000011     -0.0000037
  203      0.0000234     -0.0000692
  204      0.0000233     -0.0000688
  205      0.0001094     -0.0002072
  206      0.0033297     -0.0037705
  207      0.0000284     -0.0000807
  208      0.0004203     -0.0007003
  209      0.0000021     -0.0000080
  210      0.0024589     -0.0031348
  211      0.0000029     -0.0000099
  212      0.0000224     -0.0000644
  213      0.0007233     -0.0009050
  214      0.0000104     -0.0000293
  215      0.0000360     -0.0000802
  216      0.0000396     -0.0000905
  217      0.0000022     -0.0000076
  218      0.0000036     -0.0000064
  219      0.0000226     -0.0000615
  220      0.0000157     -0.0000595
  221      0.0002261     -0.0004240
  222      0.0033304     -0.0026013
  223      0.0002682     -0.0003050
  224      0.0007183     -0.0024937
  225      0.0000000      0.0000001
  226      0.0000000      0.0000001
  227      0.0000000      0.0000001
  228      0.0000000      0.0000001
  229      0.0000003     -0.0000155
  230      0.0000000      0.0000001
  231      0.0000001     -0.0000018
  232      0.0000003     -0.0000151
  233      0.0000653     -0.0009547
  234      0.0000500     -0.0007153
  235      0.0000000      0.0000001
  236      0.0000687     -0.0010160
  237      0.0000000      0.0000001
  238      0.0000000      0.0000001
  239      0.0000052     -0.0000716
  240      0.0000251     -0.0005038
  241      0.0000042     -0.0000147
  242      0.0000323     -0.0000758
  243      0.0033839     -0.0038020
  244      0.0022945     -0.0026494
  245      0.0000871     -0.0001805
  246      0.0017678     -0.0021853
  247      0.0017557     -0.0021771
  248      0.0000049     -0.0000182
  249      0.0000026     -0.0000092
  250      0.0106743     -0.0102312
  251      0.0000258     -0.0000551
  252      0.0005361     -0.0007358
  253      0.0016660     -0.0017930
  254      0.0000029     -0.0000110
  255      0.0000023     -0.0000082
  256      0.0000104     -0.0000288
  257      0.0001054     -0.0002346
  258      0.0002403     -0.0002787
  259      0.0016816     -0.0025651
  260      0.0010093     -0.0016188
  261      0.0000099     -0.0000368
  262      0.0000308     -0.0000399
  263      0.0000001      0.0000000
  264      0.0000001      0.0000001
  265      0.0000000      0.0000001
  266      0.0000000      0.0000001
  267      0.0002386     -0.0013552
  268      0.0000000      0.0000001
  269      0.0000000     -0.0000000
  270      0.0000059     -0.0002887
  271      0.0000001     -0.0000012
  272      0.0000380     -0.0005220
  273      0.0000001     -0.0000005
  274      0.0000000     -0.0000004
  275      0.0000000      0.0000001
  276      0.0003828     -0.0076044
  277      0.0000000      0.0000001
  278      0.0000000      0.0000001
  279      0.0000000      0.0000001
  280      0.0000000      0.0000001
  281      0.0000480     -0.0001247
  282      0.0000831     -0.0001368
  283      0.0138211     -0.0115504
  284      0.0034062     -0.0038173
  285      0.0000232     -0.0000687
  286      0.0001106     -0.0002093
  287      0.0000231     -0.0000689
  288      0.0000363     -0.0001021
  289      0.0000107     -0.0000363
  290      0.0001466     -0.0002639
  291      0.0000035     -0.0000114
  292      0.0000398     -0.0000900
  293      0.0000037     -0.0000116
  294      0.0000245     -0.0000706
  295      0.0000049     -0.0000155
  296      0.0131638     -0.0099399
  297      0.0000307     -0.0001048
  298      0.0000118     -0.0000189
  299      0.0010239     -0.0016384
  300      0.0001068     -0.0002333
  301      0.0002242     -0.0004217
  302      0.0002668     -0.0003087
  303      0.0003301     -0.0003624
  304      0.0006518     -0.0022592
  305      0.0000000      0.0000000
  306      0.0002271     -0.0011091
  307      0.0000000      0.0000000
  308      0.0000000      0.0000001
  309      0.0000607     -0.0008916
  310      0.0000653     -0.0009546
  311      0.0000002     -0.0000032
  312      0.0000001     -0.0000012
  313      0.0000000      0.0000000
  314      0.0000595     -0.0008728
  315      0.0000000      0.0000001
  316      0.0000318     -0.0004365
  317      0.0000000      0.0000001
  318      0.0000000      0.0000001
  319      0.0000000      0.0000001
  320      0.0000000     -0.0000008
  321      0.0000013     -0.0000044
  322      0.0000025     -0.0000074
  323      0.0000756     -0.0001672
  324      0.0017334     -0.0021470
  325      0.0000085     -0.0000294
  326      0.0000233     -0.0000693
  327      0.0137199     -0.0115187
  328      0.0017944     -0.0022371
  329      0.0000050     -0.0000188
  330      0.0000318     -0.0000864
  331      0.0005695     -0.0008117
  332      0.0013557     -0.0015379
  333      0.0000228     -0.0000653
  334      0.0000026     -0.0000080
  335      0.0000068     -0.0000162
  336      0.0000048     -0.0000144
  337      0.0000501     -0.0001458
  338      0.0000170     -0.0000242
  339      0.0000057     -0.0000223
  340      0.0000095     -0.0000265
  341      0.0000075     -0.0000306
  342      0.0024747     -0.0020140
  343      0.0000001     -0.0000000
  344      0.0000001      0.0000000
  345      0.0000000      0.0000001
  346      0.0000000      0.0000001
  347      0.0000031     -0.0000428
  348      0.0005264     -0.0031035
  349      0.0000001     -0.0000005
  350      0.0000002     -0.0000034
  351      0.0000001     -0.0000013
  352      0.0000649     -0.0009485
  353      0.0000000     -0.0000000
  354      0.0000001     -0.0000020
  355      0.0000000      0.0000001
  356      0.0000060     -0.0002877
  357      0.0000000      0.0000001
  358      0.0000000      0.0000001
  359      0.0004139     -0.0026706
  360      0.0000001     -0.0000014
  361      0.0000383     -0.0000975
  362      0.0011338     -0.0013735
  363      0.0001074     -0.0002025
  364      0.0001095     -0.0002072
  365      0.0017343     -0.0021475
  366      0.0000073     -0.0000265
  367      0.0033094     -0.0037566
  368      0.0007141     -0.0010795
  369      0.0000031     -0.0000108
  370      0.0019644     -0.0025138
  371      0.0007907     -0.0009746
  372      0.0000398     -0.0000907
  373      0.0000395     -0.0000904
  374      0.0000310     -0.0000677
  375      0.0000096     -0.0000275
  376      0.0000027     -0.0000102
  377      0.0000157     -0.0000603
  378      0.0000015     -0.0000019
  379      0.0000055     -0.0000176
  380      0.0001058     -0.0002379
  381      0.0072729     -0.0074240
  382      0.0000007     -0.0000012
  383      0.0000047     -0.0000081
  384      0.0000001      0.0000001
  385      0.0011073     -0.0046110
  386      0.0000000      0.0000001
  387      0.0000000      0.0000001
  388      0.0000000      0.0000001
  389      0.0000001     -0.0000016
  390      0.0000003     -0.0000158
  391      0.0000657     -0.0009607
  392      0.0000000      0.0000000
  393      0.0000001     -0.0000011
  394      0.0000343     -0.0004705
  395      0.0000001      0.0000000
  396      0.0000000      0.0000000
  397      0.0000001      0.0000000
  398      0.0000000      0.0000001
  399      0.0000000      0.0000001
  400      0.0002566     -0.0071377
  401      0.0000016     -0.0000052
  402      0.0000040     -0.0000100
  403      0.0000895     -0.0001756
  404      0.0000759     -0.0001677
  405      0.0000349     -0.0000906
  406      0.0000346     -0.0000903
  407      0.0000347     -0.0000906
  408      0.0000548     -0.0001482
  409      0.0004464     -0.0007467
  410      0.0001463     -0.0002637
  411      0.0000027     -0.0000087
  412      0.0000038     -0.0000115
  413      0.0005624     -0.0007848
  414      0.0008283     -0.0010251
  415      0.0000298     -0.0000625
  416      0.0016292     -0.0017889
  417      0.0000083     -0.0000239
  418      0.0023385     -0.0018684
  419      0.0000313     -0.0001067
  420      0.0000030     -0.0000097
  421      0.0009151     -0.0014048
  422      0.0000003     -0.0000001
  423      0.0000001      0.0000000
  424      0.0000001      0.0000000
  425      0.0000000      0.0000001
  426      0.0000000      0.0000001
  427      0.0000000      0.0000001
  428      0.0000000      0.0000001
  429      0.0000002     -0.0000028
  430      0.0000000      0.0000000
  431      0.0000376     -0.0005176
  432      0.0000001     -0.0000016
  433      0.0000060     -0.0002881
  434      0.0000059     -0.0002914
  435      0.0000054     -0.0000657
  436      0.0000000      0.0000000
  437      0.0000000      0.0000001
  438      0.0000000      0.0000001
  439      0.0000000      0.0000001
  440      0.0000000      0.0000001
  441      0.0004036     -0.0006136
  442      0.0000017     -0.0000047
  443      0.0000085     -0.0000294
  444      0.0001087     -0.0002041
  445      0.0023095     -0.0026605
  446      0.0022990     -0.0026589
  447      0.0000911     -0.0001780
  448      0.0000033     -0.0000110
  449      0.0000518     -0.0001342
  450      0.0000102     -0.0000338
  451      0.0000386     -0.0000885
  452      0.0000290     -0.0000603
  453      0.0000043     -0.0000140
  454      0.0134768     -0.0102516
  455      0.0000384     -0.0000876
  456      0.0000033     -0.0000110
  457      0.0000048     -0.0000150
  458      0.0000300     -0.0000374
  459      0.0000511     -0.0001475
  460      0.0000505     -0.0001461
  461      0.0009144     -0.0014038
  462      0.0001561     -0.0001922
  463      0.0001625     -0.0002035
  464      0.0000001      0.0000001
  465      0.0004719     -0.0019704
  466      0.0000000      0.0000001
  467      0.0000149     -0.0001265
  468      0.0000000      0.0000001
  469      0.0003835     -0.0076002
  470      0.0000001     -0.0000013
  471      0.0000000      0.0000001
  472      0.0000060     -0.0002882
  473      0.0000000      0.0000000
  474      0.0000000      0.0000001
  475      0.0005268     -0.0030753
  476      0.0000001     -0.0000007
  477      0.0000000      0.0000001
  478      0.0000000      0.0000001
  479      0.0000000      0.0000001
  480      0.0000001     -0.0000021
  481      0.0018983     -0.0021090
  482      0.0000370     -0.0000796
  483      0.0000351     -0.0000911
  484      0.0000865     -0.0001829
  485      0.0000756     -0.0001672
  486      0.0000897     -0.0001770
  487      0.0001095     -0.0002078
  488      0.0000015     -0.0000057
  489      0.0000360     -0.0001029
  490      0.0001002     -0.0002032
  491      0.0000236     -0.0000669
  492      0.0139646     -0.0102368
  493      0.0000325     -0.0000685
  494      0.0000050     -0.0000147
  495      0.0000036     -0.0000120
  496      0.0000233     -0.0000672
  497      0.0000211     -0.0000583
  498      0.0000005      0.0000001
  499      0.0001079     -0.0002412
  500      0.0000311     -0.0001060
  501      0.0000088     -0.0000335
  502      0.0000006     -0.0000001
  503      0.0000233     -0.0000285
  504      0.0000001      0.0000001
  505      0.0000000      0.0000001
  506      0.0000000      0.0000001
  507      0.0000000      0.0000001
  508      0.0000000      0.0000001
  509      0.0000649     -0.0009481
  510      0.0000000      0.0000001
  511      0.0000003     -0.0000152
  512      0.0000000      0.0000000
  513      0.0000002     -0.0000046
  514      0.0000000      0.0000001
  515      0.0000000      0.0000001
  516      0.0000000      0.0000000
  517      0.0004361     -0.0027505
  518      0.0000000      0.0000001
  519      0.0000000     -0.0000000
  520      0.0000000      0.0000001
  521      0.0000029     -0.0000082
  522      0.0009539     -0.0011239
  523      0.0017553     -0.0021660
  524      0.0000074     -0.0000264
  525      0.0001083     -0.0002034
  526      0.0001056     -0.0002002
  527      0.0023022     -0.0026634
  528      0.0000088     -0.0000325
  529      0.0000556     -0.0001510
  530      0.0018869     -0.0024352
  531      0.0000021     -0.0000068
  532      0.0000027     -0.0000088
  533      0.0000268     -0.0000603
  534      0.0014770     -0.0017015
  535      0.0008556     -0.0010377
  536      0.0000329     -0.0000712
  537      0.0000058     -0.0000226
  538      0.0003476     -0.0003771
  539      0.0069346     -0.0078039
  540      0.0000055     -0.0000180
  541      0.0000589     -0.0001679
  542      0.0000387     -0.0000548
  543      0.0000001      0.0000000
  544      0.0000060     -0.0000458
  545      0.0000000      0.0000001
  546      0.0000000      0.0000001
  547      0.0000000      0.0000001
  548      0.0000000      0.0000001
  549      0.0000000      0.0000000
  550      0.0000001     -0.0000012
  551      0.0000606     -0.0008897
  552      0.0003832     -0.0075961
  553      0.0000000      0.0000001
  554      0.0000003     -0.0000154
  555      0.0000000      0.0000001
  556      0.0000003     -0.0000155
  557      0.0000000      0.0000001
  558      0.0000000      0.0000001
  559      0.0000000      0.0000001
  560      0.0000001     -0.0000016
  561      0.0000037     -0.0000142
  562      0.0000020     -0.0000058
  563      0.0000296     -0.0000824
  564      0.0000298     -0.0000828
  565      0.0000508     -0.0001414
  566      0.0000081     -0.0000278
  567      0.0000835     -0.0001803
  568      0.0000020     -0.0000079
  569      0.0170259     -0.0149538
  570      0.0000254     -0.0000826
  571      0.0000032     -0.0000104
  572      0.0000043     -0.0000133
  573      0.0000023     -0.0000086
  574      0.0000412     -0.0000980
  575      0.0000235     -0.0000679
  576      0.0000026     -0.0000087
  577      0.0006313     -0.0011863
  578      0.0000001     -0.0000000
  579      0.0006386     -0.0011853
  580      0.0006322     -0.0011770
  581      0.0000807     -0.0001865
  582      0.0000005      0.0000000
  583      0.0021686     -0.0017723
  584      0.0000001      0.0000001
  585      0.0000000      0.0000001
  586      0.0000022     -0.0000251
  587      0.0000001      0.0000000
  588      0.0000000      0.0000001
  589      0.0000000      0.0000001
  590      0.0003831     -0.0075947
  591      0.0000059     -0.0002885
  592      0.0000002     -0.0000047
  593      0.0000001     -0.0000011
  594      0.0000001     -0.0000007
  595      0.0000000      0.0000001
  596      0.0000001     -0.0000019
  597      0.0000000      0.0000001
  598      0.0000279     -0.0002152
  599      0.0000002     -0.0000001
  600      0.0000000      0.0000001
  601      0.0240819     -0.0179215
  602      0.0000699     -0.0001197
  603      0.0001103     -0.0002086
  604      0.0000085     -0.0000294
  605      0.0000081     -0.0000279
  606      0.0000292     -0.0000821
  607      0.0000750     -0.0001670
  608      0.0000021     -0.0000083
  609      0.0000121     -0.0000367
  610      0.0000583     -0.0001514
  611      0.0000414     -0.0000960
  612      0.0000035     -0.0000102
  613      0.0000096     -0.0000272
  614      0.0000035     -0.0000116
  615      0.0000028     -0.0000103
  616      0.0007093     -0.0009068
  617      0.0001036     -0.0002304
  618      0.0000436     -0.0000588
  619      0.0001063     -0.0002327
  620      0.0000088     -0.0000304
  621      0.0000117     -0.0000439
  622      0.0000172     -0.0000240
  623      0.0030188     -0.0022929
  624      0.0000001      0.0000001
  625      0.0000000      0.0000001
  626      0.0000000      0.0000001
  627      0.0000000      0.0000001
  628      0.0000001      0.0000000
  629      0.0000384     -0.0005275
  630      0.0000000     -0.0000000
  631      0.0000000      0.0000000
  632      0.0000001     -0.0000005
  633      0.0000000      0.0000000
  634      0.0000000      0.0000001
  635      0.0000000      0.0000001
  636      0.0000001     -0.0000003
  637      0.0000000      0.0000001
  638      0.0000031     -0.0000420
  639      0.0000000      0.0000001
  640      0.0000208     -0.0003919
  641      0.0000019     -0.0000071
  642      0.0014787     -0.0015621
  643      0.0023159     -0.0026638
  644      0.0000513     -0.0001425
  645      0.0000073     -0.0000263
  646      0.0000498     -0.0001395
  647      0.0000085     -0.0000294
  648      0.0000048     -0.0000183
  649      0.0017819     -0.0022658
  650      0.0000294     -0.0000849
  651      0.0141205     -0.0104473
  652      0.0000230     -0.0000538
  653      0.0000057     -0.0000140
  654      0.0000381     -0.0000910
  655      0.0005915     -0.0008425
  656      0.0005634     -0.0007919
  657      0.0000061     -0.0000256
  658      0.0041624     -0.0031837
  659      0.0000029     -0.0000095
  660      0.0000057     -0.0000225
  661      0.0000133     -0.0000463
  662      0.0000062     -0.0000097
  663      0.0000002     -0.0000000
  664      0.0000001      0.0000000
  665      0.0000000      0.0000001
  666      0.0000000      0.0000001
  667      0.0000000      0.0000001
  668      0.0000000      0.0000001
  669      0.0000001     -0.0000012
  670      0.0000606     -0.0008897
  671      0.0000000     -0.0000005
  672      0.0000000      0.0000001
  673      0.0000002     -0.0000024
  674      0.0000000     -0.0000004
  675      0.0000000      0.0000001
  676      0.0000311     -0.0004274
  677      0.0000082     -0.0000783
  678      0.0000000      0.0000001
  679      0.0000000      0.0000001
  680      0.0000206     -0.0003890

   RO Sum (  80) =   80.00

  ---------------
   Dipole Moment
  ---------------

      2.5855 Debye [   1.0172  (  -0.0007,  -0.0172,   1.0171) ]

 ----------------
  Final Energies  
 ----------------

  Final NOF Total Energy =     -620.4503995376 ( 1.E-03 , 0.E+00 )


  **************************************************
  *                                                *
  *       SINGLE-POINT DoNOF CALCULATION           *
  *                                                *
  *             FULL OPTIMIZATION                  *
  *                                                *
  *  FINAL RESULTS   FINAL RESULTS  FINAL RESULTS  *
  *                                                *
  **************************************************

  **************************************************
  *         No. EXTERNAL ITER =     1              *
  *         No. of TOTAL ITER =     0              *
  **************************************************

  Elapsed real time :     84.25  (Seconds)

 The execution finished at 22h 53min on the 11/ 5/2025
Recovering execution output...
Moving from /scratch/pobleyef/346654 to /home-nas/pobleyef/Slim-NOF/ncwomax/Slim16/PNOF5/arina.346654
mkdir -p /home-nas/pobleyef/Slim-NOF/ncwomax/Slim16/PNOF5/arina.346654
mv /scratch/pobleyef/346654/* /home-nas/pobleyef/Slim-NOF/ncwomax/Slim16/PNOF5/arina.346654
