Job runing on na12
Choosing scratch ...
Automatic scratch folder selection
/scratch/pobleyef/346660
/scratch/pobleyef/346660 directory
cp HEAVY28-pbh4.gcf HEAVY28-pbh4.inp to  /scratch/pobleyef/346660/.
HEAVY28-pbh4
 This is the OpenMP version of the code
 This is the OpenMP version of the code
 This is the OpenMP version of the code
 This is the OpenMP version of the code
 This is the OpenMP version of the code
 This is the OpenMP version of the code
 This is the OpenMP version of the code
 This is the OpenMP version of the code
 This is the OpenMP version of the code
 This is the OpenMP version of the code
 This is the OpenMP version of the code
 This is the OpenMP version of the code
 This is the OpenMP version of the code
 This is the OpenMP version of the code
 This is the OpenMP version of the code
 This is the OpenMP version of the code
 This is the OpenMP version of the code
 This is the OpenMP version of the code
 This is the OpenMP version of the code
 This is the OpenMP version of the code
 This is the OpenMP version of the code
 This is the OpenMP version of the code
 This is the OpenMP version of the code
 This is the OpenMP version of the code
 This is the OpenMP version of the code
 This is the OpenMP version of the code
 This is the OpenMP version of the code
 This is the OpenMP version of the code
 This is the OpenMP version of the code
 This is the OpenMP version of the code
 This is the OpenMP version of the code
 This is the OpenMP version of the code
 This is the OpenMP version of the code
 This is the OpenMP version of the code
 This is the OpenMP version of the code
 This is the OpenMP version of the code
 This is the OpenMP version of the code
 This is the OpenMP version of the code
 This is the OpenMP version of the code
 This is the OpenMP version of the code
 This is the OpenMP version of the code
 This is the OpenMP version of the code
 This is the OpenMP version of the code
 This is the OpenMP version of the code
 This is the OpenMP version of the code
 This is the OpenMP version of the code
 This is the OpenMP version of the code
 This is the OpenMP version of the code
 This is the OpenMP version of the code
 This is the OpenMP version of the code
 This is the OpenMP version of the code
 This is the OpenMP version of the code
 This is the OpenMP version of the code
 This is the OpenMP version of the code
 This is the OpenMP version of the code
 This is the OpenMP version of the code
 This is the OpenMP version of the code
 This is the OpenMP version of the code
 This is the OpenMP version of the code
 This is the OpenMP version of the code
 This is the OpenMP version of the code
 This is the OpenMP version of the code
 This is the OpenMP version of the code
 This is the OpenMP version of the code
 This is the OpenMP version of the code
 This is the OpenMP version of the code
 This is the OpenMP version of the code
 This is the OpenMP version of the code
 This is the OpenMP version of the code
 This is the OpenMP version of the code
 This is the OpenMP version of the code
 This is the OpenMP version of the code
 This is the OpenMP version of the code
 This is the OpenMP version of the code
 This is the OpenMP version of the code
 This is the OpenMP version of the code
 This is the OpenMP version of the code
 This is the OpenMP version of the code
 This is the OpenMP version of the code
 This is the OpenMP version of the code
 This is the OpenMP version of the code
 This is the OpenMP version of the code
 This is the OpenMP version of the code
 This is the OpenMP version of the code
 This is the OpenMP version of the code
 This is the OpenMP version of the code
 This is the OpenMP version of the code
 This is the OpenMP version of the code
 This is the OpenMP version of the code
 This is the OpenMP version of the code
 This is the OpenMP version of the code
 This is the OpenMP version of the code
 This is the OpenMP version of the code
 This is the OpenMP version of the code
 This is the OpenMP version of the code
 This is the OpenMP version of the code
 This is the OpenMP version of the code
 This is the OpenMP version of the code
 This is the OpenMP version of the code
 This is the OpenMP version of the code
 This is the OpenMP version of the code
 This is the OpenMP version of the code
 This is the OpenMP version of the code
 This is the OpenMP version of the code
 This is the OpenMP version of the code
 This is the OpenMP version of the code
 This is the OpenMP version of the code
 This is the OpenMP version of the code
 This is the OpenMP version of the code
 This is the OpenMP version of the code
 This is the OpenMP version of the code
 This is the OpenMP version of the code
 This is the OpenMP version of the code
 This is the OpenMP version of the code
 This is the OpenMP version of the code
 This is the OpenMP version of the code
 This is the OpenMP version of the code
 This is the OpenMP version of the code
 This is the OpenMP version of the code
 This is the OpenMP version of the code
 This is the OpenMP version of the code
 This is the OpenMP version of the code
 This is the OpenMP version of the code
 This is the OpenMP version of the code
 This is the OpenMP version of the code
 This is the OpenMP version of the code
 This is the OpenMP version of the code
 This is the OpenMP version of the code
 This is the OpenMP version of the code
 This is the OpenMP version of the code
 This is the OpenMP version of the code
 This is the OpenMP version of the code
 This is the OpenMP version of the code
 This is the OpenMP version of the code
 This is the OpenMP version of the code
 This is the OpenMP version of the code
 This is the OpenMP version of the code
 This is the OpenMP version of the code
 This is the OpenMP version of the code
 This is the OpenMP version of the code
 This is the OpenMP version of the code
 This is the OpenMP version of the code
 This is the OpenMP version of the code
 This is the OpenMP version of the code
 This is the OpenMP version of the code
 This is the OpenMP version of the code
 This is the OpenMP version of the code
 This is the OpenMP version of the code
 This is the OpenMP version of the code
 This is the OpenMP version of the code
 This is the OpenMP version of the code
 This is the OpenMP version of the code
 This is the OpenMP version of the code
 This is the OpenMP version of the code
 This is the OpenMP version of the code
 This is the OpenMP version of the code
 This is the OpenMP version of the code
 This is the OpenMP version of the code
 This is the OpenMP version of the code
 This is the OpenMP version of the code
 This is the OpenMP version of the code
 This is the OpenMP version of the code
 This is the OpenMP version of the code
 This is the OpenMP version of the code
 This is the OpenMP version of the code
 This is the OpenMP version of the code
 This is the OpenMP version of the code
 This is the OpenMP version of the code
 This is the OpenMP version of the code
 This is the OpenMP version of the code
 This is the OpenMP version of the code
 This is the OpenMP version of the code
 This is the OpenMP version of the code
 This is the OpenMP version of the code
 This is the OpenMP version of the code
 This is the OpenMP version of the code
 This is the OpenMP version of the code
 This is the OpenMP version of the code
 This is the OpenMP version of the code
 This is the OpenMP version of the code
 This is the OpenMP version of the code
 This is the OpenMP version of the code
 This is the OpenMP version of the code
 This is the OpenMP version of the code
 This is the OpenMP version of the code
 This is the OpenMP version of the code
 This is the OpenMP version of the code
 This is the OpenMP version of the code
 This is the OpenMP version of the code
 This is the OpenMP version of the code
 This is the OpenMP version of the code
 This is the OpenMP version of the code

 The execution started at 22h 52min on the 11/ 5/2025

    ===========================================================
    !                                                         !
    !                        Do N O F                         !
    !                                                         !
    !  (Donostia Natural Orbital Functional Software Program) !
    !                                                         !
    !               COPYRIGHT by Mario Piris                  !
    !                                                         !
    !      Donostia International Physics Center (DIPC)       !
    !       University of the Basque Country (UPV/EHU)        !
    !       Basque Foundation for Science (IKERBASQUE)        !
    !                                                         !
    !          GNU General Public License version 3           !
    !                                                         !
    !                  VERSION: October 2025                  !
    !                                                         !
    ===========================================================

 Run Title
 ---------
  Molname                                                                        

 Basis Set
 ---------
 /home/pobleyef/DoNOFsw/basis/def2-QZVP.bas                                      

 Atom      Charge                Coordinates (Bohr)
                           x             y             z
 PB         82.0        0.0000        0.0000        0.0000
 H           1.0        1.8792       -1.8792        1.8792
 H           1.0       -1.8792        1.8792        1.8792
 H           1.0        1.8792        1.8792       -1.8792
 H           1.0       -1.8792       -1.8792       -1.8792

 Atomic Basis Set
 ----------------
 The contracted primitive functions were unnormalized
 The contracted basis functions are now normalized to unity

  Shell Type  Primitive         Exponent  Contraction Coefficient

 PB        

      1   S       1          9368.3300000    0.000034136073
      1   S       2          1366.9300000    0.000251143967
      1   S       3           299.6820000    0.000924112269
      1   S       4            34.8597000    0.056748783490
      1   S       5            21.7889000   -0.496036157006
      1   S       6            13.6200000    1.704887165912
      1   S       7             8.5129500   -1.479654916305
      1   S       8             5.3033200   -1.490751578403
      1   S       9             1.9281600    1.865846066168

      2   S      10            13.5599442    0.352119859911
      2   S      11            11.0396200   -0.590368297460
      2   S      12             2.1371723    1.158652262856

      3   S      13             1.0373400    1.000000000000

      4   S      14             0.5111169    1.000000000000

      5   S      15             0.2467399    1.000000000000

      6   S      16             0.1157798    1.000000000000

      7   S      17             0.0528742    1.000000000000

      8   P      18            59.0901000    0.000754772094
      8   P      19            20.9197000   -0.022223610733
      8   P      20            13.0777000    0.133941476302
      8   P      21             6.8991000   -0.392443539432
      8   P      22             2.1962700    0.459254573712
      8   P      23             1.3048600    0.459330472581
      8   P      24             0.7795720    0.275077532970

      9   P      25             9.1373183   -0.061423409595
      9   P      26             3.9570574    0.302855439115
      9   P      27             1.2246639    0.802563771238

     10   P      28             0.4260156    1.000000000000

     11   P      29             0.2037859    1.000000000000

     12   P      30             0.0881686    1.000000000000

     13   P      31             0.0370947    1.000000000000

     14   D      32            66.3482490    0.000313339274
     14   D      33            13.4558998    0.010260971277
     14   D      34             6.5510273   -0.082826992406
     14   D      35             2.6574137    0.183280411305
     14   D      36             1.6001278    0.343034392962
     14   D      37             0.9330445    0.361628277252
     14   D      38             0.5439137    0.249015333759

     15   D      39             0.3205955    1.000000000000

     16   D      40             0.1792230    1.000000000000

     17   D      41             0.0832000    1.000000000000

     18   F      42             2.5184939    1.000000000000

     19   F      43             1.1606000    1.000000000000

     20   F      44             0.4413000    1.000000000000

     21   F      45             0.1782000    1.000000000000

     22   G      46             0.3881000    1.000000000000

 H         

     23   S      47           190.6916900    0.005342636962
     23   S      48            28.6055320    0.041252338243
     23   S      49             6.5095943    0.210993525698
     23   S      50             1.8412455    0.812128545862

     24   S      51             0.5985373    1.000000000000

     25   S      52             0.2139762    1.000000000000

     26   S      53             0.0803163    1.000000000000

     27   P      54             2.2920000    1.000000000000

     28   P      55             0.8380000    1.000000000000

     29   P      56             0.2920000    1.000000000000

     30   D      57             2.0620000    1.000000000000

     31   D      58             0.6620000    1.000000000000

     32   F      59             1.3970000    1.000000000000

 H         

     33   S      60           190.6916900    0.005342636962
     33   S      61            28.6055320    0.041252338243
     33   S      62             6.5095943    0.210993525698
     33   S      63             1.8412455    0.812128545862

     34   S      64             0.5985373    1.000000000000

     35   S      65             0.2139762    1.000000000000

     36   S      66             0.0803163    1.000000000000

     37   P      67             2.2920000    1.000000000000

     38   P      68             0.8380000    1.000000000000

     39   P      69             0.2920000    1.000000000000

     40   D      70             2.0620000    1.000000000000

     41   D      71             0.6620000    1.000000000000

     42   F      72             1.3970000    1.000000000000

 H         

     43   S      73           190.6916900    0.005342636962
     43   S      74            28.6055320    0.041252338243
     43   S      75             6.5095943    0.210993525698
     43   S      76             1.8412455    0.812128545862

     44   S      77             0.5985373    1.000000000000

     45   S      78             0.2139762    1.000000000000

     46   S      79             0.0803163    1.000000000000

     47   P      80             2.2920000    1.000000000000

     48   P      81             0.8380000    1.000000000000

     49   P      82             0.2920000    1.000000000000

     50   D      83             2.0620000    1.000000000000

     51   D      84             0.6620000    1.000000000000

     52   F      85             1.3970000    1.000000000000

 H         

     53   S      86           190.6916900    0.005342636962
     53   S      87            28.6055320    0.041252338243
     53   S      88             6.5095943    0.210993525698
     53   S      89             1.8412455    0.812128545862

     54   S      90             0.5985373    1.000000000000

     55   S      91             0.2139762    1.000000000000

     56   S      92             0.0803163    1.000000000000

     57   P      93             2.2920000    1.000000000000

     58   P      94             0.8380000    1.000000000000

     59   P      95             0.2920000    1.000000000000

     60   D      96             2.0620000    1.000000000000

     61   D      97             0.6620000    1.000000000000

     62   F      98             1.3970000    1.000000000000

 Total Number of Basis Set Shells             =   62
 Total Number of Primitives                   =   98
 Number of Spherical Gaussian Basis Functions =  202
 Total Number of Auxiliary Basis Set Shells   =   77
 Number of Sph. Gaussian Auxiliary Set Func.  =  323
 Number of Electrons                          =   86
 Charge of Molecule                           =    0
 Spin Multiplicity                            =    1
 Number of Occupied Orbitals (Alpha)          =   43
 Number of Occupied Orbitals (Beta )          =   43
 Total Number of Atoms                        =    5

 Nuclear Energy =      101.8990638201

 Note: This calculation is using an effective core potential
 so NE and ENUC will be adjusted later after removal of the Core

 Input Run Options
 -----------------
 IRUNTYP = 1  MULT = 1  ICHARG =  0 IECP = 1  IEMOM = 1  UNITS = ANGS    

 ECP Potentials
 --------------
 Parameters for "PB-ECP  " on Atom  1 with ZCORE 60 and LMAX 3 are

 for L= 3      COEFF    N           ZETA
    1       12.20989    2        3.88751
    1       16.19029    2        3.81196
 for L= 0      COEFF    N           ZETA
    1      281.28550    2       12.29630
    1       62.52022    2        8.63263
    1      -12.20989    2        3.88751
    1      -16.19029    2        3.81196
 for L= 1      COEFF    N           ZETA
    1       72.27690    2       10.24179
    1      144.59108    2        8.92418
    1        4.75869    2        6.58134
    1        9.94062    2        6.25540
    1      -12.20989    2        3.88751
    1      -16.19029    2        3.81196
 for L= 2      COEFF    N           ZETA
    1       35.84851    2        7.75434
    1       53.72434    2        7.72028
    1       10.11526    2        4.97026
    1       14.83373    2        4.56379
    1      -12.20989    2        3.88751
    1      -16.19029    2        3.81196

 The ECP removes  60 core electrons and  60 protons

 Number of electrons kept in the run =   26
 Number of occupied orbitals (Alpha) =   13
 Number of occupied orbitals (Beta)  =   13

 Adjusted Nuclear Energy =       28.1647403045


 Integral Options
 ----------------
 ERITYP = RI     AUX = JKFIT

 Input NOF Options
 -----------------

 Natural Orbital Functional Selected:    (IPNOF)         5

 Type of calculation = ICOEF2 + ICOEF1:  (ICOEF)        21
 Use Softmax function for Occ. Opt.:     (ISOFTMAX)      1
 Type of Orb. Opt. = Orbital Rotations:  (IORBOPT)       2
 Maximum Number of Coef Outer Iter.:     (MAXIT21)       3
 Maximum Number of Occ-Coef Outer Iter.: (MAXIT)      1000

 Restart calculation Option:             (RESTART)       F
 Restart Gamma Matrix from GCF file:     (INPUTGAMMA)    1
 Coefficient Matrix from GCF file:       (INPUTC)        1
 Diagonal Elements FMIUG from GCF file:  (INPUTFMIUG)    0
 Cartesian Coordinates from GCF file:    (INPUTCXYZ)     0

 Threshold Lambda Convergence=10**(-N):  (NTHRESHL)      3
 Threshold Energy Convergence=10**(-N):  (NTHRESHE)      5
 Max. Number of Inner Coef. Iterations:  (MAXLOOP)      10
 Orthogonalize the initial Orbitals:     (ORTHO)         T

 Output Option:                          (NPRINT)        0
 Output the Coefficient Matrix:          (IWRITEC)       0
 Do a Mulliken Population Analysis:      (IMULPOP)       0
 Write Information into a WFN file:      (IAIMPAC)       1
 Write Information into a FCHK file:     (IFCHK)         1
 Write Information into a MLP file:      (MOLDEN)        1
 Create Ini. Cond. (ini.xyz) file:       (INICOND)       1
 Calculate IPs using Ext. Koopmans Theo: (IEKT)          0
 Write APSG expansion coefficient file:  (APSG)          F
 Output option for Lagrange Multipliers: (PRINTLAG)      F
 Diagonalize matrix of Lag. Multipliers: (DIAGLAG)       F

------------------------------------------------------------------------

 Orbital Space
 -------------

 Inactive Doubly occupied orbitals up to NO1  =    0
 No. considered Strongly Doubly occupied MOs  =   13
 No. considered Strongly Singly occupied MOs  =    0
 NO. of Weakly occ. per St. Doubly occ.  MOs (NCWO)   =   14
 Dimension of the Active Nat. Orb. subspace   =  195
 Secondary Empty orbitals                     =    7

 1e- integrals
 -------------
 Time to do integrals =      0.36

 2e- integrals
 -------------
 DONTW option skips storage 2e- integrals on Unit 1
 Time to do integrals =      0.26

 No violations of the orthonormality

   INITIAL VALUES
  =================

   OM     Occupation      Elag Diag

    1      1.9997286     -3.7461787
    2      1.9997473     -3.6789292
    3      1.9987544     -1.9090683
    4      1.9997415     -3.8120882
    5      1.9996833     -3.7884794
    6      1.9971955     -1.1487240
    7      1.9983521     -1.5281257
    8      1.9977056     -1.4557010
    9      1.9989083     -2.1674343
   10      1.9699612     -0.5434010
   11      1.9699421     -0.5416455
   12      1.9700830     -0.5444165
   13      1.9701238     -0.5437820
   14      0.0041382     -0.0030626
   15      0.0000789     -0.0001285
   16      0.0000746     -0.0001225
   17      0.0161186     -0.0098999
   18      0.0006771     -0.0021912
   19      0.0000001     -0.0000000
   20      0.0000000      0.0000001
   21      0.0000015     -0.0000039
   22      0.0000629     -0.0003764
   23      0.0000000      0.0000001
   24      0.0000001     -0.0000001
   25      0.0001972     -0.0010172
   26      0.0000000      0.0000001
   27      0.0000841     -0.0001262
   28      0.0000799     -0.0001223
   29      0.0000721     -0.0001163
   30      0.0000608     -0.0001059
   31      0.0000000      0.0000001
   32      0.0006734     -0.0015092
   33      0.0000001     -0.0000000
   34      0.0000927     -0.0002699
   35      0.0000019     -0.0000272
   36      0.0000001     -0.0000001
   37      0.0000001      0.0000000
   38      0.0000000      0.0000001
   39      0.0000000      0.0000001
   40      0.0001131     -0.0001435
   41      0.0159358     -0.0098269
   42      0.0042641     -0.0031217
   43      0.0043400     -0.0031730
   44      0.0000000      0.0000000
   45      0.0000001      0.0000000
   46      0.0000022     -0.0000069
   47      0.0000001     -0.0000001
   48      0.0000000      0.0000001
   49      0.0000546     -0.0003465
   50      0.0010530     -0.0029715
   51      0.0000001     -0.0000002
   52      0.0000019     -0.0000279
   53      0.0000756     -0.0001253
   54      0.0042891     -0.0031486
   55      0.0001183     -0.0001426
   56      0.0000775     -0.0001248
   57      0.0004097     -0.0012952
   58      0.0000000      0.0000001
   59      0.0000001     -0.0000001
   60      0.0016865     -0.0031592
   61      0.0000217     -0.0001527
   62      0.0000000      0.0000001
   63      0.0000000      0.0000001
   64      0.0000000      0.0000001
   65      0.0000001     -0.0000005
   66      0.0042442     -0.0031195
   67      0.0046976     -0.0034261
   68      0.0000547     -0.0000948
   69      0.0046336     -0.0033923
   70      0.0000002     -0.0000011
   71      0.0000001     -0.0000000
   72      0.0000000      0.0000001
   73      0.0000001     -0.0000000
   74      0.0000001     -0.0000003
   75      0.0000000      0.0000001
   76      0.0000220     -0.0001027
   77      0.0000510     -0.0003214
   78      0.0000000      0.0000001
   79      0.0000081     -0.0000221
   80      0.0001166     -0.0001411
   81      0.0000816     -0.0001318
   82      0.0001031     -0.0001341
   83      0.0000000      0.0000001
   84      0.0000001     -0.0000001
   85      0.0000018     -0.0000065
   86      0.0000056     -0.0000139
   87      0.0002292     -0.0011820
   88      0.0000000     -0.0000000
   89      0.0001677     -0.0005950
   90      0.0000000      0.0000001
   91      0.0000000      0.0000001
   92      0.0047268     -0.0034411
   93      0.0000072     -0.0000205
   94      0.0000072     -0.0000206
   95      0.0001145     -0.0001400
   96      0.0000010     -0.0000037
   97      0.0003031     -0.0008125
   98      0.0013090     -0.0030863
   99      0.0000001      0.0000000
  100      0.0000001     -0.0000001
  101      0.0000002     -0.0000016
  102      0.0000001      0.0000001
  103      0.0000000      0.0000001
  104      0.0000652     -0.0003985
  105      0.0160724     -0.0098832
  106      0.0043107     -0.0031596
  107      0.0000756     -0.0001207
  108      0.0000376     -0.0000700
  109      0.0000032     -0.0000149
  110      0.0000000      0.0000000
  111      0.0000000      0.0000000
  112      0.0000004     -0.0000012
  113      0.0000000      0.0000001
  114      0.0000016     -0.0000243
  115      0.0000001      0.0000001
  116      0.0000025     -0.0000191
  117      0.0000000      0.0000001
  118      0.0000711     -0.0001176
  119      0.0001001     -0.0001322
  120      0.0001046     -0.0001351
  121      0.0000808     -0.0001219
  122      0.0000001     -0.0000000
  123      0.0000006     -0.0000031
  124      0.0000038     -0.0000125
  125      0.0000001     -0.0000001
  126      0.0000000      0.0000001
  127      0.0000385     -0.0002488
  128      0.0000002     -0.0000001
  129      0.0000000      0.0000001
  130      0.0000002     -0.0000013
  131      0.0001212     -0.0001453
  132      0.0000409     -0.0000756
  133      0.0000324     -0.0000646
  134      0.0000662     -0.0001136
  135      0.0000000      0.0000000
  136      0.0000055     -0.0000132
  137      0.0000000      0.0000000
  138      0.0000001     -0.0000003
  139      0.0000000      0.0000001
  140      0.0000000      0.0000001
  141      0.0000001     -0.0000000
  142      0.0000000      0.0000001
  143      0.0000004     -0.0000029
  144      0.0000571     -0.0001011
  145      0.0000679     -0.0001130
  146      0.0000519     -0.0000904
  147      0.0042597     -0.0031238
  148      0.0000000      0.0000001
  149      0.0000000      0.0000001
  150      0.0000000      0.0000001
  151      0.0000001     -0.0000001
  152      0.0000000      0.0000001
  153      0.0000000      0.0000001
  154      0.0000001      0.0000001
  155      0.0000000      0.0000001
  156      0.0000000      0.0000001
  157      0.0000783     -0.0001237
  158      0.0000774     -0.0001221
  159      0.0161717     -0.0099030
  160      0.0000809     -0.0001227
  161      0.0000001     -0.0000000
  162      0.0000000      0.0000001
  163      0.0000001     -0.0000007
  164      0.0010141     -0.0019476
  165      0.0000000      0.0000001
  166      0.0001632     -0.0008755
  167      0.0000001      0.0000000
  168      0.0000000      0.0000001
  169      0.0000000      0.0000004
  170      0.0000336     -0.0000657
  171      0.0000559     -0.0000976
  172      0.0043096     -0.0031484
  173      0.0000070     -0.0000202
  174      0.0000000      0.0000001
  175      0.0000025     -0.0000089
  176      0.0003306     -0.0009007
  177      0.0000029     -0.0000071
  178      0.0000000      0.0000001
  179      0.0000000      0.0000001
  180      0.0000012     -0.0000045
  181      0.0000016     -0.0000185
  182      0.0002033     -0.0010360
  183      0.0000525     -0.0000930
  184      0.0000589     -0.0001028
  185      0.0046395     -0.0033825
  186      0.0000584     -0.0001025
  187      0.0000000      0.0000001
  188      0.0013088     -0.0029757
  189      0.0000000      0.0000001
  190      0.0000001     -0.0000000
  191      0.0000005     -0.0000043
  192      0.0000000      0.0000001
  193      0.0000009     -0.0000025
  194      0.0000001     -0.0000010
  195      0.0000000      0.0000001

   RO Sum (  26) =   26.00

  ---------------
   Dipole Moment
  ---------------

      0.0151 Debye [   0.0059  (  -0.0023,  -0.0027,   0.0047) ]


  RESULTS OF OCCUPATION-COEFFICIENT OPTIMIZATION
 ================================================

  Ex It  Occ Time  Orb Time  Orb It   Electronic Energy     Total Energy   Energy Convergency    Max Mul-Lag Diff

    1    2.4E-01   1.9E+00       0    -222.3907045927     -194.2259642882     0.0000000000           0.000781

   OM     Occupation      Elag Diag

    1      1.9997473     -3.6789292
    2      1.9997415     -3.8120882
    3      1.9997286     -3.7461787
    4      1.9996833     -3.7884794
    5      1.9989083     -2.1674343
    6      1.9987544     -1.9090683
    7      1.9983521     -1.5281257
    8      1.9977056     -1.4557010
    9      1.9971955     -1.1487240
   10      1.9701238     -0.5437820
   11      1.9700830     -0.5444165
   12      1.9699612     -0.5434010
   13      1.9699421     -0.5416455
   14      0.0000746     -0.0001225
   15      0.0161186     -0.0098999
   16      0.0000789     -0.0001285
   17      0.0041382     -0.0030626
   18      0.0000015     -0.0000039
   19      0.0000001     -0.0000000
   20      0.0000000      0.0000001
   21      0.0000001     -0.0000001
   22      0.0006771     -0.0021912
   23      0.0000629     -0.0003764
   24      0.0000000      0.0000001
   25      0.0000000      0.0000001
   26      0.0001972     -0.0010172
   27      0.0000721     -0.0001163
   28      0.0000608     -0.0001059
   29      0.0000799     -0.0001223
   30      0.0000841     -0.0001262
   31      0.0000927     -0.0002699
   32      0.0006734     -0.0015092
   33      0.0000001     -0.0000000
   34      0.0000001      0.0000000
   35      0.0000000      0.0000001
   36      0.0000019     -0.0000272
   37      0.0000000      0.0000001
   38      0.0000001     -0.0000001
   39      0.0000000      0.0000001
   40      0.0042641     -0.0031217
   41      0.0043400     -0.0031730
   42      0.0159358     -0.0098269
   43      0.0001131     -0.0001435
   44      0.0000001     -0.0000001
   45      0.0000001      0.0000000
   46      0.0000022     -0.0000069
   47      0.0010530     -0.0029715
   48      0.0000000      0.0000000
   49      0.0000000      0.0000001
   50      0.0000019     -0.0000279
   51      0.0000546     -0.0003465
   52      0.0000001     -0.0000002
   53      0.0001183     -0.0001426
   54      0.0000775     -0.0001248
   55      0.0042891     -0.0031486
   56      0.0000756     -0.0001253
   57      0.0016865     -0.0031592
   58      0.0000000      0.0000001
   59      0.0000001     -0.0000001
   60      0.0000000      0.0000001
   61      0.0004097     -0.0012952
   62      0.0000217     -0.0001527
   63      0.0000001     -0.0000005
   64      0.0000000      0.0000001
   65      0.0000000      0.0000001
   66      0.0000547     -0.0000948
   67      0.0046336     -0.0033923
   68      0.0046976     -0.0034261
   69      0.0042442     -0.0031195
   70      0.0000001     -0.0000000
   71      0.0000001     -0.0000000
   72      0.0000000      0.0000001
   73      0.0000220     -0.0001027
   74      0.0000002     -0.0000011
   75      0.0000001     -0.0000003
   76      0.0000000      0.0000001
   77      0.0000000      0.0000001
   78      0.0000510     -0.0003214
   79      0.0000816     -0.0001318
   80      0.0001031     -0.0001341
   81      0.0001166     -0.0001411
   82      0.0000081     -0.0000221
   83      0.0000056     -0.0000139
   84      0.0000001     -0.0000001
   85      0.0000018     -0.0000065
   86      0.0001677     -0.0005950
   87      0.0000000      0.0000001
   88      0.0002292     -0.0011820
   89      0.0000000      0.0000001
   90      0.0000000     -0.0000000
   91      0.0000000      0.0000001
   92      0.0000072     -0.0000206
   93      0.0001145     -0.0001400
   94      0.0000072     -0.0000205
   95      0.0047268     -0.0034411
   96      0.0000001      0.0000000
   97      0.0003031     -0.0008125
   98      0.0013090     -0.0030863
   99      0.0000001      0.0000001
  100      0.0000010     -0.0000037
  101      0.0000001     -0.0000001
  102      0.0000652     -0.0003985
  103      0.0000002     -0.0000016
  104      0.0000000      0.0000001
  105      0.0000756     -0.0001207
  106      0.0000376     -0.0000700
  107      0.0043107     -0.0031596
  108      0.0160724     -0.0098832
  109      0.0000004     -0.0000012
  110      0.0000000      0.0000000
  111      0.0000000      0.0000000
  112      0.0000001      0.0000001
  113      0.0000032     -0.0000149
  114      0.0000000      0.0000001
  115      0.0000000      0.0000001
  116      0.0000016     -0.0000243
  117      0.0000025     -0.0000191
  118      0.0001046     -0.0001351
  119      0.0000808     -0.0001219
  120      0.0001001     -0.0001322
  121      0.0000711     -0.0001176
  122      0.0000001     -0.0000001
  123      0.0000006     -0.0000031
  124      0.0000038     -0.0000125
  125      0.0000002     -0.0000001
  126      0.0000001     -0.0000000
  127      0.0000000      0.0000001
  128      0.0000002     -0.0000013
  129      0.0000385     -0.0002488
  130      0.0000000      0.0000001
  131      0.0000324     -0.0000646
  132      0.0000662     -0.0001136
  133      0.0000409     -0.0000756
  134      0.0001212     -0.0001453
  135      0.0000001     -0.0000003
  136      0.0000055     -0.0000132
  137      0.0000000      0.0000000
  138      0.0000001     -0.0000000
  139      0.0000000      0.0000000
  140      0.0000000      0.0000001
  141      0.0000004     -0.0000029
  142      0.0000000      0.0000001
  143      0.0000000      0.0000001
  144      0.0000519     -0.0000904
  145      0.0042597     -0.0031238
  146      0.0000679     -0.0001130
  147      0.0000571     -0.0001011
  148      0.0000001     -0.0000001
  149      0.0000000      0.0000001
  150      0.0000000      0.0000001
  151      0.0000001      0.0000001
  152      0.0000000      0.0000001
  153      0.0000000      0.0000001
  154      0.0000000      0.0000001
  155      0.0000000      0.0000001
  156      0.0000000      0.0000001
  157      0.0161717     -0.0099030
  158      0.0000809     -0.0001227
  159      0.0000774     -0.0001221
  160      0.0000783     -0.0001237
  161      0.0010141     -0.0019476
  162      0.0000000      0.0000001
  163      0.0000001     -0.0000007
  164      0.0000001      0.0000000
  165      0.0000001     -0.0000000
  166      0.0000000      0.0000001
  167      0.0000000      0.0000004
  168      0.0001632     -0.0008755
  169      0.0000000      0.0000001
  170      0.0043096     -0.0031484
  171      0.0000070     -0.0000202
  172      0.0000559     -0.0000976
  173      0.0000336     -0.0000657
  174      0.0000029     -0.0000071
  175      0.0000025     -0.0000089
  176      0.0003306     -0.0009007
  177      0.0000012     -0.0000045
  178      0.0000000      0.0000001
  179      0.0000000      0.0000001
  180      0.0002033     -0.0010360
  181      0.0000000      0.0000001
  182      0.0000016     -0.0000185
  183      0.0046395     -0.0033825
  184      0.0000584     -0.0001025
  185      0.0000589     -0.0001028
  186      0.0000525     -0.0000930
  187      0.0000001     -0.0000000
  188      0.0013088     -0.0029757
  189      0.0000000      0.0000001
  190      0.0000009     -0.0000025
  191      0.0000000      0.0000001
  192      0.0000005     -0.0000043
  193      0.0000000      0.0000001
  194      0.0000000      0.0000001
  195      0.0000001     -0.0000010

   RO Sum (  26) =   26.00

  ---------------
   Dipole Moment
  ---------------

      0.0151 Debye [   0.0059  (  -0.0023,  -0.0027,   0.0047) ]

 ----------------
  Final Energies  
 ----------------

  Final NOF Total Energy =     -194.2259642882 ( 8.E-04 , 0.E+00 )


  **************************************************
  *                                                *
  *       SINGLE-POINT DoNOF CALCULATION           *
  *                                                *
  *             FULL OPTIMIZATION                  *
  *                                                *
  *  FINAL RESULTS   FINAL RESULTS  FINAL RESULTS  *
  *                                                *
  **************************************************

  **************************************************
  *         No. EXTERNAL ITER =     1              *
  *         No. of TOTAL ITER =     0              *
  **************************************************

  Elapsed real time :      3.07  (Seconds)

 The execution finished at 22h 52min on the 11/ 5/2025
Recovering execution output...
Moving from /scratch/pobleyef/346660 to /home-nas/pobleyef/Slim-NOF/ncwomax/Slim16/PNOF5/arina.346660
mkdir -p /home-nas/pobleyef/Slim-NOF/ncwomax/Slim16/PNOF5/arina.346660
mv /scratch/pobleyef/346660/* /home-nas/pobleyef/Slim-NOF/ncwomax/Slim16/PNOF5/arina.346660
