Computing Integrals
Basis Set                                            = def2-qzvp
Auxiliary Basis Set                                  = def2-universal-jkfit
Gaussian Type                                        = Spherical
Elapsed time:    3.61 Seconds

Number of basis functions                   (NBF)    = 241
Number of auxiliary basis functions         (NBFAUX) = 359
Inactive Doubly occupied orbitals up to     (NO1)    = 0
No. considered Strongly Doubly occupied MOs (NDOC)   = 21
No. considered Strongly Singly occupied MOs (NSOC)   = 0
NO. of Weakly occ. per St. Doubly occ.  MOs (NCWO)   = 10
Dimension of the Nat. Orb. subspace         (NBF5)   = 231
No. of electrons                                     = 42
    No. of alpha electrons                           = 21
    No. of beta electrons                            = 21
Multiplicity                                         = 1

Geometry
========
 P       0.0000000       0.0000000       0.5053380
 F       0.0000000       1.3729200      -0.2807430
 F      -1.1889840      -0.6864600      -0.2807430
 F       1.1889840      -0.6864600      -0.2807430

No violations of the orthonormality
No violations of the orthonormality
 
PNOF5/ADABelief Calculation
==================
 
  Nitext  Nit_orb  Time   Nit_occ  Time         Eelec          Etot           Ediff      maxdiff    MaxGrad_orb  Grad_occ
     1      10    1.2e+01    0    1.2e+01  -829.24261839  -639.69830747 -10828.24261839   0.000855   3.4e-03   1.7e-04 0.03
 
RESULTS OF THE OCCUPATION OPTIMIZATION
========================================
   1    1.9999650  -79.76908181
   2    1.9998660  -26.31772568
   3    1.9998665  -26.31762928
   4    1.9998656  -26.31753739
   5    1.9993910  -6.25843286
   6    1.9993664  -6.21243125
   7    1.9993560  -6.20397825
   8    1.9992479  -5.97155708
   9    1.9895147  -1.12101864
  10    1.9893735  -1.11803602
  11    1.9893579  -1.11782197
  12    1.9922102  -0.96158774
  13    1.9921925  -0.96124617
  14    1.9920770  -0.95940118
  15    1.9920734  -0.95838588
  16    1.9923048  -0.95543469
  17    1.9919828  -0.95535636
  18    1.9921332  -0.95473276
  19    1.9923041  -0.95446614
  20    1.9920402  -0.95258420
  21    1.9560322  -0.57594812
  22    0.0187915  -0.01092138
  23    0.0063919  -0.00966425
  24    0.0061528  -0.00941118
  25    0.0063576  -0.00960992
  26    0.0064946  -0.00976441
  27    0.0061706  -0.00942992
  28    0.0064672  -0.00974243
  29    0.0063650  -0.00966437
  30    0.0063181  -0.00962051
  31    0.0061706  -0.00946025
  32    0.0088576  -0.01278396
  33    0.0088181  -0.01275652
  34    0.0087932  -0.01274757
  35    0.0004688  -0.00447579
  36    0.0004725  -0.00457858
  37    0.0004554  -0.00441454
  38    0.0004438  -0.00433215
  39    0.0001314  -0.00633290
  40    0.0001312  -0.00632482
  41    0.0001315  -0.00633349
  42    0.0000337  -0.00546598
  43    0.0187777  -0.01091848
  44    0.0007083  -0.00168116
  45    0.0005880  -0.00151434
  46    0.0006545  -0.00160770
  47    0.0006512  -0.00158932
  48    0.0005834  -0.00150854
  49    0.0005871  -0.00150869
  50    0.0006057  -0.00153533
  51    0.0005478  -0.00146098
  52    0.0006010  -0.00155035
  53    0.0007996  -0.00183039
  54    0.0008168  -0.00185313
  55    0.0007482  -0.00171940
  56    0.0001363  -0.00118856
  57    0.0001645  -0.00151844
  58    0.0001597  -0.00149166
  59    0.0001597  -0.00147549
  60    0.0000012  -0.00011572
  61    0.0000011  -0.00011697
  62    0.0000011  -0.00011624
  63    0.0000010  -0.00021367
  64    0.0043918  -0.00340947
  65    0.0003670  -0.00100875
  66    0.0004255  -0.00115057
  67    0.0003691  -0.00101482
  68    0.0004031  -0.00108447
  69    0.0004082  -0.00112406
  70    0.0003753  -0.00104380
  71    0.0004284  -0.00112895
  72    0.0004280  -0.00113015
  73    0.0004858  -0.00121453
  74    0.0004417  -0.00104046
  75    0.0004507  -0.00104541
  76    0.0004586  -0.00106512
  77    0.0001300  -0.00113667
  78    0.0000046  -0.00007210
  79    0.0000149  -0.00014772
  80    0.0000031  -0.00005481
  81    0.0000008  -0.00002652
  82    0.0000003  -0.00000956
  83    0.0000006  -0.00001524
  84    0.0000001  -0.00000089
  85    0.0012590  -0.00119242
  86    0.0003584  -0.00100105
  87    0.0003899  -0.00105521
  88    0.0003276  -0.00096193
  89    0.0003399  -0.00096367
  90    0.0003875  -0.00105030
  91    0.0003592  -0.00099695
  92    0.0003876  -0.00104037
  93    0.0003708  -0.00102378
  94    0.0003933  -0.00107833
  95    0.0004286  -0.00102122
  96    0.0004397  -0.00104619
  97    0.0003827  -0.00097018
  98    0.0000141  -0.00018708
  99    0.0000009  -0.00000765
 100    0.0000017  -0.00000721
 101    0.0000010  -0.00000346
 102    0.0000003  -0.00000778
 103    0.0000003  -0.00000739
 104    0.0000002  -0.00000707
 105    0.0000000  0.00000006
 106    0.0002554  -0.00029265
 107    0.0000366  -0.00013219
 108    0.0000347  -0.00015341
 109    0.0000473  -0.00017608
 110    0.0000311  -0.00014562
 111    0.0000368  -0.00014536
 112    0.0000348  -0.00015135
 113    0.0000391  -0.00015711
 114    0.0000461  -0.00017375
 115    0.0000345  -0.00015531
 116    0.0000357  -0.00015541
 117    0.0000299  -0.00014057
 118    0.0000392  -0.00015606
 119    0.0000007  -0.00000231
 120    0.0000004  -0.00000203
 121    0.0000006  -0.00000078
 122    0.0000004  -0.00000012
 123    0.0000002  -0.00000571
 124    0.0000002  -0.00000575
 125    0.0000002  -0.00000557
 126    0.0000000  0.00000010
 127    0.0002519  -0.00028904
 128    0.0000301  -0.00014498
 129    0.0000329  -0.00014055
 130    0.0000365  -0.00013736
 131    0.0000311  -0.00012234
 132    0.0000332  -0.00015331
 133    0.0000337  -0.00014939
 134    0.0000296  -0.00014195
 135    0.0000330  -0.00015152
 136    0.0000278  -0.00013790
 137    0.0000270  -0.00011856
 138    0.0000236  -0.00011651
 139    0.0000231  -0.00011350
 140    0.0000006  -0.00000026
 141    0.0000004  0.00000001
 142    0.0000005  -0.00000025
 143    0.0000003  0.00000007
 144    0.0000001  -0.00000318
 145    0.0000001  -0.00000306
 146    0.0000001  -0.00000336
 147    0.0000000  0.00000008
 148    0.0000781  -0.00010942
 149    0.0000290  -0.00013988
 150    0.0000272  -0.00012364
 151    0.0000297  -0.00013787
 152    0.0000211  -0.00011785
 153    0.0000316  -0.00014118
 154    0.0000259  -0.00011213
 155    0.0000211  -0.00010878
 156    0.0000226  -0.00010969
 157    0.0000255  -0.00011733
 158    0.0000218  -0.00010590
 159    0.0000217  -0.00010324
 160    0.0000182  -0.00009908
 161    0.0000006  -0.00000028
 162    0.0000003  0.00000010
 163    0.0000003  0.00000008
 164    0.0000003  -0.00000007
 165    0.0000001  -0.00000288
 166    0.0000001  -0.00000268
 167    0.0000001  -0.00000306
 168    0.0000000  0.00000012
 169    0.0000648  -0.00010399
 170    0.0000161  -0.00009472
 171    0.0000175  -0.00010171
 172    0.0000201  -0.00011516
 173    0.0000190  -0.00010028
 174    0.0000197  -0.00011030
 175    0.0000193  -0.00010715
 176    0.0000205  -0.00010795
 177    0.0000201  -0.00010866
 178    0.0000229  -0.00011031
 179    0.0000129  -0.00005593
 180    0.0000161  -0.00006198
 181    0.0000082  -0.00004474
 182    0.0000003  0.00000016
 183    0.0000001  0.00000021
 184    0.0000002  0.00000004
 185    0.0000001  0.00000013
 186    0.0000001  -0.00000153
 187    0.0000001  -0.00000150
 188    0.0000001  -0.00000147
 189    0.0000000  0.00000012
 190    0.0000496  -0.00007878
 191    0.0000121  -0.00008164
 192    0.0000142  -0.00009567
 193    0.0000136  -0.00008355
 194    0.0000157  -0.00009468
 195    0.0000143  -0.00009526
 196    0.0000146  -0.00009079
 197    0.0000168  -0.00009809
 198    0.0000130  -0.00008701
 199    0.0000180  -0.00010434
 200    0.0000120  -0.00005131
 201    0.0000051  -0.00003561
 202    0.0000078  -0.00004299
 203    0.0000003  0.00000014
 204    0.0000001  0.00000020
 205    0.0000002  0.00000014
 206    0.0000001  0.00000021
 207    0.0000001  -0.00000125
 208    0.0000001  0.00000009
 209    0.0000001  0.00000026
 210    0.0000000  0.00000012
 211    0.0000482  -0.00007720
 212    0.0000105  -0.00006660
 213    0.0000131  -0.00007013
 214    0.0000111  -0.00006760
 215    0.0000104  -0.00006456
 216    0.0000098  -0.00006114
 217    0.0000094  -0.00006150
 218    0.0000093  -0.00006035
 219    0.0000080  -0.00005551
 220    0.0000105  -0.00006501
 221    0.0000052  -0.00003587
 222    0.0000047  -0.00003324
 223    0.0000062  -0.00003750
 224    0.0000003  0.00000016
 225    0.0000001  0.00000029
 226    0.0000002  0.00000023
 227    0.0000001  0.00000025
 228    0.0000001  -0.00000323
 229    0.0000001  -0.00000414
 230    0.0000001  -0.00000389
 231    0.0000000  0.00000013
 
----------------
 Final Energies 
----------------
Final NOF Total Energy =    -639.6983075
 
Total Orbital Internal Iterations = 10
Total Occupation Internal Iterations = 0
 
Elapsed time:   30.82 Seconds

---------------------------------
   Lowdin Population Analysis    
---------------------------------
 Idx  Atom   Population   Charge 
---------------------------------
  1     P    15.385      -0.385
  2     F     8.872       0.128
  3     F     8.872       0.128
  4     F     8.872       0.128

---------------------------------
   M Diagnostic: 0.03
---------------------------------

