Computing Integrals
Basis Set                                            = def2-qzvp
Auxiliary Basis Set                                  = def2-universal-jkfit
Gaussian Type                                        = Spherical
Elapsed time:   23.01 Seconds

Number of basis functions                   (NBF)    = 266
Number of auxiliary basis functions         (NBFAUX) = 314
Inactive Doubly occupied orbitals up to     (NO1)    = 0
No. considered Strongly Doubly occupied MOs (NDOC)   = 12
No. considered Strongly Singly occupied MOs (NSOC)   = 0
NO. of Weakly occ. per St. Doubly occ.  MOs (NCWO)   = 21
Dimension of the Nat. Orb. subspace         (NBF5)   = 264
No. of electrons                                     = 24
    No. of alpha electrons                           = 12
    No. of beta electrons                            = 12
Multiplicity                                         = 1

Geometry
========
 C      -0.0873021      -0.5756259       0.4272794
 H       0.7239084      -0.9798726       1.0202452
 C       0.0023041       0.7585438       0.0826803
 H      -1.0679668      -0.9409131       0.7065507
Li       0.2893331       0.0164861      -1.6539172
 N       0.1397233       1.7213818      -0.5828383

No violations of the orthonormality
No violations of the orthonormality
 
PNOF8/ADABelief Calculation
==================
 
  Nitext  Nit_orb  Time   Nit_occ  Time         Eelec          Etot           Ediff      maxdiff    MaxGrad_orb  Grad_occ
     1      10    1.0e+02    0    2.8e+01  -208.45129749  -139.55546827 -10207.45129749   0.000493   2.0e-03   1.6e-04 0.04
 
RESULTS OF THE OCCUPATION OPTIMIZATION
========================================
   1    1.9999803  -14.36621125
   2    1.9999712  -12.23996367
   3    1.9999526  -11.40960232
   4    1.9961948  -2.48686475
   5    1.9803522  -1.14516462
   6    1.9748962  -1.01726613
   7    1.9756037  -0.68066866
   8    1.9722156  -0.57157140
   9    1.9592506  -0.54141301
  10    1.9687045  -0.53945363
  11    1.9542903  -0.48121358
  12    1.9668124  -0.43241521
  13    0.0144134  -0.01769976
  14    0.0404886  -0.04487855
  15    0.0163069  -0.01941808
  16    0.0359947  -0.04299861
  17    0.0114404  -0.01817489
  18    0.0067758  -0.01218391
  19    0.0206860  -0.03501064
  20    0.0107778  -0.02160346
  21    0.0023526  -0.00917039
  22    0.0000414  -0.00078639
  23    0.0000260  -0.00043077
  24    0.0000159  -0.00036790
  25    0.0100632  -0.01302623
  26    0.0040675  -0.00632153
  27    0.0057255  -0.00774787
  28    0.0035400  -0.00575293
  29    0.0057202  -0.00971507
  30    0.0055278  -0.00873584
  31    0.0013761  -0.00436025
  32    0.0036810  -0.00733349
  33    0.0010391  -0.00430265
  34    0.0000033  -0.00008052
  35    0.0000008  -0.00004825
  36    0.0000013  -0.00007607
  37    0.0044479  -0.00670928
  38    0.0002846  -0.00066047
  39    0.0049127  -0.00700111
  40    0.0003423  -0.00076417
  41    0.0030037  -0.00584755
  42    0.0053335  -0.00894722
  43    0.0009547  -0.00299528
  44    0.0020885  -0.00712862
  45    0.0001576  -0.00188506
  46    0.0000004  -0.00000981
  47    0.0000005  -0.00001968
  48    0.0000007  -0.00003727
  49    0.0012478  -0.00274197
  50    0.0002592  -0.00061772
  51    0.0014335  -0.00306207
  52    0.0002547  -0.00065322
  53    0.0028880  -0.00547196
  54    0.0016350  -0.00481968
  55    0.0007596  -0.00290681
  56    0.0007988  -0.00336174
  57    0.0000871  -0.00115657
  58    0.0000003  -0.00000315
  59    0.0000003  -0.00000251
  60    0.0000004  -0.00000332
  61    0.0008854  -0.00170443
  62    0.0002530  -0.00061240
  63    0.0010822  -0.00234440
  64    0.0002498  -0.00065636
  65    0.0014490  -0.00394260
  66    0.0014257  -0.00470729
  67    0.0005423  -0.00160035
  68    0.0005333  -0.00213138
  69    0.0000342  -0.00018017
  70    0.0000003  -0.00000231
  71    0.0000003  -0.00000243
  72    0.0000003  -0.00000198
  73    0.0006905  -0.00139217
  74    0.0002458  -0.00059700
  75    0.0006692  -0.00141978
  76    0.0001242  -0.00034479
  77    0.0013613  -0.00316147
  78    0.0012579  -0.00317110
  79    0.0002810  -0.00081083
  80    0.0004703  -0.00163669
  81    0.0000255  -0.00016014
  82    0.0000002  -0.00000221
  83    0.0000001  -0.00000125
  84    0.0000002  -0.00000133
  85    0.0005005  -0.00111017
  86    0.0000248  -0.00006234
  87    0.0003224  -0.00081941
  88    0.0000928  -0.00025030
  89    0.0008870  -0.00248998
  90    0.0007026  -0.00183847
  91    0.0001275  -0.00044944
  92    0.0002969  -0.00144756
  93    0.0000206  -0.00015338
  94    0.0000002  -0.00000195
  95    0.0000001  -0.00000078
  96    0.0000001  -0.00000089
  97    0.0003668  -0.00080377
  98    0.0000195  -0.00004327
  99    0.0002646  -0.00061749
 100    0.0000499  -0.00013499
 101    0.0003513  -0.00087202
 102    0.0005029  -0.00171020
 103    0.0000968  -0.00032697
 104    0.0002117  -0.00065441
 105    0.0000145  -0.00010632
 106    0.0000002  -0.00000128
 107    0.0000001  -0.00000073
 108    0.0000001  -0.00000061
 109    0.0002311  -0.00054293
 110    0.0000138  -0.00004862
 111    0.0001408  -0.00043425
 112    0.0000269  -0.00010810
 113    0.0001625  -0.00045062
 114    0.0003912  -0.00125342
 115    0.0000872  -0.00030116
 116    0.0001633  -0.00053586
 117    0.0000119  -0.00007841
 118    0.0000001  -0.00000107
 119    0.0000001  -0.00000053
 120    0.0000001  -0.00000065
 121    0.0001051  -0.00030755
 122    0.0000109  -0.00002911
 123    0.0001061  -0.00030748
 124    0.0000182  -0.00006310
 125    0.0001162  -0.00033446
 126    0.0002821  -0.00077779
 127    0.0000558  -0.00021155
 128    0.0001610  -0.00059862
 129    0.0000092  -0.00006977
 130    0.0000001  -0.00000104
 131    0.0000001  -0.00000047
 132    0.0000001  -0.00000047
 133    0.0000567  -0.00017480
 134    0.0000079  -0.00002373
 135    0.0000747  -0.00021127
 136    0.0000129  -0.00005467
 137    0.0000940  -0.00029962
 138    0.0001515  -0.00043108
 139    0.0000298  -0.00011713
 140    0.0001080  -0.00035564
 141    0.0000079  -0.00005844
 142    0.0000001  -0.00000087
 143    0.0000001  -0.00000028
 144    0.0000001  -0.00000037
 145    0.0000503  -0.00015120
 146    0.0000069  -0.00001918
 147    0.0000624  -0.00018407
 148    0.0000106  -0.00004071
 149    0.0000725  -0.00022969
 150    0.0001278  -0.00041153
 151    0.0000223  -0.00010151
 152    0.0000892  -0.00035181
 153    0.0000077  -0.00007535
 154    0.0000001  -0.00000084
 155    0.0000001  -0.00000017
 156    0.0000001  -0.00000022
 157    0.0000330  -0.00011751
 158    0.0000059  -0.00001665
 159    0.0000534  -0.00015546
 160    0.0000065  -0.00002592
 161    0.0000597  -0.00020020
 162    0.0001014  -0.00034014
 163    0.0000206  -0.00008452
 164    0.0000727  -0.00026353
 165    0.0000069  -0.00004819
 166    0.0000001  -0.00000068
 167    0.0000001  -0.00000019
 168    0.0000001  -0.00000023
 169    0.0000203  -0.00008684
 170    0.0000049  -0.00001413
 171    0.0000302  -0.00010678
 172    0.0000050  -0.00001808
 173    0.0000403  -0.00014331
 174    0.0000516  -0.00018774
 175    0.0000156  -0.00007704
 176    0.0000518  -0.00019687
 177    0.0000065  -0.00004691
 178    0.0000001  -0.00000056
 179    0.0000001  -0.00000016
 180    0.0000001  -0.00000015
 181    0.0000187  -0.00007070
 182    0.0000041  -0.00000952
 183    0.0000281  -0.00010836
 184    0.0000046  -0.00001628
 185    0.0000336  -0.00011470
 186    0.0000407  -0.00014134
 187    0.0000139  -0.00006812
 188    0.0000448  -0.00017508
 189    0.0000058  -0.00005439
 190    0.0000001  -0.00000057
 191    0.0000000  -0.00000015
 192    0.0000000  -0.00000014
 193    0.0000166  -0.00006491
 194    0.0000037  -0.00001112
 195    0.0000232  -0.00009196
 196    0.0000042  -0.00001707
 197    0.0000304  -0.00011201
 198    0.0000291  -0.00011634
 199    0.0000129  -0.00006353
 200    0.0000333  -0.00013564
 201    0.0000054  -0.00003786
 202    0.0000001  -0.00000052
 203    0.0000000  -0.00000011
 204    0.0000000  -0.00000013
 205    0.0000163  -0.00006124
 206    0.0000034  -0.00000909
 207    0.0000214  -0.00008849
 208    0.0000036  -0.00001131
 209    0.0000243  -0.00009907
 210    0.0000245  -0.00009979
 211    0.0000094  -0.00004946
 212    0.0000221  -0.00009616
 213    0.0000045  -0.00003286
 214    0.0000001  -0.00000036
 215    0.0000000  -0.00000011
 216    0.0000000  -0.00000011
 217    0.0000088  -0.00003853
 218    0.0000026  -0.00000803
 219    0.0000134  -0.00006189
 220    0.0000034  -0.00001081
 221    0.0000223  -0.00008272
 222    0.0000148  -0.00006546
 223    0.0000052  -0.00002702
 224    0.0000218  -0.00010109
 225    0.0000035  -0.00002993
 226    0.0000001  -0.00000025
 227    0.0000000  -0.00000012
 228    0.0000000  -0.00000007
 229    0.0000075  -0.00003160
 230    0.0000012  -0.00000517
 231    0.0000126  -0.00004987
 232    0.0000032  -0.00001029
 233    0.0000128  -0.00005486
 234    0.0000099  -0.00004487
 235    0.0000034  -0.00001986
 236    0.0000110  -0.00005684
 237    0.0000024  -0.00001984
 238    0.0000001  -0.00000024
 239    0.0000000  -0.00000011
 240    0.0000000  -0.00000006
 241    0.0000050  -0.00002006
 242    0.0000010  -0.00000372
 243    0.0000088  -0.00004106
 244    0.0000011  -0.00000521
 245    0.0000080  -0.00003837
 246    0.0000068  -0.00003229
 247    0.0000021  -0.00001077
 248    0.0000065  -0.00003342
 249    0.0000014  -0.00001581
 250    0.0000001  -0.00000011
 251    0.0000000  -0.00000002
 252    0.0000000  -0.00000002
 253    0.0000029  -0.00001064
 254    0.0000006  -0.00000250
 255    0.0000036  -0.00001712
 256    0.0000008  -0.00000362
 257    0.0000069  -0.00003542
 258    0.0000036  -0.00001849
 259    0.0000016  -0.00000876
 260    0.0000041  -0.00002213
 261    0.0000009  -0.00000744
 262    0.0000000  -0.00000010
 263    0.0000000  -0.00000005
 264    0.0000000  -0.00000001
 
----------------
 Final Energies 
----------------
Final NOF Total Energy =    -139.5554683
 
Total Orbital Internal Iterations = 10
Total Occupation Internal Iterations = 0
 
Elapsed time:  149.46 Seconds

---------------------------------
   Lowdin Population Analysis    
---------------------------------
 Idx  Atom   Population   Charge 
---------------------------------
  1     C     5.901       0.099
  2     H     1.075      -0.075
  3     C     6.206      -0.206
  4     H     1.077      -0.077
  5    Li     2.975       0.025
  6     N     6.767       0.233

---------------------------------
   M Diagnostic: 0.04
---------------------------------

