Computing Integrals
Basis Set                                            = def2-qzvp
Auxiliary Basis Set                                  = def2-universal-jkfit
Gaussian Type                                        = Spherical
Elapsed time:    6.50 Seconds

Number of basis functions                   (NBF)    = 481
Number of auxiliary basis functions         (NBFAUX) = 497
Inactive Doubly occupied orbitals up to     (NO1)    = 0
No. considered Strongly Doubly occupied MOs (NDOC)   = 20
No. considered Strongly Singly occupied MOs (NSOC)   = 0
NO. of Weakly occ. per St. Doubly occ.  MOs (NCWO)   = 23
Dimension of the Nat. Orb. subspace         (NBF5)   = 480
No. of electrons                                     = 40
    No. of alpha electrons                           = 20
    No. of beta electrons                            = 20
Multiplicity                                         = 1

Geometry
========
Si      -1.3418615      -0.8206294      -0.3383459
 C       0.5366620      -0.8019029      -0.1784067
 C       1.1754740       0.4922562       0.2267866
 H       0.9652399      -1.1299744      -1.1334043
 H       0.8293912      -1.5845405       0.5324408
 C       0.5551338       1.6308725       0.5044071
 H       2.2608954       0.4740517       0.2959107
 H      -0.5232163       1.7432822       0.4610021
 H       1.1094071       2.5161533       0.7884021
 H      -1.8020550       0.1419220      -1.3576988
 H      -1.9937159      -0.4885147       0.9430933
 H      -1.7713547      -2.1729760      -0.7441870

No violations of the orthonormality
No violations of the orthonormality
 
PNOF8/ADAM Calculation
==================
 
  Nitext  Nit_orb  Time   Nit_occ  Time         Eelec          Etot           Ediff      maxdiff    MaxGrad_orb  Grad_occ
     1      10    4.0e+01   22    2.8e+01  -525.73974284  -369.98941950 -10524.73974284   3.477662   1.4e+01   2.5e-04 0.00
     2      10    3.0e+01  107    7.3e+01  -540.60554865  -384.85522531   -14.86580580   3.585248   1.4e+01   2.7e-04 0.01
     3      10    3.0e+01  115    7.4e+01  -541.78893456  -386.03861122    -1.18338591   1.528736   6.1e+00   2.4e-04 0.03
     4      10    2.9e+01   43    2.8e+01  -547.05731209  -391.30698875    -5.26837753   0.442249   1.8e+00   2.4e-04 0.03
     5      10    3.0e+01   48    3.2e+01  -550.70343431  -394.95311098    -3.64612223   0.299610   1.2e+00   2.6e-04 0.03
     6      10    3.0e+01   21    1.5e+01  -553.93196207  -398.18163873    -3.22852775   0.283837   1.1e+00   2.9e-04 0.03
     7      10    3.0e+01   20    1.4e+01  -555.27033354  -399.52001020    -1.33837148   0.296251   1.2e+00   3.7e-04 0.04
     8      10    3.0e+01   35    2.4e+01  -556.45983498  -400.70951164    -1.18950143   0.233662   9.3e-01   2.2e-04 0.04
     9      10    3.0e+01   21    1.5e+01  -557.57283826  -401.82251492    -1.11300328   0.319542   1.3e+00   3.1e-04 0.04
    10      10    3.1e+01    0    2.1e+00  -557.57511035  -401.82478701    -0.00227209   0.319542   1.3e+00   3.1e-04 0.04
    11      30    8.4e+01   39    2.6e+01  -561.76764705  -406.01732372    -4.19253670   0.195347   7.8e-01   2.4e-04 0.04
    12      30    8.5e+01   28    2.0e+01  -562.75014771  -406.99982437    -0.98250066   0.173495   6.9e-01   2.7e-04 0.04
    13      30    8.5e+01   25    1.8e+01  -563.20311953  -407.45279620    -0.45297182   0.160007   6.4e-01   2.5e-04 0.04
    14      30    8.5e+01   23    1.7e+01  -563.49476200  -407.74443866    -0.29164247   0.202680   8.1e-01   2.6e-04 0.04
    15      30    8.6e+01   11    9.0e+00  -563.70569880  -407.95537546    -0.21093680   0.209638   8.4e-01   2.7e-04 0.04
    16      30    8.5e+01   13    1.0e+01  -563.86080506  -408.11048172    -0.15510626   0.183459   7.3e-01   2.7e-04 0.04
    17      30    8.6e+01   12    9.5e+00  -563.96249729  -408.21217395    -0.10169223   0.147469   5.9e-01   2.9e-04 0.04
    18      30    8.5e+01   11    9.0e+00  -564.02444683  -408.27412350    -0.06194954   0.112338   4.5e-01   3.1e-04 0.04
    19      30    8.6e+01   11    8.9e+00  -564.05975747  -408.30943413    -0.03531064   0.077776   3.1e-01   2.6e-04 0.04
    20      30    8.6e+01    7    6.6e+00  -564.08028771  -408.32996437    -0.02053024   0.047072   1.9e-01   2.7e-04 0.04
    21      30    8.7e+01    9    7.8e+00  -564.08997327  -408.33964993    -0.00968556   0.021864   8.7e-02   2.8e-04 0.04
    22      30    8.7e+01   11    9.0e+00  -564.09374125  -408.34341791    -0.00376798   0.009297   3.7e-02   2.3e-04 0.04
    23      30    8.6e+01   14    1.1e+01  -564.09512495  -408.34480161    -0.00138370   0.010642   4.3e-02   2.7e-04 0.04
    24      30    8.6e+01    7    6.7e+00  -564.09626271  -408.34593938    -0.00113776   0.010026   4.0e-02   1.9e-04 0.04
    25      30    8.7e+01   11    9.0e+00  -564.09664620  -408.34632286    -0.00038349   0.010618   4.2e-02   2.2e-04 0.04
    26      30    8.6e+01    7    6.5e+00  -564.09804028  -408.34771694    -0.00139408   0.011000   4.4e-02   2.7e-04 0.04
    27      30    8.6e+01   10    8.3e+00  -564.09816980  -408.34784646    -0.00012952   0.012928   5.2e-02   2.9e-04 0.04
    28      30    8.8e+01   11    9.1e+00  -564.09911148  -408.34878814    -0.00094168   0.014468   5.8e-02   2.0e-04 0.05
    29      30    8.8e+01    9    8.0e+00  -564.09956185  -408.34923852    -0.00045038   0.010716   4.3e-02   2.4e-04 0.05
    30      30    8.6e+01    8    7.2e+00  -564.09991779  -408.34959445    -0.00035594   0.012801   5.1e-02   2.7e-04 0.05
    31      30    8.6e+01    9    7.8e+00  -564.10032308  -408.34999974    -0.00040529   0.014771   5.9e-02   2.2e-04 0.05
    32      30    8.5e+01   11    9.1e+00  -564.10071707  -408.35039374    -0.00039399   0.017212   6.9e-02   1.6e-04 0.05
    33      30    8.5e+01    6    5.9e+00  -564.10129115  -408.35096781    -0.00057407   0.012421   5.0e-02   2.4e-04 0.05
    34      30    8.8e+01    6    5.9e+00  -564.10146662  -408.35114328    -0.00017548   0.011956   4.8e-02   2.6e-04 0.05
    35      30    8.9e+01    8    7.1e+00  -564.10189467  -408.35157134    -0.00042805   0.013616   5.4e-02   2.5e-04 0.05
    36      30    8.6e+01    4    4.7e+00  -564.10197066  -408.35164732    -0.00007599   0.013990   5.6e-02   2.2e-04 0.05
    37      30    8.6e+01    0    2.2e+00  -564.10198232  -408.35165898    -0.00001166   0.013990   5.6e-02   2.2e-04 0.05
    38      50    1.4e+02    8    7.3e+00  -564.10412245  -408.35379911    -0.00214012   0.001215   4.9e-03   2.7e-04 0.05
    39      50    1.4e+02    0    2.1e+00  -564.10414157  -408.35381823    -0.00001913   0.001215   4.9e-03   2.7e-04 0.05
    40      57    1.6e+02    3    4.0e+00  -564.10417981  -408.35385647    -0.00003823   0.000498   2.0e-03   1.8e-04 0.05
 
RESULTS OF THE OCCUPATION OPTIMIZATION
========================================
   1    1.9999993  -68.81216766
   2    1.9999695  -11.23925400
   3    1.9999669  -11.23620803
   4    1.9999761  -11.23340124
   5    1.9996992  -6.13073754
   6    1.9977399  -4.24289910
   7    1.9984002  -4.24187322
   8    1.9984329  -4.24146725
   9    1.9809242  -1.02156188
  10    1.9771541  -0.85765097
  11    1.9776435  -0.85366284
  12    1.9716913  -0.75637072
  13    1.9727958  -0.62953067
  14    1.9688629  -0.61247907
  15    1.9661697  -0.58468208
  16    1.9655927  -0.55804131
  17    1.9698945  -0.52852580
  18    1.9680121  -0.51842690
  19    1.9677583  -0.49900271
  20    1.9538501  -0.40558606
  21    0.0443182  -0.04070651
  22    0.0238669  -0.03297283
  23    0.0165575  -0.02397634
  24    0.0150486  -0.02284644
  25    0.0258590  -0.03346104
  26    0.0163223  -0.02009094
  27    0.0181976  -0.02690551
  28    0.0107389  -0.01686124
  29    0.0132330  -0.02008381
  30    0.0119751  -0.02154156
  31    0.0109097  -0.01918315
  32    0.0063472  -0.01199058
  33    0.0012953  -0.00906706
  34    0.0012530  -0.00877087
  35    0.0021770  -0.01961044
  36    0.0001228  -0.00141857
  37    0.0000125  -0.00014835
  38    0.0000283  -0.00055193
  39    0.0000212  -0.00037826
  40    0.0000001  -0.00000041
  41    0.0011147  -0.00192553
  42    0.0030000  -0.00622449
  43    0.0059030  -0.00835663
  44    0.0055668  -0.00909386
  45    0.0054969  -0.00856119
  46    0.0067419  -0.00986499
  47    0.0067597  -0.01038230
  48    0.0042609  -0.00786734
  49    0.0104975  -0.01691502
  50    0.0036673  -0.00911152
  51    0.0029122  -0.00738476
  52    0.0039956  -0.01170106
  53    0.0002189  -0.00323594
  54    0.0002468  -0.00403270
  55    0.0000233  -0.00016191
  56    0.0000894  -0.00128264
  57    0.0000011  -0.00005936
  58    0.0000013  -0.00004040
  59    0.0000028  -0.00002493
  60    0.0000000  -0.00000020
  61    0.0002506  -0.00048813
  62    0.0018705  -0.00327710
  63    0.0058671  -0.00827238
  64    0.0039736  -0.00775133
  65    0.0012935  -0.00265285
  66    0.0047085  -0.00702135
  67    0.0047519  -0.00735024
  68    0.0032816  -0.00608938
  69    0.0017415  -0.00390542
  70    0.0025860  -0.00698759
  71    0.0024208  -0.00739542
  72    0.0026620  -0.00736999
  73    0.0000094  -0.00010199
  74    0.0000599  -0.00092803
  75    0.0000217  -0.00026632
  76    0.0000238  -0.00087336
  77    0.0000009  -0.00002958
  78    0.0000006  -0.00000331
  79    0.0000017  -0.00003660
  80    0.0000000  -0.00000021
  81    0.0001352  -0.00028539
  82    0.0013013  -0.00243967
  83    0.0021382  -0.00399131
  84    0.0020795  -0.00436369
  85    0.0006743  -0.00140140
  86    0.0044178  -0.00684876
  87    0.0004008  -0.00089676
  88    0.0020366  -0.00501406
  89    0.0006668  -0.00143250
  90    0.0012662  -0.00440895
  91    0.0019079  -0.00613476
  92    0.0024235  -0.00727014
  93    0.0000062  -0.00029026
  94    0.0000098  -0.00012404
  95    0.0000088  -0.00005653
  96    0.0000118  -0.00007090
  97    0.0000007  -0.00000831
  98    0.0000003  -0.00000104
  99    0.0000011  -0.00004334
 100    0.0000000  -0.00000021
 101    0.0000802  -0.00019936
 102    0.0009875  -0.00179076
 103    0.0003629  -0.00086323
 104    0.0010043  -0.00202113
 105    0.0003331  -0.00076967
 106    0.0005396  -0.00120041
 107    0.0002213  -0.00053331
 108    0.0014996  -0.00398124
 109    0.0005866  -0.00140635
 110    0.0009834  -0.00292203
 111    0.0010731  -0.00288172
 112    0.0011194  -0.00411174
 113    0.0000045  -0.00004129
 114    0.0000085  -0.00006358
 115    0.0000060  -0.00004163
 116    0.0000113  -0.00006125
 117    0.0000006  -0.00000355
 118    0.0000002  -0.00000100
 119    0.0000004  -0.00000226
 120    0.0000000  -0.00000015
 121    0.0000438  -0.00012494
 122    0.0003290  -0.00073367
 123    0.0003287  -0.00075300
 124    0.0008298  -0.00162062
 125    0.0002423  -0.00055727
 126    0.0003058  -0.00074607
 127    0.0001639  -0.00046139
 128    0.0013233  -0.00276173
 129    0.0004193  -0.00096802
 130    0.0004689  -0.00140222
 131    0.0010277  -0.00287016
 132    0.0006530  -0.00233837
 133    0.0000043  -0.00005684
 134    0.0000046  -0.00009339
 135    0.0000049  -0.00004964
 136    0.0000082  -0.00005265
 137    0.0000006  -0.00000321
 138    0.0000002  -0.00000092
 139    0.0000004  -0.00000198
 140    0.0000000  -0.00000016
 141    0.0000401  -0.00011015
 142    0.0003028  -0.00065947
 143    0.0001748  -0.00040592
 144    0.0006341  -0.00134909
 145    0.0002333  -0.00055751
 146    0.0001970  -0.00050399
 147    0.0001176  -0.00031422
 148    0.0010763  -0.00284422
 149    0.0002840  -0.00069207
 150    0.0003738  -0.00113265
 151    0.0006763  -0.00229541
 152    0.0006090  -0.00167202
 153    0.0000040  -0.00005082
 154    0.0000040  -0.00003997
 155    0.0000042  -0.00003404
 156    0.0000076  -0.00006069
 157    0.0000006  -0.00000310
 158    0.0000002  -0.00000069
 159    0.0000003  -0.00000178
 160    0.0000000  -0.00000015
 161    0.0000308  -0.00007941
 162    0.0001432  -0.00034120
 163    0.0001209  -0.00029763
 164    0.0002429  -0.00057939
 165    0.0000894  -0.00024585
 166    0.0001497  -0.00035254
 167    0.0001067  -0.00031996
 168    0.0009964  -0.00240255
 169    0.0002094  -0.00052576
 170    0.0002120  -0.00083588
 171    0.0005257  -0.00143022
 172    0.0003565  -0.00175709
 173    0.0000038  -0.00003752
 174    0.0000029  -0.00002394
 175    0.0000036  -0.00002996
 176    0.0000047  -0.00017352
 177    0.0000005  -0.00000265
 178    0.0000002  -0.00000069
 179    0.0000003  -0.00000176
 180    0.0000000  -0.00000014
 181    0.0000225  -0.00005964
 182    0.0000966  -0.00024074
 183    0.0000974  -0.00022823
 184    0.0001703  -0.00041350
 185    0.0000663  -0.00018436
 186    0.0000966  -0.00024743
 187    0.0000981  -0.00027266
 188    0.0007821  -0.00178252
 189    0.0001630  -0.00043507
 190    0.0001399  -0.00037904
 191    0.0003885  -0.00111227
 192    0.0002605  -0.00093758
 193    0.0000037  -0.00003042
 194    0.0000018  -0.00001197
 195    0.0000031  -0.00002789
 196    0.0000043  -0.00003233
 197    0.0000005  -0.00000263
 198    0.0000002  -0.00000065
 199    0.0000003  -0.00000132
 200    0.0000000  -0.00000015
 201    0.0000203  -0.00005713
 202    0.0000824  -0.00020555
 203    0.0000940  -0.00024147
 204    0.0001226  -0.00030884
 205    0.0000608  -0.00016662
 206    0.0000863  -0.00023235
 207    0.0000772  -0.00022636
 208    0.0004206  -0.00100481
 209    0.0001330  -0.00036752
 210    0.0001274  -0.00040367
 211    0.0003095  -0.00102673
 212    0.0001737  -0.00067004
 213    0.0000035  -0.00005888
 214    0.0000017  -0.00001272
 215    0.0000023  -0.00001754
 216    0.0000029  -0.00003037
 217    0.0000005  -0.00000281
 218    0.0000002  -0.00000065
 219    0.0000003  -0.00000126
 220    0.0000000  -0.00000015
 221    0.0000195  -0.00005573
 222    0.0000502  -0.00015387
 223    0.0000733  -0.00019204
 224    0.0001130  -0.00029070
 225    0.0000160  -0.00006118
 226    0.0000727  -0.00020000
 227    0.0000537  -0.00016705
 228    0.0003488  -0.00084079
 229    0.0000675  -0.00020535
 230    0.0001182  -0.00033758
 231    0.0002673  -0.00078170
 232    0.0001033  -0.00035350
 233    0.0000029  -0.00002098
 234    0.0000015  -0.00000990
 235    0.0000014  -0.00000914
 236    0.0000023  -0.00001863
 237    0.0000005  -0.00000260
 238    0.0000002  -0.00000063
 239    0.0000002  -0.00000091
 240    0.0000000  -0.00000013
 241    0.0000171  -0.00005168
 242    0.0000385  -0.00012738
 243    0.0000505  -0.00015030
 244    0.0000694  -0.00018810
 245    0.0000121  -0.00004693
 246    0.0000569  -0.00015711
 247    0.0000509  -0.00016179
 248    0.0001833  -0.00048858
 249    0.0000616  -0.00017735
 250    0.0001168  -0.00034745
 251    0.0001573  -0.00047013
 252    0.0000855  -0.00028205
 253    0.0000024  -0.00001723
 254    0.0000014  -0.00000884
 255    0.0000012  -0.00000770
 256    0.0000022  -0.00001439
 257    0.0000005  -0.00000238
 258    0.0000001  -0.00000057
 259    0.0000002  -0.00000086
 260    0.0000000  -0.00000013
 261    0.0000161  -0.00004905
 262    0.0000331  -0.00010202
 263    0.0000394  -0.00013586
 264    0.0000653  -0.00018054
 265    0.0000051  -0.00002226
 266    0.0000516  -0.00014744
 267    0.0000455  -0.00014782
 268    0.0000879  -0.00024659
 269    0.0000572  -0.00016676
 270    0.0000901  -0.00026982
 271    0.0001220  -0.00038458
 272    0.0000753  -0.00025672
 273    0.0000023  -0.00001574
 274    0.0000011  -0.00000720
 275    0.0000006  -0.00000307
 276    0.0000021  -0.00001570
 277    0.0000005  -0.00000225
 278    0.0000001  -0.00000044
 279    0.0000002  -0.00000059
 280    0.0000000  -0.00000015
 281    0.0000143  -0.00003384
 282    0.0000265  -0.00008945
 283    0.0000364  -0.00011994
 284    0.0000584  -0.00017078
 285    0.0000049  -0.00001977
 286    0.0000447  -0.00013513
 287    0.0000359  -0.00011953
 288    0.0000544  -0.00016671
 289    0.0000476  -0.00015464
 290    0.0000422  -0.00015154
 291    0.0000731  -0.00022920
 292    0.0000648  -0.00022106
 293    0.0000016  -0.00001244
 294    0.0000006  -0.00000369
 295    0.0000004  -0.00000235
 296    0.0000020  -0.00001391
 297    0.0000004  -0.00000197
 298    0.0000001  -0.00000045
 299    0.0000002  -0.00000064
 300    0.0000000  -0.00000010
 301    0.0000078  -0.00002432
 302    0.0000219  -0.00007793
 303    0.0000331  -0.00011814
 304    0.0000463  -0.00014229
 305    0.0000043  -0.00001784
 306    0.0000140  -0.00005586
 307    0.0000332  -0.00011798
 308    0.0000262  -0.00009629
 309    0.0000408  -0.00013807
 310    0.0000354  -0.00013019
 311    0.0000259  -0.00009914
 312    0.0000569  -0.00019182
 313    0.0000010  -0.00000566
 314    0.0000004  -0.00000249
 315    0.0000004  -0.00000178
 316    0.0000011  -0.00000754
 317    0.0000004  -0.00000197
 318    0.0000001  -0.00000048
 319    0.0000001  -0.00000065
 320    0.0000000  -0.00000010
 321    0.0000046  -0.00001459
 322    0.0000218  -0.00007421
 323    0.0000269  -0.00008862
 324    0.0000254  -0.00009659
 325    0.0000035  -0.00001388
 326    0.0000093  -0.00003810
 327    0.0000103  -0.00004293
 328    0.0000223  -0.00007513
 329    0.0000367  -0.00012326
 330    0.0000288  -0.00011058
 331    0.0000169  -0.00007116
 332    0.0000341  -0.00013131
 333    0.0000008  -0.00000454
 334    0.0000003  -0.00000137
 335    0.0000003  -0.00000111
 336    0.0000010  -0.00000634
 337    0.0000004  -0.00000184
 338    0.0000001  -0.00000042
 339    0.0000001  -0.00000054
 340    0.0000000  -0.00000010
 341    0.0000036  -0.00000960
 342    0.0000184  -0.00006708
 343    0.0000160  -0.00006421
 344    0.0000108  -0.00004570
 345    0.0000030  -0.00001166
 346    0.0000038  -0.00001553
 347    0.0000048  -0.00002031
 348    0.0000165  -0.00006088
 349    0.0000275  -0.00009361
 350    0.0000278  -0.00010526
 351    0.0000123  -0.00005368
 352    0.0000159  -0.00006831
 353    0.0000007  -0.00000357
 354    0.0000003  -0.00000093
 355    0.0000002  -0.00000090
 356    0.0000010  -0.00000653
 357    0.0000004  -0.00000162
 358    0.0000001  -0.00000045
 359    0.0000001  -0.00000049
 360    0.0000000  -0.00000008
 361    0.0000024  -0.00000555
 362    0.0000130  -0.00005207
 363    0.0000143  -0.00005752
 364    0.0000097  -0.00004105
 365    0.0000020  -0.00000716
 366    0.0000032  -0.00001290
 367    0.0000029  -0.00001181
 368    0.0000157  -0.00006039
 369    0.0000145  -0.00005491
 370    0.0000249  -0.00009871
 371    0.0000039  -0.00002118
 372    0.0000122  -0.00005482
 373    0.0000004  -0.00000215
 374    0.0000002  -0.00000085
 375    0.0000001  -0.00000045
 376    0.0000006  -0.00000365
 377    0.0000004  -0.00000161
 378    0.0000001  -0.00000036
 379    0.0000001  -0.00000039
 380    0.0000000  -0.00000005
 381    0.0000022  -0.00000518
 382    0.0000120  -0.00004831
 383    0.0000137  -0.00005458
 384    0.0000090  -0.00004007
 385    0.0000019  -0.00000655
 386    0.0000028  -0.00001107
 387    0.0000018  -0.00000658
 388    0.0000126  -0.00005062
 389    0.0000064  -0.00003028
 390    0.0000216  -0.00008469
 391    0.0000036  -0.00001829
 392    0.0000084  -0.00004227
 393    0.0000004  -0.00000185
 394    0.0000002  -0.00000098
 395    0.0000001  -0.00000041
 396    0.0000005  -0.00000264
 397    0.0000004  -0.00000142
 398    0.0000001  -0.00000045
 399    0.0000001  -0.00000032
 400    0.0000000  -0.00000005
 401    0.0000016  -0.00000322
 402    0.0000091  -0.00003837
 403    0.0000118  -0.00004883
 404    0.0000080  -0.00003561
 405    0.0000017  -0.00000575
 406    0.0000020  -0.00000706
 407    0.0000009  -0.00000351
 408    0.0000116  -0.00004657
 409    0.0000045  -0.00002033
 410    0.0000206  -0.00007742
 411    0.0000034  -0.00001628
 412    0.0000066  -0.00003563
 413    0.0000003  -0.00000100
 414    0.0000002  -0.00000089
 415    0.0000001  -0.00000037
 416    0.0000004  -0.00000167
 417    0.0000004  -0.00000155
 418    0.0000001  -0.00000037
 419    0.0000001  -0.00000033
 420    0.0000000  -0.00000006
 421    0.0000014  -0.00000266
 422    0.0000079  -0.00003384
 423    0.0000108  -0.00004252
 424    0.0000071  -0.00003288
 425    0.0000016  -0.00000506
 426    0.0000014  -0.00000491
 427    0.0000009  -0.00000245
 428    0.0000033  -0.00001315
 429    0.0000043  -0.00001911
 430    0.0000123  -0.00005491
 431    0.0000033  -0.00001536
 432    0.0000055  -0.00002914
 433    0.0000003  -0.00000112
 434    0.0000002  -0.00000076
 435    0.0000001  -0.00000041
 436    0.0000004  -0.00000161
 437    0.0000003  -0.00000126
 438    0.0000001  -0.00000034
 439    0.0000001  -0.00000032
 440    0.0000000  -0.00000006
 441    0.0000013  -0.00000253
 442    0.0000066  -0.00002815
 443    0.0000105  -0.00004331
 444    0.0000056  -0.00002778
 445    0.0000014  -0.00000484
 446    0.0000013  -0.00000377
 447    0.0000008  -0.00000205
 448    0.0000031  -0.00001350
 449    0.0000037  -0.00001542
 450    0.0000097  -0.00004356
 451    0.0000029  -0.00001373
 452    0.0000045  -0.00002465
 453    0.0000002  -0.00000069
 454    0.0000002  -0.00000067
 455    0.0000001  -0.00000034
 456    0.0000003  -0.00000132
 457    0.0000003  -0.00000121
 458    0.0000001  -0.00000026
 459    0.0000001  -0.00000030
 460    0.0000000  -0.00000002
 461    0.0000012  -0.00000192
 462    0.0000027  -0.00001023
 463    0.0000064  -0.00003028
 464    0.0000047  -0.00002197
 465    0.0000010  -0.00000277
 466    0.0000012  -0.00000330
 467    0.0000008  -0.00000212
 468    0.0000022  -0.00000878
 469    0.0000023  -0.00000933
 470    0.0000083  -0.00004157
 471    0.0000027  -0.00001406
 472    0.0000022  -0.00001100
 473    0.0000002  -0.00000051
 474    0.0000002  -0.00000057
 475    0.0000001  -0.00000029
 476    0.0000002  -0.00000065
 477    0.0000003  -0.00000127
 478    0.0000001  -0.00000027
 479    0.0000001  -0.00000029
 480    0.0000000  -0.00000001
 
----------------
 Final Energies 
----------------
Final NOF Total Energy =    -408.3538565
 
Total Orbital Internal Iterations = 1067
Total Occupation Internal Iterations = 764
 
Elapsed time: 3973.16 Seconds

---------------------------------
   Lowdin Population Analysis    
---------------------------------
 Idx  Atom   Population   Charge 
---------------------------------
  1    Si    13.586       0.414
  2     C     5.966       0.034
  3     C     5.987       0.013
  4     H     1.052      -0.052
  5     H     1.050      -0.050
  6     C     5.813       0.187
  7     H     1.062      -0.062
  8     H     1.076      -0.076
  9     H     1.081      -0.081
 10     H     1.108      -0.108
 11     H     1.108      -0.108
 12     H     1.111      -0.111

---------------------------------
   M Diagnostic: 0.05
---------------------------------

