Computing Integrals
Basis Set                                            = def2-qzvp
Auxiliary Basis Set                                  = def2-universal-jkfit
Gaussian Type                                        = Spherical
Elapsed time:   18.64 Seconds

Number of basis functions                   (NBF)    = 261
Number of auxiliary basis functions         (NBFAUX) = 281
Inactive Doubly occupied orbitals up to     (NO1)    = 0
No. considered Strongly Doubly occupied MOs (NDOC)   = 11
No. considered Strongly Singly occupied MOs (NSOC)   = 0
NO. of Weakly occ. per St. Doubly occ.  MOs (NCWO)   = 22
Dimension of the Nat. Orb. subspace         (NBF5)   = 253
No. of electrons                                     = 22
    No. of alpha electrons                           = 11
    No. of beta electrons                            = 11
Multiplicity                                         = 1

Geometry
========
 C       0.9674583      -0.1163671       0.0000000
 N      -0.3099720      -0.0898597       0.0000000
 C      -1.5211073      -0.2201241       0.0000000
 H       1.5009811      -0.1281249       0.9417770
 H       1.5009811      -0.1281249      -0.9417770
 H      -2.1383412       0.6826006       0.0000000

No violations of the orthonormality
No violations of the orthonormality
 
PNOF8/ADAM Calculation
==================
 
  Nitext  Nit_orb  Time   Nit_occ  Time         Eelec          Etot           Ediff      maxdiff    MaxGrad_orb  Grad_occ
     1      10    6.4e+01   17    7.0e+01  -180.83754296  -119.73233581 -10179.83754296   1.297652   5.2e+00   2.4e-04 0.00
     2      10    1.5e+01   92    3.2e+01  -187.32914808  -126.22394093    -6.49160513   0.354610   1.4e+00   2.1e-04 0.02
     3      10    6.2e+00   75    2.2e+01  -190.18090571  -129.07569856    -2.85175763   1.540863   6.2e+00   2.5e-04 0.03
     4      10    1.3e+01   29    1.2e+01  -191.04285766  -129.93765051    -0.86195195   0.206522   8.3e-01   2.0e-04 0.04
     5      10    1.5e+01   28    1.1e+01  -191.38215970  -130.27695255    -0.33930204   0.200796   8.0e-01   2.2e-04 0.05
     6      10    1.3e+01   22    1.0e+01  -191.66946482  -130.56425767    -0.28730512   0.160836   6.4e-01   2.6e-04 0.05
     7      10    1.6e+01   29    1.2e+01  -191.83729878  -130.73209163    -0.16783396   0.159390   6.4e-01   2.1e-04 0.05
     8      10    1.4e+01   17    7.3e+00  -192.12305134  -131.01784419    -0.28575256   0.172025   6.9e-01   2.2e-04 0.05
     9      10    1.4e+01   19    7.9e+00  -192.41871084  -131.31350369    -0.29565950   0.152626   6.1e-01   2.0e-04 0.06
    10      10    1.4e+01   19    7.7e+00  -192.64151414  -131.53630699    -0.22280330   0.131376   5.3e-01   1.5e-04 0.06
    11      10    1.5e+01   18    8.3e+00  -192.77110397  -131.66589682    -0.12958984   0.130154   5.2e-01   1.5e-04 0.06
    12      10    1.3e+01   18    8.0e+00  -192.94329797  -131.83809082    -0.17219400   0.112082   4.5e-01   1.9e-04 0.06
    13      10    8.0e+00   11    3.0e+00  -193.03253058  -131.92732343    -0.08923261   0.164870   6.6e-01   2.3e-04 0.06
    14      10    6.5e+00   13    3.2e+00  -193.05389907  -131.94869192    -0.02136849   0.104831   4.2e-01   2.0e-04 0.06
    15      10    1.0e+01   13    6.3e+00  -193.12049262  -132.01528548    -0.06659356   0.140596   5.6e-01   1.9e-04 0.05
    16      10    1.0e+01    0    5.0e-01  -193.12076442  -132.01555727    -0.00027180   0.140596   5.6e-01   1.9e-04 0.05
    17      30    4.0e+01   14    6.4e+00  -193.33082262  -132.22561548    -0.21005820   0.074815   3.0e-01   2.4e-04 0.05
    18      30    4.3e+01   16    8.0e+00  -193.39410411  -132.28889697    -0.06328149   0.085402   3.4e-01   2.0e-04 0.04
    19      30    3.9e+01    8    3.8e+00  -193.45919852  -132.35399137    -0.06509441   0.106110   4.2e-01   1.9e-04 0.04
    20      30    4.2e+01    7    4.2e+00  -193.51481391  -132.40960677    -0.05561539   0.111324   4.5e-01   2.3e-04 0.04
    21      30    4.2e+01    7    4.3e+00  -193.56058974  -132.45538259    -0.04577583   0.104856   4.2e-01   2.3e-04 0.04
    22      30    1.8e+01    7    1.9e+00  -193.59901408  -132.49380694    -0.03842434   0.090451   3.6e-01   2.1e-04 0.04
    23      30    1.7e+01    7    3.0e+00  -193.62776215  -132.52255500    -0.02874806   0.071053   2.8e-01   2.1e-04 0.04
    24      30    3.9e+01    7    4.2e+00  -193.64796259  -132.54275544    -0.02020044   0.048807   2.0e-01   2.5e-04 0.04
    25      30    4.1e+01    8    4.2e+00  -193.65938058  -132.55417343    -0.01141799   0.027370   1.1e-01   2.0e-04 0.05
    26      30    4.3e+01    4    3.1e+00  -193.66404543  -132.55883829    -0.00466486   0.007890   3.2e-02   2.9e-04 0.05
    27      30    4.0e+01    7    3.7e+00  -193.66504237  -132.55983522    -0.00099694   0.005239   2.1e-02   2.5e-04 0.05
    28      30    4.1e+01    8    4.1e+00  -193.66547171  -132.56026456    -0.00042934   0.005844   2.3e-02   2.4e-04 0.05
    29      30    3.8e+01    4    1.9e+00  -193.66573688  -132.56052973    -0.00026517   0.005589   2.2e-02   2.6e-04 0.05
    30      30    1.6e+01    0    6.4e-01  -193.66575567  -132.56054852    -0.00001879   0.005590   2.2e-02   2.6e-04 0.05
    31      49    5.6e+01    9    5.6e+00  -193.66652268  -132.56131554    -0.00076702   0.000485   1.9e-03   1.8e-04 0.05
 
RESULTS OF THE OCCUPATION OPTIMIZATION
========================================
   1    1.9999677  -13.98821916
   2    1.9999609  -12.73893690
   3    1.9999555  -11.49069392
   4    1.9833567  -1.25047930
   5    1.9797584  -1.03060851
   6    1.9743928  -0.84040026
   7    1.9727130  -0.69688085
   8    1.9681692  -0.67489460
   9    1.9682160  -0.59773970
  10    1.9575032  -0.50718052
  11    1.9518529  -0.38691796
  12    0.0458241  -0.05107875
  13    0.0359847  -0.04084786
  14    0.0234637  -0.03740459
  15    0.0129664  -0.01833040
  16    0.0142867  -0.01917445
  17    0.0149229  -0.02501842
  18    0.0075033  -0.01407448
  19    0.0053963  -0.01019435
  20    0.0000285  -0.00062508
  21    0.0000158  -0.00039580
  22    0.0000188  -0.00050284
  23    0.0012782  -0.00240647
  24    0.0040401  -0.00659825
  25    0.0041563  -0.00782619
  26    0.0127867  -0.01823942
  27    0.0038327  -0.00696065
  28    0.0041679  -0.00755513
  29    0.0053100  -0.01060128
  30    0.0040522  -0.00825360
  31    0.0000035  -0.00006772
  32    0.0000039  -0.00005371
  33    0.0000022  -0.00002140
  34    0.0007562  -0.00150195
  35    0.0017683  -0.00333592
  36    0.0011769  -0.00296444
  37    0.0032386  -0.00522837
  38    0.0037275  -0.00648524
  39    0.0030723  -0.00576670
  40    0.0020238  -0.00596913
  41    0.0034980  -0.00727987
  42    0.0000025  -0.00002747
  43    0.0000038  -0.00005239
  44    0.0000018  -0.00001442
  45    0.0001421  -0.00034501
  46    0.0002396  -0.00059108
  47    0.0009310  -0.00250047
  48    0.0006706  -0.00157076
  49    0.0024208  -0.00486728
  50    0.0013281  -0.00332659
  51    0.0014238  -0.00538034
  52    0.0013888  -0.00592141
  53    0.0000021  -0.00001907
  54    0.0000030  -0.00004305
  55    0.0000011  -0.00002225
  56    0.0000444  -0.00012364
  57    0.0001648  -0.00040084
  58    0.0006119  -0.00154062
  59    0.0006166  -0.00146971
  60    0.0008417  -0.00221667
  61    0.0008018  -0.00214033
  62    0.0011214  -0.00358541
  63    0.0005211  -0.00342220
  64    0.0000019  -0.00001778
  65    0.0000021  -0.00001646
  66    0.0000010  -0.00003911
  67    0.0000226  -0.00006364
  68    0.0000705  -0.00021318
  69    0.0005654  -0.00147447
  70    0.0004760  -0.00115321
  71    0.0006239  -0.00164025
  72    0.0002867  -0.00076240
  73    0.0008713  -0.00243063
  74    0.0003898  -0.00192067
  75    0.0000011  -0.00002033
  76    0.0000019  -0.00001561
  77    0.0000009  -0.00000731
  78    0.0000185  -0.00005301
  79    0.0000666  -0.00019863
  80    0.0003439  -0.00085748
  81    0.0003925  -0.00103612
  82    0.0003252  -0.00087816
  83    0.0002532  -0.00071622
  84    0.0004614  -0.00155241
  85    0.0002707  -0.00092104
  86    0.0000011  -0.00001643
  87    0.0000015  -0.00003198
  88    0.0000007  -0.00001499
  89    0.0000134  -0.00004318
  90    0.0000351  -0.00012071
  91    0.0002217  -0.00059272
  92    0.0002163  -0.00054978
  93    0.0002803  -0.00082531
  94    0.0002010  -0.00055253
  95    0.0003600  -0.00110092
  96    0.0002011  -0.00079306
  97    0.0000005  -0.00001426
  98    0.0000012  -0.00001027
  99    0.0000006  -0.00001048
 100    0.0000125  -0.00004269
 101    0.0000259  -0.00009541
 102    0.0000986  -0.00030492
 103    0.0001085  -0.00032352
 104    0.0002056  -0.00054001
 105    0.0001796  -0.00052206
 106    0.0003122  -0.00087123
 107    0.0001738  -0.00100345
 108    0.0000004  -0.00000263
 109    0.0000008  -0.00001096
 110    0.0000006  -0.00000520
 111    0.0000090  -0.00003494
 112    0.0000187  -0.00006992
 113    0.0000529  -0.00017234
 114    0.0000651  -0.00020277
 115    0.0001532  -0.00046078
 116    0.0001252  -0.00039337
 117    0.0002166  -0.00080237
 118    0.0001326  -0.00051099
 119    0.0000004  -0.00000245
 120    0.0000008  -0.00000661
 121    0.0000006  -0.00000569
 122    0.0000081  -0.00003260
 123    0.0000157  -0.00005825
 124    0.0000299  -0.00012352
 125    0.0000526  -0.00017008
 126    0.0001353  -0.00040833
 127    0.0000696  -0.00022810
 128    0.0001726  -0.00071231
 129    0.0001233  -0.00056833
 130    0.0000004  -0.00000222
 131    0.0000007  -0.00001649
 132    0.0000005  -0.00000381
 133    0.0000055  -0.00002042
 134    0.0000131  -0.00004979
 135    0.0000256  -0.00010084
 136    0.0000462  -0.00015432
 137    0.0001276  -0.00038799
 138    0.0000459  -0.00017062
 139    0.0001220  -0.00044413
 140    0.0001087  -0.00044074
 141    0.0000003  -0.00000126
 142    0.0000006  -0.00001472
 143    0.0000005  -0.00000352
 144    0.0000029  -0.00000935
 145    0.0000104  -0.00004134
 146    0.0000234  -0.00009783
 147    0.0000462  -0.00015400
 148    0.0001095  -0.00032544
 149    0.0000398  -0.00015278
 150    0.0000940  -0.00050220
 151    0.0000894  -0.00039940
 152    0.0000003  -0.00000113
 153    0.0000004  -0.00000270
 154    0.0000004  -0.00000312
 155    0.0000025  -0.00000888
 156    0.0000090  -0.00003766
 157    0.0000187  -0.00007072
 158    0.0000363  -0.00012421
 159    0.0000767  -0.00026841
 160    0.0000316  -0.00013221
 161    0.0000626  -0.00022036
 162    0.0000818  -0.00028754
 163    0.0000003  -0.00000080
 164    0.0000004  -0.00000233
 165    0.0000004  -0.00000196
 166    0.0000018  -0.00000765
 167    0.0000070  -0.00002966
 168    0.0000165  -0.00006813
 169    0.0000307  -0.00011411
 170    0.0000587  -0.00020260
 171    0.0000179  -0.00008060
 172    0.0000538  -0.00019913
 173    0.0000638  -0.00022394
 174    0.0000002  -0.00000080
 175    0.0000004  -0.00000164
 176    0.0000003  -0.00000141
 177    0.0000017  -0.00000521
 178    0.0000067  -0.00003044
 179    0.0000139  -0.00006089
 180    0.0000264  -0.00010476
 181    0.0000369  -0.00014590
 182    0.0000158  -0.00006812
 183    0.0000351  -0.00013499
 184    0.0000388  -0.00015015
 185    0.0000002  -0.00000057
 186    0.0000004  -0.00000177
 187    0.0000003  -0.00000152
 188    0.0000016  -0.00000349
 189    0.0000048  -0.00002401
 190    0.0000119  -0.00004864
 191    0.0000204  -0.00008393
 192    0.0000131  -0.00006181
 193    0.0000145  -0.00006577
 194    0.0000265  -0.00010733
 195    0.0000287  -0.00013821
 196    0.0000002  -0.00000055
 197    0.0000003  -0.00000103
 198    0.0000003  -0.00000123
 199    0.0000009  -0.00000217
 200    0.0000044  -0.00002242
 201    0.0000079  -0.00003989
 202    0.0000113  -0.00005080
 203    0.0000098  -0.00004786
 204    0.0000115  -0.00005228
 205    0.0000215  -0.00009777
 206    0.0000234  -0.00011193
 207    0.0000002  -0.00000046
 208    0.0000003  -0.00000073
 209    0.0000003  -0.00000079
 210    0.0000003  -0.00000013
 211    0.0000042  -0.00001897
 212    0.0000061  -0.00003263
 213    0.0000075  -0.00003638
 214    0.0000079  -0.00004375
 215    0.0000080  -0.00004018
 216    0.0000196  -0.00008398
 217    0.0000215  -0.00008878
 218    0.0000002  -0.00000040
 219    0.0000003  -0.00000083
 220    0.0000003  -0.00000084
 221    0.0000003  -0.00000019
 222    0.0000038  -0.00001965
 223    0.0000036  -0.00002275
 224    0.0000063  -0.00003250
 225    0.0000067  -0.00003448
 226    0.0000072  -0.00003824
 227    0.0000176  -0.00008089
 228    0.0000156  -0.00008084
 229    0.0000002  -0.00000050
 230    0.0000003  -0.00000084
 231    0.0000002  -0.00000071
 232    0.0000003  -0.00000020
 233    0.0000026  -0.00000971
 234    0.0000027  -0.00001328
 235    0.0000052  -0.00002616
 236    0.0000044  -0.00002841
 237    0.0000043  -0.00002638
 238    0.0000067  -0.00003917
 239    0.0000133  -0.00006613
 240    0.0000001  -0.00000046
 241    0.0000002  -0.00000081
 242    0.0000002  -0.00000057
 243    0.0000002  -0.00000030
 244    0.0000008  -0.00000199
 245    0.0000015  -0.00000551
 246    0.0000045  -0.00002320
 247    0.0000030  -0.00001503
 248    0.0000024  -0.00001188
 249    0.0000059  -0.00003463
 250    0.0000105  -0.00005340
 251    0.0000001  -0.00000031
 252    0.0000002  -0.00000083
 253    0.0000002  -0.00000047
 
----------------
 Final Energies 
----------------
Final NOF Total Energy =    -132.5613155
 
Total Orbital Internal Iterations = 629
Total Occupation Internal Iterations = 533
 
Elapsed time: 1212.55 Seconds

---------------------------------
   Lowdin Population Analysis    
---------------------------------
 Idx  Atom   Population   Charge 
---------------------------------
  1     C     5.915       0.085
  2     N     6.689       0.311
  3     C     6.045      -0.045
  4     H     1.103      -0.103
  5     H     1.104      -0.104
  6     H     1.145      -0.145

---------------------------------
   M Diagnostic: 0.05
---------------------------------

