Computing Integrals
Basis Set                                            = def2-qzvp
Auxiliary Basis Set                                  = def2-universal-jkfit
Gaussian Type                                        = Spherical
Elapsed time:   14.35 Seconds

Number of basis functions                   (NBF)    = 495
Number of auxiliary basis functions         (NBFAUX) = 503
Inactive Doubly occupied orbitals up to     (NO1)    = 0
No. considered Strongly Doubly occupied MOs (NDOC)   = 19
No. considered Strongly Singly occupied MOs (NSOC)   = 0
NO. of Weakly occ. per St. Doubly occ.  MOs (NCWO)   = 25
Dimension of the Nat. Orb. subspace         (NBF5)   = 494
No. of electrons                                     = 38
    No. of alpha electrons                           = 19
    No. of beta electrons                            = 19
Multiplicity                                         = 1

Geometry
========
 C       1.2760904      -0.7732734       0.0000000
 C       1.2313472       0.5890534       0.0000000
 C      -1.1819238       1.0732497       0.0000000
 N      -1.4943519      -0.1990555       0.0000000
 C      -1.0663852      -1.3384017       0.0000000
 H       1.4201582      -1.3308488      -0.9170894
 H       1.4201582      -1.3308488       0.9170894
 H       1.3453620       1.1502202      -0.9195679
 H       1.3453620       1.1502202       0.9195679
 H      -1.3003145       1.6193243       0.9290035
 H      -1.3003145       1.6193243      -0.9290035
 H      -1.6951880      -2.2289638       0.0000000

No violations of the orthonormality
No violations of the orthonormality
 
PNOF8/ADAM Calculation
==================
 
  Nitext  Nit_orb  Time   Nit_occ  Time         Eelec          Etot           Ediff      maxdiff    MaxGrad_orb  Grad_occ
     1      10    5.8e+01   18    4.5e+01  -344.74204696  -186.75610289 -10343.74204696   1.924363   7.7e+00   1.9e-04 0.00
     2      10    5.6e+01  117    1.5e+02  -358.10397253  -200.11802846   -13.36192557   0.242376   9.7e-01   2.4e-04 0.01
     3      10    6.1e+01   76    6.3e+01  -363.54882603  -205.56288196    -5.44485350   1.609010   6.4e+00   2.9e-04 0.03
     4      10    3.8e+01   33    2.8e+01  -364.71635999  -206.73041592    -1.16753396   0.236397   9.5e-01   2.8e-04 0.03
     5      10    3.9e+01   24    2.1e+01  -364.85068296  -206.86473889    -0.13432297   0.171572   6.9e-01   2.7e-04 0.04
     6      10    5.4e+01    0    4.3e+00  -364.85454653  -206.86860246    -0.00386357   0.171572   6.9e-01   2.7e-04 0.04
     7      30    1.9e+02   26    4.2e+01  -367.49963979  -209.51369572    -2.64509326   0.129245   5.2e-01   2.4e-04 0.04
     8      30    1.1e+02   22    2.0e+01  -368.19821094  -210.21226687    -0.69857114   0.124470   5.0e-01   2.3e-04 0.04
     9      30    1.1e+02   19    1.8e+01  -368.52973375  -210.54378968    -0.33152281   0.146411   5.9e-01   2.5e-04 0.04
    10      30    1.6e+02   12    2.0e+01  -368.70992859  -210.72398452    -0.18019485   0.139668   5.6e-01   2.8e-04 0.04
    11      30    1.9e+02   20    3.1e+01  -368.81763688  -210.83169281    -0.10770828   0.108081   4.3e-01   1.9e-04 0.04
    12      30    1.6e+02    8    9.0e+00  -368.89013493  -210.90419086    -0.07249805   0.079851   3.2e-01   2.4e-04 0.04
    13      30    1.1e+02    8    8.9e+00  -368.94110560  -210.95516153    -0.05097067   0.077925   3.1e-01   2.7e-04 0.04
    14      30    1.1e+02   20    2.8e+01  -368.98093127  -210.99498720    -0.03982567   0.048860   2.0e-01   2.2e-04 0.04
    15      30    1.8e+02   11    1.9e+01  -369.00935706  -211.02341299    -0.02842579   0.035680   1.4e-01   1.9e-04 0.04
    16      30    1.9e+02    7    1.1e+01  -369.02763274  -211.04168867    -0.01827568   0.028174   1.1e-01   2.9e-04 0.04
    17      30    1.1e+02   13    1.3e+01  -369.03789431  -211.05195024    -0.01026157   0.013774   5.5e-02   2.3e-04 0.04
    18      30    1.2e+02   13    1.3e+01  -369.04300053  -211.05705645    -0.00510622   0.021098   8.4e-02   1.7e-04 0.04
    19      30    1.5e+02   10    1.7e+01  -369.04585224  -211.05990817    -0.00285171   0.043491   1.7e-01   3.0e-04 0.05
    20      30    1.7e+02   11    1.8e+01  -369.04749151  -211.06154744    -0.00163927   0.011096   4.4e-02   2.2e-04 0.05
    21      30    1.7e+02   11    1.8e+01  -369.04867596  -211.06273189    -0.00118445   0.008077   3.2e-02   2.2e-04 0.05
    22      30    1.7e+02   14    2.2e+01  -369.04923349  -211.06328942    -0.00055753   0.007415   3.0e-02   1.8e-04 0.05
    23      30    1.7e+02    7    1.3e+01  -369.04982144  -211.06387737    -0.00058795   0.007475   3.0e-02   1.8e-04 0.05
    24      30    1.2e+02    7    8.3e+00  -369.05027798  -211.06433391    -0.00045654   0.013520   5.4e-02   2.2e-04 0.05
    25      30    1.1e+02    7    8.1e+00  -369.05070881  -211.06476474    -0.00043083   0.016677   6.7e-02   2.3e-04 0.05
    26      30    1.1e+02    6    7.3e+00  -369.05101488  -211.06507081    -0.00030607   0.006959   2.8e-02   2.6e-04 0.05
    27      30    1.1e+02    7    1.0e+01  -369.05124479  -211.06530072    -0.00022991   0.006434   2.6e-02   2.5e-04 0.05
    28      30    1.1e+02    7    8.9e+00  -369.05132660  -211.06538253    -0.00008181   0.006908   2.8e-02   2.4e-04 0.05
    29      30    1.4e+02    4    7.4e+00  -369.05154649  -211.06560241    -0.00021989   0.007082   2.8e-02   2.2e-04 0.05
    30      30    1.7e+02    4    9.8e+00  -369.05173968  -211.06579561    -0.00019319   0.006334   2.5e-02   2.7e-04 0.05
    31      30    1.7e+02    4    8.9e+00  -369.05179840  -211.06585433    -0.00005872   0.007484   3.0e-02   3.0e-04 0.05
    32      30    1.5e+02    6    7.7e+00  -369.05195794  -211.06601387    -0.00015954   0.007314   2.9e-02   2.5e-04 0.05
    33      30    1.1e+02    0    3.8e+00  -369.05198580  -211.06604172    -0.00002785   0.007314   2.9e-02   2.5e-04 0.05
    34      50    2.0e+02    1    4.0e+00  -369.05373562  -211.06779155    -0.00174982   0.005436   2.2e-02   2.8e-04 0.05
    35      50    2.7e+02    9    1.5e+01  -369.05374784  -211.06780377    -0.00001222   0.001470   5.9e-03   1.7e-04 0.05
    36      50    2.9e+02    3    8.1e+00  -369.05384497  -211.06790089    -0.00009713   0.008116   3.2e-02   1.8e-04 0.05
    37      50    1.9e+02    4    8.8e+00  -369.05389909  -211.06795502    -0.00005413   0.014483   5.8e-02   2.5e-04 0.05
    38      50    2.0e+02    6    1.0e+01  -369.05396239  -211.06801832    -0.00006329   0.001597   6.4e-03   2.0e-04 0.05
    39      50    2.8e+02    1    5.8e+00  -369.05403758  -211.06809351    -0.00007519   0.003107   1.2e-02   2.5e-04 0.05
    40      50    3.0e+02    3    8.1e+00  -369.05408985  -211.06814578    -0.00005227   0.001413   5.7e-03   2.9e-04 0.05
 
RESULTS OF THE OCCUPATION OPTIMIZATION
========================================
   1    1.9999733  -12.86664904
   2    1.9999714  -12.09642062
   3    1.9999704  -12.04942657
   4    1.9999652  -11.95089459
   5    1.9999640  -11.66802366
   6    1.9818638  -1.16384469
   7    1.9807226  -1.06839930
   8    1.9793014  -0.97737014
   9    1.9774869  -0.83034996
  10    1.9749111  -0.81790327
  11    1.9686989  -0.69522816
  12    1.9663714  -0.65172360
  13    1.9688008  -0.62617388
  14    1.9709168  -0.62155182
  15    1.9679439  -0.60904608
  16    1.9653578  -0.53450669
  17    1.9562588  -0.50906680
  18    1.9557140  -0.37821959
  19    1.9509409  -0.36851552
  20    0.0478804  -0.05419451
  21    0.0409951  -0.04103721
  22    0.0409518  -0.04471769
  23    0.0136278  -0.01753040
  24    0.0205558  -0.02943688
  25    0.0147966  -0.02197893
  26    0.0157180  -0.01976240
  27    0.0143699  -0.01913614
  28    0.0248085  -0.03844512
  29    0.0140849  -0.02204821
  30    0.0161648  -0.02124987
  31    0.0054430  -0.00987042
  32    0.0068975  -0.01289440
  33    0.0059519  -0.01167508
  34    0.0000264  -0.00054038
  35    0.0000192  -0.00044332
  36    0.0000094  -0.00021180
  37    0.0000112  -0.00023859
  38    0.0000117  -0.00029403
  39    0.0005180  -0.00109708
  40    0.0012349  -0.00209141
  41    0.0016235  -0.00313482
  42    0.0113797  -0.01511810
  43    0.0064257  -0.00952990
  44    0.0046389  -0.00817909
  45    0.0046501  -0.00690967
  46    0.0138307  -0.01810184
  47    0.0042309  -0.00790354
  48    0.0038104  -0.00655688
  49    0.0020798  -0.00530502
  50    0.0039471  -0.00724195
  51    0.0046420  -0.00843336
  52    0.0054616  -0.01010696
  53    0.0000012  -0.00003736
  54    0.0000028  -0.00002219
  55    0.0000050  -0.00007027
  56    0.0000035  -0.00002959
  57    0.0000052  -0.00005731
  58    0.0003613  -0.00076411
  59    0.0007137  -0.00128990
  60    0.0002721  -0.00067126
  61    0.0038986  -0.00598680
  62    0.0036878  -0.00629294
  63    0.0035627  -0.00647155
  64    0.0040832  -0.00588994
  65    0.0038890  -0.00575732
  66    0.0008086  -0.00199677
  67    0.0023287  -0.00551308
  68    0.0012332  -0.00336729
  69    0.0033952  -0.00691336
  70    0.0015177  -0.00534870
  71    0.0021398  -0.00611194
  72    0.0000008  -0.00001058
  73    0.0000024  -0.00002004
  74    0.0000042  -0.00003496
  75    0.0000020  -0.00002293
  76    0.0000022  -0.00002023
  77    0.0001382  -0.00032773
  78    0.0004935  -0.00093716
  79    0.0002543  -0.00062832
  80    0.0034942  -0.00512039
  81    0.0010314  -0.00225047
  82    0.0021480  -0.00417476
  83    0.0020419  -0.00410780
  84    0.0009339  -0.00187802
  85    0.0006122  -0.00156593
  86    0.0012211  -0.00317973
  87    0.0007025  -0.00167428
  88    0.0027371  -0.00633612
  89    0.0012302  -0.00433563
  90    0.0017864  -0.00647734
  91    0.0000008  -0.00000595
  92    0.0000014  -0.00002659
  93    0.0000022  -0.00001977
  94    0.0000019  -0.00003355
  95    0.0000011  -0.00003386
  96    0.0000613  -0.00015842
  97    0.0002516  -0.00058219
  98    0.0002444  -0.00059468
  99    0.0008653  -0.00168390
 100    0.0000801  -0.00024799
 101    0.0013956  -0.00294760
 102    0.0018318  -0.00348540
 103    0.0001053  -0.00031864
 104    0.0002224  -0.00062626
 105    0.0007031  -0.00200479
 106    0.0006603  -0.00158825
 107    0.0013384  -0.00477306
 108    0.0010928  -0.00423156
 109    0.0006592  -0.00196924
 110    0.0000007  -0.00000477
 111    0.0000012  -0.00003323
 112    0.0000012  -0.00002645
 113    0.0000016  -0.00002421
 114    0.0000009  -0.00002884
 115    0.0000394  -0.00011356
 116    0.0001348  -0.00031950
 117    0.0001948  -0.00045735
 118    0.0003762  -0.00084770
 119    0.0000641  -0.00020054
 120    0.0012546  -0.00280630
 121    0.0011390  -0.00282920
 122    0.0000707  -0.00021419
 123    0.0002102  -0.00059111
 124    0.0006963  -0.00180502
 125    0.0004082  -0.00117692
 126    0.0010152  -0.00335373
 127    0.0007437  -0.00200389
 128    0.0003997  -0.00127775
 129    0.0000007  -0.00000584
 130    0.0000012  -0.00002732
 131    0.0000010  -0.00001483
 132    0.0000009  -0.00001772
 133    0.0000005  -0.00000255
 134    0.0000162  -0.00004792
 135    0.0000993  -0.00023542
 136    0.0000604  -0.00018383
 137    0.0002453  -0.00055113
 138    0.0000574  -0.00018227
 139    0.0002919  -0.00079690
 140    0.0005669  -0.00122156
 141    0.0000655  -0.00020305
 142    0.0001136  -0.00035976
 143    0.0006494  -0.00170042
 144    0.0003715  -0.00102292
 145    0.0008710  -0.00233135
 146    0.0006766  -0.00178648
 147    0.0003914  -0.00178517
 148    0.0000007  -0.00000508
 149    0.0000006  -0.00000407
 150    0.0000009  -0.00001812
 151    0.0000009  -0.00002086
 152    0.0000005  -0.00000255
 153    0.0000066  -0.00002243
 154    0.0000809  -0.00020742
 155    0.0000291  -0.00009968
 156    0.0001548  -0.00038692
 157    0.0000284  -0.00009796
 158    0.0002351  -0.00061141
 159    0.0003060  -0.00075175
 160    0.0000551  -0.00017547
 161    0.0000778  -0.00025052
 162    0.0003943  -0.00108032
 163    0.0002168  -0.00066554
 164    0.0004943  -0.00210417
 165    0.0004611  -0.00174357
 166    0.0002256  -0.00110918
 167    0.0000005  -0.00000834
 168    0.0000006  -0.00000437
 169    0.0000006  -0.00002000
 170    0.0000008  -0.00001126
 171    0.0000004  -0.00000151
 172    0.0000063  -0.00002019
 173    0.0000619  -0.00015863
 174    0.0000260  -0.00007787
 175    0.0001192  -0.00032831
 176    0.0000231  -0.00008728
 177    0.0001964  -0.00053518
 178    0.0002241  -0.00056547
 179    0.0000508  -0.00015819
 180    0.0000468  -0.00016162
 181    0.0003272  -0.00097268
 182    0.0001859  -0.00056304
 183    0.0004160  -0.00138286
 184    0.0004085  -0.00178067
 185    0.0002158  -0.00125309
 186    0.0000005  -0.00000237
 187    0.0000006  -0.00000297
 188    0.0000005  -0.00000276
 189    0.0000006  -0.00001268
 190    0.0000004  -0.00000154
 191    0.0000051  -0.00001576
 192    0.0000381  -0.00011421
 193    0.0000184  -0.00006336
 194    0.0001046  -0.00029136
 195    0.0000179  -0.00006701
 196    0.0001311  -0.00039492
 197    0.0001486  -0.00041904
 198    0.0000453  -0.00015181
 199    0.0000315  -0.00012279
 200    0.0002563  -0.00078864
 201    0.0001203  -0.00044074
 202    0.0003231  -0.00127829
 203    0.0003280  -0.00094882
 204    0.0001641  -0.00061158
 205    0.0000003  -0.00000134
 206    0.0000005  -0.00000275
 207    0.0000005  -0.00000307
 208    0.0000005  -0.00000225
 209    0.0000004  -0.00000130
 210    0.0000047  -0.00001503
 211    0.0000339  -0.00010166
 212    0.0000128  -0.00004187
 213    0.0000996  -0.00026712
 214    0.0000171  -0.00006629
 215    0.0000909  -0.00027371
 216    0.0001321  -0.00035732
 217    0.0000444  -0.00014938
 218    0.0000282  -0.00010853
 219    0.0001949  -0.00058453
 220    0.0000778  -0.00028853
 221    0.0001741  -0.00083414
 222    0.0002902  -0.00090628
 223    0.0001451  -0.00068291
 224    0.0000003  -0.00000099
 225    0.0000004  -0.00000218
 226    0.0000005  -0.00000212
 227    0.0000005  -0.00000233
 228    0.0000003  -0.00000123
 229    0.0000039  -0.00001279
 230    0.0000306  -0.00008368
 231    0.0000109  -0.00003840
 232    0.0000602  -0.00018453
 233    0.0000165  -0.00005997
 234    0.0000867  -0.00027350
 235    0.0001247  -0.00036513
 236    0.0000330  -0.00011722
 237    0.0000275  -0.00010458
 238    0.0000907  -0.00029650
 239    0.0000649  -0.00023981
 240    0.0001393  -0.00055342
 241    0.0002066  -0.00069697
 242    0.0001092  -0.00042526
 243    0.0000003  -0.00000103
 244    0.0000004  -0.00000175
 245    0.0000004  -0.00000175
 246    0.0000004  -0.00000197
 247    0.0000003  -0.00000123
 248    0.0000034  -0.00001048
 249    0.0000273  -0.00006640
 250    0.0000093  -0.00003469
 251    0.0000534  -0.00016340
 252    0.0000111  -0.00004759
 253    0.0000745  -0.00023857
 254    0.0000951  -0.00028944
 255    0.0000242  -0.00009100
 256    0.0000149  -0.00006026
 257    0.0000862  -0.00030455
 258    0.0000404  -0.00015774
 259    0.0000883  -0.00032682
 260    0.0001776  -0.00086577
 261    0.0001059  -0.00061816
 262    0.0000003  -0.00000086
 263    0.0000004  -0.00000169
 264    0.0000004  -0.00000161
 265    0.0000004  -0.00000194
 266    0.0000003  -0.00000104
 267    0.0000030  -0.00000962
 268    0.0000218  -0.00006249
 269    0.0000090  -0.00003202
 270    0.0000397  -0.00013210
 271    0.0000082  -0.00003605
 272    0.0000513  -0.00017438
 273    0.0000418  -0.00014007
 274    0.0000226  -0.00008741
 275    0.0000105  -0.00004561
 276    0.0000804  -0.00026979
 277    0.0000360  -0.00016456
 278    0.0000518  -0.00027085
 279    0.0001413  -0.00045564
 280    0.0000820  -0.00038741
 281    0.0000002  -0.00000069
 282    0.0000003  -0.00000127
 283    0.0000003  -0.00000090
 284    0.0000004  -0.00000147
 285    0.0000003  -0.00000085
 286    0.0000026  -0.00000684
 287    0.0000198  -0.00005627
 288    0.0000084  -0.00003056
 289    0.0000342  -0.00012097
 290    0.0000066  -0.00003184
 291    0.0000263  -0.00009675
 292    0.0000362  -0.00012805
 293    0.0000189  -0.00007430
 294    0.0000097  -0.00004236
 295    0.0000390  -0.00015077
 296    0.0000340  -0.00013404
 297    0.0000476  -0.00017448
 298    0.0001167  -0.00047769
 299    0.0000692  -0.00027427
 300    0.0000002  -0.00000069
 301    0.0000003  -0.00000117
 302    0.0000003  -0.00000079
 303    0.0000004  -0.00000154
 304    0.0000003  -0.00000085
 305    0.0000023  -0.00000618
 306    0.0000154  -0.00004599
 307    0.0000037  -0.00001349
 308    0.0000206  -0.00008034
 309    0.0000051  -0.00002511
 310    0.0000181  -0.00006876
 311    0.0000147  -0.00005740
 312    0.0000172  -0.00006986
 313    0.0000090  -0.00003943
 314    0.0000265  -0.00010625
 315    0.0000308  -0.00013346
 316    0.0000442  -0.00018702
 317    0.0000700  -0.00028532
 318    0.0000545  -0.00028552
 319    0.0000002  -0.00000072
 320    0.0000003  -0.00000110
 321    0.0000003  -0.00000067
 322    0.0000004  -0.00000123
 323    0.0000003  -0.00000078
 324    0.0000011  -0.00000297
 325    0.0000099  -0.00003347
 326    0.0000034  -0.00001174
 327    0.0000125  -0.00004963
 328    0.0000041  -0.00001917
 329    0.0000177  -0.00006808
 330    0.0000112  -0.00004564
 331    0.0000152  -0.00006227
 332    0.0000088  -0.00003912
 333    0.0000232  -0.00009443
 334    0.0000235  -0.00010147
 335    0.0000373  -0.00018618
 336    0.0000551  -0.00025908
 337    0.0000426  -0.00021654
 338    0.0000002  -0.00000076
 339    0.0000003  -0.00000121
 340    0.0000003  -0.00000080
 341    0.0000003  -0.00000122
 342    0.0000003  -0.00000078
 343    0.0000010  -0.00000254
 344    0.0000052  -0.00001824
 345    0.0000029  -0.00000984
 346    0.0000110  -0.00004426
 347    0.0000039  -0.00001911
 348    0.0000144  -0.00005896
 349    0.0000104  -0.00004452
 350    0.0000125  -0.00004964
 351    0.0000075  -0.00003638
 352    0.0000197  -0.00008417
 353    0.0000154  -0.00007450
 354    0.0000257  -0.00011961
 355    0.0000468  -0.00018483
 356    0.0000370  -0.00017338
 357    0.0000002  -0.00000070
 358    0.0000003  -0.00000113
 359    0.0000002  -0.00000054
 360    0.0000003  -0.00000088
 361    0.0000002  -0.00000074
 362    0.0000010  -0.00000240
 363    0.0000043  -0.00001453
 364    0.0000014  -0.00000539
 365    0.0000109  -0.00004455
 366    0.0000037  -0.00001780
 367    0.0000123  -0.00004983
 368    0.0000055  -0.00002828
 369    0.0000062  -0.00003158
 370    0.0000058  -0.00002991
 371    0.0000140  -0.00006365
 372    0.0000138  -0.00006291
 373    0.0000212  -0.00009168
 374    0.0000395  -0.00023922
 375    0.0000313  -0.00013609
 376    0.0000002  -0.00000044
 377    0.0000003  -0.00000091
 378    0.0000002  -0.00000064
 379    0.0000003  -0.00000098
 380    0.0000002  -0.00000049
 381    0.0000008  -0.00000154
 382    0.0000039  -0.00001387
 383    0.0000013  -0.00000418
 384    0.0000102  -0.00004196
 385    0.0000018  -0.00000815
 386    0.0000100  -0.00004397
 387    0.0000043  -0.00002226
 388    0.0000051  -0.00002583
 389    0.0000051  -0.00002542
 390    0.0000133  -0.00005811
 391    0.0000101  -0.00004914
 392    0.0000186  -0.00007465
 393    0.0000368  -0.00015437
 394    0.0000163  -0.00007559
 395    0.0000002  -0.00000052
 396    0.0000002  -0.00000069
 397    0.0000002  -0.00000063
 398    0.0000003  -0.00000088
 399    0.0000002  -0.00000047
 400    0.0000007  -0.00000058
 401    0.0000037  -0.00001194
 402    0.0000010  -0.00000193
 403    0.0000070  -0.00003305
 404    0.0000014  -0.00000571
 405    0.0000094  -0.00004099
 406    0.0000032  -0.00001467
 407    0.0000041  -0.00002076
 408    0.0000037  -0.00001857
 409    0.0000100  -0.00004415
 410    0.0000069  -0.00004043
 411    0.0000176  -0.00007724
 412    0.0000288  -0.00012283
 413    0.0000152  -0.00006891
 414    0.0000002  -0.00000043
 415    0.0000002  -0.00000051
 416    0.0000002  -0.00000052
 417    0.0000002  -0.00000085
 418    0.0000002  -0.00000014
 419    0.0000007  -0.00000058
 420    0.0000031  -0.00001022
 421    0.0000007  -0.00000081
 422    0.0000061  -0.00003006
 423    0.0000013  -0.00000555
 424    0.0000088  -0.00003823
 425    0.0000029  -0.00001259
 426    0.0000034  -0.00001402
 427    0.0000034  -0.00001628
 428    0.0000088  -0.00004090
 429    0.0000053  -0.00002909
 430    0.0000159  -0.00006940
 431    0.0000278  -0.00011892
 432    0.0000137  -0.00006368
 433    0.0000002  -0.00000032
 434    0.0000002  -0.00000040
 435    0.0000002  -0.00000033
 436    0.0000002  -0.00000058
 437    0.0000002  -0.00000006
 438    0.0000006  -0.00000036
 439    0.0000016  -0.00000442
 440    0.0000007  -0.00000082
 441    0.0000047  -0.00002364
 442    0.0000012  -0.00000516
 443    0.0000056  -0.00003020
 444    0.0000027  -0.00001157
 445    0.0000021  -0.00000890
 446    0.0000019  -0.00000862
 447    0.0000053  -0.00003048
 448    0.0000043  -0.00002514
 449    0.0000142  -0.00006473
 450    0.0000228  -0.00010044
 451    0.0000082  -0.00004305
 452    0.0000002  -0.00000022
 453    0.0000002  -0.00000025
 454    0.0000002  -0.00000012
 455    0.0000002  -0.00000018
 456    0.0000002  -0.00000003
 457    0.0000003  -0.00000027
 458    0.0000013  -0.00000337
 459    0.0000005  -0.00000052
 460    0.0000043  -0.00001864
 461    0.0000012  -0.00000479
 462    0.0000034  -0.00001811
 463    0.0000026  -0.00001095
 464    0.0000019  -0.00000747
 465    0.0000016  -0.00000731
 466    0.0000027  -0.00001496
 467    0.0000041  -0.00002424
 468    0.0000123  -0.00005688
 469    0.0000134  -0.00006463
 470    0.0000068  -0.00003662
 471    0.0000002  -0.00000009
 472    0.0000002  -0.00000020
 473    0.0000002  -0.00000008
 474    0.0000002  -0.00000008
 475    0.0000002  -0.00000006
 476    0.0000003  -0.00000048
 477    0.0000005  -0.00000025
 478    0.0000005  -0.00000027
 479    0.0000021  -0.00000870
 480    0.0000011  -0.00000436
 481    0.0000031  -0.00001546
 482    0.0000023  -0.00000938
 483    0.0000015  -0.00000572
 484    0.0000010  -0.00000373
 485    0.0000024  -0.00001130
 486    0.0000027  -0.00001365
 487    0.0000101  -0.00004732
 488    0.0000059  -0.00003449
 489    0.0000035  -0.00002206
 490    0.0000002  -0.00000006
 491    0.0000002  -0.00000006
 492    0.0000002  -0.00000008
 493    0.0000002  -0.00000005
 494    0.0000001  0.00000008
 
----------------
 Final Energies 
----------------
Final NOF Total Energy =    -211.0681458
 
Total Orbital Internal Iterations = 1220
Total Occupation Internal Iterations = 579
 
Elapsed time: 7212.08 Seconds

---------------------------------
   Lowdin Population Analysis    
---------------------------------
 Idx  Atom   Population   Charge 
---------------------------------
  1     C     5.876       0.124
  2     C     5.862       0.138
  3     C     5.899       0.101
  4     N     6.711       0.289
  5     C     5.967       0.033
  6     H     1.088      -0.088
  7     H     1.088      -0.088
  8     H     1.094      -0.094
  9     H     1.093      -0.093
 10     H     1.094      -0.094
 11     H     1.094      -0.094
 12     H     1.133      -0.133

---------------------------------
   M Diagnostic: 0.05
---------------------------------

