Computing Integrals
Basis Set                                            = def2-qzvp
Auxiliary Basis Set                                  = def2-universal-jkfit
Gaussian Type                                        = Spherical
Elapsed time:   14.69 Seconds

Number of basis functions                   (NBF)    = 321
Number of auxiliary basis functions         (NBFAUX) = 317
Inactive Doubly occupied orbitals up to     (NO1)    = 0
No. considered Strongly Doubly occupied MOs (NDOC)   = 12
No. considered Strongly Singly occupied MOs (NSOC)   = 0
NO. of Weakly occ. per St. Doubly occ.  MOs (NCWO)   = 25
Dimension of the Nat. Orb. subspace         (NBF5)   = 312
No. of electrons                                     = 24
    No. of alpha electrons                           = 12
    No. of beta electrons                            = 12
Multiplicity                                         = 1

Geometry
========
 N       0.0000000       0.0000000      -0.3687552
 H       0.0000000       0.0000000      -1.3837872
 C       1.2257745       0.0000000       0.1578401
 H       1.3393153       0.0000000       1.2298673
 H       2.0680943       0.0000000      -0.5114363
 C      -1.2257745       0.0000000       0.1578401
 H      -1.3393153       0.0000000       1.2298673
 H      -2.0680943       0.0000000      -0.5114363

No violations of the orthonormality
No violations of the orthonormality
 
PNOF8/ADAM Calculation
==================
 
  Nitext  Nit_orb  Time   Nit_occ  Time         Eelec          Etot           Ediff      maxdiff    MaxGrad_orb  Grad_occ
     1      10    7.3e+01   16    7.5e+01  -192.57918685  -119.52889620 -10191.57918685   1.943721   7.8e+00   2.4e-04 0.00
     2      10    2.4e+01  112    6.4e+01  -199.45940146  -126.40911080    -6.88021460   0.396428   1.6e+00   1.8e-04 0.01
     3      10    2.2e+01   55    3.6e+01  -202.64772956  -129.59743891    -3.18832810   1.834297   7.3e+00   2.1e-04 0.03
     4      10    2.0e+01   29    1.9e+01  -203.83490885  -130.78461820    -1.18717930   0.290177   1.2e+00   2.5e-04 0.03
     5      10    2.5e+01   37    2.5e+01  -204.60473541  -131.55444476    -0.76982656   0.208769   8.4e-01   1.7e-04 0.04
     6      10    2.3e+01   19    1.2e+01  -204.98437347  -131.93408282    -0.37963806   0.173344   6.9e-01   1.8e-04 0.04
     7      10    1.0e+01   15    9.8e+00  -205.17475236  -132.12446171    -0.19037889   0.136566   5.5e-01   2.8e-04 0.04
     8      10    2.0e+01   21    1.4e+01  -205.32912180  -132.27883115    -0.15436944   0.110737   4.4e-01   1.9e-04 0.04
     9      10    2.3e+01   18    1.3e+01  -205.57205363  -132.52176298    -0.24293183   0.210030   8.4e-01   2.3e-04 0.04
    10      10    2.2e+01   11    8.8e+00  -205.62661233  -132.57632168    -0.05455870   0.152621   6.1e-01   2.5e-04 0.04
    11      10    2.1e+01   12    9.7e+00  -205.95875918  -132.90846852    -0.33214684   0.164889   6.6e-01   2.3e-04 0.04
    12      10    2.3e+01    8    6.9e+00  -206.07845229  -133.02816164    -0.11969312   0.163692   6.5e-01   3.0e-04 0.04
    13      10    2.5e+01   21    1.5e+01  -206.18399190  -133.13370125    -0.10553960   0.134045   5.4e-01   1.9e-04 0.04
    14      10    2.4e+01   15    8.6e+00  -206.32681090  -133.27652025    -0.14281900   0.113884   4.6e-01   1.9e-04 0.05
    15      10    9.3e+00   11    8.5e+00  -206.44677299  -133.39648234    -0.11996209   0.227588   9.1e-01   2.2e-04 0.05
    16      10    2.2e+01   10    8.1e+00  -206.46472074  -133.41443009    -0.01794775   0.072134   2.9e-01   2.4e-04 0.05
    17      10    2.1e+01    4    3.9e+00  -206.51745572  -133.46716507    -0.05273498   0.243464   9.7e-01   3.3e-04 0.05
    18      10    2.4e+01   13    1.0e+01  -206.58626087  -133.53597022    -0.06880515   0.070293   2.8e-01   2.0e-04 0.05
    19      10    2.4e+01    0    1.4e+00  -206.58651389  -133.53622324    -0.00025302   0.070293   2.8e-01   2.0e-04 0.05
    20      30    6.4e+01   10    7.5e+00  -206.81879586  -133.76850521    -0.23228197   0.019273   7.7e-02   2.3e-04 0.05
    21      30    6.5e+01    7    5.1e+00  -206.82694170  -133.77665105    -0.00814584   0.007288   2.9e-02   2.1e-04 0.05
    22      30    4.8e+01    7    6.2e+00  -206.82827400  -133.77798335    -0.00133230   0.006462   2.6e-02   2.4e-04 0.05
    23      30    6.6e+01    6    5.5e+00  -206.82871963  -133.77842898    -0.00044563   0.005605   2.2e-02   2.0e-04 0.05
    24      30    6.3e+01   10    7.3e+00  -206.82896878  -133.77867813    -0.00024915   0.006162   2.5e-02   2.0e-04 0.05
    25      30    6.7e+01    4    4.4e+00  -206.82932578  -133.77903513    -0.00035701   0.006534   2.6e-02   2.2e-04 0.05
    26      30    3.8e+01   10    7.1e+00  -206.82965006  -133.77935940    -0.00032427   0.005913   2.4e-02   1.8e-04 0.05
    27      30    6.1e+01    7    6.1e+00  -206.83011422  -133.77982357    -0.00046416   0.005523   2.2e-02   2.1e-04 0.05
    28      30    6.7e+01   10    8.1e+00  -206.83037459  -133.78008394    -0.00026037   0.006091   2.4e-02   1.5e-04 0.05
    29      30    6.5e+01    7    6.5e+00  -206.83072472  -133.78043406    -0.00035012   0.005445   2.2e-02   2.0e-04 0.05
    30      30    6.0e+01   10    4.6e+00  -206.83097543  -133.78068478    -0.00025072   0.006097   2.4e-02   1.8e-04 0.05
    31      30    5.8e+01    4    3.9e+00  -206.83124677  -133.78095612    -0.00027134   0.005095   2.0e-02   2.3e-04 0.05
    32      30    6.7e+01   10    8.1e+00  -206.83135972  -133.78106907    -0.00011296   0.005372   2.1e-02   1.5e-04 0.05
    33      30    6.9e+01    4    3.9e+00  -206.83155438  -133.78126373    -0.00019465   0.005325   2.1e-02   2.0e-04 0.05
    34      30    6.6e+01    4    4.3e+00  -206.83165926  -133.78136861    -0.00010488   0.006296   2.5e-02   2.7e-04 0.05
    35      30    4.5e+01    4    4.1e+00  -206.83171250  -133.78142185    -0.00005325   0.005620   2.2e-02   2.4e-04 0.05
    36      30    6.5e+01    0    2.0e+00  -206.83172326  -133.78143261    -0.00001075   0.005620   2.2e-02   2.4e-04 0.05
    37      50    1.0e+02    3    4.2e+00  -206.83247491  -133.78218426    -0.00075166   0.000583   2.3e-03   2.4e-04 0.05
 
RESULTS OF THE OCCUPATION OPTIMIZATION
========================================
   1    1.9999757  -13.65882214
   2    1.9999620  -13.01766802
   3    1.9999578  -11.47444132
   4    1.9833062  -1.28731387
   5    1.9779285  -0.93470039
   6    1.9731580  -0.80013313
   7    1.9744965  -0.72003162
   8    1.9697565  -0.70175891
   9    1.9686045  -0.64945331
  10    1.9683729  -0.63896260
  11    1.9696140  -0.60639517
  12    1.9484731  -0.27332126
  13    0.0481142  -0.05057864
  14    0.0154001  -0.01937472
  15    0.0213806  -0.03214107
  16    0.0189052  -0.02570549
  17    0.0272109  -0.03928393
  18    0.0126077  -0.01721896
  19    0.0149506  -0.02036624
  20    0.0125666  -0.01842417
  21    0.0054398  -0.01051285
  22    0.0000224  -0.00053256
  23    0.0000235  -0.00056385
  24    0.0000093  -0.00023015
  25    0.0028217  -0.00434978
  26    0.0050950  -0.00774990
  27    0.0049816  -0.00876847
  28    0.0053193  -0.00894595
  29    0.0015781  -0.00362677
  30    0.0064593  -0.01062865
  31    0.0047198  -0.00776813
  32    0.0029899  -0.00620656
  33    0.0053066  -0.00980466
  34    0.0000037  -0.00003427
  35    0.0000048  -0.00007295
  36    0.0000039  -0.00003637
  37    0.0002190  -0.00042566
  38    0.0040720  -0.00588589
  39    0.0040683  -0.00753286
  40    0.0031155  -0.00587027
  41    0.0007508  -0.00176652
  42    0.0018442  -0.00541965
  43    0.0042195  -0.00672319
  44    0.0021428  -0.00687910
  45    0.0012160  -0.00488557
  46    0.0000026  -0.00002155
  47    0.0000023  -0.00001856
  48    0.0000026  -0.00002393
  49    0.0000948  -0.00020663
  50    0.0024110  -0.00453653
  51    0.0005118  -0.00125818
  52    0.0018406  -0.00414539
  53    0.0002894  -0.00076828
  54    0.0012235  -0.00387552
  55    0.0010353  -0.00263410
  56    0.0010952  -0.00340462
  57    0.0011629  -0.00419790
  58    0.0000023  -0.00001976
  59    0.0000017  -0.00003217
  60    0.0000014  -0.00003346
  61    0.0000906  -0.00023005
  62    0.0009855  -0.00223592
  63    0.0002658  -0.00072576
  64    0.0006072  -0.00141068
  65    0.0001512  -0.00044880
  66    0.0008182  -0.00164195
  67    0.0004466  -0.00130243
  68    0.0009536  -0.00221504
  69    0.0009053  -0.00246078
  70    0.0000020  -0.00003176
  71    0.0000009  -0.00001694
  72    0.0000009  -0.00002869
  73    0.0000545  -0.00013388
  74    0.0007358  -0.00158356
  75    0.0001011  -0.00030753
  76    0.0004258  -0.00111517
  77    0.0000654  -0.00020893
  78    0.0006309  -0.00135151
  79    0.0003205  -0.00100210
  80    0.0007888  -0.00179761
  81    0.0008762  -0.00258633
  82    0.0000018  -0.00002198
  83    0.0000008  -0.00001318
  84    0.0000007  -0.00002401
  85    0.0000272  -0.00004716
  86    0.0004726  -0.00116059
  87    0.0000750  -0.00022646
  88    0.0002942  -0.00076609
  89    0.0000432  -0.00015855
  90    0.0005177  -0.00121641
  91    0.0003178  -0.00089603
  92    0.0004496  -0.00115045
  93    0.0004781  -0.00295614
  94    0.0000015  -0.00001914
  95    0.0000005  -0.00000764
  96    0.0000006  -0.00001557
  97    0.0000251  -0.00003793
  98    0.0003309  -0.00075617
  99    0.0000585  -0.00019454
 100    0.0002924  -0.00074999
 101    0.0000354  -0.00013558
 102    0.0004503  -0.00115758
 103    0.0001495  -0.00049737
 104    0.0002225  -0.00064387
 105    0.0003611  -0.00177030
 106    0.0000012  -0.00001700
 107    0.0000004  -0.00000256
 108    0.0000005  -0.00000309
 109    0.0000192  -0.00004137
 110    0.0003248  -0.00082956
 111    0.0000376  -0.00012925
 112    0.0001380  -0.00041742
 113    0.0000303  -0.00011414
 114    0.0002045  -0.00055798
 115    0.0001381  -0.00041877
 116    0.0001853  -0.00071919
 117    0.0001999  -0.00136493
 118    0.0000008  -0.00001326
 119    0.0000004  -0.00000235
 120    0.0000004  -0.00000276
 121    0.0000135  -0.00004062
 122    0.0001685  -0.00049614
 123    0.0000319  -0.00011159
 124    0.0001035  -0.00031325
 125    0.0000270  -0.00010060
 126    0.0002006  -0.00053912
 127    0.0001190  -0.00037882
 128    0.0001687  -0.00088247
 129    0.0001785  -0.00081135
 130    0.0000008  -0.00001269
 131    0.0000003  -0.00000163
 132    0.0000004  -0.00000255
 133    0.0000121  -0.00003724
 134    0.0001538  -0.00043259
 135    0.0000218  -0.00008117
 136    0.0000810  -0.00024974
 137    0.0000141  -0.00005856
 138    0.0001169  -0.00039004
 139    0.0000870  -0.00029329
 140    0.0001412  -0.00054833
 141    0.0001065  -0.00052636
 142    0.0000006  -0.00000371
 143    0.0000003  -0.00000168
 144    0.0000004  -0.00000228
 145    0.0000106  -0.00003195
 146    0.0000499  -0.00016451
 147    0.0000179  -0.00007002
 148    0.0000713  -0.00022517
 149    0.0000137  -0.00005474
 150    0.0000871  -0.00028584
 151    0.0000739  -0.00024048
 152    0.0001247  -0.00049090
 153    0.0000964  -0.00033706
 154    0.0000005  -0.00000610
 155    0.0000003  -0.00000138
 156    0.0000003  -0.00000172
 157    0.0000067  -0.00002331
 158    0.0000386  -0.00013720
 159    0.0000154  -0.00005573
 160    0.0000519  -0.00017944
 161    0.0000120  -0.00005067
 162    0.0000787  -0.00024047
 163    0.0000685  -0.00022938
 164    0.0000677  -0.00023050
 165    0.0000577  -0.00022969
 166    0.0000003  -0.00000116
 167    0.0000002  -0.00000128
 168    0.0000003  -0.00000166
 169    0.0000036  -0.00001044
 170    0.0000371  -0.00013136
 171    0.0000125  -0.00005009
 172    0.0000444  -0.00015309
 173    0.0000061  -0.00003383
 174    0.0000614  -0.00020342
 175    0.0000551  -0.00019708
 176    0.0000483  -0.00019232
 177    0.0000518  -0.00021915
 178    0.0000002  -0.00000118
 179    0.0000002  -0.00000089
 180    0.0000003  -0.00000173
 181    0.0000032  -0.00000887
 182    0.0000279  -0.00010780
 183    0.0000091  -0.00004045
 184    0.0000313  -0.00011637
 185    0.0000055  -0.00002971
 186    0.0000494  -0.00015426
 187    0.0000296  -0.00013096
 188    0.0000375  -0.00014714
 189    0.0000460  -0.00017720
 190    0.0000002  -0.00000115
 191    0.0000002  -0.00000082
 192    0.0000003  -0.00000118
 193    0.0000029  -0.00000856
 194    0.0000244  -0.00009607
 195    0.0000075  -0.00003615
 196    0.0000177  -0.00006145
 197    0.0000029  -0.00001477
 198    0.0000385  -0.00013684
 199    0.0000277  -0.00011395
 200    0.0000153  -0.00006448
 201    0.0000409  -0.00035501
 202    0.0000002  -0.00000120
 203    0.0000002  -0.00000062
 204    0.0000003  -0.00000136
 205    0.0000024  -0.00000596
 206    0.0000204  -0.00008101
 207    0.0000063  -0.00003274
 208    0.0000113  -0.00004737
 209    0.0000016  -0.00000723
 210    0.0000344  -0.00012578
 211    0.0000201  -0.00009046
 212    0.0000144  -0.00006591
 213    0.0000318  -0.00015215
 214    0.0000002  -0.00000083
 215    0.0000001  -0.00000060
 216    0.0000003  -0.00000123
 217    0.0000021  -0.00000540
 218    0.0000118  -0.00004755
 219    0.0000062  -0.00003068
 220    0.0000103  -0.00004694
 221    0.0000014  -0.00000595
 222    0.0000209  -0.00008556
 223    0.0000163  -0.00006504
 224    0.0000131  -0.00005755
 225    0.0000296  -0.00014172
 226    0.0000002  -0.00000093
 227    0.0000001  -0.00000054
 228    0.0000002  -0.00000102
 229    0.0000008  -0.00000108
 230    0.0000105  -0.00004695
 231    0.0000054  -0.00002491
 232    0.0000090  -0.00003819
 233    0.0000011  -0.00000523
 234    0.0000177  -0.00007342
 235    0.0000148  -0.00006153
 236    0.0000116  -0.00005610
 237    0.0000252  -0.00011510
 238    0.0000002  -0.00000063
 239    0.0000001  -0.00000048
 240    0.0000002  -0.00000091
 241    0.0000007  -0.00000110
 242    0.0000062  -0.00003328
 243    0.0000043  -0.00001829
 244    0.0000072  -0.00003413
 245    0.0000007  -0.00000317
 246    0.0000138  -0.00005737
 247    0.0000085  -0.00004297
 248    0.0000110  -0.00005283
 249    0.0000203  -0.00008696
 250    0.0000001  -0.00000063
 251    0.0000001  -0.00000044
 252    0.0000002  -0.00000081
 253    0.0000007  -0.00000072
 254    0.0000030  -0.00001355
 255    0.0000023  -0.00000973
 256    0.0000059  -0.00003080
 257    0.0000007  -0.00000306
 258    0.0000095  -0.00004193
 259    0.0000083  -0.00004026
 260    0.0000092  -0.00004382
 261    0.0000185  -0.00008047
 262    0.0000001  -0.00000051
 263    0.0000001  -0.00000043
 264    0.0000002  -0.00000083
 265    0.0000005  -0.00000030
 266    0.0000018  -0.00000668
 267    0.0000022  -0.00000759
 268    0.0000044  -0.00002200
 269    0.0000006  -0.00000221
 270    0.0000061  -0.00003643
 271    0.0000054  -0.00003082
 272    0.0000059  -0.00003482
 273    0.0000174  -0.00007771
 274    0.0000001  -0.00000041
 275    0.0000001  -0.00000038
 276    0.0000002  -0.00000079
 277    0.0000003  -0.00000040
 278    0.0000017  -0.00000705
 279    0.0000016  -0.00000720
 280    0.0000040  -0.00001877
 281    0.0000005  -0.00000143
 282    0.0000053  -0.00002899
 283    0.0000044  -0.00002235
 284    0.0000033  -0.00001719
 285    0.0000158  -0.00006627
 286    0.0000001  -0.00000036
 287    0.0000001  -0.00000022
 288    0.0000001  -0.00000070
 289    0.0000003  -0.00000038
 290    0.0000015  -0.00000597
 291    0.0000012  -0.00000551
 292    0.0000026  -0.00001153
 293    0.0000005  -0.00000113
 294    0.0000045  -0.00002214
 295    0.0000030  -0.00001470
 296    0.0000029  -0.00001424
 297    0.0000078  -0.00004329
 298    0.0000001  -0.00000034
 299    0.0000001  -0.00000025
 300    0.0000001  -0.00000061
 301    0.0000002  -0.00000045
 302    0.0000012  -0.00000386
 303    0.0000010  -0.00000358
 304    0.0000014  -0.00000567
 305    0.0000004  -0.00000079
 306    0.0000024  -0.00001107
 307    0.0000024  -0.00001216
 308    0.0000026  -0.00001239
 309    0.0000037  -0.00002323
 310    0.0000001  -0.00000026
 311    0.0000001  -0.00000019
 312    0.0000001  -0.00000041
 
----------------
 Final Energies 
----------------
Final NOF Total Energy =    -133.7821843
 
Total Orbital Internal Iterations = 750
Total Occupation Internal Iterations = 544
 
Elapsed time: 2256.65 Seconds

---------------------------------
   Lowdin Population Analysis    
---------------------------------
 Idx  Atom   Population   Charge 
---------------------------------
  1     N     6.523       0.477
  2     H     1.085      -0.085
  3     C     5.931       0.069
  4     H     1.126      -0.126
  5     H     1.136      -0.136
  6     C     5.936       0.064
  7     H     1.127      -0.127
  8     H     1.136      -0.136

---------------------------------
   M Diagnostic: 0.05
---------------------------------

