Job runing on na11
Choosing scratch ...
Automatic scratch folder selection
/scratch/pobleyef/349705
/scratch/pobleyef/349705 directory
cp HAL59-NIS.gcf HAL59-NIS.inp to  /scratch/pobleyef/349705/.
HAL59-NIS
 This is the OpenMP version of the code
 This is the OpenMP version of the code
 This is the OpenMP version of the code
 This is the OpenMP version of the code
 This is the OpenMP version of the code
 This is the OpenMP version of the code
 This is the OpenMP version of the code
 This is the OpenMP version of the code
 This is the OpenMP version of the code
 This is the OpenMP version of the code
 This is the OpenMP version of the code
 This is the OpenMP version of the code
 This is the OpenMP version of the code
 This is the OpenMP version of the code
 This is the OpenMP version of the code
 This is the OpenMP version of the code
 This is the OpenMP version of the code
 This is the OpenMP version of the code
 This is the OpenMP version of the code
 This is the OpenMP version of the code
 This is the OpenMP version of the code
 This is the OpenMP version of the code
 This is the OpenMP version of the code
 This is the OpenMP version of the code
 This is the OpenMP version of the code
 This is the OpenMP version of the code
 This is the OpenMP version of the code
 This is the OpenMP version of the code
 This is the OpenMP version of the code
 This is the OpenMP version of the code
 This is the OpenMP version of the code
 This is the OpenMP version of the code
 This is the OpenMP version of the code
 This is the OpenMP version of the code
 This is the OpenMP version of the code
 This is the OpenMP version of the code
 This is the OpenMP version of the code
 This is the OpenMP version of the code
 This is the OpenMP version of the code
 This is the OpenMP version of the code
 This is the OpenMP version of the code
 This is the OpenMP version of the code
 This is the OpenMP version of the code
 This is the OpenMP version of the code
 This is the OpenMP version of the code
 This is the OpenMP version of the code
 This is the OpenMP version of the code
 This is the OpenMP version of the code
 This is the OpenMP version of the code
 This is the OpenMP version of the code
 This is the OpenMP version of the code
 This is the OpenMP version of the code
 This is the OpenMP version of the code
 This is the OpenMP version of the code
 This is the OpenMP version of the code
 This is the OpenMP version of the code
 This is the OpenMP version of the code
 This is the OpenMP version of the code
 This is the OpenMP version of the code
 This is the OpenMP version of the code
 This is the OpenMP version of the code
 This is the OpenMP version of the code
 This is the OpenMP version of the code
 This is the OpenMP version of the code
 This is the OpenMP version of the code
 This is the OpenMP version of the code
 This is the OpenMP version of the code
 This is the OpenMP version of the code
 This is the OpenMP version of the code
 This is the OpenMP version of the code
 This is the OpenMP version of the code
 This is the OpenMP version of the code
 This is the OpenMP version of the code
 This is the OpenMP version of the code
 This is the OpenMP version of the code
 This is the OpenMP version of the code
 This is the OpenMP version of the code
 This is the OpenMP version of the code
 This is the OpenMP version of the code
 This is the OpenMP version of the code
 This is the OpenMP version of the code
 This is the OpenMP version of the code
 This is the OpenMP version of the code
 This is the OpenMP version of the code
 This is the OpenMP version of the code
 This is the OpenMP version of the code
 This is the OpenMP version of the code
 This is the OpenMP version of the code
 This is the OpenMP version of the code
 This is the OpenMP version of the code
 This is the OpenMP version of the code
 This is the OpenMP version of the code
 This is the OpenMP version of the code
 This is the OpenMP version of the code
 This is the OpenMP version of the code
 This is the OpenMP version of the code
 This is the OpenMP version of the code
 This is the OpenMP version of the code
 This is the OpenMP version of the code
 This is the OpenMP version of the code
 This is the OpenMP version of the code
 This is the OpenMP version of the code
 This is the OpenMP version of the code
 This is the OpenMP version of the code
 This is the OpenMP version of the code
 This is the OpenMP version of the code
 This is the OpenMP version of the code
 This is the OpenMP version of the code
 This is the OpenMP version of the code
 This is the OpenMP version of the code
 This is the OpenMP version of the code
 This is the OpenMP version of the code
 This is the OpenMP version of the code
 This is the OpenMP version of the code
 This is the OpenMP version of the code
 This is the OpenMP version of the code
 This is the OpenMP version of the code
 This is the OpenMP version of the code
 This is the OpenMP version of the code
 This is the OpenMP version of the code

 The execution started at 10h 21min on the 11/ 7/2025

    ===========================================================
    !                                                         !
    !                        Do N O F                         !
    !                                                         !
    !  (Donostia Natural Orbital Functional Software Program) !
    !                                                         !
    !               COPYRIGHT by Mario Piris                  !
    !                                                         !
    !      Donostia International Physics Center (DIPC)       !
    !       University of the Basque Country (UPV/EHU)        !
    !       Basque Foundation for Science (IKERBASQUE)        !
    !                                                         !
    !          GNU General Public License version 3           !
    !                                                         !
    !                  VERSION: October 2025                  !
    !                                                         !
    ===========================================================

 Run Title
 ---------
  Molname                                                                        

 Basis Set
 ---------
 /home/pobleyef/DoNOFsw/basis/def2-QZVP.bas                                      

 Atom      Charge                Coordinates (Bohr)
                           x             y             z
 I          53.0        0.0000        0.0000        2.7250
 C           6.0        0.0000        2.1744       -2.5738
 N           7.0        0.0000        0.0000       -1.0778
 O           8.0        0.0000        4.3123       -1.8309
 O           8.0        0.0000       -4.3123       -1.8309
 C           6.0        0.0000       -2.1744       -2.5738
 C           6.0        0.0000       -1.2506       -5.2540
 C           6.0        0.0000        1.2506       -5.2540
 H           1.0        0.0000        2.5499       -6.8252
 H           1.0        0.0000       -2.5499       -6.8252

 Atomic Basis Set
 ----------------
 The contracted primitive functions were unnormalized
 The contracted basis functions are now normalized to unity

  Shell Type  Primitive         Exponent  Contraction Coefficient

 I         

      1   S       1         16788.4000000    0.000103586804
      1   S       2          2526.6400000    0.000765531745
      1   S       3           571.9840000    0.003150554741
      1   S       4           150.4340000    0.006717983204
      1   S       5            29.5405000   -0.134384929151
      1   S       6            18.4571000    0.859255064197
      1   S       7            11.5286000   -0.890227518539
      1   S       8             7.0828900   -1.367813214298
      1   S       9             2.5040500    1.808345152379

      2   S      10            25.0586179    0.088686579218
      2   S      11            15.6219794   -0.309437052616
      2   S      12             3.3536325    1.147487780264

      3   S      13             1.3540145    1.000000000000

      4   S      14             0.6743047    1.000000000000

      5   S      15             0.3272714    1.000000000000

      6   S      16             0.1574936    1.000000000000

      7   S      17             0.0743777    1.000000000000

      8   P      18           656.2740000    0.000102263116
      8   P      19           149.2320000    0.000688871318
      8   P      20            19.0153000    0.067339699796
      8   P      21            10.7378000   -0.280108787807
      8   P      22             6.4420800   -0.004916495947
      8   P      23             3.0920300    0.577616914298
      8   P      24             1.5787400    0.569991007671

      9   P      25            15.6605119   -0.024484627992
      9   P      26             4.9250670    0.260041620414
      9   P      27             1.6692320    0.808870366710

     10   P      28             0.7781790    1.000000000000

     11   P      29             0.3560884    1.000000000000

     12   P      30             0.1549324    1.000000000000

     13   P      31             0.0646662    1.000000000000

     14   D      32           318.2240778    0.000120648927
     14   D      33            95.8102274    0.001012623893
     14   D      34            35.3222953    0.005278751941
     14   D      35            13.1074478   -0.017935310228
     14   D      36             6.2949153    0.100128211172
     14   D      37             3.6826101    0.302771472093
     14   D      38             2.0858951    0.397340741727
     14   D      39             1.1644342    0.312691340071

     15   D      40             0.6318061    1.000000000000

     16   D      41             0.3221508    1.000000000000

     17   D      42             0.1349000    1.000000000000

     18   F      43             6.4253614    1.000000000000

     19   F      44             2.1780000    1.000000000000

     20   F      45             0.5878000    1.000000000000

     21   F      46             0.2500000    1.000000000000

     22   G      47             0.4739000    1.000000000000

 C         

     23   S      48         67025.0710290    0.000070988337
     23   S      49         10039.9865380    0.000551759078
     23   S      50          2284.9316911    0.002893301112
     23   S      51           647.1412213    0.012111149913
     23   S      52           211.0947234    0.042822697250
     23   S      53            76.1776439    0.129053328799
     23   S      54            29.6338392    0.318146477908
     23   S      55            12.1877851    0.591790274517

     24   S      56            53.0260063    0.091364916926
     24   S      57            15.2585028    0.928761090236

     25   S      58             5.2403957    1.000000000000

     26   S      59             2.2905022    1.000000000000

     27   S      60             0.6967328    1.000000000000

     28   S      61             0.2759934    1.000000000000

     29   S      62             0.1073988    1.000000000000

     30   P      63           105.1255508    0.002496535013
     30   P      64            24.8844611    0.019546395628
     30   P      65             7.8637231    0.088834946629
     30   P      66             2.8407002    0.294789686074
     30   P      67             1.1227137    0.702715999245

     31   P      68             0.4605073    1.000000000000

     32   P      69             0.1893753    1.000000000000

     33   P      70             0.0759838    1.000000000000

     34   D      71             1.8480000    1.000000000000

     35   D      72             0.6490000    1.000000000000

     36   D      73             0.2280000    1.000000000000

     37   F      74             1.4190000    1.000000000000

     38   F      75             0.4850000    1.000000000000

     39   G      76             1.0110000    1.000000000000

 N         

     40   S      77         90726.8892100    0.000070982346
     40   S      78         13590.5288010    0.000551712516
     40   S      79          3092.9883781    0.002893067845
     40   S      80           875.9987636    0.012111212150
     40   S      81           285.7446998    0.042834127812
     40   S      82           103.1191342    0.129198809022
     40   S      83            40.1285568    0.318818920022
     40   S      84            16.5280957    0.590844885361

     41   S      85            69.3909610    0.094659213180
     41   S      86            20.4282006    0.925496499302

     42   S      87             7.1292588    1.000000000000

     43   S      88             3.1324305    1.000000000000

     44   S      89             0.9875578    1.000000000000

     45   S      90             0.3876572    1.000000000000

     46   S      91             0.1490988    1.000000000000

     47   P      92           150.0574267   -0.002450051156
     47   P      93            35.4915995   -0.019486267495
     47   P      94            11.2478642   -0.090355519008
     47   P      95             4.0900305   -0.299446872557
     47   P      96             1.6220573   -0.696789730227

     48   P      97             0.6644226    1.000000000000

     49   P      98             0.2709977    1.000000000000

     50   P      99             0.1068875    1.000000000000

     51   D     100             2.8370000    1.000000000000

     52   D     101             0.9680000    1.000000000000

     53   D     102             0.3350000    1.000000000000

     54   F     103             2.0270000    1.000000000000

     55   F     104             0.6850000    1.000000000000

     56   G     105             1.4270000    1.000000000000

 O         

     57   S     106        116506.4690800    0.000071987576
     57   S     107         17504.3497240    0.000557148772
     57   S     108          3993.4513230    0.002913003168
     57   S     109          1133.0063186    0.012172051077
     57   S     110           369.9956959    0.043003761827
     57   S     111           133.6207435    0.129647623897
     57   S     112            52.0356436    0.319696085629
     57   S     113            21.4619393    0.589314587967

     58   S     114            89.8350513    0.094848052763
     58   S     115            26.4280108    0.925363787917

     59   S     116             9.2822825    1.000000000000

     60   S     117             4.0947729    1.000000000000

     61   S     118             1.3255349    1.000000000000

     62   S     119             0.5187723    1.000000000000

     63   S     120             0.1977268    1.000000000000

     64   P     121           191.1525581    0.002535957414
     64   P     122            45.2333567    0.020233824294
     64   P     123            14.3534659    0.094518019998
     64   P     124             5.2422372    0.309154328074
     64   P     125             2.0792419    0.684689495338

     65   P     126             0.8428237    1.000000000000

     66   P     127             0.3361769    1.000000000000

     67   P     128             0.1286400    1.000000000000

     68   D     129             3.7750000    1.000000000000

     69   D     130             1.3000000    1.000000000000

     70   D     131             0.4440000    1.000000000000

     71   F     132             2.6660000    1.000000000000

     72   F     133             0.8590000    1.000000000000

     73   G     134             1.8460000    1.000000000000

 O         

     74   S     135        116506.4690800    0.000071987576
     74   S     136         17504.3497240    0.000557148772
     74   S     137          3993.4513230    0.002913003168
     74   S     138          1133.0063186    0.012172051077
     74   S     139           369.9956959    0.043003761827
     74   S     140           133.6207435    0.129647623897
     74   S     141            52.0356436    0.319696085629
     74   S     142            21.4619393    0.589314587967

     75   S     143            89.8350513    0.094848052763
     75   S     144            26.4280108    0.925363787917

     76   S     145             9.2822825    1.000000000000

     77   S     146             4.0947729    1.000000000000

     78   S     147             1.3255349    1.000000000000

     79   S     148             0.5187723    1.000000000000

     80   S     149             0.1977268    1.000000000000

     81   P     150           191.1525581    0.002535957414
     81   P     151            45.2333567    0.020233824294
     81   P     152            14.3534659    0.094518019998
     81   P     153             5.2422372    0.309154328074
     81   P     154             2.0792419    0.684689495338

     82   P     155             0.8428237    1.000000000000

     83   P     156             0.3361769    1.000000000000

     84   P     157             0.1286400    1.000000000000

     85   D     158             3.7750000    1.000000000000

     86   D     159             1.3000000    1.000000000000

     87   D     160             0.4440000    1.000000000000

     88   F     161             2.6660000    1.000000000000

     89   F     162             0.8590000    1.000000000000

     90   G     163             1.8460000    1.000000000000

 C         

     91   S     164         67025.0710290    0.000070988337
     91   S     165         10039.9865380    0.000551759078
     91   S     166          2284.9316911    0.002893301112
     91   S     167           647.1412213    0.012111149913
     91   S     168           211.0947234    0.042822697250
     91   S     169            76.1776439    0.129053328799
     91   S     170            29.6338392    0.318146477908
     91   S     171            12.1877851    0.591790274517

     92   S     172            53.0260063    0.091364916926
     92   S     173            15.2585028    0.928761090236

     93   S     174             5.2403957    1.000000000000

     94   S     175             2.2905022    1.000000000000

     95   S     176             0.6967328    1.000000000000

     96   S     177             0.2759934    1.000000000000

     97   S     178             0.1073988    1.000000000000

     98   P     179           105.1255508    0.002496535013
     98   P     180            24.8844611    0.019546395628
     98   P     181             7.8637231    0.088834946629
     98   P     182             2.8407002    0.294789686074
     98   P     183             1.1227137    0.702715999245

     99   P     184             0.4605073    1.000000000000

    100   P     185             0.1893753    1.000000000000

    101   P     186             0.0759838    1.000000000000

    102   D     187             1.8480000    1.000000000000

    103   D     188             0.6490000    1.000000000000

    104   D     189             0.2280000    1.000000000000

    105   F     190             1.4190000    1.000000000000

    106   F     191             0.4850000    1.000000000000

    107   G     192             1.0110000    1.000000000000

 C         

    108   S     193         67025.0710290    0.000070988337
    108   S     194         10039.9865380    0.000551759078
    108   S     195          2284.9316911    0.002893301112
    108   S     196           647.1412213    0.012111149913
    108   S     197           211.0947234    0.042822697250
    108   S     198            76.1776439    0.129053328799
    108   S     199            29.6338392    0.318146477908
    108   S     200            12.1877851    0.591790274517

    109   S     201            53.0260063    0.091364916926
    109   S     202            15.2585028    0.928761090236

    110   S     203             5.2403957    1.000000000000

    111   S     204             2.2905022    1.000000000000

    112   S     205             0.6967328    1.000000000000

    113   S     206             0.2759934    1.000000000000

    114   S     207             0.1073988    1.000000000000

    115   P     208           105.1255508    0.002496535013
    115   P     209            24.8844611    0.019546395628
    115   P     210             7.8637231    0.088834946629
    115   P     211             2.8407002    0.294789686074
    115   P     212             1.1227137    0.702715999245

    116   P     213             0.4605073    1.000000000000

    117   P     214             0.1893753    1.000000000000

    118   P     215             0.0759838    1.000000000000

    119   D     216             1.8480000    1.000000000000

    120   D     217             0.6490000    1.000000000000

    121   D     218             0.2280000    1.000000000000

    122   F     219             1.4190000    1.000000000000

    123   F     220             0.4850000    1.000000000000

    124   G     221             1.0110000    1.000000000000

 C         

    125   S     222         67025.0710290    0.000070988337
    125   S     223         10039.9865380    0.000551759078
    125   S     224          2284.9316911    0.002893301112
    125   S     225           647.1412213    0.012111149913
    125   S     226           211.0947234    0.042822697250
    125   S     227            76.1776439    0.129053328799
    125   S     228            29.6338392    0.318146477908
    125   S     229            12.1877851    0.591790274517

    126   S     230            53.0260063    0.091364916926
    126   S     231            15.2585028    0.928761090236

    127   S     232             5.2403957    1.000000000000

    128   S     233             2.2905022    1.000000000000

    129   S     234             0.6967328    1.000000000000

    130   S     235             0.2759934    1.000000000000

    131   S     236             0.1073988    1.000000000000

    132   P     237           105.1255508    0.002496535013
    132   P     238            24.8844611    0.019546395628
    132   P     239             7.8637231    0.088834946629
    132   P     240             2.8407002    0.294789686074
    132   P     241             1.1227137    0.702715999245

    133   P     242             0.4605073    1.000000000000

    134   P     243             0.1893753    1.000000000000

    135   P     244             0.0759838    1.000000000000

    136   D     245             1.8480000    1.000000000000

    137   D     246             0.6490000    1.000000000000

    138   D     247             0.2280000    1.000000000000

    139   F     248             1.4190000    1.000000000000

    140   F     249             0.4850000    1.000000000000

    141   G     250             1.0110000    1.000000000000

 H         

    142   S     251           190.6916900    0.005342636962
    142   S     252            28.6055320    0.041252338243
    142   S     253             6.5095943    0.210993525698
    142   S     254             1.8412455    0.812128545862

    143   S     255             0.5985373    1.000000000000

    144   S     256             0.2139762    1.000000000000

    145   S     257             0.0803163    1.000000000000

    146   P     258             2.2920000    1.000000000000

    147   P     259             0.8380000    1.000000000000

    148   P     260             0.2920000    1.000000000000

    149   D     261             2.0620000    1.000000000000

    150   D     262             0.6620000    1.000000000000

    151   F     263             1.3970000    1.000000000000

 H         

    152   S     264           190.6916900    0.005342636962
    152   S     265            28.6055320    0.041252338243
    152   S     266             6.5095943    0.210993525698
    152   S     267             1.8412455    0.812128545862

    153   S     268             0.5985373    1.000000000000

    154   S     269             0.2139762    1.000000000000

    155   S     270             0.0803163    1.000000000000

    156   P     271             2.2920000    1.000000000000

    157   P     272             0.8380000    1.000000000000

    158   P     273             0.2920000    1.000000000000

    159   D     274             2.0620000    1.000000000000

    160   D     275             0.6620000    1.000000000000

    161   F     276             1.3970000    1.000000000000

 Total Number of Basis Set Shells             =  161
 Total Number of Primitives                   =  276
 Number of Spherical Gaussian Basis Functions =  541
 Total Number of Auxiliary Basis Set Shells   =  233
 Number of Sph. Gaussian Auxiliary Set Func.  =  785
 Number of Electrons                          =  102
 Charge of Molecule                           =    0
 Spin Multiplicity                            =    1
 Number of Occupied Orbitals (Alpha)          =   51
 Number of Occupied Orbitals (Beta )          =   51
 Total Number of Atoms                        =   10

 Nuclear Energy =      695.5317611678

 Note: This calculation is using an effective core potential
 so NE and ENUC will be adjusted later after removal of the Core

 Input Run Options
 -----------------
 IRUNTYP = 1  MULT = 1  ICHARG =  0 IECP = 1  IEMOM = 1  UNITS = ANGS    

 ECP Potentials
 --------------
 Parameters for "I-ECP   " on Atom  1 with ZCORE 28 and LMAX 3 are

 for L= 3      COEFF    N           ZETA
    1      -21.84204    2       19.45861
    1      -28.46819    2       19.34926
    1       -0.24371    2        4.82377
    1       -0.32080    2        4.88431
 for L= 0      COEFF    N           ZETA
    1       49.99429    2       40.01584
    1      281.02532    2       17.42975
    1       61.57333    2        9.00548
    1       21.84204    2       19.45861
    1       28.46819    2       19.34926
    1        0.24371    2        4.82377
    1        0.32080    2        4.88431
 for L= 1      COEFF    N           ZETA
    1       67.44284    2       15.35547
    1      134.88114    2       14.97183
    1       14.67505    2        8.96016
    1       29.37567    2        8.25910
    1       21.84204    2       19.45861
    1       28.46819    2       19.34926
    1        0.24371    2        4.82377
    1        0.32080    2        4.88431
 for L= 2      COEFF    N           ZETA
    1       35.43953    2       15.06891
    1       53.17606    2       14.55532
    1        9.06719    2        6.71865
    1       13.20694    2        6.45639
    1        0.08933    2        1.19178
    1        0.05238    2        1.29116
    1       21.84204    2       19.45861
    1       28.46819    2       19.34926
    1        0.24371    2        4.82377
    1        0.32080    2        4.88431

 The ECP removes  28 core electrons and  28 protons

 Number of electrons kept in the run =   74
 Number of occupied orbitals (Alpha) =   37
 Number of occupied orbitals (Beta)  =   37

 Adjusted Nuclear Energy =      466.6427311454


 Integral Options
 ----------------
 ERITYP = RI     AUX = JKFIT   ISCHWZ = 1   CUTOFF = 1.0E-09

 Input NOF Options
 -----------------

 Natural Orbital Functional Selected:    (IPNOF)         8
 Modified version of GNOF (GNOFm):       (Imod)          1

 Type of calculation = ICOEF2 + ICOEF1:  (ICOEF)        21
 Use Softmax function for Occ. Opt.:     (ISOFTMAX)      1
 Type of Orb. Opt. = Orbital Rotations:  (IORBOPT)       2
 Maximum Number of Coef Outer Iter.:     (MAXIT21)       3
 Maximum Number of Occ-Coef Outer Iter.: (MAXIT)      1000

 Restart calculation Option:             (RESTART)       F
 Restart Gamma Matrix from GCF file:     (INPUTGAMMA)    1
 Coefficient Matrix from GCF file:       (INPUTC)        1
 Diagonal Elements FMIUG from GCF file:  (INPUTFMIUG)    0
 Cartesian Coordinates from GCF file:    (INPUTCXYZ)     0

 Threshold Lambda Convergence=10**(-N):  (NTHRESHL)      3
 Threshold Energy Convergence=10**(-N):  (NTHRESHE)      5
 Max. Number of Inner Coef. Iterations:  (MAXLOOP)      10
 Orthogonalize the initial Orbitals:     (ORTHO)         T

 Output Option:                          (NPRINT)        0
 Output the Coefficient Matrix:          (IWRITEC)       0
 Do a Mulliken Population Analysis:      (IMULPOP)       0
 Write Information into a WFN file:      (IAIMPAC)       1
 Write Information into a FCHK file:     (IFCHK)         1
 Write Information into a MLP file:      (MOLDEN)        1
 Create Ini. Cond. (ini.xyz) file:       (INICOND)       1
 Calculate IPs using Ext. Koopmans Theo: (IEKT)          0
 Write APSG expansion coefficient file:  (APSG)          F
 Output option for Lagrange Multipliers: (PRINTLAG)      F
 Diagonalize matrix of Lag. Multipliers: (DIAGLAG)       F

------------------------------------------------------------------------

 Orbital Space
 -------------

 Inactive Doubly occupied orbitals up to NO1  =    0
 No. considered Strongly Doubly occupied MOs  =   37
 No. considered Strongly Singly occupied MOs  =    0
 No. of Weakly occ. per St. Doubly occ.  MOs  =   13
 Dimension of the Active Nat. Orb. subspace   =  518
 Secondary Empty orbitals                     =   23

 1e- integrals
 -------------
 Time to do integrals =      0.67

 2e- integrals
 -------------
 DONTW option skips storage 2e- integrals on Unit 1
 Time to do integrals =      4.54

 No violations of the orthonormality

   INITIAL VALUES
  =================

   OM     Occupation      Elag Diag

    1      1.9999661    -11.3754453
    2      1.9719281     -0.6272996
    3      1.9744384     -0.5036023
    4      1.9625262     -0.5844642
    5      1.9786363     -0.8899826
    6      1.9841530     -1.2826888
    7      1.9750331     -0.7863841
    8      1.9828785     -1.2285441
    9      1.9993804     -5.6417392
   10      1.9719186     -0.7610883
   11      1.9668154     -0.6154775
   12      1.9630826     -0.4775928
   13      1.9749697     -0.7262787
   14      1.9746427     -0.5858367
   15      1.9728339     -0.6639490
   16      1.9680724     -0.4098204
   17      1.9816747     -1.5727927
   18      1.9999656    -11.3514181
   19      1.9994349     -5.6356855
   20      1.9999903    -20.6064878
   21      1.9841030     -1.9582045
   22      1.9999878    -17.8272253
   23      1.9999673    -11.3959049
   24      1.9997544     -7.7827816
   25      1.9631530     -0.5766340
   26      1.9949293     -2.3353588
   27      1.9843395     -2.0021089
   28      1.9999887    -18.3498968
   29      1.9843583     -2.0067591
   30      1.9735839     -0.6237099
   31      1.9848511     -1.3552556
   32      1.9994139     -5.6333432
   33      1.9856282     -1.3553646
   34      1.9717121     -0.6807815
   35      1.9796941     -1.2380361
   36      1.9939799     -2.3201501
   37      1.9999639    -11.3485578
   38      0.0000017     -0.0000126
   39      0.0006238     -0.0037261
   40      0.0000427     -0.0002140
   41      0.0000066     -0.0000353
   42      0.0002227     -0.0008949
   43      0.0002498     -0.0016955
   44      0.0007787     -0.0029462
   45      0.0175776     -0.0376622
   46      0.0154399     -0.0502822
   47      0.0000005     -0.0000031
   48      0.0154267     -0.0502502
   49      0.0001036     -0.0007038
   50      0.0000098     -0.0000362
   51      0.0000376     -0.0003120
   52      0.0000021     -0.0000161
   53      0.0000002     -0.0000009
   54      0.0000278     -0.0001630
   55      0.0000004     -0.0000351
   56      0.0000167     -0.0001437
   57      0.0000042     -0.0000387
   58      0.0147136     -0.0468808
   59      0.0000056     -0.0000266
   60      0.0000102     -0.0000505
   61      0.0004030     -0.0012034
   62      0.0185508     -0.0347411
   63      0.0000299     -0.0000910
   64      0.0000032     -0.0000147
   65      0.0039055     -0.0100481
   66      0.0000345     -0.0001923
   67      0.0007883     -0.0027389
   68      0.0001619     -0.0006203
   69      0.0016053     -0.0064654
   70      0.0006388     -0.0019092
   71      0.0029831     -0.0070742
   72      0.0002104     -0.0005556
   73      0.0038967     -0.0085690
   74      0.0000010     -0.0000103
   75      0.0000041     -0.0000502
   76      0.0012929     -0.0043265
   77      0.0046691     -0.0135616
   78      0.0000680     -0.0002758
   79      0.0002439     -0.0009537
   80      0.0000269     -0.0002519
   81      0.0013446     -0.0053777
   82      0.0000354     -0.0001560
   83      0.0000132     -0.0000958
   84      0.0000014     -0.0000145
   85      0.0000133     -0.0000955
   86      0.0000937     -0.0006724
   87      0.0031605     -0.0072431
   88      0.0000112     -0.0001640
   89      0.0000010     -0.0000089
   90      0.0000003     -0.0000016
   91      0.0154685     -0.0499530
   92      0.0000002     -0.0000007
   93      0.0000135     -0.0002001
   94      0.0000020     -0.0000144
   95      0.0024739     -0.0086449
   96      0.0000097     -0.0000426
   97      0.0000953     -0.0003255
   98      0.0000028     -0.0000140
   99      0.0005907     -0.0016100
  100      0.0000319     -0.0001039
  101      0.0000266     -0.0000839
  102      0.0000382     -0.0001679
  103      0.0000726     -0.0008437
  104      0.0002456     -0.0009186
  105      0.0001100     -0.0004290
  106      0.0052025     -0.0144471
  107      0.0003988     -0.0012922
  108      0.0000024     -0.0000081
  109      0.0000707     -0.0002885
  110      0.0000644     -0.0002661
  111      0.0000007     -0.0000058
  112      0.0000031     -0.0000296
  113      0.0001300     -0.0009921
  114      0.0000143     -0.0000888
  115      0.0029657     -0.0076872
  116      0.0004770     -0.0021602
  117      0.0000177     -0.0001337
  118      0.0003322     -0.0012597
  119      0.0000921     -0.0003687
  120      0.0000095     -0.0000675
  121      0.0000006     -0.0000166
  122      0.0000281     -0.0001651
  123      0.0004975     -0.0037126
  124      0.0000029     -0.0000100
  125      0.0000184     -0.0001465
  126      0.0000007     -0.0000050
  127      0.0000077     -0.0001418
  128      0.0000070     -0.0000505
  129      0.0000002     -0.0000006
  130      0.0000309     -0.0002622
  131      0.0000017     -0.0000131
  132      0.0000254     -0.0001438
  133      0.0001845     -0.0004894
  134      0.0000075     -0.0000390
  135      0.0002245     -0.0006525
  136      0.0002295     -0.0007648
  137      0.0053252     -0.0091172
  138      0.0000118     -0.0000562
  139      0.0000643     -0.0002577
  140      0.0000158     -0.0001274
  141      0.0002426     -0.0009283
  142      0.0001059     -0.0004144
  143      0.0004825     -0.0021764
  144      0.0005146     -0.0015314
  145      0.0027419     -0.0067105
  146      0.0000342     -0.0001518
  147      0.0002588     -0.0008557
  148      0.0000013     -0.0000113
  149      0.0000038     -0.0000328
  150      0.0002495     -0.0014552
  151      0.0000071     -0.0000464
  152      0.0038861     -0.0098474
  153      0.0024617     -0.0084753
  154      0.0000313     -0.0002637
  155      0.0005735     -0.0027688
  156      0.0000385     -0.0001631
  157      0.0000129     -0.0000919
  158      0.0000004     -0.0000215
  159      0.0000146     -0.0001040
  160      0.0000518     -0.0002881
  161      0.0000022     -0.0000071
  162      0.0000135     -0.0002457
  163      0.0000008     -0.0000056
  164      0.0000002     -0.0000010
  165      0.0000135     -0.0000954
  166      0.0000002     -0.0000006
  167      0.0000186     -0.0001394
  168      0.0000051     -0.0000606
  169      0.0000228     -0.0001337
  170      0.0000059     -0.0000252
  171      0.0070978     -0.0138198
  172      0.0085241     -0.0181197
  173      0.0001086     -0.0003796
  174      0.0000042     -0.0000156
  175      0.0000231     -0.0000788
  176      0.0033832     -0.0089365
  177      0.0000463     -0.0003231
  178      0.0013801     -0.0050718
  179      0.0000140     -0.0000724
  180      0.0023525     -0.0075644
  181      0.0004911     -0.0014707
  182      0.0000011     -0.0000035
  183      0.0008502     -0.0022211
  184      0.0000706     -0.0002849
  185      0.0000033     -0.0000282
  186      0.0000019     -0.0000162
  187      0.0002830     -0.0017236
  188      0.0000137     -0.0000873
  189      0.0000203     -0.0000901
  190      0.0003008     -0.0011374
  191      0.0000152     -0.0001477
  192      0.0002832     -0.0012181
  193      0.0000093     -0.0000500
  194      0.0000133     -0.0000942
  195      0.0000006     -0.0000049
  196      0.0000100     -0.0000711
  197      0.0016076     -0.0050900
  198      0.0002486     -0.0008380
  199      0.0000155     -0.0001316
  200      0.0000007     -0.0000041
  201      0.0000004     -0.0000174
  202      0.0000220     -0.0001334
  203      0.0000002     -0.0000009
  204      0.0003352     -0.0026242
  205      0.0000021     -0.0000212
  206      0.0000217     -0.0001283
  207      0.0085403     -0.0185332
  208      0.0000094     -0.0000493
  209      0.0000062     -0.0000374
  210      0.0002074     -0.0007086
  211      0.0000161     -0.0000592
  212      0.0000092     -0.0000432
  213      0.0025944     -0.0069258
  214      0.0000142     -0.0001483
  215      0.0003307     -0.0012711
  216      0.0005252     -0.0016357
  217      0.0006293     -0.0023268
  218      0.0099618     -0.0191476
  219      0.0031331     -0.0072483
  220      0.0000110     -0.0000599
  221      0.0205449     -0.0372529
  222      0.0000052     -0.0000750
  223      0.0000014     -0.0000318
  224      0.0002995     -0.0019574
  225      0.0000352     -0.0001751
  226      0.0025085     -0.0066849
  227      0.0017285     -0.0070042
  228      0.0000473     -0.0003362
  229      0.0022436     -0.0089824
  230      0.0000158     -0.0000801
  231      0.0000157     -0.0001070
  232      0.0000005     -0.0000032
  233      0.0000360     -0.0002003
  234      0.0001684     -0.0009500
  235      0.0001896     -0.0006264
  236      0.0000195     -0.0001556
  237      0.0000011     -0.0000513
  238      0.0000002     -0.0000011
  239      0.0001252     -0.0005583
  240      0.0000003     -0.0000040
  241      0.0000209     -0.0002119
  242      0.0000030     -0.0000266
  243      0.0000785     -0.0004093
  244      0.0088538     -0.0192476
  245      0.0023353     -0.0052694
  246      0.0002229     -0.0006500
  247      0.0015259     -0.0037928
  248      0.0239492     -0.0306030
  249      0.0027475     -0.0065957
  250      0.0000124     -0.0000592
  251      0.0000589     -0.0003176
  252      0.0002379     -0.0008904
  253      0.0035849     -0.0089366
  254      0.0007035     -0.0025237
  255      0.0047796     -0.0111240
  256      0.0000027     -0.0000103
  257      0.0003117     -0.0009065
  258      0.0001750     -0.0006115
  259      0.0000046     -0.0000439
  260      0.0000027     -0.0000247
  261      0.0002080     -0.0014227
  262      0.0001161     -0.0004803
  263      0.0000128     -0.0000601
  264      0.0006121     -0.0030950
  265      0.0000143     -0.0001592
  266      0.0062525     -0.0179228
  267      0.0000082     -0.0000425
  268      0.0000106     -0.0000737
  269      0.0000006     -0.0000039
  270      0.0000673     -0.0003667
  271      0.0014567     -0.0045859
  272      0.0000043     -0.0000185
  273      0.0000183     -0.0001540
  274      0.0000011     -0.0000184
  275      0.0000002     -0.0000011
  276      0.0001057     -0.0005422
  277      0.0000002     -0.0000009
  278      0.0000204     -0.0001634
  279      0.0000009     -0.0000120
  280      0.0000468     -0.0002440
  281      0.0000315     -0.0000726
  282      0.0030691     -0.0070280
  283      0.0000012     -0.0000054
  284      0.0000769     -0.0003159
  285      0.0000137     -0.0000478
  286      0.0000056     -0.0000272
  287      0.0000047     -0.0000237
  288      0.0000147     -0.0001485
  289      0.0006516     -0.0022642
  290      0.0004369     -0.0014263
  291      0.0002724     -0.0010307
  292      0.0008511     -0.0023052
  293      0.0000018     -0.0000062
  294      0.0088304     -0.0190839
  295      0.0001062     -0.0003988
  296      0.0000016     -0.0000113
  297      0.0000042     -0.0000493
  298      0.0002492     -0.0014849
  299      0.0000218     -0.0001226
  300      0.0000070     -0.0000369
  301      0.0004400     -0.0020600
  302      0.0000143     -0.0002093
  303      0.0005327     -0.0020405
  304      0.0001451     -0.0005201
  305      0.0000239     -0.0001493
  306      0.0000007     -0.0000140
  307      0.0000109     -0.0000759
  308      0.0000678     -0.0003772
  309      0.0000214     -0.0000730
  310      0.0000178     -0.0001529
  311      0.0000046     -0.0000424
  312      0.0000003     -0.0000030
  313      0.0000307     -0.0001807
  314      0.0000002     -0.0000009
  315      0.0000137     -0.0002140
  316      0.0000011     -0.0000341
  317      0.0000297     -0.0001635
  318      0.0000005     -0.0000012
  319      0.0115362     -0.0224839
  320      0.0000624     -0.0002605
  321      0.0009389     -0.0027761
  322      0.0001046     -0.0003139
  323      0.0000062     -0.0000268
  324      0.0000063     -0.0000341
  325      0.0000674     -0.0004442
  326      0.0058555     -0.0167781
  327      0.0002681     -0.0009266
  328      0.0005734     -0.0023397
  329      0.0002547     -0.0008431
  330      0.0000014     -0.0000047
  331      0.0151174     -0.0392510
  332      0.0000688     -0.0002821
  333      0.0000049     -0.0000581
  334      0.0000030     -0.0000284
  335      0.0012565     -0.0041708
  336      0.0000088     -0.0000571
  337      0.0000081     -0.0000395
  338      0.0012356     -0.0043485
  339      0.0000203     -0.0001412
  340      0.0004300     -0.0017700
  341      0.0000262     -0.0001236
  342      0.0000139     -0.0000989
  343      0.0000009     -0.0000111
  344      0.0000079     -0.0000574
  345      0.0002673     -0.0017886
  346      0.0000025     -0.0000095
  347      0.0000134     -0.0002056
  348      0.0000062     -0.0000867
  349      0.0000003     -0.0000019
  350      0.0000132     -0.0000942
  351      0.0000002     -0.0000006
  352      0.0000278     -0.0002528
  353      0.0000019     -0.0000158
  354      0.0000544     -0.0002791
  355      0.0000008     -0.0000026
  356      0.0016924     -0.0038571
  357      0.0000079     -0.0000424
  358      0.0007896     -0.0021304
  359      0.0038924     -0.0067673
  360      0.0000078     -0.0000363
  361      0.0000272     -0.0001206
  362      0.0000280     -0.0002308
  363      0.0015284     -0.0057864
  364      0.0001493     -0.0005571
  365      0.0008942     -0.0032998
  366      0.0005808     -0.0016011
  367      0.0285810     -0.0465364
  368      0.0000223     -0.0000956
  369      0.0001462     -0.0005161
  370      0.0000035     -0.0000315
  371      0.0000034     -0.0000301
  372      0.0000978     -0.0006198
  373      0.0001407     -0.0005319
  374      0.0027716     -0.0071640
  375      0.0003175     -0.0012880
  376      0.0000680     -0.0007846
  377      0.0006854     -0.0023816
  378      0.0003418     -0.0010267
  379      0.0000257     -0.0001474
  380      0.0000007     -0.0000078
  381      0.0000171     -0.0001146
  382      0.0000745     -0.0005914
  383      0.0329549     -0.0505394
  384      0.0000157     -0.0001311
  385      0.0000016     -0.0000125
  386      0.0000002     -0.0000008
  387      0.0000422     -0.0002343
  388      0.0000069     -0.0001279
  389      0.0000136     -0.0001529
  390      0.0000032     -0.0000303
  391      0.0000119     -0.0000797
  392      0.0050345     -0.0126601
  393      0.0001135     -0.0003851
  394      0.0001597     -0.0005802
  395      0.0000993     -0.0003733
  396      0.0000585     -0.0001866
  397      0.0301282     -0.0497946
  398      0.0176461     -0.0358236
  399      0.0000187     -0.0001383
  400      0.0049398     -0.0137490
  401      0.0002048     -0.0007286
  402      0.0014541     -0.0056025
  403      0.0002789     -0.0008369
  404      0.0000075     -0.0000249
  405      0.0000417     -0.0001723
  406      0.0024161     -0.0062727
  407      0.0000011     -0.0000271
  408      0.0000029     -0.0000271
  409      0.0011722     -0.0040644
  410      0.0145133     -0.0452628
  411      0.0000098     -0.0000506
  412      0.0002005     -0.0008608
  413      0.0000184     -0.0001316
  414      0.0004840     -0.0017431
  415      0.0046007     -0.0103406
  416      0.0000188     -0.0001208
  417      0.0000024     -0.0000213
  418      0.0000069     -0.0000509
  419      0.0002134     -0.0013211
  420      0.0000036     -0.0000120
  421      0.0000166     -0.0001322
  422      0.0000064     -0.0000722
  423      0.0000007     -0.0000234
  424      0.0000073     -0.0000535
  425      0.0000003     -0.0000019
  426      0.0000196     -0.0001596
  427      0.0000059     -0.0000900
  428      0.0000165     -0.0001052
  429      0.0000048     -0.0000223
  430      0.0000140     -0.0000633
  431      0.0149231     -0.0370635
  432      0.0017553     -0.0044309
  433      0.0034100     -0.0060196
  434      0.0000200     -0.0000720
  435      0.0000070     -0.0000378
  436      0.0000576     -0.0003534
  437      0.0001499     -0.0005856
  438      0.0002270     -0.0007907
  439      0.0004024     -0.0016841
  440      0.0002211     -0.0007540
  441      0.0000133     -0.0000465
  442      0.0000104     -0.0000544
  443      0.0000900     -0.0003317
  444      0.0000011     -0.0000354
  445      0.0000012     -0.0000429
  446      0.0000776     -0.0004890
  447      0.0007034     -0.0024311
  448      0.0159742     -0.0342424
  449      0.0052770     -0.0136632
  450      0.0000404     -0.0003127
  451      0.0009067     -0.0033574
  452      0.0034790     -0.0085395
  453      0.0000298     -0.0001746
  454      0.0000015     -0.0000165
  455      0.0000128     -0.0000908
  456      0.0002318     -0.0013718
  457      0.0000039     -0.0000142
  458      0.0000273     -0.0002548
  459      0.0000055     -0.0000451
  460      0.0000005     -0.0000112
  461      0.0000101     -0.0000711
  462      0.0000003     -0.0000020
  463      0.0000166     -0.0001301
  464      0.0000010     -0.0000192
  465      0.0000130     -0.0000878
  466      0.0092515     -0.0200038
  467      0.0000069     -0.0000408
  468      0.0000182     -0.0000873
  469      0.0001079     -0.0004188
  470      0.0000059     -0.0000165
  471      0.0000050     -0.0000236
  472      0.0002032     -0.0007391
  473      0.0001065     -0.0011653
  474      0.0004755     -0.0018271
  475      0.0190144     -0.0376585
  476      0.0002091     -0.0008377
  477      0.0020492     -0.0056169
  478      0.0000046     -0.0000140
  479      0.0000184     -0.0000893
  480      0.0000801     -0.0003224
  481      0.0000015     -0.0000125
  482      0.0000028     -0.0000245
  483      0.0000800     -0.0005304
  484      0.0000196     -0.0001152
  485      0.0000491     -0.0002216
  486      0.0008547     -0.0029144
  487      0.0000221     -0.0002206
  488      0.0003020     -0.0012307
  489      0.0000464     -0.0001952
  490      0.0000145     -0.0001023
  491      0.0000005     -0.0000102
  492      0.0000089     -0.0000654
  493      0.0002366     -0.0013586
  494      0.0002427     -0.0008108
  495      0.0000209     -0.0002238
  496      0.0000009     -0.0000058
  497      0.0000010     -0.0000116
  498      0.0000238     -0.0001458
  499      0.0000002     -0.0000009
  500      0.0000177     -0.0001352
  501      0.0000024     -0.0000200
  502      0.0008172     -0.0031225
  503      0.0000043     -0.0000155
  504      0.0011784     -0.0031594
  505      0.0008012     -0.0021708
  506      0.0000496     -0.0001997
  507      0.0000758     -0.0002233
  508      0.0001902     -0.0005904
  509      0.0001888     -0.0007013
  510      0.0000843     -0.0007960
  511      0.0002956     -0.0011446
  512      0.0001645     -0.0006058
  513      0.0010657     -0.0037644
  514      0.0003433     -0.0010762
  515      0.0000001     -0.0000005
  516      0.0000326     -0.0001405
  517      0.0001541     -0.0005347
  518      0.0000040     -0.0000343

   RO Sum (  74) =   74.00

  ---------------
   Dipole Moment
  ---------------

      2.3740 Debye [   0.9340  (  -0.0014,   0.0062,  -0.9340) ]


  RESULTS OF OCCUPATION-COEFFICIENT OPTIMIZATION
 ================================================

  Ex It  Occ Time  Orb Time  Orb It   Electronic Energy     Total Energy   Energy Convergency    Max Mul-Lag Diff

    1    5.7E+00   1.6E+01       0   -1122.7722963926     -656.1295652471     0.0000000000           0.000987

   OM     Occupation      Elag Diag

    1      1.9999903    -20.6064878
    2      1.9999887    -18.3498968
    3      1.9999878    -17.8272253
    4      1.9999673    -11.3959049
    5      1.9999661    -11.3754453
    6      1.9999656    -11.3514181
    7      1.9999639    -11.3485578
    8      1.9997544     -7.7827816
    9      1.9994349     -5.6356855
   10      1.9994139     -5.6333432
   11      1.9993804     -5.6417392
   12      1.9949293     -2.3353588
   13      1.9939799     -2.3201501
   14      1.9856282     -1.3553646
   15      1.9848511     -1.3552556
   16      1.9843583     -2.0067591
   17      1.9843395     -2.0021089
   18      1.9841530     -1.2826888
   19      1.9841030     -1.9582045
   20      1.9828785     -1.2285441
   21      1.9816747     -1.5727927
   22      1.9796941     -1.2380361
   23      1.9786363     -0.8899826
   24      1.9750331     -0.7863841
   25      1.9749697     -0.7262787
   26      1.9746427     -0.5858367
   27      1.9744384     -0.5036023
   28      1.9735839     -0.6237099
   29      1.9728339     -0.6639490
   30      1.9719281     -0.6272996
   31      1.9719186     -0.7610883
   32      1.9717121     -0.6807815
   33      1.9680724     -0.4098204
   34      1.9668154     -0.6154775
   35      1.9631530     -0.5766340
   36      1.9630826     -0.4775928
   37      1.9625262     -0.5844642
   38      0.0029831     -0.0070742
   39      0.0000299     -0.0000910
   40      0.0000098     -0.0000362
   41      0.0000032     -0.0000147
   42      0.0000056     -0.0000266
   43      0.0000066     -0.0000353
   44      0.0039055     -0.0100481
   45      0.0038967     -0.0085690
   46      0.0000102     -0.0000505
   47      0.0175776     -0.0376622
   48      0.0002104     -0.0005556
   49      0.0004030     -0.0012034
   50      0.0185508     -0.0347411
   51      0.0001619     -0.0006203
   52      0.0006388     -0.0019092
   53      0.0000427     -0.0002140
   54      0.0147136     -0.0468808
   55      0.0007883     -0.0027389
   56      0.0000278     -0.0001630
   57      0.0016053     -0.0064654
   58      0.0154267     -0.0502502
   59      0.0154399     -0.0502822
   60      0.0007787     -0.0029462
   61      0.0002227     -0.0008949
   62      0.0006238     -0.0037261
   63      0.0001036     -0.0007038
   64      0.0000345     -0.0001923
   65      0.0002498     -0.0016955
   66      0.0000167     -0.0001437
   67      0.0000376     -0.0003120
   68      0.0000017     -0.0000126
   69      0.0000042     -0.0000387
   70      0.0000010     -0.0000103
   71      0.0000021     -0.0000161
   72      0.0000002     -0.0000009
   73      0.0000005     -0.0000031
   74      0.0000004     -0.0000351
   75      0.0000024     -0.0000081
   76      0.0000319     -0.0001039
   77      0.0031605     -0.0072431
   78      0.0000266     -0.0000839
   79      0.0000097     -0.0000426
   80      0.0000680     -0.0002758
   81      0.0000382     -0.0001679
   82      0.0000644     -0.0002661
   83      0.0000953     -0.0003255
   84      0.0000354     -0.0001560
   85      0.0000707     -0.0002885
   86      0.0000028     -0.0000140
   87      0.0005907     -0.0016100
   88      0.0001100     -0.0004290
   89      0.0003988     -0.0012922
   90      0.0046691     -0.0135616
   91      0.0024739     -0.0086449
   92      0.0002456     -0.0009186
   93      0.0154685     -0.0499530
   94      0.0052025     -0.0144471
   95      0.0000133     -0.0000955
   96      0.0000132     -0.0000958
   97      0.0013446     -0.0053777
   98      0.0002439     -0.0009537
   99      0.0012929     -0.0043265
  100      0.0000937     -0.0006724
  101      0.0000726     -0.0008437
  102      0.0000269     -0.0002519
  103      0.0000135     -0.0002001
  104      0.0000112     -0.0001640
  105      0.0000041     -0.0000502
  106      0.0000020     -0.0000144
  107      0.0000007     -0.0000058
  108      0.0000010     -0.0000089
  109      0.0000003     -0.0000016
  110      0.0000014     -0.0000145
  111      0.0000002     -0.0000007
  112      0.0027419     -0.0067105
  113      0.0053252     -0.0091172
  114      0.0000029     -0.0000100
  115      0.0000118     -0.0000562
  116      0.0001845     -0.0004894
  117      0.0029657     -0.0076872
  118      0.0000643     -0.0002577
  119      0.0002588     -0.0008557
  120      0.0000075     -0.0000390
  121      0.0000921     -0.0003687
  122      0.0000342     -0.0001518
  123      0.0002245     -0.0006525
  124      0.0002295     -0.0007648
  125      0.0001059     -0.0004144
  126      0.0005146     -0.0015314
  127      0.0000143     -0.0000888
  128      0.0000254     -0.0001438
  129      0.0002426     -0.0009283
  130      0.0000070     -0.0000505
  131      0.0004825     -0.0021764
  132      0.0000281     -0.0001651
  133      0.0000095     -0.0000675
  134      0.0003322     -0.0012597
  135      0.0004770     -0.0021602
  136      0.0001300     -0.0009921
  137      0.0004975     -0.0037126
  138      0.0000158     -0.0001274
  139      0.0000177     -0.0001337
  140      0.0000309     -0.0002622
  141      0.0000184     -0.0001465
  142      0.0000031     -0.0000296
  143      0.0000017     -0.0000131
  144      0.0000013     -0.0000113
  145      0.0000007     -0.0000050
  146      0.0000077     -0.0001418
  147      0.0000006     -0.0000166
  148      0.0000002     -0.0000006
  149      0.0000011     -0.0000035
  150      0.0000042     -0.0000156
  151      0.0000022     -0.0000071
  152      0.0000231     -0.0000788
  153      0.0000059     -0.0000252
  154      0.0038861     -0.0098474
  155      0.0033832     -0.0089365
  156      0.0000706     -0.0002849
  157      0.0070978     -0.0138198
  158      0.0000385     -0.0001631
  159      0.0008502     -0.0022211
  160      0.0085241     -0.0181197
  161      0.0001086     -0.0003796
  162      0.0000140     -0.0000724
  163      0.0004911     -0.0014707
  164      0.0000071     -0.0000464
  165      0.0000228     -0.0001337
  166      0.0013801     -0.0050718
  167      0.0000135     -0.0000954
  168      0.0023525     -0.0075644
  169      0.0000146     -0.0001040
  170      0.0000129     -0.0000919
  171      0.0005735     -0.0027688
  172      0.0024617     -0.0084753
  173      0.0002495     -0.0014552
  174      0.0000518     -0.0002881
  175      0.0000463     -0.0003231
  176      0.0000313     -0.0002637
  177      0.0000186     -0.0001394
  178      0.0000135     -0.0002457
  179      0.0000038     -0.0000328
  180      0.0000051     -0.0000606
  181      0.0000033     -0.0000282
  182      0.0000008     -0.0000056
  183      0.0000002     -0.0000010
  184      0.0000004     -0.0000215
  185      0.0000002     -0.0000006
  186      0.0031331     -0.0072483
  187      0.0000161     -0.0000592
  188      0.0002486     -0.0008380
  189      0.0000092     -0.0000432
  190      0.0085403     -0.0185332
  191      0.0000203     -0.0000901
  192      0.0025944     -0.0069258
  193      0.0205449     -0.0372529
  194      0.0000094     -0.0000493
  195      0.0000093     -0.0000500
  196      0.0000110     -0.0000599
  197      0.0000062     -0.0000374
  198      0.0002074     -0.0007086
  199      0.0005252     -0.0016357
  200      0.0099618     -0.0191476
  201      0.0000137     -0.0000873
  202      0.0000217     -0.0001283
  203      0.0003307     -0.0012711
  204      0.0000220     -0.0001334
  205      0.0006293     -0.0023268
  206      0.0000100     -0.0000711
  207      0.0000133     -0.0000942
  208      0.0002832     -0.0012181
  209      0.0003008     -0.0011374
  210      0.0002830     -0.0017236
  211      0.0016076     -0.0050900
  212      0.0000142     -0.0001483
  213      0.0000152     -0.0001477
  214      0.0003352     -0.0026242
  215      0.0000155     -0.0001316
  216      0.0000019     -0.0000162
  217      0.0000021     -0.0000212
  218      0.0000052     -0.0000750
  219      0.0000007     -0.0000041
  220      0.0000004     -0.0000174
  221      0.0000006     -0.0000049
  222      0.0000002     -0.0000009
  223      0.0000027     -0.0000103
  224      0.0239492     -0.0306030
  225      0.0001896     -0.0006264
  226      0.0027475     -0.0065957
  227      0.0088538     -0.0192476
  228      0.0025085     -0.0066849
  229      0.0000124     -0.0000592
  230      0.0001750     -0.0006115
  231      0.0023353     -0.0052694
  232      0.0000158     -0.0000801
  233      0.0003117     -0.0009065
  234      0.0002229     -0.0006500
  235      0.0015259     -0.0037928
  236      0.0035849     -0.0089366
  237      0.0047796     -0.0111240
  238      0.0000352     -0.0001751
  239      0.0000785     -0.0004093
  240      0.0002379     -0.0008904
  241      0.0001252     -0.0005583
  242      0.0007035     -0.0025237
  243      0.0000360     -0.0002003
  244      0.0000157     -0.0001070
  245      0.0022436     -0.0089824
  246      0.0017285     -0.0070042
  247      0.0002995     -0.0019574
  248      0.0001684     -0.0009500
  249      0.0000589     -0.0003176
  250      0.0000473     -0.0003362
  251      0.0000209     -0.0002119
  252      0.0000195     -0.0001556
  253      0.0000014     -0.0000318
  254      0.0000030     -0.0000266
  255      0.0000046     -0.0000439
  256      0.0000011     -0.0000513
  257      0.0000002     -0.0000011
  258      0.0000005     -0.0000032
  259      0.0000003     -0.0000040
  260      0.0000018     -0.0000062
  261      0.0000137     -0.0000478
  262      0.0000043     -0.0000185
  263      0.0000056     -0.0000272
  264      0.0000315     -0.0000726
  265      0.0000128     -0.0000601
  266      0.0000047     -0.0000237
  267      0.0001062     -0.0003988
  268      0.0030691     -0.0070280
  269      0.0000082     -0.0000425
  270      0.0088304     -0.0190839
  271      0.0000012     -0.0000054
  272      0.0000769     -0.0003159
  273      0.0004369     -0.0014263
  274      0.0008511     -0.0023052
  275      0.0001161     -0.0004803
  276      0.0000468     -0.0002440
  277      0.0006516     -0.0022642
  278      0.0001057     -0.0005422
  279      0.0002724     -0.0010307
  280      0.0000673     -0.0003667
  281      0.0000106     -0.0000737
  282      0.0062525     -0.0179228
  283      0.0006121     -0.0030950
  284      0.0002080     -0.0014227
  285      0.0014567     -0.0045859
  286      0.0000147     -0.0001485
  287      0.0000143     -0.0001592
  288      0.0000204     -0.0001634
  289      0.0000183     -0.0001540
  290      0.0000027     -0.0000247
  291      0.0000009     -0.0000120
  292      0.0000016     -0.0000113
  293      0.0000011     -0.0000184
  294      0.0000002     -0.0000011
  295      0.0000006     -0.0000039
  296      0.0000002     -0.0000009
  297      0.0000014     -0.0000047
  298      0.0001046     -0.0003139
  299      0.0000214     -0.0000730
  300      0.0000062     -0.0000268
  301      0.0000005     -0.0000012
  302      0.0000070     -0.0000369
  303      0.0000063     -0.0000341
  304      0.0000688     -0.0002821
  305      0.0115362     -0.0224839
  306      0.0001451     -0.0005201
  307      0.0151174     -0.0392510
  308      0.0000624     -0.0002605
  309      0.0009389     -0.0027761
  310      0.0002681     -0.0009266
  311      0.0002547     -0.0008431
  312      0.0000218     -0.0001226
  313      0.0000297     -0.0001635
  314      0.0058555     -0.0167781
  315      0.0000307     -0.0001807
  316      0.0005734     -0.0023397
  317      0.0000109     -0.0000759
  318      0.0000239     -0.0001493
  319      0.0005327     -0.0020405
  320      0.0004400     -0.0020600
  321      0.0002492     -0.0014849
  322      0.0000678     -0.0003772
  323      0.0000674     -0.0004442
  324      0.0000143     -0.0002093
  325      0.0000137     -0.0002140
  326      0.0000178     -0.0001529
  327      0.0000042     -0.0000493
  328      0.0000011     -0.0000341
  329      0.0000049     -0.0000581
  330      0.0000046     -0.0000424
  331      0.0000003     -0.0000030
  332      0.0000007     -0.0000140
  333      0.0000002     -0.0000009
  334      0.0285810     -0.0465364
  335      0.0038924     -0.0067673
  336      0.0000025     -0.0000095
  337      0.0000078     -0.0000363
  338      0.0000008     -0.0000026
  339      0.0000081     -0.0000395
  340      0.0000272     -0.0001206
  341      0.0001462     -0.0005161
  342      0.0016924     -0.0038571
  343      0.0000262     -0.0001236
  344      0.0000223     -0.0000956
  345      0.0000079     -0.0000424
  346      0.0007896     -0.0021304
  347      0.0001493     -0.0005571
  348      0.0005808     -0.0016011
  349      0.0000088     -0.0000571
  350      0.0000544     -0.0002791
  351      0.0015284     -0.0057864
  352      0.0000132     -0.0000942
  353      0.0008942     -0.0032998
  354      0.0000079     -0.0000574
  355      0.0000139     -0.0000989
  356      0.0004300     -0.0017700
  357      0.0012356     -0.0043485
  358      0.0012565     -0.0041708
  359      0.0002673     -0.0017886
  360      0.0000280     -0.0002308
  361      0.0000203     -0.0001412
  362      0.0000278     -0.0002528
  363      0.0000134     -0.0002056
  364      0.0000030     -0.0000284
  365      0.0000019     -0.0000158
  366      0.0000035     -0.0000315
  367      0.0000062     -0.0000867
  368      0.0000003     -0.0000019
  369      0.0000009     -0.0000111
  370      0.0000002     -0.0000006
  371      0.0000075     -0.0000249
  372      0.0000585     -0.0001866
  373      0.0329549     -0.0505394
  374      0.0301282     -0.0497946
  375      0.0050345     -0.0126601
  376      0.0027716     -0.0071640
  377      0.0176461     -0.0358236
  378      0.0024161     -0.0062727
  379      0.0001135     -0.0003851
  380      0.0003418     -0.0010267
  381      0.0000417     -0.0001723
  382      0.0001597     -0.0005802
  383      0.0000993     -0.0003733
  384      0.0002048     -0.0007286
  385      0.0002789     -0.0008369
  386      0.0001407     -0.0005319
  387      0.0000119     -0.0000797
  388      0.0049398     -0.0137490
  389      0.0000422     -0.0002343
  390      0.0014541     -0.0056025
  391      0.0000171     -0.0001146
  392      0.0000257     -0.0001474
  393      0.0006854     -0.0023816
  394      0.0003175     -0.0012880
  395      0.0000978     -0.0006198
  396      0.0000745     -0.0005914
  397      0.0000187     -0.0001383
  398      0.0000680     -0.0007846
  399      0.0000136     -0.0001529
  400      0.0000157     -0.0001311
  401      0.0000034     -0.0000301
  402      0.0000032     -0.0000303
  403      0.0000011     -0.0000271
  404      0.0000016     -0.0000125
  405      0.0000002     -0.0000008
  406      0.0000007     -0.0000078
  407      0.0000069     -0.0001279
  408      0.0000133     -0.0000465
  409      0.0034100     -0.0060196
  410      0.0000036     -0.0000120
  411      0.0000200     -0.0000720
  412      0.0000048     -0.0000223
  413      0.0000098     -0.0000506
  414      0.0000070     -0.0000378
  415      0.0000900     -0.0003317
  416      0.0000140     -0.0000633
  417      0.0046007     -0.0103406
  418      0.0000104     -0.0000544
  419      0.0149231     -0.0370635
  420      0.0017553     -0.0044309
  421      0.0002270     -0.0007907
  422      0.0002211     -0.0007540
  423      0.0145133     -0.0452628
  424      0.0000165     -0.0001052
  425      0.0001499     -0.0005856
  426      0.0000073     -0.0000535
  427      0.0004024     -0.0016841
  428      0.0000069     -0.0000509
  429      0.0000188     -0.0001208
  430      0.0004840     -0.0017431
  431      0.0002005     -0.0008608
  432      0.0011722     -0.0040644
  433      0.0002134     -0.0013211
  434      0.0000576     -0.0003534
  435      0.0000184     -0.0001316
  436      0.0000196     -0.0001596
  437      0.0000166     -0.0001322
  438      0.0000029     -0.0000271
  439      0.0000059     -0.0000900
  440      0.0000011     -0.0000354
  441      0.0000064     -0.0000722
  442      0.0000007     -0.0000234
  443      0.0000024     -0.0000213
  444      0.0000003     -0.0000019
  445      0.0000046     -0.0000140
  446      0.0000059     -0.0000165
  447      0.0000039     -0.0000142
  448      0.0000050     -0.0000236
  449      0.0092515     -0.0200038
  450      0.0159742     -0.0342424
  451      0.0002032     -0.0007391
  452      0.0000801     -0.0003224
  453      0.0000069     -0.0000408
  454      0.0034790     -0.0085395
  455      0.0000184     -0.0000893
  456      0.0000182     -0.0000873
  457      0.0001079     -0.0004188
  458      0.0190144     -0.0376585
  459      0.0020492     -0.0056169
  460      0.0007034     -0.0024311
  461      0.0000130     -0.0000878
  462      0.0004755     -0.0018271
  463      0.0000101     -0.0000711
  464      0.0002091     -0.0008377
  465      0.0000128     -0.0000908
  466      0.0000298     -0.0001746
  467      0.0009067     -0.0033574
  468      0.0052770     -0.0136632
  469      0.0000776     -0.0004890
  470      0.0002318     -0.0013718
  471      0.0001065     -0.0011653
  472      0.0000404     -0.0003127
  473      0.0000166     -0.0001301
  474      0.0000273     -0.0002548
  475      0.0000012     -0.0000429
  476      0.0000010     -0.0000192
  477      0.0000015     -0.0000125
  478      0.0000055     -0.0000451
  479      0.0000005     -0.0000112
  480      0.0000015     -0.0000165
  481      0.0000003     -0.0000020
  482      0.0000001     -0.0000005
  483      0.0000758     -0.0002233
  484      0.0002427     -0.0008108
  485      0.0001902     -0.0005904
  486      0.0000043     -0.0000155
  487      0.0000491     -0.0002216
  488      0.0001888     -0.0007013
  489      0.0001541     -0.0005347
  490      0.0011784     -0.0031594
  491      0.0000464     -0.0001952
  492      0.0000326     -0.0001405
  493      0.0008012     -0.0021708
  494      0.0000496     -0.0001997
  495      0.0001645     -0.0006058
  496      0.0003433     -0.0010762
  497      0.0000196     -0.0001152
  498      0.0008172     -0.0031225
  499      0.0002956     -0.0011446
  500      0.0000238     -0.0001458
  501      0.0010657     -0.0037644
  502      0.0000089     -0.0000654
  503      0.0000145     -0.0001023
  504      0.0003020     -0.0012307
  505      0.0008547     -0.0029144
  506      0.0000800     -0.0005304
  507      0.0002366     -0.0013586
  508      0.0000843     -0.0007960
  509      0.0000221     -0.0002206
  510      0.0000177     -0.0001352
  511      0.0000209     -0.0002238
  512      0.0000028     -0.0000245
  513      0.0000024     -0.0000200
  514      0.0000040     -0.0000343
  515      0.0000009     -0.0000058
  516      0.0000010     -0.0000116
  517      0.0000005     -0.0000102
  518      0.0000002     -0.0000009

   RO Sum (  74) =   74.00

  ---------------
   Dipole Moment
  ---------------

      2.3740 Debye [   0.9340  (  -0.0014,   0.0062,  -0.9340) ]

 ----------------
  Final Energies  
 ----------------

  Final NOF Total Energy =     -656.1295652471 ( 1.E-03 , 0.E+00 )


  **************************************************
  *                                                *
  *       SINGLE-POINT DoNOF CALCULATION           *
  *                                                *
  *             FULL OPTIMIZATION                  *
  *                                                *
  *  FINAL RESULTS   FINAL RESULTS  FINAL RESULTS  *
  *                                                *
  **************************************************

  **************************************************
  *         No. EXTERNAL ITER =     1              *
  *         No. of TOTAL ITER =     0              *
  **************************************************

  Elapsed real time :     34.95  (Seconds)

 The execution finished at 10h 22min on the 11/ 7/2025
Recovering execution output...
Moving from /scratch/pobleyef/349705 to /home-nas/pobleyef/Slim-NOF/ncwomax/Slim16/GNOFm25/arina.349705
mkdir -p /home-nas/pobleyef/Slim-NOF/ncwomax/Slim16/GNOFm25/arina.349705
mv /scratch/pobleyef/349705/* /home-nas/pobleyef/Slim-NOF/ncwomax/Slim16/GNOFm25/arina.349705
