Job runing on na17
Choosing scratch ...
Automatic scratch folder selection
/scratch/pobleyef/349711
/scratch/pobleyef/349711 directory
cp HEAVY28-pbh4_teh2.gcf HEAVY28-pbh4_teh2.inp to  /scratch/pobleyef/349711/.
HEAVY28-pbh4_teh2
 This is the OpenMP version of the code
 This is the OpenMP version of the code
 This is the OpenMP version of the code
 This is the OpenMP version of the code
 This is the OpenMP version of the code
 This is the OpenMP version of the code
 This is the OpenMP version of the code
 This is the OpenMP version of the code
 This is the OpenMP version of the code
 This is the OpenMP version of the code
 This is the OpenMP version of the code
 This is the OpenMP version of the code
 This is the OpenMP version of the code
 This is the OpenMP version of the code
 This is the OpenMP version of the code
 This is the OpenMP version of the code
 This is the OpenMP version of the code
 This is the OpenMP version of the code
 This is the OpenMP version of the code
 This is the OpenMP version of the code
 This is the OpenMP version of the code
 This is the OpenMP version of the code
 This is the OpenMP version of the code
 This is the OpenMP version of the code
 This is the OpenMP version of the code
 This is the OpenMP version of the code
 This is the OpenMP version of the code
 This is the OpenMP version of the code
 This is the OpenMP version of the code
 This is the OpenMP version of the code
 This is the OpenMP version of the code
 This is the OpenMP version of the code
 This is the OpenMP version of the code
 This is the OpenMP version of the code
 This is the OpenMP version of the code
 This is the OpenMP version of the code
 This is the OpenMP version of the code
 This is the OpenMP version of the code
 This is the OpenMP version of the code
 This is the OpenMP version of the code
 This is the OpenMP version of the code
 This is the OpenMP version of the code
 This is the OpenMP version of the code
 This is the OpenMP version of the code
 This is the OpenMP version of the code
 This is the OpenMP version of the code
 This is the OpenMP version of the code
 This is the OpenMP version of the code
 This is the OpenMP version of the code
 This is the OpenMP version of the code
 This is the OpenMP version of the code
 This is the OpenMP version of the code
 This is the OpenMP version of the code
 This is the OpenMP version of the code
 This is the OpenMP version of the code
 This is the OpenMP version of the code
 This is the OpenMP version of the code
 This is the OpenMP version of the code
 This is the OpenMP version of the code
 This is the OpenMP version of the code
 This is the OpenMP version of the code
 This is the OpenMP version of the code
 This is the OpenMP version of the code
 This is the OpenMP version of the code
 This is the OpenMP version of the code
 This is the OpenMP version of the code
 This is the OpenMP version of the code
 This is the OpenMP version of the code
 This is the OpenMP version of the code
 This is the OpenMP version of the code
 This is the OpenMP version of the code
 This is the OpenMP version of the code
 This is the OpenMP version of the code
 This is the OpenMP version of the code
 This is the OpenMP version of the code
 This is the OpenMP version of the code
 This is the OpenMP version of the code
 This is the OpenMP version of the code
 This is the OpenMP version of the code
 This is the OpenMP version of the code
 This is the OpenMP version of the code
 This is the OpenMP version of the code
 This is the OpenMP version of the code
 This is the OpenMP version of the code
 This is the OpenMP version of the code
 This is the OpenMP version of the code
 This is the OpenMP version of the code
 This is the OpenMP version of the code
 This is the OpenMP version of the code
 This is the OpenMP version of the code
 This is the OpenMP version of the code
 This is the OpenMP version of the code
 This is the OpenMP version of the code
 This is the OpenMP version of the code
 This is the OpenMP version of the code
 This is the OpenMP version of the code
 This is the OpenMP version of the code
 This is the OpenMP version of the code
 This is the OpenMP version of the code
 This is the OpenMP version of the code
 This is the OpenMP version of the code
 This is the OpenMP version of the code
 This is the OpenMP version of the code
 This is the OpenMP version of the code
 This is the OpenMP version of the code
 This is the OpenMP version of the code
 This is the OpenMP version of the code
 This is the OpenMP version of the code
 This is the OpenMP version of the code
 This is the OpenMP version of the code
 This is the OpenMP version of the code
 This is the OpenMP version of the code
 This is the OpenMP version of the code
 This is the OpenMP version of the code
 This is the OpenMP version of the code
 This is the OpenMP version of the code
 This is the OpenMP version of the code
 This is the OpenMP version of the code
 This is the OpenMP version of the code
 This is the OpenMP version of the code

 The execution started at 10h 21min on the 11/ 7/2025

    ===========================================================
    !                                                         !
    !                        Do N O F                         !
    !                                                         !
    !  (Donostia Natural Orbital Functional Software Program) !
    !                                                         !
    !               COPYRIGHT by Mario Piris                  !
    !                                                         !
    !      Donostia International Physics Center (DIPC)       !
    !       University of the Basque Country (UPV/EHU)        !
    !       Basque Foundation for Science (IKERBASQUE)        !
    !                                                         !
    !          GNU General Public License version 3           !
    !                                                         !
    !                  VERSION: October 2025                  !
    !                                                         !
    ===========================================================

 Run Title
 ---------
  Molname                                                                        

 Basis Set
 ---------
 /home/pobleyef/DoNOFsw/basis/def2-QZVP.bas                                      

 Atom      Charge                Coordinates (Bohr)
                           x             y             z
 PB         82.0        0.0061       -4.0657        0.0000
 H           1.0       -0.1030       -0.8110        0.0000
 H           1.0       -1.4898       -5.2012        2.6586
 H           1.0       -1.4898       -5.2012       -2.6586
 H           1.0        3.1117       -5.0415        0.0000
 TE         52.0        0.0061        5.3162        0.0000
 H           1.0        2.1610        7.5289        0.0000
 H           1.0       -2.2021        7.4755        0.0000

 Atomic Basis Set
 ----------------
 The contracted primitive functions were unnormalized
 The contracted basis functions are now normalized to unity

  Shell Type  Primitive         Exponent  Contraction Coefficient

 PB        

      1   S       1          9368.3300000    0.000034136073
      1   S       2          1366.9300000    0.000251143967
      1   S       3           299.6820000    0.000924112269
      1   S       4            34.8597000    0.056748783490
      1   S       5            21.7889000   -0.496036157006
      1   S       6            13.6200000    1.704887165912
      1   S       7             8.5129500   -1.479654916305
      1   S       8             5.3033200   -1.490751578403
      1   S       9             1.9281600    1.865846066168

      2   S      10            13.5599442    0.352119859911
      2   S      11            11.0396200   -0.590368297460
      2   S      12             2.1371723    1.158652262856

      3   S      13             1.0373400    1.000000000000

      4   S      14             0.5111169    1.000000000000

      5   S      15             0.2467399    1.000000000000

      6   S      16             0.1157798    1.000000000000

      7   S      17             0.0528742    1.000000000000

      8   P      18            59.0901000    0.000754772094
      8   P      19            20.9197000   -0.022223610733
      8   P      20            13.0777000    0.133941476302
      8   P      21             6.8991000   -0.392443539432
      8   P      22             2.1962700    0.459254573712
      8   P      23             1.3048600    0.459330472581
      8   P      24             0.7795720    0.275077532970

      9   P      25             9.1373183   -0.061423409595
      9   P      26             3.9570574    0.302855439115
      9   P      27             1.2246639    0.802563771238

     10   P      28             0.4260156    1.000000000000

     11   P      29             0.2037859    1.000000000000

     12   P      30             0.0881686    1.000000000000

     13   P      31             0.0370947    1.000000000000

     14   D      32            66.3482490    0.000313339274
     14   D      33            13.4558998    0.010260971277
     14   D      34             6.5510273   -0.082826992406
     14   D      35             2.6574137    0.183280411305
     14   D      36             1.6001278    0.343034392962
     14   D      37             0.9330445    0.361628277252
     14   D      38             0.5439137    0.249015333759

     15   D      39             0.3205955    1.000000000000

     16   D      40             0.1792230    1.000000000000

     17   D      41             0.0832000    1.000000000000

     18   F      42             2.5184939    1.000000000000

     19   F      43             1.1606000    1.000000000000

     20   F      44             0.4413000    1.000000000000

     21   F      45             0.1782000    1.000000000000

     22   G      46             0.3881000    1.000000000000

 H         

     23   S      47           190.6916900    0.005342636962
     23   S      48            28.6055320    0.041252338243
     23   S      49             6.5095943    0.210993525698
     23   S      50             1.8412455    0.812128545862

     24   S      51             0.5985373    1.000000000000

     25   S      52             0.2139762    1.000000000000

     26   S      53             0.0803163    1.000000000000

     27   P      54             2.2920000    1.000000000000

     28   P      55             0.8380000    1.000000000000

     29   P      56             0.2920000    1.000000000000

     30   D      57             2.0620000    1.000000000000

     31   D      58             0.6620000    1.000000000000

     32   F      59             1.3970000    1.000000000000

 H         

     33   S      60           190.6916900    0.005342636962
     33   S      61            28.6055320    0.041252338243
     33   S      62             6.5095943    0.210993525698
     33   S      63             1.8412455    0.812128545862

     34   S      64             0.5985373    1.000000000000

     35   S      65             0.2139762    1.000000000000

     36   S      66             0.0803163    1.000000000000

     37   P      67             2.2920000    1.000000000000

     38   P      68             0.8380000    1.000000000000

     39   P      69             0.2920000    1.000000000000

     40   D      70             2.0620000    1.000000000000

     41   D      71             0.6620000    1.000000000000

     42   F      72             1.3970000    1.000000000000

 H         

     43   S      73           190.6916900    0.005342636962
     43   S      74            28.6055320    0.041252338243
     43   S      75             6.5095943    0.210993525698
     43   S      76             1.8412455    0.812128545862

     44   S      77             0.5985373    1.000000000000

     45   S      78             0.2139762    1.000000000000

     46   S      79             0.0803163    1.000000000000

     47   P      80             2.2920000    1.000000000000

     48   P      81             0.8380000    1.000000000000

     49   P      82             0.2920000    1.000000000000

     50   D      83             2.0620000    1.000000000000

     51   D      84             0.6620000    1.000000000000

     52   F      85             1.3970000    1.000000000000

 H         

     53   S      86           190.6916900    0.005342636962
     53   S      87            28.6055320    0.041252338243
     53   S      88             6.5095943    0.210993525698
     53   S      89             1.8412455    0.812128545862

     54   S      90             0.5985373    1.000000000000

     55   S      91             0.2139762    1.000000000000

     56   S      92             0.0803163    1.000000000000

     57   P      93             2.2920000    1.000000000000

     58   P      94             0.8380000    1.000000000000

     59   P      95             0.2920000    1.000000000000

     60   D      96             2.0620000    1.000000000000

     61   D      97             0.6620000    1.000000000000

     62   F      98             1.3970000    1.000000000000

 TE        

     63   S      99         15746.3000000    0.000143505502
     63   S     100          2369.2500000    0.001057688697
     63   S     101           535.8600000    0.004416780439
     63   S     102           141.8850000    0.009662703776
     63   S     103            27.8197000   -0.155270295244
     63   S     104            17.3879000    0.974030304699
     63   S     105            10.8656000   -1.056596460807
     63   S     106             6.5688500   -1.379712385251
     63   S     107             2.4013900    1.827441577778

     64   S     108            29.3832530    0.065123322284
     64   S     109            15.9464080   -0.295127541592
     64   S     110             3.6679903    1.157583693522

     65   S     111             1.2865442    1.000000000000

     66   S     112             0.6353359    1.000000000000

     67   S     113             0.2980779    1.000000000000

     68   S     114             0.1406125    1.000000000000

     69   S     115             0.0656607    1.000000000000

     70   P     116           750.2220000    0.000059811429
     70   P     117           163.9610000    0.000471590110
     70   P     118            16.9227000    0.095913376815
     70   P     119            10.5755000   -0.308502747699
     70   P     120             5.7046200   -0.026376840001
     70   P     121             2.9802200    0.569989111661
     70   P     122             1.5197000    0.591813381771

     71   P     123            13.9254573   -0.023770496808
     71   P     124             4.2323767    0.249927523263
     71   P     125             1.4547631    0.815474645660

     72   P     126             0.7552878    1.000000000000

     73   P     127             0.3182945    1.000000000000

     74   P     128             0.1372183    1.000000000000

     75   P     129             0.0570992    1.000000000000

     76   D     130           146.3072712    0.000461306274
     76   D     131            42.2438594    0.003533209679
     76   D     132             9.9155378   -0.117465721016
     76   D     133             8.9949644    0.139705429021
     76   D     134             4.1376628    0.227137070875
     76   D     135             2.3659339    0.343049326787
     76   D     136             1.3736142    0.323069207587
     76   D     137             0.7984638    0.204724481522

     77   D     138             0.4568518    1.000000000000

     78   D     139             0.2502275    1.000000000000

     79   D     140             0.1156000    1.000000000000

     80   F     141             5.8043400    1.000000000000

     81   F     142             1.9347800    1.000000000000

     82   F     143             0.5184000    1.000000000000

     83   F     144             0.2135000    1.000000000000

     84   G     145             0.4294000    1.000000000000

 H         

     85   S     146           190.6916900    0.005342636962
     85   S     147            28.6055320    0.041252338243
     85   S     148             6.5095943    0.210993525698
     85   S     149             1.8412455    0.812128545862

     86   S     150             0.5985373    1.000000000000

     87   S     151             0.2139762    1.000000000000

     88   S     152             0.0803163    1.000000000000

     89   P     153             2.2920000    1.000000000000

     90   P     154             0.8380000    1.000000000000

     91   P     155             0.2920000    1.000000000000

     92   D     156             2.0620000    1.000000000000

     93   D     157             0.6620000    1.000000000000

     94   F     158             1.3970000    1.000000000000

 H         

     95   S     159           190.6916900    0.005342636962
     95   S     160            28.6055320    0.041252338243
     95   S     161             6.5095943    0.210993525698
     95   S     162             1.8412455    0.812128545862

     96   S     163             0.5985373    1.000000000000

     97   S     164             0.2139762    1.000000000000

     98   S     165             0.0803163    1.000000000000

     99   P     166             2.2920000    1.000000000000

    100   P     167             0.8380000    1.000000000000

    101   P     168             0.2920000    1.000000000000

    102   D     169             2.0620000    1.000000000000

    103   D     170             0.6620000    1.000000000000

    104   F     171             1.3970000    1.000000000000

 Total Number of Basis Set Shells             =  104
 Total Number of Primitives                   =  171
 Number of Spherical Gaussian Basis Functions =  344
 Total Number of Auxiliary Basis Set Shells   =  135
 Number of Sph. Gaussian Auxiliary Set Func.  =  577
 Number of Electrons                          =  140
 Charge of Molecule                           =    0
 Spin Multiplicity                            =    1
 Number of Occupied Orbitals (Alpha)          =   70
 Number of Occupied Orbitals (Beta )          =   70
 Total Number of Atoms                        =    8

 Nuclear Energy =      627.6851435877

 Note: This calculation is using an effective core potential
 so NE and ENUC will be adjusted later after removal of the Core

 Input Run Options
 -----------------
 IRUNTYP = 1  MULT = 1  ICHARG =  0 IECP = 1  IEMOM = 1  UNITS = ANGS    

 ECP Potentials
 --------------
 Parameters for "PB-ECP  " on Atom  1 with ZCORE 60 and LMAX 3 are

 for L= 3      COEFF    N           ZETA
    1       12.20989    2        3.88751
    1       16.19029    2        3.81196
 for L= 0      COEFF    N           ZETA
    1      281.28550    2       12.29630
    1       62.52022    2        8.63263
    1      -12.20989    2        3.88751
    1      -16.19029    2        3.81196
 for L= 1      COEFF    N           ZETA
    1       72.27690    2       10.24179
    1      144.59108    2        8.92418
    1        4.75869    2        6.58134
    1        9.94062    2        6.25540
    1      -12.20989    2        3.88751
    1      -16.19029    2        3.81196
 for L= 2      COEFF    N           ZETA
    1       35.84851    2        7.75434
    1       53.72434    2        7.72028
    1       10.11526    2        4.97026
    1       14.83373    2        4.56379
    1      -12.20989    2        3.88751
    1      -16.19029    2        3.81196
 Parameters for "TE-ECP  " on Atom  6 with ZCORE 28 and LMAX 3 are

 for L= 3      COEFF    N           ZETA
    7      -15.74545    2       15.20617
    7      -20.74245    2       15.20170
 for L= 0      COEFF    N           ZETA
    7      281.04584    2       16.81447
    7       61.62066    2        8.79353
    7       15.74545    2       15.20617
    7       20.74245    2       15.20170
 for L= 1      COEFF    N           ZETA
    7       67.44946    2       14.87780
    7      134.90430    2       14.26973
    7       14.68955    2        8.72443
    7       29.41506    2        8.29152
    7       15.74545    2       15.20617
    7       20.74245    2       15.20170
 for L= 2      COEFF    N           ZETA
    7       35.43206    2       15.20501
    7       53.13569    2       15.22585
    7        9.06980    2        6.07177
    7       13.12230    2        5.80476
    7       15.74545    2       15.20617
    7       20.74245    2       15.20170

 The ECP removes  88 core electrons and  88 protons

 Number of electrons kept in the run =   52
 Number of occupied orbitals (Alpha) =   26
 Number of occupied orbitals (Beta)  =   26

 Adjusted Nuclear Energy =      115.1533198918


 Integral Options
 ----------------
 ERITYP = RI     AUX = JKFIT   ISCHWZ = 1   CUTOFF = 1.0E-09

 Input NOF Options
 -----------------

 Natural Orbital Functional Selected:    (IPNOF)         8
 Modified version of GNOF (GNOFm):       (Imod)          1

 Type of calculation = ICOEF2 + ICOEF1:  (ICOEF)        21
 Use Softmax function for Occ. Opt.:     (ISOFTMAX)      1
 Type of Orb. Opt. = Orbital Rotations:  (IORBOPT)       2
 Maximum Number of Coef Outer Iter.:     (MAXIT21)       3
 Maximum Number of Occ-Coef Outer Iter.: (MAXIT)      1000

 Restart calculation Option:             (RESTART)       F
 Restart Gamma Matrix from GCF file:     (INPUTGAMMA)    1
 Coefficient Matrix from GCF file:       (INPUTC)        1
 Diagonal Elements FMIUG from GCF file:  (INPUTFMIUG)    0
 Cartesian Coordinates from GCF file:    (INPUTCXYZ)     0

 Threshold Lambda Convergence=10**(-N):  (NTHRESHL)      3
 Threshold Energy Convergence=10**(-N):  (NTHRESHE)      5
 Max. Number of Inner Coef. Iterations:  (MAXLOOP)      10
 Orthogonalize the initial Orbitals:     (ORTHO)         T

 Output Option:                          (NPRINT)        0
 Output the Coefficient Matrix:          (IWRITEC)       0
 Do a Mulliken Population Analysis:      (IMULPOP)       0
 Write Information into a WFN file:      (IAIMPAC)       1
 Write Information into a FCHK file:     (IFCHK)         1
 Write Information into a MLP file:      (MOLDEN)        1
 Create Ini. Cond. (ini.xyz) file:       (INICOND)       1
 Calculate IPs using Ext. Koopmans Theo: (IEKT)          0
 Write APSG expansion coefficient file:  (APSG)          F
 Output option for Lagrange Multipliers: (PRINTLAG)      F
 Diagonalize matrix of Lag. Multipliers: (DIAGLAG)       F

------------------------------------------------------------------------

 Orbital Space
 -------------

 Inactive Doubly occupied orbitals up to NO1  =    0
 No. considered Strongly Doubly occupied MOs  =   26
 No. considered Strongly Singly occupied MOs  =    0
 No. of Weakly occ. per St. Doubly occ.  MOs  =   12
 Dimension of the Active Nat. Orb. subspace   =  338
 Secondary Empty orbitals                     =    6

 1e- integrals
 -------------
 Time to do integrals =      0.75

 2e- integrals
 -------------
 DONTW option skips storage 2e- integrals on Unit 1
 Time to do integrals =      1.37

 No violations of the orthonormality

   INITIAL VALUES
  =================

   OM     Occupation      Elag Diag

    1      1.9828187     -1.0373781
    2      1.9989298     -4.7993057
    3      1.9991655     -4.8750442
    4      1.9840171     -1.7203056
    5      1.9996755     -6.9100980
    6      1.9674461     -0.3434478
    7      1.9838103     -1.7140683
    8      1.9676343     -0.4737080
    9      1.9824211     -1.0386565
   10      1.9835082     -1.6793958
   11      1.9989755     -4.7365659
   12      1.9888851     -1.5475939
   13      1.9997306     -6.4476666
   14      1.9815109     -0.9868316
   15      1.9990212     -4.2064362
   16      1.9990410     -4.2595715
   17      1.9675073     -0.4760168
   18      1.9990699     -4.1511110
   19      1.9816336     -0.9995591
   20      1.9678967     -0.4835665
   21      1.9769677     -1.3213590
   22      1.9848460     -1.8267630
   23      1.9748280     -0.8281695
   24      1.9760555     -0.7046967
   25      1.9789429     -1.0518216
   26      1.9824341     -1.5421166
   27      0.0000310     -0.0001181
   28      0.0000274     -0.0000987
   29      0.0000021     -0.0000067
   30      0.0007872     -0.0017626
   31      0.0150375     -0.0467900
   32      0.0116119     -0.0406939
   33      0.0000032     -0.0000081
   34      0.0001020     -0.0003013
   35      0.0000003     -0.0000012
   36      0.0000001     -0.0000001
   37      0.0004934     -0.0018568
   38      0.0000038     -0.0000286
   39      0.0009144     -0.0025588
   40      0.0000026     -0.0000141
   41      0.0016881     -0.0039251
   42      0.0000024     -0.0000133
   43      0.0000081     -0.0000353
   44      0.0004904     -0.0015757
   45      0.0175131     -0.0279138
   46      0.0000004     -0.0000018
   47      0.0090954     -0.0169755
   48      0.0000304     -0.0001182
   49      0.0000024     -0.0000120
   50      0.0000025     -0.0000141
   51      0.0000006     -0.0000028
   52      0.0127027     -0.0300995
   53      0.0000974     -0.0003386
   54      0.0104249     -0.0286334
   55      0.0072562     -0.0143357
   56      0.0170730     -0.0290689
   57      0.0000894     -0.0003669
   58      0.0000015     -0.0000075
   59      0.0050177     -0.0107028
   60      0.0002427     -0.0005945
   61      0.0000003     -0.0000011
   62      0.0000428     -0.0001179
   63      0.0000056     -0.0000507
   64      0.0001700     -0.0007728
   65      0.0008947     -0.0019729
   66      0.0000062     -0.0000733
   67      0.0002571     -0.0010140
   68      0.0004946     -0.0021715
   69      0.0000015     -0.0000073
   70      0.0000179     -0.0000577
   71      0.0000020     -0.0000052
   72      0.0000101     -0.0000419
   73      0.0000002     -0.0000005
   74      0.0000012     -0.0000070
   75      0.0000265     -0.0001063
   76      0.0000021     -0.0000115
   77      0.0000003     -0.0000012
   78      0.0000413     -0.0001370
   79      0.0000200     -0.0000806
   80      0.0103963     -0.0286129
   81      0.0000003     -0.0000011
   82      0.0000016     -0.0000060
   83      0.0000017     -0.0000093
   84      0.0000001     -0.0000001
   85      0.0000423     -0.0001231
   86      0.0015312     -0.0038555
   87      0.0000019     -0.0000108
   88      0.0000015     -0.0000042
   89      0.0000528     -0.0001770
   90      0.0000022     -0.0000117
   91      0.0001185     -0.0003640
   92      0.0000104     -0.0000677
   93      0.0027464     -0.0063149
   94      0.0000289     -0.0001137
   95      0.0000133     -0.0000565
   96      0.0000187     -0.0000596
   97      0.0000001     -0.0000001
   98      0.0000181     -0.0000765
   99      0.0087351     -0.0162744
  100      0.0000032     -0.0000198
  101      0.0000043     -0.0000190
  102      0.0000008     -0.0000045
  103      0.0000003     -0.0000013
  104      0.0017741     -0.0040168
  105      0.0010089     -0.0032980
  106      0.0000130     -0.0000494
  107      0.0060136     -0.0125833
  108      0.0002199     -0.0005173
  109      0.0000077     -0.0000324
  110      0.0000009     -0.0000041
  111      0.0099941     -0.0184077
  112      0.0011394     -0.0033076
  113      0.0009082     -0.0031414
  114      0.0002417     -0.0005378
  115      0.0000147     -0.0000687
  116      0.0000066     -0.0000676
  117      0.0016194     -0.0037719
  118      0.0000063     -0.0000752
  119      0.0001211     -0.0003871
  120      0.0000351     -0.0001382
  121      0.0000003     -0.0000011
  122      0.0016079     -0.0038971
  123      0.0000137     -0.0000314
  124      0.0002946     -0.0010754
  125      0.0059717     -0.0128573
  126      0.0000007     -0.0000030
  127      0.0006534     -0.0022188
  128      0.0000006     -0.0000028
  129      0.0009755     -0.0035316
  130      0.0002423     -0.0005924
  131      0.0002583     -0.0008170
  132      0.0000069     -0.0000240
  133      0.0000002     -0.0000005
  134      0.0000003     -0.0000012
  135      0.0000003     -0.0000014
  136      0.0000001     -0.0000001
  137      0.0003745     -0.0009325
  138      0.0002085     -0.0005343
  139      0.0000002     -0.0000010
  140      0.0054518     -0.0109636
  141      0.0001891     -0.0008382
  142      0.0000002     -0.0000007
  143      0.0002092     -0.0005265
  144      0.0000028     -0.0000145
  145      0.0000014     -0.0000073
  146      0.0000039     -0.0000242
  147      0.0000262     -0.0001043
  148      0.0002403     -0.0005893
  149      0.0000002     -0.0000003
  150      0.0008960     -0.0031843
  151      0.0004116     -0.0009259
  152      0.0002154     -0.0012132
  153      0.0000072     -0.0000308
  154      0.0002299     -0.0012306
  155      0.0000004     -0.0000094
  156      0.0000521     -0.0001575
  157      0.0003634     -0.0012224
  158      0.0000716     -0.0002189
  159      0.0000467     -0.0001405
  160      0.0001895     -0.0004461
  161      0.0000003     -0.0000014
  162      0.0114060     -0.0397715
  163      0.0000356     -0.0001075
  164      0.0025312     -0.0059461
  165      0.0000002     -0.0000007
  166      0.0000007     -0.0000018
  167      0.0000075     -0.0000778
  168      0.0000002     -0.0000008
  169      0.0016617     -0.0037506
  170      0.0000065     -0.0000755
  171      0.0002210     -0.0009725
  172      0.0000025     -0.0000148
  173      0.0008525     -0.0029937
  174      0.0009658     -0.0024215
  175      0.0000003     -0.0000012
  176      0.0000007     -0.0000029
  177      0.0000191     -0.0000436
  178      0.0000021     -0.0000119
  179      0.0149779     -0.0459636
  180      0.0000017     -0.0000095
  181      0.0000507     -0.0001998
  182      0.0001119     -0.0003612
  183      0.0000974     -0.0003351
  184      0.0000278     -0.0000997
  185      0.0000002     -0.0000006
  186      0.0000457     -0.0001285
  187      0.0000061     -0.0000254
  188      0.0000001     -0.0000001
  189      0.0000001     -0.0000001
  190      0.0116545     -0.0289990
  191      0.0000003     -0.0000013
  192      0.0112445     -0.0192138
  193      0.0000029     -0.0000159
  194      0.0000005     -0.0000052
  195      0.0119569     -0.0290083
  196      0.0000164     -0.0000657
  197      0.0027167     -0.0061482
  198      0.0000557     -0.0002208
  199      0.0000004     -0.0000018
  200      0.0120848     -0.0293767
  201      0.0000003     -0.0000007
  202      0.0001394     -0.0006193
  203      0.0000011     -0.0000025
  204      0.0000097     -0.0001363
  205      0.0001328     -0.0005363
  206      0.0000013     -0.0000072
  207      0.0000392     -0.0001598
  208      0.0016229     -0.0040325
  209      0.0006070     -0.0020185
  210      0.0000011     -0.0000048
  211      0.0000177     -0.0000582
  212      0.0000588     -0.0001592
  213      0.0000005     -0.0000021
  214      0.0000021     -0.0000088
  215      0.0058970     -0.0120225
  216      0.0000838     -0.0002254
  217      0.0000004     -0.0000015
  218      0.0000004     -0.0000007
  219      0.0000328     -0.0001171
  220      0.0004951     -0.0018860
  221      0.0006959     -0.0015489
  222      0.0000401     -0.0001474
  223      0.0000454     -0.0001402
  224      0.0001802     -0.0009783
  225      0.0005660     -0.0020123
  226      0.0009084     -0.0027641
  227      0.0059258     -0.0126164
  228      0.0000006     -0.0000026
  229      0.0000001     -0.0000004
  230      0.0000023     -0.0000133
  231      0.0000172     -0.0000730
  232      0.0000795     -0.0005265
  233      0.0000018     -0.0000109
  234      0.0000566     -0.0001613
  235      0.0000102     -0.0000406
  236      0.0000698     -0.0002137
  237      0.0000082     -0.0000260
  238      0.0000004     -0.0000012
  239      0.0000007     -0.0000029
  240      0.0000001     -0.0000001
  241      0.0000002     -0.0000005
  242      0.0000438     -0.0001321
  243      0.0000001     -0.0000028
  244      0.0000065     -0.0000148
  245      0.0001041     -0.0004247
  246      0.0001889     -0.0008025
  247      0.0000439     -0.0001313
  248      0.0001197     -0.0005490
  249      0.0000022     -0.0000097
  250      0.0000109     -0.0001084
  251      0.0149034     -0.0456351
  252      0.0002783     -0.0006428
  253      0.0001806     -0.0004372
  254      0.0000011     -0.0000064
  255      0.0000001     -0.0000001
  256      0.0000102     -0.0001450
  257      0.0000051     -0.0000201
  258      0.0005106     -0.0021285
  259      0.0000006     -0.0000029
  260      0.0002234     -0.0005630
  261      0.0005260     -0.0017168
  262      0.0000160     -0.0000633
  263      0.0000097     -0.0000299
  264      0.0065760     -0.0139300
  265      0.0000006     -0.0000027
  266      0.0000002     -0.0000008
  267      0.0000001     -0.0000002
  268      0.0007099     -0.0016336
  269      0.0000003     -0.0000011
  270      0.0147072     -0.0239425
  271      0.0000043     -0.0000353
  272      0.0001103     -0.0004802
  273      0.0002171     -0.0005417
  274      0.0000033     -0.0000176
  275      0.0013798     -0.0035274
  276      0.0000097     -0.0001101
  277      0.0000005     -0.0000021
  278      0.0004993     -0.0014800
  279      0.0000006     -0.0000011
  280      0.0000209     -0.0000862
  281      0.0082676     -0.0160650
  282      0.0000024     -0.0000137
  283      0.0000083     -0.0000365
  284      0.0000005     -0.0000060
  285      0.0000002     -0.0000007
  286      0.0001260     -0.0003607
  287      0.0000139     -0.0000568
  288      0.0000008     -0.0000025
  289      0.0105897     -0.0265573
  290      0.0000136     -0.0000368
  291      0.0000008     -0.0000049
  292      0.0000031     -0.0000118
  293      0.0107311     -0.0194699
  294      0.0000007     -0.0000022
  295      0.0000003     -0.0000015
  296      0.0007947     -0.0016116
  297      0.0000036     -0.0000237
  298      0.0000008     -0.0000037
  299      0.0001062     -0.0002724
  300      0.0000380     -0.0002353
  301      0.0005209     -0.0016340
  302      0.0000036     -0.0000253
  303      0.0000917     -0.0003462
  304      0.0004318     -0.0011435
  305      0.0003377     -0.0007566
  306      0.0001417     -0.0005524
  307      0.0000518     -0.0001405
  308      0.0000392     -0.0001588
  309      0.0000497     -0.0001915
  310      0.0000031     -0.0000171
  311      0.0000003     -0.0000014
  312      0.0001709     -0.0005718
  313      0.0145325     -0.0444419
  314      0.0000014     -0.0000058
  315      0.0000001     -0.0000002
  316      0.0002060     -0.0004821
  317      0.0000083     -0.0000347
  318      0.0000063     -0.0000288
  319      0.0000073     -0.0000213
  320      0.0001189     -0.0003365
  321      0.0000176     -0.0000700
  322      0.0000009     -0.0000020
  323      0.0000482     -0.0001656
  324      0.0000003     -0.0000011
  325      0.0000512     -0.0001567
  326      0.0000172     -0.0000704
  327      0.0014148     -0.0036327
  328      0.0001970     -0.0011003
  329      0.0000279     -0.0001075
  330      0.0000353     -0.0001161
  331      0.0083912     -0.0155139
  332      0.0146662     -0.0456598
  333      0.0000001     -0.0000002
  334      0.0000078     -0.0001061
  335      0.0000979     -0.0003674
  336      0.0000018     -0.0000105
  337      0.0000004     -0.0000018
  338      0.0000572     -0.0001620

   RO Sum (  52) =   52.00

  ---------------
   Dipole Moment
  ---------------

      0.0920 Debye [   0.0362  (  -0.0031,  -0.0348,   0.0096) ]


  RESULTS OF OCCUPATION-COEFFICIENT OPTIMIZATION
 ================================================

  Ex It  Occ Time  Orb Time  Orb It   Electronic Energy     Total Energy   Energy Convergency    Max Mul-Lag Diff

    1    1.2E+00   2.7E+00       0    -579.0128632351     -463.8595433433     0.0000000000           0.000979

   OM     Occupation      Elag Diag

    1      1.9997306     -6.4476666
    2      1.9996755     -6.9100980
    3      1.9991655     -4.8750442
    4      1.9990699     -4.1511110
    5      1.9990410     -4.2595715
    6      1.9990212     -4.2064362
    7      1.9989755     -4.7365659
    8      1.9989298     -4.7993057
    9      1.9888851     -1.5475939
   10      1.9848460     -1.8267630
   11      1.9840171     -1.7203056
   12      1.9838103     -1.7140683
   13      1.9835082     -1.6793958
   14      1.9828187     -1.0373781
   15      1.9824341     -1.5421166
   16      1.9824211     -1.0386565
   17      1.9816336     -0.9995591
   18      1.9815109     -0.9868316
   19      1.9789429     -1.0518216
   20      1.9769677     -1.3213590
   21      1.9760555     -0.7046967
   22      1.9748280     -0.8281695
   23      1.9678967     -0.4835665
   24      1.9676343     -0.4737080
   25      1.9675073     -0.4760168
   26      1.9674461     -0.3434478
   27      0.0090954     -0.0169755
   28      0.0000001     -0.0000001
   29      0.0175131     -0.0279138
   30      0.0000032     -0.0000081
   31      0.0007872     -0.0017626
   32      0.0000021     -0.0000067
   33      0.0116119     -0.0406939
   34      0.0000274     -0.0000987
   35      0.0009144     -0.0025588
   36      0.0001020     -0.0003013
   37      0.0004904     -0.0015757
   38      0.0000310     -0.0001181
   39      0.0127027     -0.0300995
   40      0.0000081     -0.0000353
   41      0.0000004     -0.0000018
   42      0.0000024     -0.0000120
   43      0.0150375     -0.0467900
   44      0.0016881     -0.0039251
   45      0.0000006     -0.0000028
   46      0.0000024     -0.0000133
   47      0.0000038     -0.0000286
   48      0.0004934     -0.0018568
   49      0.0000003     -0.0000012
   50      0.0000025     -0.0000141
   51      0.0000304     -0.0001182
   52      0.0000026     -0.0000141
   53      0.0000002     -0.0000005
   54      0.0000428     -0.0001179
   55      0.0000020     -0.0000052
   56      0.0050177     -0.0107028
   57      0.0170730     -0.0290689
   58      0.0072562     -0.0143357
   59      0.0000015     -0.0000075
   60      0.0104249     -0.0286334
   61      0.0008947     -0.0019729
   62      0.0002427     -0.0005945
   63      0.0000179     -0.0000577
   64      0.0000974     -0.0003386
   65      0.0000413     -0.0001370
   66      0.0000015     -0.0000073
   67      0.0000101     -0.0000419
   68      0.0000265     -0.0001063
   69      0.0000894     -0.0003669
   70      0.0002571     -0.0010140
   71      0.0000003     -0.0000012
   72      0.0004946     -0.0021715
   73      0.0001700     -0.0007728
   74      0.0000056     -0.0000507
   75      0.0000003     -0.0000011
   76      0.0000021     -0.0000115
   77      0.0000012     -0.0000070
   78      0.0000062     -0.0000733
   79      0.0087351     -0.0162744
   80      0.0000015     -0.0000042
   81      0.0000001     -0.0000001
   82      0.0000423     -0.0001231
   83      0.0000016     -0.0000060
   84      0.0000003     -0.0000011
   85      0.0000001     -0.0000001
   86      0.0103963     -0.0286129
   87      0.0001185     -0.0003640
   88      0.0015312     -0.0038555
   89      0.0000187     -0.0000596
   90      0.0000200     -0.0000806
   91      0.0017741     -0.0040168
   92      0.0000133     -0.0000565
   93      0.0000181     -0.0000765
   94      0.0000043     -0.0000190
   95      0.0000017     -0.0000093
   96      0.0027464     -0.0063149
   97      0.0000003     -0.0000013
   98      0.0000289     -0.0001137
   99      0.0000022     -0.0000117
  100      0.0000528     -0.0001770
  101      0.0000019     -0.0000108
  102      0.0000008     -0.0000045
  103      0.0000032     -0.0000198
  104      0.0000104     -0.0000677
  105      0.0059717     -0.0128573
  106      0.0002417     -0.0005378
  107      0.0000137     -0.0000314
  108      0.0099941     -0.0184077
  109      0.0002199     -0.0005173
  110      0.0060136     -0.0125833
  111      0.0000009     -0.0000041
  112      0.0000130     -0.0000494
  113      0.0016194     -0.0037719
  114      0.0011394     -0.0033076
  115      0.0016079     -0.0038971
  116      0.0010089     -0.0032980
  117      0.0002423     -0.0005924
  118      0.0000003     -0.0000011
  119      0.0002946     -0.0010754
  120      0.0006534     -0.0022188
  121      0.0000077     -0.0000324
  122      0.0001211     -0.0003871
  123      0.0009755     -0.0035316
  124      0.0000351     -0.0001382
  125      0.0000066     -0.0000676
  126      0.0000147     -0.0000687
  127      0.0009082     -0.0031414
  128      0.0000006     -0.0000028
  129      0.0000007     -0.0000030
  130      0.0000063     -0.0000752
  131      0.0004116     -0.0009259
  132      0.0054518     -0.0109636
  133      0.0000002     -0.0000003
  134      0.0003745     -0.0009325
  135      0.0000003     -0.0000012
  136      0.0000002     -0.0000005
  137      0.0000001     -0.0000001
  138      0.0000069     -0.0000240
  139      0.0002092     -0.0005265
  140      0.0002085     -0.0005343
  141      0.0002403     -0.0005893
  142      0.0002583     -0.0008170
  143      0.0000521     -0.0001575
  144      0.0000262     -0.0001043
  145      0.0008960     -0.0031843
  146      0.0000072     -0.0000308
  147      0.0000003     -0.0000014
  148      0.0000014     -0.0000073
  149      0.0000004     -0.0000094
  150      0.0000039     -0.0000242
  151      0.0000002     -0.0000007
  152      0.0001891     -0.0008382
  153      0.0000002     -0.0000010
  154      0.0002299     -0.0012306
  155      0.0002154     -0.0012132
  156      0.0000028     -0.0000145
  157      0.0000191     -0.0000436
  158      0.0000007     -0.0000018
  159      0.0000003     -0.0000012
  160      0.0000356     -0.0001075
  161      0.0001895     -0.0004461
  162      0.0000467     -0.0001405
  163      0.0114060     -0.0397715
  164      0.0000716     -0.0002189
  165      0.0016617     -0.0037506
  166      0.0025312     -0.0059461
  167      0.0009658     -0.0024215
  168      0.0003634     -0.0012224
  169      0.0001119     -0.0003612
  170      0.0008525     -0.0029937
  171      0.0000007     -0.0000029
  172      0.0149779     -0.0459636
  173      0.0000003     -0.0000014
  174      0.0002210     -0.0009725
  175      0.0000507     -0.0001998
  176      0.0000025     -0.0000148
  177      0.0000002     -0.0000008
  178      0.0000075     -0.0000778
  179      0.0000002     -0.0000007
  180      0.0000017     -0.0000095
  181      0.0000021     -0.0000119
  182      0.0000065     -0.0000755
  183      0.0000011     -0.0000025
  184      0.0112445     -0.0192138
  185      0.0000003     -0.0000007
  186      0.0000001     -0.0000001
  187      0.0000457     -0.0001285
  188      0.0000002     -0.0000006
  189      0.0000001     -0.0000001
  190      0.0000278     -0.0000997
  191      0.0119569     -0.0290083
  192      0.0116545     -0.0289990
  193      0.0120848     -0.0293767
  194      0.0000974     -0.0003351
  195      0.0016229     -0.0040325
  196      0.0000004     -0.0000018
  197      0.0001394     -0.0006193
  198      0.0001328     -0.0005363
  199      0.0000061     -0.0000254
  200      0.0027167     -0.0061482
  201      0.0000392     -0.0001598
  202      0.0000557     -0.0002208
  203      0.0000005     -0.0000052
  204      0.0000029     -0.0000159
  205      0.0000003     -0.0000013
  206      0.0000013     -0.0000072
  207      0.0000097     -0.0001363
  208      0.0000164     -0.0000657
  209      0.0000001     -0.0000004
  210      0.0000004     -0.0000007
  211      0.0059258     -0.0126164
  212      0.0058970     -0.0120225
  213      0.0000588     -0.0001592
  214      0.0000177     -0.0000582
  215      0.0000021     -0.0000088
  216      0.0000011     -0.0000048
  217      0.0006959     -0.0015489
  218      0.0000838     -0.0002254
  219      0.0009084     -0.0027641
  220      0.0006070     -0.0020185
  221      0.0000566     -0.0001613
  222      0.0005660     -0.0020123
  223      0.0000006     -0.0000026
  224      0.0000172     -0.0000730
  225      0.0000005     -0.0000021
  226      0.0000454     -0.0001402
  227      0.0000018     -0.0000109
  228      0.0001802     -0.0009783
  229      0.0004951     -0.0018860
  230      0.0000328     -0.0001171
  231      0.0000004     -0.0000015
  232      0.0000795     -0.0005265
  233      0.0000023     -0.0000133
  234      0.0000401     -0.0001474
  235      0.0000001     -0.0000001
  236      0.0000065     -0.0000148
  237      0.0001806     -0.0004372
  238      0.0000002     -0.0000005
  239      0.0000004     -0.0000012
  240      0.0000082     -0.0000260
  241      0.0000001     -0.0000001
  242      0.0000698     -0.0002137
  243      0.0000439     -0.0001313
  244      0.0000438     -0.0001321
  245      0.0002783     -0.0006428
  246      0.0000102     -0.0000406
  247      0.0002234     -0.0005630
  248      0.0149034     -0.0456351
  249      0.0000011     -0.0000064
  250      0.0000051     -0.0000201
  251      0.0000007     -0.0000029
  252      0.0000022     -0.0000097
  253      0.0000006     -0.0000029
  254      0.0000109     -0.0001084
  255      0.0001889     -0.0008025
  256      0.0001041     -0.0004247
  257      0.0000001     -0.0000028
  258      0.0005106     -0.0021285
  259      0.0000102     -0.0001450
  260      0.0001197     -0.0005490
  261      0.0082676     -0.0160650
  262      0.0147072     -0.0239425
  263      0.0000006     -0.0000011
  264      0.0000001     -0.0000002
  265      0.0065760     -0.0139300
  266      0.0000097     -0.0000299
  267      0.0000002     -0.0000008
  268      0.0000160     -0.0000633
  269      0.0002171     -0.0005417
  270      0.0007099     -0.0016336
  271      0.0004993     -0.0014800
  272      0.0005260     -0.0017168
  273      0.0001260     -0.0003607
  274      0.0000005     -0.0000021
  275      0.0000209     -0.0000862
  276      0.0000083     -0.0000365
  277      0.0000006     -0.0000027
  278      0.0013798     -0.0035274
  279      0.0000002     -0.0000007
  280      0.0000097     -0.0001101
  281      0.0001103     -0.0004802
  282      0.0000043     -0.0000353
  283      0.0000003     -0.0000011
  284      0.0000005     -0.0000060
  285      0.0000024     -0.0000137
  286      0.0000033     -0.0000176
  287      0.0000518     -0.0001405
  288      0.0007947     -0.0016116
  289      0.0003377     -0.0007566
  290      0.0107311     -0.0194699
  291      0.0000136     -0.0000368
  292      0.0105897     -0.0265573
  293      0.0000031     -0.0000118
  294      0.0000008     -0.0000025
  295      0.0001062     -0.0002724
  296      0.0000007     -0.0000022
  297      0.0004318     -0.0011435
  298      0.0000139     -0.0000568
  299      0.0001709     -0.0005718
  300      0.0000917     -0.0003462
  301      0.0001417     -0.0005524
  302      0.0000497     -0.0001915
  303      0.0000008     -0.0000049
  304      0.0005209     -0.0016340
  305      0.0000003     -0.0000014
  306      0.0000036     -0.0000253
  307      0.0000008     -0.0000037
  308      0.0000036     -0.0000237
  309      0.0000003     -0.0000015
  310      0.0000031     -0.0000171
  311      0.0000392     -0.0001588
  312      0.0000380     -0.0002353
  313      0.0000001     -0.0000002
  314      0.0000009     -0.0000020
  315      0.0083912     -0.0155139
  316      0.0000073     -0.0000213
  317      0.0002060     -0.0004821
  318      0.0000001     -0.0000002
  319      0.0000063     -0.0000288
  320      0.0000014     -0.0000058
  321      0.0000512     -0.0001567
  322      0.0001189     -0.0003365
  323      0.0000353     -0.0001161
  324      0.0145325     -0.0444419
  325      0.0000572     -0.0001620
  326      0.0000279     -0.0001075
  327      0.0146662     -0.0456598
  328      0.0000979     -0.0003674
  329      0.0000083     -0.0000347
  330      0.0014148     -0.0036327
  331      0.0000004     -0.0000018
  332      0.0001970     -0.0011003
  333      0.0000003     -0.0000011
  334      0.0000482     -0.0001656
  335      0.0000176     -0.0000700
  336      0.0000018     -0.0000105
  337      0.0000078     -0.0001061
  338      0.0000172     -0.0000704

   RO Sum (  52) =   52.00

  ---------------
   Dipole Moment
  ---------------

      0.0920 Debye [   0.0362  (  -0.0031,  -0.0348,   0.0096) ]

 ----------------
  Final Energies  
 ----------------

  Final NOF Total Energy =     -463.8595433433 ( 1.E-03 , 0.E+00 )


  **************************************************
  *                                                *
  *       SINGLE-POINT DoNOF CALCULATION           *
  *                                                *
  *             FULL OPTIMIZATION                  *
  *                                                *
  *  FINAL RESULTS   FINAL RESULTS  FINAL RESULTS  *
  *                                                *
  **************************************************

  **************************************************
  *         No. EXTERNAL ITER =     1              *
  *         No. of TOTAL ITER =     0              *
  **************************************************

  Elapsed real time :      7.67  (Seconds)

 The execution finished at 10h 22min on the 11/ 7/2025
Recovering execution output...
Moving from /scratch/pobleyef/349711 to /home-nas/pobleyef/Slim-NOF/ncwomax/Slim16/GNOFm25/arina.349711
mkdir -p /home-nas/pobleyef/Slim-NOF/ncwomax/Slim16/GNOFm25/arina.349711
mv /scratch/pobleyef/349711/* /home-nas/pobleyef/Slim-NOF/ncwomax/Slim16/GNOFm25/arina.349711
