Computing Integrals
Basis Set                                            = def2-qzvp
Auxiliary Basis Set                                  = def2-universal-jkfit
Gaussian Type                                        = Spherical
Elapsed time:    4.16 Seconds

Number of basis functions                   (NBF)    = 298
Number of auxiliary basis functions         (NBFAUX) = 436
Inactive Doubly occupied orbitals up to     (NO1)    = 0
No. considered Strongly Doubly occupied MOs (NDOC)   = 25
No. considered Strongly Singly occupied MOs (NSOC)   = 0
NO. of Weakly occ. per St. Doubly occ.  MOs (NCWO)   = 10
Dimension of the Nat. Orb. subspace         (NBF5)   = 275
No. of electrons                                     = 50
    No. of alpha electrons                           = 25
    No. of beta electrons                            = 25
Multiplicity                                         = 1

Geometry
========
 O       3.9729800      -2.0225900       0.2935700
Cl       2.8519200      -1.8489400      -0.6073500
 O       3.1169100      -2.4049100      -1.9307000
 O       1.6086900      -2.4507700      -0.0408500
 O       2.5759400      -0.3364200      -0.7709200

No violations of the orthonormality
No violations of the orthonormality
 
PNOF8/ADABelief Calculation
==================
 
  Nitext  Nit_orb  Time   Nit_occ  Time         Eelec          Etot           Ediff      maxdiff    MaxGrad_orb  Grad_occ
     1      10    2.4e+01    0    2.6e+01 -1038.12046268  -760.65701198 -11037.12046268   0.000902   3.6e-03   3.4e-04 0.04
 
RESULTS OF THE OCCUPATION OPTIMIZATION
========================================
   1    1.9999983  -105.05976842
   2    1.9999574  -20.41249289
   3    1.9999581  -20.41248887
   4    1.9999603  -20.41245144
   5    1.9999575  -20.41245037
   6    1.9997614  -10.69340995
   7    1.9996182  -8.17134179
   8    1.9996077  -8.17114794
   9    1.9996104  -8.17090847
  10    1.9850297  -1.44144350
  11    1.9837853  -1.19065220
  12    1.9820470  -1.17065775
  13    1.9828079  -1.16641212
  14    1.9798103  -0.77319298
  15    1.9751209  -0.59822434
  16    1.9743794  -0.58265073
  17    1.9738802  -0.53363478
  18    1.9733812  -0.42009664
  19    1.9725880  -0.41373720
  20    1.9586962  -0.39941010
  21    1.9576534  -0.39781182
  22    1.9701283  -0.39158516
  23    1.9596266  -0.39071159
  24    1.9591520  -0.38031728
  25    1.9677980  -0.32320705
  26    0.0192179  -0.02746113
  27    0.0396686  -0.06006681
  28    0.0372361  -0.05872228
  29    0.0224711  -0.02956758
  30    0.0413436  -0.06442505
  31    0.0403711  -0.06230910
  32    0.0107083  -0.02102520
  33    0.0091852  -0.01891465
  34    0.0157153  -0.02610164
  35    0.0143826  -0.02540012
  36    0.0151799  -0.02629963
  37    0.0054670  -0.01370477
  38    0.0080323  -0.02050382
  39    0.0076636  -0.01986983
  40    0.0048516  -0.01263892
  41    0.0043224  -0.01699989
  42    0.0002948  -0.00661893
  43    0.0002680  -0.00586330
  44    0.0002794  -0.00615203
  45    0.0001632  -0.00563628
  46    0.0000094  -0.00025049
  47    0.0000075  -0.00010389
  48    0.0000073  -0.00009844
  49    0.0000074  -0.00010434
  50    0.0000007  -0.00003467
  51    0.0041291  -0.00782841
  52    0.0002540  -0.00084922
  53    0.0024031  -0.00598341
  54    0.0044043  -0.00804029
  55    0.0002180  -0.00074293
  56    0.0002130  -0.00072715
  57    0.0060110  -0.01136531
  58    0.0059351  -0.01125164
  59    0.0037004  -0.00866834
  60    0.0042161  -0.00930920
  61    0.0036795  -0.00948298
  62    0.0053404  -0.01372337
  63    0.0032163  -0.00964258
  64    0.0047792  -0.01303879
  65    0.0034476  -0.01052875
  66    0.0042437  -0.01584640
  67    0.0000129  -0.00049044
  68    0.0000433  -0.00150206
  69    0.0000154  -0.00077998
  70    0.0000179  -0.00041792
  71    0.0000054  -0.00008609
  72    0.0000051  -0.00008359
  73    0.0000051  -0.00008338
  74    0.0000049  -0.00008318
  75    0.0000002  -0.00003621
  76    0.0038556  -0.00753561
  77    0.0002232  -0.00076652
  78    0.0002058  -0.00072800
  79    0.0009469  -0.00249830
  80    0.0002016  -0.00069004
  81    0.0002056  -0.00071325
  82    0.0044523  -0.00834229
  83    0.0053958  -0.01115408
  84    0.0035198  -0.00827579
  85    0.0036924  -0.00884252
  86    0.0030810  -0.00776396
  87    0.0034824  -0.01007454
  88    0.0028780  -0.00890736
  89    0.0027541  -0.00898899
  90    0.0028720  -0.00985273
  91    0.0025744  -0.01108663
  92    0.0000112  -0.00029842
  93    0.0000120  -0.00030450
  94    0.0000136  -0.00038344
  95    0.0000074  -0.00009768
  96    0.0000052  -0.00008424
  97    0.0000050  -0.00008231
  98    0.0000049  -0.00008170
  99    0.0000049  -0.00008110
 100    0.0000002  -0.00003690
 101    0.0035446  -0.00729183
 102    0.0002147  -0.00072801
 103    0.0001865  -0.00067248
 104    0.0006292  -0.00171388
 105    0.0001885  -0.00064839
 106    0.0001778  -0.00064799
 107    0.0043832  -0.00822912
 108    0.0033930  -0.00735100
 109    0.0013825  -0.00485007
 110    0.0013437  -0.00487546
 111    0.0011363  -0.00428636
 112    0.0033292  -0.00935057
 113    0.0009684  -0.00463224
 114    0.0012365  -0.00617896
 115    0.0027525  -0.00939245
 116    0.0012313  -0.00616475
 117    0.0000107  -0.00012630
 118    0.0000108  -0.00012361
 119    0.0000115  -0.00013315
 120    0.0000073  -0.00009689
 121    0.0000051  -0.00008410
 122    0.0000047  -0.00007802
 123    0.0000047  -0.00007894
 124    0.0000047  -0.00008033
 125    0.0000002  -0.00003485
 126    0.0007168  -0.00217353
 127    0.0002048  -0.00070973
 128    0.0001489  -0.00056854
 129    0.0005444  -0.00158199
 130    0.0001500  -0.00057678
 131    0.0001224  -0.00044621
 132    0.0005709  -0.00168166
 133    0.0009782  -0.00287492
 134    0.0005978  -0.00175501
 135    0.0008860  -0.00320253
 136    0.0007439  -0.00240447
 137    0.0009139  -0.00418876
 138    0.0006283  -0.00448905
 139    0.0006017  -0.00347170
 140    0.0009489  -0.00719994
 141    0.0010687  -0.00496578
 142    0.0000104  -0.00012830
 143    0.0000103  -0.00012375
 144    0.0000113  -0.00013086
 145    0.0000073  -0.00009525
 146    0.0000047  -0.00007911
 147    0.0000043  -0.00007390
 148    0.0000047  -0.00007824
 149    0.0000045  -0.00007836
 150    0.0000002  -0.00002469
 151    0.0002629  -0.00079285
 152    0.0001770  -0.00065027
 153    0.0000766  -0.00027038
 154    0.0003588  -0.00099974
 155    0.0001338  -0.00051863
 156    0.0001027  -0.00039673
 157    0.0003809  -0.00118353
 158    0.0009519  -0.00264854
 159    0.0005095  -0.00161046
 160    0.0002917  -0.00095510
 161    0.0003760  -0.00117431
 162    0.0006286  -0.00380146
 163    0.0005927  -0.00323120
 164    0.0003304  -0.00111129
 165    0.0006533  -0.00486104
 166    0.0006860  -0.00590680
 167    0.0000101  -0.00012744
 168    0.0000100  -0.00011432
 169    0.0000106  -0.00012436
 170    0.0000072  -0.00009534
 171    0.0000035  -0.00010652
 172    0.0000034  -0.00010844
 173    0.0000041  -0.00008639
 174    0.0000042  -0.00007435
 175    0.0000001  -0.00000634
 176    0.0002628  -0.00079130
 177    0.0000459  -0.00018492
 178    0.0000595  -0.00024773
 179    0.0003243  -0.00094608
 180    0.0000588  -0.00023713
 181    0.0000542  -0.00023207
 182    0.0003489  -0.00104595
 183    0.0005989  -0.00178731
 184    0.0003359  -0.00105627
 185    0.0002743  -0.00089285
 186    0.0002867  -0.00095417
 187    0.0005899  -0.00277589
 188    0.0003753  -0.00142536
 189    0.0002907  -0.00100567
 190    0.0003617  -0.00152152
 191    0.0003258  -0.00153610
 192    0.0000100  -0.00012243
 193    0.0000095  -0.00010927
 194    0.0000102  -0.00011862
 195    0.0000071  -0.00009445
 196    0.0000028  -0.00010612
 197    0.0000033  -0.00007037
 198    0.0000035  -0.00011050
 199    0.0000038  -0.00022008
 200    0.0000001  -0.00000599
 201    0.0001133  -0.00045015
 202    0.0000212  -0.00012573
 203    0.0000201  -0.00012521
 204    0.0000854  -0.00038562
 205    0.0000187  -0.00012167
 206    0.0000206  -0.00012682
 207    0.0002588  -0.00081945
 208    0.0000851  -0.00035773
 209    0.0002954  -0.00090888
 210    0.0002546  -0.00089958
 211    0.0002626  -0.00092243
 212    0.0002782  -0.00099719
 213    0.0002211  -0.00099670
 214    0.0002247  -0.00097894
 215    0.0001178  -0.00073405
 216    0.0002203  -0.00107099
 217    0.0000098  -0.00011032
 218    0.0000095  -0.00010761
 219    0.0000102  -0.00011588
 220    0.0000071  -0.00009387
 221    0.0000026  -0.00005087
 222    0.0000030  -0.00005546
 223    0.0000031  -0.00013348
 224    0.0000033  -0.00006800
 225    0.0000001  -0.00000472
 226    0.0000514  -0.00022042
 227    0.0000194  -0.00012225
 228    0.0000187  -0.00012426
 229    0.0000715  -0.00028993
 230    0.0000169  -0.00010774
 231    0.0000186  -0.00011198
 232    0.0002557  -0.00085456
 233    0.0000630  -0.00030270
 234    0.0000352  -0.00019688
 235    0.0002019  -0.00080674
 236    0.0000799  -0.00038481
 237    0.0000855  -0.00035398
 238    0.0001772  -0.00090215
 239    0.0000387  -0.00021951
 240    0.0001082  -0.00114790
 241    0.0001757  -0.00101327
 242    0.0000098  -0.00010964
 243    0.0000094  -0.00010731
 244    0.0000099  -0.00011102
 245    0.0000070  -0.00009360
 246    0.0000022  -0.00004019
 247    0.0000018  -0.00010928
 248    0.0000024  -0.00004866
 249    0.0000027  -0.00005700
 250    0.0000001  -0.00000456
 251    0.0000476  -0.00021006
 252    0.0000192  -0.00011611
 253    0.0000180  -0.00011691
 254    0.0000358  -0.00017853
 255    0.0000167  -0.00010649
 256    0.0000177  -0.00011111
 257    0.0000420  -0.00019735
 258    0.0000325  -0.00018774
 259    0.0000280  -0.00015047
 260    0.0000774  -0.00036109
 261    0.0000534  -0.00024916
 262    0.0000746  -0.00037490
 263    0.0001025  -0.00114450
 264    0.0000334  -0.00019089
 265    0.0001011  -0.00118290
 266    0.0001221  -0.00164367
 267    0.0000097  -0.00011003
 268    0.0000094  -0.00010602
 269    0.0000098  -0.00010984
 270    0.0000069  -0.00009301
 271    0.0000016  -0.00006098
 272    0.0000016  -0.00002596
 273    0.0000021  -0.00004528
 274    0.0000022  -0.00004128
 275    0.0000001  -0.00000421
 
----------------
 Final Energies 
----------------
Final NOF Total Energy =    -760.6570120
 
Total Orbital Internal Iterations = 10
Total Occupation Internal Iterations = 0
 
Elapsed time:   64.67 Seconds

---------------------------------
   Lowdin Population Analysis    
---------------------------------
 Idx  Atom   Population   Charge 
---------------------------------
  1     O     8.204      -0.204
  2    Cl    16.980       0.020
  3     O     8.222      -0.222
  4     O     8.265      -0.265
  5     O     8.329      -0.329

---------------------------------
   M Diagnostic: 0.04
---------------------------------

