Computing Integrals
Basis Set                                            = def2-qzvp
Auxiliary Basis Set                                  = def2-universal-jkfit
Gaussian Type                                        = Spherical
Elapsed time:    2.96 Seconds

Number of basis functions                   (NBF)    = 234
Number of auxiliary basis functions         (NBFAUX) = 226
Inactive Doubly occupied orbitals up to     (NO1)    = 0
No. considered Strongly Doubly occupied MOs (NDOC)   = 10
No. considered Strongly Singly occupied MOs (NSOC)   = 0
NO. of Weakly occ. per St. Doubly occ.  MOs (NCWO)   = 22
Dimension of the Nat. Orb. subspace         (NBF5)   = 230
No. of electrons                                     = 20
    No. of alpha electrons                           = 10
    No. of beta electrons                            = 10
Multiplicity                                         = 1

Geometry
========
 O       0.0007560       1.5232520       0.0000000
 H      -0.0863650       0.5574930       0.0000000
 H      -0.8987880       1.8606430       0.0000000
 O       0.0007560      -1.3961260       0.0000000
 H       0.4865270      -1.7175730       0.7661990
 H       0.4865270      -1.7175730      -0.7661990

No violations of the orthonormality
No violations of the orthonormality
 
PNOF8/ADAM Calculation
==================
 
  Nitext  Nit_orb  Time   Nit_occ  Time         Eelec          Etot           Ediff      maxdiff    MaxGrad_orb  Grad_occ
     1      10    1.2e+01   20    1.4e+01  -178.30208079  -141.80928907 -10177.30208079   1.507959   6.0e+00   2.3e-04 0.00
     2      10    2.6e+00   81    6.8e+00  -184.11700135  -147.62420964    -5.81492056   0.472875   1.9e+00   2.1e-04 0.01
     3      10    2.6e+00   59    4.7e+00  -187.30203276  -150.80924105    -3.18503141   1.503781   6.0e+00   2.6e-04 0.02
     4      10    2.3e+00   24    2.1e+00  -188.12906271  -151.63627100    -0.82702995   0.975522   3.9e+00   2.4e-04 0.02
     5      10    2.2e+00   23    1.9e+00  -188.56170229  -152.06891058    -0.43263958   0.211541   8.5e-01   2.5e-04 0.02
     6      10    2.5e+00   16    1.5e+00  -188.72257234  -152.22978063    -0.16087005   0.280159   1.1e+00   2.5e-04 0.02
     7      10    2.5e+00    9    9.0e-01  -188.77140751  -152.27861580    -0.04883517   0.516890   2.1e+00   2.9e-04 0.03
     8      10    2.4e+00   20    1.8e+00  -188.88354944  -152.39075773    -0.11214193   0.232251   9.3e-01   2.0e-04 0.03
     9      10    2.3e+00   14    1.3e+00  -188.97414180  -152.48135009    -0.09059236   0.324050   1.3e+00   2.6e-04 0.03
    10      10    2.3e+00   12    1.1e+00  -188.98168730  -152.48889559    -0.00754550   0.122734   4.9e-01   2.3e-04 0.03
    11      10    2.4e+00   11    1.0e+00  -189.06588946  -152.57309774    -0.08420215   0.143309   5.7e-01   2.0e-04 0.03
    12      10    2.5e+00   12    1.2e+00  -189.08051862  -152.58772691    -0.01462916   0.123266   4.9e-01   2.2e-04 0.03
    13      10    2.2e+00    6    7.1e-01  -189.08521467  -152.59242295    -0.00469605   0.257050   1.0e+00   2.6e-04 0.03
    14      10    2.2e+00    0    2.1e-01  -189.08538167  -152.59258996    -0.00016701   0.257050   1.0e+00   2.6e-04 0.03
    15      30    7.3e+00   12    1.1e+00  -189.27710990  -152.78431819    -0.19172823   0.028779   1.2e-01   1.8e-04 0.03
    16      30    7.0e+00    6    7.0e-01  -189.28106951  -152.78827780    -0.00395961   0.010179   4.1e-02   2.3e-04 0.03
    17      30    7.1e+00    9    9.1e-01  -189.28191115  -152.78911944    -0.00084164   0.009797   3.9e-02   2.1e-04 0.03
    18      30    6.6e+00    4    5.3e-01  -189.28255771  -152.78976600    -0.00064656   0.008490   3.4e-02   2.5e-04 0.03
    19      30    6.8e+00    9    9.4e-01  -189.28299330  -152.79020159    -0.00043559   0.009541   3.8e-02   2.0e-04 0.03
    20      30    6.9e+00    6    6.4e-01  -189.28326675  -152.79047504    -0.00027345   0.007746   3.1e-02   2.3e-04 0.03
    21      30    6.9e+00    3    4.1e-01  -189.28346299  -152.79067128    -0.00019624   0.007330   2.9e-02   2.1e-04 0.03
    22      30    7.6e+00    3    4.6e-01  -189.28358608  -152.79079436    -0.00012309   0.008725   3.5e-02   2.6e-04 0.03
    23      30    7.5e+00    6    6.8e-01  -189.28368226  -152.79089055    -0.00009619   0.012907   5.2e-02   2.6e-04 0.03
    24      30    6.5e+00    6    6.9e-01  -189.28379648  -152.79100477    -0.00011422   0.011648   4.7e-02   2.6e-04 0.03
    25      30    6.8e+00    3    4.1e-01  -189.28408944  -152.79129773    -0.00029296   0.009194   3.7e-02   2.6e-04 0.03
    26      30    6.9e+00    9    8.9e-01  -189.28426817  -152.79147645    -0.00017872   0.009938   4.0e-02   2.4e-04 0.03
    27      30    7.2e+00    3    4.5e-01  -189.28447947  -152.79168776    -0.00021131   0.010666   4.3e-02   2.0e-04 0.03
    28      30    7.0e+00    3    4.6e-01  -189.28468291  -152.79189120    -0.00020344   0.009447   3.8e-02   1.9e-04 0.03
    29      30    7.0e+00    3    4.2e-01  -189.28480680  -152.79201508    -0.00012388   0.008532   3.4e-02   2.2e-04 0.03
    30      30    7.5e+00    3    4.6e-01  -189.28490555  -152.79211383    -0.00009875   0.008964   3.6e-02   2.1e-04 0.03
    31      30    6.6e+00    3    4.7e-01  -189.28493488  -152.79214317    -0.00002934   0.009316   3.7e-02   2.4e-04 0.03
    32      30    6.8e+00    3    4.5e-01  -189.28509278  -152.79230106    -0.00015789   0.009970   4.0e-02   2.2e-04 0.03
    33      30    7.0e+00    0    1.9e-01  -189.28511107  -152.79231936    -0.00001829   0.009970   4.0e-02   2.2e-04 0.03
    34      50    1.2e+01    3    4.1e-01  -189.28575948  -152.79296777    -0.00064841   0.000838   3.4e-03   2.6e-04 0.03
 
RESULTS OF THE OCCUPATION OPTIMIZATION
========================================
   1    1.9999885  -20.59567919
   2    1.9999819  -20.59441858
   3    1.9837432  -1.36385100
   4    1.9851036  -1.31552667
   5    1.9704358  -0.75069859
   6    1.9680617  -0.74679910
   7    1.9678849  -0.69642631
   8    1.9665058  -0.66111791
   9    1.9725942  -0.59666955
  10    1.9697546  -0.53232033
  11    0.0126239  -0.01888942
  12    0.0134831  -0.01942248
  13    0.0240893  -0.03383644
  14    0.0257260  -0.03416448
  15    0.0247748  -0.03392040
  16    0.0260365  -0.03475354
  17    0.0095626  -0.02008511
  18    0.0074703  -0.01780938
  19    0.0000117  -0.00045039
  20    0.0000041  -0.00010866
  21    0.0053216  -0.00953463
  22    0.0058663  -0.00980268
  23    0.0044923  -0.00860251
  24    0.0045107  -0.00878774
  25    0.0054650  -0.00989459
  26    0.0009099  -0.00278433
  27    0.0014262  -0.00564260
  28    0.0041144  -0.00897056
  29    0.0000016  -0.00001193
  30    0.0000028  -0.00002672
  31    0.0050469  -0.00918721
  32    0.0058026  -0.00979387
  33    0.0039434  -0.00820966
  34    0.0005249  -0.00142288
  35    0.0004793  -0.00141862
  36    0.0007163  -0.00210147
  37    0.0013408  -0.00477605
  38    0.0012807  -0.00505505
  39    0.0000013  -0.00000671
  40    0.0000010  -0.00000493
  41    0.0044040  -0.00855841
  42    0.0008127  -0.00238217
  43    0.0003016  -0.00094526
  44    0.0004540  -0.00123262
  45    0.0003345  -0.00099015
  46    0.0005436  -0.00154823
  47    0.0010114  -0.00319251
  48    0.0012405  -0.00431754
  49    0.0000007  -0.00000405
  50    0.0000005  -0.00001556
  51    0.0008458  -0.00256071
  52    0.0005305  -0.00149320
  53    0.0002844  -0.00091143
  54    0.0003814  -0.00106308
  55    0.0003240  -0.00097344
  56    0.0003916  -0.00110255
  57    0.0007271  -0.00245033
  58    0.0006647  -0.00345243
  59    0.0000005  -0.00000564
  60    0.0000004  -0.00000789
  61    0.0004740  -0.00128131
  62    0.0003832  -0.00107395
  63    0.0001234  -0.00041101
  64    0.0002963  -0.00088922
  65    0.0002891  -0.00092349
  66    0.0003632  -0.00104817
  67    0.0001645  -0.00110147
  68    0.0005661  -0.00278628
  69    0.0000004  -0.00002171
  70    0.0000004  -0.00001543
  71    0.0004002  -0.00115645
  72    0.0001827  -0.00059544
  73    0.0000583  -0.00018376
  74    0.0000456  -0.00016819
  75    0.0000613  -0.00023871
  76    0.0001210  -0.00042282
  77    0.0001392  -0.00117562
  78    0.0005285  -0.00171778
  79    0.0000003  -0.00000464
  80    0.0000003  -0.00001622
  81    0.0003644  -0.00095776
  82    0.0001099  -0.00040597
  83    0.0000455  -0.00016727
  84    0.0000423  -0.00018040
  85    0.0000597  -0.00019647
  86    0.0000887  -0.00032971
  87    0.0001143  -0.00082912
  88    0.0001761  -0.00131884
  89    0.0000002  -0.00000181
  90    0.0000003  -0.00000432
  91    0.0003076  -0.00089350
  92    0.0000792  -0.00031434
  93    0.0000352  -0.00016187
  94    0.0000400  -0.00015044
  95    0.0000387  -0.00016199
  96    0.0000840  -0.00031483
  97    0.0001084  -0.00039921
  98    0.0000874  -0.00043779
  99    0.0000002  -0.00000147
 100    0.0000002  -0.00000158
 101    0.0001169  -0.00043437
 102    0.0000621  -0.00024585
 103    0.0000294  -0.00013887
 104    0.0000249  -0.00012441
 105    0.0000303  -0.00013457
 106    0.0000610  -0.00021779
 107    0.0000638  -0.00028075
 108    0.0000283  -0.00020092
 109    0.0000001  -0.00000108
 110    0.0000002  -0.00000205
 111    0.0000981  -0.00038086
 112    0.0000223  -0.00012013
 113    0.0000137  -0.00007039
 114    0.0000205  -0.00009356
 115    0.0000218  -0.00011540
 116    0.0000429  -0.00017998
 117    0.0000515  -0.00024162
 118    0.0000236  -0.00026013
 119    0.0000001  -0.00000103
 120    0.0000002  -0.00000156
 121    0.0000908  -0.00032410
 122    0.0000186  -0.00010412
 123    0.0000107  -0.00005333
 124    0.0000165  -0.00007408
 125    0.0000162  -0.00007578
 126    0.0000382  -0.00016260
 127    0.0000392  -0.00019095
 128    0.0000140  -0.00009452
 129    0.0000001  -0.00000087
 130    0.0000002  -0.00000128
 131    0.0000478  -0.00019346
 132    0.0000174  -0.00009718
 133    0.0000102  -0.00004826
 134    0.0000112  -0.00005873
 135    0.0000129  -0.00005960
 136    0.0000370  -0.00016297
 137    0.0000364  -0.00018566
 138    0.0000129  -0.00007687
 139    0.0000001  -0.00000084
 140    0.0000001  -0.00000149
 141    0.0000214  -0.00010505
 142    0.0000107  -0.00006006
 143    0.0000100  -0.00005165
 144    0.0000069  -0.00003701
 145    0.0000072  -0.00004062
 146    0.0000289  -0.00013522
 147    0.0000275  -0.00016692
 148    0.0000103  -0.00006704
 149    0.0000001  -0.00000103
 150    0.0000001  -0.00000155
 151    0.0000178  -0.00008605
 152    0.0000073  -0.00004435
 153    0.0000087  -0.00004197
 154    0.0000024  -0.00000944
 155    0.0000068  -0.00003517
 156    0.0000248  -0.00012180
 157    0.0000250  -0.00022044
 158    0.0000100  -0.00006079
 159    0.0000001  -0.00000067
 160    0.0000001  -0.00000101
 161    0.0000161  -0.00007188
 162    0.0000047  -0.00002222
 163    0.0000082  -0.00004333
 164    0.0000021  -0.00000691
 165    0.0000055  -0.00001982
 166    0.0000226  -0.00011604
 167    0.0000240  -0.00018400
 168    0.0000080  -0.00005282
 169    0.0000001  -0.00000064
 170    0.0000001  -0.00000087
 171    0.0000136  -0.00006710
 172    0.0000031  -0.00001834
 173    0.0000065  -0.00003115
 174    0.0000020  -0.00000558
 175    0.0000043  -0.00001600
 176    0.0000202  -0.00011807
 177    0.0000093  -0.00005747
 178    0.0000058  -0.00003974
 179    0.0000001  -0.00000054
 180    0.0000001  -0.00000096
 181    0.0000127  -0.00006496
 182    0.0000021  -0.00000897
 183    0.0000064  -0.00003081
 184    0.0000019  -0.00000438
 185    0.0000023  -0.00000655
 186    0.0000185  -0.00011007
 187    0.0000092  -0.00005998
 188    0.0000050  -0.00002994
 189    0.0000001  -0.00000043
 190    0.0000001  -0.00000077
 191    0.0000118  -0.00005842
 192    0.0000021  -0.00000834
 193    0.0000062  -0.00002842
 194    0.0000019  -0.00000435
 195    0.0000014  -0.00000336
 196    0.0000104  -0.00005400
 197    0.0000062  -0.00004378
 198    0.0000033  -0.00002103
 199    0.0000001  -0.00000045
 200    0.0000001  -0.00000074
 201    0.0000043  -0.00001757
 202    0.0000020  -0.00000605
 203    0.0000056  -0.00001708
 204    0.0000013  -0.00000414
 205    0.0000011  -0.00000275
 206    0.0000019  -0.00000486
 207    0.0000043  -0.00002639
 208    0.0000024  -0.00001465
 209    0.0000001  -0.00000047
 210    0.0000001  -0.00000064
 211    0.0000031  -0.00001281
 212    0.0000017  -0.00000478
 213    0.0000027  -0.00001158
 214    0.0000013  -0.00000259
 215    0.0000011  -0.00000245
 216    0.0000017  -0.00000470
 217    0.0000029  -0.00001960
 218    0.0000024  -0.00001240
 219    0.0000001  -0.00000041
 220    0.0000001  -0.00000061
 221    0.0000023  -0.00000719
 222    0.0000015  -0.00000396
 223    0.0000025  -0.00000769
 224    0.0000010  -0.00000181
 225    0.0000010  -0.00000212
 226    0.0000012  -0.00000332
 227    0.0000025  -0.00001576
 228    0.0000020  -0.00000836
 229    0.0000001  -0.00000040
 230    0.0000001  -0.00000051
 
----------------
 Final Energies 
----------------
Final NOF Total Energy =    -152.7929678
 
Total Orbital Internal Iterations = 760
Total Occupation Internal Iterations = 404
 
Elapsed time:  264.45 Seconds

---------------------------------
   Lowdin Population Analysis    
---------------------------------
 Idx  Atom   Population   Charge 
---------------------------------
  1     O     7.369       0.631
  2     H     1.371      -0.371
  3     H     1.338      -0.338
  4     O     7.294       0.706
  5     H     1.314      -0.314
  6     H     1.313      -0.313

---------------------------------
   M Diagnostic: 0.03
---------------------------------

