Computing Integrals
Basis Set                                            = def2-qzvp
Auxiliary Basis Set                                  = def2-universal-jkfit
Gaussian Type                                        = Spherical
Elapsed time:    1.79 Seconds

Number of basis functions                   (NBF)    = 147
Number of auxiliary basis functions         (NBFAUX) = 131
Inactive Doubly occupied orbitals up to     (NO1)    = 0
No. considered Strongly Doubly occupied MOs (NDOC)   = 4
No. considered Strongly Singly occupied MOs (NSOC)   = 1
NO. of Weakly occ. per St. Doubly occ.  MOs (NCWO)   = 35
Dimension of the Nat. Orb. subspace         (NBF5)   = 145
No. of electrons                                     = 9
    No. of alpha electrons                           = 5
    No. of beta electrons                            = 4
Multiplicity                                         = 2

Geometry
========
 N       0.0000000       0.0000000       0.0000000
 H       0.5094001      -0.8823069       0.0000000
 H       0.5094001       0.8823069       0.0000000
 H      -1.0188002       0.0000000       0.0000000

No violations of the orthonormality
No violations of the orthonormality
 
PNOF8/ADAM Calculation
==================
 
  Nitext  Nit_orb  Time   Nit_occ  Time         Eelec          Etot           Ediff      maxdiff    MaxGrad_orb  Grad_occ
     1      10    1.0e+01   36    1.3e+01   -62.73865318   -50.93137389 -10061.73865318   2.220340   8.9e+00   2.2e-04 0.01
     2      10    1.1e+00   70    1.0e+00   -65.25927301   -53.45199373    -2.52061983   0.463974   1.9e+00   2.7e-04 0.02
     3      10    9.4e-01   22    3.8e-01   -66.61341206   -54.80613278    -1.35413905   0.340860   1.4e+00   1.7e-04 0.02
     4      10    1.1e+00   17    2.9e-01   -67.14328410   -55.33600481    -0.52987204   0.277946   1.1e+00   2.3e-04 0.02
     5      10    1.3e+00   14    2.4e-01   -67.54175939   -55.73448010    -0.39847529   0.173816   7.0e-01   1.9e-04 0.02
     6      10    1.5e+00    7    1.4e-01   -67.80439986   -55.99712057    -0.26264047   0.113297   4.5e-01   2.1e-04 0.02
     7      10    1.4e+00   14    2.8e-01   -67.90012567   -56.09284638    -0.09572581   0.074589   3.0e-01   1.9e-04 0.02
     8      10    1.3e+00    9    1.9e-01   -67.93070393   -56.12342465    -0.03057826   0.085855   3.4e-01   1.8e-04 0.02
     9      10    1.4e+00    0    5.6e-02   -67.93082183   -56.12354254    -0.00011789   0.085855   3.4e-01   1.8e-04 0.02
    10      30    3.8e+00    7    1.4e-01   -67.96934694   -56.16206765    -0.03852511   0.013785   5.5e-02   2.2e-04 0.02
    11      30    3.7e+00    7    1.5e-01   -67.97075567   -56.16347639    -0.00140874   0.005447   2.2e-02   1.7e-04 0.03
    12      30    3.7e+00    4    1.1e-01   -67.97117913   -56.16389984    -0.00042345   0.007893   3.2e-02   1.4e-04 0.03
    13      30    3.8e+00    6    1.4e-01   -67.97163561   -56.16435632    -0.00045648   0.005411   2.2e-02   1.1e-04 0.03
    14      30    3.7e+00    4    1.0e-01   -67.97193567   -56.16465639    -0.00030007   0.005603   2.2e-02   1.4e-04 0.03
    15      30    4.0e+00    1    7.4e-02   -67.97218175   -56.16490247    -0.00024608   0.004296   1.7e-02   2.0e-04 0.03
    16      30    3.9e+00    4    1.4e-01   -67.97235142   -56.16507213    -0.00016967   0.003913   1.6e-02   1.9e-04 0.03
    17      30    4.2e+00    1    3.3e-02   -67.97254854   -56.16526926    -0.00019712   0.004173   1.7e-02   1.9e-04 0.03
    18      30    4.0e+00    6    1.5e-01   -67.97271917   -56.16543988    -0.00017063   0.004568   1.8e-02   9.7e-05 0.03
    19      30    3.8e+00    2    7.9e-02   -67.97282680   -56.16554751    -0.00010763   0.006536   2.6e-02   1.4e-04 0.03
    20      30    3.5e+00    2    9.5e-02   -67.97289916   -56.16561988    -0.00007236   0.005518   2.2e-02   1.7e-04 0.03
    21      30    3.8e+00    0    2.4e-02   -67.97292618   -56.16564690    -0.00002702   0.005036   2.0e-02   1.7e-04 0.03
    22      40    5.0e+00    0    6.1e-02   -67.97299684   -56.16571755    -0.00007065   0.003680   1.5e-02   2.0e-04 0.03
    23      50    6.0e+00    0    7.1e-02   -67.97303644   -56.16575715    -0.00003960   0.002867   1.1e-02   2.4e-04 0.03
    24      60    7.8e+00    4    7.3e-02   -67.97306275   -56.16578346    -0.00002631   0.001518   6.1e-03   1.6e-04 0.03
    25      60    7.4e+00    2    4.1e-02   -67.97308707   -56.16580778    -0.00002432   0.001233   4.9e-03   1.2e-04 0.03
    26      60    7.1e+00    0    2.1e-02   -67.97309590   -56.16581662    -0.00000884   0.001551   6.2e-03   1.3e-04 0.03
    27      70    9.6e+00    0    7.8e-02   -67.97310658   -56.16582730    -0.00001068   0.000627   2.5e-03   1.4e-04 0.03
 
RESULTS OF THE OCCUPATION OPTIMIZATION
========================================
   1    1.9999645  -16.01089456
   2    1.9739618  -1.51987214
   3    1.9679018  -1.09591153
   4    1.9685497  -1.08914707
   5    1.0000000  -0.48281703
   6    0.0186065  -0.02786271
   7    0.0195410  -0.02942955
   8    0.0158066  -0.02764331
   9    0.0000226  -0.00068576
  10    0.0050882  -0.00930055
  11    0.0051917  -0.00957231
  12    0.0036964  -0.00770774
  13    0.0000022  -0.00004982
  14    0.0040004  -0.00748056
  15    0.0039415  -0.00738656
  16    0.0036085  -0.00821129
  17    0.0000014  -0.00002364
  18    0.0010650  -0.00444806
  19    0.0009884  -0.00298766
  20    0.0010155  -0.00378386
  21    0.0000012  -0.00001598
  22    0.0007539  -0.00234859
  23    0.0006070  -0.00145383
  24    0.0005208  -0.00145661
  25    0.0000012  -0.00001032
  26    0.0005178  -0.00135790
  27    0.0003787  -0.00105639
  28    0.0004049  -0.00110966
  29    0.0000011  -0.00001000
  30    0.0004051  -0.00104642
  31    0.0003732  -0.00100583
  32    0.0002285  -0.00069214
  33    0.0000007  -0.00000520
  34    0.0003378  -0.00096447
  35    0.0003427  -0.00097855
  36    0.0001813  -0.00141726
  37    0.0000006  -0.00003475
  38    0.0002195  -0.00063156
  39    0.0002088  -0.00075071
  40    0.0001400  -0.00050341
  41    0.0000006  -0.00001119
  42    0.0000880  -0.00031195
  43    0.0001141  -0.00040002
  44    0.0001205  -0.00037918
  45    0.0000004  -0.00000223
  46    0.0000689  -0.00024815
  47    0.0000778  -0.00025246
  48    0.0000627  -0.00027102
  49    0.0000004  -0.00000150
  50    0.0000644  -0.00021385
  51    0.0000658  -0.00024243
  52    0.0000504  -0.00019621
  53    0.0000004  -0.00000170
  54    0.0000484  -0.00016701
  55    0.0000604  -0.00020949
  56    0.0000385  -0.00016891
  57    0.0000003  -0.00000141
  58    0.0000345  -0.00013368
  59    0.0000424  -0.00014602
  60    0.0000304  -0.00013538
  61    0.0000003  -0.00000128
  62    0.0000268  -0.00011933
  63    0.0000358  -0.00014470
  64    0.0000250  -0.00010226
  65    0.0000002  -0.00000090
  66    0.0000237  -0.00010445
  67    0.0000322  -0.00014076
  68    0.0000214  -0.00009300
  69    0.0000002  -0.00000081
  70    0.0000211  -0.00007562
  71    0.0000268  -0.00010828
  72    0.0000153  -0.00006968
  73    0.0000002  -0.00000070
  74    0.0000204  -0.00007840
  75    0.0000136  -0.00005478
  76    0.0000146  -0.00005979
  77    0.0000002  -0.00000060
  78    0.0000134  -0.00005291
  79    0.0000103  -0.00004300
  80    0.0000133  -0.00005950
  81    0.0000002  -0.00000055
  82    0.0000111  -0.00004315
  83    0.0000084  -0.00003994
  84    0.0000112  -0.00004814
  85    0.0000001  -0.00000061
  86    0.0000101  -0.00004268
  87    0.0000078  -0.00003897
  88    0.0000071  -0.00004266
  89    0.0000001  -0.00000086
  90    0.0000097  -0.00004211
  91    0.0000073  -0.00003585
  92    0.0000063  -0.00003529
  93    0.0000001  -0.00000042
  94    0.0000025  -0.00002236
  95    0.0000063  -0.00003316
  96    0.0000043  -0.00003078
  97    0.0000001  -0.00000059
  98    0.0000023  -0.00002250
  99    0.0000032  -0.00002537
 100    0.0000036  -0.00002755
 101    0.0000001  -0.00000032
 102    0.0000015  -0.00000814
 103    0.0000020  -0.00001473
 104    0.0000024  -0.00002453
 105    0.0000001  -0.00000040
 106    0.0000013  -0.00000606
 107    0.0000019  -0.00001358
 108    0.0000012  -0.00000621
 109    0.0000001  -0.00000028
 110    0.0000011  -0.00000422
 111    0.0000017  -0.00000898
 112    0.0000011  -0.00000494
 113    0.0000001  -0.00000028
 114    0.0000010  -0.00000405
 115    0.0000015  -0.00000748
 116    0.0000011  -0.00000504
 117    0.0000001  -0.00000023
 118    0.0000009  -0.00000317
 119    0.0000012  -0.00000560
 120    0.0000008  -0.00000314
 121    0.0000000  -0.00000017
 122    0.0000009  -0.00000215
 123    0.0000009  -0.00000339
 124    0.0000008  -0.00000215
 125    0.0000000  -0.00000016
 126    0.0000008  -0.00000109
 127    0.0000009  -0.00000313
 128    0.0000008  -0.00000179
 129    0.0000000  -0.00000015
 130    0.0000008  -0.00000132
 131    0.0000008  -0.00000097
 132    0.0000007  -0.00000132
 133    0.0000000  -0.00000011
 134    0.0000008  -0.00000087
 135    0.0000007  -0.00000026
 136    0.0000007  -0.00000143
 137    0.0000000  -0.00000014
 138    0.0000008  -0.00000089
 139    0.0000007  -0.00000048
 140    0.0000007  -0.00000149
 141    0.0000000  -0.00000009
 142    0.0000008  -0.00000048
 143    0.0000006  -0.00000032
 144    0.0000007  -0.00000036
 145    0.0000000  -0.00000009
 
----------------
 Final Energies 
----------------
Final NOF Total Energy =     -56.1658273
 
Total Orbital Internal Iterations = 790
Total Occupation Internal Iterations = 239
 
Elapsed time:  136.62 Seconds

---------------------------------
   Lowdin Population Analysis    
---------------------------------
 Idx  Atom   Population   Charge 
---------------------------------
  1     N     5.811       1.189
  2     H     1.062      -0.062
  3     H     1.064      -0.064
  4     H     1.063      -0.063

---------------------------------
   M Diagnostic: 0.03
---------------------------------

