Computing Integrals
Basis Set                                            = def2-qzvp
Auxiliary Basis Set                                  = def2-universal-jkfit
Gaussian Type                                        = Spherical
Elapsed time:    2.65 Seconds

Number of basis functions                   (NBF)    = 114
Number of auxiliary basis functions         (NBFAUX) = 152
Inactive Doubly occupied orbitals up to     (NO1)    = 0
No. considered Strongly Doubly occupied MOs (NDOC)   = 6
No. considered Strongly Singly occupied MOs (NSOC)   = 1
NO. of Weakly occ. per St. Doubly occ.  MOs (NCWO)   = 17
Dimension of the Nat. Orb. subspace         (NBF5)   = 109
No. of electrons                                     = 13
    No. of alpha electrons                           = 7
    No. of beta electrons                            = 6
Multiplicity                                         = 2

Geometry
========
 C       0.0000000       0.0000000      -0.6309800
 N       0.0000000       0.0000000       0.5408400

No violations of the orthonormality
No violations of the orthonormality
 
PNOF8/ADABelief Calculation
==================
 
  Nitext  Nit_orb  Time   Nit_occ  Time         Eelec          Etot           Ediff      maxdiff    MaxGrad_orb  Grad_occ
     1      10    2.2e+01    0    2.5e+01  -111.60116993   -92.63460742 -10110.60116993   0.000484   1.9e-03   1.3e-04 0.05
 
RESULTS OF THE OCCUPATION OPTIMIZATION
========================================
   1    1.9999470  -15.37940183
   2    1.9997952  -11.60993710
   3    1.9802029  -1.16724644
   4    1.9687346  -0.77269412
   5    1.9486952  -0.54695032
   6    1.9493269  -0.54688928
   7    1.0000000  -0.34311877
   8    0.0408459  -0.04454736
   9    0.0425414  -0.04559886
  10    0.0172999  -0.02725887
  11    0.0074460  -0.01686643
  12    0.0001739  -0.00331229
  13    0.0000387  -0.00111881
  14    0.0042912  -0.00670982
  15    0.0043602  -0.00673985
  16    0.0051193  -0.01081660
  17    0.0030791  -0.00705192
  18    0.0000088  -0.00026602
  19    0.0000032  -0.00009641
  20    0.0036043  -0.00580218
  21    0.0036879  -0.00585901
  22    0.0032245  -0.00613575
  23    0.0016330  -0.00400998
  24    0.0000065  -0.00006566
  25    0.0000029  -0.00003734
  26    0.0009018  -0.00171953
  27    0.0002422  -0.00055804
  28    0.0032095  -0.00613150
  29    0.0016212  -0.00401888
  30    0.0000057  -0.00006145
  31    0.0000027  -0.00003678
  32    0.0004460  -0.00113313
  33    0.0001547  -0.00039149
  34    0.0005014  -0.00121419
  35    0.0014698  -0.00460314
  36    0.0000051  -0.00005104
  37    0.0000026  -0.00003757
  38    0.0002386  -0.00055342
  39    0.0000861  -0.00026433
  40    0.0004675  -0.00114937
  41    0.0012479  -0.00502151
  42    0.0000011  -0.00004334
  43    0.0000006  -0.00003820
  44    0.0000980  -0.00024557
  45    0.0000777  -0.00024772
  46    0.0002888  -0.00087505
  47    0.0009765  -0.00219749
  48    0.0000007  -0.00001754
  49    0.0000004  -0.00001336
  50    0.0000819  -0.00027278
  51    0.0000228  -0.00009306
  52    0.0002652  -0.00067409
  53    0.0005533  -0.00376524
  54    0.0000005  -0.00001546
  55    0.0000004  -0.00001117
  56    0.0000339  -0.00012686
  57    0.0000215  -0.00009441
  58    0.0002551  -0.00066321
  59    0.0005102  -0.00146205
  60    0.0000004  -0.00003945
  61    0.0000003  -0.00000829
  62    0.0000225  -0.00009010
  63    0.0000196  -0.00008183
  64    0.0001663  -0.00048332
  65    0.0002550  -0.00072879
  66    0.0000004  -0.00001109
  67    0.0000003  -0.00000960
  68    0.0000210  -0.00007850
  69    0.0000177  -0.00007689
  70    0.0001166  -0.00033222
  71    0.0002509  -0.00070226
  72    0.0000004  -0.00000901
  73    0.0000002  -0.00000343
  74    0.0000200  -0.00007756
  75    0.0000154  -0.00007012
  76    0.0001156  -0.00032622
  77    0.0002414  -0.00075185
  78    0.0000003  -0.00000776
  79    0.0000002  -0.00000290
  80    0.0000179  -0.00007626
  81    0.0000136  -0.00006517
  82    0.0000978  -0.00028595
  83    0.0001779  -0.00061539
  84    0.0000003  -0.00000630
  85    0.0000002  -0.00000231
  86    0.0000152  -0.00007043
  87    0.0000130  -0.00005623
  88    0.0000474  -0.00021502
  89    0.0000927  -0.00033091
  90    0.0000002  -0.00000608
  91    0.0000001  -0.00000215
  92    0.0000139  -0.00006401
  93    0.0000111  -0.00004572
  94    0.0000399  -0.00016099
  95    0.0000874  -0.00029797
  96    0.0000002  -0.00000566
  97    0.0000001  -0.00000145
  98    0.0000115  -0.00005605
  99    0.0000101  -0.00004416
 100    0.0000288  -0.00011970
 101    0.0000806  -0.00030048
 102    0.0000002  -0.00000532
 103    0.0000001  -0.00000119
 104    0.0000095  -0.00005254
 105    0.0000097  -0.00003879
 106    0.0000217  -0.00009658
 107    0.0000742  -0.00027997
 108    0.0000002  -0.00000299
 109    0.0000001  -0.00000070
 
----------------
 Final Energies 
----------------
Final NOF Total Energy =     -92.6346074
 
Total Orbital Internal Iterations = 10
Total Occupation Internal Iterations = 0
 
Elapsed time:   60.95 Seconds

---------------------------------
   Lowdin Population Analysis    
---------------------------------
 Idx  Atom   Population   Charge 
---------------------------------
  1     C     6.052      -0.052
  2     N     6.948       0.052

---------------------------------
   M Diagnostic: 0.05
---------------------------------

