Computing Integrals
Basis Set                                            = def2-qzvp
Auxiliary Basis Set                                  = def2-universal-jkfit
Gaussian Type                                        = Spherical
Elapsed time:    1.64 Seconds

Number of basis functions                   (NBF)    = 57
Number of auxiliary basis functions         (NBFAUX) = 77
Inactive Doubly occupied orbitals up to     (NO1)    = 0
No. considered Strongly Doubly occupied MOs (NDOC)   = 3
No. considered Strongly Singly occupied MOs (NSOC)   = 2
NO. of Weakly occ. per St. Doubly occ.  MOs (NCWO)   = 17
Dimension of the Nat. Orb. subspace         (NBF5)   = 56
No. of electrons                                     = 8
    No. of alpha electrons                           = 5
    No. of beta electrons                            = 3
Multiplicity                                         = 3

Geometry
========
 O       0.0000000       0.0000000       0.0000000

No violations of the orthonormality
No violations of the orthonormality
 
PNOF7/ADABelief Calculation
==================
 
  Nitext  Nit_orb  Time   Nit_occ  Time         Eelec          Etot           Ediff      maxdiff    MaxGrad_orb  Grad_occ
     1      10    8.9e+00    0    1.2e+01   -74.95574750   -74.95574750 -10073.95574750   0.000488   2.0e-03   1.7e-04 0.03
 
RESULTS OF THE OCCUPATION OPTIMIZATION
========================================
   1    1.9996831  -20.67218964
   2    1.9683920  -0.97744429
   3    1.9671119  -0.92237139
   4    1.0000000  -0.38513786
   5    1.0000000  -0.38506430
   6    0.0174488  -0.01526752
   7    0.0168755  -0.01475313
   8    0.0002388  -0.00783987
   9    0.0041219  -0.00514166
  10    0.0046301  -0.00528239
  11    0.0000452  -0.00098225
  12    0.0038663  -0.00494090
  13    0.0045674  -0.00526719
  14    0.0000146  -0.00031347
  15    0.0032614  -0.00454573
  16    0.0029491  -0.00417941
  17    0.0000043  -0.00027383
  18    0.0028131  -0.00390592
  19    0.0008627  -0.00169217
  20    0.0000019  -0.00004566
  21    0.0003103  -0.00074045
  22    0.0003838  -0.00083631
  23    0.0000014  -0.00003659
  24    0.0002366  -0.00050810
  25    0.0003689  -0.00087764
  26    0.0000014  -0.00003175
  27    0.0001759  -0.00045659
  28    0.0002341  -0.00057999
  29    0.0000011  -0.00002922
  30    0.0001608  -0.00042713
  31    0.0002168  -0.00055419
  32    0.0000011  -0.00002564
  33    0.0001482  -0.00040142
  34    0.0001750  -0.00043733
  35    0.0000010  -0.00002201
  36    0.0001313  -0.00038397
  37    0.0001580  -0.00041990
  38    0.0000010  -0.00002195
  39    0.0001017  -0.00031592
  40    0.0000863  -0.00022915
  41    0.0000009  -0.00002039
  42    0.0000495  -0.00015859
  43    0.0000364  -0.00013132
  44    0.0000009  -0.00002063
  45    0.0000180  -0.00007205
  46    0.0000183  -0.00009226
  47    0.0000009  -0.00002049
  48    0.0000153  -0.00006403
  49    0.0000178  -0.00008611
  50    0.0000008  -0.00001678
  51    0.0000149  -0.00006492
  52    0.0000154  -0.00007266
  53    0.0000008  -0.00001759
  54    0.0000141  -0.00005842
  55    0.0000123  -0.00005198
  56    0.0000008  -0.00001882
 
----------------
 Final Energies 
----------------
Final NOF Total Energy =     -74.9557475
 
Total Orbital Internal Iterations = 10
Total Occupation Internal Iterations = 0
 
Elapsed time:   26.50 Seconds

---------------------------------
   Lowdin Population Analysis    
---------------------------------
 Idx  Atom   Population   Charge 
---------------------------------
  1     O     8.000      -0.000

---------------------------------
   M Diagnostic: 0.03
---------------------------------

