Computing Integrals
Basis Set                                            = def2-qzvp
Auxiliary Basis Set                                  = def2-universal-jkfit
Gaussian Type                                        = Spherical
Elapsed time:    1.62 Seconds

Number of basis functions                   (NBF)    = 87
Number of auxiliary basis functions         (NBFAUX) = 95
Inactive Doubly occupied orbitals up to     (NO1)    = 0
No. considered Strongly Doubly occupied MOs (NDOC)   = 5
No. considered Strongly Singly occupied MOs (NSOC)   = 0
NO. of Weakly occ. per St. Doubly occ.  MOs (NCWO)   = 16
Dimension of the Nat. Orb. subspace         (NBF5)   = 85
No. of electrons                                     = 10
    No. of alpha electrons                           = 5
    No. of beta electrons                            = 5
Multiplicity                                         = 1

Geometry
========
 F       0.0000000       0.0000000       0.4576912
 H       0.0000000       0.0000000      -0.4576912

No violations of the orthonormality
No violations of the orthonormality
 
PNOF7/ADABelief Calculation
==================
 
  Nitext  Nit_orb  Time   Nit_occ  Time         Eelec          Etot           Ediff      maxdiff    MaxGrad_orb  Grad_occ
     1      10    9.2e+00    0    1.2e+01  -105.39511986  -100.19228340 -10104.39511986   0.000487   1.9e-03   1.5e-04 0.03
 
RESULTS OF THE OCCUPATION OPTIMIZATION
========================================
   1    1.9998368  -26.29848761
   2    1.9712584  -1.00185055
   3    1.9877735  -0.94368524
   4    1.9876132  -0.93697573
   5    1.9873106  -0.93017184
   6    0.0100450  -0.01254733
   7    0.0100182  -0.01254872
   8    0.0099133  -0.01247717
   9    0.0246261  -0.02521376
  10    0.0001584  -0.00701168
  11    0.0010854  -0.00226102
  12    0.0009797  -0.00212505
  13    0.0008699  -0.00197231
  14    0.0021682  -0.00341394
  15    0.0000017  -0.00016043
  16    0.0007893  -0.00170485
  17    0.0006333  -0.00147823
  18    0.0005782  -0.00137560
  19    0.0008855  -0.00159409
  20    0.0000009  -0.00005310
  21    0.0004732  -0.00124655
  22    0.0004407  -0.00115752
  23    0.0004485  -0.00116043
  24    0.0007730  -0.00141547
  25    0.0000003  -0.00000241
  26    0.0000953  -0.00031012
  27    0.0000805  -0.00029573
  28    0.0000944  -0.00030992
  29    0.0001339  -0.00037638
  30    0.0000002  -0.00000230
  31    0.0000778  -0.00025478
  32    0.0000723  -0.00024849
  33    0.0000899  -0.00030960
  34    0.0000459  -0.00015336
  35    0.0000002  -0.00000150
  36    0.0000399  -0.00017034
  37    0.0000720  -0.00025164
  38    0.0000827  -0.00027438
  39    0.0000373  -0.00012722
  40    0.0000002  -0.00000131
  41    0.0000209  -0.00011991
  42    0.0000246  -0.00013845
  43    0.0000651  -0.00024220
  44    0.0000175  -0.00006084
  45    0.0000002  -0.00000138
  46    0.0000153  -0.00007987
  47    0.0000216  -0.00010014
  48    0.0000372  -0.00014696
  49    0.0000150  -0.00005576
  50    0.0000002  -0.00000071
  51    0.0000148  -0.00008543
  52    0.0000108  -0.00007164
  53    0.0000139  -0.00007354
  54    0.0000106  -0.00004427
  55    0.0000001  -0.00000059
  56    0.0000079  -0.00003249
  57    0.0000071  -0.00002833
  58    0.0000074  -0.00002950
  59    0.0000080  -0.00004439
  60    0.0000001  -0.00000086
  61    0.0000058  -0.00002939
  62    0.0000064  -0.00002967
  63    0.0000060  -0.00003248
  64    0.0000060  -0.00003002
  65    0.0000001  -0.00000049
  66    0.0000054  -0.00002578
  67    0.0000057  -0.00002393
  68    0.0000059  -0.00002980
  69    0.0000040  -0.00001967
  70    0.0000001  -0.00000047
  71    0.0000053  -0.00002316
  72    0.0000053  -0.00002644
  73    0.0000052  -0.00002338
  74    0.0000037  -0.00001786
  75    0.0000001  -0.00000045
  76    0.0000047  -0.00001995
  77    0.0000051  -0.00002201
  78    0.0000048  -0.00002419
  79    0.0000036  -0.00000903
  80    0.0000001  -0.00000058
  81    0.0000034  -0.00001310
  82    0.0000035  -0.00001324
  83    0.0000042  -0.00001726
  84    0.0000034  -0.00000604
  85    0.0000001  -0.00000918
 
----------------
 Final Energies 
----------------
Final NOF Total Energy =    -100.1922834
 
Total Orbital Internal Iterations = 10
Total Occupation Internal Iterations = 0
 
Elapsed time:   27.02 Seconds

---------------------------------
   Lowdin Population Analysis    
---------------------------------
 Idx  Atom   Population   Charge 
---------------------------------
  1     F     8.509       0.491
  2     H     1.491      -0.491

---------------------------------
   M Diagnostic: 0.03
---------------------------------

