Computing Integrals
Basis Set                                            = def2-qzvp
Auxiliary Basis Set                                  = def2-universal-jkfit
Gaussian Type                                        = Spherical
Elapsed time:    1.60 Seconds

Number of basis functions                   (NBF)    = 114
Number of auxiliary basis functions         (NBFAUX) = 154
Inactive Doubly occupied orbitals up to     (NO1)    = 0
No. considered Strongly Doubly occupied MOs (NDOC)   = 7
No. considered Strongly Singly occupied MOs (NSOC)   = 2
NO. of Weakly occ. per St. Doubly occ.  MOs (NCWO)   = 15
Dimension of the Nat. Orb. subspace         (NBF5)   = 114
No. of electrons                                     = 16
    No. of alpha electrons                           = 9
    No. of beta electrons                            = 7
Multiplicity                                         = 3

Geometry
========
 O       0.0000000       0.0000000       0.6044902
 O       0.0000000       0.0000000      -0.6044902

No violations of the orthonormality
No violations of the orthonormality
 
PNOF7/ADABelief Calculation
==================
 
  Nitext  Nit_orb  Time   Nit_occ  Time         Eelec          Etot           Ediff      maxdiff    MaxGrad_orb  Grad_occ
     1      10    1.0e+01    0    1.2e+01  -177.93273375  -149.91964672 -10176.93273375   0.000488   2.0e-03   2.4e-04 0.05
 
RESULTS OF THE OCCUPATION OPTIMIZATION
========================================
   1    1.9997072  -20.71485551
   2    1.9997056  -20.71212568
   3    1.9491406  -1.12803983
   4    1.9789972  -1.07936291
   5    1.9781275  -1.04254870
   6    1.9715298  -0.91756182
   7    1.9675825  -0.86547459
   8    1.0000000  -0.32323955
   9    1.0000000  -0.32298891
  10    0.0164080  -0.01102995
  11    0.0166035  -0.01168624
  12    0.0159045  -0.01247720
  13    0.0149326  -0.01224687
  14    0.0495307  -0.04860114
  15    0.0002411  -0.00792286
  16    0.0002441  -0.00795591
  17    0.0043700  -0.00377000
  18    0.0042382  -0.00392818
  19    0.0023724  -0.00327192
  20    0.0021982  -0.00301968
  21    0.0005375  -0.00130302
  22    0.0000400  -0.00091452
  23    0.0000325  -0.00078654
  24    0.0041319  -0.00385321
  25    0.0033603  -0.00375665
  26    0.0012541  -0.00212404
  27    0.0016460  -0.00250470
  28    0.0003203  -0.00086456
  29    0.0000048  -0.00027651
  30    0.0000056  -0.00029990
  31    0.0034934  -0.00347505
  32    0.0027687  -0.00328128
  33    0.0011414  -0.00182061
  34    0.0009936  -0.00167197
  35    0.0002591  -0.00072524
  36    0.0000021  -0.00007030
  37    0.0000021  -0.00004946
  38    0.0029928  -0.00317348
  39    0.0005780  -0.00106376
  40    0.0003802  -0.00079869
  41    0.0003268  -0.00076460
  42    0.0000634  -0.00022001
  43    0.0000010  -0.00002641
  44    0.0000013  -0.00003571
  45    0.0003382  -0.00063391
  46    0.0002233  -0.00051173
  47    0.0003183  -0.00072360
  48    0.0002981  -0.00070634
  49    0.0000523  -0.00007904
  50    0.0000008  -0.00002246
  51    0.0000011  -0.00002603
  52    0.0001920  -0.00044502
  53    0.0001951  -0.00046757
  54    0.0002330  -0.00050310
  55    0.0002169  -0.00049352
  56    0.0000314  -0.00008354
  57    0.0000008  -0.00002007
  58    0.0000010  -0.00002428
  59    0.0001706  -0.00038900
  60    0.0001570  -0.00038744
  61    0.0001052  -0.00031061
  62    0.0001307  -0.00037949
  63    0.0000225  -0.00006033
  64    0.0000007  -0.00001634
  65    0.0000009  -0.00001956
  66    0.0001404  -0.00034586
  67    0.0001317  -0.00034746
  68    0.0000552  -0.00019326
  69    0.0001157  -0.00029800
  70    0.0000077  -0.00004508
  71    0.0000006  -0.00001398
  72    0.0000008  -0.00001527
  73    0.0001000  -0.00028988
  74    0.0000905  -0.00024983
  75    0.0000271  -0.00011886
  76    0.0000757  -0.00022365
  77    0.0000070  -0.00004349
  78    0.0000006  -0.00000971
  79    0.0000007  -0.00001315
  80    0.0000442  -0.00017625
  81    0.0000634  -0.00017058
  82    0.0000218  -0.00010284
  83    0.0000217  -0.00010064
  84    0.0000068  -0.00004235
  85    0.0000005  -0.00000781
  86    0.0000007  -0.00001330
  87    0.0000098  -0.00004859
  88    0.0000276  -0.00008200
  89    0.0000168  -0.00007634
  90    0.0000148  -0.00007410
  91    0.0000058  -0.00004060
  92    0.0000005  -0.00000533
  93    0.0000007  -0.00000927
  94    0.0000092  -0.00004384
  95    0.0000120  -0.00005517
  96    0.0000157  -0.00006756
  97    0.0000115  -0.00006506
  98    0.0000056  -0.00003617
  99    0.0000005  -0.00000653
 100    0.0000006  -0.00001137
 101    0.0000091  -0.00004185
 102    0.0000107  -0.00005128
 103    0.0000138  -0.00006128
 104    0.0000105  -0.00005912
 105    0.0000050  -0.00003068
 106    0.0000004  -0.00000569
 107    0.0000005  -0.00000424
 108    0.0000079  -0.00003972
 109    0.0000103  -0.00004114
 110    0.0000131  -0.00005577
 111    0.0000101  -0.00005605
 112    0.0000044  -0.00002850
 113    0.0000001  -0.00001509
 114    0.0000002  -0.00001809
 
----------------
 Final Energies 
----------------
Final NOF Total Energy =    -149.9196467
 
Total Orbital Internal Iterations = 10
Total Occupation Internal Iterations = 0
 
Elapsed time:   27.84 Seconds

---------------------------------
   Lowdin Population Analysis    
---------------------------------
 Idx  Atom   Population   Charge 
---------------------------------
  1     O     8.004      -0.004
  2     O     7.996       0.004

---------------------------------
   M Diagnostic: 0.05
---------------------------------

