Computing Integrals
Basis Set                                            = def2-qzvp
Auxiliary Basis Set                                  = def2-universal-jkfit
Gaussian Type                                        = Spherical
Elapsed time:    2.26 Seconds

Number of basis functions                   (NBF)    = 140
Number of auxiliary basis functions         (NBFAUX) = 256
Inactive Doubly occupied orbitals up to     (NO1)    = 0
No. considered Strongly Doubly occupied MOs (NDOC)   = 16
No. considered Strongly Singly occupied MOs (NSOC)   = 1
NO. of Weakly occ. per St. Doubly occ.  MOs (NCWO)   = 7
Dimension of the Nat. Orb. subspace         (NBF5)   = 129
No. of electrons                                     = 33
    No. of alpha electrons                           = 17
    No. of beta electrons                            = 16
Multiplicity                                         = 2

Geometry
========
Cl       0.0000000       0.0000000       0.9693844
Cl       0.0000000       0.0000000      -0.9693844

No violations of the orthonormality
No violations of the orthonormality
 
PNOF7/ADABelief Calculation
==================
 
  Nitext  Nit_orb  Time   Nit_occ  Time         Eelec          Etot           Ediff      maxdiff    MaxGrad_orb  Grad_occ
     1      10    1.0e+01    0    1.2e+01  -997.77205279  -918.89111621 -10996.77205279   0.000685   2.7e-03   1.4e-04 0.18
 
RESULTS OF THE OCCUPATION OPTIMIZATION
========================================
   1    1.9999208  -96.39978953
   2    1.9999402  -95.36332763
   3    1.9999870  -20.78778184
   4    1.9999843  -19.84736100
   5    1.9993114  -8.44974947
   6    1.9994059  -8.44578812
   7    1.9992913  -8.44410310
   8    1.9993273  -8.40962860
   9    1.9993729  -8.40309519
  10    1.9994271  -8.39365743
  11    1.9753883  -1.45549509
  12    1.9741450  -1.11344905
  13    1.9742112  -1.11250656
  14    1.8229816  -0.89441720
  15    1.9070800  -0.84752811
  16    1.9240555  -0.83764021
  17    1.0000000  -0.44804625
  18    0.0267811  -0.01883723
  19    0.0398874  -0.02141172
  20    0.1751988  -0.10143997
  21    0.0148833  -0.01269358
  22    0.0146005  -0.01247431
  23    0.0100367  -0.00912247
  24    0.0002214  -0.00239216
  25    0.0002518  -0.00304981
  26    0.0003147  -0.00359877
  27    0.0002055  -0.00247515
  28    0.0003582  -0.00381424
  29    0.0003341  -0.00369276
  30    0.0000028  -0.00003459
  31    0.0000021  -0.00002875
  32    0.0000497  -0.00830801
  33    0.0000490  -0.00826665
  34    0.0235316  -0.01633717
  35    0.0337823  -0.01892908
  36    0.0007468  -0.00096661
  37    0.0073730  -0.00688949
  38    0.0075486  -0.00706408
  39    0.0079212  -0.00752363
  40    0.0001875  -0.00234991
  41    0.0001941  -0.00211237
  42    0.0001739  -0.00193707
  43    0.0001980  -0.00224686
  44    0.0002126  -0.00224909
  45    0.0001858  -0.00204886
  46    0.0000025  -0.00004129
  47    0.0000021  -0.00002952
  48    0.0000083  -0.00093310
  49    0.0000102  -0.00117148
  50    0.0208986  -0.01455651
  51    0.0129339  -0.00747061
  52    0.0005647  -0.00079311
  53    0.0010893  -0.00157515
  54    0.0010846  -0.00156089
  55    0.0042044  -0.00415782
  56    0.0001489  -0.00165164
  57    0.0001493  -0.00163180
  58    0.0001525  -0.00166650
  59    0.0001476  -0.00165061
  60    0.0000071  -0.00007408
  61    0.0001529  -0.00166510
  62    0.0000022  -0.00002663
  63    0.0000019  -0.00002660
  64    0.0000014  -0.00044176
  65    0.0000098  -0.00112207
  66    0.0042342  -0.00376408
  67    0.0056537  -0.00390184
  68    0.0002362  -0.00034036
  69    0.0010331  -0.00147275
  70    0.0010689  -0.00153398
  71    0.0006740  -0.00104945
  72    0.0000055  -0.00006483
  73    0.0000188  -0.00046282
  74    0.0000192  -0.00047935
  75    0.0001462  -0.00164012
  76    0.0000055  -0.00005947
  77    0.0000053  -0.00005237
  78    0.0000021  -0.00002405
  79    0.0000019  -0.00002206
  80    0.0000001  -0.00000422
  81    0.0000086  -0.00097982
  82    0.0002383  -0.00033038
  83    0.0003247  -0.00043035
  84    0.0001816  -0.00029540
  85    0.0005733  -0.00088771
  86    0.0005846  -0.00088907
  87    0.0006721  -0.00104678
  88    0.0000036  -0.00004053
  89    0.0000050  -0.00005379
  90    0.0000049  -0.00005448
  91    0.0000048  -0.00005478
  92    0.0000040  -0.00003876
  93    0.0000042  -0.00004335
  94    0.0000021  -0.00002360
  95    0.0000018  -0.00001957
  96    0.0000001  -0.00000397
  97    0.0000014  -0.00043661
  98    0.0001380  -0.00019553
  99    0.0002720  -0.00034436
 100    0.0000485  -0.00010482
 101    0.0005638  -0.00087310
 102    0.0005605  -0.00086413
 103    0.0005569  -0.00088533
 104    0.0000032  -0.00003276
 105    0.0000048  -0.00005501
 106    0.0000045  -0.00005376
 107    0.0000038  -0.00004387
 108    0.0000034  -0.00003465
 109    0.0000036  -0.00003918
 110    0.0000020  -0.00002360
 111    0.0000017  -0.00001909
 112    0.0000001  -0.00000353
 113    0.0000001  -0.00000445
 114    0.0001228  -0.00019381
 115    0.0000661  -0.00011834
 116    0.0000416  -0.00009963
 117    0.0002729  -0.00051067
 118    0.0004074  -0.00069617
 119    0.0005465  -0.00087304
 120    0.0000027  -0.00002791
 121    0.0000033  -0.00003297
 122    0.0000031  -0.00003193
 123    0.0000028  -0.00002706
 124    0.0000032  -0.00003157
 125    0.0000026  -0.00002849
 126    0.0000019  -0.00002140
 127    0.0000016  -0.00002120
 128    0.0000001  -0.00000367
 129    0.0000001  -0.00000454
 
----------------
 Final Energies 
----------------
Final NOF Total Energy =    -918.8911162
 
Total Orbital Internal Iterations = 10
Total Occupation Internal Iterations = 0
 
Elapsed time:   28.40 Seconds

---------------------------------
   Lowdin Population Analysis    
---------------------------------
 Idx  Atom   Population   Charge 
---------------------------------
  1    Cl    16.415       0.585
  2    Cl    16.585       0.415

---------------------------------
   M Diagnostic: 0.18
---------------------------------

