Computing Integrals
Basis Set                                            = def2-qzvp
Auxiliary Basis Set                                  = def2-universal-jkfit
Gaussian Type                                        = Spherical
Elapsed time:    2.02 Seconds

Number of basis functions                   (NBF)    = 174
Number of auxiliary basis functions         (NBFAUX) = 186
Inactive Doubly occupied orbitals up to     (NO1)    = 0
No. considered Strongly Doubly occupied MOs (NDOC)   = 6
No. considered Strongly Singly occupied MOs (NSOC)   = 1
NO. of Weakly occ. per St. Doubly occ.  MOs (NCWO)   = 27
Dimension of the Nat. Orb. subspace         (NBF5)   = 169
No. of electrons                                     = 13
    No. of alpha electrons                           = 7
    No. of beta electrons                            = 6
Multiplicity                                         = 2

Geometry
========
 C       0.0000000       0.0000000       0.6217246
 C       0.0000000       0.0000000      -0.6217246
 H       0.0000000       0.0000000      -1.7008487
 H       0.0000000       0.0000000       1.7008487

No violations of the orthonormality
No violations of the orthonormality
 
PNOF7/ADABelief Calculation
==================
 
  Nitext  Nit_orb  Time   Nit_occ  Time         Eelec          Etot           Ediff      maxdiff    MaxGrad_orb  Grad_occ
     1      10    1.1e+01    0    1.2e+01  -100.80485535   -76.71013894 -10099.80485535   0.000974   3.9e-03   1.5e-04 0.17
 
RESULTS OF THE OCCUPATION OPTIMIZATION
========================================
   1    1.9992760  -11.61367740
   2    1.9992765  -11.60864901
   3    1.9722059  -1.32870320
   4    1.9518146  -1.08472033
   5    1.9641572  -1.08125840
   6    1.8247180  -0.73720690
   7    1.0000000  -0.43028897
   8    0.1697998  -0.08608058
   9    0.0226527  -0.02048519
  10    0.0226922  -0.02081372
  11    0.0141265  -0.01565045
  12    0.0004373  -0.00816079
  13    0.0004402  -0.00820574
  14    0.0048810  -0.00414981
  15    0.0043017  -0.00511300
  16    0.0179678  -0.01706178
  17    0.0041549  -0.00564090
  18    0.0001000  -0.00142763
  19    0.0000990  -0.00141267
  20    0.0001912  -0.00029253
  21    0.0038295  -0.00468423
  22    0.0027903  -0.00370731
  23    0.0031508  -0.00427886
  24    0.0000860  -0.00112883
  25    0.0000876  -0.00114320
  26    0.0001783  -0.00028047
  27    0.0026180  -0.00346016
  28    0.0023629  -0.00325711
  29    0.0025167  -0.00344977
  30    0.0000833  -0.00109842
  31    0.0000807  -0.00106161
  32    0.0001022  -0.00012655
  33    0.0007175  -0.00108347
  34    0.0008282  -0.00125298
  35    0.0023979  -0.00323742
  36    0.0000097  -0.00037011
  37    0.0000100  -0.00037122
  38    0.0000270  -0.00003765
  39    0.0005665  -0.00090040
  40    0.0004110  -0.00067735
  41    0.0004249  -0.00077983
  42    0.0000011  -0.00002173
  43    0.0000013  -0.00003645
  44    0.0000186  -0.00002447
  45    0.0003603  -0.00055613
  46    0.0003597  -0.00057738
  47    0.0002138  -0.00043986
  48    0.0000007  -0.00002757
  49    0.0000007  -0.00000901
  50    0.0000182  -0.00001185
  51    0.0001779  -0.00033726
  52    0.0002589  -0.00048701
  53    0.0001274  -0.00030984
  54    0.0000006  -0.00000787
  55    0.0000004  -0.00000975
  56    0.0000124  -0.00001134
  57    0.0001345  -0.00030504
  58    0.0001070  -0.00024508
  59    0.0001249  -0.00030067
  60    0.0000004  -0.00000949
  61    0.0000004  -0.00001229
  62    0.0000090  -0.00002053
  63    0.0000909  -0.00018979
  64    0.0000864  -0.00019951
  65    0.0001047  -0.00025583
  66    0.0000004  -0.00000315
  67    0.0000004  -0.00000310
  68    0.0000082  -0.00002049
  69    0.0000854  -0.00018288
  70    0.0000733  -0.00015725
  71    0.0000797  -0.00020745
  72    0.0000003  -0.00000200
  73    0.0000003  -0.00000203
  74    0.0000077  -0.00001645
  75    0.0000657  -0.00014801
  76    0.0000527  -0.00012764
  77    0.0000740  -0.00019112
  78    0.0000003  -0.00000200
  79    0.0000003  -0.00000152
  80    0.0000056  -0.00001600
  81    0.0000525  -0.00012724
  82    0.0000455  -0.00011096
  83    0.0000661  -0.00016732
  84    0.0000003  -0.00000171
  85    0.0000003  -0.00000137
  86    0.0000040  -0.00001199
  87    0.0000459  -0.00011789
  88    0.0000282  -0.00006866
  89    0.0000486  -0.00014812
  90    0.0000003  -0.00000132
  91    0.0000002  -0.00000113
  92    0.0000032  -0.00000927
  93    0.0000240  -0.00006682
  94    0.0000238  -0.00006693
  95    0.0000407  -0.00014757
  96    0.0000003  -0.00000138
  97    0.0000002  -0.00000112
  98    0.0000023  -0.00000624
  99    0.0000227  -0.00006469
 100    0.0000179  -0.00005093
 101    0.0000231  -0.00007277
 102    0.0000003  -0.00000121
 103    0.0000002  -0.00000081
 104    0.0000021  -0.00000597
 105    0.0000186  -0.00005272
 106    0.0000146  -0.00004286
 107    0.0000197  -0.00007182
 108    0.0000003  -0.00000132
 109    0.0000002  -0.00000076
 110    0.0000021  -0.00000548
 111    0.0000131  -0.00004011
 112    0.0000128  -0.00003822
 113    0.0000162  -0.00006124
 114    0.0000003  -0.00000104
 115    0.0000002  -0.00000077
 116    0.0000016  -0.00000518
 117    0.0000111  -0.00003772
 118    0.0000092  -0.00003262
 119    0.0000140  -0.00004024
 120    0.0000002  -0.00000097
 121    0.0000002  -0.00000073
 122    0.0000013  -0.00000446
 123    0.0000095  -0.00003293
 124    0.0000082  -0.00003162
 125    0.0000125  -0.00003984
 126    0.0000002  -0.00000090
 127    0.0000002  -0.00000062
 128    0.0000010  -0.00000355
 129    0.0000089  -0.00003233
 130    0.0000075  -0.00002765
 131    0.0000102  -0.00003249
 132    0.0000002  -0.00000063
 133    0.0000002  -0.00000051
 134    0.0000010  -0.00000330
 135    0.0000082  -0.00002927
 136    0.0000062  -0.00002318
 137    0.0000098  -0.00002777
 138    0.0000002  -0.00000068
 139    0.0000002  -0.00000063
 140    0.0000010  -0.00000313
 141    0.0000074  -0.00002436
 142    0.0000050  -0.00002060
 143    0.0000091  -0.00002653
 144    0.0000002  -0.00000084
 145    0.0000002  -0.00000063
 146    0.0000009  -0.00000279
 147    0.0000059  -0.00002095
 148    0.0000048  -0.00001995
 149    0.0000087  -0.00002863
 150    0.0000002  -0.00000055
 151    0.0000001  -0.00000061
 152    0.0000009  -0.00000262
 153    0.0000056  -0.00002054
 154    0.0000044  -0.00001872
 155    0.0000067  -0.00002328
 156    0.0000002  -0.00000065
 157    0.0000001  -0.00000049
 158    0.0000007  -0.00000246
 159    0.0000046  -0.00001586
 160    0.0000038  -0.00001524
 161    0.0000066  -0.00002269
 162    0.0000002  -0.00000057
 163    0.0000001  -0.00000038
 164    0.0000006  -0.00000173
 165    0.0000043  -0.00001378
 166    0.0000030  -0.00001080
 167    0.0000059  -0.00001931
 168    0.0000001  -0.00000043
 169    0.0000001  -0.00000042
 
----------------
 Final Energies 
----------------
Final NOF Total Energy =     -76.7101389
 
Total Orbital Internal Iterations = 10
Total Occupation Internal Iterations = 0
 
Elapsed time:   29.00 Seconds

---------------------------------
   Lowdin Population Analysis    
---------------------------------
 Idx  Atom   Population   Charge 
---------------------------------
  1     C     5.434       0.566
  2     C     5.442       0.558
  3     H     1.066      -0.066
  4     H     1.058      -0.058

---------------------------------
   M Diagnostic: 0.17
---------------------------------

