Computing Integrals
Basis Set                                            = def2-qzvp
Auxiliary Basis Set                                  = def2-universal-jkfit
Gaussian Type                                        = Spherical
Elapsed time:    3.66 Seconds

Number of basis functions                   (NBF)    = 267
Number of auxiliary basis functions         (NBFAUX) = 459
Inactive Doubly occupied orbitals up to     (NO1)    = 0
No. considered Strongly Doubly occupied MOs (NDOC)   = 28
No. considered Strongly Singly occupied MOs (NSOC)   = 0
NO. of Weakly occ. per St. Doubly occ.  MOs (NCWO)   = 8
Dimension of the Nat. Orb. subspace         (NBF5)   = 252
No. of electrons                                     = 56
    No. of alpha electrons                           = 28
    No. of beta electrons                            = 28
Multiplicity                                         = 1

Geometry
========
 B       0.0000000       0.0000000       0.0000000
Cl       0.8752793       1.5160282       0.0000000
Cl       0.8752793      -1.5160282       0.0000000
Cl      -1.7505585       0.0000000       0.0000000

No violations of the orthonormality
No violations of the orthonormality
 
PNOF7/ADABelief Calculation
==================
 
  Nitext  Nit_orb  Time   Nit_occ  Time         Eelec          Etot           Ediff      maxdiff    MaxGrad_orb  Grad_occ
     1      10    1.4e+01    0    1.2e+01 -1632.19457895 -1403.79562699 -11631.19457895   0.000502   2.0e-03   2.3e-04 0.03
 
RESULTS OF THE OCCUPATION OPTIMIZATION
========================================
   1    1.9999244  -95.18981013
   2    1.9999244  -95.18620750
   3    1.9999480  -94.05250532
   4    1.9999942  -21.40619904
   5    1.9999937  -20.27711534
   6    1.9999933  -20.27298686
   7    1.9993093  -8.06008713
   8    1.9993148  -8.05948566
   9    1.9995481  -8.05925947
  10    1.9994333  -8.05842738
  11    1.9993140  -8.05732451
  12    1.9994383  -8.05689108
  13    1.9995376  -8.05683202
  14    1.9994483  -8.05623516
  15    1.9995659  -8.05429362
  16    1.9989631  -7.76815193
  17    1.9836617  -0.90677118
  18    1.9839765  -0.90258437
  19    1.9834667  -0.89999352
  20    1.9734751  -0.71109401
  21    1.9738511  -0.70721134
  22    1.9719185  -0.68909240
  23    1.9654162  -0.66653759
  24    1.9667215  -0.65174571
  25    1.9605412  -0.62488165
  26    1.9626494  -0.62281136
  27    1.9577150  -0.59955756
  28    1.9526952  -0.58529680
  29    0.0171865  -0.01044039
  30    0.0197273  -0.01156839
  31    0.0165738  -0.01032119
  32    0.0174214  -0.01066223
  33    0.0204801  -0.01228869
  34    0.0146637  -0.00970423
  35    0.0157348  -0.01031353
  36    0.0138589  -0.00929486
  37    0.0145899  -0.00967785
  38    0.0124633  -0.01058534
  39    0.0118459  -0.01014736
  40    0.0121971  -0.01041762
  41    0.0006786  -0.00865200
  42    0.0002078  -0.00234446
  43    0.0002011  -0.00235920
  44    0.0002479  -0.00288205
  45    0.0002173  -0.00260499
  46    0.0002192  -0.00261272
  47    0.0002229  -0.00267689
  48    0.0002588  -0.00301130
  49    0.0002254  -0.00284124
  50    0.0002276  -0.00276814
  51    0.0000019  -0.00002434
  52    0.0000023  -0.00002704
  53    0.0000010  -0.00001075
  54    0.0000504  -0.00831896
  55    0.0000493  -0.00827230
  56    0.0000493  -0.00827476
  57    0.0127355  -0.00800561
  58    0.0153384  -0.00903733
  59    0.0139237  -0.00909762
  60    0.0138812  -0.00888086
  61    0.0112172  -0.00751140
  62    0.0111487  -0.00800493
  63    0.0103459  -0.00751293
  64    0.0103715  -0.00762518
  65    0.0100612  -0.00740712
  66    0.0013095  -0.00166639
  67    0.0010826  -0.00146734
  68    0.0013199  -0.00166512
  69    0.0001198  -0.00117820
  70    0.0002003  -0.00250075
  71    0.0001859  -0.00232740
  72    0.0002025  -0.00221082
  73    0.0001917  -0.00214402
  74    0.0001842  -0.00211821
  75    0.0001902  -0.00210822
  76    0.0001832  -0.00204252
  77    0.0001622  -0.00189081
  78    0.0001825  -0.00204027
  79    0.0000012  -0.00001223
  80    0.0000008  -0.00000742
  81    0.0000008  -0.00000814
  82    0.0000014  -0.00044378
  83    0.0000084  -0.00095664
  84    0.0000083  -0.00094248
  85    0.0122532  -0.00768322
  86    0.0064285  -0.00448407
  87    0.0058437  -0.00433822
  88    0.0073912  -0.00521086
  89    0.0007359  -0.00088801
  90    0.0079884  -0.00605521
  91    0.0008260  -0.00104097
  92    0.0008840  -0.00111496
  93    0.0008015  -0.00105815
  94    0.0009711  -0.00133681
  95    0.0010658  -0.00140298
  96    0.0009884  -0.00136014
  97    0.0001189  -0.00117089
  98    0.0000157  -0.00037514
  99    0.0001408  -0.00157514
 100    0.0000035  -0.00004201
 101    0.0001429  -0.00159028
 102    0.0001390  -0.00156555
 103    0.0001441  -0.00159469
 104    0.0000029  -0.00003519
 105    0.0001401  -0.00157337
 106    0.0001394  -0.00156571
 107    0.0000008  -0.00000767
 108    0.0000006  -0.00000576
 109    0.0000008  -0.00000830
 110    0.0000001  -0.00000245
 111    0.0000082  -0.00093187
 112    0.0000082  -0.00093661
 113    0.0049666  -0.00368370
 114    0.0004008  -0.00052400
 115    0.0005313  -0.00069432
 116    0.0004901  -0.00059429
 117    0.0004286  -0.00056321
 118    0.0004765  -0.00065472
 119    0.0006420  -0.00083104
 120    0.0006018  -0.00080065
 121    0.0005641  -0.00078512
 122    0.0008749  -0.00123936
 123    0.0010147  -0.00139808
 124    0.0008356  -0.00119818
 125    0.0001006  -0.00091089
 126    0.0000031  -0.00003636
 127    0.0000153  -0.00036337
 128    0.0000022  -0.00002082
 129    0.0000033  -0.00003625
 130    0.0001352  -0.00153276
 131    0.0000032  -0.00003565
 132    0.0000020  -0.00001844
 133    0.0001355  -0.00155264
 134    0.0001327  -0.00151306
 135    0.0000007  -0.00000630
 136    0.0000006  -0.00000518
 137    0.0000007  -0.00000713
 138    0.0000000  -0.00000093
 139    0.0000082  -0.00092904
 140    0.0000082  -0.00093342
 141    0.0000642  -0.00010595
 142    0.0001761  -0.00025025
 143    0.0002562  -0.00037518
 144    0.0001076  -0.00017419
 145    0.0001743  -0.00026415
 146    0.0001412  -0.00019976
 147    0.0002572  -0.00033471
 148    0.0001744  -0.00029040
 149    0.0002088  -0.00032364
 150    0.0003586  -0.00054298
 151    0.0003826  -0.00057557
 152    0.0003717  -0.00055254
 153    0.0000135  -0.00039926
 154    0.0000022  -0.00002322
 155    0.0000031  -0.00003758
 156    0.0000018  -0.00001885
 157    0.0000024  -0.00002613
 158    0.0000030  -0.00003376
 159    0.0000024  -0.00002498
 160    0.0000014  -0.00001391
 161    0.0000148  -0.00036071
 162    0.0000033  -0.00003632
 163    0.0000006  -0.00000515
 164    0.0000006  -0.00000467
 165    0.0000007  -0.00000550
 166    0.0000000  -0.00000062
 167    0.0000014  -0.00043557
 168    0.0000014  -0.00043712
 169    0.0000417  -0.00007353
 170    0.0000998  -0.00013988
 171    0.0000993  -0.00016260
 172    0.0000741  -0.00014144
 173    0.0001053  -0.00018346
 174    0.0000671  -0.00012918
 175    0.0001692  -0.00027392
 176    0.0001242  -0.00022750
 177    0.0001274  -0.00023549
 178    0.0002475  -0.00041206
 179    0.0002711  -0.00043219
 180    0.0003271  -0.00049308
 181    0.0000021  -0.00001913
 182    0.0000019  -0.00001881
 183    0.0000022  -0.00002144
 184    0.0000016  -0.00001546
 185    0.0000022  -0.00001859
 186    0.0000022  -0.00002214
 187    0.0000019  -0.00001983
 188    0.0000014  -0.00001421
 189    0.0000028  -0.00003334
 190    0.0000019  -0.00001749
 191    0.0000006  -0.00000474
 192    0.0000005  -0.00000427
 193    0.0000007  -0.00000540
 194    0.0000000  -0.00000072
 195    0.0000001  -0.00000152
 196    0.0000001  -0.00000155
 197    0.0000315  -0.00005907
 198    0.0000617  -0.00009518
 199    0.0000720  -0.00012326
 200    0.0000510  -0.00009278
 201    0.0000775  -0.00015271
 202    0.0000542  -0.00011053
 203    0.0000587  -0.00013357
 204    0.0000704  -0.00014245
 205    0.0001116  -0.00019171
 206    0.0001978  -0.00034916
 207    0.0002475  -0.00041684
 208    0.0001805  -0.00033286
 209    0.0000020  -0.00001881
 210    0.0000017  -0.00001575
 211    0.0000019  -0.00001772
 212    0.0000015  -0.00001418
 213    0.0000010  -0.00000944
 214    0.0000016  -0.00001576
 215    0.0000011  -0.00001119
 216    0.0000012  -0.00001125
 217    0.0000022  -0.00001925
 218    0.0000017  -0.00001665
 219    0.0000006  -0.00000438
 220    0.0000005  -0.00000428
 221    0.0000006  -0.00000490
 222    0.0000000  -0.00000064
 223    0.0000001  -0.00000126
 224    0.0000001  -0.00000124
 225    0.0000257  -0.00005334
 226    0.0000524  -0.00009259
 227    0.0000506  -0.00010785
 228    0.0000423  -0.00008307
 229    0.0000597  -0.00011571
 230    0.0000439  -0.00009558
 231    0.0000478  -0.00010913
 232    0.0000636  -0.00013076
 233    0.0000605  -0.00011890
 234    0.0001107  -0.00023302
 235    0.0001133  -0.00024764
 236    0.0001179  -0.00024871
 237    0.0000014  -0.00005182
 238    0.0000016  -0.00001367
 239    0.0000014  -0.00001360
 240    0.0000014  -0.00001168
 241    0.0000009  -0.00000902
 242    0.0000015  -0.00001376
 243    0.0000010  -0.00000889
 244    0.0000009  -0.00000885
 245    0.0000020  -0.00001707
 246    0.0000015  -0.00001373
 247    0.0000004  -0.00001079
 248    0.0000004  -0.00001171
 249    0.0000006  -0.00001377
 250    0.0000000  -0.00000057
 251    0.0000001  -0.00000133
 252    0.0000000  -0.00000113
 
----------------
 Final Energies 
----------------
Final NOF Total Energy =   -1403.7956270
 
Total Orbital Internal Iterations = 10
Total Occupation Internal Iterations = 0
 
Elapsed time:   33.86 Seconds

---------------------------------
   Lowdin Population Analysis    
---------------------------------
 Idx  Atom   Population   Charge 
---------------------------------
  1     B     7.079      -2.079
  2    Cl    16.306       0.694
  3    Cl    16.308       0.692
  4    Cl    16.308       0.692

---------------------------------
   M Diagnostic: 0.03
---------------------------------

