Computing Integrals
Basis Set                                            = def2-qzvp
Auxiliary Basis Set                                  = def2-universal-jkfit
Gaussian Type                                        = Spherical
Elapsed time:    2.54 Seconds

Number of basis functions                   (NBF)    = 171
Number of auxiliary basis functions         (NBFAUX) = 231
Inactive Doubly occupied orbitals up to     (NO1)    = 0
No. considered Strongly Doubly occupied MOs (NDOC)   = 11
No. considered Strongly Singly occupied MOs (NSOC)   = 0
NO. of Weakly occ. per St. Doubly occ.  MOs (NCWO)   = 14
Dimension of the Nat. Orb. subspace         (NBF5)   = 165
No. of electrons                                     = 22
    No. of alpha electrons                           = 11
    No. of beta electrons                            = 11
Multiplicity                                         = 1

Geometry
========
 N       0.0000000       0.0000000      -0.0211861
 N       0.0000000       0.0000000      -1.1424486
 O       0.0000000       0.0000000       1.1636347

No violations of the orthonormality
No violations of the orthonormality
 
PNOF7/ADABelief Calculation
==================
 
  Nitext  Nit_orb  Time   Nit_occ  Time         Eelec          Etot           Ediff      maxdiff    MaxGrad_orb  Grad_occ
     1      10    1.1e+01    0    1.2e+01  -245.04919974  -184.06225125 -10244.04919974   0.000784   3.1e-03   1.9e-04 0.21
 
RESULTS OF THE OCCUPATION OPTIMIZATION
========================================
   1    1.9997137  -20.64298230
   2    1.9995206  -15.78568463
   3    1.9995435  -15.66891375
   4    1.9819533  -1.42217737
   5    1.9723458  -1.28348180
   6    1.9842130  -0.90561757
   7    1.9841892  -0.90537375
   8    1.9735147  -0.80051891
   9    1.9741475  -0.74769084
  10    1.8400398  -0.60737842
  11    1.7875293  -0.51610103
  12    0.2121721  -0.08125349
  13    0.1565355  -0.07229937
  14    0.0108103  -0.00587036
  15    0.0154537  -0.01132715
  16    0.0115425  -0.01072349
  17    0.0114621  -0.01070839
  18    0.0240062  -0.02792357
  19    0.0131449  -0.01712488
  20    0.0003090  -0.00787348
  21    0.0003066  -0.00789774
  22    0.0002230  -0.00756625
  23    0.0000875  -0.00010038
  24    0.0030940  -0.00251055
  25    0.0058829  -0.00369043
  26    0.0023703  -0.00276541
  27    0.0017835  -0.00267360
  28    0.0018111  -0.00268698
  29    0.0018108  -0.00330315
  30    0.0026051  -0.00453156
  31    0.0000498  -0.00091817
  32    0.0000619  -0.00118393
  33    0.0000350  -0.00083749
  34    0.0000801  -0.00009902
  35    0.0001320  -0.00022775
  36    0.0043479  -0.00287785
  37    0.0019808  -0.00238723
  38    0.0011361  -0.00186072
  39    0.0011556  -0.00187878
  40    0.0008614  -0.00191624
  41    0.0008926  -0.00208869
  42    0.0000490  -0.00086805
  43    0.0000600  -0.00106098
  44    0.0000141  -0.00032042
  45    0.0000680  -0.00004775
  46    0.0001318  -0.00023237
  47    0.0042230  -0.00308715
  48    0.0019796  -0.00239456
  49    0.0006075  -0.00115812
  50    0.0006113  -0.00116242
  51    0.0006602  -0.00150418
  52    0.0006055  -0.00143804
  53    0.0000368  -0.00064890
  54    0.0000397  -0.00071051
  55    0.0000066  -0.00016036
  56    0.0000218  -0.00001227
  57    0.0000242  -0.00002143
  58    0.0001450  -0.00021103
  59    0.0019478  -0.00206855
  60    0.0002050  -0.00049216
  61    0.0002070  -0.00049215
  62    0.0001244  -0.00034941
  63    0.0002284  -0.00059763
  64    0.0000068  -0.00032369
  65    0.0000063  -0.00030962
  66    0.0000040  -0.00024868
  67    0.0000114  -0.00001780
  68    0.0000099  -0.00002389
  69    0.0001427  -0.00028889
  70    0.0014153  -0.00192944
  71    0.0001939  -0.00048687
  72    0.0002005  -0.00049230
  73    0.0000712  -0.00024563
  74    0.0002252  -0.00057096
  75    0.0000013  -0.00002389
  76    0.0000011  -0.00002181
  77    0.0000009  -0.00002073
  78    0.0000063  -0.00002018
  79    0.0000057  -0.00002199
  80    0.0000895  -0.00015520
  81    0.0008639  -0.00121168
  82    0.0001027  -0.00028855
  83    0.0001066  -0.00028842
  84    0.0000453  -0.00019665
  85    0.0000804  -0.00027809
  86    0.0000010  -0.00002052
  87    0.0000009  -0.00001843
  88    0.0000006  -0.00001553
  89    0.0000048  -0.00002000
  90    0.0000050  -0.00001833
  91    0.0000753  -0.00015523
  92    0.0001537  -0.00030462
  93    0.0001011  -0.00029081
  94    0.0001010  -0.00029537
  95    0.0000271  -0.00012699
  96    0.0000734  -0.00026911
  97    0.0000006  -0.00001751
  98    0.0000006  -0.00001448
  99    0.0000005  -0.00001306
 100    0.0000042  -0.00001909
 101    0.0000050  -0.00001883
 102    0.0000522  -0.00014704
 103    0.0001036  -0.00024137
 104    0.0000937  -0.00026524
 105    0.0000778  -0.00024970
 106    0.0000128  -0.00006698
 107    0.0000649  -0.00025351
 108    0.0000005  -0.00001423
 109    0.0000006  -0.00001162
 110    0.0000004  -0.00001069
 111    0.0000036  -0.00001664
 112    0.0000040  -0.00001445
 113    0.0000323  -0.00008576
 114    0.0000810  -0.00020533
 115    0.0000126  -0.00005670
 116    0.0000175  -0.00006350
 117    0.0000105  -0.00004988
 118    0.0000532  -0.00023717
 119    0.0000004  -0.00001077
 120    0.0000005  -0.00001001
 121    0.0000003  -0.00000771
 122    0.0000036  -0.00001415
 123    0.0000036  -0.00001448
 124    0.0000200  -0.00005830
 125    0.0000558  -0.00017734
 126    0.0000099  -0.00004728
 127    0.0000120  -0.00005655
 128    0.0000085  -0.00005078
 129    0.0000262  -0.00014407
 130    0.0000004  -0.00001685
 131    0.0000004  -0.00001525
 132    0.0000003  -0.00000395
 133    0.0000026  -0.00001303
 134    0.0000035  -0.00001458
 135    0.0000131  -0.00005007
 136    0.0000329  -0.00010983
 137    0.0000084  -0.00004604
 138    0.0000090  -0.00004730
 139    0.0000057  -0.00003330
 140    0.0000236  -0.00008830
 141    0.0000003  -0.00000865
 142    0.0000003  -0.00000512
 143    0.0000003  -0.00000510
 144    0.0000024  -0.00001086
 145    0.0000032  -0.00001240
 146    0.0000098  -0.00003264
 147    0.0000257  -0.00010408
 148    0.0000073  -0.00003839
 149    0.0000081  -0.00003874
 150    0.0000056  -0.00003779
 151    0.0000140  -0.00006811
 152    0.0000003  -0.00000858
 153    0.0000003  -0.00000321
 154    0.0000002  -0.00000435
 155    0.0000022  -0.00001048
 156    0.0000029  -0.00001337
 157    0.0000086  -0.00002905
 158    0.0000213  -0.00007853
 159    0.0000067  -0.00003758
 160    0.0000075  -0.00003871
 161    0.0000045  -0.00002435
 162    0.0000096  -0.00004632
 163    0.0000003  -0.00000643
 164    0.0000003  -0.00001384
 165    0.0000002  -0.00001214
 
----------------
 Final Energies 
----------------
Final NOF Total Energy =    -184.0622513
 
Total Orbital Internal Iterations = 10
Total Occupation Internal Iterations = 0
 
Elapsed time:   29.16 Seconds

---------------------------------
   Lowdin Population Analysis    
---------------------------------
 Idx  Atom   Population   Charge 
---------------------------------
  1     N     7.147      -0.147
  2     N     6.928       0.072
  3     O     7.925       0.075

---------------------------------
   M Diagnostic: 0.21
---------------------------------

