Job runing on na07
Choosing scratch ...
Automatic scratch folder selection
/scratch/pobleyef/351346
/scratch/pobleyef/351346 directory
cp HEAVY28-hi.gcf HEAVY28-hi.inp to  /scratch/pobleyef/351346/.
HEAVY28-hi
 This is the OpenMP version of the code
 This is the OpenMP version of the code
 This is the OpenMP version of the code
 This is the OpenMP version of the code
 This is the OpenMP version of the code
 This is the OpenMP version of the code
 This is the OpenMP version of the code
 This is the OpenMP version of the code
 This is the OpenMP version of the code
 This is the OpenMP version of the code
 This is the OpenMP version of the code
 This is the OpenMP version of the code
 This is the OpenMP version of the code
 This is the OpenMP version of the code
 This is the OpenMP version of the code
 This is the OpenMP version of the code
 This is the OpenMP version of the code
 This is the OpenMP version of the code
 This is the OpenMP version of the code
 This is the OpenMP version of the code
 This is the OpenMP version of the code
 This is the OpenMP version of the code
 This is the OpenMP version of the code
 This is the OpenMP version of the code
 This is the OpenMP version of the code
 This is the OpenMP version of the code
 This is the OpenMP version of the code
 This is the OpenMP version of the code
 This is the OpenMP version of the code
 This is the OpenMP version of the code
 This is the OpenMP version of the code
 This is the OpenMP version of the code
 This is the OpenMP version of the code
 This is the OpenMP version of the code
 This is the OpenMP version of the code
 This is the OpenMP version of the code
 This is the OpenMP version of the code
 This is the OpenMP version of the code
 This is the OpenMP version of the code
 This is the OpenMP version of the code
 This is the OpenMP version of the code
 This is the OpenMP version of the code
 This is the OpenMP version of the code
 This is the OpenMP version of the code
 This is the OpenMP version of the code
 This is the OpenMP version of the code
 This is the OpenMP version of the code
 This is the OpenMP version of the code
 This is the OpenMP version of the code
 This is the OpenMP version of the code
 This is the OpenMP version of the code
 This is the OpenMP version of the code
 This is the OpenMP version of the code
 This is the OpenMP version of the code
 This is the OpenMP version of the code
 This is the OpenMP version of the code
 This is the OpenMP version of the code
 This is the OpenMP version of the code
 This is the OpenMP version of the code
 This is the OpenMP version of the code
 This is the OpenMP version of the code
 This is the OpenMP version of the code
 This is the OpenMP version of the code
 This is the OpenMP version of the code
 This is the OpenMP version of the code
 This is the OpenMP version of the code
 This is the OpenMP version of the code
 This is the OpenMP version of the code
 This is the OpenMP version of the code
 This is the OpenMP version of the code
 This is the OpenMP version of the code
 This is the OpenMP version of the code
 This is the OpenMP version of the code
 This is the OpenMP version of the code
 This is the OpenMP version of the code
 This is the OpenMP version of the code
 This is the OpenMP version of the code
 This is the OpenMP version of the code
 This is the OpenMP version of the code
 This is the OpenMP version of the code
 This is the OpenMP version of the code
 This is the OpenMP version of the code
 This is the OpenMP version of the code
 This is the OpenMP version of the code
 This is the OpenMP version of the code
 This is the OpenMP version of the code
 This is the OpenMP version of the code
 This is the OpenMP version of the code
 This is the OpenMP version of the code
 This is the OpenMP version of the code
 This is the OpenMP version of the code
 This is the OpenMP version of the code
 This is the OpenMP version of the code
 This is the OpenMP version of the code
 This is the OpenMP version of the code
 This is the OpenMP version of the code
 This is the OpenMP version of the code
 This is the OpenMP version of the code
 This is the OpenMP version of the code
 This is the OpenMP version of the code
 This is the OpenMP version of the code
 This is the OpenMP version of the code
 This is the OpenMP version of the code
 This is the OpenMP version of the code
 This is the OpenMP version of the code
 This is the OpenMP version of the code
 This is the OpenMP version of the code
 This is the OpenMP version of the code
 This is the OpenMP version of the code
 This is the OpenMP version of the code
 This is the OpenMP version of the code
 This is the OpenMP version of the code
 This is the OpenMP version of the code
 This is the OpenMP version of the code
 This is the OpenMP version of the code
 This is the OpenMP version of the code
 This is the OpenMP version of the code
 This is the OpenMP version of the code
 This is the OpenMP version of the code
 This is the OpenMP version of the code

 The execution started at 17h 17min on the 11/11/2025

    ===========================================================
    !                                                         !
    !                        Do N O F                         !
    !                                                         !
    !  (Donostia Natural Orbital Functional Software Program) !
    !                                                         !
    !               COPYRIGHT by Mario Piris                  !
    !                                                         !
    !      Donostia International Physics Center (DIPC)       !
    !       University of the Basque Country (UPV/EHU)        !
    !       Basque Foundation for Science (IKERBASQUE)        !
    !                                                         !
    !          GNU General Public License version 3           !
    !                                                         !
    !                  VERSION: October 2025                  !
    !                                                         !
    ===========================================================

 Run Title
 ---------
  Molname                                                                        

 Basis Set
 ---------
 /home/pobleyef/DoNOFsw/basis/def2-QZVP.bas                                      

 Atom      Charge                Coordinates (Bohr)
                           x             y             z
 I          53.0        0.0000        0.0000        1.5022
 H           1.0        0.0000        0.0000       -1.5022

 Atomic Basis Set
 ----------------
 The contracted primitive functions were unnormalized
 The contracted basis functions are now normalized to unity

  Shell Type  Primitive         Exponent  Contraction Coefficient

 I         

      1   S       1         16788.4000000    0.000103586804
      1   S       2          2526.6400000    0.000765531745
      1   S       3           571.9840000    0.003150554741
      1   S       4           150.4340000    0.006717983204
      1   S       5            29.5405000   -0.134384929151
      1   S       6            18.4571000    0.859255064197
      1   S       7            11.5286000   -0.890227518539
      1   S       8             7.0828900   -1.367813214298
      1   S       9             2.5040500    1.808345152379

      2   S      10            25.0586179    0.088686579218
      2   S      11            15.6219794   -0.309437052616
      2   S      12             3.3536325    1.147487780264

      3   S      13             1.3540145    1.000000000000

      4   S      14             0.6743047    1.000000000000

      5   S      15             0.3272714    1.000000000000

      6   S      16             0.1574936    1.000000000000

      7   S      17             0.0743777    1.000000000000

      8   P      18           656.2740000    0.000102263116
      8   P      19           149.2320000    0.000688871318
      8   P      20            19.0153000    0.067339699796
      8   P      21            10.7378000   -0.280108787807
      8   P      22             6.4420800   -0.004916495947
      8   P      23             3.0920300    0.577616914298
      8   P      24             1.5787400    0.569991007671

      9   P      25            15.6605119   -0.024484627992
      9   P      26             4.9250670    0.260041620414
      9   P      27             1.6692320    0.808870366710

     10   P      28             0.7781790    1.000000000000

     11   P      29             0.3560884    1.000000000000

     12   P      30             0.1549324    1.000000000000

     13   P      31             0.0646662    1.000000000000

     14   D      32           318.2240778    0.000120648927
     14   D      33            95.8102274    0.001012623893
     14   D      34            35.3222953    0.005278751941
     14   D      35            13.1074478   -0.017935310228
     14   D      36             6.2949153    0.100128211172
     14   D      37             3.6826101    0.302771472093
     14   D      38             2.0858951    0.397340741727
     14   D      39             1.1644342    0.312691340071

     15   D      40             0.6318061    1.000000000000

     16   D      41             0.3221508    1.000000000000

     17   D      42             0.1349000    1.000000000000

     18   F      43             6.4253614    1.000000000000

     19   F      44             2.1780000    1.000000000000

     20   F      45             0.5878000    1.000000000000

     21   F      46             0.2500000    1.000000000000

     22   G      47             0.4739000    1.000000000000

 H         

     23   S      48           190.6916900    0.005342636962
     23   S      49            28.6055320    0.041252338243
     23   S      50             6.5095943    0.210993525698
     23   S      51             1.8412455    0.812128545862

     24   S      52             0.5985373    1.000000000000

     25   S      53             0.2139762    1.000000000000

     26   S      54             0.0803163    1.000000000000

     27   P      55             2.2920000    1.000000000000

     28   P      56             0.8380000    1.000000000000

     29   P      57             0.2920000    1.000000000000

     30   D      58             2.0620000    1.000000000000

     31   D      59             0.6620000    1.000000000000

     32   F      60             1.3970000    1.000000000000

 Total Number of Basis Set Shells             =   32
 Total Number of Primitives                   =   60
 Number of Spherical Gaussian Basis Functions =  112
 Total Number of Auxiliary Basis Set Shells   =   52
 Number of Sph. Gaussian Auxiliary Set Func.  =  236
 Number of Electrons                          =   54
 Charge of Molecule                           =    0
 Spin Multiplicity                            =    1
 Number of Occupied Orbitals (Alpha)          =   27
 Number of Occupied Orbitals (Beta )          =   27
 Total Number of Atoms                        =    2

 Nuclear Energy =       17.6408393023

 Note: This calculation is using an effective core potential
 so NE and ENUC will be adjusted later after removal of the Core

 Input Run Options
 -----------------
 IRUNTYP = 1  MULT = 1  ICHARG =  0 IECP = 1  IEMOM = 1  UNITS = ANGS    

 ECP Potentials
 --------------
 Parameters for "I-ECP   " on Atom  1 with ZCORE 28 and LMAX 3 are

 for L= 3      COEFF    N           ZETA
    1      -21.84204    2       19.45861
    1      -28.46819    2       19.34926
    1       -0.24371    2        4.82377
    1       -0.32080    2        4.88431
 for L= 0      COEFF    N           ZETA
    1       49.99429    2       40.01584
    1      281.02532    2       17.42975
    1       61.57333    2        9.00548
    1       21.84204    2       19.45861
    1       28.46819    2       19.34926
    1        0.24371    2        4.82377
    1        0.32080    2        4.88431
 for L= 1      COEFF    N           ZETA
    1       67.44284    2       15.35547
    1      134.88114    2       14.97183
    1       14.67505    2        8.96016
    1       29.37567    2        8.25910
    1       21.84204    2       19.45861
    1       28.46819    2       19.34926
    1        0.24371    2        4.82377
    1        0.32080    2        4.88431
 for L= 2      COEFF    N           ZETA
    1       35.43953    2       15.06891
    1       53.17606    2       14.55532
    1        9.06719    2        6.71865
    1       13.20694    2        6.45639
    1        0.08933    2        1.19178
    1        0.05238    2        1.29116
    1       21.84204    2       19.45861
    1       28.46819    2       19.34926
    1        0.24371    2        4.82377
    1        0.32080    2        4.88431

 The ECP removes  28 core electrons and  28 protons

 Number of electrons kept in the run =   26
 Number of occupied orbitals (Alpha) =   13
 Number of occupied orbitals (Beta)  =   13

 Adjusted Nuclear Energy =        8.3211506143


 Integral Options
 ----------------
 ERITYP = RI     AUX = JKFIT

 Input NOF Options
 -----------------

 Natural Orbital Functional Selected:    (IPNOF)         7

 Type of calculation = ICOEF2 + ICOEF1:  (ICOEF)        21
 Use Softmax function for Occ. Opt.:     (ISOFTMAX)      1
 Type of Orb. Opt. = Orbital Rotations:  (IORBOPT)       2
 Maximum Number of Coef Outer Iter.:     (MAXIT21)       3
 Maximum Number of Occ-Coef Outer Iter.: (MAXIT)      1000

 Restart calculation Option:             (RESTART)       F
 Restart Gamma Matrix from GCF file:     (INPUTGAMMA)    0
 Coefficient Matrix from GCF file:       (INPUTC)        0
 Diagonal Elements FMIUG from GCF file:  (INPUTFMIUG)    0
 Cartesian Coordinates from GCF file:    (INPUTCXYZ)     0

 Threshold Lambda Convergence=10**(-N):  (NTHRESHL)      3
 Threshold Energy Convergence=10**(-N):  (NTHRESHE)      8
 Max. Number of Inner Coef. Iterations:  (MAXLOOP)      10
 Orthogonalize the initial Orbitals:     (ORTHO)         T

 Output Option:                          (NPRINT)        0
 Output the Coefficient Matrix:          (IWRITEC)       0
 Do a Mulliken Population Analysis:      (IMULPOP)       0
 Write Information into a WFN file:      (IAIMPAC)       1
 Write Information into a FCHK file:     (IFCHK)         1
 Write Information into a MLP file:      (MOLDEN)        1
 Create Ini. Cond. (ini.xyz) file:       (INICOND)       1
 Calculate IPs using Ext. Koopmans Theo: (IEKT)          0
 Write APSG expansion coefficient file:  (APSG)          F
 Output option for Lagrange Multipliers: (PRINTLAG)      F
 Diagonalize matrix of Lag. Multipliers: (DIAGLAG)       F

------------------------------------------------------------------------

 Orbital Space
 -------------

 Inactive Doubly occupied orbitals up to NO1  =    0
 No. considered Strongly Doubly occupied MOs  =   13
 No. considered Strongly Singly occupied MOs  =    0
 No. of Weakly occ. per St. Doubly occ.  MOs  =    7
 Dimension of the Active Nat. Orb. subspace   =  104
 Secondary Empty orbitals                     =    8

 1e- integrals
 -------------
 Time to do integrals =      0.12
 Guess for MOs = HCORE
         0 MOs were matched and         0 equalized to zero

 No violations of the orthonormality

 2e- integrals
 -------------
 DONTW option skips storage 2e- integrals on Unit 1
 Time to do integrals =      0.12

 Input for Coefficients is HCORE

   INITIAL VALUES
  =================

   OM     Occupation      Elag Diag

    1      1.9980000      0.4537250
    2      1.9980000      2.4060674
    3      1.9980000      2.0313977
    4      1.9980000      2.0314183
    5      1.9980000      5.0349739
    6      1.9980000      4.9391042
    7      1.9980000      4.9387013
    8      1.9980000      4.8359928
    9      1.9980000      4.8670155
   10      1.9980000     10.2186769
   11      1.9980000     10.1374776
   12      1.9980000     10.1372620
   13      1.9980000      9.9740624
   14      0.0002857      0.0007768
   15      0.0002857      0.0005077
   16      0.0002857      0.0005091
   17      0.0002857      0.0001648
   18      0.0002857      0.0002775
   19      0.0002857      0.0000472
   20      0.0002857      0.0000686
   21      0.0002857      0.0002635
   22      0.0002857      0.0002374
   23      0.0002857      0.0002346
   24      0.0002857      0.0001468
   25      0.0002857      0.0002544
   26      0.0002857      0.0008030
   27      0.0002857      0.0009311
   28      0.0002857      0.0007643
   29      0.0002857      0.0009559
   30      0.0002857      0.0008763
   31      0.0002857      0.0007155
   32      0.0002857      0.0007186
   33      0.0002857      0.0002881
   34      0.0002857      0.0001197
   35      0.0002857      0.0001353
   36      0.0002857      0.0000510
   37      0.0002857      0.0002801
   38      0.0002857      0.0003835
   39      0.0002857      0.0004023
   40      0.0002857      0.0004823
   41      0.0002857      0.0004615
   42      0.0002857      0.0005677
   43      0.0002857      0.0004506
   44      0.0002857      0.0004083
   45      0.0002857      0.0007345
   46      0.0002857      0.0007630
   47      0.0002857      0.0002517
   48      0.0002857      0.0002572
   49      0.0002857      0.0007392
   50      0.0002857      0.0007265
   51      0.0002857      0.0008299
   52      0.0002857      0.0007497
   53      0.0002857      0.0003190
   54      0.0002857      0.0001221
   55      0.0002857      0.0001175
   56      0.0002857      0.0001291
   57      0.0002857      0.0000976
   58      0.0002857      0.0002965
   59      0.0002857      0.0003271
   60      0.0002857      0.0003218
   61      0.0002857      0.0003256
   62      0.0002857      0.0001205
   63      0.0002857      0.0000612
   64      0.0002857      0.0000895
   65      0.0002857      0.0001938
   66      0.0002857      0.0003487
   67      0.0002857      0.0003525
   68      0.0002857      0.0003548
   69      0.0002857      0.0003613
   70      0.0002857      0.0002765
   71      0.0002857      0.0002770
   72      0.0002857      0.0002945
   73      0.0002857      0.0002750
   74      0.0002857      0.0002728
   75      0.0002857      0.0000548
   76      0.0002857      0.0000514
   77      0.0002857      0.0000508
   78      0.0002857      0.0000404
   79      0.0002857      0.0002377
   80      0.0002857      0.0004309
   81      0.0002857      0.0001623
   82      0.0002857      0.0001778
   83      0.0002857      0.0001878
   84      0.0002857      0.0001365
   85      0.0002857      0.0003154
   86      0.0002857      0.0003127
   87      0.0002857      0.0000097
   88      0.0002857      0.0000096
   89      0.0002857      0.0000496
   90      0.0002857      0.0006035
   91      0.0002857      0.0004310
   92      0.0002857      0.0001121
   93      0.0002857      0.0007736
   94      0.0002857      0.0007728
   95      0.0002857      0.0007728
   96      0.0002857      0.0007655
   97      0.0002857      0.0007924
   98      0.0002857      0.0007941
   99      0.0002857      0.0007313
  100      0.0002857      0.0007797
  101      0.0002857      0.0010680
  102      0.0002857      0.0010735
  103      0.0002857      0.0011703
  104      0.0002857      0.0010963

   RO Sum (  26) =   26.00

  ---------------
   Dipole Moment
  ---------------

      7.5463 Debye [   2.9689  (   0.0000,   0.0000,  -2.9689) ]


  RESULTS OF OCCUPATION-COEFFICIENT OPTIMIZATION
 ================================================

  Ex It  Occ Time  Orb Time  Orb It   Electronic Energy     Total Energy   Energy Convergency    Max Mul-Lag Diff

    1    1.0E-01   4.4E+00      10    -276.3642543458     -268.0431037316   -38.7015781203           1.242378
    2    3.2E-02   3.7E+00      20    -300.2990334744     -291.9778828601   -23.9347791285           0.456606
    3    2.4E-02   1.1E+01      30    -305.4051350408     -297.0839844265    -5.1061015664           0.096025
    4    2.6E-02   8.9E+00      40    -305.5675432238     -297.2463926095    -0.1624081831           0.001420
    5    4.1E-01   3.0E+01      38    -305.6476983231     -297.3265477088    -0.0801550993           0.000945
    6    7.0E-01   1.1E+01      40    -305.6945828414     -297.3734322271    -0.0468845183           0.043926
    7    4.8E-01   6.1E+00      40    -305.7044987450     -297.3833481307    -0.0099159036           0.001123
    8    4.0E-01   6.2E+00      37    -305.7064518848     -297.3853012705    -0.0019531398           0.000917
    9    3.9E-01   2.0E-01       0    -305.7068529404     -297.3857023261    -0.0004010556           0.000924
   10    3.7E-02   2.0E-01       0    -305.7068529565     -297.3857023422    -0.0000000161           0.000924
   11    3.6E-02   2.0E-01       0    -305.7068529688     -297.3857023546    -0.0000000123           0.000924
   12    3.4E-02   2.0E-01       0    -305.7068529789     -297.3857023647    -0.0000000101           0.000925
   13    3.7E-02   1.0E-01       0    -305.7068529877     -297.3857023734    -0.0000000087           0.000925


  RESULTS OF THE OCCUPATION OPTIMIZATION
 ========================================

   OM     Occupation      Elag Diag

    1      1.9991102     -4.6587411
    2      1.9990315     -4.2966278
    3      1.9989849     -4.1664938
    4      1.9988873     -3.8994430
    5      1.9988186     -4.4906510
    6      1.9985520     -4.2231880
    7      1.9984300     -3.7242192
    8      1.9981571     -3.3684926
    9      1.9975462     -3.2097920
   10      1.9780914     -0.5735120
   11      1.9777273     -0.5681015
   12      1.9766573     -0.5695890
   13      1.9462268     -0.6244493
   14      0.0000804     -0.0001264
   15      0.0003478     -0.0003840
   16      0.0095469     -0.0055987
   17      0.0098842     -0.0058127
   18      0.0000006     -0.0000027
   19      0.0011452     -0.0045857
   20      0.0000167     -0.0001008
   21      0.0002526     -0.0013208
   22      0.0003976     -0.0020266
   23      0.0000004     -0.0000020
   24      0.0000042     -0.0000268
   25      0.0008893     -0.0042830
   26      0.0007792     -0.0040616
   27      0.0000951     -0.0001428
   28      0.0001036     -0.0001377
   29      0.0001113     -0.0001429
   30      0.0006345     -0.0006028
   31      0.0000041     -0.0000368
   32      0.0000121     -0.0000678
   33      0.0000096     -0.0000702
   34      0.0007423     -0.0037673
   35      0.0000031     -0.0000199
   36      0.0010496     -0.0046802
   37      0.0000024     -0.0000256
   38      0.0000003     -0.0000020
   39      0.0000015     -0.0000182
   40      0.0415099     -0.0231795
   41      0.0058667     -0.0036206
   42      0.0041675     -0.0027646
   43      0.0014162     -0.0010790
   44      0.0006786     -0.0025665
   45      0.0000021     -0.0000223
   46      0.0000040     -0.0000219
   47      0.0000148     -0.0001151
   48      0.0007236     -0.0037951
   49      0.0000014     -0.0000076
   50      0.0000007     -0.0000057
   51      0.0000136     -0.0001021
   52      0.0000714     -0.0004607
   53      0.0001002     -0.0001435
   54      0.0096900     -0.0057578
   55      0.0005355     -0.0005244
   56      0.0001040     -0.0001417
   57      0.0001396     -0.0007155
   58      0.0000050     -0.0000244
   59      0.0000019     -0.0000149
   60      0.0004287     -0.0021137
   61      0.0000022     -0.0000241
   62      0.0000090     -0.0000475
   63      0.0009772     -0.0045837
   64      0.0000005     -0.0000029
   65      0.0000178     -0.0001206
   66      0.0037089     -0.0029962
   67      0.0012434     -0.0009966
   68      0.0003108     -0.0003518
   69      0.0056215     -0.0035765
   70      0.0000135     -0.0000700
   71      0.0000036     -0.0000178
   72      0.0002596     -0.0012797
   73      0.0000016     -0.0000199
   74      0.0000402     -0.0002677
   75      0.0000346     -0.0002272
   76      0.0000002     -0.0000010
   77      0.0000004     -0.0000023
   78      0.0000028     -0.0000196
   79      0.0032068     -0.0026621
   80      0.0058702     -0.0037215
   81      0.0066399     -0.0040116
   82      0.0003849     -0.0004174
   83      0.0000006     -0.0000028
   84      0.0006445     -0.0025637
   85      0.0012768     -0.0054142
   86      0.0000006     -0.0000022
   87      0.0000003     -0.0000021
   88      0.0000152     -0.0000925
   89      0.0000003     -0.0000017
   90      0.0000046     -0.0000392
   91      0.0000156     -0.0001110
   92      0.0050718     -0.0038753
   93      0.0002209     -0.0002639
   94      0.0009608     -0.0008074
   95      0.0038635     -0.0026483
   96      0.0016169     -0.0060459
   97      0.0000303     -0.0001904
   98      0.0000015     -0.0000100
   99      0.0000074     -0.0000472
  100      0.0000145     -0.0001130
  101      0.0000024     -0.0000260
  102      0.0000301     -0.0002117
  103      0.0000596     -0.0003442
  104      0.0000016     -0.0000119

   RO Sum (  26) =   26.00

  ---------------
   Dipole Moment
  ---------------

      0.5254 Debye [   0.2067  (  -0.0031,   0.0021,  -0.2067) ]

 ----------------
  Final Energies  
 ----------------

  Final NOF Total Energy =     -297.3857023734 ( 9.E-04 , 0.E+00 )


  **************************************************
  *                                                *
  *       SINGLE-POINT DoNOF CALCULATION           *
  *                                                *
  *             FULL OPTIMIZATION                  *
  *                                                *
  *  FINAL RESULTS   FINAL RESULTS  FINAL RESULTS  *
  *                                                *
  **************************************************

  **************************************************
  *         No. EXTERNAL ITER =    13              *
  *         No. of TOTAL ITER =   255              *
  **************************************************

  Elapsed real time :     84.25  (Seconds)

 The execution finished at 17h 18min on the 11/11/2025
Recovering execution output...
Moving from /scratch/pobleyef/351346 to /home-nas/pobleyef/Slim-NOF/ncwomax/Slim05/PNOF7/arina.351346
mkdir -p /home-nas/pobleyef/Slim-NOF/ncwomax/Slim05/PNOF7/arina.351346
mv /scratch/pobleyef/351346/* /home-nas/pobleyef/Slim-NOF/ncwomax/Slim05/PNOF7/arina.351346
