Computing Integrals
Basis Set                                            = def2-qzvp
Auxiliary Basis Set                                  = def2-universal-jkfit
Gaussian Type                                        = Spherical
Elapsed time:    1.80 Seconds

Number of basis functions                   (NBF)    = 177
Number of auxiliary basis functions         (NBFAUX) = 149
Inactive Doubly occupied orbitals up to     (NO1)    = 0
No. considered Strongly Doubly occupied MOs (NDOC)   = 5
No. considered Strongly Singly occupied MOs (NSOC)   = 0
NO. of Weakly occ. per St. Doubly occ.  MOs (NCWO)   = 34
Dimension of the Nat. Orb. subspace         (NBF5)   = 175
No. of electrons                                     = 10
    No. of alpha electrons                           = 5
    No. of beta electrons                            = 5
Multiplicity                                         = 1

Geometry
========
 N       0.0000000       0.0000000       0.0000000
 H       0.5918670      -0.5918670       0.5918670
 H      -0.5918670       0.5918670       0.5918670
 H      -0.5918670      -0.5918670      -0.5918670
 H       0.5918670       0.5918670      -0.5918670

No violations of the orthonormality
No violations of the orthonormality
 
PNOF7/ADABelief Calculation
==================
 
  Nitext  Nit_orb  Time   Nit_occ  Time         Eelec          Etot           Ediff      maxdiff    MaxGrad_orb  Grad_occ
     1      10    1.0e+01    0    1.2e+01   -73.06748399   -56.71733863 -10072.06748399   0.000464   1.9e-03   2.4e-04 0.02
 
RESULTS OF THE OCCUPATION OPTIMIZATION
========================================
   1    1.9995303  -15.94795942
   2    1.9729459  -1.16127659
   3    1.9728668  -1.16037575
   4    1.9730212  -1.16032503
   5    1.9728557  -1.15980636
   6    0.0208506  -0.02170231
   7    0.0207568  -0.02166871
   8    0.0208559  -0.02170399
   9    0.0208366  -0.02168289
  10    0.0003080  -0.00798146
  11    0.0029914  -0.00437613
  12    0.0029335  -0.00432872
  13    0.0030080  -0.00440198
  14    0.0031181  -0.00448149
  15    0.0000516  -0.00098886
  16    0.0014070  -0.00220899
  17    0.0014064  -0.00221576
  18    0.0013905  -0.00219279
  19    0.0012050  -0.00201428
  20    0.0000515  -0.00098646
  21    0.0012875  -0.00209820
  22    0.0012729  -0.00208086
  23    0.0012024  -0.00200845
  24    0.0011253  -0.00193070
  25    0.0000488  -0.00095834
  26    0.0001206  -0.00030343
  27    0.0001191  -0.00030461
  28    0.0001866  -0.00037740
  29    0.0001805  -0.00036268
  30    0.0000047  -0.00028388
  31    0.0001074  -0.00027919
  32    0.0000918  -0.00024002
  33    0.0001206  -0.00029869
  34    0.0001620  -0.00035843
  35    0.0000005  -0.00000462
  36    0.0000743  -0.00020227
  37    0.0000860  -0.00023698
  38    0.0000938  -0.00022436
  39    0.0001123  -0.00026923
  40    0.0000004  -0.00000213
  41    0.0000637  -0.00019347
  42    0.0000753  -0.00020556
  43    0.0000733  -0.00020697
  44    0.0000900  -0.00022516
  45    0.0000003  -0.00001604
  46    0.0000590  -0.00017331
  47    0.0000734  -0.00019735
  48    0.0000452  -0.00015685
  49    0.0000640  -0.00019837
  50    0.0000002  -0.00000159
  51    0.0000349  -0.00012492
  52    0.0000376  -0.00012757
  53    0.0000249  -0.00010856
  54    0.0000325  -0.00012068
  55    0.0000002  -0.00000098
  56    0.0000281  -0.00007973
  57    0.0000266  -0.00007889
  58    0.0000228  -0.00007396
  59    0.0000171  -0.00005971
  60    0.0000002  -0.00000075
  61    0.0000258  -0.00006078
  62    0.0000169  -0.00005270
  63    0.0000162  -0.00005111
  64    0.0000164  -0.00005351
  65    0.0000002  -0.00000056
  66    0.0000148  -0.00005068
  67    0.0000118  -0.00004696
  68    0.0000136  -0.00004785
  69    0.0000141  -0.00004228
  70    0.0000002  -0.00000061
  71    0.0000118  -0.00003825
  72    0.0000105  -0.00003716
  73    0.0000106  -0.00003656
  74    0.0000100  -0.00004203
  75    0.0000002  -0.00000053
  76    0.0000099  -0.00003642
  77    0.0000067  -0.00003033
  78    0.0000096  -0.00003337
  79    0.0000100  -0.00003782
  80    0.0000002  -0.00000049
  81    0.0000064  -0.00002655
  82    0.0000060  -0.00002548
  83    0.0000091  -0.00003275
  84    0.0000084  -0.00002764
  85    0.0000002  -0.00000044
  86    0.0000061  -0.00002572
  87    0.0000057  -0.00002457
  88    0.0000056  -0.00002515
  89    0.0000061  -0.00002379
  90    0.0000002  -0.00000044
  91    0.0000058  -0.00002099
  92    0.0000056  -0.00002187
  93    0.0000053  -0.00002043
  94    0.0000057  -0.00002138
  95    0.0000002  -0.00000037
  96    0.0000045  -0.00001319
  97    0.0000050  -0.00000986
  98    0.0000049  -0.00001210
  99    0.0000046  -0.00001145
 100    0.0000002  -0.00000038
 101    0.0000039  -0.00001087
 102    0.0000033  -0.00000873
 103    0.0000041  -0.00001027
 104    0.0000040  -0.00000880
 105    0.0000001  -0.00000039
 106    0.0000037  -0.00000734
 107    0.0000032  -0.00000745
 108    0.0000040  -0.00001117
 109    0.0000036  -0.00000909
 110    0.0000001  -0.00000038
 111    0.0000033  -0.00000682
 112    0.0000031  -0.00000857
 113    0.0000034  -0.00000874
 114    0.0000034  -0.00000758
 115    0.0000001  -0.00000038
 116    0.0000032  -0.00000899
 117    0.0000030  -0.00000844
 118    0.0000029  -0.00000900
 119    0.0000032  -0.00000867
 120    0.0000001  -0.00000033
 121    0.0000030  -0.00000875
 122    0.0000025  -0.00000822
 123    0.0000028  -0.00000739
 124    0.0000030  -0.00000813
 125    0.0000001  -0.00000036
 126    0.0000024  -0.00000598
 127    0.0000023  -0.00000481
 128    0.0000025  -0.00000568
 129    0.0000029  -0.00000754
 130    0.0000001  -0.00000034
 131    0.0000024  -0.00000545
 132    0.0000022  -0.00000438
 133    0.0000021  -0.00000480
 134    0.0000022  -0.00000556
 135    0.0000001  -0.00000030
 136    0.0000021  -0.00000471
 137    0.0000019  -0.00000203
 138    0.0000020  -0.00000303
 139    0.0000020  -0.00000257
 140    0.0000001  -0.00000021
 141    0.0000018  -0.00000254
 142    0.0000019  -0.00000237
 143    0.0000019  -0.00000284
 144    0.0000019  -0.00000316
 145    0.0000001  -0.00000028
 146    0.0000017  -0.00000210
 147    0.0000015  -0.00000184
 148    0.0000018  -0.00000160
 149    0.0000019  -0.00000241
 150    0.0000001  -0.00000034
 151    0.0000016  -0.00000140
 152    0.0000014  -0.00000064
 153    0.0000015  -0.00000126
 154    0.0000019  -0.00000227
 155    0.0000001  -0.00000043
 156    0.0000016  -0.00000053
 157    0.0000014  -0.00000008
 158    0.0000015  -0.00000020
 159    0.0000018  -0.00000124
 160    0.0000001  -0.00000027
 161    0.0000016  -0.00000056
 162    0.0000013  -0.00000064
 163    0.0000014  -0.00000067
 164    0.0000013  -0.00000056
 165    0.0000001  -0.00000029
 166    0.0000014  -0.00000028
 167    0.0000012  0.00000023
 168    0.0000012  0.00000004
 169    0.0000012  -0.00000002
 170    0.0000001  -0.00000024
 171    0.0000013  -0.00000044
 172    0.0000010  -0.00000009
 173    0.0000012  0.00000033
 174    0.0000012  0.00000006
 175    0.0000001  -0.00000047
 
----------------
 Final Energies 
----------------
Final NOF Total Energy =     -56.7173386
 
Total Orbital Internal Iterations = 10
Total Occupation Internal Iterations = 0
 
Elapsed time:   28.59 Seconds

---------------------------------
   Lowdin Population Analysis    
---------------------------------
 Idx  Atom   Population   Charge 
---------------------------------
  1     N     5.924       1.076
  2     H     1.019      -0.019
  3     H     1.019      -0.019
  4     H     1.019      -0.019
  5     H     1.019      -0.019

---------------------------------
   M Diagnostic: 0.02
---------------------------------

