Computing Integrals
Basis Set                                            = def2-qzvp
Auxiliary Basis Set                                  = def2-universal-jkfit
Gaussian Type                                        = Spherical
Elapsed time:    3.35 Seconds

Number of basis functions                   (NBF)    = 150
Number of auxiliary basis functions         (NBFAUX) = 532
Inactive Doubly occupied orbitals up to     (NO1)    = 0
No. considered Strongly Doubly occupied MOs (NDOC)   = 36
No. considered Strongly Singly occupied MOs (NSOC)   = 0
NO. of Weakly occ. per St. Doubly occ.  MOs (NCWO)   = 3
Dimension of the Nat. Orb. subspace         (NBF5)   = 144
No. of electrons                                     = 72
    No. of alpha electrons                           = 36
    No. of beta electrons                            = 36
Multiplicity                                         = 1

Geometry
========
Kr       0.0000000       0.0000000       2.0050000
Kr       0.0000000       0.0000000      -2.0050000

No violations of the orthonormality
No violations of the orthonormality
 
PNOF7/ADABelief Calculation
==================
 
  Nitext  Nit_orb  Time   Nit_occ  Time         Eelec          Etot           Ediff      maxdiff    MaxGrad_orb  Grad_occ
     1      10    1.1e+01    0    1.2e+01 -5675.37139164 -5504.34589067 -15674.37139164   0.000969   3.9e-03   9.1e-05 0.01
 
RESULTS OF THE OCCUPATION OPTIMIZATION
========================================
   1    1.9999900  -450.64892965
   2    1.9999900  -450.61625274
   3    1.9999998  -114.22464690
   4    1.9999998  -111.06076318
   5    1.9999998  -85.91555508
   6    1.9999997  -84.80964370
   7    1.9999997  -68.91094785
   8    1.9999996  -64.49267334
   9    1.9999996  -63.32978528
  10    1.9999996  -63.14446751
  11    1.9995445  -6.38267787
  12    1.9995430  -6.37096330
  13    1.9995091  -6.36619137
  14    1.9995274  -6.35455466
  15    1.9994873  -6.34752296
  16    1.9995078  -6.34537157
  17    1.9994824  -6.33664903
  18    1.9994912  -6.33655401
  19    1.9994875  -6.33100418
  20    1.9994841  -6.32325468
  21    1.9994919  -6.32265995
  22    1.9994738  -6.30976092
  23    1.9994564  -5.92353101
  24    1.9994553  -5.91930416
  25    1.9994120  -5.84700940
  26    1.9994103  -5.84168921
  27    1.9994075  -5.83119205
  28    1.9994145  -5.82634481
  29    1.9863139  -0.71779172
  30    1.9867907  -0.71502589
  31    1.9839074  -0.70523651
  32    1.9831231  -0.70401432
  33    1.9825503  -0.70030182
  34    1.9818689  -0.69506302
  35    1.9834688  -0.69284930
  36    1.9834066  -0.68563633
  37    0.0092663  -0.00682440
  38    0.0088615  -0.00663481
  39    0.0077987  -0.00599198
  40    0.0081667  -0.00628122
  41    0.0071931  -0.00565084
  42    0.0083532  -0.00645750
  43    0.0090843  -0.00677540
  44    0.0089308  -0.00672115
  45    0.0005657  -0.00447485
  46    0.0005791  -0.00457219
  47    0.0005758  -0.00455205
  48    0.0005754  -0.00455845
  49    0.0005275  -0.00429702
  50    0.0005196  -0.00426448
  51    0.0005091  -0.00440531
  52    0.0004966  -0.00430460
  53    0.0004998  -0.00433219
  54    0.0004953  -0.00430975
  55    0.0004970  -0.00433214
  56    0.0005063  -0.00440460
  57    0.0004822  -0.00421425
  58    0.0004992  -0.00436032
  59    0.0004550  -0.00401928
  60    0.0004777  -0.00420747
  61    0.0004436  -0.00394149
  62    0.0004441  -0.00394715
  63    0.0000003  -0.00000647
  64    0.0000003  -0.00000696
  65    0.0000003  -0.00000685
  66    0.0000002  -0.00000709
  67    0.0000002  -0.00000999
  68    0.0000002  -0.00000894
  69    0.0000002  -0.00001429
  70    0.0000002  -0.00001471
  71    0.0000097  -0.00779004
  72    0.0000097  -0.00779080
  73    0.0056389  -0.00436016
  74    0.0053874  -0.00428078
  75    0.0054751  -0.00444499
  76    0.0050653  -0.00417095
  77    0.0060467  -0.00483901
  78    0.0043741  -0.00371416
  79    0.0024420  -0.00238918
  80    0.0031012  -0.00289002
  81    0.0000119  -0.00009489
  82    0.0000083  -0.00008512
  83    0.0000103  -0.00009368
  84    0.0000067  -0.00007086
  85    0.0000105  -0.00009042
  86    0.0000170  -0.00011790
  87    0.0000098  -0.00009439
  88    0.0000073  -0.00007937
  89    0.0000090  -0.00008103
  90    0.0000111  -0.00009808
  91    0.0000086  -0.00008777
  92    0.0000077  -0.00008577
  93    0.0000064  -0.00007990
  94    0.0000091  -0.00009321
  95    0.0000106  -0.00009729
  96    0.0000097  -0.00009830
  97    0.0000082  -0.00008573
  98    0.0000079  -0.00008609
  99    0.0000001  -0.00000255
 100    0.0000000  -0.00000245
 101    0.0000000  -0.00000222
 102    0.0000000  -0.00000231
 103    0.0000000  -0.00000229
 104    0.0000000  -0.00000193
 105    0.0000000  -0.00000175
 106    0.0000000  -0.00000217
 107    0.0000003  -0.00036166
 108    0.0000003  -0.00036080
 109    0.0016882  -0.00177383
 110    0.0022823  -0.00225062
 111    0.0048573  -0.00405453
 112    0.0042177  -0.00362647
 113    0.0036370  -0.00326712
 114    0.0033652  -0.00302871
 115    0.0016830  -0.00179564
 116    0.0016541  -0.00177763
 117    0.0000080  -0.00006894
 118    0.0000051  -0.00003927
 119    0.0000036  -0.00003269
 120    0.0000058  -0.00005331
 121    0.0000067  -0.00005834
 122    0.0000070  -0.00006278
 123    0.0000072  -0.00005868
 124    0.0000042  -0.00004636
 125    0.0000071  -0.00007553
 126    0.0000062  -0.00005788
 127    0.0000032  -0.00002733
 128    0.0000035  -0.00002967
 129    0.0000036  -0.00003046
 130    0.0000043  -0.00003621
 131    0.0000070  -0.00006244
 132    0.0000035  -0.00003078
 133    0.0000052  -0.00004563
 134    0.0000035  -0.00003247
 135    0.0000000  -0.00000231
 136    0.0000000  -0.00000211
 137    0.0000000  -0.00000230
 138    0.0000000  -0.00000201
 139    0.0000000  -0.00000164
 140    0.0000000  -0.00000162
 141    0.0000000  -0.00000176
 142    0.0000000  -0.00000188
 143    0.0000000  -0.00000551
 144    0.0000000  -0.00000483
 
----------------
 Final Energies 
----------------
Final NOF Total Energy =   -5504.3458907
 
Total Orbital Internal Iterations = 10
Total Occupation Internal Iterations = 0
 
Elapsed time:   29.12 Seconds

---------------------------------
   Lowdin Population Analysis    
---------------------------------
 Idx  Atom   Population   Charge 
---------------------------------
  1    Kr    36.000      -0.000
  2    Kr    36.000       0.000

---------------------------------
   M Diagnostic: 0.01
---------------------------------

