Computing Integrals
Basis Set                                            = def2-qzvp
Auxiliary Basis Set                                  = def2-universal-jkfit
Gaussian Type                                        = Spherical
Elapsed time:    2.66 Seconds

Number of basis functions                   (NBF)    = 204
Number of auxiliary basis functions         (NBFAUX) = 206
Inactive Doubly occupied orbitals up to     (NO1)    = 0
No. considered Strongly Doubly occupied MOs (NDOC)   = 9
No. considered Strongly Singly occupied MOs (NSOC)   = 0
NO. of Weakly occ. per St. Doubly occ.  MOs (NCWO)   = 21
Dimension of the Nat. Orb. subspace         (NBF5)   = 198
No. of electrons                                     = 18
    No. of alpha electrons                           = 9
    No. of beta electrons                            = 9
Multiplicity                                         = 1

Geometry
========
 F       0.0000000       0.0000000       0.7503860
 C       0.0000000       0.0000000      -0.6293630
 H       0.0000000       1.0269090      -0.9924300
 H       0.8893290      -0.5134540      -0.9924300
 H      -0.8893290      -0.5134540      -0.9924300

No violations of the orthonormality
No violations of the orthonormality
 
PNOF7/ADABelief Calculation
==================
 
  Nitext  Nit_orb  Time   Nit_occ  Time         Eelec          Etot           Ediff      maxdiff    MaxGrad_orb  Grad_occ
     1      10    1.1e+01    0    1.2e+01  -176.76091284  -139.34945580 -10175.76091284   0.000757   3.0e-03   2.1e-04 0.04
 
RESULTS OF THE OCCUPATION OPTIMIZATION
========================================
   1    1.9998341  -26.28147187
   2    1.9992980  -11.29754486
   3    1.9880256  -0.95382375
   4    1.9878671  -0.94610873
   5    1.9877831  -0.94486860
   6    1.9599624  -0.91001583
   7    1.9694520  -0.71426346
   8    1.9693148  -0.71418868
   9    1.9692300  -0.71393595
  10    0.0213020  -0.01617341
  11    0.0212483  -0.01616209
  12    0.0211525  -0.01612907
  13    0.0372540  -0.03296658
  14    0.0095219  -0.01214232
  15    0.0095535  -0.01214375
  16    0.0095044  -0.01214826
  17    0.0004453  -0.00824614
  18    0.0001625  -0.00709680
  19    0.0042782  -0.00446641
  20    0.0042455  -0.00445358
  21    0.0041498  -0.00441028
  22    0.0020015  -0.00291168
  23    0.0008930  -0.00193752
  24    0.0010296  -0.00222056
  25    0.0010213  -0.00221799
  26    0.0000886  -0.00122086
  27    0.0000017  -0.00016928
  28    0.0023166  -0.00271782
  29    0.0023287  -0.00272640
  30    0.0024099  -0.00276404
  31    0.0003557  -0.00071277
  32    0.0008684  -0.00197387
  33    0.0006691  -0.00160121
  34    0.0006200  -0.00148572
  35    0.0000762  -0.00106413
  36    0.0000002  -0.00000077
  37    0.0019940  -0.00236140
  38    0.0019759  -0.00234927
  39    0.0019769  -0.00235131
  40    0.0002887  -0.00063857
  41    0.0006205  -0.00146272
  42    0.0005526  -0.00132279
  43    0.0004412  -0.00116325
  44    0.0000759  -0.00106161
  45    0.0000002  -0.00000087
  46    0.0002155  -0.00034224
  47    0.0001953  -0.00032981
  48    0.0001575  -0.00029600
  49    0.0000686  -0.00026929
  50    0.0000831  -0.00028875
  51    0.0000772  -0.00027765
  52    0.0000994  -0.00031899
  53    0.0000083  -0.00035438
  54    0.0000001  -0.00000070
  55    0.0001250  -0.00024531
  56    0.0001629  -0.00027302
  57    0.0001319  -0.00024832
  58    0.0000121  -0.00005198
  59    0.0000644  -0.00027234
  60    0.0000624  -0.00024775
  61    0.0000901  -0.00029737
  62    0.0000019  -0.00001555
  63    0.0000001  -0.00000079
  64    0.0001157  -0.00022530
  65    0.0001213  -0.00022931
  66    0.0001235  -0.00023299
  67    0.0000097  -0.00003082
  68    0.0000591  -0.00024464
  69    0.0000531  -0.00021158
  70    0.0000707  -0.00027402
  71    0.0000008  -0.00000812
  72    0.0000001  -0.00000579
  73    0.0000997  -0.00020713
  74    0.0001089  -0.00022054
  75    0.0001199  -0.00022171
  76    0.0000087  -0.00002603
  77    0.0000259  -0.00010614
  78    0.0000471  -0.00021090
  79    0.0000463  -0.00020839
  80    0.0000005  -0.00002942
  81    0.0000001  -0.00000453
  82    0.0000976  -0.00020612
  83    0.0000825  -0.00019216
  84    0.0000924  -0.00019956
  85    0.0000074  -0.00002930
  86    0.0000173  -0.00009944
  87    0.0000160  -0.00008381
  88    0.0000212  -0.00009709
  89    0.0000005  -0.00000465
  90    0.0000001  -0.00000072
  91    0.0000652  -0.00015389
  92    0.0000478  -0.00014266
  93    0.0000455  -0.00014110
  94    0.0000056  -0.00002408
  95    0.0000097  -0.00006951
  96    0.0000152  -0.00008063
  97    0.0000144  -0.00007949
  98    0.0000004  -0.00000236
  99    0.0000001  -0.00000059
 100    0.0000411  -0.00009612
 101    0.0000403  -0.00009748
 102    0.0000407  -0.00009848
 103    0.0000042  -0.00001559
 104    0.0000092  -0.00003136
 105    0.0000113  -0.00003661
 106    0.0000095  -0.00002719
 107    0.0000004  -0.00000196
 108    0.0000001  -0.00000053
 109    0.0000291  -0.00008883
 110    0.0000321  -0.00008511
 111    0.0000348  -0.00008954
 112    0.0000040  -0.00001064
 113    0.0000074  -0.00002626
 114    0.0000071  -0.00003273
 115    0.0000075  -0.00003279
 116    0.0000004  -0.00000147
 117    0.0000001  -0.00000052
 118    0.0000231  -0.00007024
 119    0.0000263  -0.00007200
 120    0.0000311  -0.00007834
 121    0.0000031  -0.00000927
 122    0.0000059  -0.00002607
 123    0.0000066  -0.00002452
 124    0.0000043  -0.00002715
 125    0.0000003  -0.00000106
 126    0.0000001  -0.00000051
 127    0.0000158  -0.00003915
 128    0.0000140  -0.00003863
 129    0.0000191  -0.00003965
 130    0.0000028  -0.00000778
 131    0.0000054  -0.00002659
 132    0.0000057  -0.00002482
 133    0.0000040  -0.00002399
 134    0.0000003  -0.00000116
 135    0.0000001  -0.00000046
 136    0.0000110  -0.00003519
 137    0.0000129  -0.00003805
 138    0.0000142  -0.00003985
 139    0.0000021  -0.00000309
 140    0.0000050  -0.00002119
 141    0.0000053  -0.00002181
 142    0.0000039  -0.00001979
 143    0.0000003  -0.00000135
 144    0.0000001  -0.00000048
 145    0.0000097  -0.00002890
 146    0.0000106  -0.00003150
 147    0.0000109  -0.00003246
 148    0.0000020  -0.00000201
 149    0.0000045  -0.00001766
 150    0.0000045  -0.00001889
 151    0.0000035  -0.00001222
 152    0.0000003  -0.00000134
 153    0.0000001  -0.00000047
 154    0.0000085  -0.00002777
 155    0.0000083  -0.00002324
 156    0.0000103  -0.00002565
 157    0.0000018  -0.00000110
 158    0.0000042  -0.00001321
 159    0.0000040  -0.00001723
 160    0.0000034  -0.00001403
 161    0.0000003  -0.00000102
 162    0.0000001  -0.00000043
 163    0.0000069  -0.00001700
 164    0.0000075  -0.00002145
 165    0.0000100  -0.00002739
 166    0.0000016  -0.00000094
 167    0.0000033  -0.00000873
 168    0.0000038  -0.00001333
 169    0.0000026  -0.00000647
 170    0.0000003  -0.00000111
 171    0.0000001  -0.00000041
 172    0.0000055  -0.00001718
 173    0.0000061  -0.00001849
 174    0.0000065  -0.00001765
 175    0.0000014  -0.00000081
 176    0.0000032  -0.00000547
 177    0.0000031  -0.00000628
 178    0.0000024  -0.00000160
 179    0.0000003  -0.00000094
 180    0.0000001  -0.00000049
 181    0.0000052  -0.00001803
 182    0.0000051  -0.00001437
 183    0.0000064  -0.00001942
 184    0.0000013  -0.00000098
 185    0.0000032  -0.00000440
 186    0.0000031  -0.00000640
 187    0.0000022  -0.00000219
 188    0.0000003  -0.00000099
 189    0.0000001  -0.00000044
 190    0.0000048  -0.00001380
 191    0.0000048  -0.00001420
 192    0.0000044  -0.00001248
 193    0.0000012  -0.00000081
 194    0.0000022  -0.00000372
 195    0.0000026  -0.00000217
 196    0.0000021  -0.00000227
 197    0.0000003  -0.00000096
 198    0.0000001  -0.00000047
 
----------------
 Final Energies 
----------------
Final NOF Total Energy =    -139.3494558
 
Total Orbital Internal Iterations = 10
Total Occupation Internal Iterations = 0
 
Elapsed time:   29.18 Seconds

---------------------------------
   Lowdin Population Analysis    
---------------------------------
 Idx  Atom   Population   Charge 
---------------------------------
  1     F     8.730       0.270
  2     C     6.020      -0.020
  3     H     1.084      -0.084
  4     H     1.084      -0.084
  5     H     1.084      -0.084

---------------------------------
   M Diagnostic: 0.04
---------------------------------

