Computing Integrals
Basis Set                                            = def2-qzvp
Auxiliary Basis Set                                  = def2-universal-jkfit
Gaussian Type                                        = Spherical
Elapsed time:    1.72 Seconds

Number of basis functions                   (NBF)    = 144
Number of auxiliary basis functions         (NBFAUX) = 172
Inactive Doubly occupied orbitals up to     (NO1)    = 0
No. considered Strongly Doubly occupied MOs (NDOC)   = 8
No. considered Strongly Singly occupied MOs (NSOC)   = 1
NO. of Weakly occ. per St. Doubly occ.  MOs (NCWO)   = 16
Dimension of the Nat. Orb. subspace         (NBF5)   = 137
No. of electrons                                     = 17
    No. of alpha electrons                           = 9
    No. of beta electrons                            = 8
Multiplicity                                         = 2

Geometry
========
 O       0.0553290       0.7182930       0.0000000
 O       0.0553290      -0.6119830       0.0000000
 H      -0.8852590      -0.8504750       0.0000000

No violations of the orthonormality
No violations of the orthonormality
 
PNOF7/ADABelief Calculation
==================
 
  Nitext  Nit_orb  Time   Nit_occ  Time         Eelec          Etot           Ediff      maxdiff    MaxGrad_orb  Grad_occ
     1      10    1.0e+01    0    1.2e+01  -182.64355075  -150.50753558 -10181.64355075   0.000499   2.0e-03   1.6e-04 0.09
 
RESULTS OF THE OCCUPATION OPTIMIZATION
========================================
   1    1.9997034  -20.66099191
   2    1.9997075  -20.65009039
   3    1.9661013  -0.95683035
   4    1.9785287  -0.94848103
   5    1.9784870  -0.92783426
   6    1.9823111  -0.90250920
   7    1.9816234  -0.88842980
   8    1.9069817  -0.82923694
   9    1.0000000  -0.33188585
  10    0.0901977  -0.06144621
  11    0.0135573  -0.01204401
  12    0.0131334  -0.01190825
  13    0.0136261  -0.01307955
  14    0.0123448  -0.01211097
  15    0.0288786  -0.02658961
  16    0.0002301  -0.00766393
  17    0.0002299  -0.00770204
  18    0.0024332  -0.00293446
  19    0.0019443  -0.00281708
  20    0.0018424  -0.00276004
  21    0.0031341  -0.00433483
  22    0.0036180  -0.00443032
  23    0.0026008  -0.00385268
  24    0.0000409  -0.00093543
  25    0.0000320  -0.00076119
  26    0.0001836  -0.00041703
  27    0.0014334  -0.00217435
  28    0.0011474  -0.00186372
  29    0.0025674  -0.00382743
  30    0.0020571  -0.00325888
  31    0.0013581  -0.00222105
  32    0.0000123  -0.00032210
  33    0.0000251  -0.00061637
  34    0.0001383  -0.00027949
  35    0.0006693  -0.00119214
  36    0.0006609  -0.00119188
  37    0.0010003  -0.00184358
  38    0.0014403  -0.00242823
  39    0.0007365  -0.00133650
  40    0.0000045  -0.00026361
  41    0.0000035  -0.00023679
  42    0.0000252  -0.00006844
  43    0.0001865  -0.00046205
  44    0.0002582  -0.00051787
  45    0.0003055  -0.00075195
  46    0.0008823  -0.00169717
  47    0.0000772  -0.00023473
  48    0.0000007  -0.00001997
  49    0.0000010  -0.00002115
  50    0.0000070  -0.00003054
  51    0.0001605  -0.00041502
  52    0.0001998  -0.00048584
  53    0.0002954  -0.00072486
  54    0.0003428  -0.00083253
  55    0.0000665  -0.00022074
  56    0.0000006  -0.00001552
  57    0.0000009  -0.00001642
  58    0.0000061  -0.00002439
  59    0.0001420  -0.00036228
  60    0.0001515  -0.00038968
  61    0.0001381  -0.00039302
  62    0.0003356  -0.00072740
  63    0.0000463  -0.00013158
  64    0.0000006  -0.00001299
  65    0.0000007  -0.00001255
  66    0.0000044  -0.00002284
  67    0.0001109  -0.00031998
  68    0.0001125  -0.00031969
  69    0.0001331  -0.00038262
  70    0.0001375  -0.00037631
  71    0.0000337  -0.00009082
  72    0.0000005  -0.00000567
  73    0.0000006  -0.00000522
  74    0.0000038  -0.00002326
  75    0.0000690  -0.00019799
  76    0.0000821  -0.00028562
  77    0.0001086  -0.00030588
  78    0.0001284  -0.00033638
  79    0.0000265  -0.00009115
  80    0.0000004  -0.00000779
  81    0.0000005  -0.00000377
  82    0.0000034  -0.00002076
  83    0.0000466  -0.00012777
  84    0.0000388  -0.00011594
  85    0.0000978  -0.00023764
  86    0.0000651  -0.00022216
  87    0.0000210  -0.00006672
  88    0.0000004  -0.00000254
  89    0.0000005  -0.00000347
  90    0.0000033  -0.00001929
  91    0.0000147  -0.00005902
  92    0.0000152  -0.00006000
  93    0.0000391  -0.00015494
  94    0.0000434  -0.00011644
  95    0.0000183  -0.00006357
  96    0.0000003  -0.00000148
  97    0.0000004  -0.00000304
  98    0.0000030  -0.00001808
  99    0.0000105  -0.00004990
 100    0.0000120  -0.00005092
 101    0.0000185  -0.00009507
 102    0.0000232  -0.00010024
 103    0.0000118  -0.00005105
 104    0.0000003  -0.00000123
 105    0.0000004  -0.00000249
 106    0.0000026  -0.00001420
 107    0.0000091  -0.00004245
 108    0.0000099  -0.00004778
 109    0.0000136  -0.00006769
 110    0.0000159  -0.00007812
 111    0.0000074  -0.00004263
 112    0.0000003  -0.00000115
 113    0.0000003  -0.00000171
 114    0.0000024  -0.00001412
 115    0.0000079  -0.00003681
 116    0.0000094  -0.00003837
 117    0.0000131  -0.00006204
 118    0.0000139  -0.00006927
 119    0.0000061  -0.00003223
 120    0.0000003  -0.00000074
 121    0.0000003  -0.00000137
 122    0.0000022  -0.00001170
 123    0.0000076  -0.00003481
 124    0.0000080  -0.00003646
 125    0.0000116  -0.00005991
 126    0.0000130  -0.00006591
 127    0.0000053  -0.00002821
 128    0.0000002  -0.00000069
 129    0.0000003  -0.00000117
 130    0.0000021  -0.00001080
 131    0.0000069  -0.00003636
 132    0.0000075  -0.00003548
 133    0.0000107  -0.00005338
 134    0.0000100  -0.00005199
 135    0.0000046  -0.00002502
 136    0.0000002  -0.00001565
 137    0.0000002  -0.00001587
 
----------------
 Final Energies 
----------------
Final NOF Total Energy =    -150.5075356
 
Total Orbital Internal Iterations = 10
Total Occupation Internal Iterations = 0
 
Elapsed time:   28.10 Seconds

---------------------------------
   Lowdin Population Analysis    
---------------------------------
 Idx  Atom   Population   Charge 
---------------------------------
  1     O     7.968       0.032
  2     O     7.675       0.325
  3     H     1.357      -0.357

---------------------------------
   M Diagnostic: 0.09
---------------------------------

