Computing Integrals
Basis Set                                            = def2-qzvp
Auxiliary Basis Set                                  = def2-universal-jkfit
Gaussian Type                                        = Spherical
Elapsed time:    1.76 Seconds

Number of basis functions                   (NBF)    = 70
Number of auxiliary basis functions         (NBFAUX) = 128
Inactive Doubly occupied orbitals up to     (NO1)    = 0
No. considered Strongly Doubly occupied MOs (NDOC)   = 7
No. considered Strongly Singly occupied MOs (NSOC)   = 2
NO. of Weakly occ. per St. Doubly occ.  MOs (NCWO)   = 1
Dimension of the Nat. Orb. subspace         (NBF5)   = 16
No. of electrons                                     = 16
    No. of alpha electrons                           = 9
    No. of beta electrons                            = 7
Multiplicity                                         = 3

Geometry
========
 S       0.0000000       0.0000000       0.0000000

No violations of the orthonormality
No violations of the orthonormality
 
PNOF5/ADABelief Calculation
==================
 
  Nitext  Nit_orb  Time   Nit_occ  Time         Eelec          Etot           Ediff      maxdiff    MaxGrad_orb  Grad_occ
     1      10    9.1e+00    0    1.2e+01  -397.54582383  -397.54582383 -10396.54582383   0.000495   2.0e-03   1.1e-04 0.01
 
RESULTS OF THE OCCUPATION OPTIMIZATION
========================================
   1    1.9999711  -90.90748762
   2    1.9996793  -7.49526209
   3    1.9996777  -7.48938562
   4    1.9996708  -7.47399686
   5    1.9996684  -7.46071752
   6    1.9991249  -1.12132567
   7    1.9876492  -0.41854405
   8    1.0000000  -0.24012042
   9    1.0000000  -0.24009763
  10    0.0123508  -0.00648094
  11    0.0008751  -0.00106625
  12    0.0003316  -0.00400067
  13    0.0003292  -0.00397555
  14    0.0003223  -0.00389143
  15    0.0003207  -0.00388280
  16    0.0000289  -0.00559201
 
----------------
 Final Energies 
----------------
Final NOF Total Energy =    -397.5458238
 
Total Orbital Internal Iterations = 10
Total Occupation Internal Iterations = 0
 
Elapsed time:   27.25 Seconds

---------------------------------
   Lowdin Population Analysis    
---------------------------------
 Idx  Atom   Population   Charge 
---------------------------------
  1     S    16.000      -0.000

---------------------------------
   M Diagnostic: 0.01
---------------------------------

