Computing Integrals
Basis Set                                            = def2-qzvp
Auxiliary Basis Set                                  = def2-universal-jkfit
Gaussian Type                                        = Spherical
Elapsed time:    1.87 Seconds

Number of basis functions                   (NBF)    = 144
Number of auxiliary basis functions         (NBFAUX) = 172
Inactive Doubly occupied orbitals up to     (NO1)    = 0
No. considered Strongly Doubly occupied MOs (NDOC)   = 7
No. considered Strongly Singly occupied MOs (NSOC)   = 1
NO. of Weakly occ. per St. Doubly occ.  MOs (NCWO)   = 1
Dimension of the Nat. Orb. subspace         (NBF5)   = 15
No. of electrons                                     = 15
    No. of alpha electrons                           = 8
    No. of beta electrons                            = 7
Multiplicity                                         = 2

Geometry
========
 N       0.4228163      -0.9690481       0.0000000
 N       0.4228163       0.1537634       0.0000000
 H      -0.8456326       0.8152847       0.0000000

No violations of the orthonormality
No violations of the orthonormality
 
PNOF5/ADABelief Calculation
==================
 
  Nitext  Nit_orb  Time   Nit_occ  Time         Eelec          Etot           Ediff      maxdiff    MaxGrad_orb  Grad_occ
     1      10    9.3e+00    0    1.2e+01  -136.91642811  -109.54161748 -10135.91642811   0.000579   2.3e-03   1.2e-04 0.07
 
RESULTS OF THE OCCUPATION OPTIMIZATION
========================================
   1    1.9997430  -15.64430844
   2    1.9997402  -15.63778360
   3    1.9948880  -1.32332844
   4    1.9954417  -0.84404736
   5    1.9932318  -0.78228770
   6    1.9692362  -0.71665073
   7    1.9301892  -0.62323726
   8    1.0000000  -0.19356031
   9    0.0698108  -0.03749294
  10    0.0307638  -0.02125229
  11    0.0067682  -0.00743311
  12    0.0045583  -0.00546250
  13    0.0051120  -0.00860588
  14    0.0002598  -0.00736653
  15    0.0002570  -0.00729454
 
----------------
 Final Energies 
----------------
Final NOF Total Energy =    -109.5416175
 
Total Orbital Internal Iterations = 10
Total Occupation Internal Iterations = 0
 
Elapsed time:   27.30 Seconds

---------------------------------
   Lowdin Population Analysis    
---------------------------------
 Idx  Atom   Population   Charge 
---------------------------------
  1     N     6.932       0.068
  2     N     6.936       0.064
  3     H     1.132      -0.132

---------------------------------
   M Diagnostic: 0.07
---------------------------------

