Computing Integrals
Basis Set                                            = def2-qzvp
Auxiliary Basis Set                                  = def2-universal-jkfit
Gaussian Type                                        = Spherical
Elapsed time:    2.98 Seconds

Number of basis functions                   (NBF)    = 157
Number of auxiliary basis functions         (NBFAUX) = 223
Inactive Doubly occupied orbitals up to     (NO1)    = 0
No. considered Strongly Doubly occupied MOs (NDOC)   = 12
No. considered Strongly Singly occupied MOs (NSOC)   = 2
NO. of Weakly occ. per St. Doubly occ.  MOs (NCWO)   = 1
Dimension of the Nat. Orb. subspace         (NBF5)   = 26
No. of electrons                                     = 26
    No. of alpha electrons                           = 14
    No. of beta electrons                            = 12
Multiplicity                                         = 3

Geometry
========
Cl       0.1631028      -1.2898889       0.0000000
 H      -0.3262056       0.0968941       0.0000000
 O       0.1631028       1.1929948       0.0000000

No violations of the orthonormality
No violations of the orthonormality
 
PNOF5/ADABelief Calculation
==================
 
  Nitext  Nit_orb  Time   Nit_occ  Time         Eelec          Etot           Ediff      maxdiff    MaxGrad_orb  Grad_occ
     1      10    9.6e+00    0    1.2e+01  -573.58453763  -534.95478571 -10572.58453763   0.002525   1.0e-02   9.3e-05 0.01
     2      30    2.1e+00    0    5.7e-02  -573.58453763  -534.95478571     0.00000000   0.002525   1.0e-02   9.3e-05 0.01
     3      50    3.9e+00    0    2.9e-02  -573.58453763  -534.95478571     0.00000000   0.002525   1.0e-02   9.3e-05 0.01
     4      70    6.4e+00    0    3.6e-02  -573.58454403  -534.95479211    -0.00000640   0.001766   7.1e-03   9.2e-05 0.01
     5      80    6.3e+00    0    3.3e-02  -573.58454469  -534.95479277    -0.00000066   0.001666   6.7e-03   9.6e-05 0.01
     6      90    7.2e+00    0    1.5e-02  -573.58454647  -534.95479455    -0.00000178   0.001428   5.7e-03   9.3e-05 0.01
     7     100    7.4e+00    0    2.2e-02  -573.58454733  -534.95479542    -0.00000086   0.001341   5.4e-03   9.5e-05 0.01
     8     110    9.0e+00    0    2.4e-02  -573.58454823  -534.95479631    -0.00000089   0.001174   4.7e-03   9.3e-05 0.01
     9     120    9.5e+00    0    2.7e-03  -573.58454887  -534.95479695    -0.00000064   0.001061   4.2e-03   9.4e-05 0.01
    10     130    1.1e+01    0    4.0e-02  -573.58454937  -534.95479745    -0.00000050   0.000933   3.7e-03   9.4e-05 0.01
 
RESULTS OF THE OCCUPATION OPTIMIZATION
========================================
   1    1.9999539  -96.85628301
   2    1.9998163  -20.72716765
   3    1.9999769  -18.17215935
   4    1.9998222  -8.22599362
   5    1.9998136  -8.04364332
   6    1.9998175  -7.96741512
   7    1.9950953  -1.08780646
   8    1.9943785  -1.01571804
   9    1.9925445  -0.74658458
  10    1.9926631  -0.64538356
  11    1.9927580  -0.64509698
  12    1.9926108  -0.63622526
  13    1.0000000  -0.40021892
  14    1.0000000  -0.37279606
  15    0.0073892  -0.00623479
  16    0.0072420  -0.00622739
  17    0.0073369  -0.00628610
  18    0.0074555  -0.00669436
  19    0.0056215  -0.00833539
  20    0.0049047  -0.00773598
  21    0.0001825  -0.00276573
  22    0.0001864  -0.00281333
  23    0.0001778  -0.00274623
  24    0.0000231  -0.00053564
  25    0.0001837  -0.00694815
  26    0.0000461  -0.00825011
 
----------------
 Final Energies 
----------------
Final NOF Total Energy =    -534.9547975
 
Total Orbital Internal Iterations = 790
Total Occupation Internal Iterations = 0
 
Elapsed time:   91.72 Seconds

---------------------------------
   Lowdin Population Analysis    
---------------------------------
 Idx  Atom   Population   Charge 
---------------------------------
  1    Cl    16.906       0.094
  2     H     1.654      -0.654
  3     O     7.440       0.560

---------------------------------
   M Diagnostic: 0.01
---------------------------------

