Computing Integrals
Basis Set                                            = def2-qzvp
Auxiliary Basis Set                                  = def2-universal-jkfit
Gaussian Type                                        = Spherical
Elapsed time:    1.72 Seconds

Number of basis functions                   (NBF)    = 70
Number of auxiliary basis functions         (NBFAUX) = 128
Inactive Doubly occupied orbitals up to     (NO1)    = 0
No. considered Strongly Doubly occupied MOs (NDOC)   = 7
No. considered Strongly Singly occupied MOs (NSOC)   = 2
NO. of Weakly occ. per St. Doubly occ.  MOs (NCWO)   = 1
Dimension of the Nat. Orb. subspace         (NBF5)   = 16
No. of electrons                                     = 16
    No. of alpha electrons                           = 9
    No. of beta electrons                            = 7
Multiplicity                                         = 3

Geometry
========
 S       0.0000000       0.0000000       0.0000000

No violations of the orthonormality
No violations of the orthonormality
 
PNOF5/ADABelief Calculation
==================
 
  Nitext  Nit_orb  Time   Nit_occ  Time         Eelec          Etot           Ediff      maxdiff    MaxGrad_orb  Grad_occ
     1      10    9.0e+00    0    1.2e+01  -397.54854732  -397.54854732 -10396.54854732   0.000636   2.5e-03   9.5e-05 0.01
 
RESULTS OF THE OCCUPATION OPTIMIZATION
========================================
   1    1.9999713  -90.92149585
   2    1.9996899  -7.56854873
   3    1.9996874  -7.56539437
   4    1.9997170  -7.49064244
   5    1.9997347  -7.48525530
   6    1.9938456  -0.67994705
   7    1.9935648  -0.67372538
   8    1.0000000  -0.24108451
   9    1.0000000  -0.24107911
  10    0.0064352  -0.00548925
  11    0.0061544  -0.00536707
  12    0.0002653  -0.00344457
  13    0.0002830  -0.00355127
  14    0.0003126  -0.00379527
  15    0.0003101  -0.00378438
  16    0.0000287  -0.00558367
 
----------------
 Final Energies 
----------------
Final NOF Total Energy =    -397.5485473
 
Total Orbital Internal Iterations = 10
Total Occupation Internal Iterations = 0
 
Elapsed time:   26.90 Seconds

---------------------------------
   Lowdin Population Analysis    
---------------------------------
 Idx  Atom   Population   Charge 
---------------------------------
  1     S    16.000      -0.000

---------------------------------
   M Diagnostic: 0.01
---------------------------------

