Computing Integrals
Basis Set                                            = def2-qzvp
Auxiliary Basis Set                                  = def2-universal-jkfit
Gaussian Type                                        = Spherical
Elapsed time:    1.78 Seconds

Number of basis functions                   (NBF)    = 127
Number of auxiliary basis functions         (NBFAUX) = 203
Inactive Doubly occupied orbitals up to     (NO1)    = 0
No. considered Strongly Doubly occupied MOs (NDOC)   = 10
No. considered Strongly Singly occupied MOs (NSOC)   = 1
NO. of Weakly occ. per St. Doubly occ.  MOs (NCWO)   = 1
Dimension of the Nat. Orb. subspace         (NBF5)   = 21
No. of electrons                                     = 21
    No. of alpha electrons                           = 11
    No. of beta electrons                            = 10
Multiplicity                                         = 2

Geometry
========
 C       0.0000000       0.0000000       0.7455163
 S       0.0000000       0.0000000      -0.7455163

No violations of the orthonormality
No violations of the orthonormality
 
PNOF5/ADABelief Calculation
==================
 
  Nitext  Nit_orb  Time   Nit_occ  Time         Eelec          Etot           Ediff      maxdiff    MaxGrad_orb  Grad_occ
     1      10    9.5e+00    0    1.2e+01  -469.14611739  -435.07516008 -10468.14611739   0.000493   2.0e-03   1.7e-04 0.08
 
RESULTS OF THE OCCUPATION OPTIMIZATION
========================================
   1    1.9999486  -85.75813731
   2    1.9999694  -15.57110154
   3    1.9995623  -11.61121246
   4    1.9997197  -7.19718087
   5    1.9997198  -7.17572332
   6    1.9997225  -7.05720139
   7    1.9979789  -1.48133812
   8    1.9921984  -1.04641840
   9    1.9188696  -0.76594604
  10    1.9188503  -0.76593658
  11    1.0000000  -0.46204669
  12    0.0811497  -0.04411182
  13    0.0811304  -0.04410387
  14    0.0078016  -0.00748040
  15    0.0020211  -0.00333528
  16    0.0002775  -0.00351516
  17    0.0002802  -0.00355474
  18    0.0002803  -0.00355781
  19    0.0004377  -0.00865037
  20    0.0000306  -0.00052975
  21    0.0000514  -0.00821750
 
----------------
 Final Energies 
----------------
Final NOF Total Energy =    -435.0751601
 
Total Orbital Internal Iterations = 10
Total Occupation Internal Iterations = 0
 
Elapsed time:   27.34 Seconds

---------------------------------
   Lowdin Population Analysis    
---------------------------------
 Idx  Atom   Population   Charge 
---------------------------------
  1     C     5.984       0.016
  2     S    15.016       0.984

---------------------------------
   M Diagnostic: 0.08
---------------------------------

