Computing Integrals
Basis Set                                            = def2-qzvp
Auxiliary Basis Set                                  = def2-universal-jkfit
Gaussian Type                                        = Spherical
Elapsed time:    2.52 Seconds

Number of basis functions                   (NBF)    = 140
Number of auxiliary basis functions         (NBFAUX) = 256
Inactive Doubly occupied orbitals up to     (NO1)    = 0
No. considered Strongly Doubly occupied MOs (NDOC)   = 15
No. considered Strongly Singly occupied MOs (NSOC)   = 0
NO. of Weakly occ. per St. Doubly occ.  MOs (NCWO)   = 1
Dimension of the Nat. Orb. subspace         (NBF5)   = 30
No. of electrons                                     = 30
    No. of alpha electrons                           = 15
    No. of beta electrons                            = 15
Multiplicity                                         = 1

Geometry
========
 P       0.0000000       0.0000000       0.9492826
 P       0.0000000       0.0000000      -0.9492826

No violations of the orthonormality
No violations of the orthonormality
 
PNOF5/ADABelief Calculation
==================
 
  Nitext  Nit_orb  Time   Nit_occ  Time         Eelec          Etot           Ediff      maxdiff    MaxGrad_orb  Grad_occ
     1      10    9.5e+00    0    1.2e+01  -744.33979650  -681.62684581 -10743.33979650   0.000512   2.0e-03   1.7e-04 0.10
 
RESULTS OF THE OCCUPATION OPTIMIZATION
========================================
   1    1.9999673  -79.37943372
   2    1.9999673  -79.37894838
   3    1.9994880  -6.08136292
   4    1.9994875  -6.08000378
   5    1.9994851  -6.07928309
   6    1.9994868  -6.07864185
   7    1.9994881  -6.07761514
   8    1.9994886  -6.07477127
   9    1.9994520  -6.00958213
  10    1.9994498  -6.00648358
  11    1.9978324  -0.94233576
  12    1.9901874  -0.56181178
  13    1.9901925  -0.56163207
  14    1.9014272  -0.37106786
  15    1.9016838  -0.37088873
  16    0.0983162  -0.02897660
  17    0.0985728  -0.02903330
  18    0.0098075  -0.00622128
  19    0.0098126  -0.00622065
  20    0.0021676  -0.00246980
  21    0.0005502  -0.00512558
  22    0.0005480  -0.00511137
  23    0.0005114  -0.00483076
  24    0.0005119  -0.00483031
  25    0.0005132  -0.00483317
  26    0.0005149  -0.00484304
  27    0.0005125  -0.00483178
  28    0.0005120  -0.00483050
  29    0.0000327  -0.00552250
  30    0.0000327  -0.00552259
 
----------------
 Final Energies 
----------------
Final NOF Total Energy =    -681.6268458
 
Total Orbital Internal Iterations = 10
Total Occupation Internal Iterations = 0
 
Elapsed time:   27.53 Seconds

---------------------------------
   Lowdin Population Analysis    
---------------------------------
 Idx  Atom   Population   Charge 
---------------------------------
  1     P    15.000       0.000
  2     P    15.000      -0.000

---------------------------------
   M Diagnostic: 0.10
---------------------------------

