Computing Integrals
Basis Set                                            = def2-qzvp
Auxiliary Basis Set                                  = def2-universal-jkfit
Gaussian Type                                        = Spherical
Elapsed time:    3.19 Seconds

Number of basis functions                   (NBF)    = 231
Number of auxiliary basis functions         (NBFAUX) = 265
Inactive Doubly occupied orbitals up to     (NO1)    = 0
No. considered Strongly Doubly occupied MOs (NDOC)   = 12
No. considered Strongly Singly occupied MOs (NSOC)   = 0
NO. of Weakly occ. per St. Doubly occ.  MOs (NCWO)   = 1
Dimension of the Nat. Orb. subspace         (NBF5)   = 24
No. of electrons                                     = 24
    No. of alpha electrons                           = 12
    No. of beta electrons                            = 12
Multiplicity                                         = 1

Geometry
========
 O       0.2192372       0.9515145       0.0000000
 C      -0.3120387      -0.2854783       0.0000000
 O       0.3145879      -1.3060846       0.0000000
 H       1.1843706       0.8555056       0.0000000
 H      -1.4061570      -0.2154572       0.0000000

No violations of the orthonormality
No violations of the orthonormality
 
PNOF5/ADABelief Calculation
==================
 
  Nitext  Nit_orb  Time   Nit_occ  Time         Eelec          Etot           Ediff      maxdiff    MaxGrad_orb  Grad_occ
     1      10    9.8e+00    0    1.2e+01  -259.24403012  -189.03192462 -10258.24403012   0.000492   2.0e-03   1.8e-04 0.03
 
RESULTS OF THE OCCUPATION OPTIMIZATION
========================================
   1    1.9998125  -20.59383586
   2    1.9998144  -20.54405566
   3    1.9996147  -11.37509599
   4    1.9894898  -1.05615985
   5    1.9874886  -1.02058191
   6    1.9827339  -0.93232774
   7    1.9921671  -0.79707208
   8    1.9922863  -0.79546432
   9    1.9922038  -0.77769211
  10    1.9925400  -0.77659365
  11    1.9845715  -0.76962671
  12    1.9674811  -0.67316299
  13    0.0325189  -0.02299546
  14    0.0154285  -0.01365142
  15    0.0074600  -0.00915475
  16    0.0077962  -0.00943622
  17    0.0077137  -0.00936192
  18    0.0078329  -0.00948062
  19    0.0172661  -0.01818234
  20    0.0125114  -0.01500981
  21    0.0105102  -0.01344642
  22    0.0003853  -0.00779243
  23    0.0001856  -0.00695843
  24    0.0001875  -0.00701392
 
----------------
 Final Energies 
----------------
Final NOF Total Energy =    -189.0319246
 
Total Orbital Internal Iterations = 10
Total Occupation Internal Iterations = 0
 
Elapsed time:   27.90 Seconds

---------------------------------
   Lowdin Population Analysis    
---------------------------------
 Idx  Atom   Population   Charge 
---------------------------------
  1     O     7.392       0.608
  2     C     6.485      -0.485
  3     O     7.748       0.252
  4     H     1.289      -0.289
  5     H     1.085      -0.085

---------------------------------
   M Diagnostic: 0.03
---------------------------------

