Computing Integrals
Basis Set                                            = def2-qzvp
Auxiliary Basis Set                                  = def2-universal-jkfit
Gaussian Type                                        = Spherical
Elapsed time:    4.26 Seconds

Number of basis functions                   (NBF)    = 284
Number of auxiliary basis functions         (NBFAUX) = 426
Inactive Doubly occupied orbitals up to     (NO1)    = 0
No. considered Strongly Doubly occupied MOs (NDOC)   = 24
No. considered Strongly Singly occupied MOs (NSOC)   = 0
NO. of Weakly occ. per St. Doubly occ.  MOs (NCWO)   = 1
Dimension of the Nat. Orb. subspace         (NBF5)   = 48
No. of electrons                                     = 48
    No. of alpha electrons                           = 24
    No. of beta electrons                            = 24
Multiplicity                                         = 1

Geometry
========
 P       0.0000000       0.0000000      -1.7744620
 C       0.0000000       0.0000000      -3.2980170
 H       0.0000000       0.0000000      -4.3695590
Cl       0.0000000       0.0000000       1.3885410
 F       0.0000000       0.0000000       3.0188210

No violations of the orthonormality
No violations of the orthonormality
 
PNOF5/ADABelief Calculation
==================
 
  Nitext  Nit_orb  Time   Nit_occ  Time         Eelec          Etot           Ediff      maxdiff    MaxGrad_orb  Grad_occ
     1      10    1.1e+01    0    1.2e+01 -1101.08155331  -938.32377225 -11100.08155331   0.000986   3.9e-03   2.0e-04 0.08
 
RESULTS OF THE OCCUPATION OPTIMIZATION
========================================
   1    1.9999545  -97.78605784
   2    1.9999673  -79.36364335
   3    1.9998631  -26.30766691
   4    1.9999688  -17.29698881
   5    1.9995561  -11.14600770
   6    1.9998111  -8.34152318
   7    1.9998190  -8.19264433
   8    1.9998209  -8.17546633
   9    1.9994812  -6.06659501
  10    1.9994809  -6.06647993
  11    1.9994861  -6.06386183
  12    1.9994429  -5.95222823
  13    1.9989048  -1.14829610
  14    1.9941804  -1.00956631
  15    1.9941758  -1.00940314
  16    1.9942353  -1.00821001
  17    1.9577966  -0.83520128
  18    1.9852323  -0.75183754
  19    1.9935560  -0.74816636
  20    1.9935482  -0.74724041
  21    1.9935264  -0.74681563
  22    1.9897339  -0.57652120
  23    1.9153893  -0.39996240
  24    1.9157871  -0.39989169
  25    0.0842129  -0.02847410
  26    0.0846107  -0.02855202
  27    0.0102661  -0.00649853
  28    0.0064736  -0.00623199
  29    0.0064518  -0.00622661
  30    0.0064440  -0.00622203
  31    0.0147677  -0.01278166
  32    0.0422034  -0.03397533
  33    0.0057647  -0.00943175
  34    0.0058242  -0.00946321
  35    0.0058196  -0.00945898
  36    0.0010952  -0.00189894
  37    0.0005571  -0.00518088
  38    0.0005139  -0.00484396
  39    0.0005191  -0.00487132
  40    0.0005188  -0.00486663
  41    0.0001791  -0.00279505
  42    0.0001810  -0.00281254
  43    0.0001889  -0.00286441
  44    0.0004439  -0.00862548
  45    0.0000312  -0.00062728
  46    0.0001369  -0.00657404
  47    0.0000327  -0.00552396
  48    0.0000455  -0.00821380
 
----------------
 Final Energies 
----------------
Final NOF Total Energy =    -938.3237722
 
Total Orbital Internal Iterations = 10
Total Occupation Internal Iterations = 0
 
Elapsed time:   28.86 Seconds

---------------------------------
   Lowdin Population Analysis    
---------------------------------
 Idx  Atom   Population   Charge 
---------------------------------
  1     P    14.627       0.373
  2     C     6.177      -0.177
  3     H     1.182      -0.182
  4    Cl    16.898       0.102
  5     F     9.116      -0.116

---------------------------------
   M Diagnostic: 0.08
---------------------------------

