Job runing on na15
Choosing scratch ...
Automatic scratch folder selection
/scratch/pobleyef/350885
/scratch/pobleyef/350885 directory
cp HEAVY28-teh2_hcl.gcf HEAVY28-teh2_hcl.inp to  /scratch/pobleyef/350885/.
HEAVY28-teh2_hcl
 This is the OpenMP version of the code
 This is the OpenMP version of the code
 This is the OpenMP version of the code
 This is the OpenMP version of the code
 This is the OpenMP version of the code
 This is the OpenMP version of the code
 This is the OpenMP version of the code
 This is the OpenMP version of the code
 This is the OpenMP version of the code
 This is the OpenMP version of the code
 This is the OpenMP version of the code
 This is the OpenMP version of the code
 This is the OpenMP version of the code
 This is the OpenMP version of the code
 This is the OpenMP version of the code
 This is the OpenMP version of the code
 This is the OpenMP version of the code
 This is the OpenMP version of the code
 This is the OpenMP version of the code
 This is the OpenMP version of the code
 This is the OpenMP version of the code
 This is the OpenMP version of the code
 This is the OpenMP version of the code
 This is the OpenMP version of the code
 This is the OpenMP version of the code
 This is the OpenMP version of the code
 This is the OpenMP version of the code
 This is the OpenMP version of the code
 This is the OpenMP version of the code
 This is the OpenMP version of the code
 This is the OpenMP version of the code
 This is the OpenMP version of the code
 This is the OpenMP version of the code
 This is the OpenMP version of the code
 This is the OpenMP version of the code
 This is the OpenMP version of the code
 This is the OpenMP version of the code
 This is the OpenMP version of the code
 This is the OpenMP version of the code
 This is the OpenMP version of the code

 The execution started at 10h 40min on the 11/11/2025

    ===========================================================
    !                                                         !
    !                        Do N O F                         !
    !                                                         !
    !  (Donostia Natural Orbital Functional Software Program) !
    !                                                         !
    !               COPYRIGHT by Mario Piris                  !
    !                                                         !
    !      Donostia International Physics Center (DIPC)       !
    !       University of the Basque Country (UPV/EHU)        !
    !       Basque Foundation for Science (IKERBASQUE)        !
    !                                                         !
    !          GNU General Public License version 3           !
    !                                                         !
    !                  VERSION: October 2025                  !
    !                                                         !
    ===========================================================

 Run Title
 ---------
  Molname                                                                        

 Basis Set
 ---------
 /home/pobleyef/DoNOFsw/basis/def2-QZVP.bas                                      

 Atom      Charge                Coordinates (Bohr)
                           x             y             z
 TE         52.0        0.2926       -2.3530        0.0000
 H           1.0       -2.6465       -1.4211        0.0000
 H           1.0       -0.6193       -5.3050        0.0000
 H           1.0        2.6805        4.3997        0.0000
 CL         17.0        0.2926        4.6794        0.0000

 Atomic Basis Set
 ----------------
 The contracted primitive functions were unnormalized
 The contracted basis functions are now normalized to unity

  Shell Type  Primitive         Exponent  Contraction Coefficient

 TE        

      1   S       1         15746.3000000    0.000143505502
      1   S       2          2369.2500000    0.001057688697
      1   S       3           535.8600000    0.004416780439
      1   S       4           141.8850000    0.009662703776
      1   S       5            27.8197000   -0.155270295244
      1   S       6            17.3879000    0.974030304699
      1   S       7            10.8656000   -1.056596460807
      1   S       8             6.5688500   -1.379712385251
      1   S       9             2.4013900    1.827441577778

      2   S      10            29.3832530    0.065123322284
      2   S      11            15.9464080   -0.295127541592
      2   S      12             3.6679903    1.157583693522

      3   S      13             1.2865442    1.000000000000

      4   S      14             0.6353359    1.000000000000

      5   S      15             0.2980779    1.000000000000

      6   S      16             0.1406125    1.000000000000

      7   S      17             0.0656607    1.000000000000

      8   P      18           750.2220000    0.000059811429
      8   P      19           163.9610000    0.000471590110
      8   P      20            16.9227000    0.095913376815
      8   P      21            10.5755000   -0.308502747699
      8   P      22             5.7046200   -0.026376840001
      8   P      23             2.9802200    0.569989111661
      8   P      24             1.5197000    0.591813381771

      9   P      25            13.9254573   -0.023770496808
      9   P      26             4.2323767    0.249927523263
      9   P      27             1.4547631    0.815474645660

     10   P      28             0.7552878    1.000000000000

     11   P      29             0.3182945    1.000000000000

     12   P      30             0.1372183    1.000000000000

     13   P      31             0.0570992    1.000000000000

     14   D      32           146.3072712    0.000461306274
     14   D      33            42.2438594    0.003533209679
     14   D      34             9.9155378   -0.117465721016
     14   D      35             8.9949644    0.139705429021
     14   D      36             4.1376628    0.227137070875
     14   D      37             2.3659339    0.343049326787
     14   D      38             1.3736142    0.323069207587
     14   D      39             0.7984638    0.204724481522

     15   D      40             0.4568518    1.000000000000

     16   D      41             0.2502275    1.000000000000

     17   D      42             0.1156000    1.000000000000

     18   F      43             5.8043400    1.000000000000

     19   F      44             1.9347800    1.000000000000

     20   F      45             0.5184000    1.000000000000

     21   F      46             0.2135000    1.000000000000

     22   G      47             0.4294000    1.000000000000

 H         

     23   S      48           190.6916900    0.005342636962
     23   S      49            28.6055320    0.041252338243
     23   S      50             6.5095943    0.210993525698
     23   S      51             1.8412455    0.812128545862

     24   S      52             0.5985373    1.000000000000

     25   S      53             0.2139762    1.000000000000

     26   S      54             0.0803163    1.000000000000

     27   P      55             2.2920000    1.000000000000

     28   P      56             0.8380000    1.000000000000

     29   P      57             0.2920000    1.000000000000

     30   D      58             2.0620000    1.000000000000

     31   D      59             0.6620000    1.000000000000

     32   F      60             1.3970000    1.000000000000

 H         

     33   S      61           190.6916900    0.005342636962
     33   S      62            28.6055320    0.041252338243
     33   S      63             6.5095943    0.210993525698
     33   S      64             1.8412455    0.812128545862

     34   S      65             0.5985373    1.000000000000

     35   S      66             0.2139762    1.000000000000

     36   S      67             0.0803163    1.000000000000

     37   P      68             2.2920000    1.000000000000

     38   P      69             0.8380000    1.000000000000

     39   P      70             0.2920000    1.000000000000

     40   D      71             2.0620000    1.000000000000

     41   D      72             0.6620000    1.000000000000

     42   F      73             1.3970000    1.000000000000

 H         

     43   S      74           190.6916900    0.005342636962
     43   S      75            28.6055320    0.041252338243
     43   S      76             6.5095943    0.210993525698
     43   S      77             1.8412455    0.812128545862

     44   S      78             0.5985373    1.000000000000

     45   S      79             0.2139762    1.000000000000

     46   S      80             0.0803163    1.000000000000

     47   P      81             2.2920000    1.000000000000

     48   P      82             0.8380000    1.000000000000

     49   P      83             0.2920000    1.000000000000

     50   D      84             2.0620000    1.000000000000

     51   D      85             0.6620000    1.000000000000

     52   F      86             1.3970000    1.000000000000

 CL        

     53   S      87       1467459.0095000    0.000014169136
     53   S      88        219756.1643300    0.000110153736
     53   S      89         50010.7703010    0.000579085777
     53   S      90         14164.8239180    0.002439540929
     53   S      91          4620.7465525    0.008816310501
     53   S      92          1667.8991635    0.028087317597
     53   S      93           650.2919926    0.078954046111
     53   S      94           269.3803738    0.189251605011
     53   S      95           117.0675211    0.357824412790
     53   S      96            52.8117668    0.448692471574

     54   S      97           461.4276999    0.022704789950
     54   S      98           142.1266535    0.207769475034
     54   S      99            54.4378388    0.805043697576

     55   S     100            24.1607702    1.000000000000

     56   S     101             9.7083540    1.000000000000

     57   S     102             4.5640697    1.000000000000

     58   S     103             2.1194745    1.000000000000

     59   S     104             0.7572237    1.000000000000

     60   S     105             0.3374722    1.000000000000

     61   S     106             0.1386078    1.000000000000

     62   P     107          2501.9457890    0.000252084118
     62   P     108           592.8805928    0.002191975914
     62   P     109           192.1808919    0.011888157055
     62   P     110            72.8757105    0.046747712596
     62   P     111            30.4363584    0.137232458887
     62   P     112            13.4901789    0.285889489259
     62   P     113             6.1478071    0.398749388220
     62   P     114             2.8450945    0.300221633944

     63   P     115           105.3939794   -0.053935023265
     63   P     116             6.7369739    1.006978873524

     64   P     117             1.2421096    1.000000000000

     65   P     118             0.5566971    1.000000000000

     66   P     119             0.2338780    1.000000000000

     67   P     120             0.0931645    1.000000000000

     68   D     121             5.1910000    1.000000000000

     69   D     122             1.2760000    1.000000000000

     70   D     123             0.5830000    1.000000000000

     71   D     124             0.2430000    1.000000000000

     72   F     125             1.0890000    1.000000000000

     73   F     126             0.4230000    1.000000000000

     74   G     127             0.8270000    1.000000000000

 Total Number of Basis Set Shells             =   74
 Total Number of Primitives                   =  127
 Number of Spherical Gaussian Basis Functions =  242
 Total Number of Auxiliary Basis Set Shells   =  102
 Number of Sph. Gaussian Auxiliary Set Func.  =  400
 Number of Electrons                          =   72
 Charge of Molecule                           =    0
 Spin Multiplicity                            =    1
 Number of Occupied Orbitals (Alpha)          =   36
 Number of Occupied Orbitals (Beta )          =   36
 Total Number of Atoms                        =    5

 Nuclear Energy =      178.3881098752

 Note: This calculation is using an effective core potential
 so NE and ENUC will be adjusted later after removal of the Core

 Input Run Options
 -----------------
 IRUNTYP = 1  MULT = 1  ICHARG =  0 IECP = 1  IEMOM = 1  UNITS = ANGS    

 ECP Potentials
 --------------
 Parameters for "TE-ECP  " on Atom  1 with ZCORE 28 and LMAX 3 are

 for L= 3      COEFF    N           ZETA
    1      -15.74545    2       15.20617
    1      -20.74245    2       15.20170
 for L= 0      COEFF    N           ZETA
    1      281.04584    2       16.81447
    1       61.62066    2        8.79353
    1       15.74545    2       15.20617
    1       20.74245    2       15.20170
 for L= 1      COEFF    N           ZETA
    1       67.44946    2       14.87780
    1      134.90430    2       14.26973
    1       14.68955    2        8.72443
    1       29.41506    2        8.29152
    1       15.74545    2       15.20617
    1       20.74245    2       15.20170
 for L= 2      COEFF    N           ZETA
    1       35.43206    2       15.20501
    1       53.13569    2       15.22585
    1        9.06980    2        6.07177
    1       13.12230    2        5.80476
    1       15.74545    2       15.20617
    1       20.74245    2       15.20170

 The ECP removes  28 core electrons and  28 protons

 Number of electrons kept in the run =   44
 Number of occupied orbitals (Alpha) =   22
 Number of occupied orbitals (Beta)  =   22

 Adjusted Nuclear Energy =       88.6488885662


 Integral Options
 ----------------
 ERITYP = RI     AUX = JKFIT

 Input NOF Options
 -----------------

 Natural Orbital Functional Selected:    (IPNOF)         5

 Type of calculation = ICOEF2 + ICOEF1:  (ICOEF)        21
 Use Softmax function for Occ. Opt.:     (ISOFTMAX)      1
 Type of Orb. Opt. = Orbital Rotations:  (IORBOPT)       2
 Maximum Number of Coef Outer Iter.:     (MAXIT21)       3
 Maximum Number of Occ-Coef Outer Iter.: (MAXIT)      1000

 Restart calculation Option:             (RESTART)       F
 Restart Gamma Matrix from GCF file:     (INPUTGAMMA)    0
 Coefficient Matrix from GCF file:       (INPUTC)        0
 Diagonal Elements FMIUG from GCF file:  (INPUTFMIUG)    0
 Cartesian Coordinates from GCF file:    (INPUTCXYZ)     0

 Threshold Lambda Convergence=10**(-N):  (NTHRESHL)      3
 Threshold Energy Convergence=10**(-N):  (NTHRESHE)      5
 Max. Number of Inner Coef. Iterations:  (MAXLOOP)      10
 Orthogonalize the initial Orbitals:     (ORTHO)         T

 Output Option:                          (NPRINT)        0
 Output the Coefficient Matrix:          (IWRITEC)       0
 Do a Mulliken Population Analysis:      (IMULPOP)       0
 Write Information into a WFN file:      (IAIMPAC)       1
 Write Information into a FCHK file:     (IFCHK)         1
 Write Information into a MLP file:      (MOLDEN)        1
 Create Ini. Cond. (ini.xyz) file:       (INICOND)       1
 Calculate IPs using Ext. Koopmans Theo: (IEKT)          0
 Write APSG expansion coefficient file:  (APSG)          F
 Output option for Lagrange Multipliers: (PRINTLAG)      F
 Diagonalize matrix of Lag. Multipliers: (DIAGLAG)       F

------------------------------------------------------------------------

 Orbital Space
 -------------

 You are doing a perfect pairing calculation: NCWO=1

 Inactive Doubly occupied orbitals up to NO1  =    0
 No. considered Strongly Doubly occupied MOs  =   22
 No. considered Strongly Singly occupied MOs  =    0
 No. of Weakly occ. per St. Doubly occ.  MOs  =    1
 Dimension of the Active Nat. Orb. subspace   =   44
 Secondary Empty orbitals                     =  198

 1e- integrals
 -------------
 Time to do integrals =      0.23
 Guess for MOs = HCORE
         6 MOs were matched and      2090 equalized to zero

 Orthonormality violations:       1, Maximum Violation:  0.000001
 Orthogonalize the orbitals

 No violations of the orthonormality

 2e- integrals
 -------------
 DONTW option skips storage 2e- integrals on Unit 1
 Time to do integrals =      0.54

 Input for Coefficients is HCORE

   INITIAL VALUES
  =================

   OM     Occupation      Elag Diag

    1      1.9980000   -100.3638994
    2      1.9980000     -8.8179268
    3      1.9980000     -5.9704168
    4      1.9980000     -6.0068328
    5      1.9980000     -6.1598928
    6      1.9980000      7.3234193
    7      1.9980000      8.6903492
    8      1.9980000      8.7011484
    9      1.9980000      8.6780692
   10      1.9980000     10.7231229
   11      1.9980000     10.5725367
   12      1.9980000     10.5596330
   13      1.9980000     10.5189454
   14      1.9980000     10.5207572
   15      1.9980000     16.1582226
   16      1.9980000     16.1568028
   17      1.9980000     16.1694224
   18      1.9980000     16.1751339
   19      1.9980000     16.1794928
   20      1.9980000     16.1978066
   21      1.9980000     16.1974495
   22      1.9980000      0.1721225
   23      0.0020000     -0.0018339
   24      0.0020000      0.0044966
   25      0.0020000      0.0045884
   26      0.0020000      0.0047403
   27      0.0020000      0.0047526
   28      0.0020000      0.0017920
   29      0.0020000      0.0015174
   30      0.0020000      0.0017249
   31      0.0020000      0.0082666
   32      0.0020000      0.0070584
   33      0.0020000      0.0071991
   34      0.0020000      0.0071757
   35      0.0020000      0.0056705
   36      0.0020000      0.0063761
   37      0.0020000      0.0064496
   38      0.0020000      0.0063392
   39      0.0020000      0.0066109
   40      0.0020000      0.0130686
   41      0.0020000      0.0122427
   42      0.0020000      0.0140700
   43      0.0020000      0.0138529
   44      0.0020000      0.0128599

   RO Sum (  44) =   44.00

  ---------------
   Dipole Moment
  ---------------

    102.4452 Debye [  40.3052  (  -1.5997,  40.2734,   0.0000) ]


  RESULTS OF OCCUPATION-COEFFICIENT OPTIMIZATION
 ================================================

  Ex It  Occ Time  Orb Time  Orb It   Electronic Energy     Total Energy   Energy Convergency    Max Mul-Lag Diff

    1    1.8E-01   2.4E+00      10    -764.2138748541     -675.5649862879  -120.8520260285           1.439896
    2    1.2E-01   4.1E+00      20    -808.0900175884     -719.4411290222   -43.8761427343           0.389015
    3    1.2E-01   6.3E+00      30    -816.2291483155     -727.5802597493    -8.1391307271           0.141033
    4    1.2E-01   7.9E+00      40    -816.7575204888     -728.1086319227    -0.5283721734           0.023304
    5    1.3E-01   8.0E+00      40    -817.0406748995     -728.3917863333    -0.2831544107           0.320320
    6    1.2E-01   8.0E+00      40    -817.0569408392     -728.4080522730    -0.0162659397           0.013443
    7    1.2E-01   8.1E+00      40    -817.0600155663     -728.4111270002    -0.0030747272           0.017675
    8    1.2E-01   8.1E+00      40    -817.0596494949     -728.4107609287     0.0003660715           0.030409
    9    8.6E-02   1.2E+01      60    -817.0616140676     -728.4127255014    -0.0019645727           0.001799
   10    1.2E-01   1.2E+01      60    -817.0617462769     -728.4128577107    -0.0001322093           0.002922
   11    1.2E-01   1.2E+01      60    -817.0618256258     -728.4129370597    -0.0000793490           0.003182
   12    1.2E-01   1.2E+01      60    -817.0618896234     -728.4130010572    -0.0000639975           0.002811
   13    1.2E-01   1.2E+01      60    -817.0619396678     -728.4130511016    -0.0000500445           0.002444
   14    1.2E-01   1.4E+01      70    -817.0619887828     -728.4131002166    -0.0000491150           0.001503
   15    1.2E-01   1.5E+01      80    -817.0620270233     -728.4131384571    -0.0000382405           0.000975
   16    1.2E-01   1.1E-01      80    -817.0620276337     -728.4131390676    -0.0000006105           0.000975


  RESULTS OF THE OCCUPATION OPTIMIZATION
 ========================================

   OM     Occupation      Elag Diag

    1      1.9999787    -18.6115447
    2      1.9999536    -96.5542414
    3      1.9998230     -8.2466967
    4      1.9998191     -8.0170335
    5      1.9998139     -8.0662454
    6      1.9993348     -4.0587322
    7      1.9992942     -3.9697063
    8      1.9992896     -3.9510913
    9      1.9992760     -3.9312426
   10      1.9992043     -3.5182206
   11      1.9992018     -3.6031809
   12      1.9991702     -3.5304515
   13      1.9987157     -2.7112626
   14      1.9986164     -2.5831800
   15      1.9961211     -0.6441148
   16      1.9959533     -0.6368938
   17      1.9928727     -0.6899897
   18      1.9927389     -0.6887043
   19      1.9926499     -0.6831090
   20      1.9842850     -0.7799481
   21      1.9717317     -0.5370823
   22      1.9716539     -0.5417805
   23      0.0283461     -0.0158078
   24      0.0282683     -0.0156746
   25      0.0157150     -0.0131695
   26      0.0073501     -0.0064986
   27      0.0072611     -0.0064676
   28      0.0071273     -0.0063809
   29      0.0040467     -0.0033410
   30      0.0038789     -0.0032419
   31      0.0013836     -0.0048854
   32      0.0012843     -0.0047252
   33      0.0008298     -0.0038729
   34      0.0007982     -0.0037994
   35      0.0007957     -0.0037091
   36      0.0007240     -0.0037133
   37      0.0007104     -0.0036704
   38      0.0007058     -0.0036472
   39      0.0006652     -0.0035195
   40      0.0001861     -0.0028276
   41      0.0001809     -0.0027759
   42      0.0001770     -0.0027331
   43      0.0000464     -0.0082832
   44      0.0000213     -0.0005017

   RO Sum (  44) =   44.00

  ---------------
   Dipole Moment
  ---------------

      0.7593 Debye [   0.2987  (   0.2985,  -0.0106,  -0.0014) ]

 ----------------
  Final Energies  
 ----------------

  Final NOF Total Energy =     -728.4131390676 ( 1.E-03 , 0.E+00 )


  **************************************************
  *                                                *
  *       SINGLE-POINT DoNOF CALCULATION           *
  *                                                *
  *             FULL OPTIMIZATION                  *
  *                                                *
  *  FINAL RESULTS   FINAL RESULTS  FINAL RESULTS  *
  *                                                *
  **************************************************

  **************************************************
  *         No. EXTERNAL ITER =    16              *
  *         No. of TOTAL ITER =   790              *
  **************************************************

  Elapsed real time :    144.11  (Seconds)

 The execution finished at 10h 42min on the 11/11/2025
Recovering execution output...
Moving from /scratch/pobleyef/350885 to /home-nas/pobleyef/Slim-NOF/ncwo1/Slim05/PNOF5/arina.350885
mkdir -p /home-nas/pobleyef/Slim-NOF/ncwo1/Slim05/PNOF5/arina.350885
mv /scratch/pobleyef/350885/* /home-nas/pobleyef/Slim-NOF/ncwo1/Slim05/PNOF5/arina.350885
