Computing Integrals
Basis Set                                            = def2-qzvp
Auxiliary Basis Set                                  = def2-universal-jkfit
Gaussian Type                                        = Spherical
Elapsed time:    2.91 Seconds

Number of basis functions                   (NBF)    = 162
Number of auxiliary basis functions         (NBFAUX) = 361
Inactive Doubly occupied orbitals up to     (NO1)    = 0
No. considered Strongly Doubly occupied MOs (NDOC)   = 23
No. considered Strongly Singly occupied MOs (NSOC)   = 0
NO. of Weakly occ. per St. Doubly occ.  MOs (NCWO)   = 1
Dimension of the Nat. Orb. subspace         (NBF5)   = 46
No. of electrons                                     = 46
    No. of alpha electrons                           = 23
    No. of beta electrons                            = 23
Multiplicity                                         = 1

Geometry
========
 H       0.0000000       0.0000000      -0.5943542
 F       0.0000000       0.0000000      -1.5100954
Kr       0.0000000       0.0000000       2.1044496

No violations of the orthonormality
No violations of the orthonormality
 
PNOF5/ADABelief Calculation
==================
 
  Nitext  Nit_orb  Time   Nit_occ  Time         Eelec          Etot           Ediff      maxdiff    MaxGrad_orb  Grad_occ
     1      10    9.9e+00    0    1.2e+01 -2911.97321617 -2852.27940509 -12910.97321617   0.000499   2.0e-03   1.8e-04 0.02
 
RESULTS OF THE OCCUPATION OPTIMIZATION
========================================
   1    1.9999914  -457.81870947
   2    1.9999992  -83.23442233
   3    1.9999992  -82.99352931
   4    1.9999990  -81.93170520
   5    1.9999984  -72.59682138
   6    1.9998618  -26.25726563
   7    1.9995459  -6.40357649
   8    1.9996011  -6.39866072
   9    1.9995382  -6.36444763
  10    1.9994960  -6.33395454
  11    1.9995023  -6.32296824
  12    1.9995045  -6.30483064
  13    1.9994469  -5.93114101
  14    1.9994865  -5.90958463
  15    1.9994795  -5.88309141
  16    1.9822955  -0.99716110
  17    1.9934442  -0.92467514
  18    1.9934296  -0.92439030
  19    1.9934169  -0.92415866
  20    1.9952288  -0.74853326
  21    1.9952607  -0.74595348
  22    1.9957511  -0.73246132
  23    1.9952914  -0.71553905
  24    0.0047086  -0.00447108
  25    0.0042489  -0.00420286
  26    0.0047393  -0.00470259
  27    0.0047712  -0.00472039
  28    0.0065831  -0.00996590
  29    0.0065704  -0.00996025
  30    0.0065558  -0.00995185
  31    0.0177045  -0.02027966
  32    0.0005205  -0.00436033
  33    0.0005135  -0.00432490
  34    0.0005531  -0.00463758
  35    0.0004955  -0.00444825
  36    0.0004977  -0.00450505
  37    0.0005040  -0.00453588
  38    0.0004618  -0.00427208
  39    0.0003989  -0.00381698
  40    0.0004541  -0.00423476
  41    0.0001382  -0.00661371
  42    0.0000016  -0.00006736
  43    0.0000010  -0.00006504
  44    0.0000008  -0.00005841
  45    0.0000008  -0.00006054
  46    0.0000086  -0.00760809
 
----------------
 Final Energies 
----------------
Final NOF Total Energy =   -2852.2794051
 
Total Orbital Internal Iterations = 10
Total Occupation Internal Iterations = 0
 
Elapsed time:   28.01 Seconds

---------------------------------
   Lowdin Population Analysis    
---------------------------------
 Idx  Atom   Population   Charge 
---------------------------------
  1     H     1.527      -0.527
  2     F     8.514       0.486
  3    Kr    35.959       0.041

---------------------------------
   M Diagnostic: 0.02
---------------------------------

