Computing Integrals
Basis Set                                            = def2-qzvp
Auxiliary Basis Set                                  = def2-universal-jkfit
Gaussian Type                                        = Spherical
Elapsed time:    1.72 Seconds

Number of basis functions                   (NBF)    = 117
Number of auxiliary basis functions         (NBFAUX) = 113
Inactive Doubly occupied orbitals up to     (NO1)    = 0
No. considered Strongly Doubly occupied MOs (NDOC)   = 4
No. considered Strongly Singly occupied MOs (NSOC)   = 1
NO. of Weakly occ. per St. Doubly occ.  MOs (NCWO)   = 1
Dimension of the Nat. Orb. subspace         (NBF5)   = 9
No. of electrons                                     = 9
    No. of alpha electrons                           = 5
    No. of beta electrons                            = 4
Multiplicity                                         = 2

Geometry
========
 N       0.0000000       0.0000000       0.4242463
 H      -0.8023121       0.0000000      -0.2121232
 H       0.8023121       0.0000000      -0.2121232

No violations of the orthonormality
No violations of the orthonormality
 
PNOF8/ADAM Calculation
==================
 
  Nitext  Nit_orb  Time   Nit_occ  Time         Eelec          Etot           Ediff      maxdiff    MaxGrad_orb  Grad_occ
     1      10    9.1e+00    8    1.2e+01   -58.01937598   -50.45509134 -10057.01937598   0.933017   3.7e+00   2.0e-04 0.01
     2      10    7.3e-02    5    8.4e-03   -60.62780216   -53.06351752    -2.60842618   0.620083   2.5e+00   1.2e-04 0.02
     3      10    2.0e-01    7    2.4e-03   -61.90539076   -54.34110611    -1.27758860   0.377027   1.5e+00   5.3e-05 0.04
     4      10    2.2e-01    5    9.2e-04   -62.60450321   -55.04021857    -0.69911245   0.238518   9.5e-01   4.2e-05 0.05
     5      10    1.5e-01    4    1.5e-03   -62.98679868   -55.42251403    -0.38229546   0.204763   8.2e-01   9.2e-05 0.04
     6      10    2.2e-01    2    2.5e-03   -63.16244219   -55.59815754    -0.17564351   0.112082   4.5e-01   2.6e-05 0.04
     7      10    2.9e-01    3    7.9e-03   -63.21280196   -55.64851732    -0.05035978   0.090834   3.6e-01   2.3e-05 0.03
     8      10    2.0e-01    3    5.7e-02   -63.22783945   -55.66355480    -0.01503749   0.083141   3.3e-01   1.9e-05 0.03
     9      10    1.4e-01    2    7.1e-04   -63.23607520   -55.67179056    -0.00823575   0.106134   4.2e-01   1.7e-04 0.03
    10      10    3.4e-01    2    6.2e-04   -63.24267809   -55.67839344    -0.00660289   0.113206   4.5e-01   1.6e-04 0.03
    11      10    1.8e-01    3    2.7e-03   -63.24932003   -55.68503539    -0.00664194   0.114704   4.6e-01   4.1e-05 0.03
    12      10    3.2e-01    1    3.5e-03   -63.25621642   -55.69193177    -0.00689639   0.116288   4.7e-01   2.1e-04 0.03
    13      10    2.3e-01    2    2.6e-02   -63.26327284   -55.69898820    -0.00705642   0.109294   4.4e-01   1.9e-04 0.03
    14      10    7.3e-01    2    6.7e-04   -63.26978463   -55.70549998    -0.00651179   0.116952   4.7e-01   2.0e-04 0.03
    15      10    1.5e-01    3    1.7e-03   -63.27553709   -55.71125245    -0.00575247   0.106030   4.2e-01   2.0e-05 0.03
    16      10    1.8e-01    2    2.0e-02   -63.28033230   -55.71604766    -0.00479520   0.079551   3.2e-01   1.5e-04 0.03
    17      10    4.4e-01    2    1.6e-03   -63.28449023   -55.72020559    -0.00415793   0.091737   3.7e-01   2.1e-04 0.03
    18      10    2.4e-01    3    3.9e-02   -63.28793904   -55.72365439    -0.00344881   0.099206   4.0e-01   3.3e-06 0.03
    19      10    1.9e-01    2    7.3e-04   -63.29029971   -55.72601507    -0.00236067   0.097958   3.9e-01   1.6e-04 0.03
    20      10    4.2e-01    2    4.8e-03   -63.29188629   -55.72760165    -0.00158658   0.100783   4.0e-01   1.2e-04 0.04
    21      10    1.5e-01    1    2.8e-03   -63.29282540   -55.72854076    -0.00093911   0.103298   4.1e-01   1.5e-04 0.04
    22      10    3.2e-01    0    1.8e-02   -63.29343812   -55.72915348    -0.00061272   0.095055   3.8e-01   1.9e-04 0.04
    23      20    4.7e-01    1    2.1e-02   -63.29618016   -55.73189551    -0.00274203   0.003616   1.4e-02   1.5e-04 0.04
    24      20    5.3e-01    0    2.2e-02   -63.29641483   -55.73213019    -0.00023468   0.002849   1.1e-02   1.4e-04 0.04
    25      30    9.7e-01    0    3.7e-02   -63.29649186   -55.73220722    -0.00007703   0.002930   1.2e-02   1.5e-04 0.04
    26      40    1.1e+00    0    4.4e-02   -63.29649186   -55.73220722     0.00000000   0.002930   1.2e-02   1.5e-04 0.04
    27      40    7.9e-01    1    3.1e-02   -63.29655066   -55.73226601    -0.00005880   0.000495   2.0e-03   1.6e-04 0.04
 
RESULTS OF THE OCCUPATION OPTIMIZATION
========================================
   1    1.9997306  -15.59018491
   2    1.9863407  -1.01907640
   3    1.9648595  -0.63007886
   4    1.9648849  -0.62986709
   5    1.0000000  -0.26366215
   6    0.0351151  -0.03294934
   7    0.0351405  -0.03296283
   8    0.0136593  -0.01923381
   9    0.0002694  -0.00693959
 
----------------
 Final Energies 
----------------
Final NOF Total Energy =     -55.7322660
 
Total Orbital Internal Iterations = 370
Total Occupation Internal Iterations = 66
 
Elapsed time:   38.35 Seconds

---------------------------------
   Lowdin Population Analysis    
---------------------------------
 Idx  Atom   Population   Charge 
---------------------------------
  1     N     6.500       0.500
  2     H     1.250      -0.250
  3     H     1.250      -0.250

---------------------------------
   M Diagnostic: 0.04
---------------------------------

