Computing Integrals
Basis Set                                            = def2-qzvp
Auxiliary Basis Set                                  = def2-universal-jkfit
Gaussian Type                                        = Spherical
Elapsed time:    3.34 Seconds

Number of basis functions                   (NBF)    = 291
Number of auxiliary basis functions         (NBFAUX) = 301
Inactive Doubly occupied orbitals up to     (NO1)    = 0
No. considered Strongly Doubly occupied MOs (NDOC)   = 12
No. considered Strongly Singly occupied MOs (NSOC)   = 0
NO. of Weakly occ. per St. Doubly occ.  MOs (NCWO)   = 1
Dimension of the Nat. Orb. subspace         (NBF5)   = 24
No. of electrons                                     = 24
    No. of alpha electrons                           = 12
    No. of beta electrons                            = 12
Multiplicity                                         = 1

Geometry
========
 C       0.9811499       0.3246321       0.0000000
 H       1.0547986       1.4002254       0.0000000
 H       1.8357155      -0.3305905       0.0000000
 N      -0.2182044      -0.2186818       0.0000000
 H      -0.2010878      -1.2422573       0.0000000
 N      -1.3704069       0.3979153       0.0000000
 H      -2.0819648      -0.3312432       0.0000000

No violations of the orthonormality
No violations of the orthonormality
 
PNOF8/ADAM Calculation
==================
 
  Nitext  Nit_orb  Time   Nit_occ  Time         Eelec          Etot           Ediff      maxdiff    MaxGrad_orb  Grad_occ
     1      10    1.0e+01    8    1.2e+01  -209.34997214  -136.20937538 -10208.34997214   0.684140   2.7e+00   1.2e-04 0.01
     2      10    1.2e+00    8    3.2e-02  -217.48711911  -144.34652235    -8.13714697   0.459602   1.8e+00   2.6e-04 0.03
     3      10    1.8e+00    7    1.2e-02  -220.15598420  -147.01538744    -2.66886508   0.326792   1.3e+00   2.6e-04 0.05
     4      10    1.2e+00    6    2.9e-02  -221.45510400  -148.31450724    -1.29911981   0.196430   7.9e-01   1.9e-04 0.05
     5      10    1.4e+00    5    3.0e-02  -222.12156387  -148.98096711    -0.66645987   0.125871   5.0e-01   2.0e-04 0.05
     6      10    1.3e+00    6    1.1e-02  -222.43463753  -149.29404077    -0.31307366   0.095820   3.8e-01   1.1e-04 0.05
     7      10    1.7e+00    5    2.5e-02  -222.57102735  -149.43043059    -0.13638982   0.090690   3.6e-01   1.6e-04 0.05
     8      10    1.3e+00    5    3.9e-02  -222.61679625  -149.47619949    -0.04576889   0.091599   3.7e-01   2.2e-04 0.05
     9      10    1.4e+00    6    1.2e-02  -222.63019576  -149.48959900    -0.01339951   0.108300   4.3e-01   1.2e-04 0.05
    10      10    1.1e+00    4    3.0e-02  -222.63673950  -149.49614274    -0.00654374   0.113495   4.5e-01   1.5e-04 0.05
    11      10    1.1e+00    3    4.2e-02  -222.64079023  -149.50019346    -0.00405072   0.112489   4.5e-01   2.1e-04 0.06
    12      10    1.2e+00    3    3.7e-02  -222.64277652  -149.50217976    -0.00198630   0.127090   5.1e-01   1.5e-04 0.06
    13      10    1.2e+00    3    3.3e-02  -222.64439795  -149.50380119    -0.00162142   0.127112   5.1e-01   1.4e-04 0.06
    14      10    1.1e+00    2    1.3e-02  -222.64522325  -149.50462649    -0.00082530   0.122742   4.9e-01   2.2e-04 0.06
    15      10    1.7e+00    0    3.3e-02  -222.64526923  -149.50467247    -0.00004598   0.122742   4.9e-01   2.2e-04 0.06
    16      30    4.3e+00    3    1.4e-02  -222.66335765  -149.52276089    -0.01808842   0.001980   7.9e-03   1.4e-04 0.06
    17      30    4.6e+00    2    4.7e-02  -222.66382235  -149.52322558    -0.00046470   0.002563   1.0e-02   1.6e-04 0.06
    18      30    3.8e+00    2    1.3e-02  -222.66399896  -149.52340220    -0.00017661   0.003846   1.5e-02   1.9e-04 0.06
    19      30    3.4e+00    3    4.1e-02  -222.66407908  -149.52348232    -0.00008012   0.004818   1.9e-02   1.8e-04 0.06
    20      30    4.2e+00    2    1.3e-02  -222.66424149  -149.52364473    -0.00016241   0.004142   1.7e-02   2.3e-04 0.06
    21      30    3.8e+00    4    1.8e-02  -222.66439230  -149.52379554    -0.00015082   0.008391   3.4e-02   1.2e-04 0.06
    22      30    4.0e+00    3    1.7e-02  -222.66457904  -149.52398228    -0.00018674   0.003918   1.6e-02   1.6e-04 0.06
    23      30    3.7e+00    3    1.6e-02  -222.66466282  -149.52406606    -0.00008377   0.005150   2.1e-02   1.2e-04 0.06
    24      30    3.6e+00    1    1.0e-02  -222.66475075  -149.52415399    -0.00008794   0.003409   1.4e-02   2.2e-04 0.06
    25      30    3.6e+00    3    4.5e-02  -222.66476028  -149.52416352    -0.00000953   0.004365   1.7e-02   1.5e-04 0.06
    26      30    3.9e+00    2    3.2e-02  -222.66478752  -149.52419076    -0.00002724   0.004169   1.7e-02   8.3e-05 0.06
    27      30    3.9e+00    0    1.5e-02  -222.66480661  -149.52420985    -0.00001909   0.003957   1.6e-02   2.1e-04 0.06
    28      40    5.5e+00    0    2.5e-02  -222.66485881  -149.52426205    -0.00005220   0.001753   7.0e-03   2.2e-04 0.06
    29      50    6.5e+00    0    1.1e-02  -222.66486598  -149.52426922    -0.00000717   0.001542   6.2e-03   2.1e-04 0.06
    30      60    7.0e+00    0    1.1e-02  -222.66487329  -149.52427653    -0.00000731   0.000695   2.8e-03   2.4e-04 0.06
 
RESULTS OF THE OCCUPATION OPTIMIZATION
========================================
   1    1.9997389  -15.56056271
   2    1.9996570  -15.41775630
   3    1.9995677  -11.51676029
   4    1.9914764  -1.29796975
   5    1.9886083  -0.95933539
   6    1.9781735  -0.78233768
   7    1.9726411  -0.73626021
   8    1.9719048  -0.73067519
   9    1.9749782  -0.66292171
  10    1.9653759  -0.64645441
  11    1.9685209  -0.60639459
  12    1.9434629  -0.31743846
  13    0.0565371  -0.05626105
  14    0.0314791  -0.03155476
  15    0.0346241  -0.04502654
  16    0.0250218  -0.02531687
  17    0.0280952  -0.03652751
  18    0.0273589  -0.03103762
  19    0.0218265  -0.02383975
  20    0.0113917  -0.01820366
  21    0.0085236  -0.01323297
  22    0.0004323  -0.00804733
  23    0.0003430  -0.00832343
  24    0.0002611  -0.00670705
 
----------------
 Final Energies 
----------------
Final NOF Total Energy =    -149.5242765
 
Total Orbital Internal Iterations = 660
Total Occupation Internal Iterations = 99
 
Elapsed time:  120.30 Seconds

---------------------------------
   Lowdin Population Analysis    
---------------------------------
 Idx  Atom   Population   Charge 
---------------------------------
  1     C     5.885       0.115
  2     H     1.114      -0.114
  3     H     1.123      -0.123
  4     N     6.651       0.349
  5     H     1.104      -0.104
  6     N     6.837       0.163
  7     H     1.285      -0.285

---------------------------------
   M Diagnostic: 0.06
---------------------------------

