Computing Integrals
Basis Set                                            = def2-qzvp
Auxiliary Basis Set                                  = def2-universal-jkfit
Gaussian Type                                        = Spherical
Elapsed time:    6.33 Seconds

Number of basis functions                   (NBF)    = 234
Number of auxiliary basis functions         (NBFAUX) = 222
Inactive Doubly occupied orbitals up to     (NO1)    = 0
No. considered Strongly Doubly occupied MOs (NDOC)   = 8
No. considered Strongly Singly occupied MOs (NSOC)   = 0
NO. of Weakly occ. per St. Doubly occ.  MOs (NCWO)   = 1
Dimension of the Nat. Orb. subspace         (NBF5)   = 16
No. of electrons                                     = 16
    No. of alpha electrons                           = 8
    No. of beta electrons                            = 8
Multiplicity                                         = 1

Geometry
========
 C      -0.6634720       0.0000000       0.0000000
 C       0.6634720       0.0000000       0.0000000
 H      -1.2345990      -0.9225180       0.0000000
 H      -1.2345990       0.9225180       0.0000000
 H       1.2345990       0.9225180       0.0000000
 H       1.2345990      -0.9225180       0.0000000

No violations of the orthonormality
No violations of the orthonormality
 
PNOF8/ADABelief Calculation
==================
 
  Nitext  Nit_orb  Time   Nit_occ  Time         Eelec          Etot           Ediff      maxdiff    MaxGrad_orb  Grad_occ
     1      10    2.7e+01    0    2.6e+01  -111.77053191   -78.34513089 -10110.77053191   0.000499   2.0e-03   1.4e-04 0.05
 
RESULTS OF THE OCCUPATION OPTIMIZATION
========================================
   1    1.9995931  -11.21950955
   2    1.9995747  -11.21858474
   3    1.9812096  -1.03018964
   4    1.9743926  -0.66297473
   5    1.9739697  -0.65075248
   6    1.9732704  -0.63262241
   7    1.9730583  -0.62690632
   8    1.9453685  -0.39250295
   9    0.0546315  -0.04077774
  10    0.0269417  -0.02619166
  11    0.0267296  -0.02617984
  12    0.0260303  -0.02602876
  13    0.0256074  -0.02585801
  14    0.0187904  -0.02734213
  15    0.0004253  -0.00779362
  16    0.0004069  -0.00761050
 
----------------
 Final Energies 
----------------
Final NOF Total Energy =     -78.3451309
 
Total Orbital Internal Iterations = 10
Total Occupation Internal Iterations = 0
 
Elapsed time:   69.96 Seconds

---------------------------------
   Lowdin Population Analysis    
---------------------------------
 Idx  Atom   Population   Charge 
---------------------------------
  1     C     5.826       0.174
  2     C     5.826       0.174
  3     H     1.087      -0.087
  4     H     1.087      -0.087
  5     H     1.087      -0.087
  6     H     1.087      -0.087

---------------------------------
   M Diagnostic: 0.05
---------------------------------

