Computing Integrals
Basis Set                                            = def2-qzvp
Auxiliary Basis Set                                  = def2-universal-jkfit
Gaussian Type                                        = Spherical
Elapsed time:    7.90 Seconds

Number of basis functions                   (NBF)    = 555
Number of auxiliary basis functions         (NBFAUX) = 539
Inactive Doubly occupied orbitals up to     (NO1)    = 0
No. considered Strongly Doubly occupied MOs (NDOC)   = 20
No. considered Strongly Singly occupied MOs (NSOC)   = 0
NO. of Weakly occ. per St. Doubly occ.  MOs (NCWO)   = 1
Dimension of the Nat. Orb. subspace         (NBF5)   = 40
No. of electrons                                     = 40
    No. of alpha electrons                           = 20
    No. of beta electrons                            = 20
Multiplicity                                         = 1

Geometry
========
 C       1.4336238      -0.0717234       0.6820010
 C       1.4336238      -0.0717234      -0.6820010
 C      -0.9658292       0.1718331      -1.1995815
 N      -1.3426590      -0.3073458       0.0000000
 C      -0.9658292       0.1718331       1.1995815
 H       1.4734971      -0.9964973       1.2441549
 H       1.6593256       0.8272111       1.2428766
 H       1.4734971      -0.9964973      -1.2441549
 H       1.6593256       0.8272111      -1.2428766
 H      -0.8162270       1.2370668      -1.2855138
 H      -1.2955194      -0.3759926      -2.0704810
 H      -1.6350828      -1.2764493       0.0000000
 H      -0.8162270       1.2370668       1.2855138
 H      -1.2955194      -0.3759926       2.0704810

No violations of the orthonormality
No violations of the orthonormality
 
PNOF8/ADAM Calculation
==================
 
  Nitext  Nit_orb  Time   Nit_occ  Time         Eelec          Etot           Ediff      maxdiff    MaxGrad_orb  Grad_occ
     1      10    1.2e+01    8    1.2e+01  -368.48047514  -193.50322439 -10367.48047514   0.657670   2.6e+00   1.6e-04 0.01
     2      10    2.8e+00   11    1.8e-01  -380.73815018  -205.76089943   -12.25767504   0.444349   1.8e+00   2.5e-04 0.03
     3      10    3.0e+00   10    1.2e-01  -384.51249437  -209.53524361    -3.77434418   0.310959   1.2e+00   1.5e-04 0.04
     4      10    3.0e+00    7    1.3e-01  -385.68819679  -210.71094604    -1.17570243   0.156463   6.3e-01   1.2e-04 0.04
     5      10    3.0e+00    6    1.2e-01  -386.21329802  -211.23604727    -0.52510123   0.147609   5.9e-01   1.6e-04 0.04
     6      10    3.0e+00    6    1.6e-01  -386.46869689  -211.49144614    -0.25539887   0.215753   8.6e-01   8.4e-05 0.04
     7      10    2.9e+00    5    1.2e-01  -386.60668174  -211.62943099    -0.13798485   0.223739   8.9e-01   2.0e-04 0.04
     8      10    3.6e+00    5    1.2e-01  -386.68604605  -211.70879530    -0.07936431   0.099145   4.0e-01   2.0e-04 0.04
     9      10    3.0e+00    4    1.1e-01  -386.72087189  -211.74362114    -0.03482584   0.121144   4.8e-01   2.6e-04 0.05
    10      10    3.1e+00    4    1.2e-01  -386.73627936  -211.75902861    -0.01540747   0.107811   4.3e-01   2.2e-04 0.05
    11      10    3.5e+00    4    1.2e-01  -386.74357526  -211.76632451    -0.00729589   0.109574   4.4e-01   2.0e-04 0.05
    12      10    3.0e+00    0    1.2e-01  -386.74399530  -211.76674455    -0.00042004   0.109574   4.4e-01   2.0e-04 0.05
    13      30    8.9e+00    4    1.1e-01  -386.79667298  -211.81942223    -0.05267768   0.003604   1.4e-02   2.7e-04 0.05
    14      30    8.5e+00    4    1.3e-01  -386.80012792  -211.82287717    -0.00345494   0.083210   3.3e-01   2.3e-04 0.05
    15      30    8.6e+00    4    1.2e-01  -386.80196048  -211.82470973    -0.00183256   0.019514   7.8e-02   1.8e-04 0.05
    16      30    8.5e+00    3    1.3e-01  -386.80286578  -211.82561503    -0.00090530   0.003058   1.2e-02   2.1e-04 0.05
    17      30    8.8e+00    2    1.2e-01  -386.80325595  -211.82600520    -0.00039016   0.003023   1.2e-02   1.8e-04 0.05
    18      30    8.6e+00    2    1.1e-01  -386.80337147  -211.82612072    -0.00011553   0.014412   5.8e-02   1.6e-04 0.05
    19      30    8.6e+00    2    1.2e-01  -386.80345818  -211.82620743    -0.00008670   0.002359   9.4e-03   9.9e-05 0.05
    20      30    8.5e+00    1    1.1e-01  -386.80346647  -211.82621572    -0.00000829   0.002748   1.1e-02   1.7e-04 0.05
    21      30    8.5e+00    0    1.2e-01  -386.80346879  -211.82621804    -0.00000232   0.002748   1.1e-02   1.7e-04 0.05
    22      33    1.0e+01    0    1.4e-01  -386.80355637  -211.82630562    -0.00008758   0.000500   2.0e-03   2.5e-04 0.05
 
RESULTS OF THE OCCUPATION OPTIMIZATION
========================================
   1    1.9997027  -15.49555357
   2    1.9995738  -11.30455826
   3    1.9995737  -11.27360655
   4    1.9995824  -11.22006125
   5    1.9995796  -11.20302078
   6    1.9911128  -1.22335327
   7    1.9795027  -0.82889036
   8    1.9792930  -0.82633390
   9    1.9787370  -0.80672133
  10    1.9787932  -0.80030319
  11    1.9716719  -0.70777971
  12    1.9703652  -0.68090134
  13    1.9703278  -0.67997067
  14    1.9738564  -0.63646515
  15    1.9741236  -0.63362960
  16    1.9736118  -0.63188259
  17    1.9729482  -0.58793720
  18    1.9728029  -0.58655312
  19    1.9491172  -0.35636669
  20    1.9460704  -0.27687518
  21    0.0539296  -0.05085311
  22    0.0508828  -0.04229833
  23    0.0271971  -0.02553261
  24    0.0270518  -0.02549235
  25    0.0263882  -0.03078394
  26    0.0258764  -0.02557095
  27    0.0261436  -0.02558229
  28    0.0296722  -0.03718640
  29    0.0296348  -0.03719621
  30    0.0283281  -0.03115271
  31    0.0212068  -0.02378993
  32    0.0212630  -0.02370614
  33    0.0207070  -0.02358552
  34    0.0204973  -0.02348559
  35    0.0088872  -0.01454151
  36    0.0004204  -0.00765206
  37    0.0004176  -0.00762612
  38    0.0004263  -0.00773196
  39    0.0004262  -0.00774413
  40    0.0002973  -0.00751183
 
----------------
 Final Energies 
----------------
Final NOF Total Energy =    -211.8263056
 
Total Orbital Internal Iterations = 423
Total Occupation Internal Iterations = 92
 
Elapsed time:  169.35 Seconds

---------------------------------
   Lowdin Population Analysis    
---------------------------------
 Idx  Atom   Population   Charge 
---------------------------------
  1     C     5.867       0.133
  2     C     5.867       0.133
  3     C     5.899       0.101
  4     N     6.520       0.480
  5     C     5.900       0.100
  6     H     1.097      -0.097
  7     H     1.095      -0.095
  8     H     1.097      -0.097
  9     H     1.096      -0.096
 10     H     1.107      -0.107
 11     H     1.121      -0.121
 12     H     1.107      -0.107
 13     H     1.109      -0.109
 14     H     1.119      -0.119

---------------------------------
   M Diagnostic: 0.05
---------------------------------

