Computing Integrals
Basis Set                                            = def2-qzvp
Auxiliary Basis Set                                  = def2-universal-jkfit
Gaussian Type                                        = Spherical
Elapsed time:    3.19 Seconds

Number of basis functions                   (NBF)    = 261
Number of auxiliary basis functions         (NBFAUX) = 281
Inactive Doubly occupied orbitals up to     (NO1)    = 0
No. considered Strongly Doubly occupied MOs (NDOC)   = 11
No. considered Strongly Singly occupied MOs (NSOC)   = 0
NO. of Weakly occ. per St. Doubly occ.  MOs (NCWO)   = 1
Dimension of the Nat. Orb. subspace         (NBF5)   = 22
No. of electrons                                     = 22
    No. of alpha electrons                           = 11
    No. of beta electrons                            = 11
Multiplicity                                         = 1

Geometry
========
 C       0.9674583      -0.1163671       0.0000000
 N      -0.3099720      -0.0898597       0.0000000
 C      -1.5211073      -0.2201241       0.0000000
 H       1.5009811      -0.1281249       0.9417770
 H       1.5009811      -0.1281249      -0.9417770
 H      -2.1383412       0.6826006       0.0000000

No violations of the orthonormality
No violations of the orthonormality
 
PNOF8/ADAM Calculation
==================
 
  Nitext  Nit_orb  Time   Nit_occ  Time         Eelec          Etot           Ediff      maxdiff    MaxGrad_orb  Grad_occ
     1      10    1.0e+01    9    1.2e+01  -180.58846509  -119.48325794 -10179.58846509   0.855886   3.4e+00   8.3e-05 0.02
     2      10    1.0e+00   12    4.8e-02  -188.89869926  -127.79349211    -8.31023418   0.422286   1.7e+00   1.0e-04 0.03
     3      10    1.1e+00    8    4.0e-02  -191.59201847  -130.48681132    -2.69331921   0.312187   1.2e+00   1.5e-04 0.04
     4      10    1.1e+00    7    1.1e-02  -192.55057269  -131.44536555    -0.95855422   0.170370   6.8e-01   9.6e-05 0.05
     5      10    1.0e+00    6    2.3e-02  -192.99743973  -131.89223258    -0.44686703   0.111174   4.4e-01   8.9e-05 0.05
     6      10    2.0e+00    6    3.5e-02  -193.21303839  -132.10783124    -0.21559866   0.086856   3.5e-01   8.8e-05 0.04
     7      10    1.1e+00    5    4.4e-02  -193.31009529  -132.20488814    -0.09705690   0.089414   3.6e-01   1.1e-04 0.05
     8      10    1.1e+00    5    1.2e-02  -193.35501544  -132.24980829    -0.04492015   0.094396   3.8e-01   6.8e-05 0.05
     9      10    1.1e+00    4    3.3e-02  -193.37529067  -132.27008353    -0.02027523   0.098484   3.9e-01   1.9e-04 0.05
    10      10    1.1e+00    4    1.1e-02  -193.38567631  -132.28046916    -0.01038563   0.110286   4.4e-01   1.9e-04 0.05
    11      10    1.2e+00    4    3.7e-02  -193.39241032  -132.28720317    -0.00673401   0.106841   4.3e-01   1.2e-04 0.05
    12      10    1.2e+00    4    4.7e-02  -193.39453069  -132.28932354    -0.00212037   0.106218   4.2e-01   1.7e-04 0.05
    13      10    1.6e+00    3    7.9e-03  -193.39551670  -132.29030955    -0.00098601   0.110875   4.4e-01   2.2e-04 0.05
    14      10    1.2e+00    3    3.3e-02  -193.39606834  -132.29086119    -0.00055164   0.109838   4.4e-01   2.0e-04 0.05
    15      10    1.3e+00    3    1.7e-02  -193.39625804  -132.29105090    -0.00018971   0.114662   4.6e-01   1.8e-04 0.05
    16      10    1.4e+00    0    2.7e-02  -193.39630169  -132.29109454    -0.00004364   0.114662   4.6e-01   1.8e-04 0.05
    17      30    3.5e+00    3    2.5e-02  -193.41000130  -132.30479416    -0.01369962   0.002100   8.4e-03   2.3e-04 0.05
    18      30    3.3e+00    2    5.5e-02  -193.41038815  -132.30518100    -0.00038684   0.001330   5.3e-03   2.3e-04 0.05
    19      30    3.6e+00    3    4.2e-02  -193.41061999  -132.30541284    -0.00023185   0.003666   1.5e-02   1.3e-04 0.05
    20      30    3.1e+00    2    8.4e-03  -193.41079867  -132.30559152    -0.00017868   0.001777   7.1e-03   1.8e-04 0.05
    21      30    3.8e+00    2    2.6e-02  -193.41088581  -132.30567866    -0.00008714   0.001603   6.4e-03   1.4e-04 0.05
    22      30    3.4e+00    1    2.2e-02  -193.41092373  -132.30571658    -0.00003792   0.001863   7.5e-03   1.9e-04 0.05
    23      30    3.6e+00    0    3.4e-02  -193.41092476  -132.30571762    -0.00000103   0.001863   7.5e-03   1.9e-04 0.05
    24      28    3.1e+00    1    8.8e-03  -193.41096605  -132.30575890    -0.00004128   0.000322   1.3e-03   1.4e-04 0.05
 
RESULTS OF THE OCCUPATION OPTIMIZATION
========================================
   1    1.9997249  -15.57153000
   2    1.9995758  -11.34710332
   3    1.9995167  -11.25489007
   4    1.9905344  -1.29992598
   5    1.9817420  -1.01893103
   6    1.9762069  -0.73208423
   7    1.9764452  -0.70088978
   8    1.9745152  -0.67671811
   9    1.9710696  -0.55229356
  10    1.9531175  -0.50386991
  11    1.9470916  -0.37250500
  12    0.0529084  -0.05133288
  13    0.0468825  -0.04462708
  14    0.0289304  -0.03774929
  15    0.0254848  -0.02599940
  16    0.0235548  -0.02488268
  17    0.0237931  -0.02561320
  18    0.0182580  -0.02734919
  19    0.0094656  -0.01689397
  20    0.0004833  -0.00856183
  21    0.0004242  -0.00776587
  22    0.0002751  -0.00707253
 
----------------
 Final Energies 
----------------
Final NOF Total Energy =    -132.3057589
 
Total Orbital Internal Iterations = 398
Total Occupation Internal Iterations = 97
 
Elapsed time:   79.36 Seconds

---------------------------------
   Lowdin Population Analysis    
---------------------------------
 Idx  Atom   Population   Charge 
---------------------------------
  1     C     5.911       0.089
  2     N     6.677       0.323
  3     C     6.048      -0.048
  4     H     1.106      -0.106
  5     H     1.107      -0.107
  6     H     1.150      -0.150

---------------------------------
   M Diagnostic: 0.05
---------------------------------

