Computing Integrals
Basis Set                                            = def2-qzvp
Auxiliary Basis Set                                  = def2-universal-jkfit
Gaussian Type                                        = Spherical
Elapsed time:   40.61 Seconds

Number of basis functions                   (NBF)    = 642
Number of auxiliary basis functions         (NBFAUX) = 634
Inactive Doubly occupied orbitals up to     (NO1)    = 0
No. considered Strongly Doubly occupied MOs (NDOC)   = 25
No. considered Strongly Singly occupied MOs (NSOC)   = 0
NO. of Weakly occ. per St. Doubly occ.  MOs (NCWO)   = 1
Dimension of the Nat. Orb. subspace         (NBF5)   = 50
No. of electrons                                     = 50
    No. of alpha electrons                           = 25
    No. of beta electrons                            = 25
Multiplicity                                         = 1

Geometry
========
 C      -1.4389280      -0.1098150       0.5320710
 H      -2.4723350       0.0745730       0.8248840
 O      -1.4725270      -1.0835520      -0.5024510
 C      -0.7982190       1.2040860       0.0870420
 H      -1.4570380       1.6941530      -0.6322070
 H      -0.7309590       1.8612060       0.9598960
 C       0.5916280       1.0561430      -0.5438030
 H       1.0126080       2.0524650      -0.6999240
 H       0.5035310       0.5962270      -1.5304770
 H      -0.5860970      -1.4623720      -0.5039450
 H      -0.9167790      -0.5057240       1.4080120
 C       1.5807110       0.2380840       0.2816880
 H       2.6061380       0.4720480      -0.0111360
 H       1.4811300       0.4692730       1.3425220
 O       1.3607170      -1.1796070       0.1661890
 H       1.8431270      -1.4775620      -0.6095270

No violations of the orthonormality
No violations of the orthonormality
 
PNOF8/ADABelief Calculation
==================
 
  Nitext  Nit_orb  Time   Nit_occ  Time         Eelec          Etot           Ediff      maxdiff    MaxGrad_orb  Grad_occ
     1      10    5.4e+01    0    2.8e+01  -572.49616747  -308.07768805 -10571.49616747   0.000835   3.3e-03   1.8e-04 0.04
 
RESULTS OF THE OCCUPATION OPTIMIZATION
========================================
   1    1.9998038  -20.56862644
   2    1.9997996  -20.56522804
   3    1.9995545  -11.26358489
   4    1.9995944  -11.24830934
   5    1.9995520  -11.24517124
   6    1.9995742  -11.22181183
   7    1.9905611  -1.31199647
   8    1.9904555  -1.28037336
   9    1.9793646  -0.86941892
  10    1.9788517  -0.86926194
  11    1.9789231  -0.85759346
  12    1.9787145  -0.84865008
  13    1.9674890  -0.71801138
  14    1.9669551  -0.67543076
  15    1.9600561  -0.65927846
  16    1.9604492  -0.63470373
  17    1.9723780  -0.63219039
  18    1.9824817  -0.62706651
  19    1.9719856  -0.60359233
  20    1.9718110  -0.59951096
  21    1.9716930  -0.59234167
  22    1.9807312  -0.56578636
  23    1.9656813  -0.55416999
  24    1.9656093  -0.55039865
  25    1.9654607  -0.53146878
  26    0.0345393  -0.03611610
  27    0.0343907  -0.03627778
  28    0.0343187  -0.03596684
  29    0.0192688  -0.02242357
  30    0.0283070  -0.02621664
  31    0.0281890  -0.02626687
  32    0.0280144  -0.02670772
  33    0.0175183  -0.02165546
  34    0.0276220  -0.02671899
  35    0.0395508  -0.04894714
  36    0.0399439  -0.04965288
  37    0.0330449  -0.03864226
  38    0.0325110  -0.03777891
  39    0.0212855  -0.02425051
  40    0.0210769  -0.02428999
  41    0.0211483  -0.02446785
  42    0.0206354  -0.02412444
  43    0.0095445  -0.02092732
  44    0.0094389  -0.02059077
  45    0.0004258  -0.00773627
  46    0.0004480  -0.00800892
  47    0.0004056  -0.00758984
  48    0.0004455  -0.00798212
  49    0.0002004  -0.00667747
  50    0.0001962  -0.00660694
 
----------------
 Final Energies 
----------------
Final NOF Total Energy =    -308.0776880
 
Total Orbital Internal Iterations = 10
Total Occupation Internal Iterations = 0
 
Elapsed time:  116.62 Seconds

---------------------------------
   Lowdin Population Analysis    
---------------------------------
 Idx  Atom   Population   Charge 
---------------------------------
  1     C     6.113      -0.113
  2     H     1.063      -0.063
  3     O     7.420       0.580
  4     C     5.919       0.081
  5     H     1.047      -0.047
  6     H     1.047      -0.047
  7     C     5.920       0.080
  8     H     1.048      -0.048
  9     H     1.047      -0.047
 10     H     1.370      -0.370
 11     H     1.061      -0.061
 12     C     6.086      -0.086
 13     H     1.064      -0.064
 14     H     1.058      -0.058
 15     O     7.397       0.603
 16     H     1.342      -0.342

---------------------------------
   M Diagnostic: 0.04
---------------------------------

