Computing Integrals
Basis Set                                            = def2-qzvp
Auxiliary Basis Set                                  = def2-universal-jkfit
Gaussian Type                                        = Spherical
Elapsed time:   46.71 Seconds

Number of basis functions                   (NBF)    = 642
Number of auxiliary basis functions         (NBFAUX) = 634
Inactive Doubly occupied orbitals up to     (NO1)    = 0
No. considered Strongly Doubly occupied MOs (NDOC)   = 25
No. considered Strongly Singly occupied MOs (NSOC)   = 0
NO. of Weakly occ. per St. Doubly occ.  MOs (NCWO)   = 1
Dimension of the Nat. Orb. subspace         (NBF5)   = 50
No. of electrons                                     = 50
    No. of alpha electrons                           = 25
    No. of beta electrons                            = 25
Multiplicity                                         = 1

Geometry
========
 C       1.2868180      -0.3674320       0.2962650
 H       0.7856760      -1.2739980      -0.0400400
 O       2.6645800      -0.3656580      -0.0832590
 C       0.5626100       0.8772730      -0.2084730
 H       1.1636470       1.7406340       0.0832110
 H       0.5407350       0.8656280      -1.3035380
 C      -0.8629860       1.0534570       0.3257110
 H      -1.1844770       2.0800600       0.1347760
 H      -0.8763610       0.9149410       1.4096740
 H       2.6964930      -0.4774670      -1.0367960
 H       1.2856220      -0.3747360       1.3860380
 C      -1.9047000       0.1368940      -0.2919860
 H      -2.9003280       0.4446700       0.0410660
 H      -1.8711480       0.2246330      -1.3835990
 O      -1.6403840      -1.2066130       0.1135440
 H      -2.3238780      -1.7673390      -0.2621790

No violations of the orthonormality
No violations of the orthonormality
 
PNOF8/ADABelief Calculation
==================
 
  Nitext  Nit_orb  Time   Nit_occ  Time         Eelec          Etot           Ediff      maxdiff    MaxGrad_orb  Grad_occ
     1      10    8.4e+01    0    7.0e+01  -562.46751629  -308.07709828 -10561.46751629   0.000824   3.3e-03   1.3e-04 0.04
 
RESULTS OF THE OCCUPATION OPTIMIZATION
========================================
   1    1.9998001  -20.58809931
   2    1.9998062  -20.57589984
   3    1.9995485  -11.25848801
   4    1.9995562  -11.24450618
   5    1.9995813  -11.21932697
   6    1.9995744  -11.21512502
   7    1.9904624  -1.30927949
   8    1.9905485  -1.29089024
   9    1.9796918  -0.89080403
  10    1.9786594  -0.86413964
  11    1.9789244  -0.86281411
  12    1.9791103  -0.84927078
  13    1.9676128  -0.71711427
  14    1.9671287  -0.69099502
  15    1.9603682  -0.65420890
  16    1.9603812  -0.64003240
  17    1.9717777  -0.59705847
  18    1.9717353  -0.59192908
  19    1.9716215  -0.58276754
  20    1.9807062  -0.58263585
  21    1.9707052  -0.57735888
  22    1.9809340  -0.57667362
  23    1.9661272  -0.56853979
  24    1.9660438  -0.55677562
  25    1.9655540  -0.53288461
  26    0.0344460  -0.03594734
  27    0.0339562  -0.03575541
  28    0.0338728  -0.03621624
  29    0.0190660  -0.02224079
  30    0.0292948  -0.02689358
  31    0.0192938  -0.02258950
  32    0.0283785  -0.02624359
  33    0.0282647  -0.02669022
  34    0.0282223  -0.02631308
  35    0.0396188  -0.04911481
  36    0.0396318  -0.04927276
  37    0.0328713  -0.03767457
  38    0.0323872  -0.03769474
  39    0.0208897  -0.02400446
  40    0.0210756  -0.02440453
  41    0.0213406  -0.02451265
  42    0.0203082  -0.02400306
  43    0.0094515  -0.02091239
  44    0.0095376  -0.02103807
  45    0.0004256  -0.00773609
  46    0.0004187  -0.00765061
  47    0.0004438  -0.00796330
  48    0.0004515  -0.00808710
  49    0.0001938  -0.00660153
  50    0.0001999  -0.00671566
 
----------------
 Final Energies 
----------------
Final NOF Total Energy =    -308.0770983
 
Total Orbital Internal Iterations = 10
Total Occupation Internal Iterations = 0
 
Elapsed time:  196.35 Seconds

---------------------------------
   Lowdin Population Analysis    
---------------------------------
 Idx  Atom   Population   Charge 
---------------------------------
  1     C     6.098      -0.098
  2     H     1.073      -0.073
  3     O     7.420       0.580
  4     C     5.919       0.081
  5     H     1.049      -0.049
  6     H     1.050      -0.050
  7     C     5.916       0.084
  8     H     1.045      -0.045
  9     H     1.042      -0.042
 10     H     1.347      -0.347
 11     H     1.060      -0.060
 12     C     6.106      -0.106
 13     H     1.066      -0.066
 14     H     1.062      -0.062
 15     O     7.405       0.595
 16     H     1.343      -0.343

---------------------------------
   M Diagnostic: 0.04
---------------------------------

