Computing Integrals
Basis Set                                            = def2-qzvp
Auxiliary Basis Set                                  = def2-universal-jkfit
Gaussian Type                                        = Spherical
Elapsed time:   46.55 Seconds

Number of basis functions                   (NBF)    = 642
Number of auxiliary basis functions         (NBFAUX) = 634
Inactive Doubly occupied orbitals up to     (NO1)    = 0
No. considered Strongly Doubly occupied MOs (NDOC)   = 25
No. considered Strongly Singly occupied MOs (NSOC)   = 0
NO. of Weakly occ. per St. Doubly occ.  MOs (NCWO)   = 1
Dimension of the Nat. Orb. subspace         (NBF5)   = 50
No. of electrons                                     = 50
    No. of alpha electrons                           = 25
    No. of beta electrons                            = 25
Multiplicity                                         = 1

Geometry
========
 C       1.7139450      -0.0175090       0.5651330
 H       1.2458280      -0.4923410       1.4260640
 O       1.9350920      -1.0721980      -0.3682280
 C       0.8254030       1.0933530       0.0128310
 H       0.6467490       1.8150520       0.8156000
 H       1.3729170       1.6306900      -0.7669440
 C      -0.5064180       0.6057500      -0.5607040
 H      -0.3304700      -0.0367100      -1.4231500
 H      -1.0873040       1.4621390      -0.9071140
 H       2.3740480      -0.6922250      -1.1345170
 H       2.6642510       0.4051140       0.9053130
 C      -1.3499560      -0.1574710       0.4442130
 H      -0.8727840      -1.1091520       0.6913320
 H      -1.4499490       0.4257790       1.3673760
 O      -2.6268930      -0.3775640      -0.1532370
 H      -3.1267280      -0.9549830       0.4289150

No violations of the orthonormality
No violations of the orthonormality
 
PNOF8/ADABelief Calculation
==================
 
  Nitext  Nit_orb  Time   Nit_occ  Time         Eelec          Etot           Ediff      maxdiff    MaxGrad_orb  Grad_occ
     1      10    7.4e+01    0    6.6e+01  -562.54886016  -308.07724335 -10561.54886016   0.000821   3.3e-03   1.4e-04 0.04
 
RESULTS OF THE OCCUPATION OPTIMIZATION
========================================
   1    1.9998014  -20.58554007
   2    1.9997995  -20.58175734
   3    1.9995607  -11.25672017
   4    1.9995500  -11.25168212
   5    1.9995771  -11.22168845
   6    1.9995825  -11.21396719
   7    1.9905352  -1.30310856
   8    1.9904432  -1.29978524
   9    1.9797078  -0.87625680
  10    1.9793868  -0.87555288
  11    1.9788683  -0.85987432
  12    1.9788372  -0.85834382
  13    1.9675666  -0.70802505
  14    1.9671724  -0.70323745
  15    1.9604129  -0.65175789
  16    1.9603466  -0.64804258
  17    1.9717836  -0.60856128
  18    1.9716408  -0.59762707
  19    1.9808376  -0.59676797
  20    1.9716507  -0.57826960
  21    1.9808946  -0.57286538
  22    1.9662004  -0.56237235
  23    1.9703119  -0.56208877
  24    1.9661623  -0.56195936
  25    1.9655995  -0.54602648
  26    0.0344005  -0.03618968
  27    0.0338377  -0.03574058
  28    0.0296881  -0.02701222
  29    0.0337996  -0.03602415
  30    0.0191054  -0.02224691
  31    0.0283493  -0.02625784
  32    0.0191624  -0.02246198
  33    0.0283592  -0.02650268
  34    0.0282164  -0.02694834
  35    0.0396534  -0.04919811
  36    0.0395871  -0.04927766
  37    0.0328276  -0.03784177
  38    0.0324334  -0.03758924
  39    0.0211628  -0.02431819
  40    0.0211317  -0.02419653
  41    0.0206132  -0.02403148
  42    0.0202922  -0.02382202
  43    0.0095568  -0.02102361
  44    0.0094648  -0.02098215
  45    0.0004175  -0.00763037
  46    0.0004229  -0.00770577
  47    0.0004500  -0.00806478
  48    0.0004393  -0.00794235
  49    0.0002005  -0.00670860
  50    0.0001986  -0.00665550
 
----------------
 Final Energies 
----------------
Final NOF Total Energy =    -308.0772433
 
Total Orbital Internal Iterations = 10
Total Occupation Internal Iterations = 0
 
Elapsed time:  179.35 Seconds

---------------------------------
   Lowdin Population Analysis    
---------------------------------
 Idx  Atom   Population   Charge 
---------------------------------
  1     C     6.108      -0.108
  2     H     1.061      -0.061
  3     O     7.410       0.590
  4     C     5.920       0.080
  5     H     1.042      -0.042
  6     H     1.051      -0.051
  7     C     5.918       0.082
  8     H     1.049      -0.049
  9     H     1.045      -0.045
 10     H     1.339      -0.339
 11     H     1.065      -0.065
 12     C     6.107      -0.107
 13     H     1.063      -0.063
 14     H     1.066      -0.066
 15     O     7.411       0.589
 16     H     1.345      -0.345

---------------------------------
   M Diagnostic: 0.04
---------------------------------

