Computing Integrals
Basis Set                                            = def2-qzvp
Auxiliary Basis Set                                  = def2-universal-jkfit
Gaussian Type                                        = Spherical
Elapsed time:    2.08 Seconds

Number of basis functions                   (NBF)    = 144
Number of auxiliary basis functions         (NBFAUX) = 204
Inactive Doubly occupied orbitals up to     (NO1)    = 0
No. considered Strongly Doubly occupied MOs (NDOC)   = 8
No. considered Strongly Singly occupied MOs (NSOC)   = 0
NO. of Weakly occ. per St. Doubly occ.  MOs (NCWO)   = 1
Dimension of the Nat. Orb. subspace         (NBF5)   = 16
No. of electrons                                     = 16
    No. of alpha electrons                           = 8
    No. of beta electrons                            = 8
Multiplicity                                         = 1

Geometry
========
Be       0.7279036      -0.7279036       0.7279036
Be      -0.7279036       0.7279036       0.7279036
Be      -0.7279036      -0.7279036      -0.7279036
Be       0.7279036       0.7279036      -0.7279036

No violations of the orthonormality
No violations of the orthonormality
 
PNOF8/ADAM Calculation
==================
 
  Nitext  Nit_orb  Time   Nit_occ  Time         Eelec          Etot           Ediff      maxdiff    MaxGrad_orb  Grad_occ
     1      10    9.3e+00    8    1.2e+01   -80.63786385   -55.96312218 -10079.63786385   0.251452   1.0e+00   7.2e-05 0.02
     2      10    3.3e-01    4    1.6e-02   -82.15615827   -57.48141660    -1.51829442   0.155477   6.2e-01   8.6e-05 0.03
     3      10    9.7e-01    3    9.1e-02   -82.84831604   -58.17357437    -0.69215777   0.095895   3.8e-01   2.2e-04 0.04
     4      10    8.7e-01    3    2.7e-02   -83.08658946   -58.41184779    -0.23827342   0.052212   2.1e-01   1.7e-04 0.04
     5      10    4.5e-01    4    8.1e-03   -83.16032823   -58.48558656    -0.07373878   0.032849   1.3e-01   4.0e-05 0.04
     6      10    5.5e-01    3    8.2e-03   -83.18707659   -58.51233492    -0.02674836   0.035874   1.4e-01   1.4e-04 0.04
     7      10    4.5e-01    3    2.8e-02   -83.19599007   -58.52124840    -0.00891348   0.030618   1.2e-01   1.4e-04 0.05
     8      10    4.9e-01    3    1.1e-02   -83.19932229   -58.52458062    -0.00333222   0.039975   1.6e-01   1.2e-04 0.05
     9      10    5.8e-01    3    3.1e-02   -83.20095291   -58.52621124    -0.00163061   0.039207   1.6e-01   6.9e-05 0.05
    10      10    8.9e-01    3    3.8e-02   -83.20221406   -58.52747239    -0.00126116   0.042193   1.7e-01   5.1e-05 0.05
    11      10    5.2e-01    3    5.1e-02   -83.20326924   -58.52852757    -0.00105518   0.040098   1.6e-01   3.1e-05 0.06
    12      10    4.2e-01    2    2.6e-02   -83.20522066   -58.53047899    -0.00195142   0.023589   9.4e-02   2.2e-04 0.06
    13      10    4.4e-01    2    1.2e-02   -83.20600386   -58.53126219    -0.00078320   0.041721   1.7e-01   1.8e-04 0.06
    14      10    3.1e-01    2    4.2e-02   -83.20704326   -58.53230159    -0.00103939   0.037664   1.5e-01   1.5e-04 0.06
    15      10    6.7e-01    1    9.2e-03   -83.20743273   -58.53269106    -0.00038947   0.039195   1.6e-01   1.5e-04 0.06
    16      10    5.9e-01    2    1.7e-02   -83.20780825   -58.53306658    -0.00037553   0.040124   1.6e-01   9.1e-05 0.06
    17      10    6.4e-01    1    4.3e-02   -83.20792008   -58.53317841    -0.00011182   0.040185   1.6e-01   1.3e-04 0.06
    18      10    1.1e+00    0    3.0e-03   -83.20792275   -58.53318107    -0.00000267   0.040185   1.6e-01   1.3e-04 0.06
    19      30    2.0e+00    1    2.5e-02   -83.21070125   -58.53595958    -0.00277850   0.000517   2.1e-03   1.9e-04 0.06
 
RESULTS OF THE OCCUPATION OPTIMIZATION
========================================
   1    1.9983921  -4.69173965
   2    1.9985784  -4.69169517
   3    1.9984101  -4.69118149
   4    1.9990653  -4.69083274
   5    1.9805878  -0.55635814
   6    1.9452900  -0.28175369
   7    1.9435078  -0.28004619
   8    1.9434909  -0.27999234
   9    0.0565091  -0.02350415
  10    0.0564922  -0.02348026
  11    0.0547100  -0.02315977
  12    0.0194122  -0.01679945
  13    0.0009347  -0.00680963
  14    0.0015899  -0.01087557
  15    0.0014216  -0.00989626
  16    0.0016079  -0.01095454
 
----------------
 Final Energies 
----------------
Final NOF Total Energy =     -58.5359596
 
Total Orbital Internal Iterations = 210
Total Occupation Internal Iterations = 51
 
Elapsed time:   41.64 Seconds

---------------------------------
   Lowdin Population Analysis    
---------------------------------
 Idx  Atom   Population   Charge 
---------------------------------
  1    Be     3.999       0.001
  2    Be     4.000       0.000
  3    Be     3.998       0.002
  4    Be     4.004      -0.004

---------------------------------
   M Diagnostic: 0.06
---------------------------------

