Computing Integrals
Basis Set                                            = def2-qzvp
Auxiliary Basis Set                                  = def2-universal-jkfit
Gaussian Type                                        = Spherical
Elapsed time:    3.11 Seconds

Number of basis functions                   (NBF)    = 234
Number of auxiliary basis functions         (NBFAUX) = 222
Inactive Doubly occupied orbitals up to     (NO1)    = 0
No. considered Strongly Doubly occupied MOs (NDOC)   = 8
No. considered Strongly Singly occupied MOs (NSOC)   = 0
NO. of Weakly occ. per St. Doubly occ.  MOs (NCWO)   = 1
Dimension of the Nat. Orb. subspace         (NBF5)   = 16
No. of electrons                                     = 16
    No. of alpha electrons                           = 8
    No. of beta electrons                            = 8
Multiplicity                                         = 1

Geometry
========
 C       0.6625037       0.0000000       0.0000000
 C      -0.6625037       0.0000000       0.0000000
 H       1.2314890      -0.9211906       0.0000000
 H       1.2314890       0.9211906       0.0000000
 H      -1.2314890      -0.9211906       0.0000000
 H      -1.2314890       0.9211906       0.0000000

No violations of the orthonormality
No violations of the orthonormality
 
PNOF8/ADAM Calculation
==================
 
  Nitext  Nit_orb  Time   Nit_occ  Time         Eelec          Etot           Ediff      maxdiff    MaxGrad_orb  Grad_occ
     1      10    9.9e+00   12    1.2e+01  -101.29174514   -67.80619778 -10100.29174514   0.772990   3.1e+00   9.5e-05 0.02
     2      10    8.4e-01    8    4.5e-02  -106.22061175   -72.73506439    -4.92886661   0.490485   2.0e+00   1.5e-04 0.04
     3      10    1.6e+00    5    5.0e-03  -108.65724165   -75.17169429    -2.43662990   0.413755   1.7e+00   1.2e-04 0.04
     4      10    8.2e-01    6    2.9e-02  -110.25092603   -76.76537867    -1.59368438   0.320827   1.3e+00   2.5e-05 0.04
     5      10    8.3e-01    3    4.8e-03  -111.16595996   -77.68041260    -0.91503392   0.221210   8.8e-01   1.6e-04 0.03
     6      10    8.3e-01    4    2.0e-02  -111.55911311   -78.07356575    -0.39315316   0.175153   7.0e-01   8.5e-05 0.03
     7      10    9.0e-01    4    2.3e-02  -111.72017509   -78.23462773    -0.16106198   0.126173   5.0e-01   8.4e-05 0.03
     8      10    9.3e-01    4    6.6e-02  -111.78833174   -78.30278438    -0.06815665   0.082854   3.3e-01   1.1e-04 0.04
     9      10    8.5e-01    4    4.1e-02  -111.81310134   -78.32755398    -0.02476960   0.082530   3.3e-01   6.4e-05 0.04
    10      10    7.0e-01    3    2.8e-02  -111.81991978   -78.33437242    -0.00681844   0.086049   3.4e-01   1.8e-04 0.05
    11      10    1.5e+00    3    3.8e-02  -111.82273570   -78.33718834    -0.00281592   0.091518   3.7e-01   1.8e-04 0.05
    12      10    1.0e+00    2    2.4e-02  -111.82438978   -78.33884242    -0.00165408   0.081955   3.3e-01   1.1e-04 0.05
    13      10    1.3e+00    2    1.4e-02  -111.82504908   -78.33950171    -0.00065930   0.080218   3.2e-01   6.3e-05 0.05
    14      10    7.6e-01    1    1.8e-02  -111.82507282   -78.33952546    -0.00002374   0.086355   3.5e-01   1.5e-04 0.05
    15      10    8.7e-01    0    3.7e-02  -111.82508413   -78.33953677    -0.00001131   0.086355   3.5e-01   1.5e-04 0.05
    16      30    2.1e+00    1    3.9e-02  -111.83059413   -78.34504677    -0.00551000   0.002604   1.0e-02   5.8e-05 0.05
    17      30    3.1e+00    1    7.1e-02  -111.83060009   -78.34505273    -0.00000596   0.000458   1.8e-03   3.7e-05 0.05
 
RESULTS OF THE OCCUPATION OPTIMIZATION
========================================
   1    1.9995771  -11.21864714
   2    1.9995765  -11.21758845
   3    1.9812417  -1.03125013
   4    1.9747042  -0.66678178
   5    1.9739201  -0.64771054
   6    1.9733220  -0.63372769
   7    1.9731885  -0.62735575
   8    1.9454168  -0.39282763
   9    0.0545832  -0.04075542
  10    0.0268115  -0.02611096
  11    0.0266780  -0.02616670
  12    0.0260799  -0.02603949
  13    0.0252958  -0.02571938
  14    0.0187583  -0.02732386
  15    0.0004235  -0.00775143
  16    0.0004229  -0.00773181
 
----------------
 Final Energies 
----------------
Final NOF Total Energy =     -78.3450527
 
Total Orbital Internal Iterations = 210
Total Occupation Internal Iterations = 63
 
Elapsed time:   50.16 Seconds

---------------------------------
   Lowdin Population Analysis    
---------------------------------
 Idx  Atom   Population   Charge 
---------------------------------
  1     C     5.824       0.176
  2     C     5.824       0.176
  3     H     1.088      -0.088
  4     H     1.088      -0.088
  5     H     1.088      -0.088
  6     H     1.088      -0.088

---------------------------------
   M Diagnostic: 0.05
---------------------------------

