Computing Integrals
Basis Set                                            = def2-qzvp
Auxiliary Basis Set                                  = def2-universal-jkfit
Gaussian Type                                        = Spherical
Elapsed time:    8.53 Seconds

Number of basis functions                   (NBF)    = 147
Number of auxiliary basis functions         (NBFAUX) = 131
Inactive Doubly occupied orbitals up to     (NO1)    = 0
No. considered Strongly Doubly occupied MOs (NDOC)   = 5
No. considered Strongly Singly occupied MOs (NSOC)   = 0
NO. of Weakly occ. per St. Doubly occ.  MOs (NCWO)   = 1
Dimension of the Nat. Orb. subspace         (NBF5)   = 10
No. of electrons                                     = 10
    No. of alpha electrons                           = 5
    No. of beta electrons                            = 5
Multiplicity                                         = 1

Geometry
========
 N       0.0000000       0.0000000       0.1103420
 H       0.0000000       0.9410820      -0.2574640
 H      -0.8150010      -0.4705410      -0.2574640
 H       0.8150010      -0.4705410      -0.2574640

No violations of the orthonormality
No violations of the orthonormality
 
PNOF8/ADABelief Calculation
==================
 
  Nitext  Nit_orb  Time   Nit_occ  Time         Eelec          Etot           Ediff      maxdiff    MaxGrad_orb  Grad_occ
     1      10    5.6e+01    0    6.7e+01   -68.37410014   -56.40188720 -10067.37410014   0.000535   2.1e-03   1.9e-04 0.03
 
RESULTS OF THE OCCUPATION OPTIMIZATION
========================================
   1    1.9997222  -15.54753187
   2    1.9884375  -1.06181151
   3    1.9692572  -0.61390235
   4    1.9693130  -0.61388225
   5    1.9692163  -0.61383002
   6    0.0307837  -0.03090607
   7    0.0306870  -0.03088331
   8    0.0307428  -0.03089482
   9    0.0115625  -0.01813201
  10    0.0002778  -0.00730952
 
----------------
 Final Energies 
----------------
Final NOF Total Energy =     -56.4018872
 
Total Orbital Internal Iterations = 10
Total Occupation Internal Iterations = 0
 
Elapsed time:  156.75 Seconds

---------------------------------
   Lowdin Population Analysis    
---------------------------------
 Idx  Atom   Population   Charge 
---------------------------------
  1     N     6.412       0.588
  2     H     1.196      -0.196
  3     H     1.196      -0.196
  4     H     1.196      -0.196

---------------------------------
   M Diagnostic: 0.03
---------------------------------

