Job runing on na15
Choosing scratch ...
Automatic scratch folder selection
/scratch/pobleyef/345659
/scratch/pobleyef/345659 directory
cp HEAVY28-bih3.gcf HEAVY28-bih3.inp to  /scratch/pobleyef/345659/.
HEAVY28-bih3
 This is the OpenMP version of the code
 This is the OpenMP version of the code
 This is the OpenMP version of the code
 This is the OpenMP version of the code
 This is the OpenMP version of the code
 This is the OpenMP version of the code
 This is the OpenMP version of the code
 This is the OpenMP version of the code
 This is the OpenMP version of the code
 This is the OpenMP version of the code
 This is the OpenMP version of the code
 This is the OpenMP version of the code
 This is the OpenMP version of the code
 This is the OpenMP version of the code
 This is the OpenMP version of the code
 This is the OpenMP version of the code
 This is the OpenMP version of the code
 This is the OpenMP version of the code
 This is the OpenMP version of the code
 This is the OpenMP version of the code
 This is the OpenMP version of the code
 This is the OpenMP version of the code
 This is the OpenMP version of the code
 This is the OpenMP version of the code
 This is the OpenMP version of the code
 This is the OpenMP version of the code
 This is the OpenMP version of the code
 This is the OpenMP version of the code
 This is the OpenMP version of the code
 This is the OpenMP version of the code
 This is the OpenMP version of the code
 This is the OpenMP version of the code
 This is the OpenMP version of the code
 This is the OpenMP version of the code
 This is the OpenMP version of the code
 This is the OpenMP version of the code
 This is the OpenMP version of the code
 This is the OpenMP version of the code
 This is the OpenMP version of the code
 This is the OpenMP version of the code
 This is the OpenMP version of the code
 This is the OpenMP version of the code
 This is the OpenMP version of the code
 This is the OpenMP version of the code
 This is the OpenMP version of the code
 This is the OpenMP version of the code
 This is the OpenMP version of the code
 This is the OpenMP version of the code
 This is the OpenMP version of the code
 This is the OpenMP version of the code
 This is the OpenMP version of the code
 This is the OpenMP version of the code
 This is the OpenMP version of the code
 This is the OpenMP version of the code
 This is the OpenMP version of the code
 This is the OpenMP version of the code
 This is the OpenMP version of the code
 This is the OpenMP version of the code
 This is the OpenMP version of the code
 This is the OpenMP version of the code
 This is the OpenMP version of the code
 This is the OpenMP version of the code
 This is the OpenMP version of the code
 This is the OpenMP version of the code
 This is the OpenMP version of the code
 This is the OpenMP version of the code
 This is the OpenMP version of the code
 This is the OpenMP version of the code
 This is the OpenMP version of the code
 This is the OpenMP version of the code
 This is the OpenMP version of the code
 This is the OpenMP version of the code
 This is the OpenMP version of the code
 This is the OpenMP version of the code
 This is the OpenMP version of the code
 This is the OpenMP version of the code
 This is the OpenMP version of the code
 This is the OpenMP version of the code
 This is the OpenMP version of the code
 This is the OpenMP version of the code
 This is the OpenMP version of the code
 This is the OpenMP version of the code
 This is the OpenMP version of the code
 This is the OpenMP version of the code
 This is the OpenMP version of the code
 This is the OpenMP version of the code
 This is the OpenMP version of the code
 This is the OpenMP version of the code
 This is the OpenMP version of the code
 This is the OpenMP version of the code
 This is the OpenMP version of the code
 This is the OpenMP version of the code
 This is the OpenMP version of the code
 This is the OpenMP version of the code
 This is the OpenMP version of the code
 This is the OpenMP version of the code
 This is the OpenMP version of the code
 This is the OpenMP version of the code
 This is the OpenMP version of the code
 This is the OpenMP version of the code
 This is the OpenMP version of the code
 This is the OpenMP version of the code
 This is the OpenMP version of the code
 This is the OpenMP version of the code
 This is the OpenMP version of the code
 This is the OpenMP version of the code
 This is the OpenMP version of the code
 This is the OpenMP version of the code
 This is the OpenMP version of the code
 This is the OpenMP version of the code
 This is the OpenMP version of the code
 This is the OpenMP version of the code
 This is the OpenMP version of the code
 This is the OpenMP version of the code
 This is the OpenMP version of the code
 This is the OpenMP version of the code
 This is the OpenMP version of the code
 This is the OpenMP version of the code
 This is the OpenMP version of the code
 This is the OpenMP version of the code

 The execution started at 15h 51min on the 11/ 4/2025

    ===========================================================
    !                                                         !
    !                        Do N O F                         !
    !                                                         !
    !  (Donostia Natural Orbital Functional Software Program) !
    !                                                         !
    !               COPYRIGHT by Mario Piris                  !
    !                                                         !
    !      Donostia International Physics Center (DIPC)       !
    !       University of the Basque Country (UPV/EHU)        !
    !       Basque Foundation for Science (IKERBASQUE)        !
    !                                                         !
    !          GNU General Public License version 3           !
    !                                                         !
    !                  VERSION: October 2025                  !
    !                                                         !
    ===========================================================

 Run Title
 ---------
  Molname                                                                        

 Basis Set
 ---------
 /home/pobleyef/DoNOFsw/basis/def2-QZVP.bas                                      

 Atom      Charge                Coordinates (Bohr)
                           x             y             z
 BI         83.0        0.0000        1.4460        0.0000
 H           1.0        2.7145       -0.4820        0.0000
 H           1.0       -1.3573       -0.4820        2.3508
 H           1.0       -1.3573       -0.4820       -2.3508

 Atomic Basis Set
 ----------------
 The contracted primitive functions were unnormalized
 The contracted basis functions are now normalized to unity

  Shell Type  Primitive         Exponent  Contraction Coefficient

 BI        

      1   S       1          8131.0900000    0.000071272491
      1   S       2          1225.7700000    0.000491534422
      1   S       3           274.6720000    0.001681047724
      1   S       4            37.6164000    0.049689214733
      1   S       5            23.4804000   -0.391571066701
      1   S       6            14.1065000    1.503421929557
      1   S       7             8.8130500   -1.338578488080
      1   S       8             5.5077800   -1.565252044517
      1   S       9             2.0397700    1.896580652442

      2   S      10            13.6142845    0.353370847250
      2   S      11            11.0108818   -0.607520655341
      2   S      12             2.2630090    1.173430725347

      3   S      13             1.0975227    1.000000000000

      4   S      14             0.5234445    1.000000000000

      5   S      15             0.2673441    1.000000000000

      6   S      16             0.1283661    1.000000000000

      7   S      17             0.0600977    1.000000000000

      8   P      18            99.5914000    0.000399211808
      8   P      19            19.8964000   -0.023048136078
      8   P      20            12.4376000    0.202428077813
      8   P      21             7.7740000   -0.437928430983
      8   P      22             4.8399500   -0.063760817779
      8   P      23             2.2547800    0.610221786224
      8   P      24             1.1804900    0.601499123591

      9   P      25             9.6213215   -0.058623300736
      9   P      26             4.1321351    0.295830548167
      9   P      27             1.2785828    0.806726143951

     10   P      28             0.5942360    1.000000000000

     11   P      29             0.2579417    1.000000000000

     12   P      30             0.1127360    1.000000000000

     13   P      31             0.0477920    1.000000000000

     14   D      32            69.6327992    0.000430975016
     14   D      33            14.8886150    0.010030864746
     14   D      34             6.5949629   -0.103152960833
     14   D      35             4.1796108    0.034465181552
     14   D      36             2.5697950    0.248366675156
     14   D      37             1.5601365    0.413338685568
     14   D      38             0.8921053    0.425728150361

     15   D      39             0.4809373    1.000000000000

     16   D      40             0.2423362    1.000000000000

     17   D      41             0.1044000    1.000000000000

     18   F      42             2.7210175    1.000000000000

     19   F      43             1.2625600    1.000000000000

     20   F      44             0.4803000    1.000000000000

     21   F      45             0.2006000    1.000000000000

     22   G      46             0.4203000    1.000000000000

 H         

     23   S      47           190.6916900    0.005342636962
     23   S      48            28.6055320    0.041252338243
     23   S      49             6.5095943    0.210993525698
     23   S      50             1.8412455    0.812128545862

     24   S      51             0.5985373    1.000000000000

     25   S      52             0.2139762    1.000000000000

     26   S      53             0.0803163    1.000000000000

     27   P      54             2.2920000    1.000000000000

     28   P      55             0.8380000    1.000000000000

     29   P      56             0.2920000    1.000000000000

     30   D      57             2.0620000    1.000000000000

     31   D      58             0.6620000    1.000000000000

     32   F      59             1.3970000    1.000000000000

 H         

     33   S      60           190.6916900    0.005342636962
     33   S      61            28.6055320    0.041252338243
     33   S      62             6.5095943    0.210993525698
     33   S      63             1.8412455    0.812128545862

     34   S      64             0.5985373    1.000000000000

     35   S      65             0.2139762    1.000000000000

     36   S      66             0.0803163    1.000000000000

     37   P      67             2.2920000    1.000000000000

     38   P      68             0.8380000    1.000000000000

     39   P      69             0.2920000    1.000000000000

     40   D      70             2.0620000    1.000000000000

     41   D      71             0.6620000    1.000000000000

     42   F      72             1.3970000    1.000000000000

 H         

     43   S      73           190.6916900    0.005342636962
     43   S      74            28.6055320    0.041252338243
     43   S      75             6.5095943    0.210993525698
     43   S      76             1.8412455    0.812128545862

     44   S      77             0.5985373    1.000000000000

     45   S      78             0.2139762    1.000000000000

     46   S      79             0.0803163    1.000000000000

     47   P      80             2.2920000    1.000000000000

     48   P      81             0.8380000    1.000000000000

     49   P      82             0.2920000    1.000000000000

     50   D      83             2.0620000    1.000000000000

     51   D      84             0.6620000    1.000000000000

     52   F      85             1.3970000    1.000000000000

 Total Number of Basis Set Shells             =   52
 Total Number of Primitives                   =   85
 Number of Spherical Gaussian Basis Functions =  172
 Total Number of Auxiliary Basis Set Shells   =   71
 Number of Sph. Gaussian Auxiliary Set Func.  =  305
 Number of Electrons                          =   86
 Charge of Molecule                           =    0
 Spin Multiplicity                            =    1
 Number of Occupied Orbitals (Alpha)          =   43
 Number of Occupied Orbitals (Beta )          =   43
 Total Number of Atoms                        =    4

 Nuclear Energy =       75.4227459649

 Note: This calculation is using an effective core potential
 so NE and ENUC will be adjusted later after removal of the Core

 Input Run Options
 -----------------
 IRUNTYP = 1  MULT = 1  ICHARG =  0 IECP = 1  IEMOM = 1  UNITS = ANGS    

 ECP Potentials
 --------------
 Parameters for "BI-ECP  " on Atom  1 with ZCORE 60 and LMAX 3 are

 for L= 3      COEFF    N           ZETA
    1       13.71338    2        4.21455
    1       18.19431    2        4.13340
 for L= 0      COEFF    N           ZETA
    1      283.26423    2       13.04309
    1       62.47196    2        8.22168
    1      -13.71338    2        4.21455
    1      -18.19431    2        4.13340
 for L= 1      COEFF    N           ZETA
    1       72.00150    2       10.46778
    1      144.00228    2        9.11890
    1        5.00795    2        6.75479
    1        9.99155    2        6.25259
    1      -13.71338    2        4.21455
    1      -18.19431    2        4.13340
 for L= 2      COEFF    N           ZETA
    1       36.39626    2        8.08147
    1       54.59766    2        7.89060
    1        9.98429    2        4.95556
    1       14.98148    2        4.70456
    1      -13.71338    2        4.21455
    1      -18.19431    2        4.13340

 The ECP removes  60 core electrons and  60 protons

 Number of electrons kept in the run =   26
 Number of occupied orbitals (Alpha) =   13
 Number of occupied orbitals (Beta)  =   13

 Adjusted Nuclear Energy =       21.3615357046


 Integral Options
 ----------------
 ERITYP = RI     AUX = JKFIT

 Input NOF Options
 -----------------

 Natural Orbital Functional Selected:    (IPNOF)         8
 Scaled version of GNOF (GNOFs):         (Imod)          2

 Type of calculation = ICOEF2 + ICOEF1:  (ICOEF)        21
 Use Softmax function for Occ. Opt.:     (ISOFTMAX)      1
 Type of Orb. Opt. = Orbital Rotations:  (IORBOPT)       2
 Maximum Number of Coef Outer Iter.:     (MAXIT21)       3
 Maximum Number of Occ-Coef Outer Iter.: (MAXIT)      1000

 Restart calculation Option:             (RESTART)       F
 Restart Gamma Matrix from GCF file:     (INPUTGAMMA)    1
 Coefficient Matrix from GCF file:       (INPUTC)        1
 Diagonal Elements FMIUG from GCF file:  (INPUTFMIUG)    0
 Cartesian Coordinates from GCF file:    (INPUTCXYZ)     0

 Threshold Lambda Convergence=10**(-N):  (NTHRESHL)      3
 Threshold Energy Convergence=10**(-N):  (NTHRESHE)      5
 Max. Number of Inner Coef. Iterations:  (MAXLOOP)      10
 Orthogonalize the initial Orbitals:     (ORTHO)         T

 Output Option:                          (NPRINT)        0
 Output the Coefficient Matrix:          (IWRITEC)       0
 Do a Mulliken Population Analysis:      (IMULPOP)       0
 Write Information into a WFN file:      (IAIMPAC)       1
 Write Information into a FCHK file:     (IFCHK)         1
 Write Information into a MLP file:      (MOLDEN)        1
 Create Ini. Cond. (ini.xyz) file:       (INICOND)       1
 Calculate IPs using Ext. Koopmans Theo: (IEKT)          0
 Write APSG expansion coefficient file:  (APSG)          F
 Output option for Lagrange Multipliers: (PRINTLAG)      F
 Diagonalize matrix of Lag. Multipliers: (DIAGLAG)       F

------------------------------------------------------------------------

 Orbital Space
 -------------

 You are doing a perfect pairing calculation: NCWO=1

 Inactive Doubly occupied orbitals up to NO1  =    0
 No. considered Strongly Doubly occupied MOs  =   13
 No. considered Strongly Singly occupied MOs  =    0
 NO. of Weakly occ. per St. Doubly occ.  MOs (NCWO)   =    1
 Dimension of the Active Nat. Orb. subspace   =   26
 Secondary Empty orbitals                     =  146

 1e- integrals
 -------------
 Time to do integrals =      0.26

 2e- integrals
 -------------
 DONTW option skips storage 2e- integrals on Unit 1
 Time to do integrals =      0.23

 No violations of the orthonormality

   INITIAL VALUES
  =================

   OM     Occupation      Elag Diag

    1      1.9999951     -6.6839247
    2      1.9999920     -4.2677940
    3      1.9999945     -4.2705921
    4      1.9999989     -4.2632366
    5      1.9994479     -1.3240265
    6      1.9999531     -1.3175444
    7      1.9997155     -1.2837532
    8      1.9999733     -1.2911536
    9      1.9876367     -0.9936615
   10      1.9999932     -0.8371640
   11      1.9956912     -0.7514502
   12      1.9947458     -0.4438313
   13      1.9999993     -0.3962980
   14      0.0000007     -0.0000024
   15      0.0052542     -0.0134707
   16      0.0043088     -0.0123767
   17      0.0000068     -0.0000206
   18      0.0123633     -0.0300228
   19      0.0000267     -0.0000808
   20      0.0002845     -0.0008904
   21      0.0000469     -0.0001148
   22      0.0005521     -0.0012240
   23      0.0000011     -0.0000047
   24      0.0000055     -0.0000473
   25      0.0000080     -0.0000253
   26      0.0000049     -0.0000160

   RO Sum (  26) =   26.00

  ---------------
   Dipole Moment
  ---------------

      1.0523 Debye [   0.4140  (   0.0055,   0.4140,  -0.0037) ]


  RESULTS OF OCCUPATION-COEFFICIENT OPTIMIZATION
 ================================================

  Ex It  Occ Time  Orb Time  Orb It   Electronic Energy     Total Energy   Energy Convergency    Max Mul-Lag Diff

    1    1.1E-01   3.9E+01      10    -236.7268982267     -215.3653625221     0.0000000000           0.012461
    2    6.7E-02   6.2E+00      40    -236.7437702335     -215.3822345289    -0.0168720067           0.001674
    3    4.1E-02   6.5E+00      50    -236.7690858395     -215.4075501349    -0.0253156060           0.002719
    4    4.1E-02   9.1E+00      60    -236.7946778823     -215.4331421777    -0.0255920428           0.003187
    5    6.0E-02   8.9E+00      60    -237.0011070866     -215.6395713820    -0.2064292043           0.005279
    6    4.3E-02   8.0E+00      60    -237.0967296288     -215.7351939242    -0.0956225422           0.005625
    7    4.2E-02   1.4E+01      60    -237.1412226898     -215.7796869852    -0.0444930610           0.004832
    8    5.7E-02   7.8E+00      60    -237.1638780070     -215.8023423024    -0.0226553172           0.002618
    9    4.2E-02   8.1E+00      60    -237.1754940566     -215.8139583520    -0.0116160497           0.002225
   10    4.2E-02   8.3E+00      60    -237.1828926294     -215.8213569248    -0.0073985728           0.001776
   11    4.5E-02   8.9E+00      60    -237.1892704242     -215.8277347196    -0.0063777948           0.001255
   12    5.8E-02   7.9E+00      60    -237.1937559463     -215.8322202417    -0.0044855221           0.001142
   13    4.2E-02   8.0E+00      60    -237.1961820433     -215.8346463387    -0.0024260970           0.001149
   14    4.2E-02   5.6E+00      41    -237.1971447129     -215.8356090083    -0.0009626696           0.000996
   15    4.1E-02   6.3E+00      46    -237.1976470366     -215.8361113320    -0.0005023237           0.000968
   16    4.2E-02   1.1E-01       0    -237.1976619361     -215.8361262315    -0.0000148995           0.000966
   17    4.2E-02   5.5E-02       0    -237.1976619368     -215.8361262322     0.0000000705           0.000966


  RESULTS OF THE OCCUPATION OPTIMIZATION
 ========================================

   OM     Occupation      Elag Diag

    1      1.9984760     -6.6876539
    2      1.9969657     -4.2690573
    3      1.9969399     -4.2687927
    4      1.9945549     -4.2615245
    5      1.9852958     -1.2966031
    6      1.9851690     -1.2620674
    7      1.9851210     -1.2341216
    8      1.9850766     -1.2622458
    9      1.9849174     -1.1989735
   10      1.9848927     -1.1980362
   11      1.9625989     -0.4277733
   12      1.9617890     -0.4208529
   13      1.9617620     -0.4231283
   14      0.0382380     -0.0354087
   15      0.0382110     -0.0352121
   16      0.0374011     -0.0347263
   17      0.0151073     -0.0345147
   18      0.0150826     -0.0344682
   19      0.0149234     -0.0348213
   20      0.0148790     -0.0345084
   21      0.0148310     -0.0347334
   22      0.0147042     -0.0349554
   23      0.0054451     -0.0267576
   24      0.0030601     -0.0125541
   25      0.0030343     -0.0124047
   26      0.0015240     -0.0091482

   RO Sum (  26) =   26.00

  ---------------
   Dipole Moment
  ---------------

      1.0266 Debye [   0.4039  (  -0.0022,   0.4039,   0.0005) ]

 ----------------
  Final Energies  
 ----------------

  Final NOF Total Energy =     -215.8361262322 ( 1.E-03 , 0.E+00 )


  **************************************************
  *                                                *
  *       SINGLE-POINT DoNOF CALCULATION           *
  *                                                *
  *             FULL OPTIMIZATION                  *
  *                                                *
  *  FINAL RESULTS   FINAL RESULTS  FINAL RESULTS  *
  *                                                *
  **************************************************

  **************************************************
  *         No. EXTERNAL ITER =    17              *
  *         No. of TOTAL ITER =   787              *
  **************************************************

  Elapsed real time :    154.41  (Seconds)

 The execution finished at 15h 54min on the 11/ 4/2025
Recovering execution output...
Moving from /scratch/pobleyef/345659 to /home-nas/pobleyef/Slim-NOF/ncwo1/Slim16/GNOFs25/arina.345659
mkdir -p /home-nas/pobleyef/Slim-NOF/ncwo1/Slim16/GNOFs25/arina.345659
mv /scratch/pobleyef/345659/* /home-nas/pobleyef/Slim-NOF/ncwo1/Slim16/GNOFs25/arina.345659
