Computing Integrals
Basis Set                                            = def2-qzvp
Auxiliary Basis Set                                  = def2-universal-jkfit
Gaussian Type                                        = Spherical
Elapsed time:    8.40 Seconds

Number of basis functions                   (NBF)    = 147
Number of auxiliary basis functions         (NBFAUX) = 131
Inactive Doubly occupied orbitals up to     (NO1)    = 0
No. considered Strongly Doubly occupied MOs (NDOC)   = 5
No. considered Strongly Singly occupied MOs (NSOC)   = 0
NO. of Weakly occ. per St. Doubly occ.  MOs (NCWO)   = 1
Dimension of the Nat. Orb. subspace         (NBF5)   = 10
No. of electrons                                     = 10
    No. of alpha electrons                           = 5
    No. of beta electrons                            = 5
Multiplicity                                         = 1

Geometry
========
 N      -0.0000002       0.2832465       0.0000000
 H       0.9362327      -0.0944155       0.0000000
 H      -0.4681163      -0.0944155       0.8108010
 H      -0.4681163      -0.0944155      -0.8108010

No violations of the orthonormality
No violations of the orthonormality
 
PNOF8/ADABelief Calculation
==================
 
  Nitext  Nit_orb  Time   Nit_occ  Time         Eelec          Etot           Ediff      maxdiff    MaxGrad_orb  Grad_occ
     1      10    5.6e+01    0    6.7e+01   -68.38871306   -56.40198020 -10067.38871306   0.000500   2.0e-03   1.4e-04 0.03
 
RESULTS OF THE OCCUPATION OPTIMIZATION
========================================
   1    1.9997200  -15.54773885
   2    1.9884955  -1.06340251
   3    1.9693071  -0.61418883
   4    1.9692391  -0.61413566
   5    1.9692044  -0.61407580
   6    0.0307956  -0.03092286
   7    0.0307609  -0.03091041
   8    0.0306929  -0.03090155
   9    0.0115045  -0.01812117
  10    0.0002800  -0.00731205
 
----------------
 Final Energies 
----------------
Final NOF Total Energy =     -56.4019802
 
Total Orbital Internal Iterations = 10
Total Occupation Internal Iterations = 0
 
Elapsed time:  158.86 Seconds

---------------------------------
   Lowdin Population Analysis    
---------------------------------
 Idx  Atom   Population   Charge 
---------------------------------
  1     N     6.410       0.590
  2     H     1.197      -0.197
  3     H     1.197      -0.197
  4     H     1.197      -0.197

---------------------------------
   M Diagnostic: 0.03
---------------------------------

