Computing Integrals
Basis Set                                            = def2-qzvp
Auxiliary Basis Set                                  = def2-universal-jkfit
Gaussian Type                                        = Spherical
Elapsed time:   20.81 Seconds

Number of basis functions                   (NBF)    = 298
Number of auxiliary basis functions         (NBFAUX) = 436
Inactive Doubly occupied orbitals up to     (NO1)    = 0
No. considered Strongly Doubly occupied MOs (NDOC)   = 25
No. considered Strongly Singly occupied MOs (NSOC)   = 0
NO. of Weakly occ. per St. Doubly occ.  MOs (NCWO)   = 1
Dimension of the Nat. Orb. subspace         (NBF5)   = 50
No. of electrons                                     = 50
    No. of alpha electrons                           = 25
    No. of beta electrons                            = 25
Multiplicity                                         = 1

Geometry
========
 O       3.9729800      -2.0225900       0.2935700
Cl       2.8519200      -1.8489400      -0.6073500
 O       3.1169100      -2.4049100      -1.9307000
 O       1.6086900      -2.4507700      -0.0408500
 O       2.5759400      -0.3364200      -0.7709200

No violations of the orthonormality
No violations of the orthonormality
 
PNOF8/ADABelief Calculation
==================
 
  Nitext  Nit_orb  Time   Nit_occ  Time         Eelec          Etot           Ediff      maxdiff    MaxGrad_orb  Grad_occ
     1      10    6.4e+01    0    6.7e+01 -1037.43009870  -759.96664800 -11036.43009870   0.000482   1.9e-03   1.8e-04 0.04
 
RESULTS OF THE OCCUPATION OPTIMIZATION
========================================
   1    1.9999747  -105.02969243
   2    1.9998055  -20.41291870
   3    1.9997256  -20.40537675
   4    1.9997340  -20.40206094
   5    1.9998162  -20.39585139
   6    1.9994102  -10.65552032
   7    1.9991823  -8.14130685
   8    1.9987983  -8.13812353
   9    1.9992352  -8.13472371
  10    1.9957739  -1.40988894
  11    1.9955667  -1.16518280
  12    1.9953371  -1.12485143
  13    1.9903808  -0.99165151
  14    1.9884625  -0.88427096
  15    1.9864075  -0.63662543
  16    1.9798214  -0.58450353
  17    1.9796513  -0.52439528
  18    1.9786253  -0.43708413
  19    1.9854395  -0.43263485
  20    1.9585077  -0.35392747
  21    1.9590825  -0.34729075
  22    1.9587179  -0.34355965
  23    1.9593850  -0.32981284
  24    1.9593682  -0.32770814
  25    1.9597812  -0.32616549
  26    0.0402188  -0.04863769
  27    0.0406318  -0.04947870
  28    0.0406150  -0.04978977
  29    0.0412821  -0.05222622
  30    0.0409175  -0.05180165
  31    0.0414923  -0.05290802
  32    0.0145605  -0.02272990
  33    0.0213747  -0.02720032
  34    0.0203487  -0.02775670
  35    0.0201786  -0.02817433
  36    0.0135925  -0.02280482
  37    0.0115375  -0.02292088
  38    0.0096192  -0.02227883
  39    0.0046629  -0.01627449
  40    0.0044333  -0.01517212
  41    0.0042261  -0.01661564
  42    0.0007648  -0.01523626
  43    0.0012017  -0.01957541
  44    0.0008177  -0.01519076
  45    0.0005898  -0.01391269
  46    0.0001838  -0.00640635
  47    0.0002660  -0.00818790
  48    0.0002744  -0.00817252
  49    0.0001945  -0.00661425
  50    0.0000253  -0.00499495
 
----------------
 Final Energies 
----------------
Final NOF Total Energy =    -759.9666480
 
Total Orbital Internal Iterations = 10
Total Occupation Internal Iterations = 0
 
Elapsed time:  168.20 Seconds

---------------------------------
   Lowdin Population Analysis    
---------------------------------
 Idx  Atom   Population   Charge 
---------------------------------
  1     O     8.193      -0.193
  2    Cl    17.044      -0.044
  3     O     8.204      -0.204
  4     O     8.251      -0.251
  5     O     8.308      -0.308

---------------------------------
   M Diagnostic: 0.04
---------------------------------

