Computing Integrals
Basis Set                                            = def2-qzvp
Auxiliary Basis Set                                  = def2-universal-jkfit
Gaussian Type                                        = Spherical
Elapsed time:    1.73 Seconds

Number of basis functions                   (NBF)    = 76
Number of auxiliary basis functions         (NBFAUX) = 130
Inactive Doubly occupied orbitals up to     (NO1)    = 0
No. considered Strongly Doubly occupied MOs (NDOC)   = 6
No. considered Strongly Singly occupied MOs (NSOC)   = 0
NO. of Weakly occ. per St. Doubly occ.  MOs (NCWO)   = 1
Dimension of the Nat. Orb. subspace         (NBF5)   = 12
No. of electrons                                     = 12
    No. of alpha electrons                           = 6
    No. of beta electrons                            = 6
Multiplicity                                         = 1

Geometry
========
Na       0.0000000       0.0000000      -0.9485832
 H       0.0000000       0.0000000       0.9485832

No violations of the orthonormality
No violations of the orthonormality
 
PNOF8/ADAM Calculation
==================
 
  Nitext  Nit_orb  Time   Nit_occ  Time         Eelec          Etot           Ediff      maxdiff    MaxGrad_orb  Grad_occ
     1      10    9.0e+00    6    1.2e+01  -161.62823752  -158.56001041 -10160.62823752   0.711374   2.8e+00   2.0e-04 0.00
     2      10    2.4e-02    2    3.3e-04  -163.59159592  -160.52336881    -1.96335840   0.453092   1.8e+00   1.1e-04 0.00
     3      10    1.9e-02    2    3.3e-04  -164.52939861  -161.46117149    -0.93780269   0.272575   1.1e+00   1.5e-04 0.01
     4      10    8.1e-03    2    3.0e-04  -164.85475433  -161.78652722    -0.32535572   0.124192   5.0e-01   1.8e-04 0.01
     5      10    8.1e-03    2    2.9e-04  -164.95343765  -161.88521054    -0.09868333   0.134569   5.4e-01   1.5e-04 0.01
     6      10    7.0e-03    2    1.8e-03  -164.99783473  -161.92960762    -0.04439708   0.088236   3.5e-01   1.5e-04 0.01
     7      10    7.4e-03    4    4.4e-04  -165.02523627  -161.95700916    -0.02740154   0.083550   3.3e-01   1.5e-05 0.01
     8      10    1.7e-02    4    3.5e-04  -165.05350589  -161.98527878    -0.02826962   0.064451   2.6e-01   3.3e-06 0.01
     9      10    7.0e-03    3    3.3e-04  -165.09551982  -162.02729271    -0.04201393   0.063959   2.6e-01   9.0e-05 0.01
    10      10    6.9e-03    2    3.1e-04  -165.17575881  -162.10753170    -0.08023899   0.096125   3.8e-01   1.6e-04 0.01
    11      10    7.4e-03    1    1.8e-03  -165.25787503  -162.18964792    -0.08211622   0.115553   4.6e-01   1.6e-04 0.01
    12      10    1.6e-02    1    2.9e-04  -165.35612692  -162.28789981    -0.09825189   0.125076   5.0e-01   8.2e-05 0.01
    13      10    9.1e-03    1    3.6e-04  -165.39535552  -162.32712841    -0.03922860   0.123804   5.0e-01   6.6e-05 0.01
    14      10    1.1e-02    1    2.8e-04  -165.44781020  -162.37958309    -0.05245468   0.111023   4.4e-01   1.1e-04 0.01
    15      10    8.1e-03    2    4.4e-04  -165.47289909  -162.40467198    -0.02508890   0.129807   5.2e-01   7.0e-05 0.01
    16      10    1.0e-02    1    1.8e-03  -165.50117997  -162.43295286    -0.02828087   0.106653   4.3e-01   1.2e-04 0.01
    17      10    7.2e-03    1    3.0e-04  -165.51391316  -162.44568605    -0.01273319   0.115561   4.6e-01   1.5e-04 0.01
    18      10    1.9e-02    1    3.0e-04  -165.52309858  -162.45487146    -0.00918541   0.121215   4.8e-01   1.7e-04 0.01
    19      10    7.2e-03    1    5.4e-04  -165.53120783  -162.46298071    -0.00810925   0.117005   4.7e-01   1.7e-04 0.01
    20      10    1.8e-02    0    2.8e-04  -165.53743656  -162.46920945    -0.00622873   0.117632   4.7e-01   1.1e-04 0.01
    21      20    2.1e-02    0    4.0e-04  -165.55250172  -162.48427461    -0.01506516   0.048613   1.9e-01   1.7e-04 0.01
    22      30    2.4e-02    1    3.1e-04  -165.58505432  -162.51682721    -0.03255261   0.020733   8.3e-02   1.0e-04 0.01
    23      30    2.3e-02    1    3.0e-04  -165.59938272  -162.53115561    -0.01432840   0.008382   3.4e-02   6.7e-05 0.01
    24      30    2.7e-02    0    2.7e-04  -165.60135942  -162.53313231    -0.00197670   0.008935   3.6e-02   1.5e-04 0.01
    25      40    6.0e-02    1    4.5e-04  -165.60277393  -162.53454682    -0.00141451   0.006846   2.7e-02   7.2e-05 0.01
    26      40    5.1e-02    0    2.8e-04  -165.60277457  -162.53454746    -0.00000064   0.006846   2.7e-02   7.2e-05 0.01
    27      60    4.3e-02    0    2.7e-04  -165.60314928  -162.53492217    -0.00037471   0.001191   4.8e-03   1.3e-04 0.01
    28      70    4.9e-02    0    2.8e-04  -165.60314928  -162.53492217     0.00000000   0.001191   4.8e-03   1.3e-04 0.01
    29      31    2.6e-02    0    3.9e-04  -165.60316370  -162.53493659    -0.00001442   0.000498   2.0e-03   1.6e-04 0.01
 
RESULTS OF THE OCCUPATION OPTIMIZATION
========================================
   1    1.9999120  -40.48090772
   2    1.9975553  -2.80712242
   3    1.9967165  -1.31184258
   4    1.9967301  -1.30198251
   5    1.9967212  -1.28060152
   6    1.9898925  -0.96128014
   7    0.0101075  -0.02979556
   8    0.0032788  -0.01175274
   9    0.0032699  -0.01180491
  10    0.0032835  -0.01184458
  11    0.0024447  -0.01169579
  12    0.0000880  -0.00661847
 
----------------
 Final Energies 
----------------
Final NOF Total Energy =    -162.5349366
 
Total Orbital Internal Iterations = 551
Total Occupation Internal Iterations = 42
 
Elapsed time:   27.49 Seconds

---------------------------------
   Lowdin Population Analysis    
---------------------------------
 Idx  Atom   Population   Charge 
---------------------------------
  1    Na    10.781       0.219
  2     H     1.219      -0.219

---------------------------------
   M Diagnostic: 0.01
---------------------------------

