Computing Integrals
Basis Set                                            = def2-qzvp
Auxiliary Basis Set                                  = def2-universal-jkfit
Gaussian Type                                        = Spherical
Elapsed time:    8.31 Seconds

Number of basis functions                   (NBF)    = 261
Number of auxiliary basis functions         (NBFAUX) = 285
Inactive Doubly occupied orbitals up to     (NO1)    = 0
No. considered Strongly Doubly occupied MOs (NDOC)   = 15
No. considered Strongly Singly occupied MOs (NSOC)   = 0
NO. of Weakly occ. per St. Doubly occ.  MOs (NCWO)   = 1
Dimension of the Nat. Orb. subspace         (NBF5)   = 30
No. of electrons                                     = 30
    No. of alpha electrons                           = 15
    No. of beta electrons                            = 15
Multiplicity                                         = 1

Geometry
========
 H       0.0000000       1.1641500       0.0000000
 H       1.0081830      -0.5820750       0.0000000
 H      -1.0081830      -0.5820750       0.0000000
 F      -0.5275200      -1.3957780       0.0000000
 F      -0.9450190       1.1547350       0.0000000
 F       1.4725400       0.2410430       0.0000000

No violations of the orthonormality
No violations of the orthonormality
 
PNOF8/ADABelief Calculation
==================
 
  Nitext  Nit_orb  Time   Nit_occ  Time         Eelec          Etot           Ediff      maxdiff    MaxGrad_orb  Grad_occ
     1      10    3.0e+01    0    3.9e+01  -380.14470905  -300.79663717 -10379.14470905   0.000499   2.0e-03   2.2e-04 0.03
 
RESULTS OF THE OCCUPATION OPTIMIZATION
========================================
   1    1.9998562  -26.36861396
   2    1.9998577  -26.36860161
   3    1.9998584  -26.36854963
   4    1.9917465  -1.56429933
   5    1.9917389  -1.56411013
   6    1.9917235  -1.56366976
   7    1.9669823  -0.83373790
   8    1.9670847  -0.83371304
   9    1.9670278  -0.83367258
  10    1.9856775  -0.79652362
  11    1.9856671  -0.79621970
  12    1.9856312  -0.79583014
  13    1.9830090  -0.71362274
  14    1.9829199  -0.71137352
  15    1.9829064  -0.70959637
  16    0.0170936  -0.02463137
  17    0.0170801  -0.02462352
  18    0.0169910  -0.02456997
  19    0.0143688  -0.02408293
  20    0.0143329  -0.02407692
  21    0.0143225  -0.02407948
  22    0.0329722  -0.04606866
  23    0.0329153  -0.04604678
  24    0.0330177  -0.04609869
  25    0.0082765  -0.02256478
  26    0.0082611  -0.02256555
  27    0.0082535  -0.02257285
  28    0.0001416  -0.00623139
  29    0.0001423  -0.00624101
  30    0.0001438  -0.00626379
 
----------------
 Final Energies 
----------------
Final NOF Total Energy =    -300.7966372
 
Total Orbital Internal Iterations = 10
Total Occupation Internal Iterations = 0
 
Elapsed time:   97.46 Seconds

---------------------------------
   Lowdin Population Analysis    
---------------------------------
 Idx  Atom   Population   Charge 
---------------------------------
  1     H     1.509      -0.509
  2     H     1.509      -0.509
  3     H     1.509      -0.509
  4     F     8.491       0.509
  5     F     8.491       0.509
  6     F     8.491       0.509

---------------------------------
   M Diagnostic: 0.03
---------------------------------

