Computing Integrals
Basis Set                                            = def2-qzvp
Auxiliary Basis Set                                  = def2-universal-jkfit
Gaussian Type                                        = Spherical
Elapsed time:    3.11 Seconds

Number of basis functions                   (NBF)    = 234
Number of auxiliary basis functions         (NBFAUX) = 226
Inactive Doubly occupied orbitals up to     (NO1)    = 0
No. considered Strongly Doubly occupied MOs (NDOC)   = 10
No. considered Strongly Singly occupied MOs (NSOC)   = 0
NO. of Weakly occ. per St. Doubly occ.  MOs (NCWO)   = 1
Dimension of the Nat. Orb. subspace         (NBF5)   = 20
No. of electrons                                     = 20
    No. of alpha electrons                           = 10
    No. of beta electrons                            = 10
Multiplicity                                         = 1

Geometry
========
 O       0.0007560       1.5232520       0.0000000
 H      -0.0863650       0.5574930       0.0000000
 H      -0.8987880       1.8606430       0.0000000
 O       0.0007560      -1.3961260       0.0000000
 H       0.4865270      -1.7175730       0.7661990
 H       0.4865270      -1.7175730      -0.7661990

No violations of the orthonormality
No violations of the orthonormality
 
PNOF8/ADAM Calculation
==================
 
  Nitext  Nit_orb  Time   Nit_occ  Time         Eelec          Etot           Ediff      maxdiff    MaxGrad_orb  Grad_occ
     1      10    9.9e+00    6    1.2e+01  -177.77317979  -141.28038808 -10176.77317979   0.875417   3.5e+00   1.1e-04 0.01
     2      10    9.9e-01   10    2.9e-02  -184.21726805  -147.72447634    -6.44408826   0.528177   2.1e+00   5.3e-05 0.02
     3      10    9.0e-01    7    5.6e-03  -186.58613316  -150.09334144    -2.36886510   0.445409   1.8e+00   2.3e-04 0.04
     4      10    6.7e-01    7    6.6e-02  -187.77719047  -151.28439876    -1.19105732   0.381108   1.5e+00   4.0e-05 0.04
     5      10    7.4e-01    4    3.3e-02  -188.47410369  -151.98131198    -0.69691322   0.273633   1.1e+00   1.2e-04 0.03
     6      10    5.9e-01    4    1.8e-02  -188.80613892  -152.31334721    -0.33203523   0.154007   6.2e-01   1.6e-04 0.03
     7      10    6.7e-01    5    3.9e-02  -188.93640894  -152.44361723    -0.13027002   0.123739   4.9e-01   6.5e-05 0.03
     8      10    6.8e-01    4    2.8e-02  -188.97385046  -152.48105875    -0.03744152   0.119857   4.8e-01   1.1e-04 0.03
     9      10    8.1e-01    4    6.6e-02  -188.98341550  -152.49062378    -0.00956504   0.128189   5.1e-01   1.0e-04 0.03
    10      10    6.7e-01    3    4.2e-02  -188.98800471  -152.49521300    -0.00458921   0.137103   5.5e-01   1.6e-04 0.03
    11      10    8.2e-01    3    3.1e-02  -188.99245428  -152.49966257    -0.00444958   0.154346   6.2e-01   2.4e-04 0.03
    12      10    1.0e+00    4    2.2e-02  -188.99464463  -152.50185292    -0.00219035   0.137173   5.5e-01   7.0e-05 0.03
    13      10    1.1e+00    2    3.8e-02  -188.99502415  -152.50223243    -0.00037952   0.147403   5.9e-01   1.4e-04 0.03
    14      10    1.4e+00    2    5.2e-02  -188.99541309  -152.50262138    -0.00038894   0.165124   6.6e-01   1.3e-04 0.03
    15      10    8.5e-01    0    3.4e-02  -188.99547289  -152.50268118    -0.00005980   0.165124   6.6e-01   1.3e-04 0.03
    16      30    2.9e+00    3    4.1e-02  -189.01218036  -152.51938865    -0.01670747   0.004360   1.7e-02   1.9e-04 0.03
    17      30    2.7e+00    1    5.1e-02  -189.01288847  -152.52009676    -0.00070811   0.002154   8.6e-03   2.7e-04 0.03
    18      30    3.1e+00    1    1.4e-02  -189.01332765  -152.52053593    -0.00043917   0.001277   5.1e-03   1.9e-04 0.03
    19      30    2.7e+00    2    4.3e-02  -189.01364836  -152.52085664    -0.00032071   0.001741   7.0e-03   1.7e-04 0.03
    20      30    2.7e+00    1    1.1e-02  -189.01392751  -152.52113580    -0.00027915   0.001636   6.5e-03   1.4e-04 0.03
    21      30    3.9e+00    1    2.7e-02  -189.01410784  -152.52131613    -0.00018033   0.001944   7.8e-03   2.1e-04 0.03
    22      30    2.6e+00    1    7.9e-02  -189.01423933  -152.52144762    -0.00013150   0.001744   7.0e-03   1.2e-04 0.03
    23      30    3.6e+00    1    6.5e-02  -189.01430617  -152.52151446    -0.00006684   0.001878   7.5e-03   1.7e-04 0.03
    24      30    2.9e+00    0    4.3e-02  -189.01432143  -152.52152972    -0.00001526   0.045364   1.8e-01   2.8e-04 0.03
    25      40    3.5e+00    0    4.8e-02  -189.01438016  -152.52158845    -0.00005873   0.001121   4.5e-03   2.1e-04 0.03
    26      50    4.7e+00    0    4.1e-02  -189.01438821  -152.52159650    -0.00000805   0.000516   2.1e-03   2.1e-04 0.03
 
RESULTS OF THE OCCUPATION OPTIMIZATION
========================================
   1    1.9998003  -20.61277063
   2    1.9998023  -20.57133202
   3    1.9908531  -1.32004686
   4    1.9902494  -1.27044060
   5    1.9680521  -0.74038289
   6    1.9680415  -0.74019772
   7    1.9673381  -0.68906096
   8    1.9672356  -0.68168395
   9    1.9803495  -0.58012106
  10    1.9786203  -0.51178544
  11    0.0213797  -0.02333962
  12    0.0196505  -0.02295316
  13    0.0327644  -0.03858966
  14    0.0326619  -0.03726088
  15    0.0319585  -0.03755766
  16    0.0319479  -0.03755531
  17    0.0097506  -0.02124362
  18    0.0091469  -0.02051639
  19    0.0001977  -0.00661568
  20    0.0001997  -0.00666899
 
----------------
 Final Energies 
----------------
Final NOF Total Energy =    -152.5215965
 
Total Orbital Internal Iterations = 510
Total Occupation Internal Iterations = 76
 
Elapsed time:   79.16 Seconds

---------------------------------
   Lowdin Population Analysis    
---------------------------------
 Idx  Atom   Population   Charge 
---------------------------------
  1     O     7.364       0.636
  2     H     1.375      -0.375
  3     H     1.342      -0.342
  4     O     7.284       0.716
  5     H     1.317      -0.317
  6     H     1.317      -0.317

---------------------------------
   M Diagnostic: 0.03
---------------------------------

