Computing Integrals
Basis Set                                            = def2-qzvp
Auxiliary Basis Set                                  = def2-universal-jkfit
Gaussian Type                                        = Spherical
Elapsed time:   65.08 Seconds

Number of basis functions                   (NBF)    = 750
Number of auxiliary basis functions         (NBFAUX) = 866
Inactive Doubly occupied orbitals up to     (NO1)    = 0
No. considered Strongly Doubly occupied MOs (NDOC)   = 36
No. considered Strongly Singly occupied MOs (NSOC)   = 0
NO. of Weakly occ. per St. Doubly occ.  MOs (NCWO)   = 1
Dimension of the Nat. Orb. subspace         (NBF5)   = 72
No. of electrons                                     = 72
    No. of alpha electrons                           = 36
    No. of beta electrons                            = 36
Multiplicity                                         = 1

Geometry
========
 N      -0.0468530      -1.2194605      -0.8620798
 H      -0.0487155      -2.2291829      -0.8170372
 C      -1.3053591      -0.6066146      -0.9366763
 O      -2.3202961      -1.2793705      -0.9951928
 C      -1.2397582       0.8445823      -0.9385986
 H      -2.1557488       1.4038634      -1.0191925
 C      -0.0444795       1.4599579      -0.8378946
 H       0.0567111       2.5349602      -0.8286704
 N       1.1245268       0.7561215      -0.7369211
 H       2.0052557       1.2258101      -0.6104698
 C       1.1839476      -0.6252743      -0.6959239
 O       2.2232320      -1.2379350      -0.5369175
 C       0.7164524      -0.4437718       2.4042613
 H       1.7122707      -0.7977577       2.2900426
 C      -0.4281517      -0.0573141       2.5104532
 H      -1.4330342       0.2713862       2.6108173

No violations of the orthonormality
No violations of the orthonormality
 
PNOF8/ADABelief Calculation
==================
 
  Nitext  Nit_orb  Time   Nit_occ  Time         Eelec          Etot           Ediff      maxdiff    MaxGrad_orb  Grad_occ
     1      10    9.3e+01    0    7.0e+01  -986.25256029  -490.92240124 -10985.25256029   0.000881   3.5e-03   1.4e-04 0.05
 
RESULTS OF THE OCCUPATION OPTIMIZATION
========================================
   1    1.9998120  -20.57198367
   2    1.9998127  -20.56834779
   3    1.9996599  -15.63435776
   4    1.9996582  -15.62118167
   5    1.9994829  -11.35703866
   6    1.9994940  -11.33290056
   7    1.9995371  -11.30447231
   8    1.9995445  -11.25061686
   9    1.9995150  -11.24360828
  10    1.9995153  -11.24030133
  11    1.9919077  -1.33395040
  12    1.9902941  -1.24168000
  13    1.9902064  -1.23325546
  14    1.9897071  -1.20122905
  15    1.9877739  -1.03488860
  16    1.9807376  -1.03270120
  17    1.9737579  -0.77988794
  18    1.9697097  -0.77600507
  19    1.9698800  -0.75634990
  20    1.9858695  -0.75625422
  21    1.9696334  -0.74978746
  22    1.9858628  -0.74739504
  23    1.9736397  -0.74163919
  24    1.9755347  -0.73456103
  25    1.9741403  -0.73318711
  26    1.9742319  -0.73299089
  27    1.9686542  -0.70533911
  28    1.9751555  -0.67821440
  29    1.9686479  -0.66521179
  30    1.9700678  -0.64844977
  31    1.9683629  -0.61953396
  32    1.9513925  -0.50462575
  33    1.9536994  -0.50014081
  34    1.9516729  -0.43528457
  35    1.9492808  -0.42494380
  36    1.9492142  -0.42396641
  37    0.0507858  -0.03892092
  38    0.0507192  -0.03909003
  39    0.0483271  -0.04354642
  40    0.0463006  -0.05403694
  41    0.0486075  -0.05507238
  42    0.0316371  -0.04004948
  43    0.0299322  -0.03601689
  44    0.0313521  -0.04057596
  45    0.0248445  -0.02526400
  46    0.0313458  -0.04131599
  47    0.0257681  -0.02879439
  48    0.0258597  -0.02885398
  49    0.0244653  -0.02581854
  50    0.0263603  -0.03008308
  51    0.0141372  -0.02058536
  52    0.0303666  -0.04323546
  53    0.0141305  -0.02089683
  54    0.0301200  -0.04328632
  55    0.0302903  -0.03983482
  56    0.0262421  -0.03061690
  57    0.0192624  -0.02808192
  58    0.0122261  -0.01792537
  59    0.0102929  -0.01471776
  60    0.0097936  -0.01929956
  61    0.0097059  -0.01873797
  62    0.0080923  -0.01345795
  63    0.0004847  -0.00850393
  64    0.0004850  -0.00850883
  65    0.0004555  -0.00810303
  66    0.0004629  -0.00823256
  67    0.0005060  -0.00886101
  68    0.0005171  -0.00904081
  69    0.0003418  -0.00842593
  70    0.0003401  -0.00842008
  71    0.0001873  -0.00645083
  72    0.0001880  -0.00648503
 
----------------
 Final Energies 
----------------
Final NOF Total Energy =    -490.9224012
 
Total Orbital Internal Iterations = 10
Total Occupation Internal Iterations = 0
 
Elapsed time:  212.55 Seconds

---------------------------------
   Lowdin Population Analysis    
---------------------------------
 Idx  Atom   Population   Charge 
---------------------------------
  1     N     6.454       0.546
  2     H     1.121      -0.121
  3     C     6.584      -0.584
  4     O     7.726       0.274
  5     C     5.958       0.042
  6     H     1.069      -0.069
  7     C     6.008      -0.008
  8     H     1.057      -0.057
  9     N     6.453       0.547
 10     H     1.129      -0.129
 11     C     6.701      -0.701
 12     O     7.753       0.247
 13     C     5.858       0.142
 14     H     1.135      -0.135
 15     C     5.856       0.144
 16     H     1.138      -0.138

---------------------------------
   M Diagnostic: 0.05
---------------------------------

