Computing Integrals
Basis Set                                            = def2-qzvp
Auxiliary Basis Set                                  = def2-universal-jkfit
Gaussian Type                                        = Spherical
Elapsed time:    2.62 Seconds

Number of basis functions                   (NBF)    = 140
Number of auxiliary basis functions         (NBFAUX) = 256
Inactive Doubly occupied orbitals up to     (NO1)    = 0
No. considered Strongly Doubly occupied MOs (NDOC)   = 15
No. considered Strongly Singly occupied MOs (NSOC)   = 2
NO. of Weakly occ. per St. Doubly occ.  MOs (NCWO)   = 1
Dimension of the Nat. Orb. subspace         (NBF5)   = 32
No. of electrons                                     = 32
    No. of alpha electrons                           = 17
    No. of beta electrons                            = 15
Multiplicity                                         = 3

Geometry
========
 S       0.0000000       0.0000000       0.9484420
 S       0.0000000       0.0000000      -0.9484420

No violations of the orthonormality
No violations of the orthonormality
 
PNOF8/ADAM Calculation
==================
 
  Nitext  Nit_orb  Time   Nit_occ  Time         Eelec          Etot           Ediff      maxdiff    MaxGrad_orb  Grad_occ
     1      10    9.6e+00    9    1.2e+01  -839.58331164  -768.16666826 -10838.58331164   2.406874   9.6e+00   1.9e-04 0.00
     2      10    7.4e-01    6    6.8e-02  -857.28800620  -785.87136281   -17.70469455   1.275052   5.1e+00   2.0e-04 0.01
     3      10    8.4e-01    5    1.4e-02  -863.11431771  -791.69767432    -5.82631151   0.729793   2.9e+00   2.5e-04 0.02
     4      10    1.0e+00    6    6.6e-02  -865.23110605  -793.81446266    -2.11678834   1.108954   4.4e+00   2.2e-04 0.03
     5      10    7.8e-01    7    4.0e-02  -866.23842412  -794.82178073    -1.00731807   0.332137   1.3e+00   1.1e-04 0.03
     6      10    8.6e-01    6    2.9e-02  -866.62080111  -795.20415772    -0.38237699   0.334051   1.3e+00   2.6e-04 0.04
     7      10    9.8e-01    6    2.3e-02  -866.83096449  -795.41432110    -0.21016338   0.340728   1.4e+00   1.3e-04 0.04
     8      10    7.2e-01    5    2.0e-02  -866.91981248  -795.50316909    -0.08884799   0.329702   1.3e+00   1.2e-04 0.04
     9      10    8.0e-01    6    2.9e-02  -866.95298143  -795.53633804    -0.03316895   0.321286   1.3e+00   6.3e-05 0.04
    10      10    7.7e-01    6    3.2e-02  -866.97342702  -795.55678363    -0.02044559   0.316564   1.3e+00   7.2e-05 0.04
    11      10    8.8e-01    5    3.1e-02  -866.99347068  -795.57682729    -0.02004366   0.391393   1.6e+00   1.8e-04 0.04
    12      10    7.3e-01    4    1.7e-02  -867.00071815  -795.58407476    -0.00724747   0.273327   1.1e+00   2.1e-04 0.04
    13      10    9.1e-01    4    4.1e-02  -867.00581588  -795.58917249    -0.00509773   0.346394   1.4e+00   1.9e-04 0.04
    14      10    9.6e-01    0    3.1e-02  -867.00588990  -795.58924651    -0.00007402   0.346394   1.4e+00   1.9e-04 0.04
    15      30    2.5e+00    5    2.0e-02  -867.05690781  -795.64026442    -0.05101791   0.019223   7.7e-02   1.8e-04 0.04
    16      30    2.3e+00    3    3.0e-02  -867.06078663  -795.64414324    -0.00387882   0.040234   1.6e-01   2.4e-04 0.04
    17      30    2.4e+00    4    3.3e-02  -867.06196818  -795.64532479    -0.00118154   0.014148   5.7e-02   1.7e-04 0.04
    18      30    2.9e+00    3    3.8e-02  -867.06279574  -795.64615235    -0.00082757   0.014373   5.7e-02   2.0e-04 0.04
    19      30    2.6e+00    4    3.9e-02  -867.06371747  -795.64707408    -0.00092173   0.016468   6.6e-02   1.0e-04 0.04
    20      30    2.6e+00    2    6.8e-03  -867.06458253  -795.64793914    -0.00086506   0.011627   4.7e-02   1.4e-04 0.04
    21      30    2.3e+00    2    4.3e-02  -867.06506380  -795.64842041    -0.00048127   0.016383   6.6e-02   1.8e-04 0.04
    22      30    2.6e+00    2    2.3e-02  -867.06555704  -795.64891365    -0.00049324   0.015523   6.2e-02   1.6e-04 0.04
    23      30    2.3e+00    2    2.5e-02  -867.06577515  -795.64913176    -0.00021811   0.014489   5.8e-02   1.6e-04 0.04
    24      30    2.6e+00    2    1.2e-02  -867.06597783  -795.64933444    -0.00020268   0.014413   5.8e-02   1.8e-04 0.04
    25      30    2.5e+00    2    2.2e-02  -867.06602695  -795.64938357    -0.00004912   0.014510   5.8e-02   1.5e-04 0.04
    26      30    3.0e+00    2    1.5e-02  -867.06605736  -795.64941397    -0.00003041   0.014978   6.0e-02   1.5e-04 0.04
    27      30    3.0e+00    2    5.2e-02  -867.06609461  -795.64945122    -0.00003725   0.015934   6.4e-02   1.0e-04 0.04
    28      30    3.0e+00    1    7.5e-02  -867.06621587  -795.64957248    -0.00012126   0.013389   5.4e-02   1.6e-04 0.04
    29      30    3.1e+00    0    3.4e-02  -867.06621925  -795.64957587    -0.00000338   0.013389   5.4e-02   1.6e-04 0.04
    30      50    4.0e+00    2    3.9e-02  -867.06749021  -795.65084682    -0.00127096   0.001024   4.1e-03   9.5e-05 0.04
    31      50    4.6e+00    0    3.1e-02  -867.06749186  -795.65084847    -0.00000165   0.001024   4.1e-03   9.5e-05 0.04
    32      70    6.6e+00    1    4.6e-02  -867.06752369  -795.65088030    -0.00003183   0.000625   2.5e-03   1.7e-04 0.04
 
RESULTS OF THE OCCUPATION OPTIMIZATION
========================================
   1    1.9999727  -92.06107982
   2    1.9999594  -92.05978914
   3    1.9990542  -9.00188711
   4    1.9990497  -8.95208985
   5    1.9985651  -6.74242054
   6    1.9985771  -6.71306821
   7    1.9979043  -6.70956816
   8    1.9985789  -6.69752954
   9    1.9985794  -6.69563681
  10    1.9985777  -6.69555098
  11    1.9911776  -1.06392413
  12    1.9807564  -0.82330617
  13    1.9605160  -0.50834791
  14    1.9710159  -0.50390180
  15    1.9678733  -0.47650139
  16    1.0000000  -0.19537012
  17    1.0000000  -0.19522396
  18    0.0321267  -0.02575391
  19    0.0289841  -0.02523640
  20    0.0394840  -0.05084192
  21    0.0192436  -0.02081811
  22    0.0088224  -0.03060010
  23    0.0014223  -0.02017327
  24    0.0014206  -0.02014302
  25    0.0014211  -0.01962752
  26    0.0020957  -0.02936013
  27    0.0014229  -0.01939384
  28    0.0014349  -0.01846680
  29    0.0009503  -0.01606412
  30    0.0009458  -0.01679120
  31    0.0000406  -0.00659095
  32    0.0000273  -0.00491615
 
----------------
 Final Energies 
----------------
Final NOF Total Energy =    -795.6508803
 
Total Orbital Internal Iterations = 760
Total Occupation Internal Iterations = 114
 
Elapsed time:   97.79 Seconds

---------------------------------
   Lowdin Population Analysis    
---------------------------------
 Idx  Atom   Population   Charge 
---------------------------------
  1     S    15.995       0.005
  2     S    16.005      -0.005

---------------------------------
   M Diagnostic: 0.04
---------------------------------

