Computing Integrals
Basis Set                                            = def2-qzvp
Auxiliary Basis Set                                  = def2-universal-jkfit
Gaussian Type                                        = Spherical
Elapsed time:    2.85 Seconds

Number of basis functions                   (NBF)    = 157
Number of auxiliary basis functions         (NBFAUX) = 223
Inactive Doubly occupied orbitals up to     (NO1)    = 0
No. considered Strongly Doubly occupied MOs (NDOC)   = 13
No. considered Strongly Singly occupied MOs (NSOC)   = 0
NO. of Weakly occ. per St. Doubly occ.  MOs (NCWO)   = 1
Dimension of the Nat. Orb. subspace         (NBF5)   = 26
No. of electrons                                     = 26
    No. of alpha electrons                           = 13
    No. of beta electrons                            = 13
Multiplicity                                         = 1

Geometry
========
 O       0.0361730       1.0996190       0.0000000
 H      -0.9043170       1.3107610       0.0000000
Cl       0.0361730      -0.5945710       0.0000000

No violations of the orthonormality
No violations of the orthonormality
 
PNOF8/ADAM Calculation
==================
 
  Nitext  Nit_orb  Time   Nit_occ  Time         Eelec          Etot           Ediff      maxdiff    MaxGrad_orb  Grad_occ
     1      10    9.9e+00   19    1.2e+01  -536.31478094  -485.20976067 -10535.31478094   2.587380   1.0e+01   1.9e-04 0.03
     2      10    6.7e-01   20    1.3e-02  -567.84681444  -516.74179417   -31.53203351   1.141779   1.2e+01   1.4e-02 0.72
     3      10    5.3e-01    8    4.2e-02  -580.50319703  -529.39817676   -12.65638258   0.591311   2.5e+00   3.3e-02 0.19
     4      10    8.7e-01    9    2.0e-02  -583.80452621  -532.69950594    -3.30132918   0.277850   1.1e+00   1.0e-04 0.05
     5      10    7.4e-01    5    1.1e-02  -585.08902294  -533.98400267    -1.28449673   0.254879   1.0e+00   2.2e-04 0.04
     6      10    9.7e-01    6    1.8e-02  -585.74355601  -534.63853573    -0.65453306   0.219109   8.8e-01   2.1e-04 0.05
     7      10    6.8e-01    7    4.0e-02  -586.03534711  -534.93032684    -0.29179110   0.303010   1.2e+00   1.9e-04 0.05
     8      10    5.7e-01    8    5.2e-02  -586.13458174  -535.02956147    -0.09923463   0.242445   9.7e-01   1.3e-04 0.05
     9      10    6.3e-01    5    5.4e-02  -586.17623027  -535.07121000    -0.04164853   0.224469   9.0e-01   2.2e-04 0.06
    10      10    7.5e-01    3    1.2e-02  -586.20785182  -535.10283155    -0.03162155   0.188853   7.6e-01   2.1e-04 0.06
    11      10    1.3e+00    4    5.3e-02  -586.22333953  -535.11831926    -0.01548770   0.354974   1.4e+00   1.5e-04 0.06
    12      10    7.6e-01    4    2.8e-02  -586.22429796  -535.11927769    -0.00095843   0.314701   1.3e+00   1.3e-04 0.06
    13      10    8.7e-01    4    2.4e-02  -586.24142504  -535.13640477    -0.01712708   0.298649   1.2e+00   7.1e-05 0.06
    14      10    7.4e-01    4    3.1e-02  -586.24813240  -535.14311212    -0.00670735   0.388613   1.6e+00   9.8e-05 0.06
    15      10    1.2e+00    3    3.4e-03  -586.25341958  -535.14839931    -0.00528718   0.323999   1.3e+00   2.1e-04 0.06
    16      10    8.7e-01    3    2.6e-02  -586.25483800  -535.14981773    -0.00141842   0.452882   1.8e+00   1.9e-04 0.05
    17      10    7.5e-01    3    2.1e-02  -586.26445871  -535.15943844    -0.00962071   0.457125   1.8e+00   2.3e-04 0.05
    18      10    8.4e-01    5    4.2e-02  -586.29515653  -535.19013626    -0.03069781   0.369129   1.5e+00   6.9e-05 0.05
    19      10    9.0e-01    3    2.0e-02  -586.32580800  -535.22078773    -0.03065148   0.357038   1.4e+00   1.6e-04 0.05
    20      10    1.1e+00    0    2.0e-02  -586.32586714  -535.22084687    -0.00005913   0.357038   1.4e+00   1.6e-04 0.05
    21      30    3.0e+00    4    3.4e-03  -586.43275978  -535.32773951    -0.10689264   0.075592   3.0e-01   9.8e-05 0.05
    22      30    2.1e+00    4    2.2e-02  -586.47173832  -535.36671805    -0.03897854   0.072257   2.9e-01   1.2e-04 0.05
    23      30    2.1e+00    4    2.0e-02  -586.49947223  -535.39445195    -0.02773391   0.061604   2.5e-01   1.1e-04 0.05
    24      30    3.1e+00    3    6.3e-02  -586.51996241  -535.41494214    -0.02049019   0.050904   2.0e-01   1.4e-04 0.05
    25      30    3.0e+00    2    3.9e-02  -586.53533698  -535.43031671    -0.01537457   0.038181   1.5e-01   2.4e-04 0.05
    26      30    2.6e+00    2    1.4e-02  -586.54669104  -535.44167077    -0.01135406   0.023885   9.6e-02   1.9e-04 0.05
    27      30    2.1e+00    2    2.5e-02  -586.55269891  -535.44767863    -0.00600787   0.023838   9.5e-02   1.8e-04 0.05
    28      30    2.8e+00    2    6.3e-03  -586.55555846  -535.45053819    -0.00285956   0.020130   8.1e-02   1.6e-04 0.05
    29      30    2.0e+00    2    5.4e-03  -586.55658612  -535.45156585    -0.00102766   0.021117   8.4e-02   1.3e-04 0.05
    30      30    2.2e+00    2    3.2e-02  -586.55703790  -535.45201763    -0.00045178   0.021539   8.6e-02   1.7e-04 0.05
    31      30    3.2e+00    2    2.7e-02  -586.55727153  -535.45225126    -0.00023363   0.022333   8.9e-02   1.4e-04 0.05
    32      30    2.6e+00    1    2.0e-02  -586.55758911  -535.45256883    -0.00031757   0.021938   8.8e-02   2.3e-04 0.05
    33      30    2.7e+00    1    1.6e-02  -586.55779347  -535.45277320    -0.00020437   0.020935   8.4e-02   2.2e-04 0.05
    34      30    2.4e+00    0    7.3e-02  -586.55779553  -535.45277526    -0.00000206   0.020935   8.4e-02   2.2e-04 0.05
    35      50    5.0e+00    2    1.9e-02  -586.55901506  -535.45399478    -0.00121952   0.002150   8.6e-03   1.3e-04 0.05
    36      50    4.2e+00    0    4.7e-02  -586.55905146  -535.45403119    -0.00003641   0.004946   2.0e-02   2.3e-04 0.05
    37      60    5.5e+00    1    7.0e-02  -586.55911486  -535.45409459    -0.00006340   0.002440   9.8e-03   1.4e-04 0.05
    38      60    5.2e+00    0    7.7e-02  -586.55912699  -535.45410671    -0.00001213   0.002410   9.6e-03   2.0e-04 0.05
    39      70    5.6e+00    0    3.0e-02  -586.55914650  -535.45412623    -0.00001951   0.003079   1.2e-02   2.2e-04 0.05
    40      80    6.1e+00    2    2.6e-02  -586.55915303  -535.45413276    -0.00000653   0.002319   9.3e-03   1.1e-04 0.05
 
RESULTS OF THE OCCUPATION OPTIMIZATION
========================================
   1    1.9999668  -104.91973903
   2    1.9996933  -20.65676760
   3    1.9993112  -10.59915061
   4    1.9986380  -8.07828067
   5    1.9990185  -8.06974661
   6    1.9990167  -8.06955169
   7    1.9923574  -1.28450915
   8    1.9883761  -1.16087295
   9    1.9672195  -0.74759156
  10    1.9514962  -0.64390904
  11    1.9778385  -0.54830002
  12    1.9778391  -0.54489030
  13    1.9750413  -0.50314527
  14    0.0249587  -0.02813587
  15    0.0221609  -0.02456920
  16    0.0221615  -0.02457779
  17    0.0485038  -0.06862144
  18    0.0327805  -0.03834451
  19    0.0116239  -0.02346529
  20    0.0076426  -0.02876622
  21    0.0009833  -0.01836723
  22    0.0009815  -0.01833078
  23    0.0013620  -0.01933526
  24    0.0006888  -0.01581222
  25    0.0003067  -0.00961556
  26    0.0000332  -0.00627253
 
----------------
 Final Energies 
----------------
Final NOF Total Energy =    -535.4541328
 
Total Orbital Internal Iterations = 990
Total Occupation Internal Iterations = 159
 
Elapsed time:  116.01 Seconds

---------------------------------
   Lowdin Population Analysis    
---------------------------------
 Idx  Atom   Population   Charge 
---------------------------------
  1     O     7.737       0.263
  2     H     1.409      -0.409
  3    Cl    16.854       0.146

---------------------------------
   M Diagnostic: 0.05
---------------------------------

