Computing Integrals
Basis Set                                            = def2-qzvp
Auxiliary Basis Set                                  = def2-universal-jkfit
Gaussian Type                                        = Spherical
Elapsed time:    3.32 Seconds

Number of basis functions                   (NBF)    = 197
Number of auxiliary basis functions         (NBFAUX) = 333
Inactive Doubly occupied orbitals up to     (NO1)    = 0
No. considered Strongly Doubly occupied MOs (NDOC)   = 20
No. considered Strongly Singly occupied MOs (NSOC)   = 0
NO. of Weakly occ. per St. Doubly occ.  MOs (NCWO)   = 1
Dimension of the Nat. Orb. subspace         (NBF5)   = 40
No. of electrons                                     = 40
    No. of alpha electrons                           = 20
    No. of beta electrons                            = 20
Multiplicity                                         = 1

Geometry
========
 S      -0.7267710      -1.0750320       0.0000000
 S       0.0000000       0.6712440       0.0000000
 O       1.4535410       0.8075760       0.0000000

No violations of the orthonormality
No violations of the orthonormality
 
PNOF8/ADAM Calculation
==================
 
  Nitext  Nit_orb  Time   Nit_occ  Time         Eelec          Etot           Ediff      maxdiff    MaxGrad_orb  Grad_occ
     1      10    1.0e+01   10    1.2e+01  -963.25761929  -821.72680610 -10962.25761929   1.622075   6.5e+00   1.4e-04 0.00
     2      10    1.2e+00    7    4.6e-02  -997.11823011  -855.58741692   -33.86061082   0.765093   3.1e+00   2.4e-04 0.01
     3      10    1.4e+00    8    6.7e-02 -1006.67797210  -865.14715890    -9.55974199   0.336878   1.3e+00   1.9e-04 0.02
     4      10    1.3e+00    9    1.1e-02 -1009.51341818  -867.98260499    -2.83544609   0.324264   1.3e+00   1.2e-04 0.03
     5      10    1.2e+00    8    2.6e-02 -1010.84546684  -869.31465365    -1.33204866   1.400800   5.6e+00   2.7e-04 0.04
     6      10    1.2e+00    6    1.7e-02 -1011.48166251  -869.95084932    -0.63619567   0.274270   1.1e+00   2.3e-04 0.04
     7      10    1.1e+00    7    5.5e-02 -1011.85872112  -870.32790793    -0.37705861   0.246292   9.9e-01   2.0e-04 0.04
     8      10    1.2e+00    8    1.3e-02 -1012.02049715  -870.48968396    -0.16177603   0.378415   1.5e+00   1.4e-04 0.05
     9      10    1.4e+00    7    2.4e-02 -1012.10935422  -870.57854103    -0.08885708   0.277115   1.1e+00   1.6e-04 0.05
    10      10    1.1e+00    4    4.3e-02 -1012.13714917  -870.60633597    -0.02779494   0.489864   2.0e+00   2.5e-04 0.05
    11      10    1.3e+00    4    3.5e-02 -1012.16083454  -870.63002135    -0.02368537   0.291740   1.2e+00   1.7e-04 0.05
    12      10    1.5e+00    4    3.4e-02 -1012.17354764  -870.64273445    -0.01271310   0.258241   1.0e+00   1.9e-04 0.05
    13      10    1.4e+00    0    4.2e-02 -1012.17363491  -870.64282172    -0.00008727   0.258241   1.0e+00   1.9e-04 0.05
    14      30    4.3e+00    5    3.1e-02 -1012.27670165  -870.74588846    -0.10306674   0.037240   1.5e-01   1.8e-04 0.05
    15      30    3.4e+00    6    4.5e-02 -1012.28965258  -870.75883939    -0.01295092   0.017081   6.8e-02   1.3e-04 0.05
    16      30    3.7e+00    4    2.2e-02 -1012.29462747  -870.76381428    -0.00497489   0.015267   6.1e-02   2.5e-04 0.05
    17      30    4.3e+00    4    2.2e-02 -1012.29664071  -870.76582752    -0.00201325   0.018143   7.3e-02   2.3e-04 0.05
    18      30    3.7e+00    4    2.7e-02 -1012.29833355  -870.76752036    -0.00169283   0.013847   5.5e-02   2.3e-04 0.05
    19      30    4.4e+00    6    2.5e-02 -1012.29951688  -870.76870369    -0.00118333   0.016602   6.6e-02   5.4e-05 0.05
    20      30    3.8e+00    4    4.2e-02 -1012.30086056  -870.77004736    -0.00134368   0.013735   5.5e-02   2.1e-04 0.05
    21      30    3.5e+00    5    4.8e-02 -1012.30157226  -870.77075907    -0.00071170   0.016183   6.5e-02   2.0e-04 0.05
    22      30    4.0e+00    5    2.1e-02 -1012.30209482  -870.77128163    -0.00052256   0.014910   6.0e-02   1.2e-04 0.05
    23      30    3.8e+00    3    5.0e-02 -1012.30233133  -870.77151814    -0.00023651   0.016992   6.8e-02   2.9e-04 0.05
    24      30    3.7e+00    3    9.9e-03 -1012.30265098  -870.77183779    -0.00031965   0.014007   5.6e-02   2.8e-04 0.05
    25      30    4.1e+00    4    1.6e-02 -1012.30278431  -870.77197111    -0.00013333   0.015530   6.2e-02   2.3e-04 0.05
    26      30    3.8e+00    2    1.1e-02 -1012.30322696  -870.77241377    -0.00044265   0.016471   6.6e-02   2.3e-04 0.05
    27      30    3.4e+00    2    4.2e-02 -1012.30331335  -870.77250016    -0.00008639   0.015457   6.2e-02   2.4e-04 0.05
    28      30    3.8e+00    2    2.4e-02 -1012.30380717  -870.77299398    -0.00049382   0.014193   5.7e-02   2.6e-04 0.05
    29      30    3.4e+00    0    7.4e-02 -1012.30385552  -870.77304233    -0.00004835   0.014193   5.7e-02   2.6e-04 0.05
    30      50    5.7e+00    3    1.4e-02 -1012.30522598  -870.77441279    -0.00137046   0.001308   5.2e-03   1.9e-04 0.05
    31      50    6.3e+00    1    1.1e-02 -1012.30530443  -870.77449124    -0.00007845   0.003093   1.2e-02   1.8e-04 0.05
    32      50    5.7e+00    1    2.4e-02 -1012.30544389  -870.77463070    -0.00013946   0.003700   1.5e-02   1.9e-04 0.05
    33      50    6.2e+00    2    1.2e-02 -1012.30555249  -870.77473930    -0.00010860   0.002750   1.1e-02   5.9e-05 0.05
    34      50    6.1e+00    2    2.0e-02 -1012.30563926  -870.77482607    -0.00008677   0.002399   9.6e-03   1.2e-04 0.05
    35      50    5.7e+00    1    9.1e-03 -1012.30568930  -870.77487611    -0.00005004   0.002629   1.1e-02   2.5e-04 0.05
    36      50    6.3e+00    2    4.3e-02 -1012.30571951  -870.77490632    -0.00003021   0.002486   9.9e-03   1.8e-04 0.05
    37      50    6.3e+00    2    1.2e-02 -1012.30574123  -870.77492804    -0.00002172   0.002512   1.0e-02   2.0e-04 0.05
    38      50    7.1e+00    1    5.2e-02 -1012.30575099  -870.77493780    -0.00000976   0.002416   9.7e-03   1.7e-04 0.05
    39      50    6.6e+00    1    1.4e-02 -1012.30576170  -870.77494851    -0.00001072   0.003109   1.2e-02   2.0e-04 0.05
    40      50    6.5e+00    1    1.2e-02 -1012.30577026  -870.77495707    -0.00000856   0.002309   9.2e-03   2.1e-04 0.05
 
RESULTS OF THE OCCUPATION OPTIMIZATION
========================================
   1    1.9999731  -92.14681386
   2    1.9999621  -92.05573689
   3    1.9997680  -20.63314464
   4    1.9990590  -9.07079796
   5    1.9991397  -8.93851900
   6    1.9986790  -6.79611391
   7    1.9980783  -6.79520063
   8    1.9987652  -6.78897007
   9    1.9986600  -6.72829848
  10    1.9986149  -6.71133958
  11    1.9987947  -6.68386925
  12    1.9917702  -1.38103912
  13    1.9911705  -0.99101445
  14    1.9868238  -0.92686230
  15    1.9676857  -0.60404399
  16    1.9791811  -0.57956138
  17    1.9786522  -0.57928299
  18    1.9607932  -0.56827806
  19    1.9643288  -0.50538580
  20    1.9488425  -0.46331025
  21    0.0511575  -0.06577276
  22    0.0356712  -0.04652634
  23    0.0392068  -0.05253477
  24    0.0213478  -0.02462565
  25    0.0208189  -0.02462041
  26    0.0323143  -0.04191416
  27    0.0131762  -0.02029761
  28    0.0088295  -0.02944303
  29    0.0082298  -0.02337908
  30    0.0012053  -0.01802027
  31    0.0013851  -0.01837083
  32    0.0013400  -0.01807527
  33    0.0012348  -0.01811012
  34    0.0019217  -0.02726853
  35    0.0013210  -0.01934100
  36    0.0008603  -0.01567037
  37    0.0009410  -0.01673332
  38    0.0002320  -0.00734466
  39    0.0000379  -0.00617169
  40    0.0000269  -0.00487342
 
----------------
 Final Energies 
----------------
Final NOF Total Energy =    -870.7749571
 
Total Orbital Internal Iterations = 1160
Total Occupation Internal Iterations = 158
 
Elapsed time:  181.92 Seconds

---------------------------------
   Lowdin Population Analysis    
---------------------------------
 Idx  Atom   Population   Charge 
---------------------------------
  1     S    15.948       0.052
  2     S    15.992       0.008
  3     O     8.060      -0.060

---------------------------------
   M Diagnostic: 0.05
---------------------------------

