Computing Integrals
Basis Set                                            = def2-qzvp
Auxiliary Basis Set                                  = def2-universal-jkfit
Gaussian Type                                        = Spherical
Elapsed time:   10.31 Seconds

Number of basis functions                   (NBF)    = 348
Number of auxiliary basis functions         (NBFAUX) = 376
Inactive Doubly occupied orbitals up to     (NO1)    = 0
No. considered Strongly Doubly occupied MOs (NDOC)   = 16
No. considered Strongly Singly occupied MOs (NSOC)   = 0
NO. of Weakly occ. per St. Doubly occ.  MOs (NCWO)   = 1
Dimension of the Nat. Orb. subspace         (NBF5)   = 32
No. of electrons                                     = 32
    No. of alpha electrons                           = 16
    No. of beta electrons                            = 16
Multiplicity                                         = 1

Geometry
========
 C       0.0000000       0.1550740       0.0000000
 C       1.0603290      -0.9079900       0.0000000
 O       0.1875200       1.3447160       0.0000000
 O      -1.2415770      -0.3849890       0.0000000
 H      -1.8544670       0.3612640       0.0000000
 H       2.0400210      -0.4415430       0.0000000
 H       0.9424650      -1.5400210       0.8795850
 H       0.9424650      -1.5400210      -0.8795850

No violations of the orthonormality
No violations of the orthonormality
 
PNOF8/ADABelief Calculation
==================
 
  Nitext  Nit_orb  Time   Nit_occ  Time         Eelec          Etot           Ediff      maxdiff    MaxGrad_orb  Grad_occ
     1      10    1.1e+01    0    1.2e+01  -349.85304103  -228.54659319 -10348.85304103   0.000590   2.4e-03   2.0e-04 0.05
 
RESULTS OF THE OCCUPATION OPTIMIZATION
========================================
   1    1.9997941  -20.62775053
   2    1.9998138  -20.58736943
   3    1.9994955  -11.34020446
   4    1.9996106  -11.25048146
   5    1.9904335  -1.31847434
   6    1.9909148  -1.30644422
   7    1.9805027  -0.91566306
   8    1.9712163  -0.78644710
   9    1.9681896  -0.75719238
  10    1.9856512  -0.72176792
  11    1.9634337  -0.68426163
  12    1.9846361  -0.68046530
  13    1.9688862  -0.66906076
  14    1.9724220  -0.61273285
  15    1.9723910  -0.61161635
  16    1.9503994  -0.53288057
  17    0.0496006  -0.05677660
  18    0.0276090  -0.02603214
  19    0.0275780  -0.02579894
  20    0.0311138  -0.03646526
  21    0.0153639  -0.02019858
  22    0.0365663  -0.04988369
  23    0.0143488  -0.02099747
  24    0.0318104  -0.03810880
  25    0.0287837  -0.04209125
  26    0.0194973  -0.02325181
  27    0.0090852  -0.01862967
  28    0.0095665  -0.01995027
  29    0.0003894  -0.00727384
  30    0.0005045  -0.00895774
  31    0.0001862  -0.00645036
  32    0.0002059  -0.00694944
 
----------------
 Final Energies 
----------------
Final NOF Total Energy =    -228.5465932
 
Total Orbital Internal Iterations = 10
Total Occupation Internal Iterations = 0
 
Elapsed time:   30.48 Seconds

---------------------------------
   Lowdin Population Analysis    
---------------------------------
 Idx  Atom   Population   Charge 
---------------------------------
  1     C     6.702      -0.702
  2     C     5.775       0.225
  3     O     7.716       0.284
  4     O     7.360       0.640
  5     H     1.296      -0.296
  6     H     1.053      -0.053
  7     H     1.048      -0.048
  8     H     1.050      -0.050

---------------------------------
   M Diagnostic: 0.05
---------------------------------

