Computing Integrals
Basis Set                                            = def2-qzvp
Auxiliary Basis Set                                  = def2-universal-jkfit
Gaussian Type                                        = Spherical
Elapsed time:    9.80 Seconds

Number of basis functions                   (NBF)    = 475
Number of auxiliary basis functions         (NBFAUX) = 579
Inactive Doubly occupied orbitals up to     (NO1)    = 0
No. considered Strongly Doubly occupied MOs (NDOC)   = 27
No. considered Strongly Singly occupied MOs (NSOC)   = 0
NO. of Weakly occ. per St. Doubly occ.  MOs (NCWO)   = 1
Dimension of the Nat. Orb. subspace         (NBF5)   = 54
No. of electrons                                     = 54
    No. of alpha electrons                           = 27
    No. of beta electrons                            = 27
Multiplicity                                         = 1

Geometry
========
 C      -0.1499300      -1.0366670       0.0000000
 S       0.5689550       0.4243550       0.0000000
 F      -0.1499300       1.3095180       1.1445480
 F      -0.1499300       1.3095180      -1.1445480
 B      -1.6788000      -1.2010680       0.0000000
 H      -2.1250400      -2.3021090       0.0000000
 H      -2.3960060      -0.2526020       0.0000000
 B       0.9394340      -2.1060630       0.0000000
 H       0.6194520      -3.2503040       0.0000000
 H       2.0934610      -1.8003310       0.0000000

No violations of the orthonormality
No violations of the orthonormality
 
PNOF8/ADABelief Calculation
==================
 
  Nitext  Nit_orb  Time   Nit_occ  Time         Eelec          Etot           Ediff      maxdiff    MaxGrad_orb  Grad_occ
     1      10    1.2e+01    0    1.2e+01  -976.95656866  -687.04569719 -10975.95656866   0.000499   2.0e-03   2.3e-04 0.04
 
RESULTS OF THE OCCUPATION OPTIMIZATION
========================================
   1    1.9999705  -92.21121993
   2    1.9998624  -26.40005123
   3    1.9998537  -26.39735901
   4    1.9994831  -10.78232715
   5    1.9991169  -8.57386118
   6    1.9990900  -8.49794800
   7    1.9987658  -7.08737835
   8    1.9988615  -7.05516137
   9    1.9986651  -7.04948582
  10    1.9987668  -7.04178641
  11    1.9936097  -1.61846421
  12    1.9920036  -1.59947136
  13    1.9924647  -1.15621580
  14    1.9859218  -0.81731452
  15    1.9858834  -0.81267831
  16    1.9789850  -0.71108324
  17    1.9790359  -0.70898476
  18    1.9838385  -0.68860234
  19    1.9777311  -0.67777101
  20    1.9818774  -0.66857092
  21    1.9815679  -0.66025560
  22    1.9575354  -0.64930998
  23    1.9753690  -0.64741067
  24    1.9571394  -0.64518716
  25    1.9749703  -0.62290669
  26    1.9665213  -0.55325249
  27    1.9685905  -0.47914317
  28    0.0314095  -0.02212125
  29    0.0334787  -0.04282548
  30    0.0250297  -0.02708760
  31    0.0428606  -0.06473738
  32    0.0246310  -0.02743133
  33    0.0424646  -0.06428336
  34    0.0184321  -0.01986750
  35    0.0181226  -0.01972134
  36    0.0222689  -0.02927728
  37    0.0161615  -0.02058968
  38    0.0209641  -0.02783625
  39    0.0210150  -0.02810473
  40    0.0141166  -0.02549900
  41    0.0140782  -0.02053826
  42    0.0075353  -0.02543682
  43    0.0079964  -0.02364072
  44    0.0063903  -0.01937871
  45    0.0012332  -0.01464633
  46    0.0013349  -0.01618135
  47    0.0011385  -0.01483454
  48    0.0012342  -0.01500962
  49    0.0009100  -0.01349534
  50    0.0008831  -0.01315129
  51    0.0005169  -0.00909768
  52    0.0001463  -0.00653268
  53    0.0001376  -0.00618071
  54    0.0000295  -0.00505756
 
----------------
 Final Energies 
----------------
Final NOF Total Energy =    -687.0456972
 
Total Orbital Internal Iterations = 10
Total Occupation Internal Iterations = 0
 
Elapsed time:   31.81 Seconds

---------------------------------
   Lowdin Population Analysis    
---------------------------------
 Idx  Atom   Population   Charge 
---------------------------------
  1     C     6.263      -0.263
  2     S    15.526       0.474
  3     F     8.906       0.094
  4     F     8.901       0.099
  5     B     5.034      -0.034
  6     H     1.046      -0.046
  7     H     1.057      -0.057
  8     B     5.160      -0.160
  9     H     1.051      -0.051
 10     H     1.057      -0.057

---------------------------------
   M Diagnostic: 0.04
---------------------------------

