Computing Integrals
Basis Set                                            = def2-qzvp
Auxiliary Basis Set                                  = def2-universal-jkfit
Gaussian Type                                        = Spherical
Elapsed time:    2.69 Seconds

Number of basis functions                   (NBF)    = 204
Number of auxiliary basis functions         (NBFAUX) = 208
Inactive Doubly occupied orbitals up to     (NO1)    = 0
No. considered Strongly Doubly occupied MOs (NDOC)   = 10
No. considered Strongly Singly occupied MOs (NSOC)   = 0
NO. of Weakly occ. per St. Doubly occ.  MOs (NCWO)   = 1
Dimension of the Nat. Orb. subspace         (NBF5)   = 20
No. of electrons                                     = 20
    No. of alpha electrons                           = 10
    No. of beta electrons                            = 10
Multiplicity                                         = 1

Geometry
========
 F      -0.2051159       1.1919457      -0.6962901
 N      -1.0714682      -0.0091258       1.5027946
 H      -0.6175728      -0.9169838       1.4741486
 H      -0.6009001       0.4868762       2.2535558
 H      -0.7630722       0.4831850       0.6081727

No violations of the orthonormality
No violations of the orthonormality
 
PNOF8/ADABelief Calculation
==================
 
  Nitext  Nit_orb  Time   Nit_occ  Time         Eelec          Etot           Ediff      maxdiff    MaxGrad_orb  Grad_occ
     1      10    1.0e+01    0    1.2e+01  -186.51163555  -156.07935741 -10185.51163555   0.000487   1.9e-03   2.4e-04 0.03
 
RESULTS OF THE OCCUPATION OPTIMIZATION
========================================
   1    1.9998337  -25.92635595
   2    1.9996988  -15.33353935
   3    1.9913328  -1.10366687
   4    1.9872377  -0.87636327
   5    1.9662677  -0.38967512
   6    1.9661765  -0.38768883
   7    1.9825139  -0.38149304
   8    1.9651770  -0.32077383
   9    1.9762613  -0.28680366
  10    1.9759765  -0.27863713
  11    0.0240235  -0.02453663
  12    0.0237387  -0.02455782
  13    0.0348230  -0.03435220
  14    0.0174861  -0.02539188
  15    0.0338235  -0.02879408
  16    0.0337323  -0.02876536
  17    0.0127623  -0.01762711
  18    0.0086672  -0.01780202
  19    0.0003012  -0.00754337
  20    0.0001663  -0.00705670
 
----------------
 Final Energies 
----------------
Final NOF Total Energy =    -156.0793574
 
Total Orbital Internal Iterations = 10
Total Occupation Internal Iterations = 0
 
Elapsed time:   28.59 Seconds

---------------------------------
   Lowdin Population Analysis    
---------------------------------
 Idx  Atom   Population   Charge 
---------------------------------
  1     F     9.696      -0.696
  2     N     6.515       0.485
  3     H     1.237      -0.237
  4     H     1.237      -0.237
  5     H     1.315      -0.315

---------------------------------
   M Diagnostic: 0.03
---------------------------------

