Computing Integrals
Basis Set                                            = def2-qzvp
Auxiliary Basis Set                                  = def2-universal-jkfit
Gaussian Type                                        = Spherical
Elapsed time:    1.70 Seconds

Number of basis functions                   (NBF)    = 87
Number of auxiliary basis functions         (NBFAUX) = 95
Inactive Doubly occupied orbitals up to     (NO1)    = 0
No. considered Strongly Doubly occupied MOs (NDOC)   = 4
No. considered Strongly Singly occupied MOs (NSOC)   = 1
NO. of Weakly occ. per St. Doubly occ.  MOs (NCWO)   = 1
Dimension of the Nat. Orb. subspace         (NBF5)   = 9
No. of electrons                                     = 9
    No. of alpha electrons                           = 5
    No. of beta electrons                            = 4
Multiplicity                                         = 2

Geometry
========
 O       0.0000000       0.0000000       0.4844483
 H       0.0000000       0.0000000      -0.4844483

No violations of the orthonormality
No violations of the orthonormality
 
PNOF8/ADAM Calculation
==================
 
  Nitext  Nit_orb  Time   Nit_occ  Time         Eelec          Etot           Ediff      maxdiff    MaxGrad_orb  Grad_occ
     1      10    9.1e+00    8    1.2e+01   -74.49508452   -70.12577495 -10073.49508452   1.022474   4.1e+00   4.0e-05 0.01
     2      10    2.9e-02    5    4.6e-04   -77.14736937   -72.77805981    -2.65228486   0.593425   2.4e+00   9.5e-06 0.02
     3      10    3.3e-02    3    3.0e-04   -78.55875243   -74.18944286    -1.41138305   0.404153   1.6e+00   1.5e-04 0.02
     4      10    1.4e-02    3    4.2e-03   -79.28402986   -74.91472030    -0.72527743   0.282376   1.1e+00   6.6e-05 0.02
     5      10    8.3e-03    3    2.9e-04   -79.68229996   -75.31299040    -0.39827010   0.172891   6.9e-01   1.8e-04 0.03
     6      10    7.5e-03    3    3.0e-04   -79.84705595   -75.47774639    -0.16475599   0.113950   4.6e-01   1.1e-04 0.03
     7      10    1.9e-02    4    3.5e-04   -79.89434316   -75.52503360    -0.04728721   0.111666   4.5e-01   2.5e-05 0.03
     8      10    8.0e-03    3    2.9e-04   -79.91607146   -75.54676190    -0.02172830   0.122612   4.9e-01   1.8e-04 0.04
     9      10    8.8e-03    3    2.8e-04   -79.92933514   -75.56002558    -0.01326368   0.129899   5.2e-01   2.9e-05 0.04
    10      10    8.0e-03    3    2.9e-04   -79.93729507   -75.56798551    -0.00795993   0.125639   5.0e-01   2.2e-05 0.04
    11      10    8.6e-03    3    5.2e-04   -79.94245059   -75.57314103    -0.00515552   0.115107   4.6e-01   5.5e-06 0.04
    12      10    2.1e-02    3    1.9e-03   -79.94530257   -75.57599301    -0.00285198   0.127514   5.1e-01   2.0e-05 0.04
    13      10    1.7e-02    2    3.0e-04   -79.94714041   -75.57783085    -0.00183784   0.083303   3.3e-01   1.7e-04 0.04
    14      10    7.5e-03    1    2.8e-04   -79.94793900   -75.57862944    -0.00079859   0.120238   4.8e-01   1.5e-04 0.04
    15      10    8.3e-03    0    2.6e-04   -79.94794000   -75.57863044    -0.00000100   0.120238   4.8e-01   1.5e-04 0.04
    16      30    2.3e-02    2    3.2e-04   -79.94999310   -75.58068354    -0.00205310   0.001307   5.2e-03   1.5e-04 0.04
    17      30    4.0e-02    1    2.9e-04   -79.95003121   -75.58072164    -0.00003810   0.000440   1.8e-03   1.1e-04 0.04
 
RESULTS OF THE OCCUPATION OPTIMIZATION
========================================
   1    1.9997992  -20.64873131
   2    1.9863501  -1.28501990
   3    1.9620640  -0.73621153
   4    1.9768361  -0.56983290
   5    1.0000000  -0.34519008
   6    0.0231639  -0.02410976
   7    0.0379360  -0.04107979
   8    0.0136499  -0.02372175
   9    0.0002008  -0.00671539
 
----------------
 Final Energies 
----------------
Final NOF Total Energy =     -75.5807216
 
Total Orbital Internal Iterations = 210
Total Occupation Internal Iterations = 50
 
Elapsed time:   27.71 Seconds

---------------------------------
   Lowdin Population Analysis    
---------------------------------
 Idx  Atom   Population   Charge 
---------------------------------
  1     O     7.579       0.421
  2     H     1.421      -0.421

---------------------------------
   M Diagnostic: 0.04
---------------------------------

