Computing Integrals
Basis Set                                            = def2-qzvp
Auxiliary Basis Set                                  = def2-universal-jkfit
Gaussian Type                                        = Spherical
Elapsed time:    1.75 Seconds

Number of basis functions                   (NBF)    = 177
Number of auxiliary basis functions         (NBFAUX) = 147
Inactive Doubly occupied orbitals up to     (NO1)    = 0
No. considered Strongly Doubly occupied MOs (NDOC)   = 5
No. considered Strongly Singly occupied MOs (NSOC)   = 0
NO. of Weakly occ. per St. Doubly occ.  MOs (NCWO)   = 1
Dimension of the Nat. Orb. subspace         (NBF5)   = 10
No. of electrons                                     = 10
    No. of alpha electrons                           = 5
    No. of beta electrons                            = 5
Multiplicity                                         = 1

Geometry
========
 C       0.0000000       0.0000000       0.0000000
 H       0.6278371      -0.6278371       0.6278371
 H      -0.6278371       0.6278371       0.6278371
 H      -0.6278371      -0.6278371      -0.6278371
 H       0.6278371       0.6278371      -0.6278371

No violations of the orthonormality
No violations of the orthonormality
 
PNOF8/ADAM Calculation
==================
 
  Nitext  Nit_orb  Time   Nit_occ  Time         Eelec          Etot           Ediff      maxdiff    MaxGrad_orb  Grad_occ
     1      10    9.4e+00    9    1.2e+01   -47.19350188   -33.72658150 -10046.19350188   0.905515   3.6e+00   8.0e-05 0.01
     2      10    4.5e-01    7    2.3e-02   -50.59021737   -37.12329698    -3.39671549   0.581399   2.3e+00   2.5e-05 0.03
     3      10    4.5e-01    3    5.8e-03   -52.31857106   -38.85165067    -1.72835369   0.387113   1.5e+00   1.3e-04 0.03
     4      10    6.1e-01    2    3.9e-03   -53.23512521   -39.76820483    -0.91655415   0.260010   1.0e+00   8.7e-05 0.03
     5      10    4.3e-01    3    1.8e-02   -53.65842703   -40.19150664    -0.42330182   0.140118   5.6e-01   1.6e-04 0.03
     6      10    4.5e-01    3    8.5e-03   -53.79822122   -40.33130084    -0.13979420   0.093256   3.7e-01   8.1e-05 0.03
     7      10    7.9e-01    3    1.0e-02   -53.83216083   -40.36524044    -0.03393961   0.058097   2.3e-01   4.6e-05 0.03
     8      10    4.8e-01    2    8.1e-03   -53.83946113   -40.37254074    -0.00730030   0.076680   3.1e-01   1.3e-04 0.03
     9      10    6.5e-01    1    5.3e-03   -53.84051557   -40.37359518    -0.00105444   0.066653   2.7e-01   1.6e-04 0.03
    10      10    5.0e-01    1    3.8e-02   -53.84068096   -40.37376057    -0.00016539   0.077453   3.1e-01   1.2e-04 0.03
    11      10    6.1e-01    1    3.5e-02   -53.84073062   -40.37381023    -0.00004966   0.074309   3.0e-01   8.6e-05 0.03
    12      10    5.1e-01    1    2.7e-02   -53.84084770   -40.37392732    -0.00011709   0.072231   2.9e-01   6.2e-05 0.03
    13      10    6.5e-01    0    2.9e-02   -53.84085008   -40.37392969    -0.00000237   0.072231   2.9e-01   6.2e-05 0.03
    14      24    1.3e+00    1    2.8e-02   -53.84273782   -40.37581744    -0.00188775   0.000392   1.6e-03   4.1e-05 0.03
 
RESULTS OF THE OCCUPATION OPTIMIZATION
========================================
   1    1.9996074  -11.20167072
   2    1.9794692  -0.91015483
   3    1.9712542  -0.58097051
   4    1.9703112  -0.56871969
   5    1.9701887  -0.56703490
   6    0.0298113  -0.02622468
   7    0.0296888  -0.02623288
   8    0.0287458  -0.02608526
   9    0.0205308  -0.02377418
  10    0.0003926  -0.00735187
 
----------------
 Final Energies 
----------------
Final NOF Total Energy =     -40.3758174
 
Total Orbital Internal Iterations = 154
Total Occupation Internal Iterations = 37
 
Elapsed time:   37.09 Seconds

---------------------------------
   Lowdin Population Analysis    
---------------------------------
 Idx  Atom   Population   Charge 
---------------------------------
  1     C     5.692       0.308
  2     H     1.078      -0.078
  3     H     1.075      -0.075
  4     H     1.078      -0.078
  5     H     1.078      -0.078

---------------------------------
   M Diagnostic: 0.03
---------------------------------

