Computing Integrals
Basis Set                                            = def2-qzvp
Auxiliary Basis Set                                  = def2-universal-jkfit
Gaussian Type                                        = Spherical
Elapsed time:    1.70 Seconds

Number of basis functions                   (NBF)    = 144
Number of auxiliary basis functions         (NBFAUX) = 170
Inactive Doubly occupied orbitals up to     (NO1)    = 0
No. considered Strongly Doubly occupied MOs (NDOC)   = 7
No. considered Strongly Singly occupied MOs (NSOC)   = 1
NO. of Weakly occ. per St. Doubly occ.  MOs (NCWO)   = 1
Dimension of the Nat. Orb. subspace         (NBF5)   = 15
No. of electrons                                     = 15
    No. of alpha electrons                           = 8
    No. of beta electrons                            = 7
Multiplicity                                         = 2

Geometry
========
 H      -0.6086106       0.8210344       0.0000000
 C       0.3043053       0.1777983       0.0000000
 O       0.3043053      -0.9988326       0.0000000

No violations of the orthonormality
No violations of the orthonormality
 
PNOF8/ADAM Calculation
==================
 
  Nitext  Nit_orb  Time   Nit_occ  Time         Eelec          Etot           Ediff      maxdiff    MaxGrad_orb  Grad_occ
     1      10    9.3e+00   10    1.2e+01  -131.25738095  -104.74758874 -10130.25738095   0.905470   3.6e+00   2.0e-04 0.02
     2      10    2.7e-01    9    6.8e-03  -136.07241311  -109.56262090    -4.81503216   0.563648   2.3e+00   9.9e-05 0.04
     3      10    3.2e-01    9    1.0e-02  -138.03857359  -111.52878138    -1.96616048   0.408747   1.6e+00   5.4e-05 0.05
     4      10    4.5e-01    7    1.8e-02  -138.97612598  -112.46633377    -0.93755239   0.310209   1.2e+00   1.8e-04 0.05
     5      10    1.2e+00    3    2.3e-03  -139.53231749  -113.02252528    -0.55619152   0.192062   7.7e-01   1.7e-04 0.05
     6      10    3.9e-01    3    1.6e-02  -139.79826383  -113.28847162    -0.26594633   0.102754   4.1e-01   2.2e-04 0.05
     7      10    3.5e-01    3    2.0e-02  -139.92754237  -113.41775016    -0.12927854   0.103684   4.1e-01   1.7e-04 0.04
     8      10    4.1e-01    5    2.9e-03  -139.98805205  -113.47825984    -0.06050968   0.101331   4.1e-01   6.6e-05 0.05
     9      10    4.2e-01    4    1.9e-02  -140.02863796  -113.51884575    -0.04058590   0.099706   4.0e-01   1.9e-04 0.05
    10      10    4.8e-01    4    2.2e-03  -140.05450542  -113.54471322    -0.02586747   0.118967   4.8e-01   1.8e-04 0.05
    11      10    4.5e-01    4    1.2e-02  -140.07002034  -113.56022813    -0.01551491   0.110057   4.4e-01   1.4e-04 0.05
    12      10    6.3e-01    4    1.3e-02  -140.07959391  -113.56980171    -0.00957358   0.154497   6.2e-01   5.8e-05 0.05
    13      10    5.2e-01    3    2.1e-02  -140.08579204  -113.57599983    -0.00619812   0.122244   4.9e-01   1.9e-04 0.05
    14      10    5.7e-01    1    1.6e-02  -140.09050120  -113.58070899    -0.00470916   0.130375   5.2e-01   1.4e-04 0.05
    15      10    3.8e-01    1    2.8e-02  -140.09369852  -113.58390631    -0.00319732   0.131816   5.3e-01   1.9e-04 0.05
    16      10    6.6e-01    1    1.2e-02  -140.09538709  -113.58559488    -0.00168857   0.133154   5.3e-01   2.3e-04 0.05
    17      10    3.3e-01    1    9.3e-03  -140.09660197  -113.58680976    -0.00121488   0.132621   5.3e-01   1.7e-04 0.05
    18      10    4.4e-01    1    3.4e-02  -140.09723609  -113.58744388    -0.00063412   0.136388   5.5e-01   2.0e-04 0.05
    19      10    3.5e-01    2    6.2e-03  -140.09819156  -113.58839935    -0.00095548   0.169881   6.8e-01   8.1e-05 0.05
    20      10    5.0e-01    2    2.0e-02  -140.09888945  -113.58909725    -0.00069789   0.123104   4.9e-01   1.3e-04 0.05
    21      10    1.1e+00    0    8.7e-02  -140.09889960  -113.58910739    -0.00001014   0.123104   4.9e-01   1.3e-04 0.05
    22      30    3.3e+00    2    6.4e-03  -140.10478679  -113.59499458    -0.00588719   0.001363   5.5e-03   1.2e-04 0.05
    23      30    1.7e+00    2    3.2e-03  -140.10514475  -113.59535255    -0.00035796   0.008481   3.4e-02   1.0e-04 0.05
    24      30    1.6e+00    1    7.1e-03  -140.10541017  -113.59561797    -0.00026542   0.001399   5.6e-03   1.7e-04 0.05
    25      30    2.5e+00    2    4.0e-02  -140.10558880  -113.59579659    -0.00017862   0.001101   4.4e-03   1.6e-04 0.05
    26      30    1.5e+00    2    4.9e-02  -140.10570107  -113.59590886    -0.00011227   0.000885   3.5e-03   1.0e-04 0.05
 
RESULTS OF THE OCCUPATION OPTIMIZATION
========================================
   1    1.9997837  -20.64292295
   2    1.9994758  -11.32011145
   3    1.9915391  -1.46707277
   4    1.9847928  -0.80543977
   5    1.9690771  -0.73844322
   6    1.9681146  -0.62411790
   7    1.9452834  -0.59828603
   8    1.0000000  -0.21353882
   9    0.0547166  -0.05637933
  10    0.0318854  -0.03927726
  11    0.0309229  -0.03034133
  12    0.0152072  -0.02335975
  13    0.0084609  -0.01551169
  14    0.0005242  -0.00912607
  15    0.0002163  -0.00729061
 
----------------
 Final Energies 
----------------
Final NOF Total Energy =    -113.5959089
 
Total Orbital Internal Iterations = 360
Total Occupation Internal Iterations = 86
 
Elapsed time:   50.68 Seconds

---------------------------------
   Lowdin Population Analysis    
---------------------------------
 Idx  Atom   Population   Charge 
---------------------------------
  1     H     1.159      -0.159
  2     C     6.147      -0.147
  3     O     7.694       0.306

---------------------------------
   M Diagnostic: 0.05
---------------------------------

