Computing Integrals
Basis Set                                            = def2-qzvp
Auxiliary Basis Set                                  = def2-universal-jkfit
Gaussian Type                                        = Spherical
Elapsed time:    2.01 Seconds

Number of basis functions                   (NBF)    = 174
Number of auxiliary basis functions         (NBFAUX) = 190
Inactive Doubly occupied orbitals up to     (NO1)    = 0
No. considered Strongly Doubly occupied MOs (NDOC)   = 9
No. considered Strongly Singly occupied MOs (NSOC)   = 0
NO. of Weakly occ. per St. Doubly occ.  MOs (NCWO)   = 1
Dimension of the Nat. Orb. subspace         (NBF5)   = 18
No. of electrons                                     = 18
    No. of alpha electrons                           = 9
    No. of beta electrons                            = 9
Multiplicity                                         = 1

Geometry
========
 O      -0.0044695      -0.7207736       0.0000000
 O       0.0044695       0.7207736       0.0000000
 H      -0.9535873      -0.8702773       0.0000000
 H       0.9535873       0.8702773       0.0000000

No violations of the orthonormality
No violations of the orthonormality
 
PNOF8/ADABelief Calculation
==================
 
  Nitext  Nit_orb  Time   Nit_occ  Time         Eelec          Etot           Ediff      maxdiff    MaxGrad_orb  Grad_occ
     1      10    9.6e+00    0    1.2e+01  -188.31575045  -151.24665503 -10187.31575045   0.000476   1.9e-03   1.8e-04 0.05
 
RESULTS OF THE OCCUPATION OPTIMIZATION
========================================
   1    1.9997997  -20.64692734
   2    1.9997776  -20.64656480
   3    1.9900397  -1.38933888
   4    1.9889084  -1.24190698
   5    1.9670481  -0.71522319
   6    1.9672084  -0.71129238
   7    1.9453769  -0.66651910
   8    1.9816893  -0.63219760
   9    1.9807935  -0.57955345
  10    0.0192065  -0.02232070
  11    0.0183107  -0.02208351
  12    0.0546231  -0.07424485
  13    0.0327916  -0.03790703
  14    0.0329519  -0.03810263
  15    0.0110916  -0.02190942
  16    0.0099603  -0.02212990
  17    0.0002224  -0.00712872
  18    0.0002003  -0.00658887
 
----------------
 Final Energies 
----------------
Final NOF Total Energy =    -151.2466550
 
Total Orbital Internal Iterations = 10
Total Occupation Internal Iterations = 0
 
Elapsed time:   27.83 Seconds

---------------------------------
   Lowdin Population Analysis    
---------------------------------
 Idx  Atom   Population   Charge 
---------------------------------
  1     O     7.613       0.387
  2     O     7.614       0.386
  3     H     1.387      -0.387
  4     H     1.387      -0.387

---------------------------------
   M Diagnostic: 0.05
---------------------------------

