Computing Integrals
Basis Set                                            = def2-qzvp
Auxiliary Basis Set                                  = def2-universal-jkfit
Gaussian Type                                        = Spherical
Elapsed time:    1.69 Seconds

Number of basis functions                   (NBF)    = 117
Number of auxiliary basis functions         (NBFAUX) = 113
Inactive Doubly occupied orbitals up to     (NO1)    = 0
No. considered Strongly Doubly occupied MOs (NDOC)   = 5
No. considered Strongly Singly occupied MOs (NSOC)   = 0
NO. of Weakly occ. per St. Doubly occ.  MOs (NCWO)   = 1
Dimension of the Nat. Orb. subspace         (NBF5)   = 10
No. of electrons                                     = 10
    No. of alpha electrons                           = 5
    No. of beta electrons                            = 5
Multiplicity                                         = 1

Geometry
========
 O       1.0594636       1.4166125       0.1735844
 H       2.0148956       1.4351691       0.2310981
 H       0.8104244       2.3389250       0.2355628

No violations of the orthonormality
No violations of the orthonormality
 
PNOF8/ADABelief Calculation
==================
 
  Nitext  Nit_orb  Time   Nit_occ  Time         Eelec          Etot           Ediff      maxdiff    MaxGrad_orb  Grad_occ
     1      10    9.2e+00    0    1.2e+01   -85.45823183   -76.26276774 -10084.45823183   0.000470   1.9e-03   1.7e-04 0.03
 
RESULTS OF THE OCCUPATION OPTIMIZATION
========================================
   1    1.9997896  -20.59451606
   2    1.9894814  -1.31543476
   3    1.9667458  -0.71257965
   4    1.9667762  -0.71254877
   5    1.9779155  -0.54014968
   6    0.0220845  -0.02407875
   7    0.0332238  -0.03821353
   8    0.0332542  -0.03822437
   9    0.0105186  -0.02212563
  10    0.0002104  -0.00695504
 
----------------
 Final Energies 
----------------
Final NOF Total Energy =     -76.2627677
 
Total Orbital Internal Iterations = 10
Total Occupation Internal Iterations = 0
 
Elapsed time:   27.21 Seconds

---------------------------------
   Lowdin Population Analysis    
---------------------------------
 Idx  Atom   Population   Charge 
---------------------------------
  1     O     7.331       0.669
  2     H     1.335      -0.335
  3     H     1.334      -0.334

---------------------------------
   M Diagnostic: 0.03
---------------------------------

