Computing Integrals
Basis Set                                            = def2-qzvp
Auxiliary Basis Set                                  = def2-universal-jkfit
Gaussian Type                                        = Spherical
Elapsed time:    2.70 Seconds

Number of basis functions                   (NBF)    = 140
Number of auxiliary basis functions         (NBFAUX) = 256
Inactive Doubly occupied orbitals up to     (NO1)    = 0
No. considered Strongly Doubly occupied MOs (NDOC)   = 17
No. considered Strongly Singly occupied MOs (NSOC)   = 0
NO. of Weakly occ. per St. Doubly occ.  MOs (NCWO)   = 1
Dimension of the Nat. Orb. subspace         (NBF5)   = 34
No. of electrons                                     = 34
    No. of alpha electrons                           = 17
    No. of beta electrons                            = 17
Multiplicity                                         = 1

Geometry
========
Cl       0.0000000       0.0000000       1.0210496
Cl       0.0000000       0.0000000      -1.0210496

No violations of the orthonormality
No violations of the orthonormality
 
PNOF8/ADAM Calculation
==================
 
  Nitext  Nit_orb  Time   Nit_occ  Time         Eelec          Etot           Ediff      maxdiff    MaxGrad_orb  Grad_occ
     1      10    9.9e+00   10    1.2e+01  -958.79672326  -883.90716534 -10957.79672326   2.342825   9.4e+00   1.9e-04 0.01
     2      10    6.8e-01    6    7.1e-02  -981.13773123  -906.24817331   -22.34100797   1.343093   5.4e+00   2.5e-04 0.01
     3      10    6.5e-01    7    4.2e-02  -988.98955169  -914.09999377    -7.85182045   0.689103   2.8e+00   2.6e-04 0.02
     4      10    7.6e-01    6    6.0e-02  -991.84296307  -916.95340515    -2.85341138   0.429936   1.7e+00   8.2e-05 0.03
     5      10    9.4e-01    6    4.4e-03  -992.86321441  -917.97365649    -1.02025135   0.331573   1.3e+00   1.6e-04 0.04
     6      10    9.0e-01    6    5.4e-03  -993.28755581  -918.39799789    -0.42434140   0.786798   3.1e+00   1.6e-04 0.05
     7      10    7.8e-01    6    4.1e-02  -993.55921332  -918.66965540    -0.27165751   0.411330   1.6e+00   1.5e-04 0.05
     8      10    8.6e-01    6    3.0e-02  -993.76938659  -918.87982867    -0.21017327   0.405187   1.6e+00   2.4e-04 0.05
     9      10    8.3e-01    7    2.9e-02  -993.99504341  -919.10548550    -0.22565682   0.430861   1.7e+00   8.2e-05 0.05
    10      10    8.1e-01    7    3.6e-02  -994.17425660  -919.28469868    -0.17921319   0.325666   1.3e+00   1.8e-04 0.05
    11      10    7.0e-01    7    5.5e-02  -994.29210775  -919.40254983    -0.11785114   0.357106   1.4e+00   1.5e-04 0.05
    12      10    6.9e-01    8    1.7e-02  -994.38448534  -919.49492742    -0.09237759   0.318556   1.3e+00   6.1e-05 0.04
    13      10    7.7e-01    5    7.1e-02  -994.43282894  -919.54327102    -0.04834360   0.343121   1.4e+00   2.7e-04 0.04
    14      10    7.2e-01    5    3.5e-02  -994.45269372  -919.56313580    -0.01986478   0.357213   1.4e+00   2.1e-04 0.04
    15      10    9.2e-01    3    2.1e-02  -994.46684079  -919.57728287    -0.01414707   0.399016   1.6e+00   1.7e-04 0.04
    16      10    1.3e+00    0    8.6e-02  -994.46686808  -919.57731016    -0.00002729   0.399016   1.6e+00   1.7e-04 0.04
    17      30    2.6e+00    3    2.8e-02  -994.53983397  -919.65027605    -0.07296589   0.027345   1.1e-01   1.9e-04 0.04
    18      30    2.3e+00    3    4.3e-02  -994.54581046  -919.65625254    -0.00597648   0.017116   6.8e-02   2.0e-04 0.04
    19      30    2.4e+00    3    4.4e-02  -994.54751798  -919.65796006    -0.00170753   0.013694   5.5e-02   1.6e-04 0.04
    20      30    2.3e+00    3    2.8e-02  -994.54878230  -919.65922438    -0.00126431   0.014876   6.0e-02   1.2e-04 0.04
    21      30    2.5e+00    2    1.5e-02  -994.54963605  -919.66007813    -0.00085375   0.012700   5.1e-02   2.8e-04 0.04
    22      30    2.7e+00    2    3.7e-02  -994.55047248  -919.66091456    -0.00083643   0.016850   6.7e-02   2.4e-04 0.04
    23      30    2.9e+00    2    2.1e-02  -994.55106856  -919.66151065    -0.00059608   0.012723   5.1e-02   2.2e-04 0.05
    24      30    2.5e+00    2    4.6e-02  -994.55138905  -919.66183113    -0.00032048   0.013603   5.4e-02   1.8e-04 0.05
    25      30    2.9e+00    2    3.5e-02  -994.55175819  -919.66220027    -0.00036915   0.012132   4.9e-02   2.0e-04 0.05
    26      30    2.6e+00    2    2.3e-02  -994.55198817  -919.66243025    -0.00022997   0.013249   5.3e-02   1.7e-04 0.05
    27      30    2.9e+00    2    2.2e-02  -994.55230892  -919.66275100    -0.00032076   0.014145   5.7e-02   1.8e-04 0.05
    28      30    2.9e+00    2    2.4e-02  -994.55248487  -919.66292695    -0.00017595   0.014438   5.8e-02   1.7e-04 0.05
    29      30    2.4e+00    0    2.8e-02  -994.55249140  -919.66293348    -0.00000653   0.014438   5.8e-02   1.7e-04 0.05
    30      50    4.0e+00    2    4.3e-02  -994.55351812  -919.66396020    -0.00102671   0.005254   2.1e-02   1.5e-04 0.05
    31      50    4.7e+00    2    3.0e-02  -994.55359781  -919.66403989    -0.00007969   0.002405   9.6e-03   1.4e-04 0.05
    32      50    4.4e+00    2    2.7e-02  -994.55369789  -919.66413997    -0.00010008   0.002148   8.6e-03   1.5e-04 0.05
    33      50    3.9e+00    2    8.5e-02  -994.55377465  -919.66421673    -0.00007676   0.001926   7.7e-03   1.2e-04 0.05
    34      50    4.5e+00    1    5.7e-02  -994.55384256  -919.66428465    -0.00006792   0.001880   7.5e-03   1.7e-04 0.05
    35      50    4.3e+00    1    4.8e-02  -994.55389163  -919.66433371    -0.00004907   0.001889   7.6e-03   1.6e-04 0.05
    36      50    4.2e+00    1    8.0e-02  -994.55393280  -919.66437488    -0.00004117   0.001846   7.4e-03   1.6e-04 0.05
    37      50    4.3e+00    1    1.4e-02  -994.55396257  -919.66440465    -0.00002977   0.001930   7.7e-03   1.5e-04 0.05
    38      50    4.4e+00    0    3.7e-03  -994.55398375  -919.66442584    -0.00002118   0.001906   7.6e-03   2.8e-04 0.05
    39      60    4.8e+00    1    4.4e-02  -994.55400846  -919.66445054    -0.00002470   0.001562   6.2e-03   1.8e-04 0.05
    40      60    5.4e+00    2    3.2e-02  -994.55401757  -919.66445966    -0.00000912   0.001813   7.3e-03   8.1e-05 0.05
 
RESULTS OF THE OCCUPATION OPTIMIZATION
========================================
   1    1.9999734  -104.93767317
   2    1.9999734  -104.93763042
   3    1.9993381  -10.61796216
   4    1.9992861  -10.61694296
   5    1.9990158  -8.08504250
   6    1.9990158  -8.08441575
   7    1.9990279  -8.08425112
   8    1.9990293  -8.08404249
   9    1.9979957  -8.08141229
  10    1.9979865  -8.08121931
  11    1.9849612  -1.11777299
  12    1.9845961  -1.11332843
  13    1.9535583  -0.60590612
  14    1.9748594  -0.54968582
  15    1.9751091  -0.53110287
  16    1.9743164  -0.50317760
  17    1.9731126  -0.47632861
  18    0.0268874  -0.02945546
  19    0.0256836  -0.02684020
  20    0.0248909  -0.02663486
  21    0.0251406  -0.02915058
  22    0.0464417  -0.06725082
  23    0.0154039  -0.02420595
  24    0.0150388  -0.02454677
  25    0.0020135  -0.03199006
  26    0.0020043  -0.03182479
  27    0.0009707  -0.01804602
  28    0.0009721  -0.01806539
  29    0.0009842  -0.01817844
  30    0.0009842  -0.01816495
  31    0.0007139  -0.01621943
  32    0.0006619  -0.01554308
  33    0.0000266  -0.00526205
  34    0.0000266  -0.00526901
 
----------------
 Final Energies 
----------------
Final NOF Total Energy =    -919.6644597
 
Total Orbital Internal Iterations = 1120
Total Occupation Internal Iterations = 138
 
Elapsed time:  128.42 Seconds

---------------------------------
   Lowdin Population Analysis    
---------------------------------
 Idx  Atom   Population   Charge 
---------------------------------
  1    Cl    17.001      -0.001
  2    Cl    16.999       0.001

---------------------------------
   M Diagnostic: 0.05
---------------------------------

