Computing Integrals
Basis Set                                            = def2-qzvp
Auxiliary Basis Set                                  = def2-universal-jkfit
Gaussian Type                                        = Spherical
Elapsed time:    1.64 Seconds

Number of basis functions                   (NBF)    = 114
Number of auxiliary basis functions         (NBFAUX) = 154
Inactive Doubly occupied orbitals up to     (NO1)    = 0
No. considered Strongly Doubly occupied MOs (NDOC)   = 8
No. considered Strongly Singly occupied MOs (NSOC)   = 1
NO. of Weakly occ. per St. Doubly occ.  MOs (NCWO)   = 1
Dimension of the Nat. Orb. subspace         (NBF5)   = 17
No. of electrons                                     = 17
    No. of alpha electrons                           = 9
    No. of beta electrons                            = 8
Multiplicity                                         = 2

Geometry
========
 O       0.0000000       0.0000000       0.6774772
 O       0.0000000       0.0000000      -0.6774772

No violations of the orthonormality
No violations of the orthonormality
 
PNOF8/ADAM Calculation
==================
 
  Nitext  Nit_orb  Time   Nit_occ  Time         Eelec          Etot           Ediff      maxdiff    MaxGrad_orb  Grad_occ
     1      10    9.3e+00   14    1.2e+01  -164.97598276  -139.98084452 -10163.97598276   0.982932   3.9e+00   6.7e-05 0.03
     2      10    3.4e-01   12    3.1e-02  -169.90831631  -144.91317807    -4.93233355   0.541920   2.2e+00   1.6e-04 0.06
     3      10    3.2e-01    7    2.3e-03  -172.44127327  -147.44613502    -2.53295696   0.393064   1.6e+00   1.9e-04 0.06
     4      10    7.6e-01    6    4.7e-02  -173.81141397  -148.81627572    -1.37014070   0.239215   9.6e-01   2.0e-04 0.06
     5      10    4.6e-01    7    4.8e-03  -174.43498647  -149.43984823    -0.62357250   0.136195   5.4e-01   8.7e-05 0.06
     6      10    3.9e-01    6    2.0e-02  -174.68683360  -149.69169536    -0.25184713   0.211113   8.4e-01   1.7e-04 0.06
     7      10    4.8e-01    6    3.9e-02  -174.81531280  -149.82017455    -0.12847920   0.133993   5.4e-01   1.3e-04 0.05
     8      10    2.5e-01    5    6.0e-02  -174.88559785  -149.89045960    -0.07028505   0.128724   5.1e-01   1.7e-04 0.05
     9      10    6.0e-01    6    1.2e-02  -174.92537472  -149.93023648    -0.03977687   0.147358   5.9e-01   4.7e-05 0.05
    10      10    3.0e-01    3    8.0e-03  -174.94607761  -149.95093937    -0.02070289   0.162320   6.5e-01   1.7e-04 0.05
    11      10    3.3e-01    3    2.2e-03  -174.95868226  -149.96354401    -0.01260465   0.162386   6.5e-01   1.8e-04 0.05
    12      10    2.1e-01    3    1.2e-02  -174.96729925  -149.97216100    -0.00861699   0.153150   6.1e-01   2.0e-04 0.05
    13      10    2.2e-01    6    1.3e-02  -174.97360392  -149.97846568    -0.00630467   0.146112   5.8e-01   5.1e-05 0.05
    14      10    2.7e-01    3    3.6e-03  -174.97777886  -149.98264061    -0.00417494   0.141445   5.7e-01   2.2e-04 0.05
    15      10    3.7e-01    5    1.3e-02  -174.98130951  -149.98617126    -0.00353065   0.147179   5.9e-01   7.6e-05 0.05
    16      10    4.1e-01    2    3.4e-03  -174.98326297  -149.98812472    -0.00195346   0.144245   5.8e-01   2.0e-04 0.05
    17      10    3.7e-01    0    3.0e-02  -174.98328775  -149.98814950    -0.00002478   0.144245   5.8e-01   2.0e-04 0.05
    18      30    1.1e+00    4    5.4e-03  -174.99070107  -149.99556282    -0.00741332   0.002912   1.2e-02   1.9e-05 0.05
    19      30    1.1e+00    2    1.1e-02  -174.99116655  -149.99602830    -0.00046548   0.001729   6.9e-03   1.4e-04 0.05
    20      30    9.4e-01    2    1.5e-02  -174.99142859  -149.99629035    -0.00026204   0.001905   7.6e-03   1.4e-04 0.05
    21      30    1.1e+00    2    1.1e-02  -174.99160575  -149.99646751    -0.00017716   0.001561   6.2e-03   1.1e-04 0.05
    22      30    9.6e-01    1    1.3e-02  -174.99164141  -149.99650317    -0.00003566   0.001959   7.8e-03   1.2e-04 0.05
    23      30    1.5e+00    2    1.8e-02  -174.99167424  -149.99653600    -0.00003283   0.001490   6.0e-03   3.7e-05 0.05
    24      30    8.2e-01    0    7.2e-03  -174.99167806  -149.99653982    -0.00000382   0.001490   6.0e-03   3.7e-05 0.05
    25      31    1.1e+00    0    4.5e-03  -174.99171564  -149.99657739    -0.00003757   0.000480   1.9e-03   1.5e-04 0.05
 
RESULTS OF THE OCCUPATION OPTIMIZATION
========================================
   1    1.9997859  -20.32213942
   2    1.9998031  -20.32022788
   3    1.9880385  -1.02916704
   4    1.9850590  -0.81440738
   5    1.9467778  -0.38133684
   6    1.9795405  -0.35926439
   7    1.9670888  -0.28521519
   8    1.9749121  -0.17667320
   9    1.0000000  -0.11512251
  10    0.0250879  -0.02081770
  11    0.0329112  -0.01864540
  12    0.0204595  -0.02108482
  13    0.0532222  -0.06314693
  14    0.0149410  -0.02152211
  15    0.0119615  -0.02147658
  16    0.0001969  -0.00648583
  17    0.0002141  -0.00700668
 
----------------
 Final Energies 
----------------
Final NOF Total Energy =    -149.9965774
 
Total Orbital Internal Iterations = 411
Total Occupation Internal Iterations = 107
 
Elapsed time:   44.83 Seconds

---------------------------------
   Lowdin Population Analysis    
---------------------------------
 Idx  Atom   Population   Charge 
---------------------------------
  1     O     8.511      -0.511
  2     O     8.489      -0.489

---------------------------------
   M Diagnostic: 0.05
---------------------------------

