Computing Integrals
Basis Set                                            = def2-qzvp
Auxiliary Basis Set                                  = def2-universal-jkfit
Gaussian Type                                        = Spherical
Elapsed time:    2.31 Seconds

Number of basis functions                   (NBF)    = 140
Number of auxiliary basis functions         (NBFAUX) = 256
Inactive Doubly occupied orbitals up to     (NO1)    = 0
No. considered Strongly Doubly occupied MOs (NDOC)   = 17
No. considered Strongly Singly occupied MOs (NSOC)   = 0
NO. of Weakly occ. per St. Doubly occ.  MOs (NCWO)   = 1
Dimension of the Nat. Orb. subspace         (NBF5)   = 34
No. of electrons                                     = 34
    No. of alpha electrons                           = 17
    No. of beta electrons                            = 17
Multiplicity                                         = 1

Geometry
========
Cl       0.0000000       0.0000000       1.0211660
Cl       0.0000000       0.0000000      -1.0211660

No violations of the orthonormality
No violations of the orthonormality
 
PNOF8/ADABelief Calculation
==================
 
  Nitext  Nit_orb  Time   Nit_occ  Time         Eelec          Etot           Ediff      maxdiff    MaxGrad_orb  Grad_occ
     1      10    9.8e+00    0    1.2e+01  -994.54523261  -919.66421555 -10993.54523261   0.000931   3.7e-03   2.5e-04 0.05
 
RESULTS OF THE OCCUPATION OPTIMIZATION
========================================
   1    1.9999716  -104.94045703
   2    1.9999730  -104.93757007
   3    1.9993063  -10.61912172
   4    1.9993356  -10.61768824
   5    1.9982539  -8.09035888
   6    1.9990206  -8.08636727
   7    1.9990267  -8.08568293
   8    1.9990161  -8.08426836
   9    1.9990291  -8.08419390
  10    1.9980814  -8.08211468
  11    1.9879905  -1.15890993
  12    1.9840756  -1.07562447
  13    1.9538079  -0.60540874
  14    1.9743780  -0.54529779
  15    1.9743627  -0.52271610
  16    1.9742107  -0.49734858
  17    1.9736890  -0.49210682
  18    0.0263110  -0.02684373
  19    0.0257893  -0.02666788
  20    0.0256373  -0.02914597
  21    0.0256220  -0.02930012
  22    0.0461921  -0.06719840
  23    0.0159244  -0.02400329
  24    0.0120095  -0.02879102
  25    0.0019186  -0.03059861
  26    0.0009709  -0.01803297
  27    0.0009839  -0.01815610
  28    0.0009733  -0.01805663
  29    0.0009794  -0.01810094
  30    0.0017461  -0.02710248
  31    0.0006644  -0.01542878
  32    0.0006937  -0.01592424
  33    0.0000270  -0.00528541
  34    0.0000284  -0.00555411
 
----------------
 Final Energies 
----------------
Final NOF Total Energy =    -919.6642156
 
Total Orbital Internal Iterations = 10
Total Occupation Internal Iterations = 0
 
Elapsed time:   28.12 Seconds

---------------------------------
   Lowdin Population Analysis    
---------------------------------
 Idx  Atom   Population   Charge 
---------------------------------
  1    Cl    16.998       0.002
  2    Cl    17.002      -0.002

---------------------------------
   M Diagnostic: 0.05
---------------------------------

