Computing Integrals
Basis Set                                            = def2-qzvp
Auxiliary Basis Set                                  = def2-universal-jkfit
Gaussian Type                                        = Spherical
Elapsed time:    5.37 Seconds

Number of basis functions                   (NBF)    = 294
Number of auxiliary basis functions         (NBFAUX) = 702
Inactive Doubly occupied orbitals up to     (NO1)    = 0
No. considered Strongly Doubly occupied MOs (NDOC)   = 42
No. considered Strongly Singly occupied MOs (NSOC)   = 0
NO. of Weakly occ. per St. Doubly occ.  MOs (NCWO)   = 1
Dimension of the Nat. Orb. subspace         (NBF5)   = 84
No. of electrons                                     = 84
    No. of alpha electrons                           = 42
    No. of beta electrons                            = 42
Multiplicity                                         = 1

Geometry
========
Br       0.0000000       0.0000000       1.9199780
Br       0.0000000       0.0000000      -0.3671470
 N       0.0000000       0.0000000      -3.2350060
 C       0.0000000       0.0000000      -4.3766260
 H       0.0000000       0.0000000      -5.4442760

No violations of the orthonormality
No violations of the orthonormality
 
PNOF8/ADABelief Calculation
==================
 
  Nitext  Nit_orb  Time   Nit_occ  Time         Eelec          Etot           Ediff      maxdiff    MaxGrad_orb  Grad_occ
     1      10    1.2e+01    1    1.2e+01 -5667.60471152 -5238.17035476 -15666.60471152   0.000491   2.0e-03   7.0e-05 0.03
 
RESULTS OF THE OCCUPATION OPTIMIZATION
========================================
   1    2.0000000  -308.52824654
   2    2.0000000  -133.35766125
   3    2.0000000  -108.18766175
   4    2.0000000  -97.70403779
   5    2.0000000  -74.72849614
   6    2.0000000  -62.23515043
   7    2.0000000  -60.80752627
   8    2.0000000  -58.62876204
   9    2.0000000  -50.46293871
  10    2.0000000  -50.30798153
  11    2.0000000  -49.96072726
  12    2.0000000  -48.62650937
  13    2.0000000  -38.32242676
  14    2.0000000  -29.61403344
  15    2.0000000  -29.10179546
  16    2.0000000  -27.65305562
  17    2.0000000  -26.89085136
  18    2.0000000  -25.09960955
  19    2.0000000  -24.76548798
  20    2.0000000  -22.33182818
  21    2.0000000  -22.03800970
  22    2.0000000  -21.26652612
  23    2.0000000  -20.96353120
  24    2.0000000  -19.57378361
  25    2.0000000  -18.24349474
  26    2.0000000  -18.05905935
  27    2.0000000  -17.53498856
  28    2.0000000  -16.09416706
  29    2.0000000  -14.63014074
  30    2.0000000  -13.31762652
  31    2.0000000  -12.39006540
  32    2.0000000  -11.67969092
  33    2.0000000  -9.43828506
  34    2.0000000  -9.22665120
  35    2.0000000  -8.85208003
  36    2.0000000  -8.73547609
  37    2.0000000  -8.02349608
  38    2.0000000  -7.96091578
  39    2.0000000  -6.57007818
  40    1.9942616  -0.48869215
  41    1.9934818  -0.46122874
  42    1.9680694  -0.40059144
  43    0.0319306  -0.06743657
  44    0.0065182  -0.05314810
  45    0.0057384  -0.05162691
  46    0.0000000  -0.00000003
  47    0.0000000  -0.00000000
  48    0.0000000  -0.00000002
  49    0.0000000  -0.00000028
  50    0.0000000  -0.00000000
  51    0.0000000  -0.00000000
  52    0.0000000  -0.00000000
  53    0.0000000  -0.00000000
  54    0.0000000  -0.00000021
  55    0.0000000  -0.00000152
  56    0.0000000  -0.00000037
  57    0.0000000  -0.00000000
  58    0.0000000  -0.00000000
  59    0.0000000  -0.00000000
  60    0.0000000  -0.00000000
  61    0.0000000  -0.00000000
  62    0.0000000  -0.00000000
  63    0.0000000  -0.00000000
  64    0.0000000  -0.00000000
  65    0.0000000  -0.00000000
  66    0.0000000  -0.00000000
  67    0.0000000  -0.00000000
  68    0.0000000  -0.00000000
  69    0.0000000  -0.00000006
  70    0.0000000  -0.00000000
  71    0.0000000  -0.00000005
  72    0.0000000  -0.00000000
  73    0.0000000  -0.00000000
  74    0.0000000  -0.00000000
  75    0.0000000  -0.00000000
  76    0.0000000  -0.00000010
  77    0.0000000  -0.00000000
  78    0.0000000  -0.00000000
  79    0.0000000  -0.00000000
  80    0.0000000  -0.00000000
  81    0.0000000  -0.00000000
  82    0.0000000  -0.00000013
  83    0.0000000  -0.00000025
  84    0.0000000  -0.00000351
 
----------------
 Final Energies 
----------------
Final NOF Total Energy =   -5238.1703548
 
Total Orbital Internal Iterations = 10
Total Occupation Internal Iterations = 1
 
Elapsed time:   30.96 Seconds

---------------------------------
   Lowdin Population Analysis    
---------------------------------
 Idx  Atom   Population   Charge 
---------------------------------
  1    Br    35.040      -0.040
  2    Br    34.964       0.036
  3     N     6.932       0.068
  4     C     5.938       0.062
  5     H     1.125      -0.125

---------------------------------
   M Diagnostic: 0.03
---------------------------------

