Computing Integrals
Basis Set                                            = def2-qzvp
Auxiliary Basis Set                                  = def2-universal-jkfit
Gaussian Type                                        = Spherical
Elapsed time:    1.88 Seconds

Number of basis functions                   (NBF)    = 75
Number of auxiliary basis functions         (NBFAUX) = 266
Inactive Doubly occupied orbitals up to     (NO1)    = 0
No. considered Strongly Doubly occupied MOs (NDOC)   = 18
No. considered Strongly Singly occupied MOs (NSOC)   = 0
NO. of Weakly occ. per St. Doubly occ.  MOs (NCWO)   = 1
Dimension of the Nat. Orb. subspace         (NBF5)   = 36
No. of electrons                                     = 36
    No. of alpha electrons                           = 18
    No. of beta electrons                            = 18
Multiplicity                                         = 1

Geometry
========
Kr       0.0000000       0.0000000       0.0000000

No violations of the orthonormality
No violations of the orthonormality
 
PNOF8/ADABelief Calculation
==================
 
  Nitext  Nit_orb  Time   Nit_occ  Time         Eelec          Etot           Ediff      maxdiff    MaxGrad_orb  Grad_occ
     1      10    9.2e+00    0    1.2e+01 -2752.79545273 -2752.79545273 -12751.79545273   0.001024   4.1e-03   1.8e-04 0.03
     2      30    9.2e-02    0    2.6e-03 -2752.79545273 -2752.79545273     0.00000000   0.001024   4.1e-03   1.8e-04 0.03
     3      50    1.9e-01    0    1.1e-03 -2752.79545273 -2752.79545273     0.00000000   0.001024   4.1e-03   1.8e-04 0.03
     4      70    2.4e-01    0    1.1e-03 -2752.79545273 -2752.79545273     0.00000000   0.001024   4.1e-03   1.8e-04 0.03
     5      72    2.3e-01    0    1.1e-03 -2752.79545815 -2752.79545815    -0.00000543   0.000493   2.0e-03   1.8e-04 0.03
 
RESULTS OF THE OCCUPATION OPTIMIZATION
========================================
   1    1.9999988  -520.26553086
   2    1.9999845  -69.98922237
   3    1.9999794  -63.08448167
   4    1.9999709  -63.08435718
   5    1.9999799  -63.08425834
   6    1.9995664  -10.87867181
   7    1.9991457  -8.36854491
   8    1.9991480  -8.36847489
   9    1.9991460  -8.36847241
  10    1.9937313  -3.85141139
  11    1.9937477  -3.85109508
  12    1.9937594  -3.85075174
  13    1.9929397  -3.84819315
  14    1.9930721  -3.84730970
  15    1.9817197  -1.17605909
  16    1.9738348  -0.54667138
  17    1.9737284  -0.54517846
  18    1.9737083  -0.54474774
  19    0.0262917  -0.04579056
  20    0.0262716  -0.04577456
  21    0.0261652  -0.04575040
  22    0.0182803  -0.04460175
  23    0.0069279  -0.04998640
  24    0.0070603  -0.04727843
  25    0.0062406  -0.04542290
  26    0.0062523  -0.04544176
  27    0.0062687  -0.04547031
  28    0.0008540  -0.00727405
  29    0.0008520  -0.00726359
  30    0.0008543  -0.00731314
  31    0.0004336  -0.02071245
  32    0.0000201  -0.00144624
  33    0.0000291  -0.00637218
  34    0.0000206  -0.00165359
  35    0.0000155  -0.00101477
  36    0.0000012  -0.00158258
 
----------------
 Final Energies 
----------------
Final NOF Total Energy =   -2752.7954582
 
Total Orbital Internal Iterations = 232
Total Occupation Internal Iterations = 0
 
Elapsed time:   27.85 Seconds

---------------------------------
   Lowdin Population Analysis    
---------------------------------
 Idx  Atom   Population   Charge 
---------------------------------
  1    Kr    36.000      -0.000

---------------------------------
   M Diagnostic: 0.03
---------------------------------

