Computing Integrals
Basis Set                                            = def2-qzvp
Auxiliary Basis Set                                  = def2-universal-jkfit
Gaussian Type                                        = Spherical
Elapsed time:    3.23 Seconds

Number of basis functions                   (NBF)    = 150
Number of auxiliary basis functions         (NBFAUX) = 532
Inactive Doubly occupied orbitals up to     (NO1)    = 0
No. considered Strongly Doubly occupied MOs (NDOC)   = 36
No. considered Strongly Singly occupied MOs (NSOC)   = 0
NO. of Weakly occ. per St. Doubly occ.  MOs (NCWO)   = 1
Dimension of the Nat. Orb. subspace         (NBF5)   = 72
No. of electrons                                     = 72
    No. of alpha electrons                           = 36
    No. of beta electrons                            = 36
Multiplicity                                         = 1

Geometry
========
Kr       0.0000000       0.0000000       2.0050000
Kr       0.0000000       0.0000000      -2.0050000

No violations of the orthonormality
No violations of the orthonormality
 
PNOF8/ADABelief Calculation
==================
 
  Nitext  Nit_orb  Time   Nit_occ  Time         Eelec          Etot           Ediff      maxdiff    MaxGrad_orb  Grad_occ
     1      10    1.1e+01    0    1.2e+01 -5676.62058403 -5505.59508306 -15675.62058403   0.000767   3.1e-03   2.6e-04 0.03
 
RESULTS OF THE OCCUPATION OPTIMIZATION
========================================
   1    1.9999989  -520.26252590
   2    1.9999992  -520.25391193
   3    1.9999935  -69.99959385
   4    1.9999861  -69.99104189
   5    1.9999647  -63.08509161
   6    1.9999649  -63.08497945
   7    1.9999786  -63.08426209
   8    1.9999784  -63.08421253
   9    1.9999788  -63.08413216
  10    1.9999792  -63.08404975
  11    1.9995432  -10.88064416
  12    1.9995412  -10.88023310
  13    1.9991165  -8.36823922
  14    1.9991138  -8.36819873
  15    1.9991100  -8.36812774
  16    1.9991078  -8.36800041
  17    1.9991125  -8.36783929
  18    1.9991221  -8.36777582
  19    1.9936383  -3.85185855
  20    1.9937675  -3.85177574
  21    1.9936951  -3.85165469
  22    1.9936943  -3.85162849
  23    1.9937185  -3.85154125
  24    1.9931282  -3.85080920
  25    1.9931509  -3.85068697
  26    1.9936655  -3.85063384
  27    1.9923702  -3.84926295
  28    1.9923424  -3.84859465
  29    1.9815960  -1.17416448
  30    1.9815362  -1.17382351
  31    1.9739045  -0.54718033
  32    1.9738593  -0.54668872
  33    1.9739512  -0.54595458
  34    1.9738726  -0.54512354
  35    1.9736791  -0.54436384
  36    1.9735528  -0.54392213
  37    0.0264472  -0.04590253
  38    0.0263209  -0.04584709
  39    0.0261274  -0.04571722
  40    0.0260488  -0.04566081
  41    0.0261407  -0.04572482
  42    0.0260955  -0.04575985
  43    0.0184638  -0.04472093
  44    0.0184040  -0.04467452
  45    0.0076576  -0.03991008
  46    0.0076298  -0.04022193
  47    0.0063345  -0.04473213
  48    0.0068491  -0.05557916
  49    0.0068718  -0.05520878
  50    0.0062815  -0.04461884
  51    0.0063057  -0.04463311
  52    0.0063049  -0.04465510
  53    0.0062325  -0.04455698
  54    0.0063617  -0.04475604
  55    0.0008779  -0.00741013
  56    0.0008875  -0.00719156
  57    0.0008922  -0.00727165
  58    0.0008900  -0.00721463
  59    0.0008862  -0.00718777
  60    0.0008835  -0.00718266
  61    0.0004588  -0.02074183
  62    0.0004568  -0.02056951
  63    0.0000208  -0.00117449
  64    0.0000212  -0.00119379
  65    0.0000216  -0.00121027
  66    0.0000214  -0.00119044
  67    0.0000351  -0.00664986
  68    0.0000353  -0.00687748
  69    0.0000139  -0.00213650
  70    0.0000065  -0.00193521
  71    0.0000008  -0.00095019
  72    0.0000011  -0.00147777
 
----------------
 Final Energies 
----------------
Final NOF Total Energy =   -5505.5950831
 
Total Orbital Internal Iterations = 10
Total Occupation Internal Iterations = 0
 
Elapsed time:   29.15 Seconds

---------------------------------
   Lowdin Population Analysis    
---------------------------------
 Idx  Atom   Population   Charge 
---------------------------------
  1    Kr    36.000      -0.000
  2    Kr    36.000       0.000

---------------------------------
   M Diagnostic: 0.03
---------------------------------

