Computing Integrals
Basis Set                                            = def2-qzvp
Auxiliary Basis Set                                  = def2-universal-jkfit
Gaussian Type                                        = Spherical
Elapsed time:    1.54 Seconds

Number of basis functions                   (NBF)    = 57
Number of auxiliary basis functions         (NBFAUX) = 75
Inactive Doubly occupied orbitals up to     (NO1)    = 0
No. considered Strongly Doubly occupied MOs (NDOC)   = 2
No. considered Strongly Singly occupied MOs (NSOC)   = 1
NO. of Weakly occ. per St. Doubly occ.  MOs (NCWO)   = 1
Dimension of the Nat. Orb. subspace         (NBF5)   = 5
No. of electrons                                     = 5
    No. of alpha electrons                           = 3
    No. of beta electrons                            = 2
Multiplicity                                         = 2

Geometry
========
 B       0.0000000       0.0000000       0.0000000

No violations of the orthonormality
No violations of the orthonormality
 
PNOF8/ADAM Calculation
==================
 
  Nitext  Nit_orb  Time   Nit_occ  Time         Eelec          Etot           Ediff      maxdiff    MaxGrad_orb  Grad_occ
     1      10    9.0e+00    8    1.2e+01   -23.74799310   -23.74799310 -10022.74799310   0.464749   1.9e+00   4.3e-06 0.03
     2      10    2.6e-03    4    1.9e-04   -24.12558689   -24.12558689    -0.37759379   0.293798   1.2e+00   1.4e-04 0.05
     3      10    2.3e-03    4    1.6e-04   -24.32114128   -24.32114128    -0.19555438   0.203209   8.1e-01   4.2e-06 0.06
     4      10    2.3e-03    3    1.4e-04   -24.44937109   -24.44937109    -0.12822981   0.157278   6.3e-01   2.9e-05 0.07
     5      10    1.8e-02    3    1.8e-04   -24.53327132   -24.53327132    -0.08390023   0.102349   4.1e-01   9.6e-06 0.07
     6      10    2.3e-03    3    1.4e-04   -24.57235390   -24.57235390    -0.03908258   0.058379   2.3e-01   2.5e-06 0.08
     7      10    2.3e-03    2    1.3e-04   -24.58515563   -24.58515563    -0.01280173   0.039302   1.6e-01   1.2e-04 0.09
     8      10    2.3e-03    2    1.2e-04   -24.58871143   -24.58871143    -0.00355580   0.039387   1.6e-01   8.0e-05 0.10
     9      10    6.3e-03    1    1.2e-04   -24.58986316   -24.58986316    -0.00115173   0.028030   1.1e-01   1.4e-05 0.11
    10      10    2.5e-03    1    1.2e-04   -24.59003776   -24.59003776    -0.00017460   0.036835   1.5e-01   4.0e-06 0.11
    11      10    2.2e-03    1    1.1e-04   -24.59008038   -24.59008038    -0.00004263   0.025616   1.0e-01   5.3e-06 0.11
    12      10    3.7e-03    0    9.9e-05   -24.59008097   -24.59008097    -0.00000059   0.025616   1.0e-01   5.3e-06 0.11
    13      20    4.0e-03    0    1.1e-04   -24.59028087   -24.59028087    -0.00019990   0.000428   1.7e-03   4.6e-05 0.11
 
RESULTS OF THE OCCUPATION OPTIMIZATION
========================================
   1    1.9991265  -7.68487605
   2    1.8893443  -0.49737133
   3    1.0000000  -0.16556379
   4    0.1106557  -0.03845770
   5    0.0008735  -0.01040735
 
----------------
 Final Energies 
----------------
Final NOF Total Energy =     -24.5902809
 
Total Orbital Internal Iterations = 140
Total Occupation Internal Iterations = 32
 
Elapsed time:   27.18 Seconds

---------------------------------
   Lowdin Population Analysis    
---------------------------------
 Idx  Atom   Population   Charge 
---------------------------------
  1     B     5.000      -0.000

---------------------------------
   M Diagnostic: 0.11
---------------------------------

