Computing Integrals
Basis Set                                            = def2-qzvp
Auxiliary Basis Set                                  = def2-universal-jkfit
Gaussian Type                                        = Spherical
Elapsed time:    1.75 Seconds

Number of basis functions                   (NBF)    = 117
Number of auxiliary basis functions         (NBFAUX) = 113
Inactive Doubly occupied orbitals up to     (NO1)    = 0
No. considered Strongly Doubly occupied MOs (NDOC)   = 5
No. considered Strongly Singly occupied MOs (NSOC)   = 0
NO. of Weakly occ. per St. Doubly occ.  MOs (NCWO)   = 1
Dimension of the Nat. Orb. subspace         (NBF5)   = 10
No. of electrons                                     = 10
    No. of alpha electrons                           = 5
    No. of beta electrons                            = 5
Multiplicity                                         = 1

Geometry
========
 O       0.0000000       0.0000000      -0.3893611
 H       0.7629844       0.0000000       0.1946806
 H      -0.7629844       0.0000000       0.1946806

No violations of the orthonormality
No violations of the orthonormality
 
PNOF8/ADABelief Calculation
==================
 
  Nitext  Nit_orb  Time   Nit_occ  Time         Eelec          Etot           Ediff      maxdiff    MaxGrad_orb  Grad_occ
     1      10    9.3e+00    0    1.2e+01   -85.42130117   -76.26280273 -10084.42130117   0.000551   2.2e-03   8.4e-05 0.03
 
RESULTS OF THE OCCUPATION OPTIMIZATION
========================================
   1    1.9997898  -20.59472012
   2    1.9894297  -1.31292004
   3    1.9665890  -0.71113997
   4    1.9665822  -0.71113665
   5    1.9779576  -0.53985960
   6    0.0220424  -0.02405587
   7    0.0334178  -0.03830198
   8    0.0334110  -0.03830384
   9    0.0105703  -0.02212462
  10    0.0002102  -0.00697186
 
----------------
 Final Energies 
----------------
Final NOF Total Energy =     -76.2628027
 
Total Orbital Internal Iterations = 10
Total Occupation Internal Iterations = 0
 
Elapsed time:   27.50 Seconds

---------------------------------
   Lowdin Population Analysis    
---------------------------------
 Idx  Atom   Population   Charge 
---------------------------------
  1     O     7.339       0.661
  2     H     1.330      -0.330
  3     H     1.330      -0.330

---------------------------------
   M Diagnostic: 0.03
---------------------------------

