Computing Integrals
Basis Set                                            = def2-qzvp
Auxiliary Basis Set                                  = def2-universal-jkfit
Gaussian Type                                        = Spherical
Elapsed time:    3.16 Seconds

Number of basis functions                   (NBF)    = 204
Number of auxiliary basis functions         (NBFAUX) = 208
Inactive Doubly occupied orbitals up to     (NO1)    = 0
No. considered Strongly Doubly occupied MOs (NDOC)   = 10
No. considered Strongly Singly occupied MOs (NSOC)   = 0
NO. of Weakly occ. per St. Doubly occ.  MOs (NCWO)   = 1
Dimension of the Nat. Orb. subspace         (NBF5)   = 20
No. of electrons                                     = 20
    No. of alpha electrons                           = 10
    No. of beta electrons                            = 10
Multiplicity                                         = 1

Geometry
========
 H      -0.0913883      -0.2448128       0.0130826
 H       1.5272733       0.3383121       0.6525543
 O      -1.2208378      -0.2356182       0.0613147
 O       1.2462132      -0.2206110      -0.0771381
 H      -1.4612604       0.3627299      -0.6498135

No violations of the orthonormality
No violations of the orthonormality
 
PNOF8/ADABelief Calculation
==================
 
  Nitext  Nit_orb  Time   Nit_occ  Time         Eelec          Etot           Ediff      maxdiff    MaxGrad_orb  Grad_occ
     1      10    1.0e+01    0    1.2e+01  -185.08240693  -151.91405901 -10184.08240693   0.000475   1.9e-03   1.3e-04 0.04
 
RESULTS OF THE OCCUPATION OPTIMIZATION
========================================
   1    1.9997813  -20.30921812
   2    1.9997943  -20.27787624
   3    1.9883160  -1.01356852
   4    1.9912163  -0.96501179
   5    1.9642985  -0.43645607
   6    1.9653934  -0.43225859
   7    1.9641614  -0.37553414
   8    1.9745301  -0.27079742
   9    1.9756617  -0.24165118
  10    1.9733710  -0.22605859
  11    0.0266290  -0.02219543
  12    0.0243383  -0.02173186
  13    0.0254699  -0.02283623
  14    0.0358386  -0.03386065
  15    0.0346066  -0.03960273
  16    0.0357015  -0.03501781
  17    0.0087837  -0.01709266
  18    0.0116840  -0.02071819
  19    0.0002057  -0.00670952
  20    0.0002187  -0.00704682
 
----------------
 Final Energies 
----------------
Final NOF Total Energy =    -151.9140590
 
Total Orbital Internal Iterations = 10
Total Occupation Internal Iterations = 0
 
Elapsed time:   28.44 Seconds

---------------------------------
   Lowdin Population Analysis    
---------------------------------
 Idx  Atom   Population   Charge 
---------------------------------
  1     H     1.481      -0.481
  2     H     1.525      -0.525
  3     O     7.644       0.356
  4     O     7.903       0.097
  5     H     1.447      -0.447

---------------------------------
   M Diagnostic: 0.04
---------------------------------

