Computing Integrals
Basis Set                                            = def2-qzvp
Auxiliary Basis Set                                  = def2-universal-jkfit
Gaussian Type                                        = Spherical
Elapsed time:    3.18 Seconds

Number of basis functions                   (NBF)    = 234
Number of auxiliary basis functions         (NBFAUX) = 224
Inactive Doubly occupied orbitals up to     (NO1)    = 0
No. considered Strongly Doubly occupied MOs (NDOC)   = 9
No. considered Strongly Singly occupied MOs (NSOC)   = 0
NO. of Weakly occ. per St. Doubly occ.  MOs (NCWO)   = 1
Dimension of the Nat. Orb. subspace         (NBF5)   = 18
No. of electrons                                     = 18
    No. of alpha electrons                           = 9
    No. of beta electrons                            = 9
Multiplicity                                         = 1

Geometry
========
 H       2.3049946       2.0152356      -0.2886661
 O       3.2368639       2.3765066      -0.2622253
 C       4.0871526       1.2373246      -0.3269175
 H       5.0520929       1.4930978       0.1460550
 H       3.6389880       0.3745653       0.1947375
 H       4.2941647       0.9384192      -1.3756323

No violations of the orthonormality
No violations of the orthonormality
 
PNOF8/ADABelief Calculation
==================
 
  Nitext  Nit_orb  Time   Nit_occ  Time         Eelec          Etot           Ediff      maxdiff    MaxGrad_orb  Grad_occ
     1      10    9.8e+00    0    1.2e+01  -155.36330399  -115.41659873 -10154.36330399   0.000496   2.0e-03   1.9e-04 0.03
 
RESULTS OF THE OCCUPATION OPTIMIZATION
========================================
   1    1.9998198  -20.59045479
   2    1.9995762  -11.26542394
   3    1.9920730  -1.25414713
   4    1.9707314  -0.70879124
   5    1.9674064  -0.69942777
   6    1.9762404  -0.68716753
   7    1.9758336  -0.67184974
   8    1.9754765  -0.66681337
   9    1.9831038  -0.54131190
  10    0.0168962  -0.02192404
  11    0.0245235  -0.02650447
  12    0.0241664  -0.02644112
  13    0.0237596  -0.02606835
  14    0.0325936  -0.04641716
  15    0.0292686  -0.03706118
  16    0.0079270  -0.02077002
  17    0.0004238  -0.00793577
  18    0.0001802  -0.00635790
 
----------------
 Final Energies 
----------------
Final NOF Total Energy =    -115.4165987
 
Total Orbital Internal Iterations = 10
Total Occupation Internal Iterations = 0
 
Elapsed time:   28.03 Seconds

---------------------------------
   Lowdin Population Analysis    
---------------------------------
 Idx  Atom   Population   Charge 
---------------------------------
  1     H     1.287      -0.287
  2     O     7.490       0.510
  3     C     6.003      -0.003
  4     H     1.068      -0.068
  5     H     1.077      -0.077
  6     H     1.074      -0.074

---------------------------------
   M Diagnostic: 0.03
---------------------------------

