Computing Integrals
Basis Set                                            = def2-qzvp
Auxiliary Basis Set                                  = def2-universal-jkfit
Gaussian Type                                        = Spherical
Elapsed time:    3.38 Seconds

Number of basis functions                   (NBF)    = 266
Number of auxiliary basis functions         (NBFAUX) = 314
Inactive Doubly occupied orbitals up to     (NO1)    = 0
No. considered Strongly Doubly occupied MOs (NDOC)   = 12
No. considered Strongly Singly occupied MOs (NSOC)   = 0
NO. of Weakly occ. per St. Doubly occ.  MOs (NCWO)   = 1
Dimension of the Nat. Orb. subspace         (NBF5)   = 24
No. of electrons                                     = 24
    No. of alpha electrons                           = 12
    No. of beta electrons                            = 12
Multiplicity                                         = 1

Geometry
========
 C      -0.0873021      -0.5756259       0.4272794
 H       0.7239084      -0.9798726       1.0202452
 C       0.0023041       0.7585438       0.0826803
 H      -1.0679668      -0.9409131       0.7065507
Li       0.2893331       0.0164861      -1.6539172
 N       0.1397233       1.7213818      -0.5828383

No violations of the orthonormality
No violations of the orthonormality
 
PNOF8/ADABelief Calculation
==================
 
  Nitext  Nit_orb  Time   Nit_occ  Time         Eelec          Etot           Ediff      maxdiff    MaxGrad_orb  Grad_occ
     1      10    1.0e+01    0    1.2e+01  -208.14442009  -139.24859088 -10207.14442009   0.000498   2.0e-03   2.2e-04 0.04
 
RESULTS OF THE OCCUPATION OPTIMIZATION
========================================
   1    1.9997732  -15.54027659
   2    1.9995716  -11.24737769
   3    1.9995963  -11.18823916
   4    1.9974784  -2.47067549
   5    1.9895753  -0.95636048
   6    1.9809080  -0.79666437
   7    1.9872050  -0.77461834
   8    1.9772678  -0.61721403
   9    1.9772528  -0.61716632
  10    1.9754831  -0.57652766
  11    1.9593889  -0.47049662
  12    1.9628296  -0.44526836
  13    0.0371704  -0.04193692
  14    0.0406111  -0.04322548
  15    0.0245169  -0.03166679
  16    0.0227472  -0.02418911
  17    0.0227322  -0.02418274
  18    0.0127950  -0.01780260
  19    0.0190920  -0.03085674
  20    0.0104247  -0.02023395
  21    0.0025216  -0.01069266
  22    0.0004037  -0.00750063
  23    0.0004284  -0.00804985
  24    0.0002268  -0.00617094
 
----------------
 Final Energies 
----------------
Final NOF Total Energy =    -139.2485909
 
Total Orbital Internal Iterations = 10
Total Occupation Internal Iterations = 0
 
Elapsed time:   28.30 Seconds

---------------------------------
   Lowdin Population Analysis    
---------------------------------
 Idx  Atom   Population   Charge 
---------------------------------
  1     C     5.907       0.093
  2     H     1.079      -0.079
  3     C     6.204      -0.204
  4     H     1.079      -0.079
  5    Li     2.979       0.021
  6     N     6.753       0.247

---------------------------------
   M Diagnostic: 0.04
---------------------------------

