Computing Integrals
Basis Set                                            = def2-qzvp
Auxiliary Basis Set                                  = def2-universal-jkfit
Gaussian Type                                        = Spherical
Elapsed time:   13.78 Seconds

Number of basis functions                   (NBF)    = 642
Number of auxiliary basis functions         (NBFAUX) = 634
Inactive Doubly occupied orbitals up to     (NO1)    = 0
No. considered Strongly Doubly occupied MOs (NDOC)   = 25
No. considered Strongly Singly occupied MOs (NSOC)   = 0
NO. of Weakly occ. per St. Doubly occ.  MOs (NCWO)   = 1
Dimension of the Nat. Orb. subspace         (NBF5)   = 50
No. of electrons                                     = 50
    No. of alpha electrons                           = 25
    No. of beta electrons                            = 25
Multiplicity                                         = 1

Geometry
========
 C       1.7152640      -0.0007590       0.5515400
 H       1.2512450      -0.4699330       1.4249100
 O       1.9171090      -0.9589470      -0.4858620
 C       0.8221070       1.1013200       0.0042440
 H       0.6423300       1.8206380       0.8080950
 H       1.3669290       1.6284510      -0.7806120
 C      -0.5096610       0.6035630      -0.5614620
 H      -0.3294700      -0.0379410      -1.4228660
 H      -1.0955360       1.4572270      -0.9062310
 H       2.4983660      -1.6436990      -0.1459810
 H       2.6683740       0.4294360       0.8731390
 C      -1.3467400      -0.1590810       0.4491090
 H      -0.8624120      -1.1061280       0.7021330
 H      -1.4501540       0.4283550       1.3693070
 O      -2.6233110      -0.3941540      -0.1438210
 H      -3.1258680      -0.9518590       0.4549900

No violations of the orthonormality
No violations of the orthonormality
 
PNOF8/ADABelief Calculation
==================
 
  Nitext  Nit_orb  Time   Nit_occ  Time         Eelec          Etot           Ediff      maxdiff    MaxGrad_orb  Grad_occ
     1      10    1.5e+01    0    1.2e+01  -562.84043702  -308.03223756 -10561.84043702   0.000486   1.9e-03   8.9e-05 0.03
 
RESULTS OF THE OCCUPATION OPTIMIZATION
========================================
   1    1.9998088  -20.58604308
   2    1.9998094  -20.57896818
   3    1.9995551  -11.26412181
   4    1.9995523  -11.25645995
   5    1.9995827  -11.21397042
   6    1.9995784  -11.20354376
   7    1.9919081  -1.25762005
   8    1.9919061  -1.25024779
   9    1.9726251  -0.73285848
  10    1.9725359  -0.72485588
  11    1.9674403  -0.69932942
  12    1.9766375  -0.69457643
  13    1.9764749  -0.69414392
  14    1.9674065  -0.69264437
  15    1.9766479  -0.68903137
  16    1.9763657  -0.68407918
  17    1.9767251  -0.68114595
  18    1.9768553  -0.67775814
  19    1.9724683  -0.67176334
  20    1.9768268  -0.66863941
  21    1.9769831  -0.66778767
  22    1.9725590  -0.66332164
  23    1.9725018  -0.65671561
  24    1.9827472  -0.54225267
  25    1.9828657  -0.53424584
  26    0.0171343  -0.02212210
  27    0.0172528  -0.02233427
  28    0.0274982  -0.03483832
  29    0.0274410  -0.03525348
  30    0.0230169  -0.02558204
  31    0.0231732  -0.02562108
  32    0.0275317  -0.03548402
  33    0.0231447  -0.02569833
  34    0.0232749  -0.02580367
  35    0.0236343  -0.02632230
  36    0.0233521  -0.02619842
  37    0.0325935  -0.04662541
  38    0.0235251  -0.02638780
  39    0.0233625  -0.02619830
  40    0.0325597  -0.04666995
  41    0.0274641  -0.03570286
  42    0.0273749  -0.03573874
  43    0.0080939  -0.02084482
  44    0.0080919  -0.02086658
  45    0.0004216  -0.00790567
  46    0.0004173  -0.00788612
  47    0.0004477  -0.00828734
  48    0.0004449  -0.00826785
  49    0.0001906  -0.00656143
  50    0.0001912  -0.00657678
 
----------------
 Final Energies 
----------------
Final NOF Total Energy =    -308.0322376
 
Total Orbital Internal Iterations = 10
Total Occupation Internal Iterations = 0
 
Elapsed time:   34.56 Seconds

---------------------------------
   Lowdin Population Analysis    
---------------------------------
 Idx  Atom   Population   Charge 
---------------------------------
  1     C     6.109      -0.109
  2     H     1.067      -0.067
  3     O     7.409       0.591
  4     C     5.916       0.084
  5     H     1.044      -0.044
  6     H     1.045      -0.045
  7     C     5.915       0.085
  8     H     1.045      -0.045
  9     H     1.046      -0.046
 10     H     1.342      -0.342
 11     H     1.066      -0.066
 12     C     6.108      -0.108
 13     H     1.066      -0.066
 14     H     1.065      -0.065
 15     O     7.413       0.587
 16     H     1.345      -0.345

---------------------------------
   M Diagnostic: 0.03
---------------------------------

