Computing Integrals
Basis Set                                            = def2-qzvp
Auxiliary Basis Set                                  = def2-universal-jkfit
Gaussian Type                                        = Spherical
Elapsed time:    6.65 Seconds

Number of basis functions                   (NBF)    = 465
Number of auxiliary basis functions         (NBFAUX) = 487
Inactive Doubly occupied orbitals up to     (NO1)    = 0
No. considered Strongly Doubly occupied MOs (NDOC)   = 19
No. considered Strongly Singly occupied MOs (NSOC)   = 0
NO. of Weakly occ. per St. Doubly occ.  MOs (NCWO)   = 1
Dimension of the Nat. Orb. subspace         (NBF5)   = 38
No. of electrons                                     = 38
    No. of alpha electrons                           = 19
    No. of beta electrons                            = 19
Multiplicity                                         = 1

Geometry
========
 C       0.0000000       1.1955475       0.1591536
 C       0.0000000       0.0000000      -0.8095231
 C       0.0000000      -1.1955475       0.1591536
 N       0.0000000      -0.6147607       1.5357795
 N       0.0000000       0.6147607       1.5357795
 H      -0.8790141       1.8382622       0.0805604
 H       0.8790141       1.8382622       0.0805604
 H      -0.8801214       0.0000000      -1.4512923
 H       0.8801214       0.0000000      -1.4512923
 H       0.8790141      -1.8382622       0.0805604
 H      -0.8790141      -1.8382622       0.0805604

No violations of the orthonormality
No violations of the orthonormality
 
PNOF8/ADABelief Calculation
==================
 
  Nitext  Nit_orb  Time   Nit_occ  Time         Eelec          Etot           Ediff      maxdiff    MaxGrad_orb  Grad_occ
     1      10    1.1e+01    0    1.2e+01  -400.93064190  -226.73753240 -10399.93064190   0.000499   2.0e-03   2.4e-04 0.04
 
RESULTS OF THE OCCUPATION OPTIMIZATION
========================================
   1    1.9997509  -15.61471043
   2    1.9997493  -15.61466008
   3    1.9995672  -11.25291633
   4    1.9995662  -11.25289724
   5    1.9995773  -11.23277306
   6    1.9914878  -1.01936677
   7    1.9914573  -1.01779432
   8    1.9730147  -0.73490500
   9    1.9771413  -0.70201502
  10    1.9771169  -0.70192702
  11    1.9771081  -0.70165502
  12    1.9770877  -0.70160802
  13    1.9770747  -0.69903746
  14    1.9770551  -0.69876770
  15    1.9723860  -0.68391550
  16    1.9723814  -0.68380933
  17    1.9678723  -0.62483117
  18    1.9678699  -0.62476315
  19    1.9551314  -0.52294023
  20    0.0448686  -0.05342301
  21    0.0321301  -0.04229954
  22    0.0321277  -0.04229900
  23    0.0276186  -0.03520298
  24    0.0276140  -0.03520157
  25    0.0229449  -0.02565179
  26    0.0229253  -0.02564521
  27    0.0229123  -0.02576405
  28    0.0228919  -0.02575630
  29    0.0228831  -0.02575337
  30    0.0228587  -0.02574439
  31    0.0269853  -0.04139487
  32    0.0085427  -0.01761484
  33    0.0085122  -0.01761468
  34    0.0004227  -0.00793398
  35    0.0004338  -0.00808353
  36    0.0004328  -0.00807727
  37    0.0002507  -0.00668444
  38    0.0002491  -0.00664662
 
----------------
 Final Energies 
----------------
Final NOF Total Energy =    -226.7375324
 
Total Orbital Internal Iterations = 10
Total Occupation Internal Iterations = 0
 
Elapsed time:   29.94 Seconds

---------------------------------
   Lowdin Population Analysis    
---------------------------------
 Idx  Atom   Population   Charge 
---------------------------------
  1     C     6.010      -0.010
  2     C     5.902       0.098
  3     C     6.011      -0.011
  4     N     6.857       0.143
  5     N     6.857       0.143
  6     H     1.062      -0.062
  7     H     1.062      -0.062
  8     H     1.058      -0.058
  9     H     1.058      -0.058
 10     H     1.061      -0.061
 11     H     1.062      -0.062

---------------------------------
   M Diagnostic: 0.04
---------------------------------

