Computing Integrals
Basis Set                                            = def2-qzvp
Auxiliary Basis Set                                  = def2-universal-jkfit
Gaussian Type                                        = Spherical
Elapsed time:    5.39 Seconds

Number of basis functions                   (NBF)    = 408
Number of auxiliary basis functions         (NBFAUX) = 408
Inactive Doubly occupied orbitals up to     (NO1)    = 0
No. considered Strongly Doubly occupied MOs (NDOC)   = 15
No. considered Strongly Singly occupied MOs (NSOC)   = 0
NO. of Weakly occ. per St. Doubly occ.  MOs (NCWO)   = 1
Dimension of the Nat. Orb. subspace         (NBF5)   = 30
No. of electrons                                     = 30
    No. of alpha electrons                           = 15
    No. of beta electrons                            = 15
Multiplicity                                         = 1

Geometry
========
 C       0.0000000      -0.6675852       0.9264237
 C       0.0000000      -0.7855107      -0.5852213
 C       0.0000000       0.7855107      -0.5852213
 C       0.0000000       0.6675852       0.9264237
 H       0.0000000      -1.4104592       1.7131921
 H       0.8870395      -1.2426744      -1.0271973
 H      -0.8870395      -1.2426744      -1.0271973
 H      -0.8870395       1.2426744      -1.0271973
 H       0.8870395       1.2426744      -1.0271973
 H       0.0000000       1.4104592       1.7131921

No violations of the orthonormality
No violations of the orthonormality
 
PNOF8/ADABelief Calculation
==================
 
  Nitext  Nit_orb  Time   Nit_occ  Time         Eelec          Etot           Ediff      maxdiff    MaxGrad_orb  Grad_occ
     1      10    1.1e+01    0    1.2e+01  -268.79306519  -155.47777270 -10267.79306519   0.000655   2.6e-03   2.0e-04 0.04
 
RESULTS OF THE OCCUPATION OPTIMIZATION
========================================
   1    1.9995781  -11.21823754
   2    1.9995780  -11.21820150
   3    1.9995664  -11.21545282
   4    1.9995589  -11.21536885
   5    1.9818818  -0.90643677
   6    1.9778849  -0.70234004
   7    1.9778202  -0.70177650
   8    1.9773450  -0.68503090
   9    1.9773479  -0.68478574
  10    1.9773486  -0.68474294
  11    1.9773457  -0.68463974
  12    1.9720178  -0.64252557
  13    1.9720408  -0.64221095
  14    1.9696634  -0.60038433
  15    1.9571024  -0.38414614
  16    0.0428976  -0.03843398
  17    0.0303366  -0.03606029
  18    0.0279592  -0.03477242
  19    0.0279822  -0.03477813
  20    0.0226543  -0.02519764
  21    0.0226514  -0.02519694
  22    0.0226521  -0.02519692
  23    0.0226550  -0.02519777
  24    0.0221798  -0.02549244
  25    0.0221151  -0.02544959
  26    0.0181182  -0.02856310
  27    0.0004411  -0.00826797
  28    0.0004336  -0.00819195
  29    0.0004220  -0.00792894
  30    0.0004219  -0.00792710
 
----------------
 Final Energies 
----------------
Final NOF Total Energy =    -155.4777727
 
Total Orbital Internal Iterations = 10
Total Occupation Internal Iterations = 0
 
Elapsed time:   29.69 Seconds

---------------------------------
   Lowdin Population Analysis    
---------------------------------
 Idx  Atom   Population   Charge 
---------------------------------
  1     C     5.897       0.103
  2     C     5.878       0.122
  3     C     5.878       0.122
  4     C     5.897       0.103
  5     H     1.095      -0.095
  6     H     1.065      -0.065
  7     H     1.065      -0.065
  8     H     1.065      -0.065
  9     H     1.065      -0.065
 10     H     1.095      -0.095

---------------------------------
   M Diagnostic: 0.04
---------------------------------

