Job runing on na22
Choosing scratch ...
Automatic scratch folder selection
/scratch/pobleyef/345628
/scratch/pobleyef/345628 directory
cp HAL59-NCH_NIS.gcf HAL59-NCH_NIS.inp to  /scratch/pobleyef/345628/.
HAL59-NCH_NIS
 This is the OpenMP version of the code
 This is the OpenMP version of the code
 This is the OpenMP version of the code
 This is the OpenMP version of the code
 This is the OpenMP version of the code
 This is the OpenMP version of the code
 This is the OpenMP version of the code
 This is the OpenMP version of the code
 This is the OpenMP version of the code
 This is the OpenMP version of the code
 This is the OpenMP version of the code
 This is the OpenMP version of the code
 This is the OpenMP version of the code
 This is the OpenMP version of the code
 This is the OpenMP version of the code
 This is the OpenMP version of the code
 This is the OpenMP version of the code
 This is the OpenMP version of the code
 This is the OpenMP version of the code
 This is the OpenMP version of the code
 This is the OpenMP version of the code
 This is the OpenMP version of the code
 This is the OpenMP version of the code
 This is the OpenMP version of the code
 This is the OpenMP version of the code
 This is the OpenMP version of the code
 This is the OpenMP version of the code
 This is the OpenMP version of the code
 This is the OpenMP version of the code
 This is the OpenMP version of the code
 This is the OpenMP version of the code
 This is the OpenMP version of the code
 This is the OpenMP version of the code
 This is the OpenMP version of the code
 This is the OpenMP version of the code
 This is the OpenMP version of the code
 This is the OpenMP version of the code
 This is the OpenMP version of the code
 This is the OpenMP version of the code
 This is the OpenMP version of the code
 This is the OpenMP version of the code
 This is the OpenMP version of the code
 This is the OpenMP version of the code
 This is the OpenMP version of the code
 This is the OpenMP version of the code
 This is the OpenMP version of the code
 This is the OpenMP version of the code
 This is the OpenMP version of the code
 This is the OpenMP version of the code
 This is the OpenMP version of the code
 This is the OpenMP version of the code
 This is the OpenMP version of the code
 This is the OpenMP version of the code
 This is the OpenMP version of the code
 This is the OpenMP version of the code
 This is the OpenMP version of the code
 This is the OpenMP version of the code
 This is the OpenMP version of the code
 This is the OpenMP version of the code
 This is the OpenMP version of the code
 This is the OpenMP version of the code
 This is the OpenMP version of the code
 This is the OpenMP version of the code
 This is the OpenMP version of the code
 This is the OpenMP version of the code
 This is the OpenMP version of the code
 This is the OpenMP version of the code
 This is the OpenMP version of the code
 This is the OpenMP version of the code
 This is the OpenMP version of the code
 This is the OpenMP version of the code
 This is the OpenMP version of the code
 This is the OpenMP version of the code
 This is the OpenMP version of the code
 This is the OpenMP version of the code
 This is the OpenMP version of the code
 This is the OpenMP version of the code
 This is the OpenMP version of the code
 This is the OpenMP version of the code
 This is the OpenMP version of the code
 This is the OpenMP version of the code
 This is the OpenMP version of the code
 This is the OpenMP version of the code
 This is the OpenMP version of the code
 This is the OpenMP version of the code
 This is the OpenMP version of the code
 This is the OpenMP version of the code
 This is the OpenMP version of the code
 This is the OpenMP version of the code
 This is the OpenMP version of the code
 This is the OpenMP version of the code
 This is the OpenMP version of the code
 This is the OpenMP version of the code
 This is the OpenMP version of the code
 This is the OpenMP version of the code
 This is the OpenMP version of the code
 This is the OpenMP version of the code
 This is the OpenMP version of the code
 This is the OpenMP version of the code
 This is the OpenMP version of the code
 This is the OpenMP version of the code
 This is the OpenMP version of the code
 This is the OpenMP version of the code
 This is the OpenMP version of the code
 This is the OpenMP version of the code
 This is the OpenMP version of the code
 This is the OpenMP version of the code
 This is the OpenMP version of the code
 This is the OpenMP version of the code
 This is the OpenMP version of the code
 This is the OpenMP version of the code
 This is the OpenMP version of the code
 This is the OpenMP version of the code
 This is the OpenMP version of the code
 This is the OpenMP version of the code
 This is the OpenMP version of the code
 This is the OpenMP version of the code
 This is the OpenMP version of the code
 This is the OpenMP version of the code
 This is the OpenMP version of the code

 The execution started at 10h 44min on the 11/ 4/2025

    ===========================================================
    !                                                         !
    !                        Do N O F                         !
    !                                                         !
    !  (Donostia Natural Orbital Functional Software Program) !
    !                                                         !
    !               COPYRIGHT by Mario Piris                  !
    !                                                         !
    !      Donostia International Physics Center (DIPC)       !
    !       University of the Basque Country (UPV/EHU)        !
    !       Basque Foundation for Science (IKERBASQUE)        !
    !                                                         !
    !          GNU General Public License version 3           !
    !                                                         !
    !                  VERSION: October 2025                  !
    !                                                         !
    ===========================================================

 Run Title
 ---------
  Molname                                                                        

 Basis Set
 ---------
 /home/pobleyef/DoNOFsw/basis/def2-QZVP.bas                                      

 Atom      Charge                Coordinates (Bohr)
                           x             y             z
 N           7.0        0.0000        0.0000        7.0232
 C           6.0        0.0000        0.0000        9.1789
 H           1.0        0.0000        0.0000       11.1969
 N           7.0        0.0000        0.0000       -2.2246
 O           8.0        0.0000        4.3095       -2.9918
 O           8.0        0.0000       -4.3095       -2.9918
 C           6.0        0.0000       -2.1633       -3.7237
 C           6.0        0.0000       -1.2501       -6.4103
 C           6.0        0.0000        1.2501       -6.4103
 H           1.0        0.0000        2.5524       -7.9791
 H           1.0        0.0000       -2.5524       -7.9791
 C           6.0        0.0000        2.1633       -3.7237
 I          53.0        0.0000        0.0000        1.6146

 Atomic Basis Set
 ----------------
 The contracted primitive functions were unnormalized
 The contracted basis functions are now normalized to unity

  Shell Type  Primitive         Exponent  Contraction Coefficient

 N         

      1   S       1         90726.8892100    0.000070982346
      1   S       2         13590.5288010    0.000551712516
      1   S       3          3092.9883781    0.002893067845
      1   S       4           875.9987636    0.012111212150
      1   S       5           285.7446998    0.042834127812
      1   S       6           103.1191342    0.129198809022
      1   S       7            40.1285568    0.318818920022
      1   S       8            16.5280957    0.590844885361

      2   S       9            69.3909610    0.094659213180
      2   S      10            20.4282006    0.925496499302

      3   S      11             7.1292588    1.000000000000

      4   S      12             3.1324305    1.000000000000

      5   S      13             0.9875578    1.000000000000

      6   S      14             0.3876572    1.000000000000

      7   S      15             0.1490988    1.000000000000

      8   P      16           150.0574267   -0.002450051156
      8   P      17            35.4915995   -0.019486267495
      8   P      18            11.2478642   -0.090355519008
      8   P      19             4.0900305   -0.299446872557
      8   P      20             1.6220573   -0.696789730227

      9   P      21             0.6644226    1.000000000000

     10   P      22             0.2709977    1.000000000000

     11   P      23             0.1068875    1.000000000000

     12   D      24             2.8370000    1.000000000000

     13   D      25             0.9680000    1.000000000000

     14   D      26             0.3350000    1.000000000000

     15   F      27             2.0270000    1.000000000000

     16   F      28             0.6850000    1.000000000000

     17   G      29             1.4270000    1.000000000000

 C         

     18   S      30         67025.0710290    0.000070988337
     18   S      31         10039.9865380    0.000551759078
     18   S      32          2284.9316911    0.002893301112
     18   S      33           647.1412213    0.012111149913
     18   S      34           211.0947234    0.042822697250
     18   S      35            76.1776439    0.129053328799
     18   S      36            29.6338392    0.318146477908
     18   S      37            12.1877851    0.591790274517

     19   S      38            53.0260063    0.091364916926
     19   S      39            15.2585028    0.928761090236

     20   S      40             5.2403957    1.000000000000

     21   S      41             2.2905022    1.000000000000

     22   S      42             0.6967328    1.000000000000

     23   S      43             0.2759934    1.000000000000

     24   S      44             0.1073988    1.000000000000

     25   P      45           105.1255508    0.002496535013
     25   P      46            24.8844611    0.019546395628
     25   P      47             7.8637231    0.088834946629
     25   P      48             2.8407002    0.294789686074
     25   P      49             1.1227137    0.702715999245

     26   P      50             0.4605073    1.000000000000

     27   P      51             0.1893753    1.000000000000

     28   P      52             0.0759838    1.000000000000

     29   D      53             1.8480000    1.000000000000

     30   D      54             0.6490000    1.000000000000

     31   D      55             0.2280000    1.000000000000

     32   F      56             1.4190000    1.000000000000

     33   F      57             0.4850000    1.000000000000

     34   G      58             1.0110000    1.000000000000

 H         

     35   S      59           190.6916900    0.005342636962
     35   S      60            28.6055320    0.041252338243
     35   S      61             6.5095943    0.210993525698
     35   S      62             1.8412455    0.812128545862

     36   S      63             0.5985373    1.000000000000

     37   S      64             0.2139762    1.000000000000

     38   S      65             0.0803163    1.000000000000

     39   P      66             2.2920000    1.000000000000

     40   P      67             0.8380000    1.000000000000

     41   P      68             0.2920000    1.000000000000

     42   D      69             2.0620000    1.000000000000

     43   D      70             0.6620000    1.000000000000

     44   F      71             1.3970000    1.000000000000

 N         

     45   S      72         90726.8892100    0.000070982346
     45   S      73         13590.5288010    0.000551712516
     45   S      74          3092.9883781    0.002893067845
     45   S      75           875.9987636    0.012111212150
     45   S      76           285.7446998    0.042834127812
     45   S      77           103.1191342    0.129198809022
     45   S      78            40.1285568    0.318818920022
     45   S      79            16.5280957    0.590844885361

     46   S      80            69.3909610    0.094659213180
     46   S      81            20.4282006    0.925496499302

     47   S      82             7.1292588    1.000000000000

     48   S      83             3.1324305    1.000000000000

     49   S      84             0.9875578    1.000000000000

     50   S      85             0.3876572    1.000000000000

     51   S      86             0.1490988    1.000000000000

     52   P      87           150.0574267   -0.002450051156
     52   P      88            35.4915995   -0.019486267495
     52   P      89            11.2478642   -0.090355519008
     52   P      90             4.0900305   -0.299446872557
     52   P      91             1.6220573   -0.696789730227

     53   P      92             0.6644226    1.000000000000

     54   P      93             0.2709977    1.000000000000

     55   P      94             0.1068875    1.000000000000

     56   D      95             2.8370000    1.000000000000

     57   D      96             0.9680000    1.000000000000

     58   D      97             0.3350000    1.000000000000

     59   F      98             2.0270000    1.000000000000

     60   F      99             0.6850000    1.000000000000

     61   G     100             1.4270000    1.000000000000

 O         

     62   S     101        116506.4690800    0.000071987576
     62   S     102         17504.3497240    0.000557148772
     62   S     103          3993.4513230    0.002913003168
     62   S     104          1133.0063186    0.012172051077
     62   S     105           369.9956959    0.043003761827
     62   S     106           133.6207435    0.129647623897
     62   S     107            52.0356436    0.319696085629
     62   S     108            21.4619393    0.589314587967

     63   S     109            89.8350513    0.094848052763
     63   S     110            26.4280108    0.925363787917

     64   S     111             9.2822825    1.000000000000

     65   S     112             4.0947729    1.000000000000

     66   S     113             1.3255349    1.000000000000

     67   S     114             0.5187723    1.000000000000

     68   S     115             0.1977268    1.000000000000

     69   P     116           191.1525581    0.002535957414
     69   P     117            45.2333567    0.020233824294
     69   P     118            14.3534659    0.094518019998
     69   P     119             5.2422372    0.309154328074
     69   P     120             2.0792419    0.684689495338

     70   P     121             0.8428237    1.000000000000

     71   P     122             0.3361769    1.000000000000

     72   P     123             0.1286400    1.000000000000

     73   D     124             3.7750000    1.000000000000

     74   D     125             1.3000000    1.000000000000

     75   D     126             0.4440000    1.000000000000

     76   F     127             2.6660000    1.000000000000

     77   F     128             0.8590000    1.000000000000

     78   G     129             1.8460000    1.000000000000

 O         

     79   S     130        116506.4690800    0.000071987576
     79   S     131         17504.3497240    0.000557148772
     79   S     132          3993.4513230    0.002913003168
     79   S     133          1133.0063186    0.012172051077
     79   S     134           369.9956959    0.043003761827
     79   S     135           133.6207435    0.129647623897
     79   S     136            52.0356436    0.319696085629
     79   S     137            21.4619393    0.589314587967

     80   S     138            89.8350513    0.094848052763
     80   S     139            26.4280108    0.925363787917

     81   S     140             9.2822825    1.000000000000

     82   S     141             4.0947729    1.000000000000

     83   S     142             1.3255349    1.000000000000

     84   S     143             0.5187723    1.000000000000

     85   S     144             0.1977268    1.000000000000

     86   P     145           191.1525581    0.002535957414
     86   P     146            45.2333567    0.020233824294
     86   P     147            14.3534659    0.094518019998
     86   P     148             5.2422372    0.309154328074
     86   P     149             2.0792419    0.684689495338

     87   P     150             0.8428237    1.000000000000

     88   P     151             0.3361769    1.000000000000

     89   P     152             0.1286400    1.000000000000

     90   D     153             3.7750000    1.000000000000

     91   D     154             1.3000000    1.000000000000

     92   D     155             0.4440000    1.000000000000

     93   F     156             2.6660000    1.000000000000

     94   F     157             0.8590000    1.000000000000

     95   G     158             1.8460000    1.000000000000

 C         

     96   S     159         67025.0710290    0.000070988337
     96   S     160         10039.9865380    0.000551759078
     96   S     161          2284.9316911    0.002893301112
     96   S     162           647.1412213    0.012111149913
     96   S     163           211.0947234    0.042822697250
     96   S     164            76.1776439    0.129053328799
     96   S     165            29.6338392    0.318146477908
     96   S     166            12.1877851    0.591790274517

     97   S     167            53.0260063    0.091364916926
     97   S     168            15.2585028    0.928761090236

     98   S     169             5.2403957    1.000000000000

     99   S     170             2.2905022    1.000000000000

    100   S     171             0.6967328    1.000000000000

    101   S     172             0.2759934    1.000000000000

    102   S     173             0.1073988    1.000000000000

    103   P     174           105.1255508    0.002496535013
    103   P     175            24.8844611    0.019546395628
    103   P     176             7.8637231    0.088834946629
    103   P     177             2.8407002    0.294789686074
    103   P     178             1.1227137    0.702715999245

    104   P     179             0.4605073    1.000000000000

    105   P     180             0.1893753    1.000000000000

    106   P     181             0.0759838    1.000000000000

    107   D     182             1.8480000    1.000000000000

    108   D     183             0.6490000    1.000000000000

    109   D     184             0.2280000    1.000000000000

    110   F     185             1.4190000    1.000000000000

    111   F     186             0.4850000    1.000000000000

    112   G     187             1.0110000    1.000000000000

 C         

    113   S     188         67025.0710290    0.000070988337
    113   S     189         10039.9865380    0.000551759078
    113   S     190          2284.9316911    0.002893301112
    113   S     191           647.1412213    0.012111149913
    113   S     192           211.0947234    0.042822697250
    113   S     193            76.1776439    0.129053328799
    113   S     194            29.6338392    0.318146477908
    113   S     195            12.1877851    0.591790274517

    114   S     196            53.0260063    0.091364916926
    114   S     197            15.2585028    0.928761090236

    115   S     198             5.2403957    1.000000000000

    116   S     199             2.2905022    1.000000000000

    117   S     200             0.6967328    1.000000000000

    118   S     201             0.2759934    1.000000000000

    119   S     202             0.1073988    1.000000000000

    120   P     203           105.1255508    0.002496535013
    120   P     204            24.8844611    0.019546395628
    120   P     205             7.8637231    0.088834946629
    120   P     206             2.8407002    0.294789686074
    120   P     207             1.1227137    0.702715999245

    121   P     208             0.4605073    1.000000000000

    122   P     209             0.1893753    1.000000000000

    123   P     210             0.0759838    1.000000000000

    124   D     211             1.8480000    1.000000000000

    125   D     212             0.6490000    1.000000000000

    126   D     213             0.2280000    1.000000000000

    127   F     214             1.4190000    1.000000000000

    128   F     215             0.4850000    1.000000000000

    129   G     216             1.0110000    1.000000000000

 C         

    130   S     217         67025.0710290    0.000070988337
    130   S     218         10039.9865380    0.000551759078
    130   S     219          2284.9316911    0.002893301112
    130   S     220           647.1412213    0.012111149913
    130   S     221           211.0947234    0.042822697250
    130   S     222            76.1776439    0.129053328799
    130   S     223            29.6338392    0.318146477908
    130   S     224            12.1877851    0.591790274517

    131   S     225            53.0260063    0.091364916926
    131   S     226            15.2585028    0.928761090236

    132   S     227             5.2403957    1.000000000000

    133   S     228             2.2905022    1.000000000000

    134   S     229             0.6967328    1.000000000000

    135   S     230             0.2759934    1.000000000000

    136   S     231             0.1073988    1.000000000000

    137   P     232           105.1255508    0.002496535013
    137   P     233            24.8844611    0.019546395628
    137   P     234             7.8637231    0.088834946629
    137   P     235             2.8407002    0.294789686074
    137   P     236             1.1227137    0.702715999245

    138   P     237             0.4605073    1.000000000000

    139   P     238             0.1893753    1.000000000000

    140   P     239             0.0759838    1.000000000000

    141   D     240             1.8480000    1.000000000000

    142   D     241             0.6490000    1.000000000000

    143   D     242             0.2280000    1.000000000000

    144   F     243             1.4190000    1.000000000000

    145   F     244             0.4850000    1.000000000000

    146   G     245             1.0110000    1.000000000000

 H         

    147   S     246           190.6916900    0.005342636962
    147   S     247            28.6055320    0.041252338243
    147   S     248             6.5095943    0.210993525698
    147   S     249             1.8412455    0.812128545862

    148   S     250             0.5985373    1.000000000000

    149   S     251             0.2139762    1.000000000000

    150   S     252             0.0803163    1.000000000000

    151   P     253             2.2920000    1.000000000000

    152   P     254             0.8380000    1.000000000000

    153   P     255             0.2920000    1.000000000000

    154   D     256             2.0620000    1.000000000000

    155   D     257             0.6620000    1.000000000000

    156   F     258             1.3970000    1.000000000000

 H         

    157   S     259           190.6916900    0.005342636962
    157   S     260            28.6055320    0.041252338243
    157   S     261             6.5095943    0.210993525698
    157   S     262             1.8412455    0.812128545862

    158   S     263             0.5985373    1.000000000000

    159   S     264             0.2139762    1.000000000000

    160   S     265             0.0803163    1.000000000000

    161   P     266             2.2920000    1.000000000000

    162   P     267             0.8380000    1.000000000000

    163   P     268             0.2920000    1.000000000000

    164   D     269             2.0620000    1.000000000000

    165   D     270             0.6620000    1.000000000000

    166   F     271             1.3970000    1.000000000000

 C         

    167   S     272         67025.0710290    0.000070988337
    167   S     273         10039.9865380    0.000551759078
    167   S     274          2284.9316911    0.002893301112
    167   S     275           647.1412213    0.012111149913
    167   S     276           211.0947234    0.042822697250
    167   S     277            76.1776439    0.129053328799
    167   S     278            29.6338392    0.318146477908
    167   S     279            12.1877851    0.591790274517

    168   S     280            53.0260063    0.091364916926
    168   S     281            15.2585028    0.928761090236

    169   S     282             5.2403957    1.000000000000

    170   S     283             2.2905022    1.000000000000

    171   S     284             0.6967328    1.000000000000

    172   S     285             0.2759934    1.000000000000

    173   S     286             0.1073988    1.000000000000

    174   P     287           105.1255508    0.002496535013
    174   P     288            24.8844611    0.019546395628
    174   P     289             7.8637231    0.088834946629
    174   P     290             2.8407002    0.294789686074
    174   P     291             1.1227137    0.702715999245

    175   P     292             0.4605073    1.000000000000

    176   P     293             0.1893753    1.000000000000

    177   P     294             0.0759838    1.000000000000

    178   D     295             1.8480000    1.000000000000

    179   D     296             0.6490000    1.000000000000

    180   D     297             0.2280000    1.000000000000

    181   F     298             1.4190000    1.000000000000

    182   F     299             0.4850000    1.000000000000

    183   G     300             1.0110000    1.000000000000

 I         

    184   S     301         16788.4000000    0.000103586804
    184   S     302          2526.6400000    0.000765531745
    184   S     303           571.9840000    0.003150554741
    184   S     304           150.4340000    0.006717983204
    184   S     305            29.5405000   -0.134384929151
    184   S     306            18.4571000    0.859255064197
    184   S     307            11.5286000   -0.890227518539
    184   S     308             7.0828900   -1.367813214298
    184   S     309             2.5040500    1.808345152379

    185   S     310            25.0586179    0.088686579218
    185   S     311            15.6219794   -0.309437052616
    185   S     312             3.3536325    1.147487780264

    186   S     313             1.3540145    1.000000000000

    187   S     314             0.6743047    1.000000000000

    188   S     315             0.3272714    1.000000000000

    189   S     316             0.1574936    1.000000000000

    190   S     317             0.0743777    1.000000000000

    191   P     318           656.2740000    0.000102263116
    191   P     319           149.2320000    0.000688871318
    191   P     320            19.0153000    0.067339699796
    191   P     321            10.7378000   -0.280108787807
    191   P     322             6.4420800   -0.004916495947
    191   P     323             3.0920300    0.577616914298
    191   P     324             1.5787400    0.569991007671

    192   P     325            15.6605119   -0.024484627992
    192   P     326             4.9250670    0.260041620414
    192   P     327             1.6692320    0.808870366710

    193   P     328             0.7781790    1.000000000000

    194   P     329             0.3560884    1.000000000000

    195   P     330             0.1549324    1.000000000000

    196   P     331             0.0646662    1.000000000000

    197   D     332           318.2240778    0.000120648927
    197   D     333            95.8102274    0.001012623893
    197   D     334            35.3222953    0.005278751941
    197   D     335            13.1074478   -0.017935310228
    197   D     336             6.2949153    0.100128211172
    197   D     337             3.6826101    0.302771472093
    197   D     338             2.0858951    0.397340741727
    197   D     339             1.1644342    0.312691340071

    198   D     340             0.6318061    1.000000000000

    199   D     341             0.3221508    1.000000000000

    200   D     342             0.1349000    1.000000000000

    201   F     343             6.4253614    1.000000000000

    202   F     344             2.1780000    1.000000000000

    203   F     345             0.5878000    1.000000000000

    204   F     346             0.2500000    1.000000000000

    205   G     347             0.4739000    1.000000000000

 Total Number of Basis Set Shells             =  205
 Total Number of Primitives                   =  347
 Number of Spherical Gaussian Basis Functions =  685
 Total Number of Auxiliary Basis Set Shells   =  289
 Number of Sph. Gaussian Auxiliary Set Func.  =  955
 Number of Electrons                          =  116
 Charge of Molecule                           =    0
 Spin Multiplicity                            =    1
 Number of Occupied Orbitals (Alpha)          =   58
 Number of Occupied Orbitals (Beta )          =   58
 Total Number of Atoms                        =   13

 Nuclear Energy =      888.6135023985

 Note: This calculation is using an effective core potential
 so NE and ENUC will be adjusted later after removal of the Core

 Input Run Options
 -----------------
 IRUNTYP = 1  MULT = 1  ICHARG =  0 IECP = 1  IEMOM = 1  UNITS = ANGS    

 ECP Potentials
 --------------
 Parameters for "I-ECP   " on Atom 13 with ZCORE 28 and LMAX 3 are

 for L= 3      COEFF    N           ZETA
    1      -21.84204    2       19.45861
    1      -28.46819    2       19.34926
    1       -0.24371    2        4.82377
    1       -0.32080    2        4.88431
 for L= 0      COEFF    N           ZETA
    1       49.99429    2       40.01584
    1      281.02532    2       17.42975
    1       61.57333    2        9.00548
    1       21.84204    2       19.45861
    1       28.46819    2       19.34926
    1        0.24371    2        4.82377
    1        0.32080    2        4.88431
 for L= 1      COEFF    N           ZETA
    1       67.44284    2       15.35547
    1      134.88114    2       14.97183
    1       14.67505    2        8.96016
    1       29.37567    2        8.25910
    1       21.84204    2       19.45861
    1       28.46819    2       19.34926
    1        0.24371    2        4.82377
    1        0.32080    2        4.88431
 for L= 2      COEFF    N           ZETA
    1       35.43953    2       15.06891
    1       53.17606    2       14.55532
    1        9.06719    2        6.71865
    1       13.20694    2        6.45639
    1        0.08933    2        1.19178
    1        0.05238    2        1.29116
    1       21.84204    2       19.45861
    1       28.46819    2       19.34926
    1        0.24371    2        4.82377
    1        0.32080    2        4.88431

 The ECP removes  28 core electrons and  28 protons

 Number of electrons kept in the run =   88
 Number of occupied orbitals (Alpha) =   44
 Number of occupied orbitals (Beta)  =   44

 Adjusted Nuclear Energy =      599.8254095541


 Integral Options
 ----------------
 ERITYP = RI     AUX = JKFIT   ISCHWZ = 1   CUTOFF = 1.0E-09

 Input NOF Options
 -----------------

 Natural Orbital Functional Selected:    (IPNOF)         8

 Type of calculation = ICOEF2 + ICOEF1:  (ICOEF)        21
 Use Softmax function for Occ. Opt.:     (ISOFTMAX)      1
 Type of Orb. Opt. = Orbital Rotations:  (IORBOPT)       2
 Maximum Number of Coef Outer Iter.:     (MAXIT21)       3
 Maximum Number of Occ-Coef Outer Iter.: (MAXIT)      1000

 Restart calculation Option:             (RESTART)       F
 Restart Gamma Matrix from GCF file:     (INPUTGAMMA)    1
 Coefficient Matrix from GCF file:       (INPUTC)        1
 Diagonal Elements FMIUG from GCF file:  (INPUTFMIUG)    0
 Cartesian Coordinates from GCF file:    (INPUTCXYZ)     0

 Threshold Lambda Convergence=10**(-N):  (NTHRESHL)      3
 Threshold Energy Convergence=10**(-N):  (NTHRESHE)      6
 Max. Number of Inner Coef. Iterations:  (MAXLOOP)      10
 Orthogonalize the initial Orbitals:     (ORTHO)         T

 Output Option:                          (NPRINT)        0
 Output the Coefficient Matrix:          (IWRITEC)       0
 Do a Mulliken Population Analysis:      (IMULPOP)       0
 Write Information into a WFN file:      (IAIMPAC)       1
 Write Information into a FCHK file:     (IFCHK)         1
 Write Information into a MLP file:      (MOLDEN)        1
 Create Ini. Cond. (ini.xyz) file:       (INICOND)       1
 Calculate IPs using Ext. Koopmans Theo: (IEKT)          0
 Write APSG expansion coefficient file:  (APSG)          F
 Output option for Lagrange Multipliers: (PRINTLAG)      F
 Diagonalize matrix of Lag. Multipliers: (DIAGLAG)       F

------------------------------------------------------------------------

 Orbital Space
 -------------

 You are doing a perfect pairing calculation: NCWO=1

 Inactive Doubly occupied orbitals up to NO1  =    0
 No. considered Strongly Doubly occupied MOs  =   44
 No. considered Strongly Singly occupied MOs  =    0
 NO. of Weakly occ. per St. Doubly occ.  MOs (NCWO)   =    1
 Dimension of the Active Nat. Orb. subspace   =   88
 Secondary Empty orbitals                     =  597

 1e- integrals
 -------------
 Time to do integrals =      0.89

 2e- integrals
 -------------
 DONTW option skips storage 2e- integrals on Unit 1
 Time to do integrals =      9.20

 No violations of the orthonormality

   INITIAL VALUES
  =================

   OM     Occupation      Elag Diag

    1      1.9999390     -2.3123690
    2      1.9999991    -11.2988855
    3      1.9999874     -5.6063122
    4      1.9995251     -0.6938373
    5      1.9998494     -0.3849006
    6      1.9999769     -0.4347439
    7      1.9999110     -0.5246221
    8      1.9999387     -2.3067777
    9      1.9999958     -7.7692363
   10      1.9999853     -5.6137851
   11      1.9999998    -16.5459876
   12      1.9998037     -1.2276112
   13      1.9999779     -2.3157835
   14      1.9998385     -0.7306798
   15      1.9992961     -0.6392688
   16      1.9999949    -11.2912144
   17      1.9999999    -19.5958433
   18      1.9996652     -0.7427625
   19      1.9999646     -0.7878117
   20      1.9999995    -11.3106161
   21      1.9999994    -11.3017210
   22      1.9998322     -0.5237281
   23      1.9998989     -0.5219226
   24      1.9997854     -0.7711958
   25      1.9969538     -0.8212182
   26      1.9914476     -0.6815993
   27      1.9968115     -0.5331328
   28      1.9993103     -1.2944332
   29      1.9999998    -20.3041082
   30      1.9997408     -0.5261826
   31      1.9936938     -0.6124341
   32      1.9995064     -1.0326508
   33      1.9999115     -1.2418607
   34      1.9999997    -15.8441691
   35      1.9999942     -5.6294892
   36      1.9999509     -2.3112354
   37      1.9999978    -11.3078965
   38      1.9999783     -0.6680820
   39      1.9966040     -0.6219869
   40      1.9998073     -0.3964634
   41      1.9999805     -0.5269684
   42      1.9989725     -0.9005283
   43      1.9999932     -2.3146740
   44      1.9998993     -1.3041986
   45      0.0001007     -0.0005441
   46      0.0000068     -0.0000479
   47      0.0010275     -0.0033496
   48      0.0000195     -0.0000721
   49      0.0001927     -0.0005980
   50      0.0033960     -0.0090183
   51      0.0000217     -0.0001175
   52      0.0000022     -0.0000216
   53      0.0000491     -0.0003020
   54      0.0000058     -0.0000513
   55      0.0000003     -0.0000014
   56      0.0000885     -0.0003825
   57      0.0004936     -0.0017414
   58      0.0063062     -0.0158223
   59      0.0002592     -0.0009889
   60      0.0000002     -0.0000007
   61      0.0006897     -0.0030554
   62      0.0031885     -0.0080715
   63      0.0085524     -0.0173923
   64      0.0030462     -0.0061356
   65      0.0002146     -0.0008440
   66      0.0001011     -0.0003413
   67      0.0001678     -0.0005586
   68      0.0000006     -0.0000041
   69      0.0000005     -0.0000032
   70      0.0000354     -0.0001704
   71      0.0003348     -0.0010730
   72      0.0000001     -0.0000004
   73      0.0000051     -0.0000890
   74      0.0007039     -0.0020580
   75      0.0001615     -0.0005764
   76      0.0000221     -0.0001560
   77      0.0001963     -0.0009808
   78      0.0000002     -0.0000005
   79      0.0000147     -0.0001434
   80      0.0000042     -0.0000307
   81      0.0000613     -0.0004486
   82      0.0000890     -0.0003779
   83      0.0000231     -0.0000944
   84      0.0001506     -0.0004870
   85      0.0004749     -0.0015775
   86      0.0000126     -0.0001394
   87      0.0000009     -0.0000165
   88      0.0000610     -0.0005282

   RO Sum (  88) =   88.00

  ---------------
   Dipole Moment
  ---------------

      3.2456 Debye [   1.2769  (  -0.0142,   0.0110,   1.2768) ]


  RESULTS OF OCCUPATION-COEFFICIENT OPTIMIZATION
 ================================================

  Ex It  Occ Time  Orb Time  Orb It   Electronic Energy     Total Energy   Energy Convergency    Max Mul-Lag Diff

    1    2.3E+00   1.1E+02      10   -1346.4807570890     -746.6553475349    -0.0000000000           0.028311
    2    1.7E+00   3.7E+02      40   -1346.6609818251     -746.8355722710    -0.1802247360           0.228175
    3    1.7E+00   6.4E+02      50   -1346.8506739895     -747.0252644354    -0.1896921644           0.003878
    4    1.8E+00   7.8E+02      60   -1346.9326540198     -747.1072444657    -0.0819800303           0.005433
    5    2.1E+00   8.1E+02      60   -1347.5034465449     -747.6780369908    -0.5707925251           0.004149
    6    1.8E+00   7.3E+02      60   -1347.8253568001     -747.9999472461    -0.3219102553           0.004265
    7    1.7E+00   6.6E+02      60   -1348.0048488673     -748.1794393132    -0.1794920671           0.005747
    8    2.0E+00   6.3E+02      60   -1348.0920768288     -748.2666672747    -0.0872279615           0.005929
    9    1.7E+00   7.1E+02      60   -1348.1426681095     -748.3172585554    -0.0505912807           0.007111
   10    1.6E+00   7.6E+02      60   -1348.1810164143     -748.3556068603    -0.0383483049           0.006974
   11    1.7E+00   7.3E+02      60   -1348.2075401264     -748.3821305723    -0.0265237121           0.006482
   12    1.9E+00   6.8E+02      60   -1348.2229846693     -748.3975751152    -0.0154445429           0.008248
   13    1.7E+00   6.2E+02      60   -1348.2322871742     -748.4068776201    -0.0093025049           0.005933
   14    1.7E+00   6.0E+02      60   -1348.2378840395     -748.4124744855    -0.0055968654           0.007342
   15    1.6E+00   6.3E+02      60   -1348.2412622953     -748.4158527412    -0.0033782558           0.011979
   16    1.6E+00   5.5E+02      60   -1348.2437665923     -748.4183570382    -0.0025042970           0.010428
   17    1.7E+00   5.9E+02      60   -1348.2455416219     -748.4201320678    -0.0017750296           0.010491
   18    1.6E+00   5.4E+02      60   -1348.2471163870     -748.4217068329    -0.0015747651           0.010561
   19    1.8E+00   4.9E+02      60   -1348.2483232625     -748.4229137084    -0.0012068755           0.011309
   20    1.6E+00   6.0E+02      60   -1348.2492919358     -748.4238823817    -0.0009686733           0.011779
   21    1.7E+00   5.5E+02      60   -1348.2496496777     -748.4242401236    -0.0003577419           0.012777
   22    1.6E+00   5.8E+02      60   -1348.2501849577     -748.4247754036    -0.0005352801           0.012205
   23    1.7E+00   4.9E+02      60   -1348.2503984841     -748.4249889300    -0.0002135264           0.013207
   24    1.6E+00   1.9E+03      60   -1348.2508041338     -748.4253945798    -0.0004056497           0.013416
   25    2.2E+00   3.2E+03      60   -1348.2508501027     -748.4254405486    -0.0000459689           0.012567
   26    1.9E+00   3.3E+03      60   -1348.2510460767     -748.4256365226    -0.0001959739           0.012339
   27    1.9E+00   3.2E+03      60   -1348.2511159547     -748.4257064006    -0.0000698780           0.012337
   28    1.9E+00   3.1E+03      60   -1348.2513225381     -748.4259129840    -0.0002065834           0.012713
   29    2.0E+00   7.4E+02      60   -1348.2515738995     -748.4261643454    -0.0002513614           0.013088
   30    1.8E+00   8.0E+02      60   -1348.2519951380     -748.4265855839    -0.0004212385           0.012494
   31    1.7E+00   7.2E+02      60   -1348.2523355450     -748.4269259909    -0.0003404070           0.012235
   32    1.7E+00   6.3E+02      60   -1348.2526143187     -748.4272047646    -0.0002787737           0.012464
   33    1.7E+00   5.1E+02      60   -1348.2527726137     -748.4273630596    -0.0001582950           0.012353
   34    1.8E+00   6.6E+02      60   -1348.2528582015     -748.4274486475    -0.0000855878           0.012454
   35    1.7E+00   7.7E+02      60   -1348.2530317044     -748.4276221503    -0.0001735029           0.012899
   36    1.9E+00   5.4E+02      60   -1348.2532331779     -748.4278236238    -0.0002014735           0.011694
   37    1.7E+00   6.8E+02      60   -1348.2532172203     -748.4278076662     0.0000159575           0.012111
   38    1.4E+00   5.9E+02      72   -1348.2562001173     -748.4307905632    -0.0029828969           0.000998
   39    1.9E+00   8.1E+00       0   -1348.2562088128     -748.4307992587    -0.0000086955           0.000998
   40    1.5E+00   4.1E+00       0   -1348.2562088128     -748.4307992587     0.0000002117           0.000998


  RESULTS OF THE OCCUPATION OPTIMIZATION
 ========================================

   OM     Occupation      Elag Diag

    1      1.9998274    -20.5856470
    2      1.9998261    -20.5848267
    3      1.9996373    -15.6184736
    4      1.9996226    -15.6145074
    5      1.9995607    -11.2646117
    6      1.9995037    -11.3486529
    7      1.9995036    -11.2972054
    8      1.9995010    -11.3492313
    9      1.9994866    -11.2675504
   10      1.9990456     -7.7218935
   11      1.9982997     -5.6142812
   12      1.9982062     -5.6013136
   13      1.9981869     -5.6344091
   14      1.9918977     -1.2694249
   15      1.9915784     -1.2458435
   16      1.9897668     -1.0034403
   17      1.9889967     -1.0481047
   18      1.9866078     -0.6452208
   19      1.9861152     -2.0929946
   20      1.9860866     -2.0844096
   21      1.9859892     -2.0731835
   22      1.9859758     -2.0548679
   23      1.9859573     -2.0554829
   24      1.9859113     -2.0467159
   25      1.9847566     -0.6153817
   26      1.9830499     -0.8585001
   27      1.9822080     -0.9037029
   28      1.9802082     -0.8497319
   29      1.9795352     -0.8346282
   30      1.9790542     -0.3899903
   31      1.9789151     -0.3910441
   32      1.9781175     -0.7352679
   33      1.9751890     -0.8083584
   34      1.9750503     -0.8029681
   35      1.9738234     -0.7636549
   36      1.9734726     -0.7285133
   37      1.9733054     -0.7454315
   38      1.9731977     -0.7639820
   39      1.9665760     -0.6028921
   40      1.9602825     -0.5497747
   41      1.9602648     -0.5495787
   42      1.9587647     -0.4477514
   43      1.9583845     -0.5373875
   44      1.9583731     -0.5373679
   45      0.0416269     -0.0437529
   46      0.0416155     -0.0437605
   47      0.0412353     -0.0380673
   48      0.0397352     -0.0514759
   49      0.0397175     -0.0514821
   50      0.0334240     -0.0504605
   51      0.0268023     -0.0411620
   52      0.0266946     -0.0376634
   53      0.0265274     -0.0367784
   54      0.0261766     -0.0400776
   55      0.0249497     -0.0412461
   56      0.0248110     -0.0410880
   57      0.0218825     -0.0266549
   58      0.0210849     -0.0317623
   59      0.0209458     -0.0331669
   60      0.0204648     -0.0254800
   61      0.0197918     -0.0304681
   62      0.0177920     -0.0311859
   63      0.0169501     -0.0373777
   64      0.0152434     -0.0241596
   65      0.0140887     -0.0492858
   66      0.0140427     -0.0492449
   67      0.0140242     -0.0490823
   68      0.0140108     -0.0491946
   69      0.0139134     -0.0492034
   70      0.0138848     -0.0491782
   71      0.0133922     -0.0221705
   72      0.0110033     -0.0204632
   73      0.0102332     -0.0202151
   74      0.0084216     -0.0206139
   75      0.0081023     -0.0209538
   76      0.0018131     -0.0110280
   77      0.0017938     -0.0104876
   78      0.0017003     -0.0110673
   79      0.0009544     -0.0079426
   80      0.0005134     -0.0092152
   81      0.0004990     -0.0091052
   82      0.0004964     -0.0089872
   83      0.0004963     -0.0090662
   84      0.0004393     -0.0081590
   85      0.0003774     -0.0091675
   86      0.0003627     -0.0090318
   87      0.0001739     -0.0061509
   88      0.0001726     -0.0061284

   RO Sum (  88) =   88.00

  ---------------
   Dipole Moment
  ---------------

      2.7358 Debye [   1.0764  (   0.0084,   0.0006,   1.0763) ]

 ----------------
  Final Energies  
 ----------------

  Final NOF Total Energy =     -748.4307992587 ( 1.E-03 , 0.E+00 )


  **************************************************
  *                                                *
  *       SINGLE-POINT DoNOF CALCULATION           *
  *                                                *
  *             FULL OPTIMIZATION                  *
  *                                                *
  *  FINAL RESULTS   FINAL RESULTS  FINAL RESULTS  *
  *                                                *
  **************************************************

  **************************************************
  *         No. EXTERNAL ITER =    40              *
  *         No. of TOTAL ITER =  2212              *
  **************************************************

  Elapsed real time :  35200.14  (Seconds)

 The execution finished at 20h 30min on the 11/ 4/2025
Recovering execution output...
Moving from /scratch/pobleyef/345628 to /home-nas/pobleyef/Slim-NOF/ncwo1/Slim16/GNOF/arina.345628
mkdir -p /home-nas/pobleyef/Slim-NOF/ncwo1/Slim16/GNOF/arina.345628
mv /scratch/pobleyef/345628/* /home-nas/pobleyef/Slim-NOF/ncwo1/Slim16/GNOF/arina.345628
