Job runing on na14
Choosing scratch ...
Automatic scratch folder selection
/scratch/pobleyef/356003
/scratch/pobleyef/356003 directory
cp HEAVY28-teh2_nh3.gcf HEAVY28-teh2_nh3.inp to  /scratch/pobleyef/356003/.
HEAVY28-teh2_nh3
 This is the OpenMP version of the code
 This is the OpenMP version of the code
 This is the OpenMP version of the code
 This is the OpenMP version of the code
 This is the OpenMP version of the code
 This is the OpenMP version of the code
 This is the OpenMP version of the code
 This is the OpenMP version of the code
 This is the OpenMP version of the code
 This is the OpenMP version of the code
 This is the OpenMP version of the code
 This is the OpenMP version of the code
 This is the OpenMP version of the code
 This is the OpenMP version of the code
 This is the OpenMP version of the code
 This is the OpenMP version of the code
 This is the OpenMP version of the code
 This is the OpenMP version of the code
 This is the OpenMP version of the code
 This is the OpenMP version of the code
 This is the OpenMP version of the code
 This is the OpenMP version of the code
 This is the OpenMP version of the code
 This is the OpenMP version of the code
 This is the OpenMP version of the code
 This is the OpenMP version of the code
 This is the OpenMP version of the code
 This is the OpenMP version of the code
 This is the OpenMP version of the code
 This is the OpenMP version of the code
 This is the OpenMP version of the code
 This is the OpenMP version of the code
 This is the OpenMP version of the code
 This is the OpenMP version of the code
 This is the OpenMP version of the code
 This is the OpenMP version of the code
 This is the OpenMP version of the code
 This is the OpenMP version of the code
 This is the OpenMP version of the code
 This is the OpenMP version of the code
 This is the OpenMP version of the code
 This is the OpenMP version of the code
 This is the OpenMP version of the code
 This is the OpenMP version of the code
 This is the OpenMP version of the code
 This is the OpenMP version of the code
 This is the OpenMP version of the code
 This is the OpenMP version of the code
 This is the OpenMP version of the code
 This is the OpenMP version of the code
 This is the OpenMP version of the code
 This is the OpenMP version of the code
 This is the OpenMP version of the code
 This is the OpenMP version of the code
 This is the OpenMP version of the code
 This is the OpenMP version of the code
 This is the OpenMP version of the code
 This is the OpenMP version of the code
 This is the OpenMP version of the code
 This is the OpenMP version of the code
 This is the OpenMP version of the code
 This is the OpenMP version of the code
 This is the OpenMP version of the code
 This is the OpenMP version of the code
 This is the OpenMP version of the code
 This is the OpenMP version of the code
 This is the OpenMP version of the code
 This is the OpenMP version of the code
 This is the OpenMP version of the code
 This is the OpenMP version of the code
 This is the OpenMP version of the code
 This is the OpenMP version of the code
 This is the OpenMP version of the code
 This is the OpenMP version of the code
 This is the OpenMP version of the code
 This is the OpenMP version of the code
 This is the OpenMP version of the code
 This is the OpenMP version of the code
 This is the OpenMP version of the code
 This is the OpenMP version of the code

 The execution started at 17h  8min on the 11/13/2025

    ===========================================================
    !                                                         !
    !                        Do N O F                         !
    !                                                         !
    !  (Donostia Natural Orbital Functional Software Program) !
    !                                                         !
    !               COPYRIGHT by Mario Piris                  !
    !                                                         !
    !      Donostia International Physics Center (DIPC)       !
    !       University of the Basque Country (UPV/EHU)        !
    !       Basque Foundation for Science (IKERBASQUE)        !
    !                                                         !
    !          GNU General Public License version 3           !
    !                                                         !
    !                  VERSION: October 2025                  !
    !                                                         !
    ===========================================================

 Run Title
 ---------
  Molname                                                                        

 Basis Set
 ---------
 /home/pobleyef/DoNOFsw/basis/def2-QZVP.bas                                      

 Atom      Charge                Coordinates (Bohr)
                           x             y             z
 TE         52.0       -0.5254       -3.4422        0.0000
 H           1.0        0.4123       -6.4036        0.0000
 H           1.0        2.4123       -2.5199        0.0000
 N           7.0       -0.5254        2.5582        0.0000
 H           1.0        0.2898        3.3489        1.5349
 H           1.0        0.2898        3.3489       -1.5349
 H           1.0       -2.3535        3.1096        0.0000

 Atomic Basis Set
 ----------------
 The contracted primitive functions were unnormalized
 The contracted basis functions are now normalized to unity

  Shell Type  Primitive         Exponent  Contraction Coefficient

 TE        

      1   S       1         15746.3000000    0.000143505502
      1   S       2          2369.2500000    0.001057688697
      1   S       3           535.8600000    0.004416780439
      1   S       4           141.8850000    0.009662703776
      1   S       5            27.8197000   -0.155270295244
      1   S       6            17.3879000    0.974030304699
      1   S       7            10.8656000   -1.056596460807
      1   S       8             6.5688500   -1.379712385251
      1   S       9             2.4013900    1.827441577778

      2   S      10            29.3832530    0.065123322284
      2   S      11            15.9464080   -0.295127541592
      2   S      12             3.6679903    1.157583693522

      3   S      13             1.2865442    1.000000000000

      4   S      14             0.6353359    1.000000000000

      5   S      15             0.2980779    1.000000000000

      6   S      16             0.1406125    1.000000000000

      7   S      17             0.0656607    1.000000000000

      8   P      18           750.2220000    0.000059811429
      8   P      19           163.9610000    0.000471590110
      8   P      20            16.9227000    0.095913376815
      8   P      21            10.5755000   -0.308502747699
      8   P      22             5.7046200   -0.026376840001
      8   P      23             2.9802200    0.569989111661
      8   P      24             1.5197000    0.591813381771

      9   P      25            13.9254573   -0.023770496808
      9   P      26             4.2323767    0.249927523263
      9   P      27             1.4547631    0.815474645660

     10   P      28             0.7552878    1.000000000000

     11   P      29             0.3182945    1.000000000000

     12   P      30             0.1372183    1.000000000000

     13   P      31             0.0570992    1.000000000000

     14   D      32           146.3072712    0.000461306274
     14   D      33            42.2438594    0.003533209679
     14   D      34             9.9155378   -0.117465721016
     14   D      35             8.9949644    0.139705429021
     14   D      36             4.1376628    0.227137070875
     14   D      37             2.3659339    0.343049326787
     14   D      38             1.3736142    0.323069207587
     14   D      39             0.7984638    0.204724481522

     15   D      40             0.4568518    1.000000000000

     16   D      41             0.2502275    1.000000000000

     17   D      42             0.1156000    1.000000000000

     18   F      43             5.8043400    1.000000000000

     19   F      44             1.9347800    1.000000000000

     20   F      45             0.5184000    1.000000000000

     21   F      46             0.2135000    1.000000000000

     22   G      47             0.4294000    1.000000000000

 H         

     23   S      48           190.6916900    0.005342636962
     23   S      49            28.6055320    0.041252338243
     23   S      50             6.5095943    0.210993525698
     23   S      51             1.8412455    0.812128545862

     24   S      52             0.5985373    1.000000000000

     25   S      53             0.2139762    1.000000000000

     26   S      54             0.0803163    1.000000000000

     27   P      55             2.2920000    1.000000000000

     28   P      56             0.8380000    1.000000000000

     29   P      57             0.2920000    1.000000000000

     30   D      58             2.0620000    1.000000000000

     31   D      59             0.6620000    1.000000000000

     32   F      60             1.3970000    1.000000000000

 H         

     33   S      61           190.6916900    0.005342636962
     33   S      62            28.6055320    0.041252338243
     33   S      63             6.5095943    0.210993525698
     33   S      64             1.8412455    0.812128545862

     34   S      65             0.5985373    1.000000000000

     35   S      66             0.2139762    1.000000000000

     36   S      67             0.0803163    1.000000000000

     37   P      68             2.2920000    1.000000000000

     38   P      69             0.8380000    1.000000000000

     39   P      70             0.2920000    1.000000000000

     40   D      71             2.0620000    1.000000000000

     41   D      72             0.6620000    1.000000000000

     42   F      73             1.3970000    1.000000000000

 N         

     43   S      74         90726.8892100    0.000070982346
     43   S      75         13590.5288010    0.000551712516
     43   S      76          3092.9883781    0.002893067845
     43   S      77           875.9987636    0.012111212150
     43   S      78           285.7446998    0.042834127812
     43   S      79           103.1191342    0.129198809022
     43   S      80            40.1285568    0.318818920022
     43   S      81            16.5280957    0.590844885361

     44   S      82            69.3909610    0.094659213180
     44   S      83            20.4282006    0.925496499302

     45   S      84             7.1292588    1.000000000000

     46   S      85             3.1324305    1.000000000000

     47   S      86             0.9875578    1.000000000000

     48   S      87             0.3876572    1.000000000000

     49   S      88             0.1490988    1.000000000000

     50   P      89           150.0574267   -0.002450051156
     50   P      90            35.4915995   -0.019486267495
     50   P      91            11.2478642   -0.090355519008
     50   P      92             4.0900305   -0.299446872557
     50   P      93             1.6220573   -0.696789730227

     51   P      94             0.6644226    1.000000000000

     52   P      95             0.2709977    1.000000000000

     53   P      96             0.1068875    1.000000000000

     54   D      97             2.8370000    1.000000000000

     55   D      98             0.9680000    1.000000000000

     56   D      99             0.3350000    1.000000000000

     57   F     100             2.0270000    1.000000000000

     58   F     101             0.6850000    1.000000000000

     59   G     102             1.4270000    1.000000000000

 H         

     60   S     103           190.6916900    0.005342636962
     60   S     104            28.6055320    0.041252338243
     60   S     105             6.5095943    0.210993525698
     60   S     106             1.8412455    0.812128545862

     61   S     107             0.5985373    1.000000000000

     62   S     108             0.2139762    1.000000000000

     63   S     109             0.0803163    1.000000000000

     64   P     110             2.2920000    1.000000000000

     65   P     111             0.8380000    1.000000000000

     66   P     112             0.2920000    1.000000000000

     67   D     113             2.0620000    1.000000000000

     68   D     114             0.6620000    1.000000000000

     69   F     115             1.3970000    1.000000000000

 H         

     70   S     116           190.6916900    0.005342636962
     70   S     117            28.6055320    0.041252338243
     70   S     118             6.5095943    0.210993525698
     70   S     119             1.8412455    0.812128545862

     71   S     120             0.5985373    1.000000000000

     72   S     121             0.2139762    1.000000000000

     73   S     122             0.0803163    1.000000000000

     74   P     123             2.2920000    1.000000000000

     75   P     124             0.8380000    1.000000000000

     76   P     125             0.2920000    1.000000000000

     77   D     126             2.0620000    1.000000000000

     78   D     127             0.6620000    1.000000000000

     79   F     128             1.3970000    1.000000000000

 H         

     80   S     129           190.6916900    0.005342636962
     80   S     130            28.6055320    0.041252338243
     80   S     131             6.5095943    0.210993525698
     80   S     132             1.8412455    0.812128545862

     81   S     133             0.5985373    1.000000000000

     82   S     134             0.2139762    1.000000000000

     83   S     135             0.0803163    1.000000000000

     84   P     136             2.2920000    1.000000000000

     85   P     137             0.8380000    1.000000000000

     86   P     138             0.2920000    1.000000000000

     87   D     139             2.0620000    1.000000000000

     88   D     140             0.6620000    1.000000000000

     89   F     141             1.3970000    1.000000000000

 Total Number of Basis Set Shells             =   89
 Total Number of Primitives                   =  141
 Number of Spherical Gaussian Basis Functions =  289
 Total Number of Auxiliary Basis Set Shells   =  101
 Number of Sph. Gaussian Auxiliary Set Func.  =  385
 Number of Electrons                          =   64
 Charge of Molecule                           =    0
 Spin Multiplicity                            =    1
 Number of Occupied Orbitals (Alpha)          =   32
 Number of Occupied Orbitals (Beta )          =   32
 Total Number of Atoms                        =    7

 Nuclear Energy =      131.6971313308

 Note: This calculation is using an effective core potential
 so NE and ENUC will be adjusted later after removal of the Core

 Input Run Options
 -----------------
 IRUNTYP = 1  MULT = 1  ICHARG =  0 IECP = 1  IEMOM = 1  UNITS = ANGS    

 ECP Potentials
 --------------
 Parameters for "TE-ECP  " on Atom  1 with ZCORE 28 and LMAX 3 are

 for L= 3      COEFF    N           ZETA
    1      -15.74545    2       15.20617
    1      -20.74245    2       15.20170
 for L= 0      COEFF    N           ZETA
    1      281.04584    2       16.81447
    1       61.62066    2        8.79353
    1       15.74545    2       15.20617
    1       20.74245    2       15.20170
 for L= 1      COEFF    N           ZETA
    1       67.44946    2       14.87780
    1      134.90430    2       14.26973
    1       14.68955    2        8.72443
    1       29.41506    2        8.29152
    1       15.74545    2       15.20617
    1       20.74245    2       15.20170
 for L= 2      COEFF    N           ZETA
    1       35.43206    2       15.20501
    1       53.13569    2       15.22585
    1        9.06980    2        6.07177
    1       13.12230    2        5.80476
    1       15.74545    2       15.20617
    1       20.74245    2       15.20170

 The ECP removes  28 core electrons and  28 protons

 Number of electrons kept in the run =   36
 Number of occupied orbitals (Alpha) =   18
 Number of occupied orbitals (Beta)  =   18

 Adjusted Nuclear Energy =       68.8200256227


 Integral Options
 ----------------
 ERITYP = RI     AUX = JKFIT   ISCHWZ = 1   CUTOFF = 1.0E-09

 Input NOF Options
 -----------------

 Natural Orbital Functional Selected:    (IPNOF)         8

 Type of calculation = ICOEF2 + ICOEF1:  (ICOEF)        21
 Use Softmax function for Occ. Opt.:     (ISOFTMAX)      1
 Type of Orb. Opt. = Orbital Rotations:  (IORBOPT)       2
 Maximum Number of Coef Outer Iter.:     (MAXIT21)       3
 Maximum Number of Occ-Coef Outer Iter.: (MAXIT)      1000

 Restart calculation Option:             (RESTART)       F
 Restart Gamma Matrix from GCF file:     (INPUTGAMMA)    1
 Coefficient Matrix from GCF file:       (INPUTC)        1
 Diagonal Elements FMIUG from GCF file:  (INPUTFMIUG)    0
 Cartesian Coordinates from GCF file:    (INPUTCXYZ)     0

 Threshold Lambda Convergence=10**(-N):  (NTHRESHL)      3
 Threshold Energy Convergence=10**(-N):  (NTHRESHE)      5
 Max. Number of Inner Coef. Iterations:  (MAXLOOP)      10
 Orthogonalize the initial Orbitals:     (ORTHO)         T

 Output Option:                          (NPRINT)        0
 Output the Coefficient Matrix:          (IWRITEC)       0
 Do a Mulliken Population Analysis:      (IMULPOP)       0
 Write Information into a WFN file:      (IAIMPAC)       1
 Write Information into a FCHK file:     (IFCHK)         1
 Write Information into a MLP file:      (MOLDEN)        1
 Create Ini. Cond. (ini.xyz) file:       (INICOND)       1
 Calculate IPs using Ext. Koopmans Theo: (IEKT)          0
 Write APSG expansion coefficient file:  (APSG)          F
 Output option for Lagrange Multipliers: (PRINTLAG)      F
 Diagonalize matrix of Lag. Multipliers: (DIAGLAG)       F

------------------------------------------------------------------------

 Orbital Space
 -------------

 You are doing a perfect pairing calculation: NCWO=1

 Inactive Doubly occupied orbitals up to NO1  =    0
 No. considered Strongly Doubly occupied MOs  =   18
 No. considered Strongly Singly occupied MOs  =    0
 NO. of Weakly occ. per St. Doubly occ.  MOs (NCWO)   =    1
 Dimension of the Active Nat. Orb. subspace   =   36
 Secondary Empty orbitals                     =  253

 1e- integrals
 -------------
 Time to do integrals =      0.28

 2e- integrals
 -------------
 DONTW option skips storage 2e- integrals on Unit 1
 Time to do integrals =      0.69

 No violations of the orthonormality

   INITIAL VALUES
  =================

   OM     Occupation      Elag Diag

    1      1.9999998    -15.5359901
    2      1.9999997     -7.1024175
    3      1.9999874     -5.0671841
    4      1.9999929     -5.0697315
    5      1.9999735     -5.0703830
    6      1.9997772     -1.9093566
    7      1.9997447     -1.8627397
    8      1.9999067     -1.1425130
    9      1.9999847     -1.9172267
   10      1.9999785     -1.9174021
   11      1.9999999     -1.8209932
   12      1.9999723     -0.9810031
   13      1.9998912     -0.6368236
   14      1.9998365     -0.6393520
   15      1.9999999     -0.4760053
   16      1.9999889     -0.4653263
   17      1.9999997     -0.4556278
   18      1.9999999     -0.3059920
   19      0.0000001     -0.0000002
   20      0.0000003     -0.0000007
   21      0.0000111     -0.0000451
   22      0.0000001     -0.0000001
   23      0.0001635     -0.0005034
   24      0.0001088     -0.0003809
   25      0.0000277     -0.0001203
   26      0.0000001     -0.0000003
   27      0.0000215     -0.0001082
   28      0.0000153     -0.0000830
   29      0.0000933     -0.0003111
   30      0.0002553     -0.0012614
   31      0.0002228     -0.0011390
   32      0.0000265     -0.0002580
   33      0.0000071     -0.0000816
   34      0.0000126     -0.0000713
   35      0.0000003     -0.0000012
   36      0.0000002     -0.0000006

   RO Sum (  36) =   36.00

  ---------------
   Dipole Moment
  ---------------

      2.4474 Debye [   0.9629  (  -0.0058,   0.9628,   0.0079) ]


  RESULTS OF OCCUPATION-COEFFICIENT OPTIMIZATION
 ================================================

  Ex It  Occ Time  Orb Time  Orb It   Electronic Energy     Total Energy   Energy Convergency    Max Mul-Lag Diff

    1    2.1E-01   5.6E+01      10    -393.2073197086     -324.3872940859     0.0000000000           0.030310
    2    1.5E-01   1.1E+02      40    -393.2297310694     -324.4097054466    -0.0224113607           0.241161
    3    1.5E-01   1.7E+02      50    -393.2637857044     -324.4437600816    -0.0340546350           0.001217
    4    1.6E-01   9.4E+01      60    -393.2836089102     -324.4635832875    -0.0198232059           0.003059
    5    2.0E-01   1.0E+02      60    -393.6706588948     -324.8506332720    -0.3870499846           0.004481
    6    1.4E-01   1.5E+02      60    -393.8623441974     -325.0423185746    -0.1916853026           0.004984
    7    2.0E-01   1.9E+02      60    -393.9271858800     -325.1071602573    -0.0648416827           0.002926
    8    1.8E-01   1.4E+02      60    -393.9575754501     -325.1375498273    -0.0303895701           0.002532
    9    1.9E-01   1.6E+02      60    -393.9801496400     -325.1601240173    -0.0225741899           0.002885
   10    1.9E-01   1.0E+02      60    -393.9977310399     -325.1777054172    -0.0175813999           0.002925
   11    1.5E-01   1.6E+02      60    -394.0088067127     -325.1887810900    -0.0110756728           0.002340
   12    1.6E-01   1.5E+02      60    -394.0148303264     -325.1948047036    -0.0060236136           0.002047
   13    1.6E-01   9.9E+01      60    -394.0185608800     -325.1985352572    -0.0037305536           0.002259
   14    1.8E-01   1.1E+02      60    -394.0209899736     -325.2009643509    -0.0024290936           0.002039
   15    1.5E-01   5.1E+01      60    -394.0222863739     -325.2022607512    -0.0012964003           0.002222
   16    1.8E-01   5.1E+01      60    -394.0231431252     -325.2031175025    -0.0008567513           0.002392
   17    2.0E-01   1.4E+02      60    -394.0239076306     -325.2038820079    -0.0007645054           0.002369
   18    1.8E-01   1.5E+02      60    -394.0244432891     -325.2044176663    -0.0005356584           0.002380
   19    1.8E-01   1.5E+02      60    -394.0246752564     -325.2046496336    -0.0002319673           0.002400
   20    1.7E-01   2.0E+02      60    -394.0247730723     -325.2047474496    -0.0000978159           0.002186
   21    1.9E-01   1.0E+02      60    -394.0247909833     -325.2047653606    -0.0000179110           0.002520
   22    1.5E-01   1.3E+02      60    -394.0247827508     -325.2047571280     0.0000082326           0.002259
   23    1.1E-01   6.1E+01      33    -394.0250149314     -325.2049893087    -0.0002321806           0.000743
   24    1.6E-01   1.4E-01      33    -394.0250149470     -325.2049893243    -0.0000000156           0.000743


  RESULTS OF THE OCCUPATION OPTIMIZATION
 ========================================

   OM     Occupation      Elag Diag

    1      1.9996394    -15.5637789
    2      1.9988359     -7.0414391
    3      1.9980265     -5.0958379
    4      1.9979325     -5.0943811
    5      1.9979284     -5.0879758
    6      1.9861232     -1.7716233
    7      1.9861127     -1.7721137
    8      1.9861096     -1.7758140
    9      1.9861056     -1.7742683
   10      1.9860390     -1.7624375
   11      1.9860384     -1.7575731
   12      1.9841202     -0.8170065
   13      1.9793300     -0.3140780
   14      1.9738207     -0.6741630
   15      1.9738164     -0.6740501
   16      1.9737923     -0.6717330
   17      1.9696769     -0.4722417
   18      1.9690105     -0.4611295
   19      0.0309895     -0.0352674
   20      0.0303231     -0.0345323
   21      0.0262077     -0.0302628
   22      0.0261836     -0.0302923
   23      0.0261793     -0.0302888
   24      0.0206700     -0.0299989
   25      0.0158798     -0.0355372
   26      0.0139616     -0.0450613
   27      0.0139610     -0.0451221
   28      0.0138944     -0.0451429
   29      0.0138904     -0.0451252
   30      0.0138873     -0.0450784
   31      0.0138768     -0.0450708
   32      0.0020716     -0.0110097
   33      0.0020675     -0.0109221
   34      0.0019735     -0.0106979
   35      0.0011641     -0.0088332
   36      0.0003606     -0.0089096

   RO Sum (  36) =   36.00

  ---------------
   Dipole Moment
  ---------------

      2.5942 Debye [   1.0206  (  -0.0116,   1.0205,   0.0078) ]

 ----------------
  Final Energies  
 ----------------

  Final NOF Total Energy =     -325.2049893243 ( 7.E-04 , 0.E+00 )


  **************************************************
  *                                                *
  *       SINGLE-POINT DoNOF CALCULATION           *
  *                                                *
  *             FULL OPTIMIZATION                  *
  *                                                *
  *  FINAL RESULTS   FINAL RESULTS  FINAL RESULTS  *
  *                                                *
  **************************************************

  **************************************************
  *         No. EXTERNAL ITER =    24              *
  *         No. of TOTAL ITER =  1306              *
  **************************************************

  Elapsed real time :   2823.84  (Seconds)

 The execution finished at 17h 55min on the 11/13/2025
Recovering execution output...
Moving from /scratch/pobleyef/356003 to /home-nas/pobleyef/Slim-NOF/ncwo1/Slim16/GNOF/arina.356003
mkdir -p /home-nas/pobleyef/Slim-NOF/ncwo1/Slim16/GNOF/arina.356003
mv /scratch/pobleyef/356003/* /home-nas/pobleyef/Slim-NOF/ncwo1/Slim16/GNOF/arina.356003
