Computing Integrals
Basis Set                                            = def2-qzvp
Auxiliary Basis Set                                  = def2-universal-jkfit
Gaussian Type                                        = Spherical
Elapsed time:    1.71 Seconds

Number of basis functions                   (NBF)    = 70
Number of auxiliary basis functions         (NBFAUX) = 128
Inactive Doubly occupied orbitals up to     (NO1)    = 0
No. considered Strongly Doubly occupied MOs (NDOC)   = 9
No. considered Strongly Singly occupied MOs (NSOC)   = 0
NO. of Weakly occ. per St. Doubly occ.  MOs (NCWO)   = 1
Dimension of the Nat. Orb. subspace         (NBF5)   = 18
No. of electrons                                     = 18
    No. of alpha electrons                           = 9
    No. of beta electrons                            = 9
Multiplicity                                         = 1

Geometry
========
Cl       1.5375100      -0.0133800       4.6330600

No violations of the orthonormality
No violations of the orthonormality
 
PNOF8/ADABelief Calculation
==================
 
  Nitext  Nit_orb  Time   Nit_occ  Time         Eelec          Etot           Ediff      maxdiff    MaxGrad_orb  Grad_occ
     1      10    9.1e+00    0    1.2e+01  -459.87153898  -459.87153898 -10458.87153898   0.000499   2.0e-03   1.5e-04 0.02
 
RESULTS OF THE OCCUPATION OPTIMIZATION
========================================
   1    1.9999619  -104.53362964
   2    1.9992081  -10.20234720
   3    1.9988283  -7.71577527
   4    1.9989292  -7.69315008
   5    1.9989670  -7.69057736
   6    1.9924233  -0.73363800
   7    1.9807601  -0.15452762
   8    1.9822493  -0.15421181
   9    1.9801431  -0.14988643
  10    0.0198569  -0.01990418
  11    0.0177507  -0.01997634
  12    0.0192399  -0.01984354
  13    0.0075767  -0.03158451
  14    0.0010330  -0.01891712
  15    0.0010708  -0.01805615
  16    0.0011717  -0.01740784
  17    0.0007919  -0.01711071
  18    0.0000381  -0.00702842
 
----------------
 Final Energies 
----------------
Final NOF Total Energy =    -459.8715390
 
Total Orbital Internal Iterations = 10
Total Occupation Internal Iterations = 0
 
Elapsed time:   26.95 Seconds

---------------------------------
   Lowdin Population Analysis    
---------------------------------
 Idx  Atom   Population   Charge 
---------------------------------
  1    Cl    18.000      -1.000

---------------------------------
   M Diagnostic: 0.02
---------------------------------

