Computing Integrals
Basis Set                                            = def2-qzvp
Auxiliary Basis Set                                  = def2-universal-jkfit
Gaussian Type                                        = Spherical
Elapsed time:    1.57 Seconds

Number of basis functions                   (NBF)    = 65
Number of auxiliary basis functions         (NBFAUX) = 69
Inactive Doubly occupied orbitals up to     (NO1)    = 0
No. considered Strongly Doubly occupied MOs (NDOC)   = 2
No. considered Strongly Singly occupied MOs (NSOC)   = 0
NO. of Weakly occ. per St. Doubly occ.  MOs (NCWO)   = 1
Dimension of the Nat. Orb. subspace         (NBF5)   = 4
No. of electrons                                     = 4
    No. of alpha electrons                           = 2
    No. of beta electrons                            = 2
Multiplicity                                         = 1

Geometry
========
Li       0.0000000       0.0000000      -0.7979820
 H       0.0000000       0.0000000       0.7979820

No violations of the orthonormality
No violations of the orthonormality
 
PNOF8/ADAM Calculation
==================
 
  Nitext  Nit_orb  Time   Nit_occ  Time         Eelec          Etot           Ediff      maxdiff    MaxGrad_orb  Grad_occ
     1      10    8.8e+00    6    1.1e+01    -8.78770108    -7.79298668 -10007.78770108   0.169421   6.8e-01   9.7e-05 0.01
     2      10    3.0e-03    2    1.9e-04    -8.90044003    -7.90572563    -0.11273895   0.124468   5.0e-01   7.4e-05 0.01
     3      10    3.2e-03    1    1.4e-04    -8.96048157    -7.96576716    -0.06004153   0.077472   3.1e-01   1.0e-04 0.01
     4      10    2.0e-02    1    2.1e-04    -8.99328012    -7.99856572    -0.03279855   0.038493   1.5e-01   7.6e-06 0.01
     5      10    2.9e-03    1    1.4e-04    -9.00588509    -8.01117069    -0.01260497   0.011525   4.6e-02   8.5e-05 0.01
     6      10    2.8e-03    2    1.4e-04    -9.00830040    -8.01358599    -0.00241530   0.004471   1.8e-02   4.4e-05 0.01
     7      10    2.9e-03    2    1.3e-04    -9.00901444    -8.01430004    -0.00071405   0.005324   2.1e-02   5.5e-05 0.01
     8      10    2.8e-03    3    1.4e-04    -9.00982754    -8.01511314    -0.00081310   0.004407   1.8e-02   3.6e-05 0.01
     9      10    3.2e-03    3    1.3e-04    -9.01080320    -8.01608880    -0.00097566   0.004742   1.9e-02   5.4e-05 0.01
    10      10    2.9e-03    3    1.5e-04    -9.01185233    -8.01713793    -0.00104913   0.006037   2.4e-02   4.6e-05 0.02
    11      10    4.5e-03    3    1.5e-04    -9.01285367    -8.01813926    -0.00100133   0.004523   1.8e-02   2.5e-05 0.02
    12      10    2.8e-03    2    1.2e-04    -9.01362915    -8.01891475    -0.00077549   0.002881   1.2e-02   1.3e-04 0.02
    13      10    4.4e-03    2    1.4e-04    -9.01409186    -8.01937746    -0.00046271   0.003628   1.5e-02   1.1e-04 0.03
    14      10    2.8e-03    2    1.4e-04    -9.01439346    -8.01967906    -0.00030161   0.003418   1.4e-02   5.6e-05 0.03
    15      10    3.0e-03    2    1.7e-04    -9.01454350    -8.01982910    -0.00015004   0.004115   1.6e-02   2.4e-05 0.03
    16      10    4.3e-03    1    1.3e-04    -9.01458118    -8.01986677    -0.00003768   0.005074   2.0e-02   1.0e-04 0.03
    17      10    2.9e-03    1    1.3e-04    -9.01459839    -8.01988398    -0.00001721   0.003475   1.4e-02   6.7e-05 0.03
    18      10    4.5e-03    1    1.3e-04    -9.01461853    -8.01990412    -0.00002014   0.004372   1.7e-02   6.7e-05 0.03
    19      10    3.1e-03    0    1.2e-04    -9.01461989    -8.01990548    -0.00000136   0.004372   1.7e-02   6.7e-05 0.03
    20      12    4.5e-03    1    1.3e-04    -9.01472928    -8.02001488    -0.00010940   0.000428   1.7e-03   3.3e-05 0.03
 
RESULTS OF THE OCCUPATION OPTIMIZATION
========================================
   1    1.9978195  -2.45525024
   2    1.9682393  -0.31328943
   3    0.0317607  -0.01544264
   4    0.0021805  -0.00917368
 
----------------
 Final Energies 
----------------
Final NOF Total Energy =      -8.0200149
 
Total Orbital Internal Iterations = 202
Total Occupation Internal Iterations = 39
 
Elapsed time:   26.75 Seconds

---------------------------------
   Lowdin Population Analysis    
---------------------------------
 Idx  Atom   Population   Charge 
---------------------------------
  1    Li     2.678       0.322
  2     H     1.322      -0.322

---------------------------------
   M Diagnostic: 0.03
---------------------------------

