Computing Integrals
Basis Set                                            = def2-qzvp
Auxiliary Basis Set                                  = def2-universal-jkfit
Gaussian Type                                        = Spherical
Elapsed time:    4.76 Seconds

Number of basis functions                   (NBF)    = 280
Number of auxiliary basis functions         (NBFAUX) = 512
Inactive Doubly occupied orbitals up to     (NO1)    = 0
No. considered Strongly Doubly occupied MOs (NDOC)   = 33
No. considered Strongly Singly occupied MOs (NSOC)   = 0
NO. of Weakly occ. per St. Doubly occ.  MOs (NCWO)   = 1
Dimension of the Nat. Orb. subspace         (NBF5)   = 66
No. of electrons                                     = 66
    No. of alpha electrons                           = 33
    No. of beta electrons                            = 33
Multiplicity                                         = 1

Geometry
========
 P      -0.2078209       1.7674485       0.0000000
Cl       1.0912817       1.9676194       1.5825606
Cl       1.0912817       1.9676194      -1.5825606
Cl      -1.0912817       3.6237210       0.0000000

No violations of the orthonormality
No violations of the orthonormality
 
PNOF8/ADABelief Calculation
==================
 
  Nitext  Nit_orb  Time   Nit_occ  Time         Eelec          Etot           Ediff      maxdiff    MaxGrad_orb  Grad_occ
     1      10    1.1e+01    0    1.2e+01 -2062.40657708 -1720.59349756 -12061.40657708   0.000676   2.7e-03   2.3e-04 0.03
 
RESULTS OF THE OCCUPATION OPTIMIZATION
========================================
   1    1.9999670  -104.90968471
   2    1.9999692  -104.90841622
   3    1.9999690  -104.90737662
   4    1.9999580  -80.12873155
   5    1.9994187  -10.60551412
   6    1.9994175  -10.60493330
   7    1.9994175  -10.60402213
   8    1.9990687  -8.06854099
   9    1.9990878  -8.06829274
  10    1.9986735  -8.06816584
  11    1.9990803  -8.06800106
  12    1.9990794  -8.06686451
  13    1.9986428  -8.06665912
  14    1.9990903  -8.06519995
  15    1.9990721  -8.06503690
  16    1.9986587  -8.06355126
  17    1.9987917  -7.61185459
  18    1.9979161  -5.51368236
  19    1.9980253  -5.51272885
  20    1.9980172  -5.51180426
  21    1.9927536  -1.10403111
  22    1.9924192  -1.10006111
  23    1.9925707  -1.09986574
  24    1.9916707  -0.85216110
  25    1.9691786  -0.56172286
  26    1.9691664  -0.56107345
  27    1.9692197  -0.56083258
  28    1.9794190  -0.51126882
  29    1.9793258  -0.51017995
  30    1.9795581  -0.51004589
  31    1.9795042  -0.50817291
  32    1.9790975  -0.50792618
  33    1.9791734  -0.50764519
  34    0.0208266  -0.02667523
  35    0.0209025  -0.02711686
  36    0.0204958  -0.02631656
  37    0.0204419  -0.02578587
  38    0.0206742  -0.02641863
  39    0.0205810  -0.02631820
  40    0.0307803  -0.05017616
  41    0.0308336  -0.05025174
  42    0.0308214  -0.05032856
  43    0.0083293  -0.02966199
  44    0.0074293  -0.02898420
  45    0.0075808  -0.02841602
  46    0.0072464  -0.02942903
  47    0.0019828  -0.02060922
  48    0.0019747  -0.02056671
  49    0.0020839  -0.02160684
  50    0.0012083  -0.01834089
  51    0.0013413  -0.01967451
  52    0.0009279  -0.01798609
  53    0.0009097  -0.01776899
  54    0.0013572  -0.02035203
  55    0.0009206  -0.01778450
  56    0.0009197  -0.01782240
  57    0.0013265  -0.01903847
  58    0.0009122  -0.01776077
  59    0.0009313  -0.01790037
  60    0.0005825  -0.01457387
  61    0.0005825  -0.01457537
  62    0.0005813  -0.01452381
  63    0.0000420  -0.00610517
  64    0.0000310  -0.00592203
  65    0.0000308  -0.00587953
  66    0.0000330  -0.00617718
 
----------------
 Final Energies 
----------------
Final NOF Total Energy =   -1720.5934976
 
Total Orbital Internal Iterations = 10
Total Occupation Internal Iterations = 0
 
Elapsed time:   29.72 Seconds

---------------------------------
   Lowdin Population Analysis    
---------------------------------
 Idx  Atom   Population   Charge 
---------------------------------
  1     P    15.642      -0.642
  2    Cl    16.784       0.216
  3    Cl    16.787       0.213
  4    Cl    16.787       0.213

---------------------------------
   M Diagnostic: 0.03
---------------------------------

