Computing Integrals
Basis Set                                            = def2-qzvp
Auxiliary Basis Set                                  = def2-universal-jkfit
Gaussian Type                                        = Spherical
Elapsed time:    9.11 Seconds

Number of basis functions                   (NBF)    = 522
Number of auxiliary basis functions         (NBFAUX) = 558
Inactive Doubly occupied orbitals up to     (NO1)    = 0
No. considered Strongly Doubly occupied MOs (NDOC)   = 21
No. considered Strongly Singly occupied MOs (NSOC)   = 0
NO. of Weakly occ. per St. Doubly occ.  MOs (NCWO)   = 1
Dimension of the Nat. Orb. subspace         (NBF5)   = 42
No. of electrons                                     = 42
    No. of alpha electrons                           = 21
    No. of beta electrons                            = 21
Multiplicity                                         = 1

Geometry
========
 C      -1.1988023       0.6921288       0.0000000
 C      -1.1988023      -0.6921288       0.0000000
 C       0.0000000      -1.3842576       0.0000000
 C       1.1988023      -0.6921288       0.0000000
 C       1.1988023       0.6921288       0.0000000
 C       0.0000000       1.3842576       0.0000000
 H      -2.1331550      -1.2315776       0.0000000
 H       0.0000000      -2.4631552       0.0000000
 H       2.1331550      -1.2315776       0.0000000
 H       2.1331550       1.2315776       0.0000000
 H       0.0000000       2.4631552       0.0000000
 H      -2.1331550       1.2315776       0.0000000

No violations of the orthonormality
No violations of the orthonormality
 
PNOF8/ADABelief Calculation
==================
 
  Nitext  Nit_orb  Time   Nit_occ  Time         Eelec          Etot           Ediff      maxdiff    MaxGrad_orb  Grad_occ
     1      10    1.2e+01    0    1.2e+01  -436.48314991  -231.52596211 -10435.48314991   0.000487   1.9e-03   1.6e-04 0.04
 
RESULTS OF THE OCCUPATION OPTIMIZATION
========================================
   1    1.9995595  -11.22191891
   2    1.9995608  -11.22190591
   3    1.9995626  -11.22189097
   4    1.9995706  -11.22187417
   5    1.9995617  -11.22187063
   6    1.9995595  -11.22184842
   7    1.9785475  -0.81340182
   8    1.9785386  -0.81336927
   9    1.9785346  -0.81308659
  10    1.9785242  -0.81211434
  11    1.9785096  -0.81186919
  12    1.9785036  -0.81150575
  13    1.9775725  -0.69643368
  14    1.9775141  -0.69602990
  15    1.9774920  -0.69595442
  16    1.9774841  -0.69589631
  17    1.9774816  -0.69580215
  18    1.9774615  -0.69569314
  19    1.9640504  -0.40484409
  20    1.9640059  -0.40480465
  21    1.9639796  -0.40474211
  22    0.0360204  -0.03613232
  23    0.0359941  -0.03612201
  24    0.0359496  -0.03610095
  25    0.0225385  -0.02582589
  26    0.0225184  -0.02581716
  27    0.0225159  -0.02581541
  28    0.0225080  -0.02581108
  29    0.0224859  -0.02580508
  30    0.0224275  -0.02577890
  31    0.0214964  -0.03165302
  32    0.0214904  -0.03164924
  33    0.0214758  -0.03164275
  34    0.0214654  -0.03163979
  35    0.0214614  -0.03163765
  36    0.0214525  -0.03163360
  37    0.0004405  -0.00818764
  38    0.0004383  -0.00816518
  39    0.0004294  -0.00809914
  40    0.0004374  -0.00816846
  41    0.0004392  -0.00818078
  42    0.0004405  -0.00818490
 
----------------
 Final Energies 
----------------
Final NOF Total Energy =    -231.5259621
 
Total Orbital Internal Iterations = 10
Total Occupation Internal Iterations = 0
 
Elapsed time:   30.91 Seconds

---------------------------------
   Lowdin Population Analysis    
---------------------------------
 Idx  Atom   Population   Charge 
---------------------------------
  1     C     5.936       0.064
  2     C     5.936       0.064
  3     C     5.936       0.064
  4     C     5.936       0.064
  5     C     5.936       0.064
  6     C     5.936       0.064
  7     H     1.064      -0.064
  8     H     1.064      -0.064
  9     H     1.064      -0.064
 10     H     1.064      -0.064
 11     H     1.064      -0.064
 12     H     1.064      -0.064

---------------------------------
   M Diagnostic: 0.04
---------------------------------

