Computing Integrals
Basis Set                                            = def2-qzvp
Auxiliary Basis Set                                  = def2-universal-jkfit
Gaussian Type                                        = Spherical
Elapsed time:    4.51 Seconds

Number of basis functions                   (NBF)    = 348
Number of auxiliary basis functions         (NBFAUX) = 376
Inactive Doubly occupied orbitals up to     (NO1)    = 0
No. considered Strongly Doubly occupied MOs (NDOC)   = 16
No. considered Strongly Singly occupied MOs (NSOC)   = 0
NO. of Weakly occ. per St. Doubly occ.  MOs (NCWO)   = 1
Dimension of the Nat. Orb. subspace         (NBF5)   = 32
No. of electrons                                     = 32
    No. of alpha electrons                           = 16
    No. of beta electrons                            = 16
Multiplicity                                         = 1

Geometry
========
 C      -0.5543981      -0.1533469      -0.0403215
 O      -1.2580164      -1.1266614      -0.2801091
 O      -1.0268244       1.0490885       0.2474569
 H      -2.0206130       1.0161902       0.2330564
 C       0.9423144      -0.1992497      -0.0422859
 H       1.2798939      -1.2005689      -0.2798114
 H       1.3238129       0.5111033      -0.7717548
 H       1.3138307       0.1034449       0.9337694

No violations of the orthonormality
No violations of the orthonormality
 
PNOF8/ADABelief Calculation
==================
 
  Nitext  Nit_orb  Time   Nit_occ  Time         Eelec          Etot           Ediff      maxdiff    MaxGrad_orb  Grad_occ
     1      10    1.1e+01    0    1.2e+01  -349.86201044  -228.51188347 -10348.86201044   0.000673   2.7e-03   2.0e-04 0.04
 
RESULTS OF THE OCCUPATION OPTIMIZATION
========================================
   1    1.9997900  -20.64326666
   2    1.9998143  -20.57469478
   3    1.9995013  -11.35974351
   4    1.9996047  -11.23520513
   5    1.9910780  -1.19719940
   6    1.9892134  -0.91949254
   7    1.9892174  -0.91310549
   8    1.9745216  -0.82386202
   9    1.9712554  -0.81143945
  10    1.9721822  -0.78224398
  11    1.9738657  -0.74702704
  12    1.9873824  -0.73550761
  13    1.9772897  -0.69902638
  14    1.9772769  -0.69853705
  15    1.9771251  -0.69104816
  16    1.9596683  -0.53242911
  17    0.0403317  -0.05257513
  18    0.0228749  -0.02545693
  19    0.0227231  -0.02526520
  20    0.0227103  -0.02526277
  21    0.0126176  -0.02074142
  22    0.0261343  -0.03612912
  23    0.0278178  -0.03720427
  24    0.0287446  -0.04657551
  25    0.0254784  -0.04183312
  26    0.0107826  -0.02079805
  27    0.0107866  -0.02100614
  28    0.0089220  -0.01971677
  29    0.0003953  -0.00750081
  30    0.0004987  -0.00908621
  31    0.0001857  -0.00644932
  32    0.0002100  -0.00708731
 
----------------
 Final Energies 
----------------
Final NOF Total Energy =    -228.5118835
 
Total Orbital Internal Iterations = 10
Total Occupation Internal Iterations = 0
 
Elapsed time:   28.77 Seconds

---------------------------------
   Lowdin Population Analysis    
---------------------------------
 Idx  Atom   Population   Charge 
---------------------------------
  1     C     6.719      -0.719
  2     O     7.750       0.250
  3     O     7.368       0.632
  4     H     1.237      -0.237
  5     C     5.774       0.226
  6     H     1.051      -0.051
  7     H     1.051      -0.051
  8     H     1.051      -0.051

---------------------------------
   M Diagnostic: 0.04
---------------------------------

