Computing Integrals
Basis Set                                            = def2-qzvp
Auxiliary Basis Set                                  = def2-universal-jkfit
Gaussian Type                                        = Spherical
Elapsed time:   11.92 Seconds

Number of basis functions                   (NBF)    = 576
Number of auxiliary basis functions         (NBFAUX) = 680
Inactive Doubly occupied orbitals up to     (NO1)    = 0
No. considered Strongly Doubly occupied MOs (NDOC)   = 29
No. considered Strongly Singly occupied MOs (NSOC)   = 0
NO. of Weakly occ. per St. Doubly occ.  MOs (NCWO)   = 1
Dimension of the Nat. Orb. subspace         (NBF5)   = 58
No. of electrons                                     = 58
    No. of alpha electrons                           = 29
    No. of beta electrons                            = 29
Multiplicity                                         = 1

Geometry
========
 N       0.0004417      -1.3050820      -0.0441152
 H      -0.0014208      -2.3148044       0.0009274
 C      -1.2580644      -0.6922361      -0.1187117
 O      -2.2730013      -1.3649919      -0.1772282
 C      -1.1924635       0.7589608      -0.1206341
 H      -2.1084541       1.3182419      -0.2012279
 C       0.0028152       1.3743364      -0.0199301
 H       0.1040059       2.4493388      -0.0107058
 N       1.1718216       0.6705000       0.0810434
 H       2.0525505       1.1401887       0.2074948
 C       1.2312423      -0.7108958       0.1220406
 O       2.2705268      -1.3235565       0.2810470

No violations of the orthonormality
No violations of the orthonormality
 
PNOF8/ADABelief Calculation
==================
 
  Nitext  Nit_orb  Time   Nit_occ  Time         Eelec          Etot           Ediff      maxdiff    MaxGrad_orb  Grad_occ
     1      10    1.5e+01    0    1.2e+01  -770.99931549  -413.75009617 -10769.99931549   0.000488   2.0e-03   1.3e-04 0.04
 
RESULTS OF THE OCCUPATION OPTIMIZATION
========================================
   1    1.9998186  -20.57387911
   2    1.9998197  -20.57136285
   3    1.9996741  -15.64152685
   4    1.9996739  -15.62657802
   5    1.9994931  -11.38581369
   6    1.9995057  -11.35256836
   7    1.9995456  -11.31517430
   8    1.9995559  -11.24432777
   9    1.9916855  -1.21816109
  10    1.9916736  -1.20737054
  11    1.9923768  -1.16015895
  12    1.9921871  -1.12614089
  13    1.9806082  -0.90600838
  14    1.9743785  -0.79394012
  15    1.9743425  -0.78945132
  16    1.9754923  -0.78568983
  17    1.9772972  -0.78395885
  18    1.9744882  -0.77113150
  19    1.9779339  -0.76253493
  20    1.9740697  -0.75971267
  21    1.9735776  -0.75931711
  22    1.9770217  -0.75865513
  23    1.9736144  -0.75011070
  24    1.9783450  -0.72629289
  25    1.9864437  -0.64937504
  26    1.9863250  -0.64600313
  27    1.9621883  -0.53998988
  28    1.9603139  -0.53827592
  29    1.9610087  -0.43115806
  30    0.0389913  -0.03996847
  31    0.0396861  -0.05187404
  32    0.0378117  -0.05133260
  33    0.0136750  -0.02187324
  34    0.0135563  -0.02193042
  35    0.0216550  -0.02529680
  36    0.0263856  -0.04031546
  37    0.0229783  -0.02964589
  38    0.0264224  -0.04002949
  39    0.0259303  -0.03960689
  40    0.0220661  -0.02616525
  41    0.0255118  -0.03824480
  42    0.0227028  -0.02981316
  43    0.0245077  -0.03557056
  44    0.0256575  -0.04186492
  45    0.0256215  -0.04197502
  46    0.0193918  -0.03018855
  47    0.0078129  -0.01470715
  48    0.0076232  -0.01428079
  49    0.0083264  -0.01943947
  50    0.0083145  -0.01937798
  51    0.0004441  -0.00823456
  52    0.0004544  -0.00841623
  53    0.0004943  -0.00902430
  54    0.0005069  -0.00924330
  55    0.0003261  -0.00824240
  56    0.0003259  -0.00828500
  57    0.0001803  -0.00634899
  58    0.0001814  -0.00637079
 
----------------
 Final Energies 
----------------
Final NOF Total Energy =    -413.7500962
 
Total Orbital Internal Iterations = 10
Total Occupation Internal Iterations = 0
 
Elapsed time:   34.75 Seconds

---------------------------------
   Lowdin Population Analysis    
---------------------------------
 Idx  Atom   Population   Charge 
---------------------------------
  1     N     6.460       0.540
  2     H     1.121      -0.121
  3     C     6.574      -0.574
  4     O     7.730       0.270
  5     C     5.956       0.044
  6     H     1.067      -0.067
  7     C     6.008      -0.008
  8     H     1.055      -0.055
  9     N     6.461       0.539
 10     H     1.129      -0.129
 11     C     6.682      -0.682
 12     O     7.757       0.243

---------------------------------
   M Diagnostic: 0.04
---------------------------------

