Computing Integrals
Basis Set                                            = def2-qzvp
Auxiliary Basis Set                                  = def2-universal-jkfit
Gaussian Type                                        = Spherical
Elapsed time:    4.74 Seconds

Number of basis functions                   (NBF)    = 345
Number of auxiliary basis functions         (NBFAUX) = 419
Inactive Doubly occupied orbitals up to     (NO1)    = 0
No. considered Strongly Doubly occupied MOs (NDOC)   = 18
No. considered Strongly Singly occupied MOs (NSOC)   = 0
NO. of Weakly occ. per St. Doubly occ.  MOs (NCWO)   = 1
Dimension of the Nat. Orb. subspace         (NBF5)   = 36
No. of electrons                                     = 36
    No. of alpha electrons                           = 18
    No. of beta electrons                            = 18
Multiplicity                                         = 1

Geometry
========
 N      -0.7221956       0.2778438       0.0000000
 N       0.0256488       1.3872538       0.0000000
 N       1.2664018       0.9773917       0.0000000
 N       1.3300444      -0.3765702       0.0000000
 C       0.0813695      -0.7958565       0.0000000
 H      -1.7258226       0.3450800       0.0000000
 H      -0.2554462      -1.8151426       0.0000000

No violations of the orthonormality
No violations of the orthonormality
 
PNOF8/ADABelief Calculation
==================
 
  Nitext  Nit_orb  Time   Nit_occ  Time         Eelec          Etot           Ediff      maxdiff    MaxGrad_orb  Grad_occ
     1      10    1.1e+01    0    1.2e+01  -424.45514256  -257.58807634 -10423.45514256   0.000509   2.0e-03   1.2e-04 0.04
 
RESULTS OF THE OCCUPATION OPTIMIZATION
========================================
   1    1.9996629  -15.68380301
   2    1.9997689  -15.65884364
   3    1.9997592  -15.64214010
   4    1.9997586  -15.60623763
   5    1.9995380  -11.31707849
   6    1.9925990  -1.16882578
   7    1.9912372  -1.06880206
   8    1.9914220  -1.02688937
   9    1.9915883  -1.02416299
  10    1.9779950  -0.86546198
  11    1.9787753  -0.77308103
  12    1.9695145  -0.71047686
  13    1.9743346  -0.70964203
  14    1.9699364  -0.70662705
  15    1.9759181  -0.70323864
  16    1.9682898  -0.68152675
  17    1.9583797  -0.51087907
  18    1.9618247  -0.48721521
  19    0.0381753  -0.04691385
  20    0.0416203  -0.05631872
  21    0.0317102  -0.04640104
  22    0.0240819  -0.03568352
  23    0.0300636  -0.04498735
  24    0.0256654  -0.03732837
  25    0.0304855  -0.04583676
  26    0.0212247  -0.02589637
  27    0.0220050  -0.03038015
  28    0.0084117  -0.01781421
  29    0.0085780  -0.01802801
  30    0.0087628  -0.01531279
  31    0.0074010  -0.01742485
  32    0.0004620  -0.00853017
  33    0.0002414  -0.00644305
  34    0.0002408  -0.00642286
  35    0.0002311  -0.00618919
  36    0.0003371  -0.00855478
 
----------------
 Final Energies 
----------------
Final NOF Total Energy =    -257.5880763
 
Total Orbital Internal Iterations = 10
Total Occupation Internal Iterations = 0
 
Elapsed time:   29.59 Seconds

---------------------------------
   Lowdin Population Analysis    
---------------------------------
 Idx  Atom   Population   Charge 
---------------------------------
  1     N     6.619       0.381
  2     N     6.976       0.024
  3     N     7.021      -0.021
  4     N     6.913       0.087
  5     C     6.238      -0.238
  6     H     1.142      -0.142
  7     H     1.092      -0.092

---------------------------------
   M Diagnostic: 0.04
---------------------------------

