Computing Integrals
Basis Set                                            = def2-qzvp
Auxiliary Basis Set                                  = def2-universal-jkfit
Gaussian Type                                        = Spherical
Elapsed time:    4.49 Seconds

Number of basis functions                   (NBF)    = 241
Number of auxiliary basis functions         (NBFAUX) = 359
Inactive Doubly occupied orbitals up to     (NO1)    = 0
No. considered Strongly Doubly occupied MOs (NDOC)   = 21
No. considered Strongly Singly occupied MOs (NSOC)   = 0
NO. of Weakly occ. per St. Doubly occ.  MOs (NCWO)   = 1
Dimension of the Nat. Orb. subspace         (NBF5)   = 42
No. of electrons                                     = 42
    No. of alpha electrons                           = 21
    No. of beta electrons                            = 21
Multiplicity                                         = 1

Geometry
========
 P       0.0000000       0.0000000       0.5053380
 F       0.0000000       1.3729200      -0.2807430
 F      -1.1889840      -0.6864600      -0.2807430
 F       1.1889840      -0.6864600      -0.2807430

No violations of the orthonormality
No violations of the orthonormality
 
PNOF8/ADABelief Calculation
==================
 
  Nitext  Nit_orb  Time   Nit_occ  Time         Eelec          Etot           Ediff      maxdiff    MaxGrad_orb  Grad_occ
     1      10    1.2e+01    0    1.2e+01  -829.67973884  -640.13542793 -10828.67973884   0.000579   2.3e-03   1.7e-04 0.03
 
RESULTS OF THE OCCUPATION OPTIMIZATION
========================================
   1    1.9999603  -80.14717337
   2    1.9998705  -26.38561434
   3    1.9998694  -26.38519649
   4    1.9998693  -26.38489587
   5    1.9989546  -7.59007030
   6    1.9981483  -5.56293167
   7    1.9981263  -5.53175119
   8    1.9981546  -5.52785460
   9    1.9934184  -1.60732382
  10    1.9935563  -1.60389896
  11    1.9933538  -1.60143732
  12    1.9915720  -0.87595590
  13    1.9701936  -0.77447211
  14    1.9700752  -0.77169303
  15    1.9701675  -0.76615222
  16    1.9848766  -0.74586742
  17    1.9847934  -0.74474493
  18    1.9835772  -0.74336714
  19    1.9833654  -0.74206490
  20    1.9836109  -0.74178851
  21    1.9842468  -0.74051773
  22    0.0157532  -0.02597440
  23    0.0163891  -0.02674385
  24    0.0166346  -0.02704915
  25    0.0164228  -0.02681761
  26    0.0152066  -0.02540966
  27    0.0151234  -0.02534487
  28    0.0298325  -0.05414276
  29    0.0299248  -0.05438280
  30    0.0298064  -0.05425204
  31    0.0084280  -0.02882953
  32    0.0066462  -0.02420177
  33    0.0064437  -0.02405526
  34    0.0065816  -0.02424756
  35    0.0018454  -0.01895847
  36    0.0018737  -0.01955672
  37    0.0018517  -0.02017753
  38    0.0010454  -0.01249091
  39    0.0001307  -0.00583780
  40    0.0001306  -0.00585636
  41    0.0001295  -0.00584248
  42    0.0000397  -0.00580419
 
----------------
 Final Energies 
----------------
Final NOF Total Energy =    -640.1354279
 
Total Orbital Internal Iterations = 10
Total Occupation Internal Iterations = 0
 
Elapsed time:   31.17 Seconds

---------------------------------
   Lowdin Population Analysis    
---------------------------------
 Idx  Atom   Population   Charge 
---------------------------------
  1     P    15.478      -0.478
  2     F     8.840       0.160
  3     F     8.841       0.159
  4     F     8.841       0.159

---------------------------------
   M Diagnostic: 0.03
---------------------------------

