Computing Integrals
Basis Set                                            = def2-qzvp
Auxiliary Basis Set                                  = def2-universal-jkfit
Gaussian Type                                        = Spherical
Elapsed time:   12.98 Seconds

Number of basis functions                   (NBF)    = 532
Number of auxiliary basis functions         (NBFAUX) = 656
Inactive Doubly occupied orbitals up to     (NO1)    = 0
No. considered Strongly Doubly occupied MOs (NDOC)   = 31
No. considered Strongly Singly occupied MOs (NSOC)   = 0
NO. of Weakly occ. per St. Doubly occ.  MOs (NCWO)   = 1
Dimension of the Nat. Orb. subspace         (NBF5)   = 62
No. of electrons                                     = 62
    No. of alpha electrons                           = 31
    No. of beta electrons                            = 31
Multiplicity                                         = 1

Geometry
========
 C       0.2964580      -1.2271210       0.0000000
 P      -0.0727470       0.3878250       0.0000000
 B      -0.9239600      -2.1354380       0.0000000
 B       1.7522720      -1.6568140       0.0000000
 F      -0.9239600       0.9325130       1.1737390
 F      -0.9239600       0.9325130      -1.1737390
 F       1.1070560       1.3793150       0.0000000
 H      -0.7615150      -3.3134910       0.0000000
 H      -2.0351840      -1.6910820       0.0000000
 H       2.6446660      -0.8652290       0.0000000
 H       1.9907160      -2.8226520       0.0000000

No violations of the orthonormality
No violations of the orthonormality
 
PNOF8/ADABelief Calculation
==================
 
  Nitext  Nit_orb  Time   Nit_occ  Time         Eelec          Etot           Ediff      maxdiff    MaxGrad_orb  Grad_occ
     1      10    1.5e+01    0    1.2e+01 -1120.65834543  -729.98815933 -11119.65834543   0.000653   2.6e-03   2.1e-04 0.03
 
RESULTS OF THE OCCUPATION OPTIMIZATION
========================================
   1    1.9999713  -80.20911136
   2    1.9998710  -26.43539305
   3    1.9998706  -26.43082499
   4    1.9998686  -26.42969626
   5    1.9995316  -11.19782883
   6    1.9989609  -7.63469334
   7    1.9991236  -7.62095157
   8    1.9992810  -7.58263455
   9    1.9980523  -5.60070109
  10    1.9981700  -5.59605318
  11    1.9981728  -5.59220465
  12    1.9931213  -1.67037637
  13    1.9930741  -1.66602107
  14    1.9930551  -1.65696780
  15    1.9715727  -0.92155599
  16    1.9714283  -0.91511899
  17    1.9715391  -0.91301014
  18    1.9818361  -0.85109032
  19    1.9850084  -0.79565285
  20    1.9828687  -0.79385776
  21    1.9847719  -0.79267881
  22    1.9824954  -0.78878708
  23    1.9820488  -0.78822596
  24    1.9838639  -0.78610978
  25    1.9794144  -0.67554951
  26    1.9796790  -0.67480418
  27    1.9787862  -0.56862016
  28    1.9796039  -0.56119194
  29    1.9792586  -0.55870309
  30    1.9794410  -0.55124628
  31    1.9722606  -0.39821491
  32    0.0277394  -0.02193609
  33    0.0205590  -0.02060602
  34    0.0207414  -0.02112628
  35    0.0203961  -0.02053631
  36    0.0212138  -0.02101201
  37    0.0203210  -0.02651467
  38    0.0205856  -0.02670799
  39    0.0161361  -0.02695803
  40    0.0179512  -0.02938396
  41    0.0175046  -0.02883097
  42    0.0152281  -0.02592499
  43    0.0171313  -0.02841045
  44    0.0149916  -0.02575799
  45    0.0181639  -0.03467685
  46    0.0284609  -0.05488192
  47    0.0285717  -0.05526231
  48    0.0284273  -0.05522423
  49    0.0069449  -0.02461924
  50    0.0069259  -0.02480378
  51    0.0068787  -0.02469034
  52    0.0018272  -0.01886268
  53    0.0018300  -0.01874019
  54    0.0019477  -0.02497367
  55    0.0007190  -0.00822366
  56    0.0008764  -0.01027973
  57    0.0010391  -0.01274596
  58    0.0004684  -0.00855172
  59    0.0001314  -0.00588405
  60    0.0001294  -0.00580897
  61    0.0001290  -0.00579996
  62    0.0000287  -0.00462963
 
----------------
 Final Energies 
----------------
Final NOF Total Energy =    -729.9881593
 
Total Orbital Internal Iterations = 10
Total Occupation Internal Iterations = 0
 
Elapsed time:   35.03 Seconds

---------------------------------
   Lowdin Population Analysis    
---------------------------------
 Idx  Atom   Population   Charge 
---------------------------------
  1     C     6.136      -0.136
  2     P    15.342      -0.342
  3     B     5.098      -0.098
  4     B     5.119      -0.119
  5     F     8.700       0.300
  6     F     8.702       0.298
  7     F     8.682       0.318
  8     H     1.049      -0.049
  9     H     1.057      -0.057
 10     H     1.064      -0.064
 11     H     1.051      -0.051

---------------------------------
   M Diagnostic: 0.03
---------------------------------

