Computing Integrals
Basis Set                                            = def2-qzvp
Auxiliary Basis Set                                  = def2-universal-jkfit
Gaussian Type                                        = Spherical
Elapsed time:    2.40 Seconds

Number of basis functions                   (NBF)    = 157
Number of auxiliary basis functions         (NBFAUX) = 223
Inactive Doubly occupied orbitals up to     (NO1)    = 0
No. considered Strongly Doubly occupied MOs (NDOC)   = 14
No. considered Strongly Singly occupied MOs (NSOC)   = 0
NO. of Weakly occ. per St. Doubly occ.  MOs (NCWO)   = 10
Dimension of the Nat. Orb. subspace         (NBF5)   = 154
No. of electrons                                     = 28
    No. of alpha electrons                           = 14
    No. of beta electrons                            = 14
Multiplicity                                         = 1

Geometry
========
Cl      -5.2176585       1.0335412       0.0166542
 F      -2.3479612       1.1089678      -0.0028093
 H      -3.3245012       1.0882224       0.0025440

No violations of the orthonormality
No violations of the orthonormality
 
PNOF8/ADABelief Calculation
==================
 
  Nitext  Nit_orb  Time   Nit_occ  Time         Eelec          Etot           Ediff      maxdiff    MaxGrad_orb  Grad_occ
     1      10    1.1e+01    0    1.2e+01  -598.35975785  -560.53117551 -10597.35975785   0.001829   7.3e-03   2.5e-04 0.03
     2      30    4.0e+00    0    8.8e-02  -598.35975785  -560.53117551     0.00000000   0.001829   7.3e-03   2.5e-04 0.03
     3      50    7.2e+00    0    4.7e-02  -598.35975785  -560.53117551     0.00000000   0.001829   7.3e-03   2.5e-04 0.03
     4      70    1.0e+01    0    1.3e-01  -598.35978214  -560.53119980    -0.00002429   0.001149   4.6e-03   2.5e-04 0.03
     5      80    1.1e+01    0    7.2e-02  -598.35978214  -560.53119980     0.00000000   0.001149   4.6e-03   2.5e-04 0.03
     6      43    6.0e+00    0    5.1e-02  -598.35978835  -560.53120600    -0.00000621   0.000495   2.0e-03   2.5e-04 0.03
 
RESULTS OF THE OCCUPATION OPTIMIZATION
========================================
   1    1.9999996  -104.59841295
   2    1.9999909  -26.10797504
   3    1.9998829  -10.28322503
   4    1.9995230  -7.75844829
   5    1.9993102  -7.75576781
   6    1.9989172  -7.75371129
   7    1.9872750  -1.26031054
   8    1.9849637  -0.90238002
   9    1.9736897  -0.62127872
  10    1.9786719  -0.47337615
  11    1.9786718  -0.47328142
  12    1.9704021  -0.22390445
  13    1.9770716  -0.22092690
  14    1.9755861  -0.21503860
  15    0.0116186  -0.01684625
  16    0.0099480  -0.01599487
  17    0.0097657  -0.01521859
  18    0.0101638  -0.01927569
  19    0.0101159  -0.01913429
  20    0.0218400  -0.03677881
  21    0.0073229  -0.02785886
  22    0.0065740  -0.02097417
  23    0.0005527  -0.01269473
  24    0.0005105  -0.01110927
  25    0.0004255  -0.00974156
  26    0.0000726  -0.00278682
  27    0.0000059  -0.00022714
  28    0.0000004  -0.00000570
  29    0.0097462  -0.02002637
  30    0.0086225  -0.01979494
  31    0.0094496  -0.01483623
  32    0.0039532  -0.00925045
  33    0.0039501  -0.00928147
  34    0.0034177  -0.00840301
  35    0.0058950  -0.01878589
  36    0.0017474  -0.00907596
  37    0.0004735  -0.01082502
  38    0.0000822  -0.00132359
  39    0.0000145  -0.00068181
  40    0.0000111  -0.00021139
  41    0.0000011  -0.00002242
  42    0.0000000  -0.00000114
  43    0.0007705  -0.00154246
  44    0.0023366  -0.00887645
  45    0.0092864  -0.01489797
  46    0.0039102  -0.00902918
  47    0.0038019  -0.00911905
  48    0.0004011  -0.00135400
  49    0.0005828  -0.00150396
  50    0.0017442  -0.00913845
  51    0.0000212  -0.00032916
  52    0.0000532  -0.00141980
  53    0.0000136  -0.00014099
  54    0.0000102  -0.00014272
  55    0.0000006  -0.00000990
  56    0.0000000  -0.00000038
  57    0.0007551  -0.00150993
  58    0.0007429  -0.00158204
  59    0.0006070  -0.00131709
  60    0.0017963  -0.00746504
  61    0.0013500  -0.00623443
  62    0.0002605  -0.00096155
  63    0.0005125  -0.00476969
  64    0.0017248  -0.00915131
  65    0.0000081  -0.00010673
  66    0.0000087  -0.00023792
  67    0.0000073  -0.00009944
  68    0.0000082  -0.00010826
  69    0.0000004  -0.00002340
  70    0.0000000  -0.00000029
  71    0.0007448  -0.00148118
  72    0.0007302  -0.00154771
  73    0.0002592  -0.00086197
  74    0.0007624  -0.00279203
  75    0.0007466  -0.00275930
  76    0.0002511  -0.00095754
  77    0.0003580  -0.00159124
  78    0.0002580  -0.00110091
  79    0.0000059  -0.00009423
  80    0.0000078  -0.00010859
  81    0.0000058  -0.00009001
  82    0.0000081  -0.00010297
  83    0.0000004  -0.00002963
  84    0.0000000  -0.00000025
  85    0.0003133  -0.00104341
  86    0.0002801  -0.00100382
  87    0.0000500  -0.00016307
  88    0.0002733  -0.00104303
  89    0.0004010  -0.00133970
  90    0.0000334  -0.00011635
  91    0.0001476  -0.00124744
  92    0.0002273  -0.00101347
  93    0.0000057  -0.00009286
  94    0.0000077  -0.00010824
  95    0.0000047  -0.00005927
  96    0.0000045  -0.00015851
  97    0.0000002  -0.00000395
  98    0.0000000  -0.00000021
  99    0.0002856  -0.00099000
 100    0.0000850  -0.00026268
 101    0.0000480  -0.00015815
 102    0.0002713  -0.00103685
 103    0.0003521  -0.00122801
 104    0.0000314  -0.00011599
 105    0.0000554  -0.00019339
 106    0.0002257  -0.00101136
 107    0.0000056  -0.00008139
 108    0.0000077  -0.00010532
 109    0.0000038  -0.00029459
 110    0.0000010  -0.00001788
 111    0.0000002  -0.00000296
 112    0.0000000  -0.00000022
 113    0.0000621  -0.00018027
 114    0.0000651  -0.00019324
 115    0.0000477  -0.00015561
 116    0.0001020  -0.00043324
 117    0.0002892  -0.00107153
 118    0.0000279  -0.00010781
 119    0.0000551  -0.00018977
 120    0.0001537  -0.00147892
 121    0.0000056  -0.00006901
 122    0.0000074  -0.00010106
 123    0.0000008  -0.00001444
 124    0.0000007  -0.00001344
 125    0.0000002  -0.00000288
 126    0.0000000  -0.00000011
 127    0.0000615  -0.00017108
 128    0.0000606  -0.00017844
 129    0.0000455  -0.00014315
 130    0.0000548  -0.00026739
 131    0.0002494  -0.00091481
 132    0.0000247  -0.00013180
 133    0.0000538  -0.00018580
 134    0.0000424  -0.00023824
 135    0.0000031  -0.00004900
 136    0.0000026  -0.00003903
 137    0.0000006  -0.00000940
 138    0.0000003  -0.00000601
 139    0.0000001  -0.00000256
 140    0.0000000  -0.00000011
 141    0.0000561  -0.00016117
 142    0.0000574  -0.00018125
 143    0.0000388  -0.00010997
 144    0.0000408  -0.00016530
 145    0.0000720  -0.00030682
 146    0.0000226  -0.00013405
 147    0.0000533  -0.00018464
 148    0.0000275  -0.00015750
 149    0.0000016  -0.00002548
 150    0.0000021  -0.00026042
 151    0.0000005  -0.00000733
 152    0.0000003  -0.00000409
 153    0.0000001  -0.00000157
 154    0.0000000  -0.00000010
 
----------------
 Final Energies 
----------------
Final NOF Total Energy =    -560.5312060
 
Total Orbital Internal Iterations = 283
Total Occupation Internal Iterations = 0
 
Elapsed time:   69.41 Seconds

---------------------------------
   Lowdin Population Analysis    
---------------------------------
 Idx  Atom   Population   Charge 
---------------------------------
  1    Cl    17.631      -0.631
  2     F     8.713       0.287
  3     H     1.656      -0.656

---------------------------------
   M Diagnostic: 0.03
---------------------------------

