Computing Integrals
Basis Set                                            = def2-qzvp
Auxiliary Basis Set                                  = def2-universal-jkfit
Gaussian Type                                        = Spherical
Elapsed time:    2.42 Seconds

Number of basis functions                   (NBF)    = 140
Number of auxiliary basis functions         (NBFAUX) = 256
Inactive Doubly occupied orbitals up to     (NO1)    = 0
No. considered Strongly Doubly occupied MOs (NDOC)   = 17
No. considered Strongly Singly occupied MOs (NSOC)   = 1
NO. of Weakly occ. per St. Doubly occ.  MOs (NCWO)   = 7
Dimension of the Nat. Orb. subspace         (NBF5)   = 137
No. of electrons                                     = 35
    No. of alpha electrons                           = 18
    No. of beta electrons                            = 17
Multiplicity                                         = 2

Geometry
========
Cl       0.0000000       0.0000000       1.3665047
Cl       0.0000000       0.0000000      -1.3665047

No violations of the orthonormality
No violations of the orthonormality
 
PNOF8/ADAM Calculation
==================
 
  Nitext  Nit_orb  Time   Nit_occ  Time         Eelec          Etot           Ediff      maxdiff    MaxGrad_orb  Grad_occ
     1      10    1.0e+01   20    1.2e+01  -938.10953790  -882.15221103 -10937.10953790   2.107233   8.4e+00   2.5e-04 0.01
     2      10    1.4e+00   50    6.8e-01  -961.48185256  -905.52452569   -23.37231466   0.784102   3.1e+00   2.3e-04 0.01
     3      10    1.4e+00   46    5.4e-01  -967.10443955  -911.14711268    -5.62258698   2.941106   1.2e+01   2.0e-04 0.02
     4      10    1.5e+00   36    4.9e-01  -969.44693816  -913.48961129    -2.34249861   0.555344   2.2e+00   2.2e-04 0.03
     5      10    1.4e+00   33    4.1e-01  -970.61368592  -914.65635906    -1.16674777   0.467920   1.9e+00   2.1e-04 0.03
     6      10    1.4e+00   24    3.9e-01  -971.80418736  -915.84686050    -1.19050144   0.489361   2.0e+00   2.6e-04 0.03
     7      10    1.3e+00   22    2.7e-01  -972.72018179  -916.76285492    -0.91599442   0.361397   1.4e+00   2.1e-04 0.03
     8      10    1.3e+00   17    2.8e-01  -973.54792919  -917.59060233    -0.82774741   0.595205   2.4e+00   2.3e-04 0.02
     9      10    1.4e+00   18    2.2e-01  -974.07393554  -918.11660867    -0.52600635   0.444862   1.8e+00   2.4e-04 0.02
    10      10    1.3e+00   17    2.4e-01  -974.53572869  -918.57840182    -0.46179315   0.395473   1.6e+00   2.5e-04 0.02
    11      10    1.2e+00   20    3.3e-01  -974.81666343  -918.85933656    -0.28093474   0.409205   1.6e+00   2.9e-04 0.02
    12      10    1.3e+00   18    2.5e-01  -975.07634187  -919.11901500    -0.25967844   0.386833   1.5e+00   2.2e-04 0.02
    13      10    1.3e+00   16    2.7e-01  -975.22895395  -919.27162708    -0.15261208   0.482436   1.9e+00   2.4e-04 0.02
    14      10    1.3e+00   16    2.1e-01  -975.32199578  -919.36466891    -0.09304184   0.402362   1.6e+00   2.0e-04 0.02
    15      10    1.2e+00   12    1.8e-01  -975.43166254  -919.47433567    -0.10966676   0.477438   1.9e+00   2.9e-04 0.02
    16      10    1.4e+00   10    1.5e-01  -975.53609300  -919.57876613    -0.10443046   0.489921   2.0e+00   2.6e-04 0.02
    17      10    1.4e+00   12    1.8e-01  -975.61412307  -919.65679621    -0.07803008   0.341912   1.4e+00   2.6e-04 0.02
    18      10    1.3e+00   12    2.0e-01  -975.63695186  -919.67962499    -0.02282878   0.294464   1.2e+00   2.6e-04 0.02
    19      10    1.4e+00    0    3.6e-02  -975.63717757  -919.67985070    -0.00022571   0.294464   1.2e+00   2.6e-04 0.02
    20      30    4.0e+00   17    2.9e-01  -975.98869352  -920.03136665    -0.35151595   0.039383   1.6e-01   2.2e-04 0.02
    21      30    4.0e+00    8    1.6e-01  -976.02310042  -920.06577355    -0.03440690   0.021776   8.7e-02   2.2e-04 0.02
    22      30    4.2e+00   10    1.8e-01  -976.03784251  -920.08051565    -0.01474210   0.022367   8.9e-02   2.3e-04 0.02
    23      30    4.0e+00    7    1.6e-01  -976.04736464  -920.09003778    -0.00952213   0.022325   8.9e-02   2.2e-04 0.02
    24      30    4.2e+00    7    1.1e-01  -976.05471684  -920.09738997    -0.00735220   0.020564   8.2e-02   2.5e-04 0.02
    25      30    3.9e+00   10    1.8e-01  -976.06070896  -920.10338209    -0.00599212   0.019549   7.8e-02   1.7e-04 0.02
    26      30    4.1e+00    5    1.5e-01  -976.06527478  -920.10794791    -0.00456582   0.336602   1.3e+00   2.5e-04 0.02
    27      30    3.9e+00    5    1.6e-01  -976.07027058  -920.11294371    -0.00499580   0.019076   7.6e-02   3.0e-04 0.02
    28      30    4.1e+00    5    8.6e-02  -976.07280742  -920.11548055    -0.00253684   0.017802   7.1e-02   3.1e-04 0.02
    29      30    3.9e+00   11    2.1e-01  -976.07456900  -920.11724213    -0.00176158   0.018171   7.3e-02   2.0e-04 0.02
    30      30    4.2e+00    5    1.3e-01  -976.07619774  -920.11887087    -0.00162874   0.015714   6.3e-02   2.7e-04 0.02
    31      30    4.1e+00    9    1.6e-01  -976.07691311  -920.11958625    -0.00071538   0.019237   7.7e-02   2.0e-04 0.02
    32      30    3.9e+00    9    1.6e-01  -976.07750784  -920.12018098    -0.00059473   0.016365   6.5e-02   1.6e-04 0.02
    33      30    4.2e+00    9    1.9e-01  -976.07795283  -920.12062596    -0.00044498   0.013824   5.5e-02   1.5e-04 0.02
    34      30    4.4e+00    5    8.5e-02  -976.07826996  -920.12094309    -0.00031713   0.014347   5.7e-02   2.0e-04 0.02
    35      30    4.0e+00    5    1.4e-01  -976.07839602  -920.12106916    -0.00012607   0.010975   4.4e-02   2.7e-04 0.02
    36      30    4.0e+00    7    1.5e-01  -976.07858678  -920.12125992    -0.00019076   0.012752   5.1e-02   1.3e-04 0.02
    37      30    4.0e+00    0    5.6e-02  -976.07860585  -920.12127899    -0.00001907   0.012752   5.1e-02   1.3e-04 0.02
    38      50    6.5e+00    3    1.2e-01  -976.07966636  -920.12233949    -0.00106051   0.001527   6.1e-03   1.5e-04 0.02
    39      50    6.9e+00    1    7.1e-02  -976.07970733  -920.12238046    -0.00004097   0.002109   8.4e-03   2.5e-04 0.02
    40      50    6.8e+00    2    6.3e-02  -976.07976286  -920.12243599    -0.00005553   0.002022   8.1e-03   2.2e-04 0.02
 
RESULTS OF THE OCCUPATION OPTIMIZATION
========================================
   1    1.9999987  -104.66472095
   2    1.9999987  -104.66468990
   3    1.9998254  -10.34979969
   4    1.9998471  -10.34946778
   5    1.9992859  -7.82375927
   6    1.9993122  -7.82133762
   7    1.9991733  -7.82054105
   8    1.9993951  -7.81985626
   9    1.9992770  -7.81927187
  10    1.9993100  -7.81887566
  11    1.9845156  -0.83923398
  12    1.9820908  -0.83800650
  13    1.9722546  -0.27376920
  14    1.9787309  -0.25986919
  15    1.9706423  -0.25757209
  16    1.9750894  -0.25703167
  17    1.9683471  -0.25657014
  18    1.0000000  -0.12397315
  19    0.0103631  -0.01560991
  20    0.0074943  -0.01616653
  21    0.0090654  -0.01542540
  22    0.0062337  -0.01909357
  23    0.0100054  -0.01722172
  24    0.0068817  -0.02790778
  25    0.0075406  -0.02897829
  26    0.0005652  -0.01247675
  27    0.0005788  -0.01270841
  28    0.0004655  -0.01051982
  29    0.0004434  -0.01021834
  30    0.0004244  -0.00989761
  31    0.0003834  -0.00928788
  32    0.0000781  -0.00088539
  33    0.0000730  -0.00116324
  34    0.0000006  -0.00002277
  35    0.0000004  -0.00001734
  36    0.0102115  -0.01543223
  37    0.0074900  -0.01713316
  38    0.0088996  -0.01528613
  39    0.0054623  -0.01630408
  40    0.0084223  -0.01516315
  41    0.0058372  -0.01774125
  42    0.0020875  -0.01005496
  43    0.0000672  -0.00078054
  44    0.0000776  -0.00094786
  45    0.0000748  -0.00238512
  46    0.0002425  -0.00568001
  47    0.0000774  -0.00115353
  48    0.0002731  -0.00666744
  49    0.0000176  -0.00014633
  50    0.0000615  -0.00064560
  51    0.0000002  -0.00001107
  52    0.0000003  -0.00001427
  53    0.0093178  -0.01418782
  54    0.0064830  -0.01630491
  55    0.0082014  -0.01413057
  56    0.0038284  -0.01523661
  57    0.0070840  -0.01574609
  58    0.0018604  -0.00948321
  59    0.0020747  -0.01006238
  60    0.0000179  -0.00014168
  61    0.0000143  -0.00012145
  62    0.0000161  -0.00013479
  63    0.0000760  -0.00162071
  64    0.0000742  -0.00096944
  65    0.0000160  -0.00014870
  66    0.0000132  -0.00063870
  67    0.0000115  -0.00010909
  68    0.0000001  -0.00000798
  69    0.0000002  -0.00000989
  70    0.0005549  -0.00117475
  71    0.0019838  -0.00840843
  72    0.0017154  -0.00697034
  73    0.0018366  -0.00903307
  74    0.0005840  -0.00125451
  75    0.0018593  -0.00950257
  76    0.0020470  -0.01005211
  77    0.0000164  -0.00013394
  78    0.0000140  -0.00011811
  79    0.0000156  -0.00013536
  80    0.0000338  -0.00057971
  81    0.0000721  -0.00224988
  82    0.0000135  -0.00079111
  83    0.0000123  -0.00021817
  84    0.0000100  -0.00012706
  85    0.0000001  -0.00000667
  86    0.0000001  -0.00000871
  87    0.0004960  -0.00111931
  88    0.0006113  -0.00147147
  89    0.0007767  -0.00213689
  90    0.0017923  -0.00893907
  91    0.0005770  -0.00125538
  92    0.0007222  -0.00372759
  93    0.0009377  -0.00659433
  94    0.0000132  -0.00011414
  95    0.0000137  -0.00011581
  96    0.0000149  -0.00024142
  97    0.0000143  -0.00025480
  98    0.0000142  -0.00012156
  99    0.0000124  -0.00015455
 100    0.0000112  -0.00010226
 101    0.0000086  -0.00007725
 102    0.0000001  -0.00000472
 103    0.0000001  -0.00000727
 104    0.0004657  -0.00107778
 105    0.0006110  -0.00147154
 106    0.0004730  -0.00112694
 107    0.0016004  -0.00823521
 108    0.0005544  -0.00121530
 109    0.0004861  -0.00139032
 110    0.0005130  -0.00137787
 111    0.0000071  -0.00006883
 112    0.0000133  -0.00011367
 113    0.0000108  -0.00008922
 114    0.0000090  -0.00007947
 115    0.0000134  -0.00011926
 116    0.0000089  -0.00008195
 117    0.0000104  -0.00010463
 118    0.0000070  -0.00006705
 119    0.0000001  -0.00000363
 120    0.0000001  -0.00000586
 121    0.0002438  -0.00088755
 122    0.0002372  -0.00095140
 123    0.0002262  -0.00089968
 124    0.0005153  -0.00138186
 125    0.0005182  -0.00118900
 126    0.0002623  -0.00124500
 127    0.0002839  -0.00133674
 128    0.0000030  -0.00059846
 129    0.0000113  -0.00009151
 130    0.0000072  -0.00007026
 131    0.0000077  -0.00007145
 132    0.0000122  -0.00011388
 133    0.0000067  -0.00006867
 134    0.0000102  -0.00008322
 135    0.0000029  -0.00059409
 136    0.0000001  -0.00000226
 137    0.0000001  -0.00000317
 
----------------
 Final Energies 
----------------
Final NOF Total Energy =    -920.1224360
 
Total Orbital Internal Iterations = 880
Total Occupation Internal Iterations = 539
 
Elapsed time:  161.48 Seconds

---------------------------------
   Lowdin Population Analysis    
---------------------------------
 Idx  Atom   Population   Charge 
---------------------------------
  1    Cl    17.508      -0.508
  2    Cl    17.492      -0.492

---------------------------------
   M Diagnostic: 0.02
---------------------------------

