Computing Integrals
Basis Set                                            = def2-qzvp
Auxiliary Basis Set                                  = def2-universal-jkfit
Gaussian Type                                        = Spherical
Elapsed time:    1.77 Seconds

Number of basis functions                   (NBF)    = 117
Number of auxiliary basis functions         (NBFAUX) = 113
Inactive Doubly occupied orbitals up to     (NO1)    = 0
No. considered Strongly Doubly occupied MOs (NDOC)   = 5
No. considered Strongly Singly occupied MOs (NSOC)   = 0
NO. of Weakly occ. per St. Doubly occ.  MOs (NCWO)   = 22
Dimension of the Nat. Orb. subspace         (NBF5)   = 115
No. of electrons                                     = 10
    No. of alpha electrons                           = 5
    No. of beta electrons                            = 5
Multiplicity                                         = 1

Geometry
========
 N       0.0000000       0.0000000       0.4420686
 H       0.7939534       0.0000000      -0.2210343
 H      -0.7939534       0.0000000      -0.2210343

No violations of the orthonormality
No violations of the orthonormality
 
PNOF8/ADAM Calculation
==================
 
  Nitext  Nit_orb  Time   Nit_occ  Time         Eelec          Etot           Ediff      maxdiff    MaxGrad_orb  Grad_occ
     1      10    9.9e+00   43    1.2e+01   -57.01874925   -49.52368692 -10056.01874925   0.811220   3.2e+00   1.5e-04 0.01
     2      10    8.0e-01   62    5.6e-01   -60.27357830   -52.77851597    -3.25482905   0.547050   2.2e+00   1.9e-04 0.02
     3      10    7.4e-01   25    2.0e-01   -61.69279572   -54.19773338    -1.41921742   0.393679   1.6e+00   1.8e-04 0.02
     4      10    1.0e+00   19    2.0e-01   -62.37274777   -54.87768544    -0.67995206   0.265273   1.1e+00   2.0e-04 0.02
     5      10    8.9e-01   17    2.0e-01   -62.73372050   -55.23865817    -0.36097273   0.147723   5.9e-01   2.0e-04 0.02
     6      10    9.6e-01   22    2.2e-01   -62.93480521   -55.43974287    -0.20108470   0.104369   4.2e-01   1.8e-04 0.02
     7      10    8.6e-01   13    2.0e-01   -63.09460465   -55.59954232    -0.15979945   0.091732   3.7e-01   1.8e-04 0.02
     8      10    9.1e-01   13    2.1e-01   -63.17177669   -55.67671435    -0.07717203   0.112695   4.5e-01   2.0e-04 0.02
     9      10    1.1e+00   15    1.8e-01   -63.23204125   -55.73697892    -0.06026457   0.143186   5.7e-01   1.9e-04 0.02
    10      10    1.1e+00    9    1.1e-01   -63.24045436   -55.74539203    -0.00841311   0.076157   3.0e-01   1.7e-04 0.02
    11      10    1.0e+00   11    1.5e-01   -63.26731488   -55.77225255    -0.02686052   0.105354   4.2e-01   1.5e-04 0.03
    12      10    1.1e+00    6    1.5e-01   -63.28123565   -55.78617332    -0.01392077   0.086891   3.5e-01   1.9e-04 0.03
    13      10    8.2e-01    3    1.2e-01   -63.29280217   -55.79773984    -0.01156652   0.151922   6.1e-01   2.6e-04 0.03
    14      10    8.0e-01    0    2.8e-02   -63.29288433   -55.79782200    -0.00008216   0.151922   6.1e-01   2.6e-04 0.03
    15      30    2.6e+00   11    2.0e-01   -63.31136574   -55.81630341    -0.01848141   0.012897   5.2e-02   1.9e-04 0.03
    16      30    2.7e+00    5    1.2e-01   -63.31355110   -55.81848877    -0.00218536   0.006248   2.5e-02   1.4e-04 0.03
    17      30    2.7e+00    3    1.2e-01   -63.31415437   -55.81909203    -0.00060326   0.007641   3.1e-02   2.1e-04 0.03
    18      30    2.8e+00    5    7.7e-02   -63.31441927   -55.81935694    -0.00026490   0.006112   2.4e-02   1.3e-04 0.03
    19      30    3.0e+00    4    9.6e-02   -63.31460699   -55.81954466    -0.00018772   0.006618   2.6e-02   1.8e-04 0.03
    20      30    3.4e+00    3    6.3e-02   -63.31476650   -55.81970416    -0.00015950   0.005492   2.2e-02   2.0e-04 0.03
    21      30    3.2e+00    5    1.5e-01   -63.31485225   -55.81978992    -0.00008575   0.004772   1.9e-02   1.5e-04 0.03
    22      30    2.9e+00    0    4.0e-02   -63.31487638   -55.81981405    -0.00002413   0.004772   1.9e-02   1.5e-04 0.03
    23      40    3.6e+00    5    1.3e-01   -63.31500322   -55.81994088    -0.00012683   0.000499   2.0e-03   1.4e-04 0.03
 
RESULTS OF THE OCCUPATION OPTIMIZATION
========================================
   1    1.9999773  -15.21616549
   2    1.9856126  -0.69826920
   3    1.9714777  -0.26998961
   4    1.9720289  -0.26769678
   5    1.9693357  -0.07341837
   6    0.0147286  -0.01521214
   7    0.0203439  -0.02235107
   8    0.0212220  -0.02262249
   9    0.0090291  -0.01626910
  10    0.0000138  -0.00048836
  11    0.0057806  -0.00711272
  12    0.0044628  -0.00634844
  13    0.0046631  -0.00635360
  14    0.0013148  -0.00409842
  15    0.0000021  -0.00002320
  16    0.0049041  -0.00617272
  17    0.0009767  -0.00202041
  18    0.0005913  -0.00118583
  19    0.0012293  -0.00376586
  20    0.0000014  -0.00002357
  21    0.0045467  -0.00587984
  22    0.0009459  -0.00221932
  23    0.0005065  -0.00102249
  24    0.0007696  -0.00322948
  25    0.0000010  -0.00001094
  26    0.0002400  -0.00052521
  27    0.0004270  -0.00090237
  28    0.0004079  -0.00088864
  29    0.0006947  -0.00180739
  30    0.0000007  -0.00000666
  31    0.0001035  -0.00027186
  32    0.0003622  -0.00080731
  33    0.0002717  -0.00062140
  34    0.0004474  -0.00106207
  35    0.0000006  -0.00002641
  36    0.0000911  -0.00022463
  37    0.0001807  -0.00044825
  38    0.0002617  -0.00059058
  39    0.0003475  -0.00086089
  40    0.0000006  -0.00001164
  41    0.0000836  -0.00023481
  42    0.0000635  -0.00016845
  43    0.0002308  -0.00054271
  44    0.0001589  -0.00139390
  45    0.0000005  -0.00000301
  46    0.0000625  -0.00018059
  47    0.0000551  -0.00016019
  48    0.0001098  -0.00025654
  49    0.0001185  -0.00034374
  50    0.0000004  -0.00000727
  51    0.0000379  -0.00011417
  52    0.0000466  -0.00014133
  53    0.0000870  -0.00028393
  54    0.0000707  -0.00023801
  55    0.0000004  -0.00000145
  56    0.0000177  -0.00006057
  57    0.0000299  -0.00009174
  58    0.0000485  -0.00014482
  59    0.0000525  -0.00018575
  60    0.0000003  -0.00000124
  61    0.0000168  -0.00006847
  62    0.0000198  -0.00007258
  63    0.0000443  -0.00012795
  64    0.0000514  -0.00016505
  65    0.0000002  -0.00000110
  66    0.0000162  -0.00005400
  67    0.0000149  -0.00006961
  68    0.0000247  -0.00008744
  69    0.0000325  -0.00011795
  70    0.0000002  -0.00000080
  71    0.0000122  -0.00005211
  72    0.0000145  -0.00006979
  73    0.0000157  -0.00008156
  74    0.0000226  -0.00008441
  75    0.0000002  -0.00000105
  76    0.0000067  -0.00003506
  77    0.0000106  -0.00005212
  78    0.0000136  -0.00005487
  79    0.0000116  -0.00006446
  80    0.0000001  -0.00000080
  81    0.0000060  -0.00003252
  82    0.0000047  -0.00003356
  83    0.0000116  -0.00005272
  84    0.0000097  -0.00005485
  85    0.0000001  -0.00000075
  86    0.0000047  -0.00002082
  87    0.0000039  -0.00002308
  88    0.0000045  -0.00002501
  89    0.0000066  -0.00004431
  90    0.0000001  -0.00000064
  91    0.0000015  -0.00000462
  92    0.0000027  -0.00001600
  93    0.0000022  -0.00000857
  94    0.0000055  -0.00003769
  95    0.0000001  -0.00000053
  96    0.0000013  -0.00000389
  97    0.0000020  -0.00000885
  98    0.0000015  -0.00000728
  99    0.0000042  -0.00003000
 100    0.0000001  -0.00000057
 101    0.0000010  -0.00000127
 102    0.0000013  -0.00000656
 103    0.0000014  -0.00000559
 104    0.0000040  -0.00002935
 105    0.0000001  -0.00000036
 106    0.0000008  -0.00000090
 107    0.0000012  -0.00000404
 108    0.0000012  -0.00000337
 109    0.0000032  -0.00002116
 110    0.0000001  -0.00000049
 111    0.0000008  -0.00000084
 112    0.0000012  -0.00000416
 113    0.0000010  -0.00000176
 114    0.0000030  -0.00001604
 115    0.0000000  -0.00000023
 
----------------
 Final Energies 
----------------
Final NOF Total Energy =     -55.8199409
 
Total Orbital Internal Iterations = 420
Total Occupation Internal Iterations = 299
 
Elapsed time:   72.71 Seconds

---------------------------------
   Lowdin Population Analysis    
---------------------------------
 Idx  Atom   Population   Charge 
---------------------------------
  1     N     7.250      -0.250
  2     H     1.374      -0.374
  3     H     1.376      -0.376

---------------------------------
   M Diagnostic: 0.03
---------------------------------

