Computing Integrals
Basis Set                                            = def2-qzvp
Auxiliary Basis Set                                  = def2-universal-jkfit
Gaussian Type                                        = Spherical
Elapsed time:    1.74 Seconds

Number of basis functions                   (NBF)    = 117
Number of auxiliary basis functions         (NBFAUX) = 113
Inactive Doubly occupied orbitals up to     (NO1)    = 0
No. considered Strongly Doubly occupied MOs (NDOC)   = 5
No. considered Strongly Singly occupied MOs (NSOC)   = 0
NO. of Weakly occ. per St. Doubly occ.  MOs (NCWO)   = 22
Dimension of the Nat. Orb. subspace         (NBF5)   = 115
No. of electrons                                     = 10
    No. of alpha electrons                           = 5
    No. of beta electrons                            = 5
Multiplicity                                         = 1

Geometry
========
 O       0.0000000       0.0000000      -0.3906056
 H      -0.7620804       0.0000000       0.1953028
 H       0.7620804       0.0000000       0.1953028

No violations of the orthonormality
No violations of the orthonormality
 
PNOF8/ADABelief Calculation
==================
 
  Nitext  Nit_orb  Time   Nit_occ  Time         Eelec          Etot           Ediff      maxdiff    MaxGrad_orb  Grad_occ
     1      10    9.9e+00    4    1.2e+01   -85.52233631   -76.36726691 -10084.52233631   0.000719   2.9e-03   2.3e-04 0.02
 
RESULTS OF THE OCCUPATION OPTIMIZATION
========================================
   1    1.9999796  -20.59508385
   2    1.9875236  -1.32271492
   3    1.9724424  -0.72082550
   4    1.9724815  -0.71970440
   5    1.9788278  -0.54917847
   6    0.0119836  -0.01886112
   7    0.0193383  -0.02959119
   8    0.0193077  -0.02956498
   9    0.0078585  -0.01922840
  10    0.0000175  -0.00066622
  11    0.0052602  -0.00983092
  12    0.0037846  -0.00784837
  13    0.0037716  -0.00781934
  14    0.0011585  -0.00506203
  15    0.0000011  -0.00000531
  16    0.0011912  -0.00350843
  17    0.0037182  -0.00780290
  18    0.0037194  -0.00780523
  19    0.0008217  -0.00285897
  20    0.0000011  -0.00000513
  21    0.0007183  -0.00273862
  22    0.0003216  -0.00093947
  23    0.0003734  -0.00103597
  24    0.0005715  -0.00261510
  25    0.0000005  -0.00004447
  26    0.0005814  -0.00158919
  27    0.0000814  -0.00029746
  28    0.0000922  -0.00037894
  29    0.0004973  -0.00188615
  30    0.0000000  -0.00000147
  31    0.0004375  -0.00123336
  32    0.0000658  -0.00026778
  33    0.0000706  -0.00026381
  34    0.0004545  -0.00164511
  35    0.0000000  -0.00000061
  36    0.0003205  -0.00093588
  37    0.0000475  -0.00021642
  38    0.0000545  -0.00022160
  39    0.0002833  -0.00093403
  40    0.0000000  -0.00000057
  41    0.0002790  -0.00081272
  42    0.0000360  -0.00014775
  43    0.0000338  -0.00013254
  44    0.0002551  -0.00088959
  45    0.0000000  -0.00000048
  46    0.0001526  -0.00104391
  47    0.0000327  -0.00014012
  48    0.0000331  -0.00014881
  49    0.0002549  -0.00087448
  50    0.0000000  -0.00000052
  51    0.0000940  -0.00037251
  52    0.0000301  -0.00013899
  53    0.0000281  -0.00012279
  54    0.0001564  -0.00076502
  55    0.0000000  -0.00000049
  56    0.0000322  -0.00013770
  57    0.0000143  -0.00007135
  58    0.0000211  -0.00010665
  59    0.0000399  -0.00019196
  60    0.0000000  -0.00000045
  61    0.0000230  -0.00012411
  62    0.0000126  -0.00004980
  63    0.0000112  -0.00004411
  64    0.0000222  -0.00013403
  65    0.0000000  -0.00000035
  66    0.0000194  -0.00009778
  67    0.0000079  -0.00003212
  68    0.0000096  -0.00004173
  69    0.0000189  -0.00010442
  70    0.0000000  -0.00000038
  71    0.0000170  -0.00009457
  72    0.0000075  -0.00003640
  73    0.0000073  -0.00003667
  74    0.0000174  -0.00009791
  75    0.0000000  -0.00000030
  76    0.0000145  -0.00008603
  77    0.0000051  -0.00001402
  78    0.0000062  -0.00002710
  79    0.0000163  -0.00009120
  80    0.0000000  -0.00000030
  81    0.0000122  -0.00005691
  82    0.0000037  -0.00000728
  83    0.0000043  -0.00001168
  84    0.0000130  -0.00007336
  85    0.0000000  -0.00000029
  86    0.0000107  -0.00005055
  87    0.0000027  -0.00000731
  88    0.0000040  -0.00000951
  89    0.0000107  -0.00006091
  90    0.0000000  -0.00000033
  91    0.0000079  -0.00004104
  92    0.0000022  -0.00000385
  93    0.0000024  -0.00000363
  94    0.0000099  -0.00005896
  95    0.0000000  -0.00000026
  96    0.0000059  -0.00003077
  97    0.0000020  -0.00000379
  98    0.0000023  -0.00000533
  99    0.0000070  -0.00004386
 100    0.0000000  -0.00000026
 101    0.0000047  -0.00002591
 102    0.0000017  -0.00000224
 103    0.0000019  -0.00000394
 104    0.0000035  -0.00001891
 105    0.0000000  -0.00000025
 106    0.0000037  -0.00001765
 107    0.0000014  -0.00000230
 108    0.0000016  -0.00000343
 109    0.0000030  -0.00001881
 110    0.0000000  -0.00000023
 111    0.0000026  -0.00001074
 112    0.0000012  -0.00000134
 113    0.0000015  -0.00000219
 114    0.0000028  -0.00001845
 115    0.0000000  -0.00000020
 
----------------
 Final Energies 
----------------
Final NOF Total Energy =     -76.3672669
 
Total Orbital Internal Iterations = 10
Total Occupation Internal Iterations = 4
 
Elapsed time:   28.20 Seconds

---------------------------------
   Lowdin Population Analysis    
---------------------------------
 Idx  Atom   Population   Charge 
---------------------------------
  1     O     7.352       0.648
  2     H     1.324      -0.324
  3     H     1.324      -0.324

---------------------------------
   M Diagnostic: 0.02
---------------------------------

