Computing Integrals
Basis Set                                            = def2-qzvp
Auxiliary Basis Set                                  = def2-universal-jkfit
Gaussian Type                                        = Spherical
Elapsed time:    1.58 Seconds

Number of basis functions                   (NBF)    = 100
Number of auxiliary basis functions         (NBFAUX) = 146
Inactive Doubly occupied orbitals up to     (NO1)    = 0
No. considered Strongly Doubly occupied MOs (NDOC)   = 9
No. considered Strongly Singly occupied MOs (NSOC)   = 0
NO. of Weakly occ. per St. Doubly occ.  MOs (NCWO)   = 10
Dimension of the Nat. Orb. subspace         (NBF5)   = 99
No. of electrons                                     = 18
    No. of alpha electrons                           = 9
    No. of beta electrons                            = 9
Multiplicity                                         = 1

Geometry
========
Cl       0.0000000       0.0000000      -0.6414757
 H       0.0000000       0.0000000       0.6414757

No violations of the orthonormality
No violations of the orthonormality
 
PNOF8/ADAM Calculation
==================
 
  Nitext  Nit_orb  Time   Nit_occ  Time         Eelec          Etot           Ediff      maxdiff    MaxGrad_orb  Grad_occ
     1      10    9.6e+00   40    1.2e+01  -442.15898711  -435.14703516 -10441.15898711   1.981872   7.9e+00   1.7e-04 0.02
     2      10    7.1e-01   68    4.4e-01  -456.98394325  -449.97199129   -14.82495613   3.478200   1.4e+01   2.1e-04 0.02
     3      10    8.9e-01   58    2.9e-01  -461.74116824  -454.72921628    -4.75722499   1.595939   6.4e+00   2.3e-04 0.03
     4      10    7.9e-01   36    2.8e-01  -462.95745676  -455.94550481    -1.21628852   0.362750   1.5e+00   2.3e-04 0.04
     5      10    4.8e-01   20    1.7e-01  -463.89724271  -456.88529075    -0.93978594   0.382814   1.5e+00   2.7e-04 0.04
     6      10    8.6e-01   22    1.8e-01  -464.95409294  -457.94214098    -1.05685023   0.353777   1.4e+00   2.4e-04 0.04
     7      10    6.8e-01   26    1.7e-01  -465.80724931  -458.79529735    -0.85315637   0.246876   9.9e-01   2.1e-04 0.03
     8      10    7.6e-01   12    1.1e-01  -466.28179926  -459.26984731    -0.47454996   0.369584   1.5e+00   3.0e-04 0.03
     9      10    7.6e-01   34    2.3e-01  -466.68446476  -459.67251280    -0.40266549   0.352563   1.4e+00   2.5e-04 0.02
    10      10    7.7e-01   13    1.2e-01  -467.03247491  -460.02052296    -0.34801015   0.314322   1.3e+00   2.1e-04 0.02
    11      10    7.7e-01   30    2.3e-01  -467.25881656  -460.24686461    -0.22634165   0.340510   1.4e+00   2.1e-04 0.02
    12      10    9.4e-01    8    8.9e-02  -467.38710302  -460.37515107    -0.12828646   0.452565   1.8e+00   2.3e-04 0.02
    13      10    9.7e-01    0    5.8e-02  -467.38746484  -460.37551289    -0.00036182   0.452565   1.8e+00   2.3e-04 0.02
    14      30    2.7e+00   10    1.0e-01  -467.61080079  -460.59884884    -0.22333595   0.052565   2.1e-01   2.7e-04 0.02
    15      30    2.4e+00   18    1.3e-01  -467.65005845  -460.63810649    -0.03925766   0.031503   1.3e-01   1.9e-04 0.02
    16      30    2.9e+00   13    1.0e-01  -467.66167500  -460.64972305    -0.01161655   0.029164   1.2e-01   2.3e-04 0.02
    17      30    2.5e+00   15    1.8e-01  -467.66563540  -460.65368345    -0.00396040   0.017567   7.0e-02   2.5e-04 0.02
    18      30    2.5e+00   22    1.9e-01  -467.66735857  -460.65540662    -0.00172317   0.013603   5.4e-02   2.7e-04 0.02
    19      30    2.7e+00    7    9.0e-02  -467.66867111  -460.65671916    -0.00131255   0.014262   5.7e-02   2.0e-04 0.02
    20      30    2.6e+00   10    1.5e-01  -467.66960627  -460.65765432    -0.00093516   0.018624   7.4e-02   2.1e-04 0.02
    21      30    3.2e+00   10    1.6e-01  -467.67021595  -460.65826399    -0.00060967   0.013897   5.6e-02   2.4e-04 0.02
    22      30    2.4e+00    3    1.1e-01  -467.67063553  -460.65868358    -0.00041958   0.016361   6.5e-02   2.8e-04 0.02
    23      30    2.5e+00    8    9.1e-02  -467.67081858  -460.65886662    -0.00018304   0.016133   6.5e-02   3.0e-04 0.02
    24      30    2.5e+00    3    7.5e-02  -467.67109440  -460.65914245    -0.00027582   0.016983   6.8e-02   2.4e-04 0.02
    25      30    2.4e+00   20    2.0e-01  -467.67122327  -460.65927132    -0.00012887   0.015890   6.4e-02   1.8e-04 0.02
    26      30    3.0e+00    3    7.9e-02  -467.67145650  -460.65950454    -0.00023322   0.016258   6.5e-02   1.9e-04 0.02
    27      30    2.8e+00    2    4.4e-02  -467.67156763  -460.65961567    -0.00011113   0.015940   6.4e-02   2.1e-04 0.02
    28      30    2.4e+00    4    1.4e-01  -467.67157958  -460.65962763    -0.00001195   0.014834   5.9e-02   2.1e-04 0.02
    29      30    2.5e+00    0    8.0e-02  -467.67158840  -460.65963645    -0.00000882   0.014834   5.9e-02   2.1e-04 0.02
    30      50    4.5e+00    0    5.8e-02  -467.67213465  -460.66018270    -0.00054625   0.001061   4.2e-03   1.9e-04 0.02
    31      60    4.7e+00    0    5.8e-02  -467.67213576  -460.66018381    -0.00000111   0.002195   8.8e-03   2.3e-04 0.02
    32      70    6.0e+00    6    1.3e-01  -467.67217110  -460.66021915    -0.00003534   0.001808   7.2e-03   2.4e-04 0.02
    33      70    6.1e+00    2    4.6e-02  -467.67219480  -460.66024284    -0.00002369   0.001510   6.0e-03   1.1e-04 0.02
    34      70    5.4e+00    0    3.9e-02  -467.67221871  -460.66026676    -0.00002392   0.001275   5.1e-03   2.1e-04 0.02
    35      80    7.1e+00    2    4.7e-02  -467.67222856  -460.66027661    -0.00000985   0.001281   5.1e-03   1.5e-04 0.02
    36      80    7.3e+00    2    6.7e-02  -467.67225585  -460.66030389    -0.00002728   0.001162   4.6e-03   1.6e-04 0.02
    37      80    6.8e+00    2    1.0e-01  -467.67227438  -460.66032243    -0.00001854   0.001401   5.6e-03   2.1e-04 0.02
    38      80    7.4e+00    3    1.0e-01  -467.67229984  -460.66034789    -0.00002546   0.001170   4.7e-03   2.3e-04 0.02
    39      80    7.1e+00    3    7.4e-02  -467.67232522  -460.66037326    -0.00002537   0.001120   4.5e-03   2.2e-04 0.02
    40      80    6.5e+00    3    7.6e-02  -467.67235014  -460.66039819    -0.00002493   0.001582   6.3e-03   2.4e-04 0.02
 
RESULTS OF THE OCCUPATION OPTIMIZATION
========================================
   1    1.9999996  -104.91039723
   2    1.9998955  -10.59651730
   3    1.9991366  -8.06971699
   4    1.9994582  -8.06860936
   5    1.9994792  -8.06631280
   6    1.9841967  -1.12480578
   7    1.9758467  -0.66128733
   8    1.9750918  -0.50038333
   9    1.9716435  -0.49899794
  10    0.0085112  -0.01641257
  11    0.0072371  -0.01664480
  12    0.0178994  -0.03349281
  13    0.0065173  -0.02812335
  14    0.0004603  -0.01047071
  15    0.0004199  -0.00998969
  16    0.0005007  -0.01198447
  17    0.0000686  -0.00135028
  18    0.0000003  -0.00000211
  19    0.0083994  -0.01619815
  20    0.0062945  -0.01524018
  21    0.0020899  -0.00836738
  22    0.0059010  -0.01997007
  23    0.0000159  -0.00022248
  24    0.0000651  -0.00241963
  25    0.0003142  -0.00794801
  26    0.0000190  -0.00031767
  27    0.0000000  -0.00000043
  28    0.0082250  -0.01602463
  29    0.0061001  -0.01779932
  30    0.0020224  -0.00853351
  31    0.0023322  -0.01135507
  32    0.0000131  -0.00067624
  33    0.0000141  -0.00012428
  34    0.0000116  -0.00009184
  35    0.0000068  -0.00007618
  36    0.0000000  -0.00000024
  37    0.0014928  -0.00628620
  38    0.0018754  -0.00856736
  39    0.0007761  -0.00200460
  40    0.0003090  -0.00142836
  41    0.0000088  -0.00007689
  42    0.0000134  -0.00012149
  43    0.0000088  -0.00007803
  44    0.0000049  -0.00017714
  45    0.0000000  -0.00000028
  46    0.0006836  -0.00176159
  47    0.0017972  -0.00841023
  48    0.0005914  -0.00153704
  49    0.0002736  -0.00127283
  50    0.0000072  -0.00006972
  51    0.0000125  -0.00011696
  52    0.0000076  -0.00006889
  53    0.0000017  -0.00012857
  54    0.0000000  -0.00000022
  55    0.0006686  -0.00177749
  56    0.0005508  -0.00154262
  57    0.0002805  -0.00095968
  58    0.0001502  -0.00069345
  59    0.0000057  -0.00005652
  60    0.0000081  -0.00007344
  61    0.0000073  -0.00006764
  62    0.0000011  -0.00000909
  63    0.0000000  -0.00000011
  64    0.0002373  -0.00098722
  65    0.0005365  -0.00146299
  66    0.0002678  -0.00103753
  67    0.0001316  -0.00095013
  68    0.0000055  -0.00005202
  69    0.0000034  -0.00008634
  70    0.0000070  -0.00006308
  71    0.0000009  -0.00000844
  72    0.0000000  -0.00000011
  73    0.0001289  -0.00043914
  74    0.0004891  -0.00132456
  75    0.0001484  -0.00043898
  76    0.0000721  -0.00029676
  77    0.0000032  -0.00025385
  78    0.0000033  -0.00013410
  79    0.0000035  -0.00003556
  80    0.0000008  -0.00000475
  81    0.0000000  -0.00000010
  82    0.0000081  -0.00005984
  83    0.0000251  -0.00013524
  84    0.0000701  -0.00021388
  85    0.0000657  -0.00022601
  86    0.0000007  -0.00000382
  87    0.0000013  -0.00000977
  88    0.0000024  -0.00002786
  89    0.0000003  -0.00000141
  90    0.0000000  -0.00000009
  91    0.0000016  -0.00000857
  92    0.0000023  -0.00001175
  93    0.0000073  -0.00005020
  94    0.0000507  -0.00019159
  95    0.0000003  -0.00000243
  96    0.0000008  -0.00000429
  97    0.0000004  -0.00000267
  98    0.0000003  -0.00000140
  99    0.0000000  -0.00000008
 
----------------
 Final Energies 
----------------
Final NOF Total Energy =    -460.6603982
 
Total Orbital Internal Iterations = 1410
Total Occupation Internal Iterations = 538
 
Elapsed time:  156.13 Seconds

---------------------------------
   Lowdin Population Analysis    
---------------------------------
 Idx  Atom   Population   Charge 
---------------------------------
  1    Cl    16.634       0.366
  2     H     1.366      -0.366

---------------------------------
   M Diagnostic: 0.02
---------------------------------

