Job runing on na07
Choosing scratch ...
Automatic scratch folder selection
/scratch/pobleyef/351496
/scratch/pobleyef/351496 directory
cp HEAVY28-teh2_hcl.gcf HEAVY28-teh2_hcl.inp to  /scratch/pobleyef/351496/.
HEAVY28-teh2_hcl
 This is the OpenMP version of the code
 This is the OpenMP version of the code
 This is the OpenMP version of the code
 This is the OpenMP version of the code
 This is the OpenMP version of the code
 This is the OpenMP version of the code
 This is the OpenMP version of the code
 This is the OpenMP version of the code
 This is the OpenMP version of the code
 This is the OpenMP version of the code
 This is the OpenMP version of the code
 This is the OpenMP version of the code
 This is the OpenMP version of the code
 This is the OpenMP version of the code
 This is the OpenMP version of the code
 This is the OpenMP version of the code
 This is the OpenMP version of the code
 This is the OpenMP version of the code
 This is the OpenMP version of the code
 This is the OpenMP version of the code
 This is the OpenMP version of the code
 This is the OpenMP version of the code
 This is the OpenMP version of the code
 This is the OpenMP version of the code
 This is the OpenMP version of the code
 This is the OpenMP version of the code
 This is the OpenMP version of the code
 This is the OpenMP version of the code
 This is the OpenMP version of the code
 This is the OpenMP version of the code
 This is the OpenMP version of the code
 This is the OpenMP version of the code
 This is the OpenMP version of the code
 This is the OpenMP version of the code
 This is the OpenMP version of the code
 This is the OpenMP version of the code
 This is the OpenMP version of the code
 This is the OpenMP version of the code
 This is the OpenMP version of the code
 This is the OpenMP version of the code
 This is the OpenMP version of the code
 This is the OpenMP version of the code
 This is the OpenMP version of the code
 This is the OpenMP version of the code
 This is the OpenMP version of the code
 This is the OpenMP version of the code
 This is the OpenMP version of the code
 This is the OpenMP version of the code
 This is the OpenMP version of the code
 This is the OpenMP version of the code
 This is the OpenMP version of the code
 This is the OpenMP version of the code
 This is the OpenMP version of the code
 This is the OpenMP version of the code
 This is the OpenMP version of the code
 This is the OpenMP version of the code
 This is the OpenMP version of the code
 This is the OpenMP version of the code
 This is the OpenMP version of the code
 This is the OpenMP version of the code
 This is the OpenMP version of the code
 This is the OpenMP version of the code
 This is the OpenMP version of the code
 This is the OpenMP version of the code
 This is the OpenMP version of the code
 This is the OpenMP version of the code
 This is the OpenMP version of the code
 This is the OpenMP version of the code
 This is the OpenMP version of the code
 This is the OpenMP version of the code
 This is the OpenMP version of the code
 This is the OpenMP version of the code
 This is the OpenMP version of the code
 This is the OpenMP version of the code
 This is the OpenMP version of the code
 This is the OpenMP version of the code
 This is the OpenMP version of the code
 This is the OpenMP version of the code
 This is the OpenMP version of the code
 This is the OpenMP version of the code
 This is the OpenMP version of the code
 This is the OpenMP version of the code
 This is the OpenMP version of the code
 This is the OpenMP version of the code
 This is the OpenMP version of the code
 This is the OpenMP version of the code
 This is the OpenMP version of the code
 This is the OpenMP version of the code
 This is the OpenMP version of the code
 This is the OpenMP version of the code
 This is the OpenMP version of the code
 This is the OpenMP version of the code
 This is the OpenMP version of the code
 This is the OpenMP version of the code
 This is the OpenMP version of the code
 This is the OpenMP version of the code
 This is the OpenMP version of the code
 This is the OpenMP version of the code
 This is the OpenMP version of the code
 This is the OpenMP version of the code
 This is the OpenMP version of the code
 This is the OpenMP version of the code
 This is the OpenMP version of the code
 This is the OpenMP version of the code
 This is the OpenMP version of the code
 This is the OpenMP version of the code
 This is the OpenMP version of the code
 This is the OpenMP version of the code
 This is the OpenMP version of the code
 This is the OpenMP version of the code
 This is the OpenMP version of the code
 This is the OpenMP version of the code
 This is the OpenMP version of the code
 This is the OpenMP version of the code
 This is the OpenMP version of the code
 This is the OpenMP version of the code
 This is the OpenMP version of the code
 This is the OpenMP version of the code
 This is the OpenMP version of the code
 This is the OpenMP version of the code
 This is the OpenMP version of the code
 This is the OpenMP version of the code
 This is the OpenMP version of the code
 This is the OpenMP version of the code
 This is the OpenMP version of the code
 This is the OpenMP version of the code
 This is the OpenMP version of the code
 This is the OpenMP version of the code
 This is the OpenMP version of the code
 This is the OpenMP version of the code
 This is the OpenMP version of the code
 This is the OpenMP version of the code
 This is the OpenMP version of the code
 This is the OpenMP version of the code
 This is the OpenMP version of the code
 This is the OpenMP version of the code
 This is the OpenMP version of the code
 This is the OpenMP version of the code
 This is the OpenMP version of the code
 This is the OpenMP version of the code

 The execution started at 22h 20min on the 11/11/2025

    ===========================================================
    !                                                         !
    !                        Do N O F                         !
    !                                                         !
    !  (Donostia Natural Orbital Functional Software Program) !
    !                                                         !
    !               COPYRIGHT by Mario Piris                  !
    !                                                         !
    !      Donostia International Physics Center (DIPC)       !
    !       University of the Basque Country (UPV/EHU)        !
    !       Basque Foundation for Science (IKERBASQUE)        !
    !                                                         !
    !          GNU General Public License version 3           !
    !                                                         !
    !                  VERSION: October 2025                  !
    !                                                         !
    ===========================================================

 Run Title
 ---------
  Molname                                                                        

 Basis Set
 ---------
 /home/pobleyef/DoNOFsw/basis/def2-QZVP.bas                                      

 Atom      Charge                Coordinates (Bohr)
                           x             y             z
 TE         52.0        0.2926       -2.3530        0.0000
 H           1.0       -2.6465       -1.4211        0.0000
 H           1.0       -0.6193       -5.3050        0.0000
 H           1.0        2.6805        4.3997        0.0000
 CL         17.0        0.2926        4.6794        0.0000

 Atomic Basis Set
 ----------------
 The contracted primitive functions were unnormalized
 The contracted basis functions are now normalized to unity

  Shell Type  Primitive         Exponent  Contraction Coefficient

 TE        

      1   S       1         15746.3000000    0.000143505502
      1   S       2          2369.2500000    0.001057688697
      1   S       3           535.8600000    0.004416780439
      1   S       4           141.8850000    0.009662703776
      1   S       5            27.8197000   -0.155270295244
      1   S       6            17.3879000    0.974030304699
      1   S       7            10.8656000   -1.056596460807
      1   S       8             6.5688500   -1.379712385251
      1   S       9             2.4013900    1.827441577778

      2   S      10            29.3832530    0.065123322284
      2   S      11            15.9464080   -0.295127541592
      2   S      12             3.6679903    1.157583693522

      3   S      13             1.2865442    1.000000000000

      4   S      14             0.6353359    1.000000000000

      5   S      15             0.2980779    1.000000000000

      6   S      16             0.1406125    1.000000000000

      7   S      17             0.0656607    1.000000000000

      8   P      18           750.2220000    0.000059811429
      8   P      19           163.9610000    0.000471590110
      8   P      20            16.9227000    0.095913376815
      8   P      21            10.5755000   -0.308502747699
      8   P      22             5.7046200   -0.026376840001
      8   P      23             2.9802200    0.569989111661
      8   P      24             1.5197000    0.591813381771

      9   P      25            13.9254573   -0.023770496808
      9   P      26             4.2323767    0.249927523263
      9   P      27             1.4547631    0.815474645660

     10   P      28             0.7552878    1.000000000000

     11   P      29             0.3182945    1.000000000000

     12   P      30             0.1372183    1.000000000000

     13   P      31             0.0570992    1.000000000000

     14   D      32           146.3072712    0.000461306274
     14   D      33            42.2438594    0.003533209679
     14   D      34             9.9155378   -0.117465721016
     14   D      35             8.9949644    0.139705429021
     14   D      36             4.1376628    0.227137070875
     14   D      37             2.3659339    0.343049326787
     14   D      38             1.3736142    0.323069207587
     14   D      39             0.7984638    0.204724481522

     15   D      40             0.4568518    1.000000000000

     16   D      41             0.2502275    1.000000000000

     17   D      42             0.1156000    1.000000000000

     18   F      43             5.8043400    1.000000000000

     19   F      44             1.9347800    1.000000000000

     20   F      45             0.5184000    1.000000000000

     21   F      46             0.2135000    1.000000000000

     22   G      47             0.4294000    1.000000000000

 H         

     23   S      48           190.6916900    0.005342636962
     23   S      49            28.6055320    0.041252338243
     23   S      50             6.5095943    0.210993525698
     23   S      51             1.8412455    0.812128545862

     24   S      52             0.5985373    1.000000000000

     25   S      53             0.2139762    1.000000000000

     26   S      54             0.0803163    1.000000000000

     27   P      55             2.2920000    1.000000000000

     28   P      56             0.8380000    1.000000000000

     29   P      57             0.2920000    1.000000000000

     30   D      58             2.0620000    1.000000000000

     31   D      59             0.6620000    1.000000000000

     32   F      60             1.3970000    1.000000000000

 H         

     33   S      61           190.6916900    0.005342636962
     33   S      62            28.6055320    0.041252338243
     33   S      63             6.5095943    0.210993525698
     33   S      64             1.8412455    0.812128545862

     34   S      65             0.5985373    1.000000000000

     35   S      66             0.2139762    1.000000000000

     36   S      67             0.0803163    1.000000000000

     37   P      68             2.2920000    1.000000000000

     38   P      69             0.8380000    1.000000000000

     39   P      70             0.2920000    1.000000000000

     40   D      71             2.0620000    1.000000000000

     41   D      72             0.6620000    1.000000000000

     42   F      73             1.3970000    1.000000000000

 H         

     43   S      74           190.6916900    0.005342636962
     43   S      75            28.6055320    0.041252338243
     43   S      76             6.5095943    0.210993525698
     43   S      77             1.8412455    0.812128545862

     44   S      78             0.5985373    1.000000000000

     45   S      79             0.2139762    1.000000000000

     46   S      80             0.0803163    1.000000000000

     47   P      81             2.2920000    1.000000000000

     48   P      82             0.8380000    1.000000000000

     49   P      83             0.2920000    1.000000000000

     50   D      84             2.0620000    1.000000000000

     51   D      85             0.6620000    1.000000000000

     52   F      86             1.3970000    1.000000000000

 CL        

     53   S      87       1467459.0095000    0.000014169136
     53   S      88        219756.1643300    0.000110153736
     53   S      89         50010.7703010    0.000579085777
     53   S      90         14164.8239180    0.002439540929
     53   S      91          4620.7465525    0.008816310501
     53   S      92          1667.8991635    0.028087317597
     53   S      93           650.2919926    0.078954046111
     53   S      94           269.3803738    0.189251605011
     53   S      95           117.0675211    0.357824412790
     53   S      96            52.8117668    0.448692471574

     54   S      97           461.4276999    0.022704789950
     54   S      98           142.1266535    0.207769475034
     54   S      99            54.4378388    0.805043697576

     55   S     100            24.1607702    1.000000000000

     56   S     101             9.7083540    1.000000000000

     57   S     102             4.5640697    1.000000000000

     58   S     103             2.1194745    1.000000000000

     59   S     104             0.7572237    1.000000000000

     60   S     105             0.3374722    1.000000000000

     61   S     106             0.1386078    1.000000000000

     62   P     107          2501.9457890    0.000252084118
     62   P     108           592.8805928    0.002191975914
     62   P     109           192.1808919    0.011888157055
     62   P     110            72.8757105    0.046747712596
     62   P     111            30.4363584    0.137232458887
     62   P     112            13.4901789    0.285889489259
     62   P     113             6.1478071    0.398749388220
     62   P     114             2.8450945    0.300221633944

     63   P     115           105.3939794   -0.053935023265
     63   P     116             6.7369739    1.006978873524

     64   P     117             1.2421096    1.000000000000

     65   P     118             0.5566971    1.000000000000

     66   P     119             0.2338780    1.000000000000

     67   P     120             0.0931645    1.000000000000

     68   D     121             5.1910000    1.000000000000

     69   D     122             1.2760000    1.000000000000

     70   D     123             0.5830000    1.000000000000

     71   D     124             0.2430000    1.000000000000

     72   F     125             1.0890000    1.000000000000

     73   F     126             0.4230000    1.000000000000

     74   G     127             0.8270000    1.000000000000

 Total Number of Basis Set Shells             =   74
 Total Number of Primitives                   =  127
 Number of Spherical Gaussian Basis Functions =  242
 Total Number of Auxiliary Basis Set Shells   =  102
 Number of Sph. Gaussian Auxiliary Set Func.  =  400
 Number of Electrons                          =   72
 Charge of Molecule                           =    0
 Spin Multiplicity                            =    1
 Number of Occupied Orbitals (Alpha)          =   36
 Number of Occupied Orbitals (Beta )          =   36
 Total Number of Atoms                        =    5

 Nuclear Energy =      178.3881098752

 Note: This calculation is using an effective core potential
 so NE and ENUC will be adjusted later after removal of the Core

 Input Run Options
 -----------------
 IRUNTYP = 1  MULT = 1  ICHARG =  0 IECP = 1  IEMOM = 1  UNITS = ANGS    

 ECP Potentials
 --------------
 Parameters for "TE-ECP  " on Atom  1 with ZCORE 28 and LMAX 3 are

 for L= 3      COEFF    N           ZETA
    1      -15.74545    2       15.20617
    1      -20.74245    2       15.20170
 for L= 0      COEFF    N           ZETA
    1      281.04584    2       16.81447
    1       61.62066    2        8.79353
    1       15.74545    2       15.20617
    1       20.74245    2       15.20170
 for L= 1      COEFF    N           ZETA
    1       67.44946    2       14.87780
    1      134.90430    2       14.26973
    1       14.68955    2        8.72443
    1       29.41506    2        8.29152
    1       15.74545    2       15.20617
    1       20.74245    2       15.20170
 for L= 2      COEFF    N           ZETA
    1       35.43206    2       15.20501
    1       53.13569    2       15.22585
    1        9.06980    2        6.07177
    1       13.12230    2        5.80476
    1       15.74545    2       15.20617
    1       20.74245    2       15.20170

 The ECP removes  28 core electrons and  28 protons

 Number of electrons kept in the run =   44
 Number of occupied orbitals (Alpha) =   22
 Number of occupied orbitals (Beta)  =   22

 Adjusted Nuclear Energy =       88.6488885662


 Integral Options
 ----------------
 ERITYP = RI     AUX = JKFIT

 Input NOF Options
 -----------------

 Natural Orbital Functional Selected:    (IPNOF)         8
 Scaled version of GNOF (GNOFs):         (Imod)          2

 Type of calculation = ICOEF2 + ICOEF1:  (ICOEF)        21
 Use Softmax function for Occ. Opt.:     (ISOFTMAX)      1
 Type of Orb. Opt. = Orbital Rotations:  (IORBOPT)       2
 Maximum Number of Coef Outer Iter.:     (MAXIT21)       3
 Maximum Number of Occ-Coef Outer Iter.: (MAXIT)      1000

 Restart calculation Option:             (RESTART)       F
 Restart Gamma Matrix from GCF file:     (INPUTGAMMA)    1
 Coefficient Matrix from GCF file:       (INPUTC)        1
 Diagonal Elements FMIUG from GCF file:  (INPUTFMIUG)    0
 Cartesian Coordinates from GCF file:    (INPUTCXYZ)     0

 Threshold Lambda Convergence=10**(-N):  (NTHRESHL)      3
 Threshold Energy Convergence=10**(-N):  (NTHRESHE)      5
 Max. Number of Inner Coef. Iterations:  (MAXLOOP)      10
 Orthogonalize the initial Orbitals:     (ORTHO)         T

 Output Option:                          (NPRINT)        0
 Output the Coefficient Matrix:          (IWRITEC)       0
 Do a Mulliken Population Analysis:      (IMULPOP)       0
 Write Information into a WFN file:      (IAIMPAC)       1
 Write Information into a FCHK file:     (IFCHK)         1
 Write Information into a MLP file:      (MOLDEN)        1
 Create Ini. Cond. (ini.xyz) file:       (INICOND)       1
 Calculate IPs using Ext. Koopmans Theo: (IEKT)          0
 Write APSG expansion coefficient file:  (APSG)          F
 Output option for Lagrange Multipliers: (PRINTLAG)      F
 Diagonalize matrix of Lag. Multipliers: (DIAGLAG)       F

------------------------------------------------------------------------

 Orbital Space
 -------------

 Inactive Doubly occupied orbitals up to NO1  =    0
 No. considered Strongly Doubly occupied MOs  =   22
 No. considered Strongly Singly occupied MOs  =    0
 NO. of Weakly occ. per St. Doubly occ.  MOs (NCWO)   =   10
 Dimension of the Active Nat. Orb. subspace   =  242
 Secondary Empty orbitals                     =    0

 1e- integrals
 -------------
 Time to do integrals =      0.23

 2e- integrals
 -------------
 DONTW option skips storage 2e- integrals on Unit 1
 Time to do integrals =      0.51

 No violations of the orthonormality

   INITIAL VALUES
  =================

   OM     Occupation      Elag Diag

    1      1.9994497     -5.1078980
    2      1.9684723     -0.5060860
    3      1.9999477     -8.0785937
    4      1.9818765     -0.5229482
    5      1.9700695     -0.6553323
    6      1.9785967     -1.6224462
    7      1.9784815     -1.5901378
    8      1.9999566     -8.0777273
    9      1.9835435     -1.6124829
   10      1.9680190     -0.4997663
   11      1.9932442     -1.9620501
   12      1.9737301     -0.8364133
   13      1.9783309     -1.5687938
   14      1.9683335     -0.3416157
   15      1.9999996   -104.9127216
   16      1.9998682     -7.5809126
   17      1.9998805     -7.6405978
   18      1.9938136     -1.9717230
   19      1.9999736    -10.6130593
   20      1.9994573     -5.1116854
   21      1.9994464     -5.1094021
   22      1.9849346     -1.1393287
   23      0.0005241     -0.0015303
   24      0.0002108     -0.0025643
   25      0.0000572     -0.0003541
   26      0.0000026     -0.0002086
   27      0.0022021     -0.0065966
   28      0.0000204     -0.0001312
   29      0.0000285     -0.0001240
   30      0.0000000     -0.0000001
   31      0.0057654     -0.0115749
   32      0.0000120     -0.0000542
   33      0.0110385     -0.0219999
   34      0.0005702     -0.0033903
   35      0.0016902     -0.0026467
   36      0.0004873     -0.0015892
   37      0.0000024     -0.0000124
   38      0.0000005     -0.0000020
   39      0.0107098     -0.0390506
   40      0.0007303     -0.0016915
   41      0.0008285     -0.0020192
   42      0.0000002     -0.0000008
   43      0.0069360     -0.0145125
   44      0.0002126     -0.0025874
   45      0.0007891     -0.0058981
   46      0.0000352     -0.0001512
   47      0.0000800     -0.0005040
   48      0.0000010     -0.0000057
   49      0.0006829     -0.0031177
   50      0.0000004     -0.0000081
   51      0.0000019     -0.0000123
   52      0.0000000     -0.0000001
   53      0.0000210     -0.0000459
   54      0.0000140     -0.0000639
   55      0.0000097     -0.0000350
   56      0.0009541     -0.0032480
   57      0.0008251     -0.0014752
   58      0.0007304     -0.0024760
   59      0.0000027     -0.0001733
   60      0.0000338     -0.0001352
   61      0.0000016     -0.0000091
   62      0.0188696     -0.0321592
   63      0.0000717     -0.0002147
   64      0.0000001     -0.0000003
   65      0.0000236     -0.0000800
   66      0.0000382     -0.0001648
   67      0.0020683     -0.0101639
   68      0.0000099     -0.0001141
   69      0.0000259     -0.0001114
   70      0.0000012     -0.0000067
   71      0.0001672     -0.0008568
   72      0.0000003     -0.0000016
   73      0.0000271     -0.0001187
   74      0.0000000     -0.0000001
   75      0.0000519     -0.0001248
   76      0.0000054     -0.0000237
   77      0.0060710     -0.0131718
   78      0.0011010     -0.0034401
   79      0.0003636     -0.0006948
   80      0.0002582     -0.0008692
   81      0.0000011     -0.0000064
   82      0.0000003     -0.0000014
   83      0.0000003     -0.0000014
   84      0.0007736     -0.0017394
   85      0.0023910     -0.0098236
   86      0.0000409     -0.0015767
   87      0.0067325     -0.0148726
   88      0.0000097     -0.0001327
   89      0.0000627     -0.0002190
   90      0.0001537     -0.0019955
   91      0.0000369     -0.0001572
   92      0.0000094     -0.0003756
   93      0.0004037     -0.0040878
   94      0.0000003     -0.0000012
   95      0.0000176     -0.0000846
   96      0.0000002     -0.0000008
   97      0.0088647     -0.0154619
   98      0.0108135     -0.0389815
   99      0.0048393     -0.0114760
  100      0.0008431     -0.0067165
  101      0.0250557     -0.0303808
  102      0.0000833     -0.0002907
  103      0.0000033     -0.0000535
  104      0.0000026     -0.0000108
  105      0.0000008     -0.0000029
  106      0.0000496     -0.0001518
  107      0.0000624     -0.0001938
  108      0.0000001     -0.0000004
  109      0.0000003     -0.0000008
  110      0.0001540     -0.0020518
  111      0.0002732     -0.0013061
  112      0.0000214     -0.0000932
  113      0.0001438     -0.0017862
  114      0.0000006     -0.0000029
  115      0.0007120     -0.0049462
  116      0.0000231     -0.0001040
  117      0.0000031     -0.0000532
  118      0.0000000     -0.0000002
  119      0.0083404     -0.0145966
  120      0.0107908     -0.0389239
  121      0.0000919     -0.0002622
  122      0.0002111     -0.0013437
  123      0.0004160     -0.0007591
  124      0.0003513     -0.0011876
  125      0.0000013     -0.0000088
  126      0.0000088     -0.0000390
  127      0.0106710     -0.0389720
  128      0.0087332     -0.0154415
  129      0.0007212     -0.0017046
  130      0.0000002     -0.0000014
  131      0.0068206     -0.0143183
  132      0.0000226     -0.0000964
  133      0.0020606     -0.0100810
  134      0.0000358     -0.0001502
  135      0.0000870     -0.0003846
  136      0.0000083     -0.0000513
  137      0.0002457     -0.0024797
  138      0.0000002     -0.0000009
  139      0.0000004     -0.0000081
  140      0.0000000     -0.0000001
  141      0.0000134     -0.0000272
  142      0.0000030     -0.0000129
  143      0.0000088     -0.0000226
  144      0.0001741     -0.0010433
  145      0.0016545     -0.0026509
  146      0.0140104     -0.0431377
  147      0.0000180     -0.0000970
  148      0.0000058     -0.0000270
  149      0.0000001     -0.0000003
  150      0.0000537     -0.0001609
  151      0.0002865     -0.0009288
  152      0.0000002     -0.0000007
  153      0.0057818     -0.0156219
  154      0.0000089     -0.0001247
  155      0.0069770     -0.0284023
  156      0.0000021     -0.0000132
  157      0.0000084     -0.0001145
  158      0.0000005     -0.0000022
  159      0.0008599     -0.0068692
  160      0.0000011     -0.0000060
  161      0.0000245     -0.0001102
  162      0.0000000     -0.0000001
  163      0.0001603     -0.0003448
  164      0.0000172     -0.0000745
  165      0.0000007     -0.0000018
  166      0.0003866     -0.0042779
  167      0.0015017     -0.0023999
  168      0.0001066     -0.0003559
  169      0.0000106     -0.0004013
  170      0.0107518     -0.0390173
  171      0.0000001     -0.0000006
  172      0.0005510     -0.0013269
  173      0.0083535     -0.0209340
  174      0.0000001     -0.0000005
  175      0.0000264     -0.0000883
  176      0.0000016     -0.0000104
  177      0.0014622     -0.0080688
  178      0.0000092     -0.0001329
  179      0.0000386     -0.0001633
  180      0.0000015     -0.0000094
  181      0.0001927     -0.0012992
  182      0.0000300     -0.0001290
  183      0.0000267     -0.0001152
  184      0.0000000     -0.0000002
  185      0.0082714     -0.0148773
  186      0.0000064     -0.0000280
  187      0.0000238     -0.0000778
  188      0.0007246     -0.0055854
  189      0.0002068     -0.0003943
  190      0.0000875     -0.0002952
  191      0.0000007     -0.0000035
  192      0.0000031     -0.0000145
  193      0.0000136     -0.0000611
  194      0.0000359     -0.0001091
  195      0.0023029     -0.0097200
  196      0.0000002     -0.0000008
  197      0.0001109     -0.0003739
  198      0.0000375     -0.0001603
  199      0.0002833     -0.0012645
  200      0.0000015     -0.0000091
  201      0.0000067     -0.0000774
  202      0.0000007     -0.0000037
  203      0.0002194     -0.0015100
  204      0.0000435     -0.0001936
  205      0.0000011     -0.0000063
  206      0.0000000     -0.0000000
  207      0.0000011     -0.0000030
  208      0.0000045     -0.0000218
  209      0.0041581     -0.0108011
  210      0.0001496     -0.0008266
  211      0.0000551     -0.0001292
  212      0.0001133     -0.0003704
  213      0.0000026     -0.0000935
  214      0.0000010     -0.0000049
  215      0.0000059     -0.0000269
  216      0.0001321     -0.0003802
  217      0.0028108     -0.0108863
  218      0.0000001     -0.0000004
  219      0.0050953     -0.0123210
  220      0.0000357     -0.0001505
  221      0.0005648     -0.0017200
  222      0.0000740     -0.0004748
  223      0.0000581     -0.0002743
  224      0.0000007     -0.0000032
  225      0.0005007     -0.0026021
  226      0.0000003     -0.0000012
  227      0.0000008     -0.0000045
  228      0.0000000     -0.0000000
  229      0.0001769     -0.0003810
  230      0.0000022     -0.0000093
  231      0.0000279     -0.0000872
  232      0.0016414     -0.0049714
  233      0.0002123     -0.0004100
  234      0.0002282     -0.0007902
  235      0.0000005     -0.0000027
  236      0.0107108     -0.0389242
  237      0.0000001     -0.0000007
  238      0.0000015     -0.0000038
  239      0.0002951     -0.0011289
  240      0.0000103     -0.0000612
  241      0.0000003     -0.0000010
  242      0.0000296     -0.0001218

   RO Sum (  44) =   44.00

  ---------------
   Dipole Moment
  ---------------

      0.8739 Debye [   0.3438  (   0.3438,   0.0014,  -0.0016) ]


  RESULTS OF OCCUPATION-COEFFICIENT OPTIMIZATION
 ================================================

  Ex It  Occ Time  Orb Time  Orb It   Electronic Energy     Total Energy   Energy Convergency    Max Mul-Lag Diff

    1    4.1E-01   6.5E+01      10    -818.2737882688     -729.6248997027     0.0000000000           0.004359
    2    2.0E-01   1.2E+02      40    -818.2737882688     -729.6248997027     0.0000000000           0.004359
    3    1.8E-01   8.8E+01      49    -818.2740792912     -729.6251907251    -0.0002910224           0.000943
    4    1.8E-01   1.0E+00      49    -818.2740792912     -729.6251907251     0.0000000000           0.000943


  RESULTS OF THE OCCUPATION OPTIMIZATION
 ========================================

   OM     Occupation      Elag Diag

    1      1.9999996   -104.9118854
    2      1.9999736    -10.6130472
    3      1.9999566     -8.0773304
    4      1.9999477     -8.0781506
    5      1.9998805     -7.6409320
    6      1.9998682     -7.5803090
    7      1.9994573     -5.1117545
    8      1.9994497     -5.1079163
    9      1.9994464     -5.1096401
   10      1.9938136     -1.9717025
   11      1.9932442     -1.9620309
   12      1.9849346     -1.1392143
   13      1.9835435     -1.6154418
   14      1.9818765     -0.5222402
   15      1.9785967     -1.6218953
   16      1.9784815     -1.5897361
   17      1.9783309     -1.5674189
   18      1.9737301     -0.8364393
   19      1.9700695     -0.6556418
   20      1.9684723     -0.5058497
   21      1.9683335     -0.3416838
   22      1.9680190     -0.4997622
   23      0.0016902     -0.0026282
   24      0.0057654     -0.0115791
   25      0.0069360     -0.0145128
   26      0.0007303     -0.0016923
   27      0.0110385     -0.0219927
   28      0.0000120     -0.0000542
   29      0.0000005     -0.0000019
   30      0.0107098     -0.0390485
   31      0.0008285     -0.0020188
   32      0.0004873     -0.0015811
   33      0.0005241     -0.0015296
   34      0.0005702     -0.0033908
   35      0.0022021     -0.0065927
   36      0.0002108     -0.0025945
   37      0.0002126     -0.0026190
   38      0.0000572     -0.0003555
   39      0.0000285     -0.0001240
   40      0.0000204     -0.0001302
   41      0.0000002     -0.0000008
   42      0.0000024     -0.0000124
   43      0.0000026     -0.0002138
   44      0.0000000     -0.0000001
   45      0.0008251     -0.0014822
   46      0.0000210     -0.0000459
   47      0.0000236     -0.0000799
   48      0.0188696     -0.0321621
   49      0.0000097     -0.0000351
   50      0.0000140     -0.0000639
   51      0.0000338     -0.0001331
   52      0.0000016     -0.0000091
   53      0.0000717     -0.0002148
   54      0.0007304     -0.0024521
   55      0.0007891     -0.0058833
   56      0.0009541     -0.0032440
   57      0.0006829     -0.0031930
   58      0.0000352     -0.0001509
   59      0.0000382     -0.0001648
   60      0.0000800     -0.0005010
   61      0.0000019     -0.0000124
   62      0.0000004     -0.0000083
   63      0.0000001     -0.0000003
   64      0.0000027     -0.0001705
   65      0.0000010     -0.0000057
   66      0.0000000     -0.0000001
   67      0.0003636     -0.0006951
   68      0.0000519     -0.0001248
   69      0.0067325     -0.0148836
   70      0.0007736     -0.0017399
   71      0.0060710     -0.0131703
   72      0.0000054     -0.0000237
   73      0.0000003     -0.0000014
   74      0.0000003     -0.0000014
   75      0.0023910     -0.0098231
   76      0.0002582     -0.0008744
   77      0.0020683     -0.0101654
   78      0.0011010     -0.0034412
   79      0.0001672     -0.0008591
   80      0.0000099     -0.0001130
   81      0.0000097     -0.0001336
   82      0.0000259     -0.0001116
   83      0.0000271     -0.0001188
   84      0.0000003     -0.0000016
   85      0.0000409     -0.0015765
   86      0.0000011     -0.0000064
   87      0.0000012     -0.0000066
   88      0.0000000     -0.0000001
   89      0.0250557     -0.0303721
   90      0.0088647     -0.0154596
   91      0.0000003     -0.0000008
   92      0.0000496     -0.0001518
   93      0.0048393     -0.0114796
   94      0.0108135     -0.0389742
   95      0.0000026     -0.0000107
   96      0.0000008     -0.0000029
   97      0.0000624     -0.0001938
   98      0.0000833     -0.0002912
   99      0.0000627     -0.0002190
  100      0.0008431     -0.0067155
  101      0.0004037     -0.0041279
  102      0.0001537     -0.0019956
  103      0.0001540     -0.0020478
  104      0.0000369     -0.0001574
  105      0.0000176     -0.0000847
  106      0.0000003     -0.0000012
  107      0.0000001     -0.0000004
  108      0.0000033     -0.0000517
  109      0.0000094     -0.0003708
  110      0.0000002     -0.0000008
  111      0.0004160     -0.0007625
  112      0.0083404     -0.0145996
  113      0.0068206     -0.0143177
  114      0.0087332     -0.0154356
  115      0.0000919     -0.0002622
  116      0.0107908     -0.0389165
  117      0.0000088     -0.0000387
  118      0.0106710     -0.0389716
  119      0.0007212     -0.0017031
  120      0.0003513     -0.0011746
  121      0.0002732     -0.0013063
  122      0.0002111     -0.0013229
  123      0.0007120     -0.0048705
  124      0.0000214     -0.0000932
  125      0.0000226     -0.0000965
  126      0.0001438     -0.0018052
  127      0.0000031     -0.0000513
  128      0.0000231     -0.0001039
  129      0.0000002     -0.0000014
  130      0.0000013     -0.0000088
  131      0.0000006     -0.0000029
  132      0.0000000     -0.0000002
  133      0.0016545     -0.0026517
  134      0.0000134     -0.0000273
  135      0.0057818     -0.0156087
  136      0.0000537     -0.0001609
  137      0.0000088     -0.0000226
  138      0.0000030     -0.0000129
  139      0.0000058     -0.0000269
  140      0.0000001     -0.0000003
  141      0.0002865     -0.0009291
  142      0.0140104     -0.0431567
  143      0.0020606     -0.0100823
  144      0.0001741     -0.0010380
  145      0.0002457     -0.0024779
  146      0.0000358     -0.0001505
  147      0.0000089     -0.0001251
  148      0.0000870     -0.0003834
  149      0.0000004     -0.0000080
  150      0.0000002     -0.0000009
  151      0.0000002     -0.0000007
  152      0.0000180     -0.0000967
  153      0.0000083     -0.0000513
  154      0.0000000     -0.0000001
  155      0.0015017     -0.0023937
  156      0.0001603     -0.0003453
  157      0.0000264     -0.0000882
  158      0.0005510     -0.0013265
  159      0.0000007     -0.0000018
  160      0.0000172     -0.0000745
  161      0.0107518     -0.0390137
  162      0.0000001     -0.0000006
  163      0.0083535     -0.0209341
  164      0.0001066     -0.0003569
  165      0.0069770     -0.0283997
  166      0.0003866     -0.0042966
  167      0.0008599     -0.0068684
  168      0.0000021     -0.0000132
  169      0.0000016     -0.0000104
  170      0.0000084     -0.0001152
  171      0.0000245     -0.0001100
  172      0.0000011     -0.0000060
  173      0.0000001     -0.0000005
  174      0.0000106     -0.0004037
  175      0.0000005     -0.0000022
  176      0.0000000     -0.0000001
  177      0.0002068     -0.0003949
  178      0.0082714     -0.0148712
  179      0.0001109     -0.0003739
  180      0.0000359     -0.0001092
  181      0.0000238     -0.0000777
  182      0.0000064     -0.0000280
  183      0.0000031     -0.0000145
  184      0.0000136     -0.0000612
  185      0.0023029     -0.0097201
  186      0.0000875     -0.0002959
  187      0.0014622     -0.0080713
  188      0.0007246     -0.0055880
  189      0.0001927     -0.0013128
  190      0.0000092     -0.0001327
  191      0.0000375     -0.0001605
  192      0.0000386     -0.0001638
  193      0.0000267     -0.0001152
  194      0.0000300     -0.0001290
  195      0.0000002     -0.0000008
  196      0.0000007     -0.0000035
  197      0.0000015     -0.0000095
  198      0.0000000     -0.0000002
  199      0.0000551     -0.0001287
  200      0.0000011     -0.0000031
  201      0.0050953     -0.0123190
  202      0.0001321     -0.0003803
  203      0.0041581     -0.0108042
  204      0.0000045     -0.0000217
  205      0.0000010     -0.0000048
  206      0.0000059     -0.0000270
  207      0.0028108     -0.0108859
  208      0.0001133     -0.0003702
  209      0.0002833     -0.0012639
  210      0.0001496     -0.0008293
  211      0.0002194     -0.0015087
  212      0.0000015     -0.0000091
  213      0.0000357     -0.0001503
  214      0.0000067     -0.0000770
  215      0.0000011     -0.0000063
  216      0.0000435     -0.0001936
  217      0.0000001     -0.0000004
  218      0.0000026     -0.0000973
  219      0.0000007     -0.0000037
  220      0.0000000     -0.0000001
  221      0.0002123     -0.0004103
  222      0.0001769     -0.0003813
  223      0.0000003     -0.0000010
  224      0.0000015     -0.0000038
  225      0.0000279     -0.0000871
  226      0.0000022     -0.0000093
  227      0.0107108     -0.0389198
  228      0.0000001     -0.0000007
  229      0.0002951     -0.0011286
  230      0.0002282     -0.0007735
  231      0.0005648     -0.0017178
  232      0.0016414     -0.0049898
  233      0.0005007     -0.0025631
  234      0.0000740     -0.0004742
  235      0.0000296     -0.0001218
  236      0.0000581     -0.0002825
  237      0.0000008     -0.0000045
  238      0.0000003     -0.0000012
  239      0.0000103     -0.0000612
  240      0.0000005     -0.0000026
  241      0.0000007     -0.0000032
  242      0.0000000     -0.0000000

   RO Sum (  44) =   44.00

  ---------------
   Dipole Moment
  ---------------

      0.8390 Debye [   0.3301  (   0.3301,   0.0039,   0.0002) ]

 ----------------
  Final Energies  
 ----------------

  Final NOF Total Energy =     -729.6251907251 ( 9.E-04 , 0.E+00 )


  **************************************************
  *                                                *
  *       SINGLE-POINT DoNOF CALCULATION           *
  *                                                *
  *             FULL OPTIMIZATION                  *
  *                                                *
  *  FINAL RESULTS   FINAL RESULTS  FINAL RESULTS  *
  *                                                *
  **************************************************

  **************************************************
  *         No. EXTERNAL ITER =     4              *
  *         No. of TOTAL ITER =   148              *
  **************************************************

  Elapsed real time :    280.06  (Seconds)

 The execution finished at 22h 24min on the 11/11/2025
Recovering execution output...
Moving from /scratch/pobleyef/351496 to /home-nas/pobleyef/Slim-NOF/ncwomax/Slim05/GNOFs20/arina.351496
mkdir -p /home-nas/pobleyef/Slim-NOF/ncwomax/Slim05/GNOFs20/arina.351496
mv /scratch/pobleyef/351496/* /home-nas/pobleyef/Slim-NOF/ncwomax/Slim05/GNOFs20/arina.351496
