Job runing on na21
Choosing scratch ...
Automatic scratch folder selection
/scratch/pobleyef/350873
/scratch/pobleyef/350873 directory
cp HEAVY28-hi.gcf HEAVY28-hi.inp to  /scratch/pobleyef/350873/.
HEAVY28-hi
 This is the OpenMP version of the code
 This is the OpenMP version of the code
 This is the OpenMP version of the code
 This is the OpenMP version of the code
 This is the OpenMP version of the code
 This is the OpenMP version of the code
 This is the OpenMP version of the code
 This is the OpenMP version of the code
 This is the OpenMP version of the code
 This is the OpenMP version of the code
 This is the OpenMP version of the code
 This is the OpenMP version of the code
 This is the OpenMP version of the code
 This is the OpenMP version of the code
 This is the OpenMP version of the code
 This is the OpenMP version of the code
 This is the OpenMP version of the code
 This is the OpenMP version of the code
 This is the OpenMP version of the code
 This is the OpenMP version of the code
 This is the OpenMP version of the code
 This is the OpenMP version of the code
 This is the OpenMP version of the code
 This is the OpenMP version of the code
 This is the OpenMP version of the code
 This is the OpenMP version of the code
 This is the OpenMP version of the code
 This is the OpenMP version of the code
 This is the OpenMP version of the code
 This is the OpenMP version of the code
 This is the OpenMP version of the code
 This is the OpenMP version of the code
 This is the OpenMP version of the code
 This is the OpenMP version of the code
 This is the OpenMP version of the code
 This is the OpenMP version of the code
 This is the OpenMP version of the code
 This is the OpenMP version of the code
 This is the OpenMP version of the code
 This is the OpenMP version of the code
 This is the OpenMP version of the code
 This is the OpenMP version of the code
 This is the OpenMP version of the code
 This is the OpenMP version of the code
 This is the OpenMP version of the code
 This is the OpenMP version of the code
 This is the OpenMP version of the code
 This is the OpenMP version of the code
 This is the OpenMP version of the code
 This is the OpenMP version of the code
 This is the OpenMP version of the code
 This is the OpenMP version of the code
 This is the OpenMP version of the code
 This is the OpenMP version of the code
 This is the OpenMP version of the code
 This is the OpenMP version of the code
 This is the OpenMP version of the code
 This is the OpenMP version of the code
 This is the OpenMP version of the code
 This is the OpenMP version of the code
 This is the OpenMP version of the code
 This is the OpenMP version of the code
 This is the OpenMP version of the code
 This is the OpenMP version of the code
 This is the OpenMP version of the code
 This is the OpenMP version of the code
 This is the OpenMP version of the code
 This is the OpenMP version of the code
 This is the OpenMP version of the code
 This is the OpenMP version of the code
 This is the OpenMP version of the code
 This is the OpenMP version of the code
 This is the OpenMP version of the code
 This is the OpenMP version of the code
 This is the OpenMP version of the code
 This is the OpenMP version of the code
 This is the OpenMP version of the code
 This is the OpenMP version of the code
 This is the OpenMP version of the code
 This is the OpenMP version of the code
 This is the OpenMP version of the code
 This is the OpenMP version of the code
 This is the OpenMP version of the code
 This is the OpenMP version of the code
 This is the OpenMP version of the code
 This is the OpenMP version of the code
 This is the OpenMP version of the code
 This is the OpenMP version of the code
 This is the OpenMP version of the code
 This is the OpenMP version of the code
 This is the OpenMP version of the code
 This is the OpenMP version of the code
 This is the OpenMP version of the code
 This is the OpenMP version of the code
 This is the OpenMP version of the code
 This is the OpenMP version of the code
 This is the OpenMP version of the code
 This is the OpenMP version of the code
 This is the OpenMP version of the code
 This is the OpenMP version of the code
 This is the OpenMP version of the code
 This is the OpenMP version of the code
 This is the OpenMP version of the code
 This is the OpenMP version of the code
 This is the OpenMP version of the code
 This is the OpenMP version of the code
 This is the OpenMP version of the code
 This is the OpenMP version of the code
 This is the OpenMP version of the code
 This is the OpenMP version of the code
 This is the OpenMP version of the code
 This is the OpenMP version of the code
 This is the OpenMP version of the code
 This is the OpenMP version of the code
 This is the OpenMP version of the code
 This is the OpenMP version of the code
 This is the OpenMP version of the code
 This is the OpenMP version of the code
 This is the OpenMP version of the code
 This is the OpenMP version of the code

 The execution started at 10h 42min on the 11/11/2025

    ===========================================================
    !                                                         !
    !                        Do N O F                         !
    !                                                         !
    !  (Donostia Natural Orbital Functional Software Program) !
    !                                                         !
    !               COPYRIGHT by Mario Piris                  !
    !                                                         !
    !      Donostia International Physics Center (DIPC)       !
    !       University of the Basque Country (UPV/EHU)        !
    !       Basque Foundation for Science (IKERBASQUE)        !
    !                                                         !
    !          GNU General Public License version 3           !
    !                                                         !
    !                  VERSION: October 2025                  !
    !                                                         !
    ===========================================================

 Run Title
 ---------
  Molname                                                                        

 Basis Set
 ---------
 /home/pobleyef/DoNOFsw/basis/def2-QZVP.bas                                      

 Atom      Charge                Coordinates (Bohr)
                           x             y             z
 I          53.0        0.0000        0.0000        1.5022
 H           1.0        0.0000        0.0000       -1.5022

 Atomic Basis Set
 ----------------
 The contracted primitive functions were unnormalized
 The contracted basis functions are now normalized to unity

  Shell Type  Primitive         Exponent  Contraction Coefficient

 I         

      1   S       1         16788.4000000    0.000103586804
      1   S       2          2526.6400000    0.000765531745
      1   S       3           571.9840000    0.003150554741
      1   S       4           150.4340000    0.006717983204
      1   S       5            29.5405000   -0.134384929151
      1   S       6            18.4571000    0.859255064197
      1   S       7            11.5286000   -0.890227518539
      1   S       8             7.0828900   -1.367813214298
      1   S       9             2.5040500    1.808345152379

      2   S      10            25.0586179    0.088686579218
      2   S      11            15.6219794   -0.309437052616
      2   S      12             3.3536325    1.147487780264

      3   S      13             1.3540145    1.000000000000

      4   S      14             0.6743047    1.000000000000

      5   S      15             0.3272714    1.000000000000

      6   S      16             0.1574936    1.000000000000

      7   S      17             0.0743777    1.000000000000

      8   P      18           656.2740000    0.000102263116
      8   P      19           149.2320000    0.000688871318
      8   P      20            19.0153000    0.067339699796
      8   P      21            10.7378000   -0.280108787807
      8   P      22             6.4420800   -0.004916495947
      8   P      23             3.0920300    0.577616914298
      8   P      24             1.5787400    0.569991007671

      9   P      25            15.6605119   -0.024484627992
      9   P      26             4.9250670    0.260041620414
      9   P      27             1.6692320    0.808870366710

     10   P      28             0.7781790    1.000000000000

     11   P      29             0.3560884    1.000000000000

     12   P      30             0.1549324    1.000000000000

     13   P      31             0.0646662    1.000000000000

     14   D      32           318.2240778    0.000120648927
     14   D      33            95.8102274    0.001012623893
     14   D      34            35.3222953    0.005278751941
     14   D      35            13.1074478   -0.017935310228
     14   D      36             6.2949153    0.100128211172
     14   D      37             3.6826101    0.302771472093
     14   D      38             2.0858951    0.397340741727
     14   D      39             1.1644342    0.312691340071

     15   D      40             0.6318061    1.000000000000

     16   D      41             0.3221508    1.000000000000

     17   D      42             0.1349000    1.000000000000

     18   F      43             6.4253614    1.000000000000

     19   F      44             2.1780000    1.000000000000

     20   F      45             0.5878000    1.000000000000

     21   F      46             0.2500000    1.000000000000

     22   G      47             0.4739000    1.000000000000

 H         

     23   S      48           190.6916900    0.005342636962
     23   S      49            28.6055320    0.041252338243
     23   S      50             6.5095943    0.210993525698
     23   S      51             1.8412455    0.812128545862

     24   S      52             0.5985373    1.000000000000

     25   S      53             0.2139762    1.000000000000

     26   S      54             0.0803163    1.000000000000

     27   P      55             2.2920000    1.000000000000

     28   P      56             0.8380000    1.000000000000

     29   P      57             0.2920000    1.000000000000

     30   D      58             2.0620000    1.000000000000

     31   D      59             0.6620000    1.000000000000

     32   F      60             1.3970000    1.000000000000

 Total Number of Basis Set Shells             =   32
 Total Number of Primitives                   =   60
 Number of Spherical Gaussian Basis Functions =  112
 Total Number of Auxiliary Basis Set Shells   =   52
 Number of Sph. Gaussian Auxiliary Set Func.  =  236
 Number of Electrons                          =   54
 Charge of Molecule                           =    0
 Spin Multiplicity                            =    1
 Number of Occupied Orbitals (Alpha)          =   27
 Number of Occupied Orbitals (Beta )          =   27
 Total Number of Atoms                        =    2

 Nuclear Energy =       17.6408393023

 Note: This calculation is using an effective core potential
 so NE and ENUC will be adjusted later after removal of the Core

 Input Run Options
 -----------------
 IRUNTYP = 1  MULT = 1  ICHARG =  0 IECP = 1  IEMOM = 1  UNITS = ANGS    

 ECP Potentials
 --------------
 Parameters for "I-ECP   " on Atom  1 with ZCORE 28 and LMAX 3 are

 for L= 3      COEFF    N           ZETA
    1      -21.84204    2       19.45861
    1      -28.46819    2       19.34926
    1       -0.24371    2        4.82377
    1       -0.32080    2        4.88431
 for L= 0      COEFF    N           ZETA
    1       49.99429    2       40.01584
    1      281.02532    2       17.42975
    1       61.57333    2        9.00548
    1       21.84204    2       19.45861
    1       28.46819    2       19.34926
    1        0.24371    2        4.82377
    1        0.32080    2        4.88431
 for L= 1      COEFF    N           ZETA
    1       67.44284    2       15.35547
    1      134.88114    2       14.97183
    1       14.67505    2        8.96016
    1       29.37567    2        8.25910
    1       21.84204    2       19.45861
    1       28.46819    2       19.34926
    1        0.24371    2        4.82377
    1        0.32080    2        4.88431
 for L= 2      COEFF    N           ZETA
    1       35.43953    2       15.06891
    1       53.17606    2       14.55532
    1        9.06719    2        6.71865
    1       13.20694    2        6.45639
    1        0.08933    2        1.19178
    1        0.05238    2        1.29116
    1       21.84204    2       19.45861
    1       28.46819    2       19.34926
    1        0.24371    2        4.82377
    1        0.32080    2        4.88431

 The ECP removes  28 core electrons and  28 protons

 Number of electrons kept in the run =   26
 Number of occupied orbitals (Alpha) =   13
 Number of occupied orbitals (Beta)  =   13

 Adjusted Nuclear Energy =        8.3211506143


 Integral Options
 ----------------
 ERITYP = RI     AUX = JKFIT

 Input NOF Options
 -----------------

 Natural Orbital Functional Selected:    (IPNOF)         8
 Scaled version of GNOF (GNOFs):         (Imod)          2

 Type of calculation = ICOEF2 + ICOEF1:  (ICOEF)        21
 Use Softmax function for Occ. Opt.:     (ISOFTMAX)      1
 Type of Orb. Opt. = Orbital Rotations:  (IORBOPT)       2
 Maximum Number of Coef Outer Iter.:     (MAXIT21)       3
 Maximum Number of Occ-Coef Outer Iter.: (MAXIT)      1000

 Restart calculation Option:             (RESTART)       F
 Restart Gamma Matrix from GCF file:     (INPUTGAMMA)    0
 Coefficient Matrix from GCF file:       (INPUTC)        0
 Diagonal Elements FMIUG from GCF file:  (INPUTFMIUG)    0
 Cartesian Coordinates from GCF file:    (INPUTCXYZ)     0

 Threshold Lambda Convergence=10**(-N):  (NTHRESHL)      3
 Threshold Energy Convergence=10**(-N):  (NTHRESHE)      8
 Max. Number of Inner Coef. Iterations:  (MAXLOOP)      10
 Orthogonalize the initial Orbitals:     (ORTHO)         T

 Output Option:                          (NPRINT)        0
 Output the Coefficient Matrix:          (IWRITEC)       0
 Do a Mulliken Population Analysis:      (IMULPOP)       0
 Write Information into a WFN file:      (IAIMPAC)       1
 Write Information into a FCHK file:     (IFCHK)         1
 Write Information into a MLP file:      (MOLDEN)        1
 Create Ini. Cond. (ini.xyz) file:       (INICOND)       1
 Calculate IPs using Ext. Koopmans Theo: (IEKT)          0
 Write APSG expansion coefficient file:  (APSG)          F
 Output option for Lagrange Multipliers: (PRINTLAG)      F
 Diagonalize matrix of Lag. Multipliers: (DIAGLAG)       F

------------------------------------------------------------------------

 Orbital Space
 -------------

 Inactive Doubly occupied orbitals up to NO1  =    0
 No. considered Strongly Doubly occupied MOs  =   13
 No. considered Strongly Singly occupied MOs  =    0
 No. of Weakly occ. per St. Doubly occ.  MOs  =    7
 Dimension of the Active Nat. Orb. subspace   =  104
 Secondary Empty orbitals                     =    8

 1e- integrals
 -------------
 Time to do integrals =      0.12
 Guess for MOs = HCORE
         0 MOs were matched and         0 equalized to zero

 No violations of the orthonormality

 2e- integrals
 -------------
 DONTW option skips storage 2e- integrals on Unit 1
 Time to do integrals =      0.18

 Input for Coefficients is HCORE

   INITIAL VALUES
  =================

   OM     Occupation      Elag Diag

    1      1.9980000      0.4458471
    2      1.9980000      2.4002569
    3      1.9980000      2.0230372
    4      1.9980000      2.0230420
    5      1.9980000      5.0295982
    6      1.9980000      4.9322926
    7      1.9980000      4.9321691
    8      1.9980000      4.8266584
    9      1.9980000      4.8566256
   10      1.9980000     10.2135211
   11      1.9980000     10.1326845
   12      1.9980000     10.1326712
   13      1.9980000      9.9690457
   14      0.0002857     -0.0117135
   15      0.0002857     -0.0117312
   16      0.0002857     -0.0117306
   17      0.0002857     -0.0037762
   18      0.0002857     -0.0023997
   19      0.0002857     -0.0019834
   20      0.0002857     -0.0019862
   21      0.0002857     -0.0009515
   22      0.0002857     -0.0007892
   23      0.0002857     -0.0007839
   24      0.0002857     -0.0005854
   25      0.0002857     -0.0006209
   26      0.0002857     -0.0017815
   27      0.0002857     -0.0018506
   28      0.0002857     -0.0018455
   29      0.0002857     -0.0008662
   30      0.0002857     -0.0018702
   31      0.0002857     -0.0008770
   32      0.0002857     -0.0008757
   33      0.0002857     -0.0008133
   34      0.0002857     -0.0002739
   35      0.0002857     -0.0001661
   36      0.0002857     -0.0001709
   37      0.0002857      0.0000195
   38      0.0002857      0.0000194
   39      0.0002857      0.0000219
   40      0.0002857      0.0001664
   41      0.0002857     -0.0000051
   42      0.0002857     -0.0000568
   43      0.0002857      0.0001796
   44      0.0002857      0.0001795
   45      0.0002857     -0.0002809
   46      0.0002857     -0.0002805
   47      0.0002857      0.0003130
   48      0.0002857      0.0003161
   49      0.0002857     -0.0000376
   50      0.0002857     -0.0002779
   51      0.0002857     -0.0000051
   52      0.0002857     -0.0000141
   53      0.0002857     -0.0001088
   54      0.0002857      0.0000104
   55      0.0002857      0.0000085
   56      0.0002857      0.0000695
   57      0.0002857      0.0000477
   58      0.0002857     -0.0001361
   59      0.0002857     -0.0001029
   60      0.0002857      0.0002523
   61      0.0002857      0.0002502
   62      0.0002857      0.0001186
   63      0.0002857      0.0000641
   64      0.0002857      0.0000674
   65      0.0002857      0.0001932
   66      0.0002857      0.0001600
   67      0.0002857      0.0000787
   68      0.0002857      0.0001635
   69      0.0002857      0.0001655
   70      0.0002857      0.0001620
   71      0.0002857      0.0001623
   72      0.0002857      0.0001403
   73      0.0002857      0.0003676
   74      0.0002857      0.0003660
   75      0.0002857      0.0000805
   76      0.0002857      0.0000790
   77      0.0002857      0.0000668
   78      0.0002857      0.0000600
   79      0.0002857      0.0000193
   80      0.0002857     -0.0000481
   81      0.0002857      0.0002155
   82      0.0002857      0.0002184
   83      0.0002857      0.0001702
   84      0.0002857      0.0001703
   85      0.0002857      0.0004016
   86      0.0002857      0.0004006
   87      0.0002857      0.0000182
   88      0.0002857      0.0000191
   89      0.0002857      0.0000650
   90      0.0002857     -0.0000892
   91      0.0002857      0.0001990
   92      0.0002857      0.0001156
   93      0.0002857      0.0008391
   94      0.0002857      0.0008388
   95      0.0002857      0.0008407
   96      0.0002857      0.0008408
   97      0.0002857      0.0008584
   98      0.0002857      0.0008579
   99      0.0002857      0.0008067
  100      0.0002857      0.0007501
  101      0.0002857      0.0011554
  102      0.0002857      0.0011576
  103      0.0002857      0.0012305
  104      0.0002857      0.0011875

   RO Sum (  26) =   26.00

  ---------------
   Dipole Moment
  ---------------

      7.5463 Debye [   2.9689  (   0.0000,   0.0000,  -2.9689) ]


  RESULTS OF OCCUPATION-COEFFICIENT OPTIMIZATION
 ================================================

  Ex It  Occ Time  Orb Time  Orb It   Electronic Energy     Total Energy   Energy Convergency    Max Mul-Lag Diff

    1    1.4E-01   2.3E+00      10    -276.7957053497     -268.4745547355   -38.9628098214           1.291871
    2    3.5E-02   3.0E+00      20    -300.1346246234     -291.8134740091   -23.3389192737           0.407154
    3    2.4E-02   4.4E+00      30    -305.3750921256     -297.0539415113    -5.2404675022           0.096397
    4    2.4E-02   1.3E+01      40    -305.7840310425     -297.4628804282    -0.4089389169           0.003945
    5    5.0E-01   1.5E+01      40    -306.0905737392     -297.7694231249    -0.3065426967           0.045401
    6    2.7E-01   2.2E+01      40    -306.2783913601     -297.9572407459    -0.1878176209           0.001061
    7    5.8E-01   5.7E+01      40    -306.3483294318     -298.0271788175    -0.0699380717           0.021649
    8    5.8E-01   3.6E+01      40    -306.3572780135     -298.0361273993    -0.0089485817           0.099538
    9    5.6E-01   2.1E+01      40    -306.3654548669     -298.0443042527    -0.0081768534           0.001853
   10    5.2E-01   1.2E+01      40    -306.3697858799     -298.0486352656    -0.0043310130           0.001605
   11    6.2E-01   5.6E+00      40    -306.3722653638     -298.0511147495    -0.0024794839           0.001406
   12    5.8E-01   5.6E+00      40    -306.3740249960     -298.0528743817    -0.0017596322           0.002100
   13    5.2E-01   5.6E+00      40    -306.3752039704     -298.0540533561    -0.0011789744           0.001358
   14    5.4E-01   8.9E+00      40    -306.3763501349     -298.0551995207    -0.0011461645           0.001546
   15    4.0E-01   5.2E+00      37    -306.3773723611     -298.0562217468    -0.0010222262           0.000994
   16    4.2E-01   2.0E-01       0    -306.3775696795     -298.0564190653    -0.0001973184           0.000991
   17    3.6E-02   2.0E-01       0    -306.3775696795     -298.0564190653     0.0000000000           0.000991


  RESULTS OF THE OCCUPATION OPTIMIZATION
 ========================================

   OM     Occupation      Elag Diag

    1      1.9999181     -7.7555493
    2      1.9998020     -5.6159340
    3      1.9998013     -5.6087446
    4      1.9997880     -5.6098080
    5      1.9976576     -2.3166418
    6      1.9974175     -2.3138083
    7      1.9952166     -2.3071164
    8      1.9945574     -2.2318937
    9      1.9791692     -1.2570240
   10      1.9772278     -1.0663508
   11      1.9765706     -1.5169505
   12      1.9707894     -0.4345538
   13      1.9673578     -0.4028492
   14      0.0061823     -0.0152612
   15      0.0053935     -0.0145364
   16      0.0000034     -0.0000145
   17      0.0000624     -0.0002333
   18      0.0005895     -0.0018736
   19      0.0001798     -0.0006213
   20      0.0011718     -0.0039983
   21      0.0000606     -0.0002399
   22      0.0000064     -0.0000384
   23      0.0000773     -0.0004191
   24      0.0000456     -0.0001548
   25      0.0000011     -0.0000041
   26      0.0000004     -0.0000166
   27      0.0000056     -0.0000122
   28      0.0103549     -0.0337096
   29      0.0102326     -0.0396040
   30      0.0000115     -0.0000378
   31      0.0005453     -0.0017132
   32      0.0011137     -0.0037615
   33      0.0011573     -0.0039450
   34      0.0003758     -0.0011861
   35      0.0000682     -0.0002890
   36      0.0000263     -0.0000751
   37      0.0000116     -0.0001006
   38      0.0000126     -0.0001426
   39      0.0000603     -0.0002004
   40      0.0001019     -0.0003044
   41      0.0035282     -0.0105013
   42      0.0000131     -0.0000511
   43      0.0001230     -0.0004145
   44      0.0130630     -0.0419894
   45      0.0013325     -0.0041845
   46      0.0003242     -0.0011787
   47      0.0001064     -0.0004242
   48      0.0002155     -0.0010732
   49      0.0000468     -0.0001475
   50      0.0000274     -0.0000767
   51      0.0001607     -0.0007795
   52      0.0000007     -0.0000023
   53      0.0061456     -0.0151404
   54      0.0001455     -0.0004472
   55      0.0102707     -0.0396790
   56      0.0003659     -0.0012628
   57      0.0056072     -0.0158191
   58      0.0002110     -0.0011140
   59      0.0010567     -0.0036494
   60      0.0016800     -0.0048126
   61      0.0002488     -0.0010726
   62      0.0000135     -0.0001236
   63      0.0000683     -0.0002765
   64      0.0000017     -0.0000092
   65      0.0000031     -0.0000127
   66      0.0037766     -0.0103000
   67      0.0001462     -0.0004492
   68      0.0000005     -0.0000018
   69      0.0110038     -0.0384038
   70      0.0006916     -0.0022054
   71      0.0020929     -0.0062188
   72      0.0002154     -0.0011220
   73      0.0002411     -0.0011516
   74      0.0002431     -0.0011584
   75      0.0000343     -0.0001129
   76      0.0000130     -0.0001398
   77      0.0000017     -0.0000083
   78      0.0000020     -0.0000095
   79      0.0104960     -0.0270750
   80      0.0000934     -0.0003023
   81      0.0029073     -0.0110509
   82      0.0001899     -0.0006380
   83      0.0003048     -0.0009414
   84      0.0001768     -0.0005721
   85      0.0001879     -0.0009262
   86      0.0000479     -0.0001821
   87      0.0004600     -0.0019403
   88      0.0000018     -0.0000092
   89      0.0000021     -0.0000097
   90      0.0000108     -0.0001003
   91      0.0000008     -0.0000024
   92      0.0059342     -0.0145312
   93      0.0095490     -0.0277940
   94      0.0000018     -0.0000069
   95      0.0110158     -0.0384117
   96      0.0000294     -0.0000982
   97      0.0003360     -0.0011307
   98      0.0006701     -0.0021730
   99      0.0000707     -0.0002845
  100      0.0011005     -0.0033719
  101      0.0000121     -0.0001198
  102      0.0000307     -0.0000869
  103      0.0000094     -0.0000765
  104      0.0000145     -0.0001224

   RO Sum (  26) =   26.00

  ---------------
   Dipole Moment
  ---------------

      0.5380 Debye [   0.2117  (   0.0036,  -0.0024,  -0.2116) ]

 ----------------
  Final Energies  
 ----------------

  Final NOF Total Energy =     -298.0564190653 ( 1.E-03 , 0.E+00 )


  **************************************************
  *                                                *
  *       SINGLE-POINT DoNOF CALCULATION           *
  *                                                *
  *             FULL OPTIMIZATION                  *
  *                                                *
  *  FINAL RESULTS   FINAL RESULTS  FINAL RESULTS  *
  *                                                *
  **************************************************

  **************************************************
  *         No. EXTERNAL ITER =    17              *
  *         No. of TOTAL ITER =   537              *
  **************************************************

  Elapsed real time :    224.29  (Seconds)

 The execution finished at 10h 45min on the 11/11/2025
Recovering execution output...
Moving from /scratch/pobleyef/350873 to /home-nas/pobleyef/Slim-NOF/ncwomax/Slim05/GNOFs20/arina.350873
mkdir -p /home-nas/pobleyef/Slim-NOF/ncwomax/Slim05/GNOFs20/arina.350873
mv /scratch/pobleyef/350873/* /home-nas/pobleyef/Slim-NOF/ncwomax/Slim05/GNOFs20/arina.350873
