Computing Integrals
Basis Set                                            = def2-qzvp
Auxiliary Basis Set                                  = def2-universal-jkfit
Gaussian Type                                        = Spherical
Elapsed time:    2.45 Seconds

Number of basis functions                   (NBF)    = 140
Number of auxiliary basis functions         (NBFAUX) = 256
Inactive Doubly occupied orbitals up to     (NO1)    = 0
No. considered Strongly Doubly occupied MOs (NDOC)   = 15
No. considered Strongly Singly occupied MOs (NSOC)   = 0
NO. of Weakly occ. per St. Doubly occ.  MOs (NCWO)   = 8
Dimension of the Nat. Orb. subspace         (NBF5)   = 135
No. of electrons                                     = 30
    No. of alpha electrons                           = 15
    No. of beta electrons                            = 15
Multiplicity                                         = 1

Geometry
========
Al       0.0000000       0.0000000      -1.2132410
Cl       0.0000000       0.0000000       0.9277730

No violations of the orthonormality
No violations of the orthonormality
 
PNOF8/ADAM Calculation
==================
 
  Nitext  Nit_orb  Time   Nit_occ  Time         Eelec          Etot           Ediff      maxdiff    MaxGrad_orb  Grad_occ
     1      10    1.0e+01   25    1.2e+01  -730.33549477  -675.71281422 -10729.33549477   1.858706   7.4e+00   1.3e-04 0.01
     2      10    1.5e+00   84    1.0e+00  -747.18140588  -692.55872532   -16.84591111   3.549152   1.4e+01   1.9e-04 0.02
     3      10    1.3e+00   62    7.6e-01  -751.25244633  -696.62976578    -4.07104045   0.940279   3.8e+00   1.8e-04 0.02
     4      10    1.4e+00   47    6.2e-01  -752.71001914  -698.08733859    -1.45757281   0.435058   1.7e+00   2.0e-04 0.03
     5      10    1.3e+00   27    3.8e-01  -753.39550549  -698.77282494    -0.68548635   0.345150   1.4e+00   2.4e-04 0.03
     6      10    1.3e+00   29    3.8e-01  -754.08427476  -699.46159421    -0.68876927   0.345023   1.4e+00   1.9e-04 0.03
     7      10    1.4e+00   20    2.3e-01  -754.77910661  -700.15642605    -0.69483185   0.357335   1.4e+00   2.3e-04 0.03
     8      10    1.4e+00   23    3.4e-01  -755.11655490  -700.49387435    -0.33744829   0.301223   1.2e+00   1.8e-04 0.03
     9      10    1.3e+00   18    3.0e-01  -755.36307870  -700.74039815    -0.24652380   0.273386   1.1e+00   3.1e-04 0.03
    10      10    1.4e+00   14    2.1e-01  -755.57898709  -700.95630654    -0.21590839   0.857352   3.4e+00   3.0e-04 0.04
    11      10    1.3e+00   20    3.1e-01  -755.80159216  -701.17891161    -0.22260507   0.288653   1.2e+00   2.6e-04 0.04
    12      10    1.3e+00   16    3.1e-01  -755.91027241  -701.28759186    -0.10868025   0.480416   1.9e+00   2.9e-04 0.04
    13      10    1.3e+00   13    2.2e-01  -756.03045501  -701.40777446    -0.12018260   0.705917   2.8e+00   3.3e-04 0.03
    14      10    1.4e+00   17    2.4e-01  -756.11461698  -701.49193643    -0.08416197   0.538708   2.2e+00   3.1e-04 0.03
    15      10    1.2e+00   13    1.9e-01  -756.28071735  -701.65803680    -0.16610037   0.349659   1.4e+00   3.0e-04 0.03
    16      10    1.6e+00    0    5.7e-02  -756.28101215  -701.65833160    -0.00029480   0.349659   1.4e+00   3.0e-04 0.03
    17      30    4.0e+00   17    3.1e-01  -756.71214538  -702.08946483    -0.43113323   0.119294   4.8e-01   2.4e-04 0.03
    18      30    4.1e+00   17    3.0e-01  -756.80498947  -702.18230892    -0.09284409   0.102713   4.1e-01   2.4e-04 0.03
    19      30    3.9e+00   15    2.7e-01  -756.86300090  -702.24032035    -0.05801143   0.083060   3.3e-01   2.5e-04 0.03
    20      30    4.1e+00   18    3.1e-01  -756.90012817  -702.27744761    -0.03712726   0.056030   2.2e-01   1.9e-04 0.03
    21      30    4.0e+00   10    1.9e-01  -756.92092670  -702.29824615    -0.02079853   0.033301   1.3e-01   1.7e-04 0.02
    22      30    4.1e+00   12    2.3e-01  -756.93176136  -702.30908081    -0.01083466   0.020413   8.2e-02   2.1e-04 0.02
    23      30    4.0e+00   14    2.8e-01  -756.93529155  -702.31261100    -0.00353019   0.019607   7.8e-02   2.0e-04 0.02
    24      30    3.9e+00    8    1.8e-01  -756.93660123  -702.31392068    -0.00130968   0.012479   5.0e-02   2.6e-04 0.02
    25      30    4.2e+00   13    2.3e-01  -756.93731001  -702.31462946    -0.00070878   0.014428   5.8e-02   1.8e-04 0.02
    26      30    4.2e+00    4    1.4e-01  -756.93774582  -702.31506527    -0.00043581   0.012517   5.0e-02   2.4e-04 0.02
    27      30    4.0e+00    9    2.0e-01  -756.93833435  -702.31565379    -0.00058853   0.012761   5.1e-02   1.9e-04 0.02
    28      30    4.1e+00    0    4.4e-02  -756.93837278  -702.31569223    -0.00003844   0.012761   5.1e-02   1.9e-04 0.02
    29      50    6.8e+00    4    7.9e-02  -756.94074628  -702.31806573    -0.00237350   0.002231   8.9e-03   1.7e-04 0.02
    30      50    6.8e+00    4    1.4e-01  -756.94082345  -702.31814290    -0.00007717   0.002961   1.2e-02   2.2e-04 0.02
    31      50    6.9e+00    4    1.4e-01  -756.94093606  -702.31825551    -0.00011261   0.002165   8.7e-03   2.3e-04 0.02
    32      50    6.6e+00    4    1.3e-01  -756.94101097  -702.31833042    -0.00007491   0.002213   8.9e-03   2.3e-04 0.02
    33      50    6.8e+00    4    1.4e-01  -756.94109338  -702.31841283    -0.00008241   0.002213   8.9e-03   2.6e-04 0.02
    34      50    6.6e+00    7    1.7e-01  -756.94118304  -702.31850249    -0.00008966   0.002388   9.6e-03   2.1e-04 0.02
    35      50    6.8e+00    2    1.2e-01  -756.94127036  -702.31858981    -0.00008732   0.002662   1.1e-02   2.6e-04 0.02
    36      50    6.7e+00    9    2.4e-01  -756.94134963  -702.31866908    -0.00007928   0.014834   5.9e-02   1.8e-04 0.02
    37      50    7.0e+00    4    1.2e-01  -756.94147110  -702.31879055    -0.00012146   0.002874   1.1e-02   1.5e-04 0.02
    38      50    6.5e+00    4    1.4e-01  -756.94158574  -702.31890519    -0.00011464   0.002849   1.1e-02   1.8e-04 0.02
    39      50    6.8e+00    7    1.7e-01  -756.94171740  -702.31903685    -0.00013166   0.002891   1.2e-02   2.4e-04 0.02
    40      50    7.0e+00    4    1.3e-01  -756.94186554  -702.31918499    -0.00014814   0.002666   1.1e-02   2.4e-04 0.02
 
RESULTS OF THE OCCUPATION OPTIMIZATION
========================================
   1    1.9999993  -87.06519130
   2    1.9999992  -76.38862733
   3    1.9999316  -10.55946449
   4    1.9995711  -8.03614060
   5    1.9992284  -8.03392192
   6    1.9995595  -8.03387880
   7    1.9983817  -4.95047354
   8    1.9948204  -3.25993609
   9    1.9957214  -3.25965030
  10    1.9949304  -3.25964433
  11    1.9829748  -1.06743207
  12    1.9762452  -0.48585616
  13    1.9747596  -0.48207486
  14    1.9729106  -0.48087954
  15    1.9763495  -0.44934772
  16    0.0170289  -0.03212868
  17    0.0072167  -0.01537646
  18    0.0105387  -0.02021376
  19    0.0099766  -0.02142598
  20    0.0059016  -0.02631330
  21    0.0045395  -0.02230392
  22    0.0036818  -0.01995217
  23    0.0048010  -0.03055618
  24    0.0015139  -0.00828375
  25    0.0004073  -0.00954382
  26    0.0004781  -0.01139492
  27    0.0003323  -0.00825432
  28    0.0000230  -0.00022958
  29    0.0000002  -0.00000399
  30    0.0000003  -0.00000492
  31    0.0025813  -0.00849092
  32    0.0071307  -0.01502477
  33    0.0086216  -0.01697877
  34    0.0072689  -0.01769156
  35    0.0049703  -0.01860388
  36    0.0001694  -0.00108396
  37    0.0003976  -0.00628208
  38    0.0001569  -0.00089876
  39    0.0000221  -0.00032839
  40    0.0000108  -0.00018415
  41    0.0002468  -0.00623089
  42    0.0000684  -0.00284136
  43    0.0000160  -0.00075772
  44    0.0000002  -0.00000256
  45    0.0000001  -0.00000177
  46    0.0021368  -0.00771942
  47    0.0067514  -0.01506641
  48    0.0022399  -0.00834498
  49    0.0025015  -0.00779039
  50    0.0018714  -0.00960634
  51    0.0001426  -0.00140908
  52    0.0000701  -0.00072126
  53    0.0000724  -0.00074903
  54    0.0000193  -0.00052177
  55    0.0000077  -0.00008480
  56    0.0000157  -0.00013064
  57    0.0000095  -0.00007988
  58    0.0000129  -0.00009389
  59    0.0000001  -0.00000169
  60    0.0000001  -0.00000140
  61    0.0008261  -0.00193385
  62    0.0017998  -0.00732853
  63    0.0021139  -0.00813065
  64    0.0022539  -0.00728221
  65    0.0017883  -0.00934448
  66    0.0000917  -0.00090281
  67    0.0000436  -0.00020906
  68    0.0000481  -0.00026210
  69    0.0000173  -0.00010808
  70    0.0000057  -0.00028376
  71    0.0000109  -0.00008801
  72    0.0000072  -0.00008216
  73    0.0000054  -0.00028880
  74    0.0000001  -0.00000164
  75    0.0000001  -0.00000132
  76    0.0004740  -0.00124349
  77    0.0016894  -0.00673858
  78    0.0006007  -0.00146928
  79    0.0007537  -0.00186594
  80    0.0011606  -0.00796414
  81    0.0000402  -0.00041462
  82    0.0000298  -0.00016183
  83    0.0000387  -0.00019810
  84    0.0000165  -0.00008823
  85    0.0000025  -0.00020463
  86    0.0000068  -0.00007256
  87    0.0000037  -0.00002733
  88    0.0000036  -0.00004566
  89    0.0000001  -0.00000133
  90    0.0000000  -0.00000054
  91    0.0003321  -0.00097506
  92    0.0013791  -0.00514830
  93    0.0005868  -0.00144104
  94    0.0004471  -0.00106383
  95    0.0005797  -0.00223307
  96    0.0000328  -0.00022726
  97    0.0000282  -0.00015377
  98    0.0000295  -0.00016625
  99    0.0000119  -0.00007891
 100    0.0000024  -0.00009432
 101    0.0000066  -0.00009025
 102    0.0000032  -0.00002796
 103    0.0000026  -0.00002038
 104    0.0000001  -0.00000126
 105    0.0000000  -0.00000038
 106    0.0001583  -0.00054058
 107    0.0005998  -0.00160961
 108    0.0002838  -0.00100244
 109    0.0002927  -0.00062871
 110    0.0004935  -0.00189312
 111    0.0000268  -0.00015117
 112    0.0000171  -0.00008644
 113    0.0000219  -0.00013326
 114    0.0000108  -0.00007448
 115    0.0000021  -0.00003014
 116    0.0000041  -0.00003194
 117    0.0000027  -0.00004014
 118    0.0000026  -0.00002786
 119    0.0000001  -0.00000116
 120    0.0000000  -0.00000035
 121    0.0001130  -0.00027891
 122    0.0005224  -0.00141955
 123    0.0002550  -0.00096943
 124    0.0002604  -0.00064078
 125    0.0002597  -0.00127040
 126    0.0000267  -0.00015017
 127    0.0000104  -0.00006615
 128    0.0000111  -0.00006877
 129    0.0000066  -0.00026183
 130    0.0000020  -0.00001370
 131    0.0000027  -0.00002847
 132    0.0000019  -0.00001273
 133    0.0000023  -0.00008018
 134    0.0000001  -0.00000073
 135    0.0000000  -0.00000033
 
----------------
 Final Energies 
----------------
Final NOF Total Energy =    -702.3191850
 
Total Orbital Internal Iterations = 1120
Total Occupation Internal Iterations = 622
 
Elapsed time:  195.95 Seconds

---------------------------------
   Lowdin Population Analysis    
---------------------------------
 Idx  Atom   Population   Charge 
---------------------------------
  1    Al    13.370      -0.370
  2    Cl    16.630       0.370

---------------------------------
   M Diagnostic: 0.02
---------------------------------

