Computing Integrals
Basis Set                                            = def2-qzvp
Auxiliary Basis Set                                  = def2-universal-jkfit
Gaussian Type                                        = Spherical
Elapsed time:    1.59 Seconds

Number of basis functions                   (NBF)    = 57
Number of auxiliary basis functions         (NBFAUX) = 77
Inactive Doubly occupied orbitals up to     (NO1)    = 0
No. considered Strongly Doubly occupied MOs (NDOC)   = 2
No. considered Strongly Singly occupied MOs (NSOC)   = 3
NO. of Weakly occ. per St. Doubly occ.  MOs (NCWO)   = 26
Dimension of the Nat. Orb. subspace         (NBF5)   = 57
No. of electrons                                     = 7
    No. of alpha electrons                           = 5
    No. of beta electrons                            = 2
Multiplicity                                         = 4

Geometry
========
 N       0.0000000       0.0000000       0.0000000

No violations of the orthonormality
No violations of the orthonormality
 
PNOF8/ADAM Calculation
==================
 
  Nitext  Nit_orb  Time   Nit_occ  Time         Eelec          Etot           Ediff      maxdiff    MaxGrad_orb  Grad_occ
     1      10    9.0e+00   29    1.2e+01   -52.14971193   -52.14971193 -10051.14971193   0.707742   2.8e+00   1.9e-04 0.01
     2      10    2.3e-02   27    3.1e-02   -53.27691328   -53.27691328    -1.12720135   0.455282   1.8e+00   1.6e-04 0.02
     3      10    1.1e-02   16    1.6e-02   -53.85070934   -53.85070934    -0.57379606   0.495095   2.0e+00   1.1e-04 0.02
     4      10    9.9e-03    7    8.3e-03   -54.19732398   -54.19732398    -0.34661464   0.153006   6.1e-01   2.5e-04 0.02
     5      10    1.1e-02   17    1.7e-02   -54.39042988   -54.39042988    -0.19310590   0.120910   4.8e-01   1.6e-04 0.02
     6      10    1.3e-02   19    4.1e-02   -54.46741729   -54.46741729    -0.07698741   0.144942   5.8e-01   1.1e-04 0.02
     7      10    3.5e-02    7    1.0e-02   -54.49995594   -54.49995594    -0.03253865   0.104884   4.2e-01   1.7e-04 0.02
     8      10    1.4e-02   10    1.1e-02   -54.51469442   -54.51469442    -0.01473848   0.096624   3.9e-01   1.4e-04 0.02
     9      10    1.1e-02    3    4.2e-03   -54.51752990   -54.51752990    -0.00283548   0.146980   5.9e-01   1.8e-04 0.02
    10      10    1.5e-02    0    1.0e-03   -54.51756699   -54.51756699    -0.00003710   0.146980   5.9e-01   1.8e-04 0.02
    11      30    2.8e-02   15    1.5e-02   -54.52389877   -54.52389877    -0.00633178   0.016796   6.7e-02   1.6e-04 0.02
    12      30    2.9e-02    4    4.8e-03   -54.52598227   -54.52598227    -0.00208350   0.012385   5.0e-02   1.4e-04 0.02
    13      30    2.9e-02    1    2.9e-03   -54.52700506   -54.52700506    -0.00102279   0.008246   3.3e-02   1.9e-04 0.02
    14      30    2.9e-02    8    9.6e-03   -54.52761400   -54.52761400    -0.00060895   0.005980   2.4e-02   1.5e-04 0.02
    15      30    2.8e-02    2    3.8e-03   -54.52801353   -54.52801353    -0.00039953   0.003987   1.6e-02   1.1e-04 0.02
    16      30    2.8e-02    2    3.6e-03   -54.52816183   -54.52816183    -0.00014830   0.003381   1.4e-02   1.1e-04 0.02
    17      30    2.8e-02    2    3.8e-03   -54.52821403   -54.52821403    -0.00005219   0.003592   1.4e-02   1.3e-04 0.02
    18      30    2.8e-02    2    3.7e-03   -54.52822833   -54.52822833    -0.00001430   0.003711   1.5e-02   1.1e-04 0.02
    19      30    2.8e-02    0    1.1e-03   -54.52823126   -54.52823126    -0.00000292   0.003711   1.5e-02   1.1e-04 0.02
    20      29    2.5e-02    0    1.1e-03   -54.52830628   -54.52830628    -0.00007503   0.000482   1.9e-03   1.3e-04 0.02
 
RESULTS OF THE OCCUPATION OPTIMIZATION
========================================
   1    1.9998992  -15.65095083
   2    1.9680170  -0.98115019
   3    1.0000000  -0.29811709
   4    1.0000000  -0.29810245
   5    1.0000000  -0.29804031
   6    0.0077198  -0.01406080
   7    0.0000456  -0.00146539
   8    0.0037993  -0.00570546
   9    0.0000126  -0.00019217
  10    0.0037860  -0.00568734
  11    0.0000056  -0.00005761
  12    0.0037538  -0.00567715
  13    0.0000044  -0.00004943
  14    0.0020263  -0.00322069
  15    0.0000034  -0.00004274
  16    0.0020044  -0.00320887
  17    0.0000024  -0.00003507
  18    0.0020024  -0.00320774
  19    0.0000023  -0.00003973
  20    0.0019924  -0.00321380
  21    0.0000021  -0.00003670
  22    0.0019563  -0.00320766
  23    0.0000020  -0.00003575
  24    0.0005894  -0.00369795
  25    0.0000019  -0.00004045
  26    0.0003586  -0.00084809
  27    0.0000018  -0.00003637
  28    0.0003570  -0.00084627
  29    0.0000017  -0.00004450
  30    0.0003307  -0.00082476
  31    0.0000017  -0.00003281
  32    0.0001441  -0.00034270
  33    0.0000016  -0.00003444
  34    0.0001375  -0.00033970
  35    0.0000016  -0.00002953
  36    0.0001324  -0.00033860
  37    0.0000015  -0.00002934
  38    0.0001324  -0.00033788
  39    0.0000015  -0.00003076
  40    0.0001317  -0.00033743
  41    0.0000014  -0.00002789
  42    0.0001312  -0.00033668
  43    0.0000011  -0.00002501
  44    0.0001290  -0.00033486
  45    0.0000011  -0.00002464
  46    0.0001086  -0.00025460
  47    0.0000010  -0.00002018
  48    0.0000930  -0.00024706
  49    0.0000007  -0.00001013
  50    0.0000855  -0.00024465
  51    0.0000006  -0.00000491
  52    0.0000537  -0.00022230
  53    0.0000005  -0.00000385
  54    0.0000151  -0.00004114
  55    0.0000005  -0.00002431
  56    0.0000123  -0.00004147
  57    0.0000003  -0.00000823
 
----------------
 Final Energies 
----------------
Final NOF Total Energy =     -54.5283063
 
Total Orbital Internal Iterations = 399
Total Occupation Internal Iterations = 171
 
Elapsed time:   27.77 Seconds

---------------------------------
   Lowdin Population Analysis    
---------------------------------
 Idx  Atom   Population   Charge 
---------------------------------
  1     N     7.000       0.000

---------------------------------
   M Diagnostic: 0.02
---------------------------------

