Computing Integrals
Basis Set                                            = def2-qzvp
Auxiliary Basis Set                                  = def2-universal-jkfit
Gaussian Type                                        = Spherical
Elapsed time:    2.68 Seconds

Number of basis functions                   (NBF)    = 171
Number of auxiliary basis functions         (NBFAUX) = 231
Inactive Doubly occupied orbitals up to     (NO1)    = 0
No. considered Strongly Doubly occupied MOs (NDOC)   = 11
No. considered Strongly Singly occupied MOs (NSOC)   = 0
NO. of Weakly occ. per St. Doubly occ.  MOs (NCWO)   = 14
Dimension of the Nat. Orb. subspace         (NBF5)   = 165
No. of electrons                                     = 22
    No. of alpha electrons                           = 11
    No. of beta electrons                            = 11
Multiplicity                                         = 1

Geometry
========
 N       0.3636181       1.9287268      -1.7850500
 N       0.8221764       2.4066504      -2.7896666
 N      -0.0945684       1.4516948      -0.7768230

No violations of the orthonormality
No violations of the orthonormality
 
PNOF8/ADABelief Calculation
==================
 
  Nitext  Nit_orb  Time   Nit_occ  Time         Eelec          Etot           Ediff      maxdiff    MaxGrad_orb  Grad_occ
     1      10    2.2e+01    0    2.5e+01  -217.83803639  -164.02264595 -10216.83803639   0.000496   2.0e-03   2.7e-04 0.04
 
RESULTS OF THE OCCUPATION OPTIMIZATION
========================================
   1    1.9999629  -15.44703375
   2    1.9999538  -15.38304890
   3    1.9999474  -15.36284756
   4    1.9893521  -1.16345453
   5    1.9800941  -0.83949976
   6    1.9792353  -0.57813180
   7    1.9782540  -0.43185603
   8    1.9807044  -0.42257588
   9    1.9737523  -0.38000902
  10    1.9628682  -0.17769019
  11    1.9623716  -0.13569607
  12    0.0371077  -0.04892082
  13    0.0367587  -0.04908186
  14    0.0212782  -0.03747154
  15    0.0055670  -0.01193648
  16    0.0072836  -0.01596366
  17    0.0071196  -0.01608246
  18    0.0146977  -0.02934785
  19    0.0041342  -0.00948584
  20    0.0000310  -0.00088758
  21    0.0000279  -0.00076373
  22    0.0000186  -0.00054904
  23    0.0001814  -0.00050323
  24    0.0001805  -0.00049962
  25    0.0029417  -0.00596383
  26    0.0046368  -0.00913772
  27    0.0036238  -0.00745338
  28    0.0037675  -0.00774767
  29    0.0026718  -0.00594435
  30    0.0039980  -0.00916797
  31    0.0000047  -0.00010245
  32    0.0000038  -0.00006139
  33    0.0000049  -0.00008340
  34    0.0001741  -0.00048227
  35    0.0000289  -0.00011537
  36    0.0006606  -0.00187131
  37    0.0045029  -0.00885745
  38    0.0024214  -0.00513073
  39    0.0024914  -0.00566303
  40    0.0005343  -0.00206580
  41    0.0006372  -0.00508805
  42    0.0000044  -0.00007340
  43    0.0000035  -0.00008420
  44    0.0000037  -0.00006494
  45    0.0000238  -0.00006659
  46    0.0000201  -0.00008879
  47    0.0003662  -0.00107974
  48    0.0015605  -0.00570101
  49    0.0023519  -0.00537291
  50    0.0023568  -0.00499567
  51    0.0004884  -0.00157802
  52    0.0005741  -0.00400427
  53    0.0000029  -0.00005462
  54    0.0000027  -0.00004615
  55    0.0000031  -0.00004641
  56    0.0000179  -0.00008443
  57    0.0000176  -0.00008098
  58    0.0002262  -0.00066073
  59    0.0009539  -0.00280787
  60    0.0022363  -0.00583000
  61    0.0019632  -0.00561038
  62    0.0004050  -0.00151648
  63    0.0004518  -0.00378095
  64    0.0000028  -0.00004212
  65    0.0000025  -0.00006566
  66    0.0000026  -0.00004092
  67    0.0000153  -0.00007824
  68    0.0000162  -0.00007993
  69    0.0002111  -0.00064797
  70    0.0007831  -0.00235352
  71    0.0014048  -0.00482163
  72    0.0012065  -0.00320757
  73    0.0003623  -0.00114675
  74    0.0003242  -0.00159475
  75    0.0000012  -0.00003005
  76    0.0000013  -0.00003058
  77    0.0000010  -0.00002533
  78    0.0000145  -0.00007137
  79    0.0000153  -0.00007478
  80    0.0001718  -0.00053198
  81    0.0005141  -0.00179425
  82    0.0011890  -0.00300346
  83    0.0007951  -0.00229123
  84    0.0002169  -0.00071340
  85    0.0001637  -0.00093010
  86    0.0000012  -0.00002915
  87    0.0000010  -0.00002543
  88    0.0000008  -0.00002191
  89    0.0000143  -0.00006610
  90    0.0000152  -0.00007282
  91    0.0001269  -0.00044080
  92    0.0002514  -0.00072865
  93    0.0004093  -0.00130252
  94    0.0002660  -0.00095730
  95    0.0001884  -0.00064936
  96    0.0001348  -0.00080145
  97    0.0000012  -0.00002778
  98    0.0000010  -0.00002466
  99    0.0000005  -0.00003334
 100    0.0000142  -0.00006289
 101    0.0000152  -0.00007237
 102    0.0001241  -0.00043358
 103    0.0002354  -0.00069915
 104    0.0001950  -0.00063502
 105    0.0002106  -0.00063930
 106    0.0001797  -0.00063130
 107    0.0000481  -0.00028291
 108    0.0000011  -0.00002627
 109    0.0000008  -0.00002893
 110    0.0000005  -0.00002837
 111    0.0000141  -0.00006837
 112    0.0000146  -0.00006973
 113    0.0000698  -0.00029340
 114    0.0001058  -0.00039582
 115    0.0001929  -0.00060369
 116    0.0001834  -0.00061412
 117    0.0000733  -0.00031461
 118    0.0000438  -0.00021198
 119    0.0000009  -0.00002278
 120    0.0000007  -0.00001631
 121    0.0000004  -0.00002283
 122    0.0000139  -0.00006733
 123    0.0000137  -0.00006615
 124    0.0000242  -0.00013718
 125    0.0000829  -0.00067534
 126    0.0001366  -0.00049192
 127    0.0001283  -0.00049072
 128    0.0000298  -0.00015790
 129    0.0000432  -0.00021343
 130    0.0000004  -0.00002895
 131    0.0000003  -0.00000606
 132    0.0000004  -0.00000837
 133    0.0000135  -0.00006661
 134    0.0000134  -0.00006635
 135    0.0000173  -0.00009723
 136    0.0000449  -0.00017629
 137    0.0001323  -0.00046575
 138    0.0001227  -0.00046681
 139    0.0000250  -0.00012000
 140    0.0000355  -0.00018681
 141    0.0000004  -0.00002957
 142    0.0000003  -0.00000389
 143    0.0000003  -0.00000482
 144    0.0000121  -0.00006481
 145    0.0000118  -0.00006512
 146    0.0000150  -0.00008314
 147    0.0000298  -0.00015139
 148    0.0000863  -0.00037884
 149    0.0000853  -0.00035292
 150    0.0000174  -0.00010358
 151    0.0000327  -0.00016622
 152    0.0000003  -0.00000618
 153    0.0000002  -0.00000315
 154    0.0000003  -0.00000348
 155    0.0000115  -0.00006340
 156    0.0000106  -0.00006105
 157    0.0000143  -0.00008294
 158    0.0000272  -0.00013242
 159    0.0000830  -0.00034528
 160    0.0000684  -0.00032505
 161    0.0000159  -0.00009181
 162    0.0000264  -0.00015616
 163    0.0000002  -0.00000334
 164    0.0000001  -0.00000247
 165    0.0000001  -0.00000241
 
----------------
 Final Energies 
----------------
Final NOF Total Energy =    -164.0226460
 
Total Orbital Internal Iterations = 10
Total Occupation Internal Iterations = 0
 
Elapsed time:   61.06 Seconds

---------------------------------
   Lowdin Population Analysis    
---------------------------------
 Idx  Atom   Population   Charge 
---------------------------------
  1     N     7.242      -0.242
  2     N     7.372      -0.372
  3     N     7.386      -0.386

---------------------------------
   M Diagnostic: 0.04
---------------------------------

