Computing Integrals
Basis Set                                            = def2-qzvp
Auxiliary Basis Set                                  = def2-universal-jkfit
Gaussian Type                                        = Spherical
Elapsed time:   37.34 Seconds

Number of basis functions                   (NBF)    = 287
Number of auxiliary basis functions         (NBFAUX) = 385
Inactive Doubly occupied orbitals up to     (NO1)    = 0
No. considered Strongly Doubly occupied MOs (NDOC)   = 22
No. considered Strongly Singly occupied MOs (NSOC)   = 0
NO. of Weakly occ. per St. Doubly occ.  MOs (NCWO)   = 12
Dimension of the Nat. Orb. subspace         (NBF5)   = 286
No. of electrons                                     = 44
    No. of alpha electrons                           = 22
    No. of beta electrons                            = 22
Multiplicity                                         = 1

Geometry
========
Cl       0.0000000       0.0000000      -2.2180725
 C       0.0000000       0.0000000      -0.3996660
 H      -0.5125320       0.8877314      -0.0577143
 H      -0.5125320      -0.8877314      -0.0577143
 H       1.0250640       0.0000000      -0.0577143
Cl       0.0000000       0.0000000       2.7908812

No violations of the orthonormality
No violations of the orthonormality
 
PNOF8/ADABelief Calculation
==================
 
  Nitext  Nit_orb  Time   Nit_occ  Time         Eelec          Etot           Ediff      maxdiff    MaxGrad_orb  Grad_occ
     1      10    1.2e+02    0    2.4e+01 -1067.09505358  -960.05304717 -11066.09505358   0.000949   3.8e-03   2.6e-04 0.03
 
RESULTS OF THE OCCUPATION OPTIMIZATION
========================================
   1    1.9999995  -104.65885971
   2    1.9999996  -104.65711713
   3    1.9999737  -11.10429009
   4    1.9999433  -10.42994329
   5    1.9999411  -10.34797982
   6    1.9991547  -7.92110625
   7    1.9994476  -7.91786537
   8    1.9994321  -7.91744287
   9    1.9992176  -7.73771323
  10    1.9988500  -7.73511036
  11    1.9986165  -7.73499982
  12    1.9832929  -0.94033293
  13    1.9841868  -0.77234307
  14    1.9811655  -0.73314546
  15    1.9768191  -0.50567176
  16    1.9764248  -0.50419935
  17    1.9698561  -0.48002958
  18    1.9722722  -0.35566680
  19    1.9695348  -0.35503012
  20    1.9754141  -0.19536023
  21    1.9715915  -0.19309654
  22    1.9721182  -0.19265435
  23    0.0093506  -0.01587057
  24    0.0094607  -0.01562366
  25    0.0107861  -0.01637459
  26    0.0099141  -0.01670062
  27    0.0095323  -0.01690467
  28    0.0275769  -0.04310071
  29    0.0120232  -0.01819128
  30    0.0115685  -0.01789786
  31    0.0085324  -0.01676841
  32    0.0073190  -0.02942872
  33    0.0062625  -0.02742757
  34    0.0008630  -0.01003690
  35    0.0005775  -0.01255363
  36    0.0005094  -0.01122832
  37    0.0005377  -0.01219552
  38    0.0004169  -0.00983829
  39    0.0004592  -0.01067202
  40    0.0000191  -0.00054192
  41    0.0000290  -0.00040731
  42    0.0000206  -0.00043513
  43    0.0000003  -0.00000344
  44    0.0000004  -0.00000555
  45    0.0092866  -0.01553575
  46    0.0091971  -0.01507219
  47    0.0096895  -0.02078936
  48    0.0097315  -0.01655886
  49    0.0090125  -0.01672466
  50    0.0007593  -0.00179177
  51    0.0036693  -0.00832362
  52    0.0036853  -0.00869489
  53    0.0027025  -0.00925437
  54    0.0020546  -0.01024364
  55    0.0053692  -0.01959252
  56    0.0004916  -0.01115775
  57    0.0004598  -0.01034811
  58    0.0000932  -0.00125405
  59    0.0000204  -0.00014628
  60    0.0000730  -0.00318244
  61    0.0003575  -0.00867968
  62    0.0000121  -0.00011766
  63    0.0000123  -0.00025117
  64    0.0000056  -0.00006574
  65    0.0000001  -0.00000076
  66    0.0000001  -0.00000093
  67    0.0085234  -0.01934941
  68    0.0084856  -0.01926902
  69    0.0008011  -0.00165692
  70    0.0096753  -0.01640907
  71    0.0074699  -0.01877054
  72    0.0007287  -0.00165234
  73    0.0029335  -0.00638850
  74    0.0030316  -0.00710934
  75    0.0021798  -0.00815556
  76    0.0020538  -0.01020138
  77    0.0019162  -0.01000091
  78    0.0000158  -0.00053357
  79    0.0000907  -0.00126241
  80    0.0000846  -0.00123113
  81    0.0000055  -0.00006732
  82    0.0000556  -0.00072553
  83    0.0000146  -0.00066614
  84    0.0000082  -0.00012526
  85    0.0000084  -0.00010173
  86    0.0000001  -0.00000062
  87    0.0000000  -0.00000037
  88    0.0000000  -0.00000002
  89    0.0002779  -0.00093802
  90    0.0006822  -0.00150224
  91    0.0008004  -0.00173821
  92    0.0006410  -0.00145280
  93    0.0006838  -0.00159585
  94    0.0007210  -0.00162528
  95    0.0019221  -0.00752682
  96    0.0018865  -0.00759970
  97    0.0018188  -0.00894006
  98    0.0020320  -0.01018412
  99    0.0017666  -0.00932494
 100    0.0000033  -0.00018002
 101    0.0000079  -0.00007793
 102    0.0000779  -0.00324849
 103    0.0000032  -0.00007426
 104    0.0000036  -0.00016180
 105    0.0000102  -0.00010114
 106    0.0000073  -0.00027032
 107    0.0000027  -0.00019597
 108    0.0000000  -0.00000050
 109    0.0000000  -0.00000024
 110    0.0000000  -0.00000003
 111    0.0000632  -0.00020004
 112    0.0002378  -0.00066486
 113    0.0007868  -0.00203530
 114    0.0002433  -0.00082919
 115    0.0006832  -0.00159682
 116    0.0000633  -0.00019838
 117    0.0011836  -0.00310709
 118    0.0015279  -0.00477835
 119    0.0014064  -0.00614220
 120    0.0007550  -0.00439472
 121    0.0005023  -0.00153298
 122    0.0000026  -0.00003476
 123    0.0000069  -0.00006698
 124    0.0000058  -0.00013820
 125    0.0000005  -0.00001075
 126    0.0000010  -0.00001815
 127    0.0000011  -0.00002895
 128    0.0000066  -0.00018045
 129    0.0000024  -0.00021679
 130    0.0000000  -0.00000034
 131    0.0000000  -0.00000021
 132    0.0000000  -0.00000003
 133    0.0000628  -0.00019984
 134    0.0000622  -0.00019306
 135    0.0007146  -0.00150988
 136    0.0000439  -0.00014118
 137    0.0000844  -0.00028729
 138    0.0000626  -0.00019371
 139    0.0007725  -0.00176686
 140    0.0004297  -0.00114420
 141    0.0008298  -0.00284823
 142    0.0005389  -0.00154318
 143    0.0002406  -0.00113350
 144    0.0000024  -0.00019846
 145    0.0000017  -0.00004181
 146    0.0000030  -0.00007841
 147    0.0000002  -0.00000222
 148    0.0000005  -0.00000733
 149    0.0000010  -0.00001840
 150    0.0000021  -0.00011469
 151    0.0000011  -0.00002189
 152    0.0000000  -0.00000028
 153    0.0000000  -0.00000016
 154    0.0000000  -0.00000003
 155    0.0000607  -0.00018498
 156    0.0000606  -0.00018905
 157    0.0003214  -0.00107946
 158    0.0000414  -0.00013282
 159    0.0000572  -0.00018965
 160    0.0000608  -0.00018837
 161    0.0003607  -0.00098242
 162    0.0003637  -0.00101779
 163    0.0004099  -0.00117208
 164    0.0005374  -0.00153797
 165    0.0001864  -0.00093011
 166    0.0000012  -0.00002446
 167    0.0000013  -0.00002203
 168    0.0000025  -0.00003936
 169    0.0000001  -0.00000172
 170    0.0000004  -0.00000530
 171    0.0000006  -0.00001360
 172    0.0000010  -0.00001689
 173    0.0000003  -0.00000395
 174    0.0000000  -0.00000024
 175    0.0000000  -0.00000016
 176    0.0000000  -0.00000003
 177    0.0000597  -0.00018677
 178    0.0000553  -0.00018506
 179    0.0003210  -0.00109436
 180    0.0000404  -0.00012836
 181    0.0000481  -0.00015839
 182    0.0000424  -0.00013327
 183    0.0002680  -0.00077493
 184    0.0002224  -0.00071086
 185    0.0003696  -0.00128831
 186    0.0002950  -0.00133509
 187    0.0001671  -0.00111693
 188    0.0000012  -0.00001969
 189    0.0000011  -0.00001934
 190    0.0000023  -0.00003249
 191    0.0000001  -0.00000153
 192    0.0000004  -0.00000525
 193    0.0000003  -0.00000433
 194    0.0000009  -0.00001339
 195    0.0000002  -0.00000192
 196    0.0000000  -0.00000024
 197    0.0000000  -0.00000017
 198    0.0000000  -0.00000003
 199    0.0000544  -0.00017981
 200    0.0000474  -0.00014530
 201    0.0001417  -0.00051567
 202    0.0000365  -0.00012633
 203    0.0000422  -0.00014076
 204    0.0000405  -0.00013063
 205    0.0002438  -0.00078414
 206    0.0001986  -0.00057531
 207    0.0002370  -0.00082367
 208    0.0000595  -0.00023435
 209    0.0001294  -0.00100179
 210    0.0000010  -0.00001644
 211    0.0000011  -0.00001866
 212    0.0000019  -0.00004537
 213    0.0000001  -0.00000139
 214    0.0000003  -0.00000463
 215    0.0000003  -0.00000407
 216    0.0000007  -0.00001018
 217    0.0000002  -0.00000193
 218    0.0000000  -0.00000021
 219    0.0000000  -0.00000012
 220    0.0000000  -0.00000003
 221    0.0000510  -0.00017280
 222    0.0000469  -0.00014288
 223    0.0000855  -0.00026000
 224    0.0000361  -0.00012838
 225    0.0000398  -0.00013732
 226    0.0000324  -0.00011230
 227    0.0000962  -0.00030888
 228    0.0001230  -0.00045068
 229    0.0001723  -0.00064952
 230    0.0000579  -0.00022354
 231    0.0000596  -0.00023368
 232    0.0000005  -0.00001057
 233    0.0000009  -0.00001499
 234    0.0000007  -0.00001093
 235    0.0000001  -0.00000110
 236    0.0000002  -0.00000293
 237    0.0000002  -0.00000256
 238    0.0000005  -0.00000586
 239    0.0000001  -0.00000130
 240    0.0000000  -0.00000018
 241    0.0000000  -0.00000011
 242    0.0000000  -0.00000003
 243    0.0000475  -0.00014356
 244    0.0000397  -0.00012746
 245    0.0000754  -0.00023664
 246    0.0000345  -0.00012115
 247    0.0000383  -0.00013392
 248    0.0000292  -0.00011223
 249    0.0000577  -0.00020022
 250    0.0000931  -0.00029036
 251    0.0001229  -0.00067027
 252    0.0000559  -0.00020214
 253    0.0000540  -0.00020597
 254    0.0000005  -0.00000688
 255    0.0000007  -0.00001381
 256    0.0000007  -0.00001008
 257    0.0000001  -0.00000095
 258    0.0000002  -0.00000266
 259    0.0000002  -0.00000254
 260    0.0000002  -0.00000226
 261    0.0000001  -0.00000105
 262    0.0000000  -0.00000014
 263    0.0000000  -0.00000009
 264    0.0000000  -0.00000002
 265    0.0000440  -0.00013418
 266    0.0000331  -0.00011835
 267    0.0000623  -0.00019591
 268    0.0000274  -0.00010352
 269    0.0000362  -0.00012682
 270    0.0000268  -0.00010690
 271    0.0000446  -0.00015413
 272    0.0000505  -0.00016768
 273    0.0000531  -0.00019891
 274    0.0000542  -0.00020057
 275    0.0000532  -0.00020507
 276    0.0000003  -0.00000479
 277    0.0000003  -0.00000438
 278    0.0000004  -0.00000589
 279    0.0000001  -0.00000064
 280    0.0000002  -0.00000199
 281    0.0000001  -0.00000193
 282    0.0000000  -0.00000058
 283    0.0000001  -0.00000106
 284    0.0000000  -0.00000010
 285    0.0000000  -0.00000009
 286    0.0000000  -0.00000002
 
----------------
 Final Energies 
----------------
Final NOF Total Energy =    -960.0530472
 
Total Orbital Internal Iterations = 10
Total Occupation Internal Iterations = 0
 
Elapsed time:  162.39 Seconds

---------------------------------
   Lowdin Population Analysis    
---------------------------------
 Idx  Atom   Population   Charge 
---------------------------------
  1    Cl    16.755       0.245
  2     C     6.079      -0.079
  3     H     1.095      -0.095
  4     H     1.095      -0.095
  5     H     1.093      -0.093
  6    Cl    17.882      -0.882

---------------------------------
   M Diagnostic: 0.03
---------------------------------

