Computing Integrals
Basis Set                                            = def2-qzvp
Auxiliary Basis Set                                  = def2-universal-jkfit
Gaussian Type                                        = Spherical
Elapsed time:    8.12 Seconds

Number of basis functions                   (NBF)    = 525
Number of auxiliary basis functions         (NBFAUX) = 523
Inactive Doubly occupied orbitals up to     (NO1)    = 0
No. considered Strongly Doubly occupied MOs (NDOC)   = 20
No. considered Strongly Singly occupied MOs (NSOC)   = 0
NO. of Weakly occ. per St. Doubly occ.  MOs (NCWO)   = 25
Dimension of the Nat. Orb. subspace         (NBF5)   = 520
No. of electrons                                     = 40
    No. of alpha electrons                           = 20
    No. of beta electrons                            = 20
Multiplicity                                         = 1

Geometry
========
 C      -1.2305794       0.5008610       0.1067649
 C      -1.2131399      -0.8768975       0.0796620
 N       1.0474773      -1.3394378      -0.0969583
 N       1.4193091      -0.1394987       0.3148126
 C       0.9411304       1.0218896      -0.1666075
 H      -1.5568740       1.0598524      -0.7631546
 H      -1.3311087       1.0258797       1.0498055
 H      -1.4642439      -1.4174608      -0.8254654
 H      -1.2416596      -1.4588403       0.9900861
 H       0.8556798      -1.2524569      -1.0954130
 H       1.6985779      -0.1368188       1.2895607
 H       1.2461565       1.9209778       0.3570906
 H       0.8292746       1.0919502      -1.2401835

No violations of the orthonormality
No violations of the orthonormality
 
PNOF8/ADAM Calculation
==================
 
  Nitext  Nit_orb  Time   Nit_occ  Time         Eelec          Etot           Ediff      maxdiff    MaxGrad_orb  Grad_occ
     1      10    5.2e+01   27    3.8e+01  -389.91884316  -210.85899534 -10388.91884316   1.242740   5.0e+00   1.8e-04 0.00
     2      10    4.3e+01  117    7.3e+01  -398.95112290  -219.89127507    -9.03227974   0.347968   1.4e+00   2.1e-04 0.02
     3      10    4.3e+01   55    3.6e+01  -402.06837581  -223.00852799    -3.11725292   2.016172   8.1e+00   2.3e-04 0.03
     4      10    4.3e+01   38    2.5e+01  -402.89792415  -223.83807633    -0.82954834   0.694145   2.8e+00   2.7e-04 0.03
     5      10    4.3e+01   30    2.1e+01  -403.40297668  -224.34312886    -0.50505253   0.145014   5.8e-01   2.1e-04 0.03
     6      10    4.2e+01   19    1.4e+01  -403.48731715  -224.42746933    -0.08434047   0.186880   7.5e-01   2.1e-04 0.03
     7      10    4.3e+01   19    1.4e+01  -404.03023108  -224.97038326    -0.54291394   0.201345   8.1e-01   2.5e-04 0.04
     8      10    4.3e+01   23    1.6e+01  -404.15034586  -225.09049803    -0.12011477   0.271957   1.1e+00   1.9e-04 0.03
     9      10    4.3e+01   15    1.2e+01  -404.40025730  -225.34040948    -0.24991144   0.541917   2.2e+00   2.8e-04 0.03
    10      10    4.3e+01   15    1.2e+01  -404.52643043  -225.46658261    -0.12617314   0.177469   7.1e-01   2.6e-04 0.03
    11      10    4.3e+01   16    1.2e+01  -404.87523476  -225.81538693    -0.34880432   0.130724   5.2e-01   2.6e-04 0.04
    12      10    4.3e+01   17    1.3e+01  -405.37752225  -226.31767443    -0.50228749   0.178524   7.1e-01   2.7e-04 0.03
    13      10    4.3e+01   15    1.2e+01  -405.54391514  -226.48406732    -0.16639289   0.163819   6.6e-01   2.8e-04 0.04
    14      10    4.4e+01   12    1.0e+01  -405.70286168  -226.64301386    -0.15894654   0.331427   1.3e+00   2.4e-04 0.04
    15      10    4.3e+01   15    1.2e+01  -405.91770534  -226.85785752    -0.21484366   0.117710   4.7e-01   2.0e-04 0.04
    16      10    4.3e+01   11    9.5e+00  -405.99572645  -226.93587863    -0.07802111   0.231754   9.3e-01   2.5e-04 0.04
    17      10    4.3e+01   15    1.2e+01  -406.06250407  -227.00265625    -0.06677762   0.135032   5.4e-01   2.0e-04 0.04
    18      10    4.3e+01   11    9.6e+00  -406.21681778  -227.15696995    -0.15431371   0.353996   1.4e+00   2.7e-04 0.04
    19      10    4.3e+01    0    3.1e+00  -406.21748625  -227.15763843    -0.00066847   0.353996   1.4e+00   2.7e-04 0.04
    20      30    1.2e+02   14    1.1e+01  -407.21245974  -228.15261191    -0.99497349   0.044315   1.8e-01   2.7e-04 0.04
    21      30    1.2e+02   11    9.5e+00  -407.25170242  -228.19185460    -0.03924268   0.025980   1.0e-01   2.7e-04 0.04
    22      30    1.2e+02   14    1.1e+01  -407.26072478  -228.20087696    -0.00902236   0.022433   9.0e-02   2.5e-04 0.04
    23      30    1.2e+02   11    9.5e+00  -407.26413510  -228.20428727    -0.00341032   0.007721   3.1e-02   2.2e-04 0.04
    24      30    1.2e+02   11    9.6e+00  -407.26578228  -228.20593446    -0.00164718   0.016963   6.8e-02   2.1e-04 0.04
    25      30    1.2e+02   10    8.9e+00  -407.26697606  -228.20712823    -0.00119378   0.007840   3.1e-02   2.2e-04 0.04
    26      30    1.2e+02   11    9.6e+00  -407.26783999  -228.20799216    -0.00086393   0.007959   3.2e-02   2.5e-04 0.04
    27      30    1.2e+02   11    9.6e+00  -407.26855410  -228.20870628    -0.00071412   0.013795   5.5e-02   2.4e-04 0.04
    28      30    1.2e+02    7    7.2e+00  -407.26935929  -228.20951147    -0.00080519   0.007880   3.2e-02   2.7e-04 0.04
    29      30    1.2e+02    0    3.2e+00  -407.26943658  -228.20958876    -0.00007730   0.007880   3.2e-02   2.7e-04 0.04
    30      50    2.0e+02    7    7.3e+00  -407.27173958  -228.21189176    -0.00230300   0.000980   3.9e-03   2.2e-04 0.04
 
RESULTS OF THE OCCUPATION OPTIMIZATION
========================================
   1    1.9999925  -15.53702676
   2    1.9999898  -14.52431269
   3    1.9999836  -11.93968307
   4    1.9999783  -11.60280324
   5    1.9999786  -11.38160179
   6    1.9879444  -1.16015975
   7    1.9847452  -0.95344660
   8    1.9839941  -0.87632921
   9    1.9809435  -0.83815638
  10    1.9753554  -0.74948675
  11    1.9753445  -0.74869789
  12    1.9751260  -0.73687253
  13    1.9718589  -0.70716184
  14    1.9754102  -0.69862843
  15    1.9741227  -0.67817325
  16    1.9714907  -0.62477949
  17    1.9727213  -0.62370943
  18    1.9748089  -0.58474682
  19    1.9659453  -0.40592464
  20    1.9624290  -0.34682695
  21    0.0369546  -0.05201394
  22    0.0289888  -0.03562347
  23    0.0103295  -0.01549367
  24    0.0113026  -0.01769016
  25    0.0164467  -0.02443971
  26    0.0159342  -0.02147892
  27    0.0149299  -0.02098111
  28    0.0233365  -0.04072246
  29    0.0187530  -0.03293303
  30    0.0161441  -0.02741862
  31    0.0160385  -0.02544196
  32    0.0108873  -0.01890457
  33    0.0045058  -0.00890396
  34    0.0072956  -0.01653458
  35    0.0050615  -0.01181535
  36    0.0000132  -0.00033208
  37    0.0000085  -0.00020779
  38    0.0000055  -0.00014895
  39    0.0000018  -0.00002667
  40    0.0000010  -0.00000903
  41    0.0004061  -0.00100472
  42    0.0041198  -0.00654035
  43    0.0037376  -0.00655910
  44    0.0104474  -0.01604059
  45    0.0040863  -0.00796772
  46    0.0046984  -0.00750530
  47    0.0042988  -0.00711303
  48    0.0037878  -0.00845304
  49    0.0037756  -0.00804792
  50    0.0056804  -0.01046770
  51    0.0040538  -0.00797216
  52    0.0022175  -0.00543694
  53    0.0035115  -0.00715047
  54    0.0046144  -0.01011985
  55    0.0020977  -0.00780589
  56    0.0000019  -0.00003171
  57    0.0000043  -0.00012369
  58    0.0000019  -0.00001689
  59    0.0000015  -0.00001852
  60    0.0000010  -0.00002191
  61    0.0001343  -0.00039263
  62    0.0006816  -0.00137601
  63    0.0029982  -0.00539361
  64    0.0026754  -0.00480109
  65    0.0035239  -0.00670593
  66    0.0026252  -0.00468961
  67    0.0019309  -0.00378459
  68    0.0002529  -0.00080365
  69    0.0011187  -0.00301236
  70    0.0010923  -0.00258999
  71    0.0016143  -0.00399051
  72    0.0015315  -0.00556788
  73    0.0024135  -0.00546807
  74    0.0012002  -0.00456810
  75    0.0009873  -0.00405061
  76    0.0000012  -0.00003678
  77    0.0000024  -0.00004160
  78    0.0000013  -0.00004240
  79    0.0000008  -0.00001895
  80    0.0000007  -0.00003380
  81    0.0000202  -0.00006742
  82    0.0000903  -0.00024924
  83    0.0028800  -0.00521835
  84    0.0010241  -0.00240938
  85    0.0030468  -0.00597329
  86    0.0011757  -0.00266290
  87    0.0009517  -0.00271086
  88    0.0001739  -0.00058365
  89    0.0005253  -0.00149593
  90    0.0006330  -0.00165947
  91    0.0009742  -0.00268133
  92    0.0012517  -0.00417713
  93    0.0016536  -0.00661915
  94    0.0005763  -0.00172127
  95    0.0007703  -0.00328565
  96    0.0000006  -0.00001059
  97    0.0000011  -0.00001449
  98    0.0000012  -0.00002534
  99    0.0000007  -0.00001066
 100    0.0000005  -0.00001724
 101    0.0000177  -0.00006624
 102    0.0000342  -0.00010926
 103    0.0016447  -0.00425148
 104    0.0006185  -0.00140771
 105    0.0004093  -0.00116091
 106    0.0005535  -0.00128418
 107    0.0006527  -0.00150210
 108    0.0001603  -0.00057269
 109    0.0002341  -0.00072224
 110    0.0002801  -0.00074923
 111    0.0005270  -0.00144978
 112    0.0009051  -0.00261843
 113    0.0011782  -0.00424638
 114    0.0004874  -0.00240466
 115    0.0006263  -0.00272225
 116    0.0000005  -0.00000339
 117    0.0000011  -0.00001566
 118    0.0000007  -0.00001120
 119    0.0000007  -0.00001311
 120    0.0000005  -0.00000783
 121    0.0000072  -0.00002414
 122    0.0000297  -0.00010546
 123    0.0009505  -0.00278184
 124    0.0003988  -0.00105143
 125    0.0003907  -0.00112018
 126    0.0002861  -0.00073266
 127    0.0004485  -0.00116071
 128    0.0001203  -0.00041559
 129    0.0001192  -0.00041781
 130    0.0001847  -0.00053849
 131    0.0003681  -0.00114084
 132    0.0005776  -0.00190890
 133    0.0009777  -0.00398738
 134    0.0003127  -0.00128696
 135    0.0004575  -0.00183442
 136    0.0000004  -0.00000211
 137    0.0000008  -0.00001205
 138    0.0000006  -0.00000358
 139    0.0000006  -0.00001444
 140    0.0000003  -0.00000236
 141    0.0000068  -0.00002127
 142    0.0000217  -0.00006543
 143    0.0008184  -0.00207058
 144    0.0002726  -0.00069181
 145    0.0001545  -0.00048119
 146    0.0001836  -0.00049587
 147    0.0003438  -0.00085620
 148    0.0000648  -0.00023978
 149    0.0000909  -0.00030459
 150    0.0001444  -0.00044625
 151    0.0002344  -0.00073659
 152    0.0004831  -0.00150072
 153    0.0004212  -0.00148966
 154    0.0001676  -0.00075975
 155    0.0004235  -0.00198448
 156    0.0000003  -0.00000161
 157    0.0000004  -0.00000255
 158    0.0000005  -0.00000302
 159    0.0000006  -0.00001260
 160    0.0000003  -0.00000163
 161    0.0000048  -0.00001445
 162    0.0000133  -0.00004807
 163    0.0007523  -0.00179756
 164    0.0002522  -0.00072658
 165    0.0001178  -0.00039921
 166    0.0000978  -0.00028827
 167    0.0001769  -0.00050418
 168    0.0000613  -0.00022350
 169    0.0000497  -0.00018733
 170    0.0001032  -0.00032086
 171    0.0002039  -0.00064808
 172    0.0003203  -0.00093901
 173    0.0002983  -0.00103567
 174    0.0001446  -0.00095395
 175    0.0003522  -0.00167691
 176    0.0000003  -0.00000165
 177    0.0000003  -0.00000191
 178    0.0000004  -0.00000248
 179    0.0000005  -0.00000441
 180    0.0000003  -0.00000153
 181    0.0000032  -0.00000998
 182    0.0000114  -0.00004271
 183    0.0003628  -0.00093239
 184    0.0001590  -0.00046489
 185    0.0000602  -0.00019356
 186    0.0000870  -0.00025397
 187    0.0001442  -0.00042431
 188    0.0000382  -0.00014959
 189    0.0000418  -0.00015939
 190    0.0000988  -0.00032099
 191    0.0001396  -0.00049072
 192    0.0002838  -0.00086028
 193    0.0001928  -0.00069806
 194    0.0001278  -0.00056877
 195    0.0002669  -0.00139958
 196    0.0000003  -0.00000135
 197    0.0000003  -0.00000160
 198    0.0000004  -0.00000224
 199    0.0000004  -0.00000242
 200    0.0000003  -0.00000152
 201    0.0000022  -0.00000757
 202    0.0000108  -0.00004145
 203    0.0002854  -0.00074556
 204    0.0000290  -0.00012015
 205    0.0000406  -0.00014296
 206    0.0000654  -0.00020469
 207    0.0001334  -0.00039530
 208    0.0000262  -0.00011262
 209    0.0000349  -0.00014883
 210    0.0000738  -0.00025119
 211    0.0001178  -0.00040942
 212    0.0001747  -0.00053820
 213    0.0001678  -0.00094674
 214    0.0000613  -0.00035707
 215    0.0002181  -0.00132842
 216    0.0000003  -0.00000137
 217    0.0000003  -0.00000161
 218    0.0000004  -0.00000194
 219    0.0000003  -0.00000171
 220    0.0000003  -0.00000140
 221    0.0000021  -0.00000694
 222    0.0000100  -0.00003599
 223    0.0000872  -0.00028572
 224    0.0000202  -0.00008366
 225    0.0000372  -0.00013870
 226    0.0000450  -0.00014521
 227    0.0001236  -0.00035858
 228    0.0000239  -0.00010368
 229    0.0000177  -0.00008227
 230    0.0000510  -0.00017548
 231    0.0000848  -0.00029509
 232    0.0000745  -0.00027166
 233    0.0001493  -0.00094252
 234    0.0000438  -0.00020296
 235    0.0001561  -0.00105982
 236    0.0000003  -0.00000107
 237    0.0000002  -0.00000115
 238    0.0000004  -0.00000204
 239    0.0000003  -0.00000135
 240    0.0000002  -0.00000119
 241    0.0000019  -0.00000625
 242    0.0000091  -0.00003471
 243    0.0000780  -0.00026619
 244    0.0000144  -0.00006431
 245    0.0000268  -0.00010540
 246    0.0000392  -0.00013500
 247    0.0001217  -0.00037597
 248    0.0000199  -0.00009025
 249    0.0000170  -0.00007716
 250    0.0000453  -0.00016343
 251    0.0000628  -0.00022684
 252    0.0000703  -0.00026210
 253    0.0001023  -0.00042305
 254    0.0000347  -0.00029085
 255    0.0001208  -0.00077133
 256    0.0000002  -0.00000119
 257    0.0000002  -0.00000085
 258    0.0000003  -0.00000161
 259    0.0000002  -0.00000104
 260    0.0000002  -0.00000110
 261    0.0000016  -0.00000569
 262    0.0000068  -0.00002343
 263    0.0000693  -0.00023094
 264    0.0000107  -0.00004869
 265    0.0000226  -0.00009082
 266    0.0000246  -0.00009653
 267    0.0000990  -0.00030520
 268    0.0000153  -0.00006728
 269    0.0000166  -0.00007544
 270    0.0000408  -0.00014123
 271    0.0000553  -0.00020477
 272    0.0000563  -0.00019818
 273    0.0000749  -0.00028316
 274    0.0000298  -0.00018520
 275    0.0000760  -0.00034792
 276    0.0000002  -0.00000087
 277    0.0000002  -0.00000090
 278    0.0000003  -0.00000146
 279    0.0000002  -0.00000109
 280    0.0000002  -0.00000083
 281    0.0000014  -0.00000449
 282    0.0000064  -0.00002042
 283    0.0000410  -0.00014956
 284    0.0000097  -0.00004405
 285    0.0000206  -0.00008353
 286    0.0000135  -0.00005713
 287    0.0000828  -0.00025224
 288    0.0000105  -0.00004688
 289    0.0000134  -0.00006213
 290    0.0000253  -0.00010344
 291    0.0000512  -0.00018139
 292    0.0000502  -0.00019631
 293    0.0000723  -0.00035947
 294    0.0000279  -0.00015046
 295    0.0000685  -0.00035887
 296    0.0000002  -0.00000084
 297    0.0000002  -0.00000082
 298    0.0000003  -0.00000134
 299    0.0000002  -0.00000090
 300    0.0000002  -0.00000080
 301    0.0000012  -0.00000390
 302    0.0000054  -0.00001755
 303    0.0000345  -0.00012561
 304    0.0000089  -0.00003973
 305    0.0000197  -0.00007736
 306    0.0000095  -0.00004471
 307    0.0000382  -0.00014103
 308    0.0000094  -0.00004325
 309    0.0000134  -0.00006424
 310    0.0000178  -0.00007884
 311    0.0000308  -0.00012927
 312    0.0000423  -0.00016603
 313    0.0000516  -0.00023295
 314    0.0000247  -0.00013283
 315    0.0000551  -0.00025957
 316    0.0000002  -0.00000077
 317    0.0000002  -0.00000069
 318    0.0000003  -0.00000134
 319    0.0000002  -0.00000082
 320    0.0000002  -0.00000083
 321    0.0000010  -0.00000315
 322    0.0000043  -0.00001406
 323    0.0000300  -0.00011963
 324    0.0000077  -0.00003604
 325    0.0000182  -0.00006606
 326    0.0000071  -0.00003364
 327    0.0000237  -0.00009761
 328    0.0000092  -0.00004466
 329    0.0000116  -0.00005373
 330    0.0000084  -0.00004414
 331    0.0000266  -0.00011300
 332    0.0000376  -0.00015090
 333    0.0000470  -0.00020966
 334    0.0000206  -0.00010502
 335    0.0000527  -0.00025686
 336    0.0000002  -0.00000075
 337    0.0000002  -0.00000067
 338    0.0000003  -0.00000130
 339    0.0000002  -0.00000066
 340    0.0000002  -0.00000074
 341    0.0000010  -0.00000286
 342    0.0000028  -0.00000920
 343    0.0000200  -0.00008607
 344    0.0000067  -0.00003199
 345    0.0000162  -0.00006625
 346    0.0000059  -0.00002846
 347    0.0000196  -0.00008136
 348    0.0000065  -0.00003184
 349    0.0000113  -0.00005478
 350    0.0000073  -0.00003603
 351    0.0000149  -0.00006788
 352    0.0000205  -0.00010391
 353    0.0000421  -0.00018267
 354    0.0000150  -0.00008573
 355    0.0000470  -0.00022034
 356    0.0000002  -0.00000060
 357    0.0000001  -0.00000051
 358    0.0000002  -0.00000108
 359    0.0000002  -0.00000064
 360    0.0000002  -0.00000061
 361    0.0000008  -0.00000222
 362    0.0000024  -0.00000791
 363    0.0000172  -0.00007555
 364    0.0000060  -0.00002867
 365    0.0000138  -0.00005384
 366    0.0000046  -0.00002131
 367    0.0000194  -0.00008005
 368    0.0000059  -0.00002831
 369    0.0000065  -0.00003496
 370    0.0000061  -0.00003283
 371    0.0000122  -0.00005526
 372    0.0000149  -0.00007560
 373    0.0000364  -0.00016723
 374    0.0000125  -0.00006681
 375    0.0000429  -0.00021635
 376    0.0000002  -0.00000055
 377    0.0000001  -0.00000051
 378    0.0000002  -0.00000112
 379    0.0000001  -0.00000053
 380    0.0000002  -0.00000062
 381    0.0000008  -0.00000202
 382    0.0000013  -0.00000391
 383    0.0000127  -0.00005618
 384    0.0000033  -0.00001419
 385    0.0000112  -0.00004766
 386    0.0000042  -0.00001799
 387    0.0000146  -0.00006355
 388    0.0000051  -0.00002442
 389    0.0000062  -0.00003310
 390    0.0000046  -0.00002360
 391    0.0000085  -0.00004037
 392    0.0000146  -0.00007304
 393    0.0000332  -0.00015072
 394    0.0000124  -0.00006691
 395    0.0000394  -0.00021405
 396    0.0000001  -0.00000054
 397    0.0000001  -0.00000050
 398    0.0000002  -0.00000104
 399    0.0000001  -0.00000057
 400    0.0000001  -0.00000055
 401    0.0000007  -0.00000163
 402    0.0000013  -0.00000414
 403    0.0000123  -0.00005581
 404    0.0000033  -0.00001457
 405    0.0000108  -0.00004937
 406    0.0000040  -0.00001704
 407    0.0000111  -0.00005202
 408    0.0000047  -0.00002161
 409    0.0000043  -0.00002079
 410    0.0000045  -0.00002225
 411    0.0000064  -0.00003269
 412    0.0000126  -0.00006526
 413    0.0000269  -0.00013581
 414    0.0000121  -0.00006379
 415    0.0000339  -0.00028825
 416    0.0000001  -0.00000053
 417    0.0000001  -0.00000045
 418    0.0000002  -0.00000096
 419    0.0000001  -0.00000045
 420    0.0000001  -0.00000061
 421    0.0000004  -0.00000045
 422    0.0000009  -0.00000256
 423    0.0000106  -0.00005015
 424    0.0000024  -0.00001049
 425    0.0000093  -0.00004195
 426    0.0000039  -0.00001763
 427    0.0000085  -0.00004116
 428    0.0000032  -0.00001372
 429    0.0000040  -0.00002004
 430    0.0000026  -0.00001232
 431    0.0000055  -0.00002890
 432    0.0000086  -0.00004805
 433    0.0000225  -0.00011706
 434    0.0000105  -0.00005924
 435    0.0000323  -0.00035363
 436    0.0000001  -0.00000046
 437    0.0000001  -0.00000041
 438    0.0000002  -0.00000101
 439    0.0000001  -0.00000034
 440    0.0000001  -0.00000044
 441    0.0000004  -0.00000044
 442    0.0000007  -0.00000175
 443    0.0000084  -0.00004152
 444    0.0000016  -0.00000703
 445    0.0000081  -0.00003812
 446    0.0000028  -0.00001294
 447    0.0000050  -0.00002602
 448    0.0000023  -0.00001091
 449    0.0000028  -0.00001408
 450    0.0000022  -0.00001102
 451    0.0000037  -0.00001782
 452    0.0000064  -0.00003958
 453    0.0000119  -0.00007119
 454    0.0000084  -0.00004725
 455    0.0000290  -0.00027272
 456    0.0000001  -0.00000031
 457    0.0000001  -0.00000030
 458    0.0000002  -0.00000082
 459    0.0000001  -0.00000034
 460    0.0000001  -0.00000025
 461    0.0000003  -0.00000044
 462    0.0000006  -0.00000158
 463    0.0000058  -0.00003074
 464    0.0000015  -0.00000647
 465    0.0000077  -0.00003630
 466    0.0000022  -0.00000980
 467    0.0000046  -0.00002042
 468    0.0000013  -0.00000598
 469    0.0000027  -0.00001353
 470    0.0000021  -0.00001038
 471    0.0000035  -0.00001641
 472    0.0000063  -0.00003918
 473    0.0000064  -0.00003974
 474    0.0000061  -0.00003560
 475    0.0000204  -0.00017949
 476    0.0000001  -0.00000023
 477    0.0000001  -0.00000025
 478    0.0000002  -0.00000069
 479    0.0000001  -0.00000015
 480    0.0000001  -0.00000033
 481    0.0000002  -0.00000042
 482    0.0000006  -0.00000149
 483    0.0000023  -0.00001184
 484    0.0000014  -0.00000627
 485    0.0000072  -0.00003255
 486    0.0000020  -0.00000878
 487    0.0000036  -0.00001636
 488    0.0000011  -0.00000428
 489    0.0000017  -0.00000786
 490    0.0000017  -0.00000694
 491    0.0000033  -0.00001573
 492    0.0000044  -0.00002523
 493    0.0000059  -0.00003541
 494    0.0000045  -0.00002604
 495    0.0000105  -0.00008912
 496    0.0000001  -0.00000018
 497    0.0000001  -0.00000031
 498    0.0000002  -0.00000069
 499    0.0000001  -0.00000016
 500    0.0000001  -0.00000019
 501    0.0000002  -0.00000040
 502    0.0000005  -0.00000093
 503    0.0000023  -0.00001087
 504    0.0000014  -0.00000607
 505    0.0000032  -0.00001256
 506    0.0000018  -0.00000828
 507    0.0000034  -0.00001526
 508    0.0000007  -0.00000242
 509    0.0000014  -0.00000687
 510    0.0000011  -0.00000487
 511    0.0000032  -0.00001475
 512    0.0000044  -0.00002399
 513    0.0000030  -0.00001793
 514    0.0000037  -0.00002064
 515    0.0000096  -0.00005759
 516    0.0000001  -0.00000016
 517    0.0000001  -0.00000014
 518    0.0000001  -0.00000058
 519    0.0000001  -0.00000016
 520    0.0000001  -0.00000015
 
----------------
 Final Energies 
----------------
Final NOF Total Energy =    -228.2118918
 
Total Orbital Internal Iterations = 540
Total Occupation Internal Iterations = 577
 
Elapsed time: 3034.23 Seconds

---------------------------------
   Lowdin Population Analysis    
---------------------------------
 Idx  Atom   Population   Charge 
---------------------------------
  1     C     5.886       0.114
  2     C     5.854       0.146
  3     N     6.764       0.236
  4     N     6.671       0.329
  5     C     5.899       0.101
  6     H     1.089      -0.089
  7     H     1.092      -0.092
  8     H     1.090      -0.090
  9     H     1.093      -0.093
 10     H     1.249      -0.249
 11     H     1.125      -0.125
 12     H     1.096      -0.096
 13     H     1.091      -0.091

---------------------------------
   M Diagnostic: 0.04
---------------------------------

