Computing Integrals
Basis Set                                            = def2-qzvp
Auxiliary Basis Set                                  = def2-universal-jkfit
Gaussian Type                                        = Spherical
Elapsed time:    7.10 Seconds

Number of basis functions                   (NBF)    = 495
Number of auxiliary basis functions         (NBFAUX) = 503
Inactive Doubly occupied orbitals up to     (NO1)    = 0
No. considered Strongly Doubly occupied MOs (NDOC)   = 19
No. considered Strongly Singly occupied MOs (NSOC)   = 0
NO. of Weakly occ. per St. Doubly occ.  MOs (NCWO)   = 25
Dimension of the Nat. Orb. subspace         (NBF5)   = 494
No. of electrons                                     = 38
    No. of alpha electrons                           = 19
    No. of beta electrons                            = 19
Multiplicity                                         = 1

Geometry
========
 C       1.2760904      -0.7732734       0.0000000
 C       1.2313472       0.5890534       0.0000000
 C      -1.1819238       1.0732497       0.0000000
 N      -1.4943519      -0.1990555       0.0000000
 C      -1.0663852      -1.3384017       0.0000000
 H       1.4201582      -1.3308488      -0.9170894
 H       1.4201582      -1.3308488       0.9170894
 H       1.3453620       1.1502202      -0.9195679
 H       1.3453620       1.1502202       0.9195679
 H      -1.3003145       1.6193243       0.9290035
 H      -1.3003145       1.6193243      -0.9290035
 H      -1.6951880      -2.2289638       0.0000000

No violations of the orthonormality
No violations of the orthonormality
 
PNOF8/ADAM Calculation
==================
 
  Nitext  Nit_orb  Time   Nit_occ  Time         Eelec          Etot           Ediff      maxdiff    MaxGrad_orb  Grad_occ
     1      10    4.3e+01   17    2.2e+01  -345.05424396  -187.06829988 -10344.05424396   1.430017   5.7e+00   2.1e-04 0.00
     2      10    3.3e+01  114    5.8e+01  -358.07499653  -200.08905246   -13.02075258   0.269005   1.1e+00   1.8e-04 0.01
     3      10    3.4e+01   57    3.0e+01  -363.44098094  -205.45503687    -5.36598441   1.655143   6.6e+00   3.0e-04 0.02
     4      10    3.4e+01   29    1.6e+01  -364.16836541  -206.18242133    -0.72738447   0.221631   8.9e-01   2.4e-04 0.03
     5      10    3.4e+01   38    2.0e+01  -364.52892315  -206.54297908    -0.36055775   0.186008   7.4e-01   1.9e-04 0.03
     6      10    3.4e+01   24    1.4e+01  -364.87403549  -206.88809141    -0.34511233   0.176888   7.1e-01   2.6e-04 0.03
     7      10    3.3e+01   27    1.5e+01  -365.50132329  -207.51537921    -0.62728780   0.163256   6.5e-01   2.5e-04 0.04
     8      10    3.4e+01    0    2.4e+00  -365.50313262  -207.51718855    -0.00180934   0.163250   6.5e-01   2.5e-04 0.04
     9      30    9.5e+01   31    1.7e+01  -367.74107856  -209.75513449    -2.23794593   0.113804   4.6e-01   1.7e-04 0.04
    10      30    9.4e+01   13    8.5e+00  -368.15008986  -210.16414579    -0.40901130   0.132624   5.3e-01   3.0e-04 0.04
    11      30    9.6e+01   23    1.3e+01  -368.38265616  -210.39671209    -0.23256631   0.135837   5.4e-01   1.9e-04 0.04
    12      30    9.4e+01   16    1.0e+01  -368.55647295  -210.57052888    -0.17381679   0.126486   5.1e-01   2.2e-04 0.04
    13      30    9.6e+01   15    9.5e+00  -368.69103235  -210.70508828    -0.13455940   0.117007   4.7e-01   2.5e-04 0.04
    14      30    9.5e+01   11    7.6e+00  -368.79141377  -210.80546969    -0.10038141   0.099956   4.0e-01   2.6e-04 0.03
    15      30    9.5e+01   15    9.5e+00  -368.86332154  -210.87737746    -0.07190777   0.076684   3.1e-01   2.1e-04 0.03
    16      30    9.5e+01   11    7.6e+00  -368.90640697  -210.92046290    -0.04308544   0.051276   2.1e-01   2.3e-04 0.03
    17      30    9.5e+01   11    7.6e+00  -368.92884632  -210.94290225    -0.02243934   0.027328   1.1e-01   2.2e-04 0.04
    18      30    9.5e+01   11    7.5e+00  -368.93764784  -210.95170377    -0.00880152   0.009611   3.8e-02   2.2e-04 0.04
    19      30    9.5e+01   17    1.0e+01  -368.94005588  -210.95411181    -0.00240803   0.075684   3.0e-01   1.6e-04 0.04
    20      30    9.5e+01    7    5.6e+00  -368.94149274  -210.95554867    -0.00143687   0.010003   4.0e-02   2.1e-04 0.04
    21      30    9.6e+01   10    7.1e+00  -368.94191289  -210.95596882    -0.00042015   0.009178   3.7e-02   1.9e-04 0.04
    22      30    9.5e+01    8    6.3e+00  -368.94239905  -210.95645498    -0.00048616   0.008062   3.2e-02   2.6e-04 0.04
    23      30    9.6e+01    7    5.6e+00  -368.94289181  -210.95694774    -0.00049275   0.007180   2.9e-02   2.2e-04 0.04
    24      30    9.5e+01   12    8.1e+00  -368.94329972  -210.95735565    -0.00040791   0.007472   3.0e-02   1.9e-04 0.04
    25      30    9.6e+01    6    5.1e+00  -368.94358211  -210.95763804    -0.00028240   0.007196   2.9e-02   2.4e-04 0.04
    26      30    9.5e+01    6    5.2e+00  -368.94396344  -210.95801937    -0.00038132   0.007088   2.8e-02   2.4e-04 0.04
    27      30    9.5e+01   10    7.1e+00  -368.94442987  -210.95848579    -0.00046643   0.006514   2.6e-02   1.3e-04 0.04
    28      30    9.5e+01    4    4.2e+00  -368.94466546  -210.95872139    -0.00023559   0.009377   3.8e-02   2.5e-04 0.04
    29      30    9.5e+01    0    2.4e+00  -368.94469554  -210.95875147    -0.00003008   0.009377   3.8e-02   2.5e-04 0.04
    30      50    1.6e+02    6    5.3e+00  -368.94610513  -210.96016106    -0.00140959   0.000458   1.8e-03   2.3e-04 0.04
 
RESULTS OF THE OCCUPATION OPTIMIZATION
========================================
   1    1.9999845  -13.31761133
   2    1.9999869  -12.78076472
   3    1.9999831  -11.55838406
   4    1.9999828  -11.51421199
   5    1.9999844  -11.46954320
   6    1.9876265  -1.26925801
   7    1.9857764  -0.98331610
   8    1.9830134  -0.93467158
   9    1.9769342  -0.82741274
  10    1.9758820  -0.73866063
  11    1.9739024  -0.65813495
  12    1.9745063  -0.65289657
  13    1.9726375  -0.62713836
  14    1.9733944  -0.62702000
  15    1.9726421  -0.62301935
  16    1.9759838  -0.55030061
  17    1.9657774  -0.52595442
  18    1.9661471  -0.38304925
  19    1.9632987  -0.37979388
  20    0.0354736  -0.04745108
  21    0.0304279  -0.03579113
  22    0.0304172  -0.03894697
  23    0.0118946  -0.02257760
  24    0.0122083  -0.01952084
  25    0.0153905  -0.02239445
  26    0.0117760  -0.01777003
  27    0.0135635  -0.01990899
  28    0.0141316  -0.02022409
  29    0.0147442  -0.02160059
  30    0.0182757  -0.03491952
  31    0.0039997  -0.00838907
  32    0.0055359  -0.01127741
  33    0.0053294  -0.01393709
  34    0.0000056  -0.00013372
  35    0.0000046  -0.00012742
  36    0.0000076  -0.00018482
  37    0.0000051  -0.00013178
  38    0.0000086  -0.00022787
  39    0.0004246  -0.00102409
  40    0.0010705  -0.00207409
  41    0.0028919  -0.00539987
  42    0.0039865  -0.00852774
  43    0.0107978  -0.01718814
  44    0.0045940  -0.00763830
  45    0.0110767  -0.01660416
  46    0.0031000  -0.00560808
  47    0.0039571  -0.00702286
  48    0.0035634  -0.00659912
  49    0.0010250  -0.00296242
  50    0.0035901  -0.00734677
  51    0.0040349  -0.00826119
  52    0.0016709  -0.00713649
  53    0.0000019  -0.00001475
  54    0.0000032  -0.00002487
  55    0.0000017  -0.00001415
  56    0.0000021  -0.00001828
  57    0.0000007  -0.00001592
  58    0.0002728  -0.00066438
  59    0.0006863  -0.00138702
  60    0.0005971  -0.00144160
  61    0.0031034  -0.00706670
  62    0.0032752  -0.00581715
  63    0.0036063  -0.00590783
  64    0.0031575  -0.00531191
  65    0.0028176  -0.00528283
  66    0.0030326  -0.00532023
  67    0.0028716  -0.00507276
  68    0.0009508  -0.00302412
  69    0.0029543  -0.00692399
  70    0.0016770  -0.00691797
  71    0.0013230  -0.00566775
  72    0.0000011  -0.00003476
  73    0.0000018  -0.00001425
  74    0.0000012  -0.00003908
  75    0.0000010  -0.00003551
  76    0.0000007  -0.00001174
  77    0.0001717  -0.00043691
  78    0.0006341  -0.00127132
  79    0.0001901  -0.00052786
  80    0.0022373  -0.00490694
  81    0.0007341  -0.00174661
  82    0.0009566  -0.00214680
  83    0.0009435  -0.00206358
  84    0.0020036  -0.00444315
  85    0.0018182  -0.00377027
  86    0.0016936  -0.00368361
  87    0.0006881  -0.00215739
  88    0.0021956  -0.00545946
  89    0.0011453  -0.00567607
  90    0.0007876  -0.00320204
  91    0.0000010  -0.00004115
  92    0.0000011  -0.00005024
  93    0.0000008  -0.00001747
  94    0.0000005  -0.00002765
  95    0.0000006  -0.00000412
  96    0.0000717  -0.00020830
  97    0.0002776  -0.00061900
  98    0.0000406  -0.00013969
  99    0.0011222  -0.00286523
 100    0.0000549  -0.00017833
 101    0.0007630  -0.00194485
 102    0.0001216  -0.00037193
 103    0.0012749  -0.00301029
 104    0.0011319  -0.00279609
 105    0.0002503  -0.00069973
 106    0.0005350  -0.00154659
 107    0.0013714  -0.00469959
 108    0.0003313  -0.00163748
 109    0.0005856  -0.00203259
 110    0.0000009  -0.00000995
 111    0.0000008  -0.00001461
 112    0.0000006  -0.00001291
 113    0.0000005  -0.00000333
 114    0.0000005  -0.00000348
 115    0.0000602  -0.00018600
 116    0.0002389  -0.00060132
 117    0.0000164  -0.00006017
 118    0.0003359  -0.00098668
 119    0.0000498  -0.00016426
 120    0.0004246  -0.00099227
 121    0.0000623  -0.00019726
 122    0.0009370  -0.00263762
 123    0.0005567  -0.00139713
 124    0.0002325  -0.00068080
 125    0.0004971  -0.00151570
 126    0.0009654  -0.00406810
 127    0.0003269  -0.00144396
 128    0.0005076  -0.00184533
 129    0.0000005  -0.00000287
 130    0.0000008  -0.00000784
 131    0.0000005  -0.00000293
 132    0.0000003  -0.00000140
 133    0.0000005  -0.00000333
 134    0.0000419  -0.00013182
 135    0.0001103  -0.00029476
 136    0.0000155  -0.00005263
 137    0.0002962  -0.00084164
 138    0.0000445  -0.00014906
 139    0.0002924  -0.00076202
 140    0.0000520  -0.00016538
 141    0.0005325  -0.00142889
 142    0.0003567  -0.00093491
 143    0.0001703  -0.00049867
 144    0.0003072  -0.00108839
 145    0.0006554  -0.00185621
 146    0.0002829  -0.00116554
 147    0.0004328  -0.00272866
 148    0.0000004  -0.00000289
 149    0.0000006  -0.00000627
 150    0.0000004  -0.00000209
 151    0.0000003  -0.00000123
 152    0.0000004  -0.00000217
 153    0.0000320  -0.00010444
 154    0.0000860  -0.00022478
 155    0.0000086  -0.00003291
 156    0.0002356  -0.00066861
 157    0.0000244  -0.00009610
 158    0.0001923  -0.00051179
 159    0.0000400  -0.00014211
 160    0.0004469  -0.00108611
 161    0.0003162  -0.00081504
 162    0.0001286  -0.00039630
 163    0.0001848  -0.00062323
 164    0.0003724  -0.00113659
 165    0.0001774  -0.00074876
 166    0.0003426  -0.00201321
 167    0.0000004  -0.00000267
 168    0.0000005  -0.00000290
 169    0.0000004  -0.00000217
 170    0.0000003  -0.00000109
 171    0.0000004  -0.00000182
 172    0.0000301  -0.00010396
 173    0.0000796  -0.00022566
 174    0.0000074  -0.00002788
 175    0.0001991  -0.00059462
 176    0.0000240  -0.00009038
 177    0.0000777  -0.00025138
 178    0.0000264  -0.00010904
 179    0.0003031  -0.00080300
 180    0.0001741  -0.00047224
 181    0.0001185  -0.00036141
 182    0.0001645  -0.00054264
 183    0.0002024  -0.00078766
 184    0.0001510  -0.00084266
 185    0.0002360  -0.00146691
 186    0.0000004  -0.00000223
 187    0.0000004  -0.00000220
 188    0.0000004  -0.00000218
 189    0.0000003  -0.00000104
 190    0.0000003  -0.00000176
 191    0.0000239  -0.00009037
 192    0.0000713  -0.00020362
 193    0.0000054  -0.00002008
 194    0.0001736  -0.00051012
 195    0.0000214  -0.00008668
 196    0.0000648  -0.00021147
 197    0.0000215  -0.00008774
 198    0.0001243  -0.00037993
 199    0.0001524  -0.00041528
 200    0.0000657  -0.00023977
 201    0.0000924  -0.00034918
 202    0.0001303  -0.00050567
 203    0.0001060  -0.00057404
 204    0.0002143  -0.00079732
 205    0.0000003  -0.00000137
 206    0.0000004  -0.00000232
 207    0.0000003  -0.00000156
 208    0.0000003  -0.00000091
 209    0.0000003  -0.00000137
 210    0.0000197  -0.00006524
 211    0.0000436  -0.00013182
 212    0.0000054  -0.00001915
 213    0.0001339  -0.00039595
 214    0.0000175  -0.00006827
 215    0.0000542  -0.00017365
 216    0.0000193  -0.00008228
 217    0.0000994  -0.00029454
 218    0.0001127  -0.00032810
 219    0.0000519  -0.00018222
 220    0.0000857  -0.00030356
 221    0.0001229  -0.00054395
 222    0.0000768  -0.00043221
 223    0.0001454  -0.00071858
 224    0.0000003  -0.00000121
 225    0.0000004  -0.00000199
 226    0.0000003  -0.00000174
 227    0.0000002  -0.00000089
 228    0.0000003  -0.00000104
 229    0.0000152  -0.00004827
 230    0.0000216  -0.00006631
 231    0.0000048  -0.00001590
 232    0.0001018  -0.00035401
 233    0.0000168  -0.00006549
 234    0.0000346  -0.00012547
 235    0.0000186  -0.00007716
 236    0.0000725  -0.00023369
 237    0.0000974  -0.00029586
 238    0.0000481  -0.00017466
 239    0.0000695  -0.00025460
 240    0.0000966  -0.00040807
 241    0.0000641  -0.00025410
 242    0.0001364  -0.00097550
 243    0.0000003  -0.00000121
 244    0.0000003  -0.00000176
 245    0.0000003  -0.00000136
 246    0.0000002  -0.00000076
 247    0.0000002  -0.00000112
 248    0.0000129  -0.00004324
 249    0.0000199  -0.00006141
 250    0.0000038  -0.00001256
 251    0.0000413  -0.00015384
 252    0.0000156  -0.00005928
 253    0.0000247  -0.00009946
 254    0.0000075  -0.00003514
 255    0.0000650  -0.00021507
 256    0.0000631  -0.00020336
 257    0.0000415  -0.00014854
 258    0.0000542  -0.00019971
 259    0.0000854  -0.00045766
 260    0.0000530  -0.00027357
 261    0.0001259  -0.00068941
 262    0.0000003  -0.00000119
 263    0.0000003  -0.00000122
 264    0.0000002  -0.00000090
 265    0.0000002  -0.00000060
 266    0.0000002  -0.00000072
 267    0.0000117  -0.00004048
 268    0.0000146  -0.00005025
 269    0.0000037  -0.00001191
 270    0.0000368  -0.00014301
 271    0.0000131  -0.00005140
 272    0.0000226  -0.00009288
 273    0.0000072  -0.00003414
 274    0.0000434  -0.00014965
 275    0.0000344  -0.00013514
 276    0.0000357  -0.00013734
 277    0.0000359  -0.00015033
 278    0.0000663  -0.00034920
 279    0.0000523  -0.00024119
 280    0.0001216  -0.00061613
 281    0.0000003  -0.00000118
 282    0.0000002  -0.00000083
 283    0.0000002  -0.00000102
 284    0.0000002  -0.00000066
 285    0.0000002  -0.00000075
 286    0.0000114  -0.00003675
 287    0.0000118  -0.00004127
 288    0.0000032  -0.00001083
 289    0.0000315  -0.00012652
 290    0.0000127  -0.00004880
 291    0.0000195  -0.00008227
 292    0.0000052  -0.00002395
 293    0.0000306  -0.00011959
 294    0.0000297  -0.00011537
 295    0.0000338  -0.00013334
 296    0.0000255  -0.00011002
 297    0.0000365  -0.00018462
 298    0.0000419  -0.00022914
 299    0.0000881  -0.00037933
 300    0.0000002  -0.00000095
 301    0.0000002  -0.00000087
 302    0.0000002  -0.00000099
 303    0.0000002  -0.00000062
 304    0.0000002  -0.00000061
 305    0.0000090  -0.00003363
 306    0.0000115  -0.00003703
 307    0.0000031  -0.00000966
 308    0.0000248  -0.00010480
 309    0.0000105  -0.00004296
 310    0.0000169  -0.00007288
 311    0.0000049  -0.00002154
 312    0.0000217  -0.00009106
 313    0.0000267  -0.00010831
 314    0.0000148  -0.00006386
 315    0.0000174  -0.00008025
 316    0.0000311  -0.00016110
 317    0.0000381  -0.00025594
 318    0.0000735  -0.00030222
 319    0.0000002  -0.00000092
 320    0.0000002  -0.00000069
 321    0.0000002  -0.00000088
 322    0.0000002  -0.00000065
 323    0.0000002  -0.00000062
 324    0.0000062  -0.00001760
 325    0.0000104  -0.00003646
 326    0.0000015  -0.00000456
 327    0.0000100  -0.00004458
 328    0.0000098  -0.00003959
 329    0.0000145  -0.00005814
 330    0.0000045  -0.00001883
 331    0.0000143  -0.00006218
 332    0.0000238  -0.00009619
 333    0.0000130  -0.00005771
 334    0.0000139  -0.00006475
 335    0.0000233  -0.00015740
 336    0.0000285  -0.00023177
 337    0.0000679  -0.00029917
 338    0.0000002  -0.00000077
 339    0.0000002  -0.00000056
 340    0.0000002  -0.00000071
 341    0.0000002  -0.00000052
 342    0.0000002  -0.00000048
 343    0.0000025  -0.00000803
 344    0.0000096  -0.00003280
 345    0.0000015  -0.00000441
 346    0.0000099  -0.00004583
 347    0.0000075  -0.00003344
 348    0.0000124  -0.00005024
 349    0.0000040  -0.00001536
 350    0.0000134  -0.00005569
 351    0.0000154  -0.00006421
 352    0.0000118  -0.00005291
 353    0.0000110  -0.00005229
 354    0.0000202  -0.00010882
 355    0.0000253  -0.00016234
 356    0.0000521  -0.00028768
 357    0.0000002  -0.00000075
 358    0.0000002  -0.00000071
 359    0.0000002  -0.00000075
 360    0.0000002  -0.00000048
 361    0.0000002  -0.00000046
 362    0.0000023  -0.00000677
 363    0.0000075  -0.00002347
 364    0.0000012  -0.00000355
 365    0.0000084  -0.00003869
 366    0.0000039  -0.00001628
 367    0.0000115  -0.00004615
 368    0.0000032  -0.00001397
 369    0.0000057  -0.00002961
 370    0.0000146  -0.00005893
 371    0.0000077  -0.00003579
 372    0.0000076  -0.00003717
 373    0.0000176  -0.00009025
 374    0.0000208  -0.00011202
 375    0.0000320  -0.00033299
 376    0.0000002  -0.00000064
 377    0.0000002  -0.00000058
 378    0.0000002  -0.00000071
 379    0.0000002  -0.00000049
 380    0.0000002  -0.00000061
 381    0.0000021  -0.00000579
 382    0.0000072  -0.00002462
 383    0.0000009  -0.00000270
 384    0.0000077  -0.00003755
 385    0.0000035  -0.00001458
 386    0.0000095  -0.00003961
 387    0.0000024  -0.00000964
 388    0.0000053  -0.00002741
 389    0.0000129  -0.00005282
 390    0.0000051  -0.00002555
 391    0.0000068  -0.00003499
 392    0.0000135  -0.00007008
 393    0.0000137  -0.00006937
 394    0.0000268  -0.00029661
 395    0.0000002  -0.00000050
 396    0.0000002  -0.00000058
 397    0.0000002  -0.00000069
 398    0.0000001  -0.00000023
 399    0.0000002  -0.00000045
 400    0.0000019  -0.00000527
 401    0.0000042  -0.00001361
 402    0.0000009  -0.00000266
 403    0.0000076  -0.00003490
 404    0.0000034  -0.00001432
 405    0.0000069  -0.00003196
 406    0.0000019  -0.00000697
 407    0.0000048  -0.00002341
 408    0.0000122  -0.00004924
 409    0.0000036  -0.00001706
 410    0.0000066  -0.00003470
 411    0.0000132  -0.00006927
 412    0.0000123  -0.00006236
 413    0.0000249  -0.00027042
 414    0.0000002  -0.00000038
 415    0.0000002  -0.00000048
 416    0.0000002  -0.00000057
 417    0.0000001  -0.00000013
 418    0.0000002  -0.00000038
 419    0.0000017  -0.00000426
 420    0.0000025  -0.00000791
 421    0.0000009  -0.00000228
 422    0.0000060  -0.00002953
 423    0.0000031  -0.00001221
 424    0.0000063  -0.00002979
 425    0.0000017  -0.00000715
 426    0.0000043  -0.00002143
 427    0.0000081  -0.00003734
 428    0.0000034  -0.00001618
 429    0.0000049  -0.00002525
 430    0.0000088  -0.00004609
 431    0.0000101  -0.00005312
 432    0.0000179  -0.00010103
 433    0.0000001  -0.00000010
 434    0.0000002  -0.00000045
 435    0.0000001  -0.00000021
 436    0.0000001  -0.00000011
 437    0.0000001  -0.00000036
 438    0.0000011  -0.00000328
 439    0.0000023  -0.00000662
 440    0.0000007  -0.00000178
 441    0.0000058  -0.00002870
 442    0.0000027  -0.00001008
 443    0.0000042  -0.00001824
 444    0.0000016  -0.00000603
 445    0.0000040  -0.00001859
 446    0.0000072  -0.00003337
 447    0.0000032  -0.00001487
 448    0.0000028  -0.00001418
 449    0.0000061  -0.00003526
 450    0.0000093  -0.00005150
 451    0.0000139  -0.00007563
 452    0.0000001  -0.00000013
 453    0.0000001  -0.00000045
 454    0.0000001  -0.00000020
 455    0.0000001  -0.00000011
 456    0.0000001  -0.00000022
 457    0.0000007  -0.00000139
 458    0.0000022  -0.00000678
 459    0.0000005  -0.00000077
 460    0.0000041  -0.00002019
 461    0.0000018  -0.00000706
 462    0.0000032  -0.00001472
 463    0.0000016  -0.00000595
 464    0.0000030  -0.00001281
 465    0.0000063  -0.00003188
 466    0.0000030  -0.00001411
 467    0.0000021  -0.00000943
 468    0.0000050  -0.00002948
 469    0.0000056  -0.00003495
 470    0.0000120  -0.00006325
 471    0.0000001  -0.00000011
 472    0.0000001  -0.00000033
 473    0.0000001  -0.00000020
 474    0.0000001  -0.00000013
 475    0.0000001  -0.00000018
 476    0.0000003  -0.00000026
 477    0.0000016  -0.00000450
 478    0.0000005  -0.00000044
 479    0.0000025  -0.00001075
 480    0.0000015  -0.00000559
 481    0.0000024  -0.00000825
 482    0.0000014  -0.00000561
 483    0.0000027  -0.00001127
 484    0.0000059  -0.00002809
 485    0.0000026  -0.00001118
 486    0.0000015  -0.00000729
 487    0.0000031  -0.00001787
 488    0.0000033  -0.00001977
 489    0.0000054  -0.00003158
 490    0.0000001  -0.00000009
 491    0.0000001  -0.00000012
 492    0.0000001  -0.00000010
 493    0.0000001  0.00000001
 494    0.0000001  -0.00000021
 
----------------
 Final Energies 
----------------
Final NOF Total Energy =    -210.9601611
 
Total Orbital Internal Iterations = 760
Total Occupation Internal Iterations = 556
 
Elapsed time: 3044.53 Seconds

---------------------------------
   Lowdin Population Analysis    
---------------------------------
 Idx  Atom   Population   Charge 
---------------------------------
  1     C     5.874       0.126
  2     C     5.865       0.135
  3     C     5.900       0.100
  4     N     6.710       0.290
  5     C     5.965       0.035
  6     H     1.086      -0.086
  7     H     1.087      -0.087
  8     H     1.094      -0.094
  9     H     1.096      -0.096
 10     H     1.094      -0.094
 11     H     1.095      -0.095
 12     H     1.133      -0.133

---------------------------------
   M Diagnostic: 0.04
---------------------------------

