Computing Integrals
Basis Set                                            = def2-qzvp
Auxiliary Basis Set                                  = def2-universal-jkfit
Gaussian Type                                        = Spherical
Elapsed time:    3.36 Seconds

Number of basis functions                   (NBF)    = 234
Number of auxiliary basis functions         (NBFAUX) = 222
Inactive Doubly occupied orbitals up to     (NO1)    = 0
No. considered Strongly Doubly occupied MOs (NDOC)   = 8
No. considered Strongly Singly occupied MOs (NSOC)   = 0
NO. of Weakly occ. per St. Doubly occ.  MOs (NCWO)   = 28
Dimension of the Nat. Orb. subspace         (NBF5)   = 232
No. of electrons                                     = 16
    No. of alpha electrons                           = 8
    No. of beta electrons                            = 8
Multiplicity                                         = 1

Geometry
========
 C       0.6625035       0.0000000       0.0000000
 C      -0.6625035       0.0000000       0.0000000
 H       1.2314886      -0.9211903       0.0000000
 H       1.2314886       0.9211903       0.0000000
 H      -1.2314886      -0.9211903       0.0000000
 H      -1.2314886       0.9211903       0.0000000

No violations of the orthonormality
No violations of the orthonormality
 
PNOF8/ADABelief Calculation
==================
 
  Nitext  Nit_orb  Time   Nit_occ  Time         Eelec          Etot           Ediff      maxdiff    MaxGrad_orb  Grad_occ
     1      10    2.3e+01    0    2.5e+01  -111.97618944   -78.49063101 -10110.97618944   0.000487   1.9e-03   2.1e-04 0.03
 
RESULTS OF THE OCCUPATION OPTIMIZATION
========================================
   1    1.9999564  -11.23669923
   2    1.9999541  -11.23626261
   3    1.9784536  -0.89631455
   4    1.9762843  -0.70435096
   5    1.9742925  -0.69288890
   6    1.9744101  -0.69263496
   7    1.9740982  -0.68804713
   8    1.9627841  -0.40615427
   9    0.0314020  -0.03290638
  10    0.0150766  -0.02088218
  11    0.0148266  -0.02082376
  12    0.0151157  -0.02104298
  13    0.0148040  -0.02102283
  14    0.0126785  -0.02456474
  15    0.0000372  -0.00083097
  16    0.0000357  -0.00080494
  17    0.0049362  -0.00680331
  18    0.0040887  -0.00670937
  19    0.0044000  -0.00718317
  20    0.0041838  -0.00679660
  21    0.0028856  -0.00500029
  22    0.0047891  -0.01005769
  23    0.0000030  -0.00007691
  24    0.0000033  -0.00007267
  25    0.0006994  -0.00131402
  26    0.0028920  -0.00493292
  27    0.0027721  -0.00480331
  28    0.0028187  -0.00484078
  29    0.0020379  -0.00397401
  30    0.0009990  -0.00539673
  31    0.0000024  -0.00001725
  32    0.0000017  -0.00001046
  33    0.0001096  -0.00026904
  34    0.0017352  -0.00376527
  35    0.0012729  -0.00312000
  36    0.0013870  -0.00331456
  37    0.0013269  -0.00445690
  38    0.0008904  -0.00247763
  39    0.0000015  -0.00000914
  40    0.0000016  -0.00000905
  41    0.0000351  -0.00011408
  42    0.0007129  -0.00185400
  43    0.0008447  -0.00232579
  44    0.0006247  -0.00166339
  45    0.0011325  -0.00258194
  46    0.0007480  -0.00205030
  47    0.0000012  -0.00005302
  48    0.0000011  -0.00005708
  49    0.0000064  -0.00002381
  50    0.0003843  -0.00100106
  51    0.0003380  -0.00085501
  52    0.0004166  -0.00124916
  53    0.0004101  -0.00133214
  54    0.0005120  -0.00158639
  55    0.0000001  -0.00000204
  56    0.0000001  -0.00000092
  57    0.0000042  -0.00001084
  58    0.0002931  -0.00095518
  59    0.0003098  -0.00110512
  60    0.0003245  -0.00081876
  61    0.0002821  -0.00077313
  62    0.0001708  -0.00055372
  63    0.0000001  -0.00000090
  64    0.0000000  -0.00000049
  65    0.0000027  -0.00000650
  66    0.0001275  -0.00037048
  67    0.0002308  -0.00072810
  68    0.0001991  -0.00060936
  69    0.0002649  -0.00072740
  70    0.0001663  -0.00051694
  71    0.0000000  -0.00000064
  72    0.0000000  -0.00000039
  73    0.0000024  -0.00000425
  74    0.0001106  -0.00033711
  75    0.0001365  -0.00038657
  76    0.0001897  -0.00048577
  77    0.0001264  -0.00055313
  78    0.0001596  -0.00047385
  79    0.0000000  -0.00000052
  80    0.0000000  -0.00000040
  81    0.0000020  -0.00000446
  82    0.0001069  -0.00030569
  83    0.0000972  -0.00031698
  84    0.0000894  -0.00031374
  85    0.0001081  -0.00035076
  86    0.0000785  -0.00024997
  87    0.0000000  -0.00000048
  88    0.0000000  -0.00000040
  89    0.0000018  -0.00000509
  90    0.0000769  -0.00024178
  91    0.0000787  -0.00024185
  92    0.0000659  -0.00021591
  93    0.0000790  -0.00023404
  94    0.0000731  -0.00027302
  95    0.0000000  -0.00000046
  96    0.0000000  -0.00000020
  97    0.0000015  -0.00000431
  98    0.0000629  -0.00018396
  99    0.0000612  -0.00019756
 100    0.0000651  -0.00020861
 101    0.0000576  -0.00018265
 102    0.0000489  -0.00017483
 103    0.0000000  -0.00000042
 104    0.0000000  -0.00000022
 105    0.0000015  -0.00000401
 106    0.0000538  -0.00017225
 107    0.0000493  -0.00015942
 108    0.0000437  -0.00014988
 109    0.0000501  -0.00016328
 110    0.0000395  -0.00015843
 111    0.0000000  -0.00000042
 112    0.0000000  -0.00000017
 113    0.0000011  -0.00000310
 114    0.0000351  -0.00012901
 115    0.0000334  -0.00012233
 116    0.0000318  -0.00012336
 117    0.0000329  -0.00012811
 118    0.0000369  -0.00015001
 119    0.0000000  -0.00000032
 120    0.0000000  -0.00000024
 121    0.0000011  -0.00000333
 122    0.0000262  -0.00010423
 123    0.0000279  -0.00011522
 124    0.0000251  -0.00010030
 125    0.0000217  -0.00008454
 126    0.0000321  -0.00012784
 127    0.0000000  -0.00000030
 128    0.0000000  -0.00000014
 129    0.0000011  -0.00000334
 130    0.0000203  -0.00008509
 131    0.0000205  -0.00008328
 132    0.0000227  -0.00009214
 133    0.0000156  -0.00005919
 134    0.0000255  -0.00011273
 135    0.0000000  -0.00000026
 136    0.0000000  -0.00000017
 137    0.0000010  -0.00000304
 138    0.0000181  -0.00007317
 139    0.0000143  -0.00005577
 140    0.0000167  -0.00006876
 141    0.0000121  -0.00004787
 142    0.0000187  -0.00008596
 143    0.0000000  -0.00000024
 144    0.0000000  -0.00000016
 145    0.0000008  -0.00000277
 146    0.0000164  -0.00005717
 147    0.0000122  -0.00004708
 148    0.0000157  -0.00005842
 149    0.0000110  -0.00004882
 150    0.0000135  -0.00006172
 151    0.0000000  -0.00000026
 152    0.0000000  -0.00000015
 153    0.0000007  -0.00000246
 154    0.0000128  -0.00005206
 155    0.0000110  -0.00004339
 156    0.0000140  -0.00005579
 157    0.0000100  -0.00003947
 158    0.0000124  -0.00005732
 159    0.0000000  -0.00000019
 160    0.0000000  -0.00000015
 161    0.0000007  -0.00000260
 162    0.0000112  -0.00004297
 163    0.0000108  -0.00003825
 164    0.0000117  -0.00004351
 165    0.0000082  -0.00003763
 166    0.0000095  -0.00004333
 167    0.0000000  -0.00000020
 168    0.0000000  -0.00000011
 169    0.0000007  -0.00000207
 170    0.0000085  -0.00003594
 171    0.0000085  -0.00003529
 172    0.0000106  -0.00003750
 173    0.0000074  -0.00003296
 174    0.0000083  -0.00003869
 175    0.0000000  -0.00000022
 176    0.0000000  -0.00000010
 177    0.0000006  -0.00000200
 178    0.0000071  -0.00003047
 179    0.0000077  -0.00003374
 180    0.0000091  -0.00003780
 181    0.0000072  -0.00003300
 182    0.0000079  -0.00003667
 183    0.0000000  -0.00000022
 184    0.0000000  -0.00000011
 185    0.0000006  -0.00000197
 186    0.0000056  -0.00002721
 187    0.0000057  -0.00002657
 188    0.0000057  -0.00002681
 189    0.0000053  -0.00002439
 190    0.0000067  -0.00003447
 191    0.0000000  -0.00000019
 192    0.0000000  -0.00000010
 193    0.0000006  -0.00000180
 194    0.0000049  -0.00001755
 195    0.0000052  -0.00002006
 196    0.0000054  -0.00001889
 197    0.0000050  -0.00002035
 198    0.0000057  -0.00002922
 199    0.0000000  -0.00000020
 200    0.0000000  -0.00000008
 201    0.0000006  -0.00000164
 202    0.0000046  -0.00001480
 203    0.0000046  -0.00001757
 204    0.0000049  -0.00001707
 205    0.0000044  -0.00001736
 206    0.0000052  -0.00002228
 207    0.0000000  -0.00000016
 208    0.0000000  -0.00000008
 209    0.0000005  -0.00000189
 210    0.0000035  -0.00001112
 211    0.0000041  -0.00001168
 212    0.0000046  -0.00001434
 213    0.0000042  -0.00001515
 214    0.0000041  -0.00001750
 215    0.0000000  -0.00000016
 216    0.0000000  -0.00000007
 217    0.0000005  -0.00000151
 218    0.0000032  -0.00000847
 219    0.0000035  -0.00000970
 220    0.0000033  -0.00000990
 221    0.0000032  -0.00001133
 222    0.0000035  -0.00001446
 223    0.0000000  -0.00000016
 224    0.0000000  -0.00000008
 225    0.0000004  -0.00000148
 226    0.0000028  -0.00000710
 227    0.0000026  -0.00000786
 228    0.0000025  -0.00000685
 229    0.0000023  -0.00000690
 230    0.0000029  -0.00001010
 231    0.0000000  -0.00000014
 232    0.0000000  -0.00000010
 
----------------
 Final Energies 
----------------
Final NOF Total Energy =     -78.4906310
 
Total Orbital Internal Iterations = 10
Total Occupation Internal Iterations = 0
 
Elapsed time:   62.84 Seconds

---------------------------------
   Lowdin Population Analysis    
---------------------------------
 Idx  Atom   Population   Charge 
---------------------------------
  1     C     5.829       0.171
  2     C     5.830       0.170
  3     H     1.085      -0.085
  4     H     1.085      -0.085
  5     H     1.085      -0.085
  6     H     1.085      -0.085

---------------------------------
   M Diagnostic: 0.03
---------------------------------

