Computing Integrals
Basis Set                                            = def2-qzvp
Auxiliary Basis Set                                  = def2-universal-jkfit
Gaussian Type                                        = Spherical
Elapsed time:    2.69 Seconds

Number of basis functions                   (NBF)    = 144
Number of auxiliary basis functions         (NBFAUX) = 204
Inactive Doubly occupied orbitals up to     (NO1)    = 0
No. considered Strongly Doubly occupied MOs (NDOC)   = 8
No. considered Strongly Singly occupied MOs (NSOC)   = 0
NO. of Weakly occ. per St. Doubly occ.  MOs (NCWO)   = 17
Dimension of the Nat. Orb. subspace         (NBF5)   = 144
No. of electrons                                     = 16
    No. of alpha electrons                           = 8
    No. of beta electrons                            = 8
Multiplicity                                         = 1

Geometry
========
Be       0.7279036      -0.7279036       0.7279036
Be      -0.7279036       0.7279036       0.7279036
Be      -0.7279036      -0.7279036      -0.7279036
Be       0.7279036       0.7279036      -0.7279036

No violations of the orthonormality
No violations of the orthonormality
 
PNOF8/ADABelief Calculation
==================
 
  Nitext  Nit_orb  Time   Nit_occ  Time         Eelec          Etot           Ediff      maxdiff    MaxGrad_orb  Grad_occ
     1      10    2.4e+01    0    2.6e+01   -83.34332079   -58.66857912 -10082.34332079   0.000784   3.1e-03   1.5e-04 0.03
 
RESULTS OF THE OCCUPATION OPTIMIZATION
========================================
   1    1.9991928  -4.70777246
   2    1.9991590  -4.70771003
   3    1.9992797  -4.70749060
   4    1.9992508  -4.70721795
   5    1.9811790  -0.56559613
   6    1.9637890  -0.28753679
   7    1.9696919  -0.28725822
   8    1.9678403  -0.28685415
   9    0.0127368  -0.01154409
  10    0.0139317  -0.01230421
  11    0.0145880  -0.01233988
  12    0.0065538  -0.01296252
  13    0.0004564  -0.00340210
  14    0.0003634  -0.00285366
  15    0.0004185  -0.00320282
  16    0.0004567  -0.00342343
  17    0.0097632  -0.01241457
  18    0.0062199  -0.00610666
  19    0.0109017  -0.01145381
  20    0.0038998  -0.00732892
  21    0.0001534  -0.00128783
  22    0.0001584  -0.00133296
  23    0.0001446  -0.00122736
  24    0.0001631  -0.00140171
  25    0.0032144  -0.00413350
  26    0.0032525  -0.00416033
  27    0.0059046  -0.00596283
  28    0.0026629  -0.00869251
  29    0.0001082  -0.00094700
  30    0.0001380  -0.00122225
  31    0.0001416  -0.00128202
  32    0.0001282  -0.00107196
  33    0.0029445  -0.00387673
  34    0.0018662  -0.00369417
  35    0.0016855  -0.00218240
  36    0.0013272  -0.00397523
  37    0.0000130  -0.00010804
  38    0.0000414  -0.00036515
  39    0.0001094  -0.00096333
  40    0.0000367  -0.00037389
  41    0.0009954  -0.00177689
  42    0.0017261  -0.00352325
  43    0.0014475  -0.00199404
  44    0.0012635  -0.00377331
  45    0.0000082  -0.00005289
  46    0.0000050  -0.00002632
  47    0.0000112  -0.00006276
  48    0.0000074  -0.00004218
  49    0.0009009  -0.00143798
  50    0.0010035  -0.00199119
  51    0.0007041  -0.00086659
  52    0.0008718  -0.00269633
  53    0.0000022  -0.00001363
  54    0.0000033  -0.00001722
  55    0.0000051  -0.00002486
  56    0.0000050  -0.00002716
  57    0.0007053  -0.00101873
  58    0.0006731  -0.00123117
  59    0.0003032  -0.00037255
  60    0.0007239  -0.00272572
  61    0.0000021  -0.00001335
  62    0.0000031  -0.00001618
  63    0.0000036  -0.00002197
  64    0.0000033  -0.00002173
  65    0.0004236  -0.00055617
  66    0.0006540  -0.00120120
  67    0.0002121  -0.00028759
  68    0.0004748  -0.00165905
  69    0.0000012  -0.00001015
  70    0.0000014  -0.00000964
  71    0.0000011  -0.00000439
  72    0.0000015  -0.00001113
  73    0.0001673  -0.00027175
  74    0.0002653  -0.00036181
  75    0.0000910  -0.00011459
  76    0.0002391  -0.00070299
  77    0.0000010  -0.00000611
  78    0.0000011  -0.00000492
  79    0.0000010  -0.00000488
  80    0.0000009  -0.00000404
  81    0.0000642  -0.00010006
  82    0.0002468  -0.00033869
  83    0.0000864  -0.00010745
  84    0.0002072  -0.00037817
  85    0.0000007  -0.00000287
  86    0.0000011  -0.00000755
  87    0.0000010  -0.00000500
  88    0.0000009  -0.00000313
  89    0.0000572  -0.00008621
  90    0.0001433  -0.00025057
  91    0.0000659  -0.00009610
  92    0.0001816  -0.00037720
  93    0.0000006  -0.00000152
  94    0.0000010  -0.00000449
  95    0.0000009  -0.00000324
  96    0.0000008  -0.00000308
  97    0.0000414  -0.00006327
  98    0.0000888  -0.00011905
  99    0.0000633  -0.00009388
 100    0.0001481  -0.00048870
 101    0.0000005  -0.00000119
 102    0.0000009  -0.00000442
 103    0.0000008  -0.00000350
 104    0.0000007  -0.00000164
 105    0.0000376  -0.00006000
 106    0.0000689  -0.00011927
 107    0.0000405  -0.00005396
 108    0.0000929  -0.00023630
 109    0.0000004  -0.00000298
 110    0.0000008  -0.00000268
 111    0.0000006  -0.00000160
 112    0.0000006  -0.00000132
 113    0.0000293  -0.00004574
 114    0.0000498  -0.00008529
 115    0.0000385  -0.00005342
 116    0.0000701  -0.00018639
 117    0.0000004  -0.00000285
 118    0.0000005  -0.00000203
 119    0.0000005  -0.00000166
 120    0.0000004  -0.00000297
 121    0.0000275  -0.00004213
 122    0.0000448  -0.00007310
 123    0.0000330  -0.00004573
 124    0.0000407  -0.00012752
 125    0.0000004  -0.00000418
 126    0.0000005  -0.00000458
 127    0.0000004  -0.00000388
 128    0.0000004  -0.00000202
 129    0.0000270  -0.00004023
 130    0.0000435  -0.00007200
 131    0.0000238  -0.00003996
 132    0.0000407  -0.00012304
 133    0.0000003  -0.00000164
 134    0.0000003  -0.00000446
 135    0.0000004  -0.00000640
 136    0.0000004  -0.00000325
 137    0.0000240  -0.00003591
 138    0.0000299  -0.00005036
 139    0.0000221  -0.00003404
 140    0.0000228  -0.00004685
 141    0.0000002  -0.00000008
 142    0.0000002  -0.00000047
 143    0.0000002  -0.00000014
 144    0.0000002  -0.00000015
 
----------------
 Final Energies 
----------------
Final NOF Total Energy =     -58.6685791
 
Total Orbital Internal Iterations = 10
Total Occupation Internal Iterations = 0
 
Elapsed time:   63.66 Seconds

---------------------------------
   Lowdin Population Analysis    
---------------------------------
 Idx  Atom   Population   Charge 
---------------------------------
  1    Be     4.000      -0.000
  2    Be     3.998       0.002
  3    Be     4.003      -0.003
  4    Be     3.999       0.001

---------------------------------
   M Diagnostic: 0.03
---------------------------------

