Computing Integrals
Basis Set                                            = def2-qzvp
Auxiliary Basis Set                                  = def2-universal-jkfit
Gaussian Type                                        = Spherical
Elapsed time:    3.40 Seconds

Number of basis functions                   (NBF)    = 204
Number of auxiliary basis functions         (NBFAUX) = 206
Inactive Doubly occupied orbitals up to     (NO1)    = 0
No. considered Strongly Doubly occupied MOs (NDOC)   = 9
No. considered Strongly Singly occupied MOs (NSOC)   = 0
NO. of Weakly occ. per St. Doubly occ.  MOs (NCWO)   = 21
Dimension of the Nat. Orb. subspace         (NBF5)   = 198
No. of electrons                                     = 18
    No. of alpha electrons                           = 9
    No. of beta electrons                            = 9
Multiplicity                                         = 1

Geometry
========
 F       0.0000000       0.0000000       0.7507480
 C       0.0000000       0.0000000      -0.6335550
 H       0.0000000       1.0313900      -0.9851350
 H      -0.8932100      -0.5156950      -0.9851350
 H       0.8932100      -0.5156950      -0.9851350

No violations of the orthonormality
No violations of the orthonormality
 
PNOF8/ADABelief Calculation
==================
 
  Nitext  Nit_orb  Time   Nit_occ  Time         Eelec          Etot           Ediff      maxdiff    MaxGrad_orb  Grad_occ
     1      10    2.2e+01    0    2.5e+01  -176.98690892  -139.63831123 -10175.98690892   0.000833   3.3e-03   1.8e-04 0.03
 
RESULTS OF THE OCCUPATION OPTIMIZATION
========================================
   1    1.9999899  -26.32451205
   2    1.9999349  -11.30967658
   3    1.9888684  -1.57157390
   4    1.9706130  -0.82498056
   5    1.9741927  -0.71388694
   6    1.9741336  -0.71374322
   7    1.9740581  -0.71301999
   8    1.9798003  -0.69136263
   9    1.9797086  -0.69048305
  10    0.0097700  -0.02011511
  11    0.0094777  -0.01999751
  12    0.0170448  -0.02254851
  13    0.0169785  -0.02251803
  14    0.0171780  -0.02269149
  15    0.0254847  -0.04781847
  16    0.0068927  -0.02324099
  17    0.0000541  -0.00120209
  18    0.0000094  -0.00043567
  19    0.0040730  -0.01014948
  20    0.0040608  -0.00989690
  21    0.0043681  -0.00677250
  22    0.0043616  -0.00676702
  23    0.0043860  -0.00679619
  24    0.0031223  -0.00857029
  25    0.0017826  -0.00735950
  26    0.0000037  -0.00010970
  27    0.0000003  -0.00004988
  28    0.0040313  -0.01023041
  29    0.0039859  -0.00986836
  30    0.0019700  -0.00379824
  31    0.0019693  -0.00381127
  32    0.0019738  -0.00377846
  33    0.0002671  -0.00099969
  34    0.0008479  -0.00511437
  35    0.0000033  -0.00002822
  36    0.0000001  -0.00000172
  37    0.0006080  -0.00355957
  38    0.0008600  -0.00389221
  39    0.0011687  -0.00251994
  40    0.0011698  -0.00252286
  41    0.0011791  -0.00253310
  42    0.0002371  -0.00095229
  43    0.0006217  -0.00269084
  44    0.0000024  -0.00001494
  45    0.0000000  -0.00000066
  46    0.0004920  -0.00166550
  47    0.0005894  -0.00322575
  48    0.0005354  -0.00123339
  49    0.0005370  -0.00125018
  50    0.0002908  -0.00076705
  51    0.0002154  -0.00088947
  52    0.0002672  -0.00116330
  53    0.0000011  -0.00004932
  54    0.0000000  -0.00000036
  55    0.0004478  -0.00188841
  56    0.0003337  -0.00132996
  57    0.0002860  -0.00077859
  58    0.0002716  -0.00071076
  59    0.0001963  -0.00059125
  60    0.0000146  -0.00008335
  61    0.0002522  -0.00113792
  62    0.0000001  -0.00000173
  63    0.0000000  -0.00000039
  64    0.0003205  -0.00128531
  65    0.0003015  -0.00116268
  66    0.0001973  -0.00053526
  67    0.0001912  -0.00053601
  68    0.0001488  -0.00044964
  69    0.0000115  -0.00004158
  70    0.0001407  -0.00067013
  71    0.0000001  -0.00000130
  72    0.0000000  -0.00000026
  73    0.0002689  -0.00098791
  74    0.0002888  -0.00113634
  75    0.0000923  -0.00027545
  76    0.0000894  -0.00027976
  77    0.0000988  -0.00026669
  78    0.0000070  -0.00002956
  79    0.0001054  -0.00162205
  80    0.0000000  -0.00000101
  81    0.0000000  -0.00000027
  82    0.0000748  -0.00028809
  83    0.0000887  -0.00036273
  84    0.0000701  -0.00021164
  85    0.0000665  -0.00020991
  86    0.0000890  -0.00025169
  87    0.0000058  -0.00002804
  88    0.0000622  -0.00033390
  89    0.0000000  -0.00000082
  90    0.0000000  -0.00000023
  91    0.0000330  -0.00013379
  92    0.0000351  -0.00017729
  93    0.0000517  -0.00016264
  94    0.0000510  -0.00016729
  95    0.0000665  -0.00021205
  96    0.0000040  -0.00001054
  97    0.0000328  -0.00018211
  98    0.0000000  -0.00000070
  99    0.0000000  -0.00000022
 100    0.0000277  -0.00014195
 101    0.0000308  -0.00014714
 102    0.0000414  -0.00014959
 103    0.0000435  -0.00015675
 104    0.0000501  -0.00016463
 105    0.0000029  -0.00000836
 106    0.0000185  -0.00014424
 107    0.0000000  -0.00000066
 108    0.0000000  -0.00000023
 109    0.0000270  -0.00012633
 110    0.0000249  -0.00013669
 111    0.0000294  -0.00010317
 112    0.0000373  -0.00010883
 113    0.0000450  -0.00015822
 114    0.0000025  -0.00000679
 115    0.0000175  -0.00014194
 116    0.0000000  -0.00000060
 117    0.0000000  -0.00000016
 118    0.0000222  -0.00013752
 119    0.0000224  -0.00012105
 120    0.0000250  -0.00010590
 121    0.0000250  -0.00010981
 122    0.0000264  -0.00011025
 123    0.0000022  -0.00000682
 124    0.0000173  -0.00013207
 125    0.0000000  -0.00000058
 126    0.0000000  -0.00000020
 127    0.0000221  -0.00013060
 128    0.0000201  -0.00010103
 129    0.0000185  -0.00009961
 130    0.0000214  -0.00012726
 131    0.0000168  -0.00010742
 132    0.0000020  -0.00000662
 133    0.0000161  -0.00013297
 134    0.0000000  -0.00000057
 135    0.0000000  -0.00000018
 136    0.0000192  -0.00010950
 137    0.0000191  -0.00010301
 138    0.0000094  -0.00004758
 139    0.0000143  -0.00008534
 140    0.0000161  -0.00009239
 141    0.0000018  -0.00000701
 142    0.0000156  -0.00012188
 143    0.0000000  -0.00000049
 144    0.0000000  -0.00000015
 145    0.0000139  -0.00011176
 146    0.0000171  -0.00010211
 147    0.0000089  -0.00004390
 148    0.0000099  -0.00005004
 149    0.0000135  -0.00006945
 150    0.0000014  -0.00000520
 151    0.0000154  -0.00012230
 152    0.0000000  -0.00000049
 153    0.0000000  -0.00000014
 154    0.0000123  -0.00005783
 155    0.0000123  -0.00006254
 156    0.0000068  -0.00002922
 157    0.0000080  -0.00003731
 158    0.0000097  -0.00004878
 159    0.0000011  -0.00000397
 160    0.0000081  -0.00005499
 161    0.0000000  -0.00000049
 162    0.0000000  -0.00000015
 163    0.0000106  -0.00006042
 164    0.0000118  -0.00005997
 165    0.0000060  -0.00001906
 166    0.0000074  -0.00003612
 167    0.0000079  -0.00003684
 168    0.0000010  -0.00000365
 169    0.0000075  -0.00004735
 170    0.0000000  -0.00000040
 171    0.0000000  -0.00000014
 172    0.0000069  -0.00003333
 173    0.0000074  -0.00004092
 174    0.0000047  -0.00001240
 175    0.0000053  -0.00001507
 176    0.0000064  -0.00002669
 177    0.0000009  -0.00000316
 178    0.0000043  -0.00002675
 179    0.0000000  -0.00000041
 180    0.0000000  -0.00000015
 181    0.0000058  -0.00002666
 182    0.0000068  -0.00003626
 183    0.0000039  -0.00000707
 184    0.0000044  -0.00001147
 185    0.0000044  -0.00001068
 186    0.0000009  -0.00000337
 187    0.0000034  -0.00001540
 188    0.0000000  -0.00000046
 189    0.0000000  -0.00000013
 190    0.0000044  -0.00001669
 191    0.0000053  -0.00002495
 192    0.0000036  -0.00001086
 193    0.0000040  -0.00000737
 194    0.0000041  -0.00000897
 195    0.0000008  -0.00000286
 196    0.0000026  -0.00001255
 197    0.0000000  -0.00000039
 198    0.0000000  -0.00000012
 
----------------
 Final Energies 
----------------
Final NOF Total Energy =    -139.6383112
 
Total Orbital Internal Iterations = 10
Total Occupation Internal Iterations = 0
 
Elapsed time:   61.76 Seconds

---------------------------------
   Lowdin Population Analysis    
---------------------------------
 Idx  Atom   Population   Charge 
---------------------------------
  1     F     8.738       0.262
  2     C     6.022      -0.022
  3     H     1.080      -0.080
  4     H     1.080      -0.080
  5     H     1.080      -0.080

---------------------------------
   M Diagnostic: 0.03
---------------------------------

