Job runing on na17
Choosing scratch ...
Automatic scratch folder selection
/scratch/pobleyef/352979
/scratch/pobleyef/352979 directory
cp HEAVY28-teh2_nh3.gcf HEAVY28-teh2_nh3.inp to  /scratch/pobleyef/352979/.
HEAVY28-teh2_nh3
 This is the OpenMP version of the code
 This is the OpenMP version of the code
 This is the OpenMP version of the code
 This is the OpenMP version of the code
 This is the OpenMP version of the code
 This is the OpenMP version of the code
 This is the OpenMP version of the code
 This is the OpenMP version of the code
 This is the OpenMP version of the code
 This is the OpenMP version of the code
 This is the OpenMP version of the code
 This is the OpenMP version of the code
 This is the OpenMP version of the code
 This is the OpenMP version of the code
 This is the OpenMP version of the code
 This is the OpenMP version of the code
 This is the OpenMP version of the code
 This is the OpenMP version of the code
 This is the OpenMP version of the code
 This is the OpenMP version of the code
 This is the OpenMP version of the code
 This is the OpenMP version of the code
 This is the OpenMP version of the code
 This is the OpenMP version of the code
 This is the OpenMP version of the code
 This is the OpenMP version of the code
 This is the OpenMP version of the code
 This is the OpenMP version of the code
 This is the OpenMP version of the code
 This is the OpenMP version of the code
 This is the OpenMP version of the code
 This is the OpenMP version of the code
 This is the OpenMP version of the code
 This is the OpenMP version of the code
 This is the OpenMP version of the code
 This is the OpenMP version of the code
 This is the OpenMP version of the code
 This is the OpenMP version of the code
 This is the OpenMP version of the code
 This is the OpenMP version of the code
 This is the OpenMP version of the code
 This is the OpenMP version of the code
 This is the OpenMP version of the code
 This is the OpenMP version of the code
 This is the OpenMP version of the code
 This is the OpenMP version of the code
 This is the OpenMP version of the code
 This is the OpenMP version of the code
 This is the OpenMP version of the code
 This is the OpenMP version of the code
 This is the OpenMP version of the code
 This is the OpenMP version of the code
 This is the OpenMP version of the code
 This is the OpenMP version of the code
 This is the OpenMP version of the code
 This is the OpenMP version of the code
 This is the OpenMP version of the code
 This is the OpenMP version of the code
 This is the OpenMP version of the code
 This is the OpenMP version of the code
 This is the OpenMP version of the code
 This is the OpenMP version of the code
 This is the OpenMP version of the code
 This is the OpenMP version of the code
 This is the OpenMP version of the code
 This is the OpenMP version of the code
 This is the OpenMP version of the code
 This is the OpenMP version of the code
 This is the OpenMP version of the code
 This is the OpenMP version of the code
 This is the OpenMP version of the code
 This is the OpenMP version of the code
 This is the OpenMP version of the code
 This is the OpenMP version of the code
 This is the OpenMP version of the code
 This is the OpenMP version of the code
 This is the OpenMP version of the code
 This is the OpenMP version of the code
 This is the OpenMP version of the code
 This is the OpenMP version of the code
 This is the OpenMP version of the code
 This is the OpenMP version of the code
 This is the OpenMP version of the code
 This is the OpenMP version of the code
 This is the OpenMP version of the code
 This is the OpenMP version of the code
 This is the OpenMP version of the code
 This is the OpenMP version of the code
 This is the OpenMP version of the code
 This is the OpenMP version of the code
 This is the OpenMP version of the code
 This is the OpenMP version of the code
 This is the OpenMP version of the code
 This is the OpenMP version of the code
 This is the OpenMP version of the code
 This is the OpenMP version of the code
 This is the OpenMP version of the code
 This is the OpenMP version of the code
 This is the OpenMP version of the code
 This is the OpenMP version of the code
 This is the OpenMP version of the code
 This is the OpenMP version of the code
 This is the OpenMP version of the code
 This is the OpenMP version of the code
 This is the OpenMP version of the code
 This is the OpenMP version of the code
 This is the OpenMP version of the code
 This is the OpenMP version of the code
 This is the OpenMP version of the code
 This is the OpenMP version of the code
 This is the OpenMP version of the code
 This is the OpenMP version of the code
 This is the OpenMP version of the code
 This is the OpenMP version of the code
 This is the OpenMP version of the code
 This is the OpenMP version of the code
 This is the OpenMP version of the code
 This is the OpenMP version of the code
 This is the OpenMP version of the code
 This is the OpenMP version of the code
 This is the OpenMP version of the code
 This is the OpenMP version of the code
 This is the OpenMP version of the code
 This is the OpenMP version of the code
 This is the OpenMP version of the code
 This is the OpenMP version of the code
 This is the OpenMP version of the code
 This is the OpenMP version of the code
 This is the OpenMP version of the code
 This is the OpenMP version of the code
 This is the OpenMP version of the code
 This is the OpenMP version of the code
 This is the OpenMP version of the code
 This is the OpenMP version of the code
 This is the OpenMP version of the code
 This is the OpenMP version of the code
 This is the OpenMP version of the code
 This is the OpenMP version of the code
 This is the OpenMP version of the code
 This is the OpenMP version of the code

 The execution started at 22h 44min on the 11/12/2025

    ===========================================================
    !                                                         !
    !                        Do N O F                         !
    !                                                         !
    !  (Donostia Natural Orbital Functional Software Program) !
    !                                                         !
    !               COPYRIGHT by Mario Piris                  !
    !                                                         !
    !      Donostia International Physics Center (DIPC)       !
    !       University of the Basque Country (UPV/EHU)        !
    !       Basque Foundation for Science (IKERBASQUE)        !
    !                                                         !
    !          GNU General Public License version 3           !
    !                                                         !
    !                  VERSION: October 2025                  !
    !                                                         !
    ===========================================================

 Run Title
 ---------
  Molname                                                                        

 Basis Set
 ---------
 /home/pobleyef/DoNOFsw/basis/def2-QZVP.bas                                      

 Atom      Charge                Coordinates (Bohr)
                           x             y             z
 TE         52.0       -0.5254       -3.4422        0.0000
 H           1.0        0.4123       -6.4036        0.0000
 H           1.0        2.4123       -2.5199        0.0000
 N           7.0       -0.5254        2.5582        0.0000
 H           1.0        0.2898        3.3489        1.5349
 H           1.0        0.2898        3.3489       -1.5349
 H           1.0       -2.3535        3.1096        0.0000

 Atomic Basis Set
 ----------------
 The contracted primitive functions were unnormalized
 The contracted basis functions are now normalized to unity

  Shell Type  Primitive         Exponent  Contraction Coefficient

 TE        

      1   S       1         15746.3000000    0.000143505502
      1   S       2          2369.2500000    0.001057688697
      1   S       3           535.8600000    0.004416780439
      1   S       4           141.8850000    0.009662703776
      1   S       5            27.8197000   -0.155270295244
      1   S       6            17.3879000    0.974030304699
      1   S       7            10.8656000   -1.056596460807
      1   S       8             6.5688500   -1.379712385251
      1   S       9             2.4013900    1.827441577778

      2   S      10            29.3832530    0.065123322284
      2   S      11            15.9464080   -0.295127541592
      2   S      12             3.6679903    1.157583693522

      3   S      13             1.2865442    1.000000000000

      4   S      14             0.6353359    1.000000000000

      5   S      15             0.2980779    1.000000000000

      6   S      16             0.1406125    1.000000000000

      7   S      17             0.0656607    1.000000000000

      8   P      18           750.2220000    0.000059811429
      8   P      19           163.9610000    0.000471590110
      8   P      20            16.9227000    0.095913376815
      8   P      21            10.5755000   -0.308502747699
      8   P      22             5.7046200   -0.026376840001
      8   P      23             2.9802200    0.569989111661
      8   P      24             1.5197000    0.591813381771

      9   P      25            13.9254573   -0.023770496808
      9   P      26             4.2323767    0.249927523263
      9   P      27             1.4547631    0.815474645660

     10   P      28             0.7552878    1.000000000000

     11   P      29             0.3182945    1.000000000000

     12   P      30             0.1372183    1.000000000000

     13   P      31             0.0570992    1.000000000000

     14   D      32           146.3072712    0.000461306274
     14   D      33            42.2438594    0.003533209679
     14   D      34             9.9155378   -0.117465721016
     14   D      35             8.9949644    0.139705429021
     14   D      36             4.1376628    0.227137070875
     14   D      37             2.3659339    0.343049326787
     14   D      38             1.3736142    0.323069207587
     14   D      39             0.7984638    0.204724481522

     15   D      40             0.4568518    1.000000000000

     16   D      41             0.2502275    1.000000000000

     17   D      42             0.1156000    1.000000000000

     18   F      43             5.8043400    1.000000000000

     19   F      44             1.9347800    1.000000000000

     20   F      45             0.5184000    1.000000000000

     21   F      46             0.2135000    1.000000000000

     22   G      47             0.4294000    1.000000000000

 H         

     23   S      48           190.6916900    0.005342636962
     23   S      49            28.6055320    0.041252338243
     23   S      50             6.5095943    0.210993525698
     23   S      51             1.8412455    0.812128545862

     24   S      52             0.5985373    1.000000000000

     25   S      53             0.2139762    1.000000000000

     26   S      54             0.0803163    1.000000000000

     27   P      55             2.2920000    1.000000000000

     28   P      56             0.8380000    1.000000000000

     29   P      57             0.2920000    1.000000000000

     30   D      58             2.0620000    1.000000000000

     31   D      59             0.6620000    1.000000000000

     32   F      60             1.3970000    1.000000000000

 H         

     33   S      61           190.6916900    0.005342636962
     33   S      62            28.6055320    0.041252338243
     33   S      63             6.5095943    0.210993525698
     33   S      64             1.8412455    0.812128545862

     34   S      65             0.5985373    1.000000000000

     35   S      66             0.2139762    1.000000000000

     36   S      67             0.0803163    1.000000000000

     37   P      68             2.2920000    1.000000000000

     38   P      69             0.8380000    1.000000000000

     39   P      70             0.2920000    1.000000000000

     40   D      71             2.0620000    1.000000000000

     41   D      72             0.6620000    1.000000000000

     42   F      73             1.3970000    1.000000000000

 N         

     43   S      74         90726.8892100    0.000070982346
     43   S      75         13590.5288010    0.000551712516
     43   S      76          3092.9883781    0.002893067845
     43   S      77           875.9987636    0.012111212150
     43   S      78           285.7446998    0.042834127812
     43   S      79           103.1191342    0.129198809022
     43   S      80            40.1285568    0.318818920022
     43   S      81            16.5280957    0.590844885361

     44   S      82            69.3909610    0.094659213180
     44   S      83            20.4282006    0.925496499302

     45   S      84             7.1292588    1.000000000000

     46   S      85             3.1324305    1.000000000000

     47   S      86             0.9875578    1.000000000000

     48   S      87             0.3876572    1.000000000000

     49   S      88             0.1490988    1.000000000000

     50   P      89           150.0574267   -0.002450051156
     50   P      90            35.4915995   -0.019486267495
     50   P      91            11.2478642   -0.090355519008
     50   P      92             4.0900305   -0.299446872557
     50   P      93             1.6220573   -0.696789730227

     51   P      94             0.6644226    1.000000000000

     52   P      95             0.2709977    1.000000000000

     53   P      96             0.1068875    1.000000000000

     54   D      97             2.8370000    1.000000000000

     55   D      98             0.9680000    1.000000000000

     56   D      99             0.3350000    1.000000000000

     57   F     100             2.0270000    1.000000000000

     58   F     101             0.6850000    1.000000000000

     59   G     102             1.4270000    1.000000000000

 H         

     60   S     103           190.6916900    0.005342636962
     60   S     104            28.6055320    0.041252338243
     60   S     105             6.5095943    0.210993525698
     60   S     106             1.8412455    0.812128545862

     61   S     107             0.5985373    1.000000000000

     62   S     108             0.2139762    1.000000000000

     63   S     109             0.0803163    1.000000000000

     64   P     110             2.2920000    1.000000000000

     65   P     111             0.8380000    1.000000000000

     66   P     112             0.2920000    1.000000000000

     67   D     113             2.0620000    1.000000000000

     68   D     114             0.6620000    1.000000000000

     69   F     115             1.3970000    1.000000000000

 H         

     70   S     116           190.6916900    0.005342636962
     70   S     117            28.6055320    0.041252338243
     70   S     118             6.5095943    0.210993525698
     70   S     119             1.8412455    0.812128545862

     71   S     120             0.5985373    1.000000000000

     72   S     121             0.2139762    1.000000000000

     73   S     122             0.0803163    1.000000000000

     74   P     123             2.2920000    1.000000000000

     75   P     124             0.8380000    1.000000000000

     76   P     125             0.2920000    1.000000000000

     77   D     126             2.0620000    1.000000000000

     78   D     127             0.6620000    1.000000000000

     79   F     128             1.3970000    1.000000000000

 H         

     80   S     129           190.6916900    0.005342636962
     80   S     130            28.6055320    0.041252338243
     80   S     131             6.5095943    0.210993525698
     80   S     132             1.8412455    0.812128545862

     81   S     133             0.5985373    1.000000000000

     82   S     134             0.2139762    1.000000000000

     83   S     135             0.0803163    1.000000000000

     84   P     136             2.2920000    1.000000000000

     85   P     137             0.8380000    1.000000000000

     86   P     138             0.2920000    1.000000000000

     87   D     139             2.0620000    1.000000000000

     88   D     140             0.6620000    1.000000000000

     89   F     141             1.3970000    1.000000000000

 Total Number of Basis Set Shells             =   89
 Total Number of Primitives                   =  141
 Number of Spherical Gaussian Basis Functions =  289
 Total Number of Auxiliary Basis Set Shells   =  101
 Number of Sph. Gaussian Auxiliary Set Func.  =  385
 Number of Electrons                          =   64
 Charge of Molecule                           =    0
 Spin Multiplicity                            =    1
 Number of Occupied Orbitals (Alpha)          =   32
 Number of Occupied Orbitals (Beta )          =   32
 Total Number of Atoms                        =    7

 Nuclear Energy =      131.6971313308

 Note: This calculation is using an effective core potential
 so NE and ENUC will be adjusted later after removal of the Core

 Input Run Options
 -----------------
 IRUNTYP = 1  MULT = 1  ICHARG =  0 IECP = 1  IEMOM = 1  UNITS = ANGS    

 ECP Potentials
 --------------
 Parameters for "TE-ECP  " on Atom  1 with ZCORE 28 and LMAX 3 are

 for L= 3      COEFF    N           ZETA
    1      -15.74545    2       15.20617
    1      -20.74245    2       15.20170
 for L= 0      COEFF    N           ZETA
    1      281.04584    2       16.81447
    1       61.62066    2        8.79353
    1       15.74545    2       15.20617
    1       20.74245    2       15.20170
 for L= 1      COEFF    N           ZETA
    1       67.44946    2       14.87780
    1      134.90430    2       14.26973
    1       14.68955    2        8.72443
    1       29.41506    2        8.29152
    1       15.74545    2       15.20617
    1       20.74245    2       15.20170
 for L= 2      COEFF    N           ZETA
    1       35.43206    2       15.20501
    1       53.13569    2       15.22585
    1        9.06980    2        6.07177
    1       13.12230    2        5.80476
    1       15.74545    2       15.20617
    1       20.74245    2       15.20170

 The ECP removes  28 core electrons and  28 protons

 Number of electrons kept in the run =   36
 Number of occupied orbitals (Alpha) =   18
 Number of occupied orbitals (Beta)  =   18

 Adjusted Nuclear Energy =       68.8200256227


 Integral Options
 ----------------
 ERITYP = RI     AUX = JKFIT   ISCHWZ = 1   CUTOFF = 1.0E-09

 Input NOF Options
 -----------------

 Natural Orbital Functional Selected:    (IPNOF)         8

 Type of calculation = ICOEF2 + ICOEF1:  (ICOEF)        21
 Use Softmax function for Occ. Opt.:     (ISOFTMAX)      1
 Type of Orb. Opt. = Orbital Rotations:  (IORBOPT)       2
 Maximum Number of Coef Outer Iter.:     (MAXIT21)       3
 Maximum Number of Occ-Coef Outer Iter.: (MAXIT)      1000

 Restart calculation Option:             (RESTART)       F
 Restart Gamma Matrix from GCF file:     (INPUTGAMMA)    0
 Coefficient Matrix from GCF file:       (INPUTC)        0
 Diagonal Elements FMIUG from GCF file:  (INPUTFMIUG)    0
 Cartesian Coordinates from GCF file:    (INPUTCXYZ)     0

 Threshold Lambda Convergence=10**(-N):  (NTHRESHL)      3
 Threshold Energy Convergence=10**(-N):  (NTHRESHE)      5
 Max. Number of Inner Coef. Iterations:  (MAXLOOP)      10
 Orthogonalize the initial Orbitals:     (ORTHO)         T

 Output Option:                          (NPRINT)        0
 Output the Coefficient Matrix:          (IWRITEC)       0
 Do a Mulliken Population Analysis:      (IMULPOP)       0
 Write Information into a WFN file:      (IAIMPAC)       1
 Write Information into a FCHK file:     (IFCHK)         1
 Write Information into a MLP file:      (MOLDEN)        1
 Create Ini. Cond. (ini.xyz) file:       (INICOND)       1
 Calculate IPs using Ext. Koopmans Theo: (IEKT)          0
 Write APSG expansion coefficient file:  (APSG)          F
 Output option for Lagrange Multipliers: (PRINTLAG)      F
 Diagonalize matrix of Lag. Multipliers: (DIAGLAG)       F

------------------------------------------------------------------------

 Orbital Space
 -------------

 Inactive Doubly occupied orbitals up to NO1  =    0
 No. considered Strongly Doubly occupied MOs  =   18
 No. considered Strongly Singly occupied MOs  =    0
 NO. of Weakly occ. per St. Doubly occ.  MOs (NCWO)   =   15
 Dimension of the Active Nat. Orb. subspace   =  288
 Secondary Empty orbitals                     =    1

 1e- integrals
 -------------
 Time to do integrals =      0.28
 Guess for MOs = HCORE
      8681 MOs were matched and      8784 equalized to zero

 No violations of the orthonormality

 2e- integrals
 -------------
 DONTW option skips storage 2e- integrals on Unit 1
 Time to do integrals =      0.56

 Input for Coefficients is HCORE

   INITIAL VALUES
  =================

   OM     Occupation      Elag Diag

    1      1.9980000    -20.2889078
    2      1.9980000      8.6092588
    3      1.9980000      9.9752548
    4      1.9980000      9.9861160
    5      1.9980000      9.9632320
    6      1.9980000     11.9693489
    7      1.9980000     11.8155127
    8      1.9980000     11.7981894
    9      1.9980000     11.7553060
   10      1.9980000     11.7584077
   11      1.9980000     17.4519908
   12      1.9980000     17.4502977
   13      1.9980000     17.4635786
   14      1.9980000     17.4680489
   15      1.9980000     17.4730497
   16      1.9980000     17.4893155
   17      1.9980000     17.4890348
   18      1.9980000     10.4969776
   19      0.0001333     -0.0029552
   20      0.0001333     -0.0029735
   21      0.0001333     -0.0029067
   22      0.0001333     -0.0008815
   23      0.0001333     -0.0008447
   24      0.0001333     -0.0008126
   25      0.0001333     -0.0008062
   26      0.0001333     -0.0008219
   27      0.0001333     -0.0016336
   28      0.0001333     -0.0015199
   29      0.0001333     -0.0016374
   30      0.0001333     -0.0017244
   31      0.0001333     -0.0017123
   32      0.0001333     -0.0015910
   33      0.0001333     -0.0015194
   34      0.0001333     -0.0007988
   35      0.0001333     -0.0011959
   36      0.0001333     -0.0012182
   37      0.0001333     -0.0010409
   38      0.0001333     -0.0012545
   39      0.0001333     -0.0002431
   40      0.0001333     -0.0002262
   41      0.0001333     -0.0001725
   42      0.0001333     -0.0001236
   43      0.0001333     -0.0000485
   44      0.0001333     -0.0001390
   45      0.0001333      0.0000494
   46      0.0001333     -0.0002261
   47      0.0001333     -0.0002448
   48      0.0001333     -0.0001425
   49      0.0001333     -0.0002774
   50      0.0001333     -0.0002341
   51      0.0001333     -0.0002093
   52      0.0001333      0.0001040
   53      0.0001333      0.0000865
   54      0.0001333     -0.0000137
   55      0.0001333     -0.0000535
   56      0.0001333     -0.0000163
   57      0.0001333     -0.0000438
   58      0.0001333     -0.0000499
   59      0.0001333     -0.0001457
   60      0.0001333     -0.0000224
   61      0.0001333      0.0000203
   62      0.0001333     -0.0001465
   63      0.0001333      0.0000281
   64      0.0001333     -0.0001120
   65      0.0001333     -0.0001169
   66      0.0001333     -0.0001270
   67      0.0001333     -0.0000652
   68      0.0001333     -0.0001144
   69      0.0001333     -0.0001366
   70      0.0001333     -0.0000234
   71      0.0001333     -0.0002528
   72      0.0001333      0.0001270
   73      0.0001333     -0.0001797
   74      0.0001333     -0.0001809
   75      0.0001333      0.0001904
   76      0.0001333     -0.0000177
   77      0.0001333      0.0001736
   78      0.0001333      0.0000145
   79      0.0001333     -0.0002897
   80      0.0001333      0.0000344
   81      0.0001333      0.0000181
   82      0.0001333      0.0000556
   83      0.0001333      0.0000623
   84      0.0001333      0.0000911
   85      0.0001333      0.0001983
   86      0.0001333      0.0000651
   87      0.0001333      0.0001432
   88      0.0001333      0.0001063
   89      0.0001333      0.0000789
   90      0.0001333      0.0000912
   91      0.0001333      0.0001485
   92      0.0001333      0.0000548
   93      0.0001333     -0.0000043
   94      0.0001333      0.0000689
   95      0.0001333      0.0000103
   96      0.0001333      0.0000000
   97      0.0001333      0.0000838
   98      0.0001333      0.0000188
   99      0.0001333     -0.0000150
  100      0.0001333     -0.0000016
  101      0.0001333     -0.0000378
  102      0.0001333     -0.0000567
  103      0.0001333      0.0000118
  104      0.0001333      0.0001341
  105      0.0001333      0.0000377
  106      0.0001333     -0.0000354
  107      0.0001333      0.0001121
  108      0.0001333      0.0002661
  109      0.0001333      0.0000006
  110      0.0001333      0.0000542
  111      0.0001333      0.0000408
  112      0.0001333      0.0000527
  113      0.0001333      0.0000529
  114      0.0001333     -0.0001045
  115      0.0001333     -0.0000081
  116      0.0001333     -0.0000657
  117      0.0001333      0.0000100
  118      0.0001333      0.0000888
  119      0.0001333      0.0000000
  120      0.0001333      0.0000805
  121      0.0001333      0.0001628
  122      0.0001333      0.0001200
  123      0.0001333     -0.0001322
  124      0.0001333      0.0002277
  125      0.0001333      0.0000318
  126      0.0001333      0.0000144
  127      0.0001333      0.0000139
  128      0.0001333      0.0000866
  129      0.0001333      0.0000970
  130      0.0001333      0.0000503
  131      0.0001333      0.0000498
  132      0.0001333      0.0000327
  133      0.0001333      0.0000409
  134      0.0001333      0.0000136
  135      0.0001333      0.0000758
  136      0.0001333      0.0000294
  137      0.0001333      0.0000430
  138      0.0001333     -0.0001661
  139      0.0001333      0.0002559
  140      0.0001333      0.0001122
  141      0.0001333      0.0000985
  142      0.0001333      0.0000391
  143      0.0001333      0.0000596
  144      0.0001333      0.0000065
  145      0.0001333      0.0000174
  146      0.0001333      0.0000304
  147      0.0001333      0.0000423
  148      0.0001333      0.0000412
  149      0.0001333      0.0000149
  150      0.0001333     -0.0002521
  151      0.0001333      0.0000975
  152      0.0001333      0.0000007
  153      0.0001333     -0.0000154
  154      0.0001333      0.0000750
  155      0.0001333      0.0000512
  156      0.0001333      0.0000430
  157      0.0001333      0.0000177
  158      0.0001333      0.0001255
  159      0.0001333      0.0000248
  160      0.0001333      0.0000100
  161      0.0001333      0.0000796
  162      0.0001333      0.0000172
  163      0.0001333      0.0000884
  164      0.0001333      0.0000886
  165      0.0001333      0.0001101
  166      0.0001333      0.0000946
  167      0.0001333      0.0000335
  168      0.0001333      0.0000917
  169      0.0001333      0.0000690
  170      0.0001333      0.0000368
  171      0.0001333      0.0000071
  172      0.0001333      0.0000695
  173      0.0001333      0.0000971
  174      0.0001333      0.0000927
  175      0.0001333      0.0001192
  176      0.0001333      0.0000857
  177      0.0001333      0.0004555
  178      0.0001333      0.0003706
  179      0.0001333      0.0003338
  180      0.0001333      0.0004784
  181      0.0001333      0.0001838
  182      0.0001333      0.0001256
  183      0.0001333      0.0003883
  184      0.0001333      0.0004644
  185      0.0001333      0.0004578
  186      0.0001333      0.0003108
  187      0.0001333      0.0002403
  188      0.0001333      0.0001223
  189      0.0001333      0.0001211
  190      0.0001333      0.0004288
  191      0.0001333      0.0004879
  192      0.0001333      0.0004922
  193      0.0001333      0.0003756
  194      0.0001333      0.0003541
  195      0.0001333      0.0005050
  196      0.0001333      0.0004960
  197      0.0001333      0.0004596
  198      0.0001333      0.0001854
  199      0.0001333      0.0002540
  200      0.0001333      0.0003963
  201      0.0001333      0.0002546
  202      0.0001333      0.0002608
  203      0.0001333      0.0002694
  204      0.0001333      0.0002890
  205      0.0001333      0.0002903
  206      0.0001333      0.0002717
  207      0.0001333      0.0003336
  208      0.0001333      0.0006211
  209      0.0001333      0.0005946
  210      0.0001333      0.0003169
  211      0.0001333      0.0003136
  212      0.0001333      0.0002767
  213      0.0001333      0.0002762
  214      0.0001333     -0.0001027
  215      0.0001333     -0.0000809
  216      0.0001333      0.0002394
  217      0.0001333      0.0002852
  218      0.0001333      0.0002910
  219      0.0001333      0.0005442
  220      0.0001333      0.0006128
  221      0.0001333      0.0005090
  222      0.0001333      0.0006158
  223      0.0001333      0.0003199
  224      0.0001333      0.0003099
  225      0.0001333      0.0003305
  226      0.0001333      0.0003147
  227      0.0001333      0.0005792
  228      0.0001333      0.0003482
  229      0.0001333      0.0003200
  230      0.0001333      0.0003433
  231      0.0001333      0.0003404
  232      0.0001333      0.0006365
  233      0.0001333      0.0003710
  234      0.0001333      0.0006762
  235      0.0001333      0.0006326
  236      0.0001333      0.0006480
  237      0.0001333      0.0003766
  238      0.0001333      0.0005276
  239      0.0001333      0.0003951
  240      0.0001333      0.0003569
  241      0.0001333      0.0003519
  242      0.0001333      0.0003702
  243      0.0001333      0.0004450
  244      0.0001333      0.0005552
  245      0.0001333      0.0006774
  246      0.0001333      0.0005670
  247      0.0001333      0.0004675
  248      0.0001333      0.0003923
  249      0.0001333      0.0003949
  250      0.0001333      0.0003990
  251      0.0001333      0.0003951
  252      0.0001333      0.0003580
  253      0.0001333      0.0004083
  254      0.0001333      0.0005444
  255      0.0001333      0.0004203
  256      0.0001333      0.0004948
  257      0.0001333      0.0004022
  258      0.0001333      0.0004319
  259      0.0001333      0.0004035
  260      0.0001333      0.0004196
  261      0.0001333      0.0004158
  262      0.0001333      0.0004173
  263      0.0001333      0.0004202
  264      0.0001333      0.0004236
  265      0.0001333      0.0003623
  266      0.0001333      0.0004648
  267      0.0001333      0.0004633
  268      0.0001333      0.0004467
  269      0.0001333      0.0004622
  270      0.0001333      0.0004189
  271      0.0001333      0.0004961
  272      0.0001333      0.0004793
  273      0.0001333      0.0004715
  274      0.0001333      0.0005070
  275      0.0001333      0.0005480
  276      0.0001333      0.0005691
  277      0.0001333      0.0005682
  278      0.0001333      0.0005975
  279      0.0001333      0.0006000
  280      0.0001333      0.0006235
  281      0.0001333      0.0006334
  282      0.0001333      0.0006351
  283      0.0001333      0.0003935
  284      0.0001333      0.0009682
  285      0.0001333      0.0009846
  286      0.0001333      0.0009924
  287      0.0001333     -0.0015968
  288      0.0001333      0.0051511

   RO Sum (  36) =   36.00

  ---------------
   Dipole Moment
  ---------------

    121.5182 Debye [  47.8091  (   3.4342,  47.6856,   0.0000) ]


  RESULTS OF OCCUPATION-COEFFICIENT OPTIMIZATION
 ================================================

  Ex It  Occ Time  Orb Time  Orb It   Electronic Energy     Total Energy   Energy Convergency    Max Mul-Lag Diff

    1    1.6E+00   9.7E+01      10    -342.9156009203     -274.0955752975  -132.4637808515           1.333668
    2    3.4E-01   1.8E+02      20    -386.9449048113     -318.1248791886   -44.0293038910           0.275248
    3    3.5E-01   1.6E+02      30    -392.5886698325     -323.7686442098    -5.6437650212           0.091291
    4    3.4E-01   2.4E+02      40    -393.2665240469     -324.4464984242    -0.6778542144           0.037700
    5    9.0E+01   3.4E+02      40    -393.6023392698     -324.7823136471    -0.3358152229           0.010079
    6    5.3E+01   2.9E+02      40    -393.8619470066     -325.0419213838    -0.2596077368           0.010531
    7    1.5E+02   3.2E+02      40    -394.0277668962     -325.2077412735    -0.1658198896           0.253444
    8    1.6E+02   3.5E+02      40    -394.0375482518     -325.2175226290    -0.0097813556           0.035295
    9    9.7E+01   4.7E+02      60    -394.0889256863     -325.2689000636    -0.0513774345           0.001487
   10    1.2E+02   3.7E+02      60    -394.1054428161     -325.2854171934    -0.0165171298           0.002220
   11    1.3E+02   4.0E+02      60    -394.1202799141     -325.3002542913    -0.0148370979           0.002426
   12    1.0E+02   3.6E+02      60    -394.1343444271     -325.3143188044    -0.0140645131           0.002271
   13    1.3E+02   3.5E+02      60    -394.1478085559     -325.3277829331    -0.0134641287           0.003318
   14    8.1E+01   4.4E+02      60    -394.1612924447     -325.3412668219    -0.0134838888           0.002794
   15    1.0E+02   4.1E+02      60    -394.1726436727     -325.3526180499    -0.0113512280           0.003025
   16    9.4E+01   4.2E+02      60    -394.1794624205     -325.3594367977    -0.0068187478           0.002400
   17    9.1E+01   3.1E+02      60    -394.1842944260     -325.3642688032    -0.0048320055           0.003126
   18    6.0E+01   3.3E+02      60    -394.1885089734     -325.3684833506    -0.0042145474           0.002837
   19    7.9E+01   4.6E+02      60    -394.1942766052     -325.3742509824    -0.0057676318           0.003160
   20    6.3E+01   3.9E+02      60    -394.2036282478     -325.3836026251    -0.0093516426           0.002140
   21    9.7E+01   3.7E+02      60    -394.2123693332     -325.3923437105    -0.0087410854           0.001919
   22    7.3E+01   3.8E+02      60    -394.2178686170     -325.3978429943    -0.0054992838           0.001823
   23    7.1E+01   2.9E+02      60    -394.2223299825     -325.4023043597    -0.0044613655           0.002161
   24    5.5E+01   2.9E+02      60    -394.2271783209     -325.4071526982    -0.0048483384           0.002188
   25    8.2E+01   3.6E+02      60    -394.2307187447     -325.4106931220    -0.0035404238           0.001766
   26    5.5E+01   3.6E+02      60    -394.2328234798     -325.4127978571    -0.0021047351           0.001678
   27    6.4E+01   3.8E+02      60    -394.2343132816     -325.4142876588    -0.0014898017           0.001918
   28    6.3E+01   4.0E+02      60    -394.2357863916     -325.4157607688    -0.0014731100           0.001805
   29    6.5E+01   4.5E+02      60    -394.2375860377     -325.4175604149    -0.0017996461           0.002126
   30    7.1E+01   3.5E+02      60    -394.2416366030     -325.4216109802    -0.0040505653           0.001840
   31    6.3E+01   3.9E+02      60    -394.2478987294     -325.4278731066    -0.0062621264           0.002358
   32    6.1E+01   3.2E+02      60    -394.2532538971     -325.4332282743    -0.0053551677           0.002684
   33    5.3E+01   3.9E+02      60    -394.2568765982     -325.4368509755    -0.0036227012           0.002484
   34    6.4E+01   3.3E+02      60    -394.2604161859     -325.4403905631    -0.0035395876           0.001906
   35    6.0E+01   3.5E+02      60    -394.2663370307     -325.4463114079    -0.0059208448           0.001827
   36    7.3E+01   2.9E+02      60    -394.2716360695     -325.4516104468    -0.0052990389           0.002043
   37    5.8E+01   2.8E+02      60    -394.2742404726     -325.4542148498    -0.0026044030           0.001934
   38    7.7E+01   3.7E+02      60    -394.2754131261     -325.4553875033    -0.0011726535           0.002101
   39    6.4E+01   2.5E+02      60    -394.2761629411     -325.4561373183    -0.0007498150           0.001806
   40    6.0E+01   4.2E+02      60    -394.2767380973     -325.4567124745    -0.0005751562           0.001941
   41    5.4E+01   3.8E+02      60    -394.2771468424     -325.4571212197    -0.0004087451           0.001937
   42    6.3E+01   4.3E+02      60    -394.2774057212     -325.4573800984    -0.0002588788           0.001809
   43    6.2E+01   3.1E+02      60    -394.2775801521     -325.4575545293    -0.0001744309           0.001895
   44    5.9E+01   3.7E+02      60    -394.2777235409     -325.4576979182    -0.0001433888           0.001685
   45    4.9E+01   3.5E+02      60    -394.2778570112     -325.4578313885    -0.0001334703           0.001428
   46    4.6E+01   3.3E+02      60    -394.2779648411     -325.4579392183    -0.0001078298           0.001653
   47    5.6E+01   4.9E+02      60    -394.2780588882     -325.4580332655    -0.0000940471           0.001406
   48    5.8E+01   2.9E+02      60    -394.2781418540     -325.4581162312    -0.0000829658           0.001083
   49    5.5E+01   2.9E+02      60    -394.2782080491     -325.4581824263    -0.0000661951           0.000987
   50    6.6E+01   5.8E+00       0    -394.2782283816     -325.4582027588    -0.0000203325           0.000986
   51    2.7E+00   3.5E+00       0    -394.2782283862     -325.4582027635    -0.0000000046           0.000986


  RESULTS OF THE OCCUPATION OPTIMIZATION
 ========================================

   OM     Occupation      Elag Diag

    1      1.9999942    -15.5785876
    2      1.9999379     -7.1135947
    3      1.9998403     -5.0810626
    4      1.9997978     -5.0835936
    5      1.9997700     -5.0841924
    6      1.9938531     -1.9276062
    7      1.9933569     -1.8806925
    8      1.9908344     -1.1773583
    9      1.9860002     -1.9328438
   10      1.9858764     -1.9330393
   11      1.9851909     -1.8368644
   12      1.9819386     -0.9945084
   13      1.9797970     -0.6694788
   14      1.9746688     -0.6731091
   15      1.9721887     -0.4913933
   16      1.9720573     -0.4809832
   17      1.9683931     -0.4879379
   18      1.9674857     -0.3194582
   19      0.0000001     -0.0000002
   20      0.0000003     -0.0000007
   21      0.0000109     -0.0000409
   22      0.0000000     -0.0000001
   23      0.0001615     -0.0004608
   24      0.0001076     -0.0003518
   25      0.0000274     -0.0001180
   26      0.0000001     -0.0000003
   27      0.0000213     -0.0001088
   28      0.0000152     -0.0000839
   29      0.0000928     -0.0003013
   30      0.0002544     -0.0012880
   31      0.0002222     -0.0011658
   32      0.0000264     -0.0002629
   33      0.0000071     -0.0000847
   34      0.0000126     -0.0000747
   35      0.0000003     -0.0000013
   36      0.0000001     -0.0000007
   37      0.0000383     -0.0001090
   38      0.0000046     -0.0000133
   39      0.0115113     -0.0294446
   40      0.0000099     -0.0000398
   41      0.0129819     -0.0280958
   42      0.0002735     -0.0007373
   43      0.0000306     -0.0001273
   44      0.0007158     -0.0027977
   45      0.0000827     -0.0003315
   46      0.0000005     -0.0000024
   47      0.0004466     -0.0012100
   48      0.0000437     -0.0001943
   49      0.0001186     -0.0004631
   50      0.0000017     -0.0000106
   51      0.0000002     -0.0000008
   52      0.0000007     -0.0000032
   53      0.0000004     -0.0000017
   54      0.0000001     -0.0000004
   55      0.0074076     -0.0147057
   56      0.0000089     -0.0000305
   57      0.0000463     -0.0001345
   58      0.0000000     -0.0000001
   59      0.0035894     -0.0073266
   60      0.0006943     -0.0016615
   61      0.0001803     -0.0004624
   62      0.0000057     -0.0000342
   63      0.0001181     -0.0004755
   64      0.0000002     -0.0000010
   65      0.0010523     -0.0026216
   66      0.0000262     -0.0001258
   67      0.0002136     -0.0011428
   68      0.0000002     -0.0000008
   69      0.0000001     -0.0000005
   70      0.0000003     -0.0000015
   71      0.0000107     -0.0001208
   72      0.0000002     -0.0000019
   73      0.0000001     -0.0000002
   74      0.0060576     -0.0128336
   75      0.0000012     -0.0000048
   76      0.0114628     -0.0302229
   77      0.0040057     -0.0079288
   78      0.0005444     -0.0014042
   79      0.0001524     -0.0004387
   80      0.0136935     -0.0453843
   81      0.0000014     -0.0000085
   82      0.0000008     -0.0000039
   83      0.0011753     -0.0034061
   84      0.0000232     -0.0001122
   85      0.0028556     -0.0080890
   86      0.0000079     -0.0000852
   87      0.0000025     -0.0000162
   88      0.0000012     -0.0000072
   89      0.0000098     -0.0001219
   90      0.0000002     -0.0000009
   91      0.0000112     -0.0000272
   92      0.0000034     -0.0000106
   93      0.0000002     -0.0000009
   94      0.0000470     -0.0001387
   95      0.0000484     -0.0001661
   96      0.0002749     -0.0007777
   97      0.0000337     -0.0001359
   98      0.0000060     -0.0000340
   99      0.0000035     -0.0000179
  100      0.0000804     -0.0003293
  101      0.0006699     -0.0017277
  102      0.0000519     -0.0002387
  103      0.0000048     -0.0000306
  104      0.0000020     -0.0000129
  105      0.0000004     -0.0000092
  106      0.0000117     -0.0001156
  107      0.0000234     -0.0002302
  108      0.0000001     -0.0000009
  109      0.0051221     -0.0115383
  110      0.0000001     -0.0000002
  111      0.0000403     -0.0001220
  112      0.0045649     -0.0113437
  113      0.0000736     -0.0002651
  114      0.0001871     -0.0005562
  115      0.0001593     -0.0004196
  116      0.0000035     -0.0000193
  117      0.0000020     -0.0000120
  118      0.0000001     -0.0000002
  119      0.0002096     -0.0006254
  120      0.0000403     -0.0001731
  121      0.0000405     -0.0001761
  122      0.0000003     -0.0000013
  123      0.0000014     -0.0000086
  124      0.0000770     -0.0005362
  125      0.0000004     -0.0000027
  126      0.0000001     -0.0000004
  127      0.0060951     -0.0123049
  128      0.0092588     -0.0173462
  129      0.0000006     -0.0000025
  130      0.0000004     -0.0000012
  131      0.0039807     -0.0078412
  132      0.0003426     -0.0009050
  133      0.0000289     -0.0001255
  134      0.0000078     -0.0000461
  135      0.0001602     -0.0009774
  136      0.0000045     -0.0000277
  137      0.0007393     -0.0018783
  138      0.0007946     -0.0028037
  139      0.0001760     -0.0012451
  140      0.0000027     -0.0000171
  141      0.0000001     -0.0000002
  142      0.0000008     -0.0000041
  143      0.0000005     -0.0000027
  144      0.0000006     -0.0000085
  145      0.0070100     -0.0139736
  146      0.0100831     -0.0230906
  147      0.0000031     -0.0000121
  148      0.0000260     -0.0000894
  149      0.0000613     -0.0002170
  150      0.0006235     -0.0015533
  151      0.0006807     -0.0019189
  152      0.0000095     -0.0000507
  153      0.0000161     -0.0000850
  154      0.0138492     -0.0463394
  155      0.0012395     -0.0033529
  156      0.0002132     -0.0014698
  157      0.0023120     -0.0064501
  158      0.0000004     -0.0000048
  159      0.0001803     -0.0012102
  160      0.0000145     -0.0000847
  161      0.0000003     -0.0000015
  162      0.0000008     -0.0000518
  163      0.0067957     -0.0140251
  164      0.0000015     -0.0000044
  165      0.0000003     -0.0000008
  166      0.0000016     -0.0000060
  167      0.0000432     -0.0001544
  168      0.0003065     -0.0008367
  169      0.0003091     -0.0008144
  170      0.0000069     -0.0000401
  171      0.0000002     -0.0000011
  172      0.0000112     -0.0000616
  173      0.0003560     -0.0010313
  174      0.0011639     -0.0038538
  175      0.0000542     -0.0002293
  176      0.0000008     -0.0000049
  177      0.0000002     -0.0000009
  178      0.0000103     -0.0001019
  179      0.0000019     -0.0000117
  180      0.0000001     -0.0000006
  181      0.0000165     -0.0000423
  182      0.0028712     -0.0063601
  183      0.0000009     -0.0000034
  184      0.0000022     -0.0000078
  185      0.0000888     -0.0002963
  186      0.0011154     -0.0029610
  187      0.0141356     -0.0400030
  188      0.0000058     -0.0000350
  189      0.0000193     -0.0000988
  190      0.0000010     -0.0000053
  191      0.0003627     -0.0010187
  192      0.0000314     -0.0001425
  193      0.0000058     -0.0000358
  194      0.0000094     -0.0001147
  195      0.0000001     -0.0000002
  196      0.0000025     -0.0000149
  197      0.0000093     -0.0001074
  198      0.0000029     -0.0000284
  199      0.0000002     -0.0000004
  200      0.0000165     -0.0000696
  201      0.0117913     -0.0270807
  202      0.0112170     -0.0263107
  203      0.0000002     -0.0000006
  204      0.0000784     -0.0002677
  205      0.0001093     -0.0003247
  206      0.0002257     -0.0010901
  207      0.0000003     -0.0000014
  208      0.0000018     -0.0000106
  209      0.0001159     -0.0003820
  210      0.0014414     -0.0042713
  211      0.0000009     -0.0000047
  212      0.0000002     -0.0000011
  213      0.0000001     -0.0000001
  214      0.0000030     -0.0000179
  215      0.0000023     -0.0000152
  216      0.0000002     -0.0000013
  217      0.0000001     -0.0000004
  218      0.0000006     -0.0000018
  219      0.0000041     -0.0000147
  220      0.0004450     -0.0011416
  221      0.0000428     -0.0001559
  222      0.0006005     -0.0015673
  223      0.0010868     -0.0030079
  224      0.0000029     -0.0000166
  225      0.0000073     -0.0000445
  226      0.0000065     -0.0000399
  227      0.0008189     -0.0030107
  228      0.0000555     -0.0002161
  229      0.0000014     -0.0000079
  230      0.0000006     -0.0000039
  231      0.0000001     -0.0000002
  232      0.0000044     -0.0000280
  233      0.0000004     -0.0000042
  234      0.0000001     -0.0000005
  235      0.0000059     -0.0000141
  236      0.0032916     -0.0073095
  237      0.0000222     -0.0000763
  238      0.0000336     -0.0001051
  239      0.0001292     -0.0004184
  240      0.0005521     -0.0013884
  241      0.0004425     -0.0012286
  242      0.0000064     -0.0000408
  243      0.0136899     -0.0460624
  244      0.0000001     -0.0000002
  245      0.0013778     -0.0059377
  246      0.0012619     -0.0039997
  247      0.0000098     -0.0000553
  248      0.0000017     -0.0000115
  249      0.0000006     -0.0000033
  250      0.0000019     -0.0000117
  251      0.0000005     -0.0000029
  252      0.0000001     -0.0000006
  253      0.0000103     -0.0000254
  254      0.0000004     -0.0000010
  255      0.0004534     -0.0011660
  256      0.0000007     -0.0000025
  257      0.0000453     -0.0001624
  258      0.0144518     -0.0310766
  259      0.0006431     -0.0017842
  260      0.0001132     -0.0004078
  261      0.0000003     -0.0000011
  262      0.0000055     -0.0000334
  263      0.0001201     -0.0004008
  264      0.0012215     -0.0039698
  265      0.0000175     -0.0000924
  266      0.0001743     -0.0012257
  267      0.0000091     -0.0001031
  268      0.0000110     -0.0000921
  269      0.0000014     -0.0000082
  270      0.0000001     -0.0000003
  271      0.0000012     -0.0000034
  272      0.0000084     -0.0000339
  273      0.0040564     -0.0100885
  274      0.0000001     -0.0000003
  275      0.0000793     -0.0002780
  276      0.0000504     -0.0001818
  277      0.0000416     -0.0001532
  278      0.0000062     -0.0000353
  279      0.0000008     -0.0000046
  280      0.0000230     -0.0001154
  281      0.0003889     -0.0010577
  282      0.0000197     -0.0000980
  283      0.0001141     -0.0003844
  284      0.0000014     -0.0000081
  285      0.0000001     -0.0000003
  286      0.0000077     -0.0000794
  287      0.0000004     -0.0000016
  288      0.0000001     -0.0000007

   RO Sum (  36) =   36.00

  ---------------
   Dipole Moment
  ---------------

      2.6352 Debye [   1.0368  (   0.0105,   1.0367,   0.0087) ]

 ----------------
  Final Energies  
 ----------------

  Final NOF Total Energy =     -325.4582027635 ( 1.E-03 , 0.E+00 )


  **************************************************
  *                                                *
  *       SINGLE-POINT DoNOF CALCULATION           *
  *                                                *
  *             FULL OPTIMIZATION                  *
  *                                                *
  *  FINAL RESULTS   FINAL RESULTS  FINAL RESULTS  *
  *                                                *
  **************************************************

  **************************************************
  *         No. EXTERNAL ITER =    51              *
  *         No. of TOTAL ITER =  2720              *
  **************************************************

  Elapsed real time :  20500.43  (Seconds)

 The execution finished at  4h 25min on the 11/13/2025
Recovering execution output...
Moving from /scratch/pobleyef/352979 to /home-nas/pobleyef/Slim-NOF/ncwomax/Slim16/GNOF/arina.352979
mkdir -p /home-nas/pobleyef/Slim-NOF/ncwomax/Slim16/GNOF/arina.352979
mv /scratch/pobleyef/352979/* /home-nas/pobleyef/Slim-NOF/ncwomax/Slim16/GNOF/arina.352979
