Computing Integrals
Basis Set                                            = def2-qzvp
Auxiliary Basis Set                                  = def2-universal-jkfit
Gaussian Type                                        = Spherical
Elapsed time:    1.74 Seconds

Number of basis functions                   (NBF)    = 76
Number of auxiliary basis functions         (NBFAUX) = 130
Inactive Doubly occupied orbitals up to     (NO1)    = 0
No. considered Strongly Doubly occupied MOs (NDOC)   = 6
No. considered Strongly Singly occupied MOs (NSOC)   = 0
NO. of Weakly occ. per St. Doubly occ.  MOs (NCWO)   = 11
Dimension of the Nat. Orb. subspace         (NBF5)   = 72
No. of electrons                                     = 12
    No. of alpha electrons                           = 6
    No. of beta electrons                            = 6
Multiplicity                                         = 1

Geometry
========
Na       0.0000000       0.0000000      -0.9485832
 H       0.0000000       0.0000000       0.9485832

No violations of the orthonormality
No violations of the orthonormality
 
PNOF8/ADAM Calculation
==================
 
  Nitext  Nit_orb  Time   Nit_occ  Time         Eelec          Etot           Ediff      maxdiff    MaxGrad_orb  Grad_occ
     1      10    8.9e+00   23    1.2e+01  -161.50338335  -158.43515624 -10160.50338335   1.307072   5.2e+00   1.6e-04 0.01
     2      10    5.0e-02   59    1.3e-01  -163.60574683  -160.53751971    -2.10236347   0.419661   1.7e+00   1.7e-04 0.01
     3      10    8.8e-02   29    5.9e-02  -164.32949981  -161.26127269    -0.72375298   0.214237   8.6e-01   2.2e-04 0.01
     4      10    5.7e-02   15    5.3e-02  -164.64907200  -161.58084489    -0.31957220   0.218371   8.7e-01   1.9e-04 0.02
     5      10    3.9e-02   15    2.3e-02  -164.83815065  -161.76992354    -0.18907865   0.124037   5.0e-01   2.3e-04 0.02
     6      10    4.8e-02   15    3.0e-02  -164.95759461  -161.88936749    -0.11944396   0.105591   4.2e-01   1.5e-04 0.02
     7      10    3.8e-02   12    4.7e-02  -165.02290978  -161.95468267    -0.06531518   0.088521   3.5e-01   2.1e-04 0.02
     8      10    4.2e-02    9    1.6e-02  -165.06291633  -161.99468922    -0.04000655   0.075853   3.0e-01   2.3e-04 0.02
     9      10    6.1e-02   13    3.6e-02  -165.08526853  -162.01704142    -0.02235220   0.075825   3.0e-01   1.9e-04 0.02
    10      10    4.7e-02   11    2.3e-02  -165.12732715  -162.05910004    -0.04205862   0.075399   3.0e-01   1.2e-04 0.02
    11      10    5.2e-02   11    2.7e-02  -165.19175528  -162.12352817    -0.06442813   0.075071   3.0e-01   1.4e-04 0.03
    12      10    5.0e-02   35    1.0e-01  -165.28116925  -162.21294213    -0.08941397   0.097629   3.9e-01   1.7e-04 0.03
    13      10    4.9e-02   16    3.3e-02  -165.35666309  -162.28843597    -0.07549384   0.105316   4.2e-01   1.9e-04 0.03
    14      10    5.9e-02   13    2.0e-02  -165.42666745  -162.35844033    -0.07000436   0.099152   4.0e-01   1.5e-04 0.03
    15      10    6.5e-02    8    1.9e-02  -165.48926356  -162.42103645    -0.06259611   0.092998   3.7e-01   1.3e-04 0.03
    16      10    3.2e-02   14    2.2e-02  -165.53787086  -162.46964375    -0.04860730   0.084116   3.4e-01   1.6e-04 0.03
    17      10    4.5e-02   13    2.7e-02  -165.57820158  -162.50997447    -0.04033072   0.077276   3.1e-01   1.8e-04 0.02
    18      10    5.1e-02   15    3.2e-02  -165.61287183  -162.54464472    -0.03467025   0.079508   3.2e-01   2.2e-04 0.02
    19      10    6.4e-02    7    1.2e-02  -165.63889457  -162.57066746    -0.02602275   0.065214   2.6e-01   1.7e-04 0.02
    20      10    5.1e-02    9    1.6e-02  -165.65222482  -162.58399771    -0.01333025   0.089840   3.6e-01   2.0e-04 0.02
    21      10    7.2e-02   10    1.6e-02  -165.66622110  -162.59799399    -0.01399628   0.096661   3.9e-01   2.2e-04 0.02
    22      10    3.8e-02   12    2.7e-02  -165.66805148  -162.59982436    -0.00183037   0.104395   4.2e-01   1.3e-04 0.02
    23      10    3.5e-02    2    1.1e-02  -165.67416573  -162.60593862    -0.00611425   0.106856   4.3e-01   1.8e-04 0.02
    24      10    7.4e-02    0    2.5e-03  -165.68049079  -162.61226368    -0.00632506   0.091458   3.7e-01   1.8e-04 0.02
    25      20    1.1e-01    3    1.3e-02  -165.68610763  -162.61788052    -0.00561684   0.025094   1.0e-01   2.2e-04 0.02
    26      20    8.7e-02    4    9.8e-03  -165.68968246  -162.62145535    -0.00357483   0.016606   6.6e-02   1.4e-04 0.02
    27      20    7.9e-02    1    7.2e-03  -165.69092754  -162.62270043    -0.00124508   0.014780   5.9e-02   1.5e-04 0.02
    28      20    8.2e-02    4    1.1e-02  -165.69133438  -162.62310727    -0.00040684   0.012947   5.2e-02   1.3e-04 0.02
    29      20    9.2e-02    0    5.7e-03  -165.69134495  -162.62311784    -0.00001057   0.012947   5.2e-02   1.3e-04 0.02
    30      40    1.5e-01    1    3.1e-03  -165.69231562  -162.62408851    -0.00097067   0.001150   4.6e-03   1.6e-04 0.02
    31      40    1.6e-01    0    2.3e-03  -165.69231683  -162.62408972    -0.00000121   0.001150   4.6e-03   1.6e-04 0.02
    32      56    1.8e-01    1    4.9e-03  -165.69232767  -162.62410056    -0.00001084   0.000497   2.0e-03   1.4e-04 0.02
 
RESULTS OF THE OCCUPATION OPTIMIZATION
========================================
   1    1.9999995  -40.52033049
   2    1.9974998  -2.82757451
   3    1.9933572  -1.54679661
   4    1.9927166  -1.54516051
   5    1.9888003  -1.54283512
   6    1.9669684  -0.29225425
   7    0.0097432  -0.00821250
   8    0.0083328  -0.03056918
   9    0.0040644  -0.00990672
  10    0.0029455  -0.01193092
  11    0.0023671  -0.01185400
  12    0.0000003  -0.00000053
  13    0.0078713  -0.00796809
  14    0.0027112  -0.01134134
  15    0.0030053  -0.01225572
  16    0.0028785  -0.01206779
  17    0.0000799  -0.00171957
  18    0.0000001  -0.00000021
  19    0.0071511  -0.00753562
  20    0.0000564  -0.00015133
  21    0.0001011  -0.00067322
  22    0.0006406  -0.00701550
  23    0.0000372  -0.00017611
  24    0.0000000  -0.00000021
  25    0.0032682  -0.00276397
  26    0.0000475  -0.00014619
  27    0.0000467  -0.00015562
  28    0.0000666  -0.00018232
  29    0.0000072  -0.00003226
  30    0.0000000  -0.00000014
  31    0.0029377  -0.00278998
  32    0.0000272  -0.00008845
  33    0.0000286  -0.00010157
  34    0.0000498  -0.00014359
  35    0.0000029  -0.00000971
  36    0.0000000  -0.00000013
  37    0.0016456  -0.00190181
  38    0.0000121  -0.00003372
  39    0.0000182  -0.00064247
  40    0.0000224  -0.00009196
  41    0.0000019  -0.00000814
  42    0.0000000  -0.00000004
  43    0.0002241  -0.00025379
  44    0.0000051  -0.00001863
  45    0.0000077  -0.00002572
  46    0.0000171  -0.00009606
  47    0.0000013  -0.00000229
  48    0.0000000  -0.00000007
  49    0.0001329  -0.00019680
  50    0.0000044  -0.00000830
  51    0.0000058  -0.00001803
  52    0.0000157  -0.00008926
  53    0.0000012  -0.00000298
  54    0.0000000  -0.00000005
  55    0.0000486  -0.00009526
  56    0.0000021  -0.00000501
  57    0.0000033  -0.00000772
  58    0.0000035  -0.00000953
  59    0.0000007  -0.00000126
  60    0.0000000  -0.00000006
  61    0.0000055  -0.00000158
  62    0.0000005  -0.00000064
  63    0.0000013  -0.00000206
  64    0.0000019  -0.00000329
  65    0.0000005  -0.00000076
  66    0.0000000  -0.00000003
  67    0.0000035  -0.00000116
  68    0.0000004  -0.00000025
  69    0.0000009  -0.00000149
  70    0.0000012  -0.00000221
  71    0.0000004  -0.00000048
  72    0.0000000  -0.00000001
 
----------------
 Final Energies 
----------------
Final NOF Total Energy =    -162.6241006
 
Total Orbital Internal Iterations = 476
Total Occupation Internal Iterations = 380
 
Elapsed time:   30.42 Seconds

---------------------------------
   Lowdin Population Analysis    
---------------------------------
 Idx  Atom   Population   Charge 
---------------------------------
  1    Na    10.778       0.222
  2     H     1.222      -0.222

---------------------------------
   M Diagnostic: 0.02
---------------------------------

