Computing Integrals
Basis Set                                            = def2-qzvp
Auxiliary Basis Set                                  = def2-universal-jkfit
Gaussian Type                                        = Spherical
Elapsed time:    2.79 Seconds

Number of basis functions                   (NBF)    = 65
Number of auxiliary basis functions         (NBFAUX) = 69
Inactive Doubly occupied orbitals up to     (NO1)    = 0
No. considered Strongly Doubly occupied MOs (NDOC)   = 2
No. considered Strongly Singly occupied MOs (NSOC)   = 0
NO. of Weakly occ. per St. Doubly occ.  MOs (NCWO)   = 31
Dimension of the Nat. Orb. subspace         (NBF5)   = 64
No. of electrons                                     = 4
    No. of alpha electrons                           = 2
    No. of beta electrons                            = 2
Multiplicity                                         = 1

Geometry
========
Li       0.0000000       0.0000000      -0.7979820
 H       0.0000000       0.0000000       0.7979820

No violations of the orthonormality
No violations of the orthonormality
 
PNOF8/ADABelief Calculation
==================
 
  Nitext  Nit_orb  Time   Nit_occ  Time         Eelec          Etot           Ediff      maxdiff    MaxGrad_orb  Grad_occ
     1      10    2.3e+01    0    2.8e+01    -9.05238059    -8.05766619 -10008.05238059   0.000782   3.1e-03   1.7e-04 0.04
 
RESULTS OF THE OCCUPATION OPTIMIZATION
========================================
   1    1.9947958  -2.47019519
   2    1.9481152  -0.32710373
   3    0.0243194  -0.01157682
   4    0.0023441  -0.00946329
   5    0.0087895  -0.00440234
   6    0.0009414  -0.00404102
   7    0.0087316  -0.00432612
   8    0.0009126  -0.00403403
   9    0.0086498  -0.00462232
  10    0.0009123  -0.00403346
  11    0.0002852  -0.00025935
  12    0.0000486  -0.00033347
  13    0.0001868  -0.00020390
  14    0.0000261  -0.00008573
  15    0.0001752  -0.00020169
  16    0.0000021  -0.00001037
  17    0.0001128  -0.00013887
  18    0.0000016  -0.00000867
  19    0.0001049  -0.00010994
  20    0.0000012  -0.00000340
  21    0.0000846  -0.00010672
  22    0.0000011  -0.00000584
  23    0.0000845  -0.00010808
  24    0.0000010  -0.00000400
  25    0.0000799  -0.00010351
  26    0.0000010  -0.00000283
  27    0.0000665  -0.00008737
  28    0.0000009  -0.00000321
  29    0.0000493  -0.00002542
  30    0.0000009  -0.00000249
  31    0.0000369  -0.00003066
  32    0.0000008  -0.00000160
  33    0.0000192  -0.00002360
  34    0.0000007  -0.00000194
  35    0.0000181  -0.00002074
  36    0.0000007  -0.00000178
  37    0.0000174  -0.00001799
  38    0.0000007  -0.00000260
  39    0.0000114  -0.00001543
  40    0.0000007  -0.00000229
  41    0.0000092  -0.00001238
  42    0.0000007  -0.00000294
  43    0.0000091  -0.00001467
  44    0.0000006  -0.00000171
  45    0.0000083  -0.00000919
  46    0.0000006  -0.00000135
  47    0.0000081  -0.00001524
  48    0.0000006  -0.00000050
  49    0.0000065  -0.00000209
  50    0.0000005  -0.00000045
  51    0.0000039  -0.00000178
  52    0.0000004  -0.00000054
  53    0.0000032  -0.00000122
  54    0.0000004  0.00000026
  55    0.0000028  -0.00000237
  56    0.0000004  -0.00000006
  57    0.0000028  -0.00000154
  58    0.0000004  -0.00000037
  59    0.0000027  -0.00000350
  60    0.0000003  0.00000004
  61    0.0000025  -0.00000225
  62    0.0000003  0.00000036
  63    0.0000024  -0.00000129
  64    0.0000003  0.00000026
 
----------------
 Final Energies 
----------------
Final NOF Total Energy =      -8.0576662
 
Total Orbital Internal Iterations = 10
Total Occupation Internal Iterations = 0
 
Elapsed time:   67.06 Seconds

---------------------------------
   Lowdin Population Analysis    
---------------------------------
 Idx  Atom   Population   Charge 
---------------------------------
  1    Li     2.665       0.335
  2     H     1.335      -0.335

---------------------------------
   M Diagnostic: 0.04
---------------------------------

