Computing Integrals
Basis Set                                            = def2-qzvp
Auxiliary Basis Set                                  = def2-universal-jkfit
Gaussian Type                                        = Spherical
Elapsed time:    4.60 Seconds

Number of basis functions                   (NBF)    = 280
Number of auxiliary basis functions         (NBFAUX) = 512
Inactive Doubly occupied orbitals up to     (NO1)    = 0
No. considered Strongly Doubly occupied MOs (NDOC)   = 33
No. considered Strongly Singly occupied MOs (NSOC)   = 0
NO. of Weakly occ. per St. Doubly occ.  MOs (NCWO)   = 7
Dimension of the Nat. Orb. subspace         (NBF5)   = 264
No. of electrons                                     = 66
    No. of alpha electrons                           = 33
    No. of beta electrons                            = 33
Multiplicity                                         = 1

Geometry
========
 P      -0.2078209       1.7674485       0.0000000
Cl       1.0912817       1.9676194       1.5825606
Cl       1.0912817       1.9676194      -1.5825606
Cl      -1.0912817       3.6237210       0.0000000

No violations of the orthonormality
No violations of the orthonormality
 
PNOF8/ADABelief Calculation
==================
 
  Nitext  Nit_orb  Time   Nit_occ  Time         Eelec          Etot           Ediff      maxdiff    MaxGrad_orb  Grad_occ
     1      10    2.4e+01    0    2.5e+01 -2063.23127874 -1721.41819922 -12062.23127874   0.000574   2.3e-03   2.8e-04 0.03
 
RESULTS OF THE OCCUPATION OPTIMIZATION
========================================
   1    1.9999992  -100.85165736
   2    1.9999991  -99.08166649
   3    1.9999991  -98.13175214
   4    1.9999990  -96.83351031
   5    1.9999194  -10.61997135
   6    1.9999086  -10.61834689
   7    1.9999031  -10.61815972
   8    1.9991707  -8.08735933
   9    1.9994141  -8.08443792
  10    1.9990604  -8.08386932
  11    1.9993464  -8.08341780
  12    1.9993751  -8.08320193
  13    1.9993972  -8.08226911
  14    1.9994680  -8.08204243
  15    1.9987711  -8.08034772
  16    1.9989683  -8.06814581
  17    1.9997358  -7.65164252
  18    1.9982077  -5.53619477
  19    1.9981871  -5.53593135
  20    1.9984800  -5.53507393
  21    1.9833032  -1.11647649
  22    1.9833521  -1.11597417
  23    1.9831443  -1.11498341
  24    1.9800906  -0.78558512
  25    1.9715277  -0.60404626
  26    1.9719177  -0.59790581
  27    1.9717917  -0.59766852
  28    1.9737577  -0.52246247
  29    1.9700478  -0.52106618
  30    1.9696224  -0.52097638
  31    1.9724462  -0.52011945
  32    1.9719647  -0.52003548
  33    1.9697198  -0.51963355
  34    0.0081165  -0.01730300
  35    0.0098454  -0.01924094
  36    0.0093363  -0.01888944
  37    0.0100427  -0.01821254
  38    0.0096355  -0.01794220
  39    0.0082164  -0.01824637
  40    0.0211318  -0.04452331
  41    0.0207325  -0.04419680
  42    0.0234552  -0.04666864
  43    0.0048723  -0.02363754
  44    0.0056789  -0.02934986
  45    0.0057100  -0.02952291
  46    0.0057431  -0.02926462
  47    0.0011687  -0.01246505
  48    0.0010446  -0.01351290
  49    0.0011186  -0.01240332
  50    0.0001202  -0.00228180
  51    0.0009161  -0.00999724
  52    0.0004677  -0.01140948
  53    0.0003534  -0.00856443
  54    0.0004520  -0.01060520
  55    0.0004452  -0.01050330
  56    0.0004989  -0.01174405
  57    0.0004839  -0.01157685
  58    0.0004532  -0.01065174
  59    0.0004314  -0.01038022
  60    0.0000424  -0.00039883
  61    0.0000326  -0.00033410
  62    0.0000190  -0.00021296
  63    0.0000004  -0.00001585
  64    0.0000004  -0.00001558
  65    0.0000006  -0.00002460
  66    0.0000005  -0.00001749
  67    0.0078119  -0.01641567
  68    0.0089783  -0.01769481
  69    0.0085595  -0.01752647
  70    0.0095646  -0.01773641
  71    0.0093053  -0.01755423
  72    0.0077155  -0.01732433
  73    0.0048837  -0.01653120
  74    0.0052418  -0.01746760
  75    0.0020588  -0.00884452
  76    0.0032196  -0.01255129
  77    0.0037000  -0.01837524
  78    0.0036100  -0.01829070
  79    0.0036286  -0.01826317
  80    0.0001321  -0.00175925
  81    0.0004981  -0.00647997
  82    0.0004828  -0.00596927
  83    0.0000572  -0.00065150
  84    0.0000659  -0.00120361
  85    0.0003914  -0.00970389
  86    0.0000707  -0.00089879
  87    0.0000668  -0.00180193
  88    0.0000695  -0.00305888
  89    0.0000670  -0.00080475
  90    0.0003968  -0.00960692
  91    0.0000686  -0.00268712
  92    0.0003419  -0.00836935
  93    0.0000209  -0.00016748
  94    0.0000179  -0.00017458
  95    0.0000184  -0.00020506
  96    0.0000003  -0.00001148
  97    0.0000004  -0.00001425
  98    0.0000003  -0.00001201
  99    0.0000003  -0.00001243
 100    0.0076940  -0.01586099
 101    0.0070376  -0.01849720
 102    0.0067847  -0.01839861
 103    0.0095008  -0.01725203
 104    0.0091119  -0.01696482
 105    0.0062010  -0.01829655
 106    0.0006770  -0.00186461
 107    0.0007109  -0.00214295
 108    0.0006475  -0.00173955
 109    0.0029959  -0.01145939
 110    0.0018147  -0.01016771
 111    0.0018194  -0.01023489
 112    0.0018055  -0.01016594
 113    0.0000678  -0.00122615
 114    0.0001213  -0.00129870
 115    0.0000674  -0.00083695
 116    0.0000231  -0.00018610
 117    0.0000140  -0.00048217
 118    0.0003259  -0.00814687
 119    0.0000690  -0.00195352
 120    0.0000429  -0.00049461
 121    0.0000627  -0.00076248
 122    0.0000466  -0.00051361
 123    0.0000148  -0.00013861
 124    0.0000162  -0.00014615
 125    0.0000150  -0.00041517
 126    0.0000100  -0.00016531
 127    0.0000144  -0.00025232
 128    0.0000174  -0.00034028
 129    0.0000001  -0.00000810
 130    0.0000001  -0.00000706
 131    0.0000000  -0.00000276
 132    0.0000000  -0.00000241
 133    0.0061082  -0.01738061
 134    0.0006658  -0.00167107
 135    0.0010032  -0.00385465
 136    0.0006272  -0.00150445
 137    0.0009855  -0.00331079
 138    0.0019826  -0.00917093
 139    0.0005801  -0.00157232
 140    0.0005344  -0.00160168
 141    0.0006278  -0.00165588
 142    0.0029443  -0.01150806
 143    0.0017788  -0.01008924
 144    0.0017951  -0.01020467
 145    0.0017812  -0.01018466
 146    0.0000526  -0.00060308
 147    0.0000653  -0.00057475
 148    0.0000408  -0.00034472
 149    0.0000179  -0.00026368
 150    0.0000132  -0.00050045
 151    0.0000147  -0.00013842
 152    0.0000138  -0.00015051
 153    0.0000139  -0.00041320
 154    0.0000155  -0.00014141
 155    0.0000154  -0.00014269
 156    0.0000146  -0.00013716
 157    0.0000161  -0.00014479
 158    0.0000128  -0.00040685
 159    0.0000082  -0.00015900
 160    0.0000114  -0.00018228
 161    0.0000106  -0.00015337
 162    0.0000001  -0.00000778
 163    0.0000000  -0.00000182
 164    0.0000000  -0.00000263
 165    0.0000000  -0.00000112
 166    0.0002102  -0.00077137
 167    0.0006319  -0.00157673
 168    0.0006341  -0.00169238
 169    0.0002544  -0.00083908
 170    0.0004428  -0.00135957
 171    0.0009830  -0.00392930
 172    0.0005433  -0.00150947
 173    0.0005024  -0.00147842
 174    0.0005810  -0.00153855
 175    0.0028567  -0.01144372
 176    0.0017547  -0.01006845
 177    0.0017746  -0.01018248
 178    0.0017686  -0.01019719
 179    0.0000429  -0.00035863
 180    0.0000323  -0.00026631
 181    0.0000304  -0.00030324
 182    0.0000166  -0.00029524
 183    0.0000093  -0.00008941
 184    0.0000123  -0.00013252
 185    0.0000135  -0.00034091
 186    0.0000104  -0.00009408
 187    0.0000149  -0.00013849
 188    0.0000130  -0.00011327
 189    0.0000122  -0.00014103
 190    0.0000121  -0.00011537
 191    0.0000102  -0.00009031
 192    0.0000067  -0.00012224
 193    0.0000063  -0.00007104
 194    0.0000088  -0.00009528
 195    0.0000000  -0.00000067
 196    0.0000000  -0.00000171
 197    0.0000000  -0.00000226
 198    0.0000000  -0.00000097
 199    0.0001893  -0.00073509
 200    0.0006303  -0.00157867
 201    0.0006194  -0.00157430
 202    0.0002021  -0.00076233
 203    0.0002481  -0.00090865
 204    0.0005722  -0.00154720
 205    0.0002006  -0.00073926
 206    0.0002020  -0.00077841
 207    0.0005588  -0.00152792
 208    0.0028052  -0.01141125
 209    0.0017423  -0.01005697
 210    0.0017599  -0.01012421
 211    0.0017363  -0.00994558
 212    0.0000332  -0.00026309
 213    0.0000263  -0.00019853
 214    0.0000279  -0.00021627
 215    0.0000157  -0.00039764
 216    0.0000076  -0.00008162
 217    0.0000085  -0.00008314
 218    0.0000059  -0.00011447
 219    0.0000087  -0.00008453
 220    0.0000095  -0.00008931
 221    0.0000067  -0.00007066
 222    0.0000093  -0.00008828
 223    0.0000111  -0.00010555
 224    0.0000093  -0.00008636
 225    0.0000060  -0.00013068
 226    0.0000058  -0.00009599
 227    0.0000036  -0.00040679
 228    0.0000000  -0.00000065
 229    0.0000000  -0.00000143
 230    0.0000000  -0.00000221
 231    0.0000000  -0.00000089
 232    0.0001503  -0.00058239
 233    0.0002460  -0.00086166
 234    0.0006165  -0.00157695
 235    0.0001858  -0.00064465
 236    0.0002231  -0.00087001
 237    0.0005716  -0.00154786
 238    0.0001919  -0.00075329
 239    0.0001582  -0.00060966
 240    0.0005432  -0.00153137
 241    0.0002154  -0.00104094
 242    0.0003863  -0.00162723
 243    0.0001787  -0.00096242
 244    0.0002335  -0.00126995
 245    0.0000227  -0.00017685
 246    0.0000250  -0.00018090
 247    0.0000244  -0.00018841
 248    0.0000134  -0.00017525
 249    0.0000058  -0.00014720
 250    0.0000083  -0.00007731
 251    0.0000057  -0.00009852
 252    0.0000081  -0.00008131
 253    0.0000075  -0.00012320
 254    0.0000060  -0.00008000
 255    0.0000080  -0.00007777
 256    0.0000087  -0.00008972
 257    0.0000088  -0.00008550
 258    0.0000028  -0.00055129
 259    0.0000030  -0.00055685
 260    0.0000028  -0.00055274
 261    0.0000000  -0.00000055
 262    0.0000000  -0.00000125
 263    0.0000000  -0.00000167
 264    0.0000000  -0.00000077
 
----------------
 Final Energies 
----------------
Final NOF Total Energy =   -1721.4181992
 
Total Orbital Internal Iterations = 10
Total Occupation Internal Iterations = 0
 
Elapsed time:   64.19 Seconds

---------------------------------
   Lowdin Population Analysis    
---------------------------------
 Idx  Atom   Population   Charge 
---------------------------------
  1     P    15.602      -0.602
  2    Cl    16.797       0.203
  3    Cl    16.801       0.199
  4    Cl    16.800       0.200

---------------------------------
   M Diagnostic: 0.03
---------------------------------

