Computing Integrals
Basis Set                                            = def2-qzvp
Auxiliary Basis Set                                  = def2-universal-jkfit
Gaussian Type                                        = Spherical
Elapsed time:    2.90 Seconds

Number of basis functions                   (NBF)    = 157
Number of auxiliary basis functions         (NBFAUX) = 223
Inactive Doubly occupied orbitals up to     (NO1)    = 0
No. considered Strongly Doubly occupied MOs (NDOC)   = 13
No. considered Strongly Singly occupied MOs (NSOC)   = 0
NO. of Weakly occ. per St. Doubly occ.  MOs (NCWO)   = 11
Dimension of the Nat. Orb. subspace         (NBF5)   = 156
No. of electrons                                     = 26
    No. of alpha electrons                           = 13
    No. of beta electrons                            = 13
Multiplicity                                         = 1

Geometry
========
 O       0.0361730       1.0996190       0.0000000
 H      -0.9043170       1.3107610       0.0000000
Cl       0.0361730      -0.5945710       0.0000000

No violations of the orthonormality
No violations of the orthonormality
 
PNOF8/ADABelief Calculation
==================
 
  Nitext  Nit_orb  Time   Nit_occ  Time         Eelec          Etot           Ediff      maxdiff    MaxGrad_orb  Grad_occ
     1      10    2.2e+01    0    2.5e+01  -586.86370679  -535.75868651 -10585.86370679   0.000940   3.8e-03   2.0e-04 0.03
 
RESULTS OF THE OCCUPATION OPTIMIZATION
========================================
   1    1.9999995  -104.94192379
   2    1.9999912  -20.66635097
   3    1.9996934  -10.61748605
   4    1.9994236  -8.12596524
   5    1.9994775  -8.10166042
   6    1.9994240  -8.10077952
   7    1.9867091  -1.34511832
   8    1.9846713  -1.08968006
   9    1.9731978  -0.78007185
  10    1.9650193  -0.67808479
  11    1.9774599  -0.60200223
  12    1.9708744  -0.51331067
  13    1.9758590  -0.50881697
  14    0.0079824  -0.01717258
  15    0.0091729  -0.01762425
  16    0.0104365  -0.02064321
  17    0.0324419  -0.05998356
  18    0.0180781  -0.03025873
  19    0.0065642  -0.02923784
  20    0.0055747  -0.01912390
  21    0.0004550  -0.01050178
  22    0.0004280  -0.00998972
  23    0.0005218  -0.01206470
  24    0.0002706  -0.00719948
  25    0.0000077  -0.00020918
  26    0.0000004  -0.00001509
  27    0.0067716  -0.01882135
  28    0.0087722  -0.01721166
  29    0.0061963  -0.01743395
  30    0.0021090  -0.00600614
  31    0.0036695  -0.00865699
  32    0.0033079  -0.01513312
  33    0.0027355  -0.01005323
  34    0.0000696  -0.00303210
  35    0.0000446  -0.00119898
  36    0.0000166  -0.00031590
  37    0.0000070  -0.00009622
  38    0.0000003  -0.00002918
  39    0.0000000  -0.00000030
  40    0.0058015  -0.01596442
  41    0.0083255  -0.01632423
  42    0.0035939  -0.00886623
  43    0.0001875  -0.00066628
  44    0.0032646  -0.00761100
  45    0.0019594  -0.01018123
  46    0.0017585  -0.00849269
  47    0.0000096  -0.00010933
  48    0.0000133  -0.00077564
  49    0.0000119  -0.00013688
  50    0.0000052  -0.00006995
  51    0.0000002  -0.00000303
  52    0.0000000  -0.00000028
  53    0.0018381  -0.00806592
  54    0.0014213  -0.00567619
  55    0.0010613  -0.00417024
  56    0.0000435  -0.00016977
  57    0.0005781  -0.00169340
  58    0.0018804  -0.00980447
  59    0.0010115  -0.00598996
  60    0.0000087  -0.00010315
  61    0.0000111  -0.00011200
  62    0.0000074  -0.00009638
  63    0.0000047  -0.00009085
  64    0.0000001  -0.00000260
  65    0.0000000  -0.00000026
  66    0.0006283  -0.00167992
  67    0.0005172  -0.00137306
  68    0.0004353  -0.00142530
  69    0.0000407  -0.00016813
  70    0.0005160  -0.00152169
  71    0.0005360  -0.00166238
  72    0.0006129  -0.00244651
  73    0.0000084  -0.00010127
  74    0.0000072  -0.00008794
  75    0.0000054  -0.00007123
  76    0.0000040  -0.00005685
  77    0.0000001  -0.00000176
  78    0.0000000  -0.00000026
  79    0.0006055  -0.00161572
  80    0.0004854  -0.00135508
  81    0.0002825  -0.00095354
  82    0.0000375  -0.00015178
  83    0.0002372  -0.00081485
  84    0.0003556  -0.00194055
  85    0.0004968  -0.00368490
  86    0.0000069  -0.00008783
  87    0.0000065  -0.00008247
  88    0.0000050  -0.00006621
  89    0.0000038  -0.00034601
  90    0.0000001  -0.00000143
  91    0.0000000  -0.00000017
  92    0.0002013  -0.00087108
  93    0.0002249  -0.00091789
  94    0.0002536  -0.00086916
  95    0.0000337  -0.00012060
  96    0.0002149  -0.00076804
  97    0.0002731  -0.00129211
  98    0.0004056  -0.00153809
  99    0.0000062  -0.00007943
 100    0.0000059  -0.00008411
 101    0.0000039  -0.00005171
 102    0.0000033  -0.00004240
 103    0.0000001  -0.00000119
 104    0.0000000  -0.00000021
 105    0.0001488  -0.00070609
 106    0.0001013  -0.00039620
 107    0.0000890  -0.00040718
 108    0.0000325  -0.00012163
 109    0.0001160  -0.00049516
 110    0.0002216  -0.00112282
 111    0.0002383  -0.00094729
 112    0.0000051  -0.00006508
 113    0.0000024  -0.00016320
 114    0.0000017  -0.00002659
 115    0.0000029  -0.00004058
 116    0.0000001  -0.00000102
 117    0.0000000  -0.00000014
 118    0.0000732  -0.00025485
 119    0.0000374  -0.00012399
 120    0.0000742  -0.00031668
 121    0.0000288  -0.00011648
 122    0.0000500  -0.00018781
 123    0.0001252  -0.00082697
 124    0.0002199  -0.00091530
 125    0.0000042  -0.00008821
 126    0.0000020  -0.00003777
 127    0.0000015  -0.00002243
 128    0.0000021  -0.00010902
 129    0.0000001  -0.00000088
 130    0.0000000  -0.00000010
 131    0.0000630  -0.00021580
 132    0.0000356  -0.00012166
 133    0.0000690  -0.00028535
 134    0.0000236  -0.00011462
 135    0.0000437  -0.00017298
 136    0.0000597  -0.00024617
 137    0.0001261  -0.00092671
 138    0.0000013  -0.00001406
 139    0.0000013  -0.00002826
 140    0.0000007  -0.00000786
 141    0.0000017  -0.00003016
 142    0.0000000  -0.00000084
 143    0.0000000  -0.00000012
 144    0.0000273  -0.00014061
 145    0.0000320  -0.00013045
 146    0.0000484  -0.00020034
 147    0.0000020  -0.00000902
 148    0.0000341  -0.00013165
 149    0.0000457  -0.00022375
 150    0.0001110  -0.00065547
 151    0.0000010  -0.00000986
 152    0.0000003  -0.00000383
 153    0.0000006  -0.00000637
 154    0.0000012  -0.00001608
 155    0.0000000  -0.00000047
 156    0.0000000  -0.00000007
 
----------------
 Final Energies 
----------------
Final NOF Total Energy =    -535.7586865
 
Total Orbital Internal Iterations = 10
Total Occupation Internal Iterations = 0
 
Elapsed time:   61.31 Seconds

---------------------------------
   Lowdin Population Analysis    
---------------------------------
 Idx  Atom   Population   Charge 
---------------------------------
  1     O     7.757       0.243
  2     H     1.403      -0.403
  3    Cl    16.840       0.160

---------------------------------
   M Diagnostic: 0.03
---------------------------------

