Computing Integrals
Basis Set                                            = def2-qzvp
Auxiliary Basis Set                                  = def2-universal-jkfit
Gaussian Type                                        = Spherical
Elapsed time:    5.39 Seconds

Number of basis functions                   (NBF)    = 408
Number of auxiliary basis functions         (NBFAUX) = 412
Inactive Doubly occupied orbitals up to     (NO1)    = 0
No. considered Strongly Doubly occupied MOs (NDOC)   = 17
No. considered Strongly Singly occupied MOs (NSOC)   = 0
NO. of Weakly occ. per St. Doubly occ.  MOs (NCWO)   = 23
Dimension of the Nat. Orb. subspace         (NBF5)   = 408
No. of electrons                                     = 34
    No. of alpha electrons                           = 17
    No. of beta electrons                            = 17
Multiplicity                                         = 1

Geometry
========
 C      -1.0529390      -0.2515810      -0.1577480
 H      -1.9231670      -0.5216960      -0.7663770
 O      -0.2800520      -1.2090020       0.1713900
 C      -0.7553570       1.0975430       0.0840370
 H      -0.3808930       1.3513300       1.0730890
 H       0.6651450       0.8930730      -0.2351140
 H      -1.4182290       1.8371300      -0.3434510
 H       0.8752770      -0.6412440       0.1970110
 O       1.6425420       0.2085150      -0.0052370
 H       2.1317240       0.0095310      -0.8121200

No violations of the orthonormality
No violations of the orthonormality
 
PNOF8/ADAM Calculation
==================
 
  Nitext  Nit_orb  Time   Nit_occ  Time         Eelec          Etot           Ediff      maxdiff    MaxGrad_orb  Grad_occ
     1      10    2.3e+01   21    2.0e+01  -337.24963705  -207.51348209 -10336.24963705   1.531183   6.1e+00   1.7e-04 0.00
     2      10    1.5e+01  103    3.6e+01  -348.69952344  -218.96336847   -11.44988639   0.328149   1.3e+00   2.5e-04 0.02
     3      10    1.4e+01   89    2.9e+01  -354.61611371  -224.87995874    -5.91659027   0.397586   1.6e+00   2.1e-04 0.03
     4      10    1.4e+01   32    1.1e+01  -356.37796817  -226.64181321    -1.76185447   1.892141   7.6e+00   2.5e-04 0.03
     5      10    1.4e+01   26    9.3e+00  -356.89838447  -227.16222951    -0.52041630   0.316335   1.3e+00   2.1e-04 0.03
     6      10    1.6e+01   20    7.5e+00  -356.97050749  -227.23435253    -0.07212302   0.596561   2.4e+00   2.4e-04 0.03
     7      10    1.4e+01    0    1.2e+00  -356.97157966  -227.23542470    -0.00107217   0.596556   2.4e+00   2.4e-04 0.03
     8      30    4.1e+01   24    8.8e+00  -359.15061788  -229.41446292    -2.17903822   0.227109   9.1e-01   2.7e-04 0.03
     9      30    4.1e+01   12    4.9e+00  -359.50166974  -229.76551477    -0.35105186   0.149348   6.0e-01   2.8e-04 0.03
    10      30    4.2e+01   19    7.2e+00  -359.60479677  -229.86864181    -0.10312704   0.086158   3.4e-01   2.0e-04 0.03
    11      30    4.2e+01   12    4.9e+00  -359.64721578  -229.91106082    -0.04241901   0.037586   1.5e-01   2.6e-04 0.03
    12      30    4.2e+01   18    6.8e+00  -359.66226232  -229.92610736    -0.01504654   0.016098   6.4e-02   1.8e-04 0.03
    13      30    4.1e+01   11    4.6e+00  -359.66769863  -229.93154367    -0.00543631   0.013910   5.6e-02   2.4e-04 0.03
    14      30    4.1e+01   11    4.6e+00  -359.67201568  -229.93586072    -0.00431705   0.010295   4.1e-02   2.0e-04 0.03
    15      30    4.0e+01   11    4.7e+00  -359.67499865  -229.93884368    -0.00298297   0.010552   4.2e-02   2.0e-04 0.03
    16      30    4.1e+01    8    3.7e+00  -359.67813647  -229.94198151    -0.00313782   0.011301   4.5e-02   2.7e-04 0.03
    17      30    4.1e+01   11    4.7e+00  -359.68086271  -229.94470775    -0.00272624   0.010444   4.2e-02   2.3e-04 0.03
    18      30    4.1e+01    7    3.4e+00  -359.68294493  -229.94678997    -0.00208222   0.008913   3.6e-02   2.8e-04 0.03
    19      30    4.0e+01    8    3.6e+00  -359.68452593  -229.94837097    -0.00158100   0.008678   3.5e-02   2.6e-04 0.03
    20      30    4.0e+01    8    3.7e+00  -359.68611242  -229.94995746    -0.00158649   0.010111   4.0e-02   2.7e-04 0.03
    21      30    4.2e+01   10    4.2e+00  -359.68723576  -229.95108079    -0.00112333   0.010627   4.3e-02   2.6e-04 0.03
    22      30    4.1e+01    8    3.7e+00  -359.68844638  -229.95229142    -0.00121062   0.008840   3.5e-02   2.7e-04 0.03
    23      30    4.0e+01    8    3.7e+00  -359.68913071  -229.95297575    -0.00068433   0.009856   3.9e-02   2.6e-04 0.03
    24      30    4.0e+01    7    3.4e+00  -359.68986145  -229.95370649    -0.00073074   0.010652   4.3e-02   2.5e-04 0.03
    25      30    4.2e+01   10    4.3e+00  -359.69035811  -229.95420314    -0.00049665   0.009321   3.7e-02   1.9e-04 0.03
    26      30    4.1e+01    5    2.7e+00  -359.69080693  -229.95465197    -0.00044882   0.010322   4.1e-02   2.6e-04 0.03
    27      30    4.0e+01    7    3.4e+00  -359.69109762  -229.95494265    -0.00029069   0.010674   4.3e-02   2.6e-04 0.03
    28      30    4.1e+01    7    3.3e+00  -359.69146523  -229.95531027    -0.00036761   0.012062   4.8e-02   2.6e-04 0.03
    29      30    4.1e+01   10    4.3e+00  -359.69171674  -229.95556177    -0.00025151   0.008022   3.2e-02   1.6e-04 0.03
    30      30    4.2e+01    7    3.3e+00  -359.69185154  -229.95569658    -0.00013481   0.009927   4.0e-02   2.4e-04 0.03
    31      30    4.1e+01   10    4.3e+00  -359.69215084  -229.95599587    -0.00029929   0.008031   3.2e-02   1.7e-04 0.03
    32      30    4.1e+01    7    3.4e+00  -359.69239334  -229.95623837    -0.00024250   0.009822   3.9e-02   2.1e-04 0.03
    33      30    4.1e+01    9    4.0e+00  -359.69255824  -229.95640327    -0.00016490   0.010578   4.2e-02   2.1e-04 0.03
    34      30    4.1e+01    7    3.5e+00  -359.69298562  -229.95683066    -0.00042739   0.009914   4.0e-02   2.0e-04 0.03
    35      30    4.1e+01    4    2.4e+00  -359.69309963  -229.95694466    -0.00011401   0.013059   5.2e-02   2.4e-04 0.03
    36      30    4.0e+01    7    3.3e+00  -359.69340115  -229.95724619    -0.00030153   0.025079   1.0e-01   2.1e-04 0.03
    37      30    4.1e+01    6    3.0e+00  -359.69351436  -229.95735940    -0.00011321   0.008523   3.4e-02   2.5e-04 0.03
    38      30    4.1e+01    0    1.2e+00  -359.69353764  -229.95738268    -0.00002328   0.008523   3.4e-02   2.5e-04 0.03
    39      50    6.7e+01    3    2.1e+00  -359.69480289  -229.95864793    -0.00126525   0.000572   2.3e-03   2.4e-04 0.03
 
RESULTS OF THE OCCUPATION OPTIMIZATION
========================================
   1    1.9999951  -20.60495427
   2    1.9999937  -20.60402449
   3    1.9999757  -11.29061815
   4    1.9999811  -11.25795780
   5    1.9901432  -1.33259459
   6    1.9878160  -1.31091903
   7    1.9781001  -0.86980392
   8    1.9736355  -0.80592175
   9    1.9729766  -0.75800881
  10    1.9753489  -0.73189139
  11    1.9728176  -0.68958496
  12    1.9746562  -0.68572431
  13    1.9741832  -0.67513071
  14    1.9786840  -0.62926820
  15    1.9789913  -0.60798370
  16    1.9677493  -0.58009715
  17    1.9711999  -0.46244673
  18    0.0195273  -0.02879138
  19    0.0278122  -0.04294475
  20    0.0080472  -0.01717061
  21    0.0101086  -0.01884985
  22    0.0136054  -0.01947718
  23    0.0159702  -0.02127072
  24    0.0218350  -0.03789574
  25    0.0154912  -0.02269259
  26    0.0178528  -0.02946458
  27    0.0218197  -0.04014881
  28    0.0159964  -0.02887495
  29    0.0053295  -0.01585689
  30    0.0054877  -0.01402686
  31    0.0000086  -0.00021145
  32    0.0000171  -0.00046540
  33    0.0000038  -0.00008722
  34    0.0000020  -0.00003471
  35    0.0043564  -0.00810267
  36    0.0037244  -0.00800648
  37    0.0042655  -0.00931025
  38    0.0045800  -0.00955026
  39    0.0045943  -0.00771970
  40    0.0047731  -0.00737721
  41    0.0036752  -0.00831570
  42    0.0023621  -0.00433207
  43    0.0039690  -0.00857277
  44    0.0034496  -0.00830176
  45    0.0011601  -0.00351709
  46    0.0033501  -0.00919372
  47    0.0011892  -0.00599506
  48    0.0000010  -0.00005696
  49    0.0000024  -0.00005640
  50    0.0000002  -0.00001070
  51    0.0000005  -0.00002879
  52    0.0030433  -0.00558283
  53    0.0002932  -0.00091370
  54    0.0036961  -0.00822037
  55    0.0038715  -0.00876637
  56    0.0036138  -0.00662725
  57    0.0040298  -0.00676694
  58    0.0006018  -0.00173616
  59    0.0022885  -0.00492726
  60    0.0036767  -0.00825075
  61    0.0004412  -0.00135329
  62    0.0010093  -0.00297452
  63    0.0006548  -0.00347211
  64    0.0011358  -0.00538287
  65    0.0000010  -0.00004726
  66    0.0000007  -0.00001098
  67    0.0000002  -0.00000247
  68    0.0000004  -0.00003580
  69    0.0005373  -0.00129297
  70    0.0002721  -0.00087007
  71    0.0017684  -0.00647735
  72    0.0011482  -0.00439961
  73    0.0010397  -0.00242331
  74    0.0001851  -0.00049680
  75    0.0004327  -0.00128594
  76    0.0018395  -0.00416550
  77    0.0004129  -0.00120150
  78    0.0002405  -0.00086942
  79    0.0009256  -0.00250265
  80    0.0004801  -0.00256359
  81    0.0007901  -0.00360540
  82    0.0000008  -0.00000633
  83    0.0000005  -0.00000402
  84    0.0000002  -0.00000114
  85    0.0000002  -0.00000108
  86    0.0002837  -0.00073851
  87    0.0000468  -0.00016474
  88    0.0008610  -0.00290364
  89    0.0006341  -0.00202562
  90    0.0008702  -0.00201225
  91    0.0001344  -0.00038734
  92    0.0003046  -0.00100805
  93    0.0015111  -0.00457811
  94    0.0002914  -0.00093826
  95    0.0002070  -0.00074470
  96    0.0007844  -0.00208750
  97    0.0004351  -0.00169963
  98    0.0005175  -0.00283293
  99    0.0000006  -0.00000475
 100    0.0000004  -0.00000314
 101    0.0000002  -0.00000110
 102    0.0000002  -0.00000094
 103    0.0002803  -0.00074007
 104    0.0000309  -0.00010798
 105    0.0006608  -0.00250240
 106    0.0003740  -0.00110818
 107    0.0007375  -0.00183272
 108    0.0000818  -0.00026733
 109    0.0000636  -0.00024018
 110    0.0002508  -0.00078058
 111    0.0002871  -0.00092942
 112    0.0000515  -0.00020662
 113    0.0004483  -0.00128207
 114    0.0003815  -0.00175339
 115    0.0001999  -0.00106187
 116    0.0000005  -0.00000426
 117    0.0000004  -0.00000263
 118    0.0000001  -0.00000085
 119    0.0000001  -0.00000096
 120    0.0002150  -0.00057398
 121    0.0000178  -0.00007801
 122    0.0005804  -0.00193331
 123    0.0001449  -0.00054120
 124    0.0005274  -0.00128569
 125    0.0000446  -0.00015840
 126    0.0000550  -0.00021935
 127    0.0002043  -0.00068221
 128    0.0002502  -0.00086665
 129    0.0000384  -0.00016046
 130    0.0003886  -0.00117027
 131    0.0003631  -0.00218748
 132    0.0001159  -0.00113262
 133    0.0000005  -0.00000426
 134    0.0000003  -0.00000220
 135    0.0000001  -0.00000075
 136    0.0000001  -0.00000073
 137    0.0001391  -0.00038595
 138    0.0000117  -0.00004636
 139    0.0002646  -0.00100059
 140    0.0001022  -0.00037471
 141    0.0003534  -0.00089219
 142    0.0000424  -0.00015895
 143    0.0000406  -0.00016438
 144    0.0001519  -0.00047787
 145    0.0000855  -0.00029648
 146    0.0000265  -0.00012344
 147    0.0003381  -0.00109907
 148    0.0002699  -0.00110268
 149    0.0001060  -0.00060824
 150    0.0000005  -0.00000429
 151    0.0000003  -0.00000190
 152    0.0000001  -0.00000068
 153    0.0000001  -0.00000084
 154    0.0001134  -0.00033601
 155    0.0000085  -0.00003441
 156    0.0002604  -0.00093880
 157    0.0000871  -0.00033838
 158    0.0001118  -0.00036980
 159    0.0000205  -0.00009850
 160    0.0000317  -0.00013390
 161    0.0001124  -0.00036966
 162    0.0000630  -0.00022221
 163    0.0000226  -0.00011139
 164    0.0003243  -0.00102702
 165    0.0002390  -0.00136930
 166    0.0000968  -0.00075234
 167    0.0000005  -0.00000345
 168    0.0000003  -0.00000202
 169    0.0000001  -0.00000071
 170    0.0000001  -0.00000055
 171    0.0000814  -0.00025560
 172    0.0000072  -0.00002344
 173    0.0002298  -0.00086106
 174    0.0000460  -0.00018160
 175    0.0000945  -0.00029508
 176    0.0000147  -0.00006934
 177    0.0000240  -0.00010900
 178    0.0000782  -0.00026450
 179    0.0000280  -0.00011595
 180    0.0000202  -0.00010853
 181    0.0001723  -0.00060329
 182    0.0001540  -0.00090533
 183    0.0000418  -0.00035840
 184    0.0000005  -0.00000368
 185    0.0000003  -0.00000156
 186    0.0000001  -0.00000067
 187    0.0000001  -0.00000059
 188    0.0000542  -0.00017774
 189    0.0000054  -0.00001941
 190    0.0000860  -0.00033354
 191    0.0000444  -0.00017972
 192    0.0000660  -0.00021275
 193    0.0000116  -0.00005717
 194    0.0000225  -0.00010191
 195    0.0000661  -0.00023997
 196    0.0000181  -0.00008898
 197    0.0000077  -0.00003664
 198    0.0001283  -0.00043660
 199    0.0001345  -0.00117465
 200    0.0000390  -0.00021589
 201    0.0000005  -0.00000325
 202    0.0000002  -0.00000151
 203    0.0000001  -0.00000065
 204    0.0000001  -0.00000055
 205    0.0000382  -0.00013470
 206    0.0000045  -0.00001252
 207    0.0000665  -0.00027142
 208    0.0000391  -0.00017279
 209    0.0000577  -0.00018842
 210    0.0000083  -0.00003758
 211    0.0000196  -0.00009992
 212    0.0000488  -0.00019370
 213    0.0000159  -0.00007400
 214    0.0000062  -0.00003175
 215    0.0000942  -0.00034123
 216    0.0001125  -0.00053219
 217    0.0000296  -0.00016980
 218    0.0000005  -0.00000310
 219    0.0000002  -0.00000109
 220    0.0000001  -0.00000061
 221    0.0000001  -0.00000050
 222    0.0000329  -0.00011907
 223    0.0000036  -0.00001222
 224    0.0000475  -0.00019054
 225    0.0000362  -0.00015753
 226    0.0000376  -0.00014473
 227    0.0000065  -0.00003297
 228    0.0000169  -0.00008052
 229    0.0000393  -0.00015697
 230    0.0000143  -0.00006942
 231    0.0000059  -0.00002929
 232    0.0000338  -0.00014996
 233    0.0000729  -0.00060395
 234    0.0000218  -0.00031798
 235    0.0000004  -0.00000263
 236    0.0000002  -0.00000111
 237    0.0000001  -0.00000051
 238    0.0000001  -0.00000047
 239    0.0000305  -0.00010992
 240    0.0000030  -0.00001018
 241    0.0000349  -0.00014950
 242    0.0000227  -0.00011587
 243    0.0000251  -0.00010528
 244    0.0000050  -0.00002314
 245    0.0000146  -0.00006941
 246    0.0000363  -0.00015284
 247    0.0000127  -0.00005786
 248    0.0000056  -0.00002827
 249    0.0000210  -0.00011638
 250    0.0000468  -0.00023366
 251    0.0000175  -0.00018880
 252    0.0000004  -0.00000284
 253    0.0000002  -0.00000095
 254    0.0000001  -0.00000054
 255    0.0000001  -0.00000043
 256    0.0000158  -0.00006376
 257    0.0000019  -0.00000495
 258    0.0000297  -0.00013646
 259    0.0000213  -0.00011397
 260    0.0000181  -0.00008415
 261    0.0000032  -0.00001484
 262    0.0000106  -0.00004651
 263    0.0000312  -0.00012989
 264    0.0000100  -0.00004240
 265    0.0000046  -0.00001946
 266    0.0000147  -0.00008713
 267    0.0000359  -0.00027682
 268    0.0000145  -0.00012799
 269    0.0000003  -0.00000456
 270    0.0000002  -0.00000098
 271    0.0000001  -0.00000043
 272    0.0000001  -0.00000041
 273    0.0000127  -0.00004935
 274    0.0000017  -0.00000497
 275    0.0000245  -0.00011953
 276    0.0000127  -0.00006804
 277    0.0000150  -0.00006885
 278    0.0000020  -0.00000810
 279    0.0000100  -0.00004681
 280    0.0000285  -0.00013081
 281    0.0000086  -0.00003721
 282    0.0000040  -0.00001857
 283    0.0000120  -0.00006527
 284    0.0000241  -0.00014479
 285    0.0000097  -0.00008494
 286    0.0000003  -0.00000400
 287    0.0000001  -0.00000066
 288    0.0000001  -0.00000033
 289    0.0000001  -0.00000028
 290    0.0000103  -0.00003852
 291    0.0000013  -0.00000427
 292    0.0000198  -0.00010501
 293    0.0000103  -0.00005001
 294    0.0000130  -0.00006420
 295    0.0000020  -0.00000758
 296    0.0000067  -0.00003090
 297    0.0000231  -0.00010843
 298    0.0000052  -0.00002304
 299    0.0000039  -0.00001662
 300    0.0000112  -0.00005995
 301    0.0000222  -0.00013027
 302    0.0000090  -0.00005993
 303    0.0000003  -0.00000187
 304    0.0000001  -0.00000055
 305    0.0000001  -0.00000028
 306    0.0000001  -0.00000025
 307    0.0000096  -0.00003669
 308    0.0000010  -0.00000366
 309    0.0000170  -0.00008873
 310    0.0000080  -0.00004071
 311    0.0000112  -0.00005155
 312    0.0000016  -0.00000632
 313    0.0000047  -0.00002092
 314    0.0000227  -0.00011024
 315    0.0000046  -0.00001829
 316    0.0000024  -0.00001169
 317    0.0000104  -0.00005602
 318    0.0000207  -0.00025352
 319    0.0000072  -0.00005462
 320    0.0000003  -0.00000172
 321    0.0000001  -0.00000045
 322    0.0000001  -0.00000019
 323    0.0000001  -0.00000025
 324    0.0000070  -0.00002525
 325    0.0000009  -0.00000366
 326    0.0000133  -0.00007141
 327    0.0000068  -0.00003547
 328    0.0000094  -0.00004451
 329    0.0000016  -0.00000675
 330    0.0000030  -0.00001274
 331    0.0000190  -0.00009697
 332    0.0000043  -0.00001868
 333    0.0000019  -0.00000851
 334    0.0000082  -0.00004378
 335    0.0000204  -0.00012654
 336    0.0000064  -0.00004212
 337    0.0000003  -0.00000150
 338    0.0000001  -0.00000053
 339    0.0000001  -0.00000023
 340    0.0000001  -0.00000029
 341    0.0000048  -0.00001534
 342    0.0000008  -0.00000337
 343    0.0000120  -0.00006349
 344    0.0000054  -0.00002815
 345    0.0000084  -0.00003873
 346    0.0000015  -0.00000599
 347    0.0000027  -0.00001161
 348    0.0000183  -0.00009332
 349    0.0000038  -0.00001552
 350    0.0000018  -0.00000812
 351    0.0000077  -0.00003972
 352    0.0000191  -0.00012226
 353    0.0000063  -0.00004025
 354    0.0000003  -0.00000169
 355    0.0000001  -0.00000036
 356    0.0000001  -0.00000026
 357    0.0000001  -0.00000020
 358    0.0000032  -0.00001123
 359    0.0000007  -0.00000255
 360    0.0000095  -0.00004926
 361    0.0000048  -0.00002695
 362    0.0000030  -0.00001348
 363    0.0000014  -0.00000588
 364    0.0000024  -0.00000907
 365    0.0000133  -0.00006318
 366    0.0000035  -0.00001327
 367    0.0000015  -0.00000658
 368    0.0000062  -0.00003255
 369    0.0000091  -0.00006212
 370    0.0000057  -0.00003782
 371    0.0000003  -0.00000141
 372    0.0000001  -0.00000034
 373    0.0000001  -0.00000020
 374    0.0000001  -0.00000019
 375    0.0000019  -0.00000601
 376    0.0000006  -0.00000215
 377    0.0000092  -0.00004717
 378    0.0000045  -0.00002375
 379    0.0000024  -0.00000932
 380    0.0000013  -0.00000539
 381    0.0000023  -0.00000884
 382    0.0000110  -0.00005444
 383    0.0000032  -0.00001289
 384    0.0000012  -0.00000534
 385    0.0000026  -0.00001421
 386    0.0000082  -0.00006138
 387    0.0000051  -0.00003280
 388    0.0000003  -0.00000132
 389    0.0000001  -0.00000035
 390    0.0000001  -0.00000014
 391    0.0000001  -0.00000015
 392    0.0000018  -0.00000540
 393    0.0000006  -0.00000166
 394    0.0000044  -0.00002227
 395    0.0000031  -0.00001765
 396    0.0000021  -0.00000667
 397    0.0000010  -0.00000445
 398    0.0000022  -0.00000759
 399    0.0000036  -0.00001691
 400    0.0000025  -0.00000890
 401    0.0000006  -0.00000323
 402    0.0000022  -0.00001174
 403    0.0000006  -0.00000345
 404    0.0000046  -0.00002768
 405    0.0000002  -0.00000118
 406    0.0000001  -0.00000020
 407    0.0000001  -0.00000016
 408    0.0000000  -0.00000014
 
----------------
 Final Energies 
----------------
Final NOF Total Energy =    -229.9586479
 
Total Orbital Internal Iterations = 1050
Total Occupation Internal Iterations = 583
 
Elapsed time: 1846.13 Seconds

---------------------------------
   Lowdin Population Analysis    
---------------------------------
 Idx  Atom   Population   Charge 
---------------------------------
  1     C     6.212      -0.212
  2     H     1.064      -0.064
  3     O     7.586       0.414
  4     C     5.883       0.117
  5     H     1.072      -0.072
  6     H     1.193      -0.193
  7     H     1.102      -0.102
  8     H     1.374      -0.374
  9     O     7.212       0.788
 10     H     1.305      -0.305

---------------------------------
   M Diagnostic: 0.03
---------------------------------

