Computing Integrals
Basis Set                                            = def2-qzvp
Auxiliary Basis Set                                  = def2-universal-jkfit
Gaussian Type                                        = Spherical
Elapsed time:    3.85 Seconds

Number of basis functions                   (NBF)    = 241
Number of auxiliary basis functions         (NBFAUX) = 359
Inactive Doubly occupied orbitals up to     (NO1)    = 0
No. considered Strongly Doubly occupied MOs (NDOC)   = 21
No. considered Strongly Singly occupied MOs (NSOC)   = 0
NO. of Weakly occ. per St. Doubly occ.  MOs (NCWO)   = 10
Dimension of the Nat. Orb. subspace         (NBF5)   = 231
No. of electrons                                     = 42
    No. of alpha electrons                           = 21
    No. of beta electrons                            = 21
Multiplicity                                         = 1

Geometry
========
 P       0.0000000       0.0000000       0.5053380
 F       0.0000000       1.3729200      -0.2807430
 F      -1.1889840      -0.6864600      -0.2807430
 F       1.1889840      -0.6864600      -0.2807430

No violations of the orthonormality
No violations of the orthonormality
 
PNOF8/ADABelief Calculation
==================
 
  Nitext  Nit_orb  Time   Nit_occ  Time         Eelec          Etot           Ediff      maxdiff    MaxGrad_orb  Grad_occ
     1      10    2.2e+01    0    2.5e+01  -830.19846237  -640.65415145 -10829.19846237   0.000485   1.9e-03   2.6e-04 0.03
 
RESULTS OF THE OCCUPATION OPTIMIZATION
========================================
   1    1.9999990  -80.16173796
   2    1.9999834  -26.38407720
   3    1.9999810  -26.38394168
   4    1.9999853  -26.38392519
   5    1.9997736  -7.64109501
   6    1.9990399  -5.55769449
   7    1.9994242  -5.55685600
   8    1.9989617  -5.55427798
   9    1.9873515  -1.63246761
  10    1.9883062  -1.62858833
  11    1.9869337  -1.62048146
  12    1.9724077  -0.83358585
  13    1.9724960  -0.83126873
  14    1.9727802  -0.82666295
  15    1.9790402  -0.75473807
  16    1.9795163  -0.75458577
  17    1.9812259  -0.75458170
  18    1.9790974  -0.75397184
  19    1.9795598  -0.75352342
  20    1.9784981  -0.75345655
  21    1.9817370  -0.74010550
  22    0.0067949  -0.02402700
  23    0.0088167  -0.02027925
  24    0.0102703  -0.02194835
  25    0.0105410  -0.02232384
  26    0.0104321  -0.02233017
  27    0.0102855  -0.02228059
  28    0.0106565  -0.02252681
  29    0.0231704  -0.05040208
  30    0.0236899  -0.05087116
  31    0.0237218  -0.05085532
  32    0.0061363  -0.02277757
  33    0.0064229  -0.02351663
  34    0.0060945  -0.02374897
  35    0.0008854  -0.00929913
  36    0.0003454  -0.00408173
  37    0.0006965  -0.01038509
  38    0.0001362  -0.00293958
  39    0.0000047  -0.00018129
  40    0.0000041  -0.00010933
  41    0.0000046  -0.00017649
  42    0.0000007  -0.00001440
  43    0.0041540  -0.01228474
  44    0.0042037  -0.01243483
  45    0.0041907  -0.01229120
  46    0.0042558  -0.01249930
  47    0.0041569  -0.01222309
  48    0.0045139  -0.01370598
  49    0.0040517  -0.01197494
  50    0.0030303  -0.00936743
  51    0.0029646  -0.00886126
  52    0.0028307  -0.00872974
  53    0.0029330  -0.01288502
  54    0.0027566  -0.01207284
  55    0.0025098  -0.01007872
  56    0.0000653  -0.00166677
  57    0.0000732  -0.00155527
  58    0.0001352  -0.00133731
  59    0.0000132  -0.00034719
  60    0.0000020  -0.00004875
  61    0.0000036  -0.00030575
  62    0.0000033  -0.00025412
  63    0.0000001  -0.00000335
  64    0.0030027  -0.01082473
  65    0.0038215  -0.01095842
  66    0.0038052  -0.01028035
  67    0.0039832  -0.01028056
  68    0.0016101  -0.00670798
  69    0.0037800  -0.01061947
  70    0.0039562  -0.01030263
  71    0.0002690  -0.00112445
  72    0.0002322  -0.00099944
  73    0.0002847  -0.00116108
  74    0.0028101  -0.00989865
  75    0.0010777  -0.00704242
  76    0.0023897  -0.01061088
  77    0.0000134  -0.00055906
  78    0.0000545  -0.00132960
  79    0.0000492  -0.00128615
  80    0.0000104  -0.00028575
  81    0.0000017  -0.00004310
  82    0.0000024  -0.00005680
  83    0.0000026  -0.00006262
  84    0.0000001  -0.00000262
  85    0.0028502  -0.01067199
  86    0.0035615  -0.01035755
  87    0.0007827  -0.00326263
  88    0.0008774  -0.00347718
  89    0.0008806  -0.00361287
  90    0.0006807  -0.00271807
  91    0.0008413  -0.00328628
  92    0.0002358  -0.00101261
  93    0.0002280  -0.00098782
  94    0.0002518  -0.00106994
  95    0.0004257  -0.00318244
  96    0.0005224  -0.00524114
  97    0.0005724  -0.00323310
  98    0.0000112  -0.00013801
  99    0.0000302  -0.00058962
 100    0.0000134  -0.00015723
 101    0.0000099  -0.00012742
 102    0.0000015  -0.00003899
 103    0.0000022  -0.00005418
 104    0.0000014  -0.00003720
 105    0.0000001  -0.00000245
 106    0.0007113  -0.00320106
 107    0.0004100  -0.00150002
 108    0.0004985  -0.00238298
 109    0.0005103  -0.00198981
 110    0.0006525  -0.00404594
 111    0.0004643  -0.00182970
 112    0.0005849  -0.00258794
 113    0.0002125  -0.00094113
 114    0.0001987  -0.00089099
 115    0.0002002  -0.00088301
 116    0.0002400  -0.00115110
 117    0.0003275  -0.00146196
 118    0.0004411  -0.00434215
 119    0.0000108  -0.00013185
 120    0.0000134  -0.00018609
 121    0.0000127  -0.00015010
 122    0.0000097  -0.00012531
 123    0.0000015  -0.00003757
 124    0.0000019  -0.00004703
 125    0.0000013  -0.00003443
 126    0.0000000  -0.00000225
 127    0.0003046  -0.00118063
 128    0.0002619  -0.00106077
 129    0.0004389  -0.00159694
 130    0.0002874  -0.00114120
 131    0.0003114  -0.00125661
 132    0.0004280  -0.00160980
 133    0.0004361  -0.00161092
 134    0.0001961  -0.00087802
 135    0.0001099  -0.00043204
 136    0.0001842  -0.00082735
 137    0.0002324  -0.00121404
 138    0.0002561  -0.00119661
 139    0.0002505  -0.00119855
 140    0.0000106  -0.00012882
 141    0.0000125  -0.00014642
 142    0.0000109  -0.00012950
 143    0.0000096  -0.00012997
 144    0.0000009  -0.00002717
 145    0.0000018  -0.00004549
 146    0.0000012  -0.00002885
 147    0.0000000  -0.00000172
 148    0.0002581  -0.00110006
 149    0.0002395  -0.00097975
 150    0.0002872  -0.00110066
 151    0.0002627  -0.00107177
 152    0.0003016  -0.00118374
 153    0.0002684  -0.00107621
 154    0.0002997  -0.00116709
 155    0.0000593  -0.00023939
 156    0.0000365  -0.00017606
 157    0.0000713  -0.00026443
 158    0.0002254  -0.00116058
 159    0.0002466  -0.00116048
 160    0.0002492  -0.00119263
 161    0.0000106  -0.00013205
 162    0.0000119  -0.00013879
 163    0.0000107  -0.00013712
 164    0.0000095  -0.00011984
 165    0.0000008  -0.00001660
 166    0.0000011  -0.00002931
 167    0.0000007  -0.00001215
 168    0.0000000  -0.00000145
 169    0.0001307  -0.00053264
 170    0.0001132  -0.00046514
 171    0.0000780  -0.00036221
 172    0.0001217  -0.00050892
 173    0.0002608  -0.00108477
 174    0.0000276  -0.00017106
 175    0.0000959  -0.00044950
 176    0.0000159  -0.00012087
 177    0.0000155  -0.00012230
 178    0.0000171  -0.00013640
 179    0.0000263  -0.00018514
 180    0.0000389  -0.00023202
 181    0.0000896  -0.00050825
 182    0.0000104  -0.00012877
 183    0.0000117  -0.00013603
 184    0.0000105  -0.00013031
 185    0.0000095  -0.00012032
 186    0.0000007  -0.00001541
 187    0.0000008  -0.00001801
 188    0.0000006  -0.00001112
 189    0.0000000  -0.00000146
 190    0.0000345  -0.00018763
 191    0.0000413  -0.00024337
 192    0.0000510  -0.00026951
 193    0.0000443  -0.00022821
 194    0.0001283  -0.00060104
 195    0.0000178  -0.00013222
 196    0.0000192  -0.00014605
 197    0.0000155  -0.00011747
 198    0.0000144  -0.00011449
 199    0.0000153  -0.00011561
 200    0.0000188  -0.00016674
 201    0.0000243  -0.00018935
 202    0.0000312  -0.00020064
 203    0.0000104  -0.00012259
 204    0.0000116  -0.00013136
 205    0.0000105  -0.00013140
 206    0.0000094  -0.00012216
 207    0.0000004  -0.00004482
 208    0.0000006  -0.00001291
 209    0.0000006  -0.00001023
 210    0.0000000  -0.00000114
 211    0.0000219  -0.00017073
 212    0.0000326  -0.00017791
 213    0.0000377  -0.00019567
 214    0.0000188  -0.00014146
 215    0.0000397  -0.00020890
 216    0.0000175  -0.00012956
 217    0.0000183  -0.00014296
 218    0.0000151  -0.00011373
 219    0.0000143  -0.00011354
 220    0.0000152  -0.00011463
 221    0.0000184  -0.00016115
 222    0.0000209  -0.00017870
 223    0.0000205  -0.00017856
 224    0.0000103  -0.00012404
 225    0.0000115  -0.00013125
 226    0.0000105  -0.00012284
 227    0.0000091  -0.00011695
 228    0.0000004  -0.00004709
 229    0.0000005  -0.00002467
 230    0.0000004  -0.00005046
 231    0.0000000  -0.00000099
 
----------------
 Final Energies 
----------------
Final NOF Total Energy =    -640.6541515
 
Total Orbital Internal Iterations = 10
Total Occupation Internal Iterations = 0
 
Elapsed time:   61.57 Seconds

---------------------------------
   Lowdin Population Analysis    
---------------------------------
 Idx  Atom   Population   Charge 
---------------------------------
  1     P    15.427      -0.427
  2     F     8.858       0.142
  3     F     8.856       0.144
  4     F     8.859       0.141

---------------------------------
   M Diagnostic: 0.03
---------------------------------

