Computing Integrals
Basis Set                                            = def2-qzvp
Auxiliary Basis Set                                  = def2-universal-jkfit
Gaussian Type                                        = Spherical
Elapsed time:    3.08 Seconds

Number of basis functions                   (NBF)    = 130
Number of auxiliary basis functions         (NBFAUX) = 164
Inactive Doubly occupied orbitals up to     (NO1)    = 0
No. considered Strongly Doubly occupied MOs (NDOC)   = 9
No. considered Strongly Singly occupied MOs (NSOC)   = 0
NO. of Weakly occ. per St. Doubly occ.  MOs (NCWO)   = 13
Dimension of the Nat. Orb. subspace         (NBF5)   = 126
No. of electrons                                     = 18
    No. of alpha electrons                           = 9
    No. of beta electrons                            = 9
Multiplicity                                         = 1

Geometry
========
 S       0.0000000       0.0000000       0.1028430
 H       0.0000000       0.9636270      -0.8227440
 H       0.0000000      -0.9636270      -0.8227440

No violations of the orthonormality
No violations of the orthonormality
 
PNOF8/ADABelief Calculation
==================
 
  Nitext  Nit_orb  Time   Nit_occ  Time         Eelec          Etot           Ediff      maxdiff    MaxGrad_orb  Grad_occ
     1      10    2.5e+01    0    2.8e+01  -412.18972814  -399.24166832 -10411.18972814   0.000499   2.0e-03   2.0e-04 0.02
 
RESULTS OF THE OCCUPATION OPTIMIZATION
========================================
   1    1.9999994  -92.01823304
   2    1.9996145  -8.94577241
   3    1.9993035  -6.69932571
   4    1.9989886  -6.69438570
   5    1.9992476  -6.67201666
   6    1.9829956  -0.96039894
   7    1.9710388  -0.58638000
   8    1.9725241  -0.58465752
   9    1.9743154  -0.40533013
  10    0.0075718  -0.01821053
  11    0.0153430  -0.02927745
  12    0.0178429  -0.03058503
  13    0.0058205  -0.02478499
  14    0.0006850  -0.01115939
  15    0.0009597  -0.01436550
  16    0.0005698  -0.01049515
  17    0.0003748  -0.00727061
  18    0.0000005  -0.00000451
  19    0.0072577  -0.01471065
  20    0.0062499  -0.01189758
  21    0.0075586  -0.01328324
  22    0.0040719  -0.01409903
  23    0.0000162  -0.00101715
  24    0.0000142  -0.00009505
  25    0.0000871  -0.00346702
  26    0.0000034  -0.00030155
  27    0.0000000  -0.00000032
  28    0.0066283  -0.01436257
  29    0.0020086  -0.00727464
  30    0.0012823  -0.00333060
  31    0.0022737  -0.01058902
  32    0.0000100  -0.00007973
  33    0.0000115  -0.00008902
  34    0.0000115  -0.00008475
  35    0.0000021  -0.00004383
  36    0.0000000  -0.00000031
  37    0.0027013  -0.01018885
  38    0.0011339  -0.00320735
  39    0.0009492  -0.00206807
  40    0.0019958  -0.00918960
  41    0.0000086  -0.00006626
  42    0.0000085  -0.00006853
  43    0.0000071  -0.00006051
  44    0.0000011  -0.00001064
  45    0.0000000  -0.00000016
  46    0.0004977  -0.00113529
  47    0.0007462  -0.00177745
  48    0.0005881  -0.00133224
  49    0.0019120  -0.00886456
  50    0.0000081  -0.00006635
  51    0.0000070  -0.00005383
  52    0.0000048  -0.00004230
  53    0.0000011  -0.00001028
  54    0.0000000  -0.00000014
  55    0.0003042  -0.00085793
  56    0.0006561  -0.00167857
  57    0.0002310  -0.00065158
  58    0.0002943  -0.00130209
  59    0.0000074  -0.00006239
  60    0.0000058  -0.00025709
  61    0.0000045  -0.00004051
  62    0.0000008  -0.00000636
  63    0.0000000  -0.00000011
  64    0.0002865  -0.00085727
  65    0.0006186  -0.00152501
  66    0.0001654  -0.00046183
  67    0.0002849  -0.00188227
  68    0.0000070  -0.00005741
  69    0.0000017  -0.00001501
  70    0.0000039  -0.00003606
  71    0.0000006  -0.00000545
  72    0.0000000  -0.00000010
  73    0.0001553  -0.00044495
  74    0.0002405  -0.00077978
  75    0.0000814  -0.00022980
  76    0.0001439  -0.00090542
  77    0.0000059  -0.00005094
  78    0.0000012  -0.00001080
  79    0.0000038  -0.00003704
  80    0.0000005  -0.00000455
  81    0.0000000  -0.00000009
  82    0.0001428  -0.00051146
  83    0.0001701  -0.00049195
  84    0.0000725  -0.00019124
  85    0.0000913  -0.00035842
  86    0.0000029  -0.00015064
  87    0.0000011  -0.00001093
  88    0.0000017  -0.00001474
  89    0.0000004  -0.00000379
  90    0.0000000  -0.00000010
  91    0.0000938  -0.00034452
  92    0.0001433  -0.00053579
  93    0.0000648  -0.00017837
  94    0.0000573  -0.00021284
  95    0.0000004  -0.00000360
  96    0.0000004  -0.00000367
  97    0.0000011  -0.00000812
  98    0.0000004  -0.00000287
  99    0.0000000  -0.00000009
 100    0.0000219  -0.00009770
 101    0.0000635  -0.00019788
 102    0.0000626  -0.00017143
 103    0.0000347  -0.00015869
 104    0.0000004  -0.00000280
 105    0.0000002  -0.00000176
 106    0.0000007  -0.00000638
 107    0.0000002  -0.00000153
 108    0.0000000  -0.00000006
 109    0.0000156  -0.00007493
 110    0.0000570  -0.00017072
 111    0.0000590  -0.00017111
 112    0.0000179  -0.00010000
 113    0.0000003  -0.00000219
 114    0.0000002  -0.00000123
 115    0.0000003  -0.00000237
 116    0.0000001  -0.00000086
 117    0.0000000  -0.00000004
 118    0.0000076  -0.00004645
 119    0.0000453  -0.00014624
 120    0.0000036  -0.00001592
 121    0.0000061  -0.00004600
 122    0.0000003  -0.00000171
 123    0.0000001  -0.00000117
 124    0.0000002  -0.00000162
 125    0.0000001  -0.00000079
 126    0.0000000  -0.00000004
 
----------------
 Final Energies 
----------------
Final NOF Total Energy =    -399.2416683
 
Total Orbital Internal Iterations = 10
Total Occupation Internal Iterations = 0
 
Elapsed time:   69.33 Seconds

---------------------------------
   Lowdin Population Analysis    
---------------------------------
 Idx  Atom   Population   Charge 
---------------------------------
  1     S    15.493       0.507
  2     H     1.253      -0.253
  3     H     1.254      -0.254

---------------------------------
   M Diagnostic: 0.02
---------------------------------

