Computing Integrals
Basis Set                                            = def2-qzvp
Auxiliary Basis Set                                  = def2-universal-jkfit
Gaussian Type                                        = Spherical
Elapsed time:    1.82 Seconds

Number of basis functions                   (NBF)    = 160
Number of auxiliary basis functions         (NBFAUX) = 182
Inactive Doubly occupied orbitals up to     (NO1)    = 0
No. considered Strongly Doubly occupied MOs (NDOC)   = 9
No. considered Strongly Singly occupied MOs (NSOC)   = 0
NO. of Weakly occ. per St. Doubly occ.  MOs (NCWO)   = 1
Dimension of the Nat. Orb. subspace         (NBF5)   = 18
No. of electrons                                     = 18
    No. of alpha electrons                           = 9
    No. of beta electrons                            = 9
Multiplicity                                         = 1

Geometry
========
 P       0.0000000       0.0000000       0.5688491
 H       0.5956710       1.0317325      -0.1896164
 H       0.5956710      -1.0317325      -0.1896164
 H      -1.1913420       0.0000000      -0.1896164

No violations of the orthonormality
No violations of the orthonormality
 
PNOF8/ADABelief Calculation
==================
 
  Nitext  Nit_orb  Time   Nit_occ  Time         Eelec          Etot           Ediff      maxdiff    MaxGrad_orb  Grad_occ
     1      10    9.4e+00    0    1.2e+01  -360.44059638  -342.81004192 -10359.44059638   0.000498   2.0e-03   1.7e-04 0.03
 
RESULTS OF THE OCCUPATION OPTIMIZATION
========================================
   1    1.9999660  -79.98841647
   2    1.9988433  -7.43767378
   3    1.9983674  -5.40959725
   4    1.9981463  -5.39529941
   5    1.9982778  -5.39116473
   6    1.9922821  -0.87911723
   7    1.9710327  -0.49078913
   8    1.9712224  -0.48911469
   9    1.9713177  -0.48903894
  10    0.0286823  -0.03249317
  11    0.0287776  -0.03248694
  12    0.0289673  -0.03250669
  13    0.0077179  -0.02507854
  14    0.0017222  -0.01702792
  15    0.0018537  -0.01693550
  16    0.0016326  -0.01651390
  17    0.0011567  -0.01711574
  18    0.0000340  -0.00511918
 
----------------
 Final Energies 
----------------
Final NOF Total Energy =    -342.8100419
 
Total Orbital Internal Iterations = 10
Total Occupation Internal Iterations = 0
 
Elapsed time:   27.20 Seconds

---------------------------------
   Lowdin Population Analysis    
---------------------------------
 Idx  Atom   Population   Charge 
---------------------------------
  1     P    14.501       0.499
  2     H     1.167      -0.167
  3     H     1.167      -0.167
  4     H     1.166      -0.166

---------------------------------
   M Diagnostic: 0.03
---------------------------------

