Computing Integrals
Basis Set                                            = def2-qzvp
Auxiliary Basis Set                                  = def2-universal-jkfit
Gaussian Type                                        = Spherical
Elapsed time:    2.22 Seconds

Number of basis functions                   (NBF)    = 171
Number of auxiliary basis functions         (NBFAUX) = 231
Inactive Doubly occupied orbitals up to     (NO1)    = 0
No. considered Strongly Doubly occupied MOs (NDOC)   = 11
No. considered Strongly Singly occupied MOs (NSOC)   = 0
NO. of Weakly occ. per St. Doubly occ.  MOs (NCWO)   = 1
Dimension of the Nat. Orb. subspace         (NBF5)   = 22
No. of electrons                                     = 22
    No. of alpha electrons                           = 11
    No. of beta electrons                            = 11
Multiplicity                                         = 1

Geometry
========
 N       0.0000000       0.0000000      -1.1427267
 N       0.0000000       0.0000000      -0.0221616
 O       0.0000000       0.0000000       1.1648883

No violations of the orthonormality
No violations of the orthonormality
 
PNOF8/ADAM Calculation
==================
 
  Nitext  Nit_orb  Time   Nit_occ  Time         Eelec          Etot           Ediff      maxdiff    MaxGrad_orb  Grad_occ
     1      10    9.4e+00   10    1.2e+01  -231.77154775  -170.82570157 -10230.77154775   0.981397   3.9e+00   1.4e-04 0.02
     2      10    6.9e-01   11    3.4e-02  -239.73583982  -178.78999365    -7.96429208   0.648883   2.6e+00   2.2e-04 0.03
     3      10    7.8e-01    9    1.7e-02  -242.63038065  -181.68453448    -2.89454083   0.463771   1.9e+00   2.1e-04 0.04
     4      10    4.8e-01    8    8.7e-02  -243.96076304  -183.01491687    -1.33038239   0.291191   1.2e+00   1.3e-04 0.04
     5      10    5.4e-01    6    1.9e-02  -244.55281390  -183.60696772    -0.59205086   0.205214   8.2e-01   1.7e-04 0.04
     6      10    1.1e+00    6    2.5e-02  -244.84749206  -183.90164588    -0.29467816   0.183954   7.4e-01   6.0e-05 0.04
     7      10    8.5e-01    5    3.0e-02  -245.01174303  -184.06589685    -0.16425097   0.149009   6.0e-01   1.7e-04 0.04
     8      10    1.2e+00    6    3.2e-02  -245.10257346  -184.15672729    -0.09083044   0.132851   5.3e-01   1.1e-04 0.04
     9      10    1.1e+00    5    1.2e-02  -245.15106143  -184.20521526    -0.04848797   0.149793   6.0e-01   1.4e-04 0.04
    10      10    7.5e-01    4    1.3e-02  -245.17238570  -184.22653953    -0.02132427   0.146786   5.9e-01   1.1e-04 0.04
    11      10    7.1e-01    3    7.5e-02  -245.17881680  -184.23297063    -0.00643110   0.153480   6.1e-01   1.8e-04 0.04
    12      10    6.8e-01    3    8.1e-02  -245.18131084  -184.23546467    -0.00249404   0.143110   5.7e-01   2.0e-04 0.04
    13      10    7.6e-01    3    4.0e-02  -245.18313752  -184.23729135    -0.00182668   0.141677   5.7e-01   1.5e-04 0.04
    14      10    1.1e+00    3    3.2e-02  -245.18415322  -184.23830704    -0.00101570   0.135192   5.4e-01   1.7e-04 0.04
    15      10    1.0e+00    3    2.2e-02  -245.18500979  -184.23916362    -0.00085657   0.131631   5.3e-01   1.5e-04 0.04
    16      10    6.6e-01    0    1.4e-02  -245.18505903  -184.23921286    -0.00004924   0.131631   5.3e-01   1.5e-04 0.04
    17      30    3.3e+00    5    2.9e-02  -245.19847388  -184.25262770    -0.01341485   0.002929   1.2e-02   5.0e-05 0.04
    18      30    2.5e+00    3    3.1e-02  -245.19893398  -184.25308780    -0.00046010   0.001512   6.0e-03   2.1e-04 0.04
    19      30    2.1e+00    3    7.9e-02  -245.19917032  -184.25332414    -0.00023634   0.001707   6.8e-03   2.3e-04 0.04
    20      30    2.1e+00    3    4.8e-03  -245.19936947  -184.25352330    -0.00019916   0.001595   6.4e-03   1.9e-04 0.04
    21      30    2.4e+00    2    3.1e-02  -245.19952840  -184.25368222    -0.00015892   0.001808   7.2e-03   2.1e-04 0.04
    22      30    2.4e+00    3    4.1e-02  -245.19969071  -184.25384453    -0.00016231   0.001729   6.9e-03   2.1e-04 0.04
    23      30    2.2e+00    2    3.7e-02  -245.19981758  -184.25397140    -0.00012687   0.001611   6.4e-03   1.8e-04 0.04
    24      30    3.0e+00    3    8.3e-03  -245.19994675  -184.25410057    -0.00012917   0.001540   6.2e-03   1.4e-04 0.04
    25      30    3.0e+00    2    5.5e-02  -245.20003090  -184.25418472    -0.00008415   0.001586   6.3e-03   1.5e-04 0.04
    26      30    2.2e+00    2    1.7e-02  -245.20011869  -184.25427251    -0.00008780   0.001699   6.8e-03   1.5e-04 0.04
    27      30    2.1e+00    2    3.3e-02  -245.20016195  -184.25431577    -0.00004326   0.001506   6.0e-03   1.3e-04 0.04
    28      30    2.5e+00    2    1.5e-02  -245.20019449  -184.25434831    -0.00003254   0.026916   1.1e-01   1.2e-04 0.04
    29      30    2.6e+00    0    3.3e-02  -245.20020297  -184.25435679    -0.00000848   0.001797   7.2e-03   1.6e-04 0.04
    30      40    4.0e+00    0    2.6e-02  -245.20024606  -184.25439988    -0.00004309   0.000661   2.6e-03   1.6e-04 0.04
 
RESULTS OF THE OCCUPATION OPTIMIZATION
========================================
   1    1.9998107  -20.22167544
   2    1.9997129  -16.15024815
   3    1.9996184  -15.78669490
   4    1.9925807  -1.59270492
   5    1.9898671  -1.23345909
   6    1.9882573  -0.89278199
   7    1.9789794  -0.87013915
   8    1.9701112  -0.75645951
   9    1.9878243  -0.74096248
  10    1.9568534  -0.54325592
  11    1.9572163  -0.54273611
  12    0.0427837  -0.05868503
  13    0.0431466  -0.05870232
  14    0.0121757  -0.01665899
  15    0.0298888  -0.05164844
  16    0.0210206  -0.03377806
  17    0.0117427  -0.02220647
  18    0.0101329  -0.01992059
  19    0.0074193  -0.01496837
  20    0.0003816  -0.00909998
  21    0.0002871  -0.00703595
  22    0.0001893  -0.00639544
 
----------------
 Final Energies 
----------------
Final NOF Total Energy =    -184.2543999
 
Total Orbital Internal Iterations = 590
Total Occupation Internal Iterations = 117
 
Elapsed time:   81.60 Seconds

---------------------------------
   Lowdin Population Analysis    
---------------------------------
 Idx  Atom   Population   Charge 
---------------------------------
  1     N     6.946       0.054
  2     N     7.148      -0.148
  3     O     7.906       0.094

---------------------------------
   M Diagnostic: 0.04
---------------------------------

