Computing Integrals
Basis Set                                            = def2-qzvp
Auxiliary Basis Set                                  = def2-universal-jkfit
Gaussian Type                                        = Spherical
Elapsed time:    6.35 Seconds

Number of basis functions                   (NBF)    = 435
Number of auxiliary basis functions         (NBFAUX) = 469
Inactive Doubly occupied orbitals up to     (NO1)    = 0
No. considered Strongly Doubly occupied MOs (NDOC)   = 19
No. considered Strongly Singly occupied MOs (NSOC)   = 0
NO. of Weakly occ. per St. Doubly occ.  MOs (NCWO)   = 1
Dimension of the Nat. Orb. subspace         (NBF5)   = 38
No. of electrons                                     = 38
    No. of alpha electrons                           = 19
    No. of beta electrons                            = 19
Multiplicity                                         = 1

Geometry
========
 C       0.9357767       0.3953714       0.0000000
 C       0.8519660      -0.9684109       0.0000000
 O      -1.5050626      -1.2434063       0.0000000
 N      -1.7288334      -0.0459072       0.0000000
 C      -1.1671364       1.0228453       0.0000000
 H       1.1527384       0.9269499       0.9200002
 H       1.1527384       0.9269499      -0.9200002
 H       0.8776278      -1.5366042       0.9200947
 H       0.8776278      -1.5366042      -0.9200947
 H      -1.4474427       2.0588163       0.0000000

No violations of the orthonormality
No violations of the orthonormality
 
PNOF8/ADAM Calculation
==================
 
  Nitext  Nit_orb  Time   Nit_occ  Time         Eelec          Etot           Ediff      maxdiff    MaxGrad_orb  Grad_occ
     1      10    1.2e+01   11    1.2e+01  -388.69633868  -227.54818396 -10387.69633868   0.756564   3.0e+00   1.5e-04 0.02
     2      10    2.4e+00   10    6.0e-02  -401.51285941  -240.36470469   -12.81652073   0.300911   1.2e+00   2.8e-04 0.03
     3      10    2.3e+00    7    7.1e-02  -405.03809975  -243.88994503    -3.52524034   0.167200   6.7e-01   2.1e-04 0.04
     4      10    2.0e+00    7    6.2e-02  -406.38372834  -245.23557362    -1.34562859   0.135677   5.4e-01   1.3e-04 0.04
     5      10    1.9e+00    7    6.5e-02  -406.95199553  -245.80384081    -0.56826720   0.155145   6.2e-01   8.2e-05 0.04
     6      10    3.4e+00    6    6.5e-02  -407.20765356  -246.05949884    -0.25565803   0.145047   5.8e-01   1.0e-04 0.04
     7      10    3.4e+00    5    6.8e-02  -407.35089479  -246.20274007    -0.14324123   0.125458   5.0e-01   2.4e-04 0.04
     8      10    2.6e+00    4    6.8e-02  -407.41950765  -246.27135293    -0.06861286   0.126961   5.1e-01   2.4e-04 0.04
     9      10    2.0e+00    5    6.1e-02  -407.46846582  -246.32031110    -0.04895817   0.117237   4.7e-01   1.7e-04 0.04
    10      10    1.9e+00    3    6.8e-02  -407.50543007  -246.35727535    -0.03696425   0.138341   5.5e-01   2.0e-04 0.04
    11      10    2.2e+00    3    6.5e-02  -407.53643220  -246.38827748    -0.03100213   0.123193   4.9e-01   2.5e-04 0.04
    12      10    2.4e+00    3    1.0e-01  -407.55482787  -246.40667315    -0.01839567   0.131544   5.3e-01   2.1e-04 0.04
    13      10    2.0e+00    5    5.5e-02  -407.56335246  -246.41519774    -0.00852459   0.135041   5.4e-01   1.4e-04 0.04
    14      10    2.8e+00    3    6.7e-02  -407.56710193  -246.41894721    -0.00374947   0.142304   5.7e-01   2.0e-04 0.04
    15      10    2.0e+00    3    6.2e-02  -407.57172096  -246.42356624    -0.00461903   0.158032   6.3e-01   2.3e-04 0.04
    16      10    1.9e+00    0    5.9e-02  -407.57177401  -246.42361929    -0.00005305   0.158032   6.3e-01   2.3e-04 0.04
    17      30    5.6e+00    3    5.6e-02  -407.61709963  -246.46894491    -0.04532562   0.002647   1.1e-02   2.0e-04 0.04
    18      30    6.8e+00    3    5.8e-02  -407.61778108  -246.46962636    -0.00068145   0.002454   9.8e-03   1.8e-04 0.04
    19      30    6.7e+00    2    6.0e-02  -407.61817232  -246.47001760    -0.00039124   0.006832   2.7e-02   2.0e-04 0.04
    20      30    8.2e+00    2    7.0e-02  -407.61845813  -246.47030341    -0.00028581   0.008880   3.6e-02   1.9e-04 0.04
    21      30    7.3e+00    2    6.2e-02  -407.61861686  -246.47046214    -0.00015873   0.007463   3.0e-02   1.5e-04 0.04
    22      30    6.7e+00    2    6.6e-02  -407.61871743  -246.47056271    -0.00010057   0.006734   2.7e-02   1.4e-04 0.04
    23      30    6.9e+00    2    7.1e-02  -407.61876010  -246.47060538    -0.00004267   0.006619   2.6e-02   1.1e-04 0.04
    24      30    5.8e+00    0    6.0e-02  -407.61876567  -246.47061095    -0.00000558   0.006619   2.6e-02   1.1e-04 0.04
    25      50    1.1e+01    2    6.3e-02  -407.61896761  -246.47081289    -0.00020194   0.000479   1.9e-03   7.9e-05 0.04
 
RESULTS OF THE OCCUPATION OPTIMIZATION
========================================
   1    1.9998011  -20.61098779
   2    1.9995963  -14.74284980
   3    1.9995723  -11.67666207
   4    1.9995714  -11.58148184
   5    1.9994944  -11.45467162
   6    1.9919254  -1.44504901
   7    1.9806582  -0.97506685
   8    1.9806825  -0.92247348
   9    1.9874181  -0.88690427
  10    1.9809321  -0.83446448
  11    1.9871018  -0.76248075
  12    1.9687045  -0.73131342
  13    1.9772506  -0.68606281
  14    1.9771284  -0.66813348
  15    1.9749968  -0.61398271
  16    1.9753426  -0.60991514
  17    1.9559438  -0.43975783
  18    1.9561886  -0.43944347
  19    1.9591874  -0.39499318
  20    0.0408126  -0.03928608
  21    0.0438114  -0.05415275
  22    0.0440562  -0.05425290
  23    0.0246574  -0.02479746
  24    0.0250032  -0.02504792
  25    0.0228716  -0.02429083
  26    0.0227494  -0.02436651
  27    0.0312955  -0.05058736
  28    0.0128982  -0.01753128
  29    0.0190679  -0.02273139
  30    0.0125819  -0.02140571
  31    0.0193175  -0.02981778
  32    0.0193418  -0.02820236
  33    0.0080746  -0.01586989
  34    0.0005056  -0.00871021
  35    0.0004286  -0.00770305
  36    0.0004277  -0.00771457
  37    0.0004037  -0.00904591
  38    0.0001989  -0.00678479
 
----------------
 Final Energies 
----------------
Final NOF Total Energy =    -246.4708129
 
Total Orbital Internal Iterations = 450
Total Occupation Internal Iterations = 100
 
Elapsed time:  142.09 Seconds

---------------------------------
   Lowdin Population Analysis    
---------------------------------
 Idx  Atom   Population   Charge 
---------------------------------
  1     C     5.877       0.123
  2     C     5.803       0.197
  3     O     7.888       0.112
  4     N     7.023      -0.023
  5     C     5.946       0.054
  6     H     1.082      -0.082
  7     H     1.083      -0.083
  8     H     1.086      -0.086
  9     H     1.086      -0.086
 10     H     1.128      -0.128

---------------------------------
   M Diagnostic: 0.04
---------------------------------

