Computing Integrals
Basis Set                                            = def2-qzvp
Auxiliary Basis Set                                  = def2-universal-jkfit
Gaussian Type                                        = Spherical
Elapsed time:    3.53 Seconds

Number of basis functions                   (NBF)    = 261
Number of auxiliary basis functions         (NBFAUX) = 281
Inactive Doubly occupied orbitals up to     (NO1)    = 0
No. considered Strongly Doubly occupied MOs (NDOC)   = 11
No. considered Strongly Singly occupied MOs (NSOC)   = 0
NO. of Weakly occ. per St. Doubly occ.  MOs (NCWO)   = 1
Dimension of the Nat. Orb. subspace         (NBF5)   = 22
No. of electrons                                     = 22
    No. of alpha electrons                           = 11
    No. of beta electrons                            = 11
Multiplicity                                         = 1

Geometry
========
 C       0.9674583      -0.1163671       0.0000000
 N      -0.3099720      -0.0898597       0.0000000
 C      -1.5211073      -0.2201241       0.0000000
 H       1.5009811      -0.1281249       0.9417770
 H       1.5009811      -0.1281249      -0.9417770
 H      -2.1383412       0.6826006       0.0000000

No violations of the orthonormality
No violations of the orthonormality
 
PNOF8/ADAM Calculation
==================
 
  Nitext  Nit_orb  Time   Nit_occ  Time         Eelec          Etot           Ediff      maxdiff    MaxGrad_orb  Grad_occ
     1      10    1.0e+01    9    1.2e+01  -180.56721014  -119.46200299 -10179.56721014   0.869241   3.5e+00   1.6e-04 0.02
     2      10    1.0e+00    8    1.0e-02  -188.94741153  -127.84220438    -8.38020139   0.417922   1.7e+00   2.1e-04 0.03
     3      10    9.1e-01    8    1.6e-02  -191.57841621  -130.47320906    -2.63100468   0.313035   1.3e+00   1.1e-04 0.03
     4      10    8.9e-01    6    3.7e-02  -192.53935360  -131.43414645    -0.96093739   0.178548   7.1e-01   1.6e-04 0.03
     5      10    1.0e+00    4    4.6e-02  -192.95684028  -131.85163314    -0.41748668   0.095436   3.8e-01   2.5e-04 0.04
     6      10    1.1e+00    6    8.5e-03  -193.15750362  -132.05229647    -0.20066334   0.093470   3.7e-01   5.0e-05 0.04
     7      10    1.2e+00    5    2.4e-02  -193.26776972  -132.16256257    -0.11026610   0.088609   3.5e-01   8.1e-05 0.04
     8      10    1.1e+00    5    2.1e-02  -193.33146444  -132.22625729    -0.06369472   0.108602   4.3e-01   1.4e-04 0.04
     9      10    1.1e+00    4    8.4e-02  -193.36548242  -132.26027528    -0.03401798   0.105789   4.2e-01   1.8e-04 0.04
    10      10    2.0e+00    4    8.5e-03  -193.37961789  -132.27441074    -0.01413546   0.113378   4.5e-01   8.6e-05 0.04
    11      10    1.0e+00    4    4.3e-02  -193.38564002  -132.28043287    -0.00602213   0.109312   4.4e-01   1.4e-04 0.04
    12      10    9.3e-01    4    3.2e-02  -193.38691874  -132.28171159    -0.00127872   0.104531   4.2e-01   1.3e-04 0.04
    13      10    1.6e+00    4    3.8e-02  -193.38779642  -132.28258927    -0.00087768   0.106019   4.2e-01   1.1e-04 0.04
    14      10    1.0e+00    2    4.5e-02  -193.38802184  -132.28281469    -0.00022542   0.107710   4.3e-01   1.8e-04 0.04
    15      10    1.3e+00    0    3.1e-02  -193.38803651  -132.28282936    -0.00001467   0.107710   4.3e-01   1.8e-04 0.04
    16      30    3.3e+00    2    2.9e-02  -193.40229584  -132.29708870    -0.01425934   0.001868   7.5e-03   1.5e-04 0.04
    17      30    3.2e+00    2    4.4e-02  -193.40269895  -132.29749181    -0.00040311   0.001004   4.0e-03   1.3e-04 0.04
    18      30    4.4e+00    2    5.0e-02  -193.40287992  -132.29767278    -0.00018097   0.001419   5.7e-03   9.9e-05 0.04
    19      30    3.6e+00    1    7.9e-03  -193.40295744  -132.29775029    -0.00007751   0.001694   6.8e-03   2.2e-04 0.04
    20      30    3.9e+00    1    1.6e-02  -193.40296511  -132.29775797    -0.00000768   0.001523   6.1e-03   1.3e-04 0.04
    21      30    3.2e+00    0    1.2e-02  -193.40296597  -132.29775882    -0.00000086   0.001523   6.1e-03   1.3e-04 0.04
    22      27    2.8e+00    1    4.7e-02  -193.40299538  -132.29778823    -0.00002941   0.000461   1.8e-03   9.8e-05 0.04
 
RESULTS OF THE OCCUPATION OPTIMIZATION
========================================
   1    1.9997064  -15.23581082
   2    1.9995669  -11.49195973
   3    1.9995046  -11.45005208
   4    1.9901779  -1.28573424
   5    1.9810638  -0.88423712
   6    1.9800956  -0.85912832
   7    1.9779468  -0.69274746
   8    1.9767974  -0.67607353
   9    1.9744628  -0.57366185
  10    1.9605186  -0.50628505
  11    1.9560285  -0.38254532
  12    0.0439715  -0.04759770
  13    0.0394814  -0.04126452
  14    0.0255372  -0.03631475
  15    0.0232026  -0.02489058
  16    0.0220532  -0.02417421
  17    0.0199044  -0.02889047
  18    0.0189362  -0.02341436
  19    0.0098221  -0.01710590
  20    0.0004954  -0.00867269
  21    0.0004331  -0.00774527
  22    0.0002936  -0.00724557
 
----------------
 Final Energies 
----------------
Final NOF Total Energy =    -132.2977882
 
Total Orbital Internal Iterations = 357
Total Occupation Internal Iterations = 82
 
Elapsed time:   73.24 Seconds

---------------------------------
   Lowdin Population Analysis    
---------------------------------
 Idx  Atom   Population   Charge 
---------------------------------
  1     C     5.911       0.089
  2     N     6.679       0.321
  3     C     6.049      -0.049
  4     H     1.105      -0.105
  5     H     1.106      -0.106
  6     H     1.149      -0.149

---------------------------------
   M Diagnostic: 0.04
---------------------------------

