Computing Integrals
Basis Set                                            = def2-qzvp
Auxiliary Basis Set                                  = def2-universal-jkfit
Gaussian Type                                        = Spherical
Elapsed time:    2.95 Seconds

Number of basis functions                   (NBF)    = 201
Number of auxiliary basis functions         (NBFAUX) = 247
Inactive Doubly occupied orbitals up to     (NO1)    = 0
No. considered Strongly Doubly occupied MOs (NDOC)   = 11
No. considered Strongly Singly occupied MOs (NSOC)   = 0
NO. of Weakly occ. per St. Doubly occ.  MOs (NCWO)   = 1
Dimension of the Nat. Orb. subspace         (NBF5)   = 22
No. of electrons                                     = 22
    No. of alpha electrons                           = 11
    No. of beta electrons                            = 11
Multiplicity                                         = 1

Geometry
========
 C       0.0000000       0.0000000      -0.6146570
 H       0.0000000       0.0000000      -1.6743930
 N       0.0000000       0.0000000       0.5449450
 O       0.0000000       0.0000000       1.7441050

No violations of the orthonormality
No violations of the orthonormality
 
PNOF8/ADABelief Calculation
==================
 
  Nitext  Nit_orb  Time   Nit_occ  Time         Eelec          Etot           Ediff      maxdiff    MaxGrad_orb  Grad_occ
     1      10    9.6e+00    0    1.2e+01  -228.71793685  -168.16726137 -10227.71793685   0.000485   1.9e-03   2.2e-04 0.04
 
RESULTS OF THE OCCUPATION OPTIMIZATION
========================================
   1    1.9998134  -20.47472235
   2    1.9996305  -15.17144325
   3    1.9994871  -11.99840114
   4    1.9922273  -1.45712462
   5    1.9872162  -1.18722334
   6    1.9768486  -0.80716688
   7    1.9689038  -0.79858852
   8    1.9870196  -0.73148943
   9    1.9876349  -0.69875093
  10    1.9578906  -0.45518617
  11    1.9578034  -0.45387546
  12    0.0421966  -0.05074896
  13    0.0421094  -0.05072640
  14    0.0123651  -0.01691763
  15    0.0129804  -0.02086033
  16    0.0310962  -0.05225641
  17    0.0231514  -0.03056809
  18    0.0127838  -0.02134998
  19    0.0077727  -0.01614809
  20    0.0005129  -0.00931978
  21    0.0003695  -0.00862552
  22    0.0001866  -0.00644591
 
----------------
 Final Energies 
----------------
Final NOF Total Energy =    -168.1672614
 
Total Orbital Internal Iterations = 10
Total Occupation Internal Iterations = 0
 
Elapsed time:   27.51 Seconds

---------------------------------
   Lowdin Population Analysis    
---------------------------------
 Idx  Atom   Population   Charge 
---------------------------------
  1     C     5.884       0.116
  2     H     1.158      -0.158
  3     N     7.005      -0.005
  4     O     7.953       0.047

---------------------------------
   M Diagnostic: 0.04
---------------------------------

