Computing Integrals
Basis Set                                            = def2-qzvp
Auxiliary Basis Set                                  = def2-universal-jkfit
Gaussian Type                                        = Spherical
Elapsed time:    9.58 Seconds

Number of basis functions                   (NBF)    = 555
Number of auxiliary basis functions         (NBFAUX) = 539
Inactive Doubly occupied orbitals up to     (NO1)    = 0
No. considered Strongly Doubly occupied MOs (NDOC)   = 20
No. considered Strongly Singly occupied MOs (NSOC)   = 0
NO. of Weakly occ. per St. Doubly occ.  MOs (NCWO)   = 1
Dimension of the Nat. Orb. subspace         (NBF5)   = 40
No. of electrons                                     = 40
    No. of alpha electrons                           = 20
    No. of beta electrons                            = 20
Multiplicity                                         = 1

Geometry
========
 C       1.4336238      -0.0717234       0.6820010
 C       1.4336238      -0.0717234      -0.6820010
 C      -0.9658292       0.1718331      -1.1995815
 N      -1.3426590      -0.3073458       0.0000000
 C      -0.9658292       0.1718331       1.1995815
 H       1.4734971      -0.9964973       1.2441549
 H       1.6593256       0.8272111       1.2428766
 H       1.4734971      -0.9964973      -1.2441549
 H       1.6593256       0.8272111      -1.2428766
 H      -0.8162270       1.2370668      -1.2855138
 H      -1.2955194      -0.3759926      -2.0704810
 H      -1.6350828      -1.2764493       0.0000000
 H      -0.8162270       1.2370668       1.2855138
 H      -1.2955194      -0.3759926       2.0704810

No violations of the orthonormality
No violations of the orthonormality
 
PNOF8/ADAM Calculation
==================
 
  Nitext  Nit_orb  Time   Nit_occ  Time         Eelec          Etot           Ediff      maxdiff    MaxGrad_orb  Grad_occ
     1      10    1.2e+01    9    1.2e+01  -368.48694682  -193.50969607 -10367.48694682   0.655338   2.6e+00   2.0e-04 0.01
     2      10    3.6e+00   11    1.3e-01  -380.76423934  -205.78698859   -12.27729252   0.445928   1.8e+00   1.2e-04 0.03
     3      10    3.0e+00    9    1.2e-01  -384.47919086  -209.50194011    -3.71495152   0.299774   1.2e+00   1.4e-04 0.04
     4      10    3.1e+00    7    1.2e-01  -385.49410446  -210.51685370    -1.01491359   0.134107   5.4e-01   1.8e-04 0.04
     5      10    3.1e+00    7    1.2e-01  -385.83983697  -210.86258622    -0.34573252   0.221881   8.9e-01   8.6e-05 0.04
     6      10    3.0e+00    6    1.4e-01  -386.02411988  -211.04686913    -0.18428291   0.207032   8.3e-01   1.5e-04 0.05
     7      10    3.0e+00    5    1.3e-01  -386.21871302  -211.24146227    -0.19459314   0.149010   6.0e-01   1.8e-04 0.04
     8      10    3.1e+00    5    1.2e-01  -386.38031989  -211.40306914    -0.16160687   0.108631   4.3e-01   1.7e-04 0.04
     9      10    3.0e+00    5    1.2e-01  -386.54897832  -211.57172757    -0.16865843   0.105825   4.2e-01   1.8e-04 0.04
    10      10    4.0e+00    4    1.2e-01  -386.64886290  -211.67161215    -0.09988459   0.101911   4.1e-01   2.6e-04 0.04
    11      10    3.0e+00    4    1.2e-01  -386.70915309  -211.73190234    -0.06029018   0.108437   4.3e-01   1.9e-04 0.04
    12      10    3.1e+00    4    1.3e-01  -386.72812314  -211.75087239    -0.01897005   0.107464   4.3e-01   2.0e-04 0.04
    13      10    3.4e+00    2    1.3e-01  -386.73758106  -211.76033031    -0.00945793   0.124798   5.0e-01   2.9e-04 0.04
    14      10    3.0e+00    2    1.1e-01  -386.73995660  -211.76270585    -0.00237553   0.118667   4.7e-01   2.5e-04 0.04
    15      10    3.9e+00    0    1.3e-01  -386.74004869  -211.76279794    -0.00009209   0.118667   4.7e-01   2.5e-04 0.04
    16      30    8.5e+00    2    1.4e-01  -386.78796187  -211.81071112    -0.04791318   0.002378   9.5e-03   1.9e-04 0.04
    17      30    8.5e+00    2    1.2e-01  -386.78875633  -211.81150558    -0.00079446   0.001257   5.0e-03   1.8e-04 0.04
    18      30    8.4e+00    2    1.3e-01  -386.78932586  -211.81207511    -0.00056954   0.002364   9.5e-03   2.1e-04 0.04
    19      30    8.5e+00    1    1.1e-01  -386.78996618  -211.81271543    -0.00064032   0.002490   1.0e-02   2.6e-04 0.04
    20      30    8.8e+00    2    1.2e-01  -386.79052149  -211.81327074    -0.00055531   0.003203   1.3e-02   2.2e-04 0.04
    21      30    8.5e+00    1    1.4e-01  -386.79101082  -211.81376007    -0.00048933   0.018776   7.5e-02   2.8e-04 0.04
    22      30    9.0e+00    2    1.3e-01  -386.79138514  -211.81413439    -0.00037432   0.002292   9.2e-03   1.6e-04 0.04
    23      30    1.0e+01    1    1.1e-01  -386.79159229  -211.81434154    -0.00020716   0.003000   1.2e-02   2.2e-04 0.04
    24      30    8.5e+00    2    1.2e-01  -386.79162308  -211.81437233    -0.00003079   0.006115   2.4e-02   8.8e-05 0.04
    25      30    8.5e+00    1    1.6e-01  -386.79163068  -211.81437993    -0.00000760   0.002752   1.1e-02   1.2e-04 0.04
    26      30    8.9e+00    0    1.1e-01  -386.79163132  -211.81438057    -0.00000064   0.002752   1.1e-02   1.2e-04 0.04
    27      36    9.7e+00    0    1.1e-01  -386.79173892  -211.81448817    -0.00010760   0.000463   1.9e-03   1.9e-04 0.04
 
RESULTS OF THE OCCUPATION OPTIMIZATION
========================================
   1    1.9996614  -14.85436977
   2    1.9995548  -11.51492291
   3    1.9995500  -11.41372261
   4    1.9995760  -11.40995674
   5    1.9995598  -11.30967326
   6    1.9903797  -1.22076286
   7    1.9807862  -0.84749976
   8    1.9809669  -0.84047770
   9    1.9808505  -0.83153889
  10    1.9758917  -0.79154179
  11    1.9739450  -0.73909513
  12    1.9769084  -0.66369625
  13    1.9736794  -0.64902039
  14    1.9767074  -0.63527653
  15    1.9762126  -0.62708711
  16    1.9759319  -0.62038102
  17    1.9749136  -0.57995566
  18    1.9748840  -0.57868144
  19    1.9574538  -0.34911596
  20    1.9558587  -0.28959954
  21    0.0441413  -0.04757401
  22    0.0425462  -0.03925255
  23    0.0251160  -0.02473383
  24    0.0250864  -0.02471649
  25    0.0240681  -0.02985685
  26    0.0237874  -0.02439002
  27    0.0232926  -0.02423304
  28    0.0263206  -0.03489059
  29    0.0230916  -0.02438220
  30    0.0260550  -0.03587772
  31    0.0241083  -0.02995641
  32    0.0191495  -0.02276470
  33    0.0190331  -0.02268630
  34    0.0192138  -0.02270459
  35    0.0096203  -0.01452608
  36    0.0004402  -0.00772137
  37    0.0004240  -0.00757490
  38    0.0004500  -0.00790301
  39    0.0004452  -0.00782472
  40    0.0003386  -0.00794116
 
----------------
 Final Energies 
----------------
Final NOF Total Energy =    -211.8144882
 
Total Orbital Internal Iterations = 516
Total Occupation Internal Iterations = 96
 
Elapsed time:  203.09 Seconds

---------------------------------
   Lowdin Population Analysis    
---------------------------------
 Idx  Atom   Population   Charge 
---------------------------------
  1     C     5.869       0.131
  2     C     5.870       0.130
  3     C     5.908       0.092
  4     N     6.516       0.484
  5     C     5.892       0.108
  6     H     1.099      -0.099
  7     H     1.094      -0.094
  8     H     1.097      -0.097
  9     H     1.095      -0.095
 10     H     1.110      -0.110
 11     H     1.122      -0.122
 12     H     1.104      -0.104
 13     H     1.107      -0.107
 14     H     1.117      -0.117

---------------------------------
   M Diagnostic: 0.04
---------------------------------

