Computing Integrals
Basis Set                                            = def2-qzvp
Auxiliary Basis Set                                  = def2-universal-jkfit
Gaussian Type                                        = Spherical
Elapsed time:   11.59 Seconds

Number of basis functions                   (NBF)    = 642
Number of auxiliary basis functions         (NBFAUX) = 634
Inactive Doubly occupied orbitals up to     (NO1)    = 0
No. considered Strongly Doubly occupied MOs (NDOC)   = 25
No. considered Strongly Singly occupied MOs (NSOC)   = 0
NO. of Weakly occ. per St. Doubly occ.  MOs (NCWO)   = 1
Dimension of the Nat. Orb. subspace         (NBF5)   = 50
No. of electrons                                     = 50
    No. of alpha electrons                           = 25
    No. of beta electrons                            = 25
Multiplicity                                         = 1

Geometry
========
 C       1.7139450      -0.0175090       0.5651330
 H       1.2458280      -0.4923410       1.4260640
 O       1.9350920      -1.0721980      -0.3682280
 C       0.8254030       1.0933530       0.0128310
 H       0.6467490       1.8150520       0.8156000
 H       1.3729170       1.6306900      -0.7669440
 C      -0.5064180       0.6057500      -0.5607040
 H      -0.3304700      -0.0367100      -1.4231500
 H      -1.0873040       1.4621390      -0.9071140
 H       2.3740480      -0.6922250      -1.1345170
 H       2.6642510       0.4051140       0.9053130
 C      -1.3499560      -0.1574710       0.4442130
 H      -0.8727840      -1.1091520       0.6913320
 H      -1.4499490       0.4257790       1.3673760
 O      -2.6268930      -0.3775640      -0.1532370
 H      -3.1267280      -0.9549830       0.4289150

No violations of the orthonormality
No violations of the orthonormality
 
PNOF8/ADABelief Calculation
==================
 
  Nitext  Nit_orb  Time   Nit_occ  Time         Eelec          Etot           Ediff      maxdiff    MaxGrad_orb  Grad_occ
     1      10    1.4e+01    0    1.2e+01  -562.54014740  -308.06853059 -10561.54014740   0.000730   2.9e-03   1.9e-04 0.03
 
RESULTS OF THE OCCUPATION OPTIMIZATION
========================================
   1    1.9997937  -20.58382888
   2    1.9997917  -20.58056254
   3    1.9995264  -11.25728231
   4    1.9995210  -11.25177071
   5    1.9995673  -11.22415798
   6    1.9995527  -11.21683977
   7    1.9902921  -1.30275221
   8    1.9902061  -1.29915227
   9    1.9808354  -0.87937562
  10    1.9804065  -0.87091608
  11    1.9800576  -0.86159826
  12    1.9800516  -0.85850575
  13    1.9708272  -0.70688921
  14    1.9705175  -0.70177249
  15    1.9655254  -0.65129043
  16    1.9655294  -0.64814327
  17    1.9824162  -0.62406008
  18    1.9742743  -0.60567125
  19    1.9740830  -0.59241773
  20    1.9823180  -0.59118979
  21    1.9740728  -0.57131015
  22    1.9701063  -0.55822117
  23    1.9700849  -0.55739130
  24    1.9728564  -0.55013329
  25    1.9695956  -0.53862428
  26    0.0304044  -0.03446075
  27    0.0271436  -0.02609480
  28    0.0299151  -0.03396058
  29    0.0298937  -0.03430906
  30    0.0259272  -0.02515206
  31    0.0176820  -0.02129521
  32    0.0259170  -0.02539967
  33    0.0257257  -0.02592643
  34    0.0175838  -0.02135757
  35    0.0344706  -0.04636812
  36    0.0344746  -0.04644621
  37    0.0294825  -0.03615805
  38    0.0291728  -0.03597039
  39    0.0199484  -0.02388400
  40    0.0199424  -0.02382117
  41    0.0195935  -0.02369673
  42    0.0191646  -0.02341901
  43    0.0097939  -0.02125906
  44    0.0097079  -0.02126727
  45    0.0004473  -0.00779888
  46    0.0004327  -0.00771333
  47    0.0004790  -0.00827067
  48    0.0004736  -0.00817528
  49    0.0002083  -0.00680121
  50    0.0002063  -0.00674822
 
----------------
 Final Energies 
----------------
Final NOF Total Energy =    -308.0685306
 
Total Orbital Internal Iterations = 10
Total Occupation Internal Iterations = 0
 
Elapsed time:   34.36 Seconds

---------------------------------
   Lowdin Population Analysis    
---------------------------------
 Idx  Atom   Population   Charge 
---------------------------------
  1     C     6.107      -0.107
  2     H     1.061      -0.061
  3     O     7.413       0.587
  4     C     5.920       0.080
  5     H     1.042      -0.042
  6     H     1.051      -0.051
  7     C     5.918       0.082
  8     H     1.049      -0.049
  9     H     1.045      -0.045
 10     H     1.338      -0.338
 11     H     1.064      -0.064
 12     C     6.106      -0.106
 13     H     1.063      -0.063
 14     H     1.066      -0.066
 15     O     7.413       0.587
 16     H     1.344      -0.344

---------------------------------
   M Diagnostic: 0.03
---------------------------------

