Computing Integrals
Basis Set                                            = def2-qzvp
Auxiliary Basis Set                                  = def2-universal-jkfit
Gaussian Type                                        = Spherical
Elapsed time:   11.83 Seconds

Number of basis functions                   (NBF)    = 642
Number of auxiliary basis functions         (NBFAUX) = 634
Inactive Doubly occupied orbitals up to     (NO1)    = 0
No. considered Strongly Doubly occupied MOs (NDOC)   = 25
No. considered Strongly Singly occupied MOs (NSOC)   = 0
NO. of Weakly occ. per St. Doubly occ.  MOs (NCWO)   = 1
Dimension of the Nat. Orb. subspace         (NBF5)   = 50
No. of electrons                                     = 50
    No. of alpha electrons                           = 25
    No. of beta electrons                            = 25
Multiplicity                                         = 1

Geometry
========
 C       1.9278770       0.4120980      -0.3074020
 H       2.1799910       1.2619620       0.3375360
 O       2.3832310      -0.8088170       0.2709090
 C       0.4349800       0.4129450      -0.6115130
 H       0.1984260       1.3287650      -1.1625000
 H       0.2006620      -0.4296120      -1.2613590
 C      -0.4325940       0.3479620       0.6442750
 H      -0.1935050       1.1869390       1.3048630
 H      -0.2334340      -0.5735020       1.1967730
 H       1.9702030      -0.8937210       1.1335200
 H       2.4947860       0.5207560      -1.2304960
 C      -1.9195880       0.3882150       0.3381860
 H      -2.4908400       0.4195280       1.2708390
 H      -2.1541730       1.2919660      -0.2346440
 O      -2.2407520      -0.7826370      -0.4097640
 H      -3.1759980      -0.7487690      -0.6249750

No violations of the orthonormality
No violations of the orthonormality
 
PNOF8/ADABelief Calculation
==================
 
  Nitext  Nit_orb  Time   Nit_occ  Time         Eelec          Etot           Ediff      maxdiff    MaxGrad_orb  Grad_occ
     1      10    1.5e+01    0    1.2e+01  -560.64193691  -308.06953556 -10559.64193691   0.000975   3.9e-03   3.1e-04 0.03
 
RESULTS OF THE OCCUPATION OPTIMIZATION
========================================
   1    1.9997913  -20.58466380
   2    1.9997933  -20.57883696
   3    1.9995163  -11.25749254
   4    1.9995503  -11.25110893
   5    1.9995740  -11.22498803
   6    1.9995308  -11.21914359
   7    1.9902249  -1.30613514
   8    1.9903331  -1.29697667
   9    1.9804230  -0.87871469
  10    1.9799555  -0.86655933
  11    1.9799714  -0.85841908
  12    1.9802389  -0.85807240
  13    1.9709662  -0.71478159
  14    1.9705397  -0.69391981
  15    1.9654949  -0.65175239
  16    1.9654710  -0.64339222
  17    1.9824996  -0.61201512
  18    1.9745053  -0.60315784
  19    1.9823432  -0.60247357
  20    1.9741123  -0.58956405
  21    1.9743558  -0.57885215
  22    1.9702824  -0.57164948
  23    1.9731736  -0.56620035
  24    1.9699372  -0.54930572
  25    1.9697874  -0.53451900
  26    0.0302126  -0.03432688
  27    0.0300628  -0.03401987
  28    0.0268264  -0.02603012
  29    0.0297176  -0.03441993
  30    0.0256442  -0.02510330
  31    0.0258877  -0.02538395
  32    0.0176568  -0.02143527
  33    0.0254947  -0.02568581
  34    0.0175004  -0.02121513
  35    0.0345290  -0.04634139
  36    0.0345051  -0.04639820
  37    0.0294603  -0.03613946
  38    0.0290338  -0.03598981
  39    0.0197611  -0.02366504
  40    0.0200286  -0.02391000
  41    0.0200445  -0.02406345
  42    0.0195770  -0.02377143
  43    0.0096669  -0.02116767
  44    0.0097751  -0.02124267
  45    0.0004692  -0.00805879
  46    0.0004260  -0.00758941
  47    0.0004497  -0.00791358
  48    0.0004837  -0.00830752
  49    0.0002067  -0.00674283
  50    0.0002087  -0.00681124
 
----------------
 Final Energies 
----------------
Final NOF Total Energy =    -308.0695356
 
Total Orbital Internal Iterations = 10
Total Occupation Internal Iterations = 0
 
Elapsed time:   35.16 Seconds

---------------------------------
   Lowdin Population Analysis    
---------------------------------
 Idx  Atom   Population   Charge 
---------------------------------
  1     C     6.103      -0.103
  2     H     1.063      -0.063
  3     O     7.415       0.585
  4     C     5.918       0.082
  5     H     1.042      -0.042
  6     H     1.046      -0.046
  7     C     5.927       0.073
  8     H     1.043      -0.043
  9     H     1.049      -0.049
 10     H     1.347      -0.347
 11     H     1.061      -0.061
 12     C     6.104      -0.104
 13     H     1.068      -0.068
 14     H     1.062      -0.062
 15     O     7.409       0.591
 16     H     1.342      -0.342

---------------------------------
   M Diagnostic: 0.03
---------------------------------

