Computing Integrals
Basis Set                                            = def2-qzvp
Auxiliary Basis Set                                  = def2-universal-jkfit
Gaussian Type                                        = Spherical
Elapsed time:   27.58 Seconds

Number of basis functions                   (NBF)    = 762
Number of auxiliary basis functions         (NBFAUX) = 1218
Inactive Doubly occupied orbitals up to     (NO1)    = 0
No. considered Strongly Doubly occupied MOs (NDOC)   = 69
No. considered Strongly Singly occupied MOs (NSOC)   = 0
NO. of Weakly occ. per St. Doubly occ.  MOs (NCWO)   = 1
Dimension of the Nat. Orb. subspace         (NBF5)   = 138
No. of electrons                                     = 138
    No. of alpha electrons                           = 69
    No. of beta electrons                            = 69
Multiplicity                                         = 1

Geometry
========
 C      -1.2045878       0.6954665       0.0000000
 C      -1.2045878      -0.6954666       0.0000000
 C      -0.0000000      -1.3909631       0.0000000
 C       1.2045879      -0.6954665       0.0000000
 C       1.2045880       0.6954665       0.0000000
 C      -0.0000000       1.3909631       0.0000000
Cl      -2.6827211      -1.5488874       0.0000000
Cl      -0.0000000      -3.0976517       0.0000000
Cl       2.6827211      -1.5488876       0.0000000
Cl       2.6827212       1.5488875       0.0000000
Cl      -0.0000003       3.0976517       0.0000000
Cl      -2.6827210       1.5488875       0.0000000

No violations of the orthonormality
No violations of the orthonormality
 
PNOF8/ADABelief Calculation
==================
 
  Nitext  Nit_orb  Time   Nit_occ  Time         Eelec          Etot           Ediff      maxdiff    MaxGrad_orb  Grad_occ
     1      10    4.5e+01    0    1.4e+01 -4344.16378899 -2987.04300810 -14343.16378899   0.000499   2.0e-03   3.4e-04 0.04
 
RESULTS OF THE OCCUPATION OPTIMIZATION
========================================
   1    1.9999706  -104.91629873
   2    1.9999740  -104.91488649
   3    1.9999689  -104.91434113
   4    1.9999669  -104.91300845
   5    1.9999685  -104.91296356
   6    1.9999711  -104.91229229
   7    1.9994659  -11.28276649
   8    1.9993645  -11.19273902
   9    1.9993644  -11.10632231
  10    1.9993629  -11.09825978
  11    1.9993724  -11.08448448
  12    1.9993743  -11.07954333
  13    1.9992539  -10.80533790
  14    1.9992401  -10.78320227
  15    1.9992481  -10.78192105
  16    1.9992247  -10.77456255
  17    1.9993274  -10.75572918
  18    1.9992479  -10.74842054
  19    1.9984499  -8.07089516
  20    1.9984586  -8.07071396
  21    1.9985074  -8.06984101
  22    1.9985192  -8.06931497
  23    1.9987821  -8.06922159
  24    1.9988228  -8.06906416
  25    1.9990222  -8.06879942
  26    1.9983686  -8.06851957
  27    1.9983757  -8.06830283
  28    1.9989743  -8.06753533
  29    1.9985108  -8.06739490
  30    1.9985184  -8.06701024
  31    1.9989667  -8.06663812
  32    1.9982920  -8.06459837
  33    1.9989779  -8.06440353
  34    1.9989711  -8.06429375
  35    1.9989707  -8.06416801
  36    1.9984921  -8.06408888
  37    1.9889310  -1.22743283
  38    1.9903160  -1.15249720
  39    1.9895203  -1.14805506
  40    1.9902214  -1.14798013
  41    1.9905442  -1.14771193
  42    1.9892297  -1.14107943
  43    1.9876054  -1.12991923
  44    1.9801476  -0.96951721
  45    1.9782139  -0.86489784
  46    1.9783107  -0.86400263
  47    1.9779513  -0.80443325
  48    1.9763499  -0.73729121
  49    1.9762195  -0.73109626
  50    1.9670940  -0.65320998
  51    1.9670708  -0.65181160
  52    1.9672276  -0.64775241
  53    1.9669993  -0.64662660
  54    1.9669697  -0.64636114
  55    1.9669701  -0.64626646
  56    1.9807304  -0.54277289
  57    1.9799696  -0.53051974
  58    1.9792831  -0.52791200
  59    1.9793644  -0.52540156
  60    1.9794833  -0.52488234
  61    1.9795783  -0.52464502
  62    1.9793336  -0.52238374
  63    1.9788760  -0.51707251
  64    1.9791700  -0.51610405
  65    1.9791447  -0.51570585
  66    1.9786409  -0.50853933
  67    1.9613480  -0.43812414
  68    1.9613505  -0.43804264
  69    1.9613226  -0.43373892
  70    0.0386774  -0.04333868
  71    0.0386495  -0.04343027
  72    0.0386520  -0.04334757
  73    0.0213591  -0.02591034
  74    0.0208553  -0.02533782
  75    0.0208300  -0.02541782
  76    0.0211240  -0.02485886
  77    0.0206664  -0.02506491
  78    0.0204217  -0.02469367
  79    0.0205167  -0.02484787
  80    0.0206356  -0.02529265
  81    0.0207169  -0.02461179
  82    0.0200304  -0.02416994
  83    0.0192696  -0.02666585
  84    0.0330299  -0.04896153
  85    0.0330303  -0.04911486
  86    0.0330007  -0.04902622
  87    0.0327724  -0.04904850
  88    0.0329292  -0.04903892
  89    0.0329060  -0.04901439
  90    0.0237805  -0.03270733
  91    0.0236501  -0.03270419
  92    0.0220487  -0.03140040
  93    0.0216893  -0.03174609
  94    0.0217861  -0.03191023
  95    0.0198524  -0.03074065
  96    0.0123946  -0.02296378
  97    0.0107703  -0.02507279
  98    0.0094558  -0.02826877
  99    0.0097786  -0.02778110
 100    0.0104797  -0.02565334
 101    0.0096840  -0.02755821
 102    0.0110690  -0.02456554
 103    0.0015079  -0.02218366
 104    0.0010293  -0.01856143
 105    0.0010289  -0.01850593
 106    0.0010221  -0.01859951
 107    0.0017080  -0.02627163
 108    0.0010333  -0.01858365
 109    0.0014816  -0.01844541
 110    0.0014892  -0.01862084
 111    0.0010257  -0.01852123
 112    0.0016243  -0.02108118
 113    0.0016314  -0.02127440
 114    0.0009778  -0.01775781
 115    0.0011772  -0.01625757
 116    0.0012179  -0.01589232
 117    0.0014808  -0.01817497
 118    0.0014926  -0.01861302
 119    0.0015414  -0.01960368
 120    0.0015501  -0.01991009
 121    0.0007521  -0.01626254
 122    0.0006726  -0.01554586
 123    0.0007753  -0.01644624
 124    0.0007519  -0.01615192
 125    0.0007599  -0.01644135
 126    0.0007461  -0.01602001
 127    0.0006257  -0.01509984
 128    0.0006276  -0.01470656
 129    0.0006371  -0.01508593
 130    0.0006356  -0.01458446
 131    0.0006355  -0.01390869
 132    0.0005341  -0.01200541
 133    0.0000289  -0.00553187
 134    0.0000315  -0.00580151
 135    0.0000331  -0.00604557
 136    0.0000311  -0.00577512
 137    0.0000260  -0.00509022
 138    0.0000294  -0.00547452
 
----------------
 Final Energies 
----------------
Final NOF Total Energy =   -2987.0430081
 
Total Orbital Internal Iterations = 10
Total Occupation Internal Iterations = 0
 
Elapsed time:   76.59 Seconds

---------------------------------
   Lowdin Population Analysis    
---------------------------------
 Idx  Atom   Population   Charge 
---------------------------------
  1     C     6.569      -0.569
  2     C     6.568      -0.568
  3     C     6.570      -0.570
  4     C     6.570      -0.570
  5     C     6.571      -0.571
  6     C     6.570      -0.570
  7    Cl    16.433       0.567
  8    Cl    16.432       0.568
  9    Cl    16.433       0.567
 10    Cl    16.425       0.575
 11    Cl    16.427       0.573
 12    Cl    16.433       0.567

---------------------------------
   M Diagnostic: 0.04
---------------------------------

