Computing Integrals
Basis Set                                            = def2-qzvp
Auxiliary Basis Set                                  = def2-universal-jkfit
Gaussian Type                                        = Spherical
Elapsed time:    7.16 Seconds

Number of basis functions                   (NBF)    = 495
Number of auxiliary basis functions         (NBFAUX) = 505
Inactive Doubly occupied orbitals up to     (NO1)    = 0
No. considered Strongly Doubly occupied MOs (NDOC)   = 20
No. considered Strongly Singly occupied MOs (NSOC)   = 0
NO. of Weakly occ. per St. Doubly occ.  MOs (NCWO)   = 1
Dimension of the Nat. Orb. subspace         (NBF5)   = 40
No. of electrons                                     = 40
    No. of alpha electrons                           = 20
    No. of beta electrons                            = 20
Multiplicity                                         = 1

Geometry
========
 C       0.7033821       0.4107262      -0.4335814
 O       1.3814908       0.4264109      -1.4557131
 C      -0.2612126      -0.7270231      -0.0937800
 H      -1.0401334      -0.3758479       0.6016099
 H       0.3278596      -1.4808339       0.4563879
 N       0.7809517       1.4086626       0.5026369
 H       0.2367318       1.3953641       1.3556689
 H       1.4527393       2.1545878       0.3579921
 C      -0.8804200      -1.3587228      -1.3403563
 H      -1.4691060      -2.2474729      -1.0753532
 H      -1.5432598      -0.6501754      -1.8561334
 H      -0.0939791      -1.6523134      -2.0464404

No violations of the orthonormality
No violations of the orthonormality
 
PNOF8/ADABelief Calculation
==================
 
  Nitext  Nit_orb  Time   Nit_occ  Time         Eelec          Etot           Ediff      maxdiff    MaxGrad_orb  Grad_occ
     1      10    1.3e+01    0    1.2e+01  -425.69593147  -247.86622641 -10424.69593147   0.000493   2.0e-03   1.1e-04 0.04
 
RESULTS OF THE OCCUPATION OPTIMIZATION
========================================
   1    1.9998052  -20.44281586
   2    1.9996463  -15.01387076
   3    1.9995973  -11.63918910
   4    1.9995576  -11.44472535
   5    1.9994632  -11.37305518
   6    1.9905132  -1.18638616
   7    1.9895196  -1.16596705
   8    1.9878867  -0.93472175
   9    1.9801425  -0.83698459
  10    1.9784726  -0.75880434
  11    1.9726255  -0.74960025
  12    1.9758602  -0.72520550
  13    1.9754382  -0.70614994
  14    1.9722245  -0.62956417
  15    1.9742878  -0.60754587
  16    1.9740998  -0.56989093
  17    1.9736969  -0.56918378
  18    1.9704392  -0.56871844
  19    1.9702010  -0.56319775
  20    1.9586729  -0.47940689
  21    0.0413271  -0.05034944
  22    0.0297990  -0.03364151
  23    0.0295608  -0.03584087
  24    0.0263031  -0.02493597
  25    0.0259002  -0.02484300
  26    0.0257122  -0.02536942
  27    0.0277755  -0.03835348
  28    0.0245618  -0.02874155
  29    0.0241398  -0.02858696
  30    0.0273745  -0.04134926
  31    0.0215274  -0.02381910
  32    0.0198575  -0.02328520
  33    0.0121133  -0.01934279
  34    0.0104804  -0.01937361
  35    0.0094868  -0.01452097
  36    0.0005368  -0.00917835
  37    0.0004424  -0.00784630
  38    0.0004027  -0.00735384
  39    0.0003537  -0.00831721
  40    0.0001948  -0.00663201
 
----------------
 Final Energies 
----------------
Final NOF Total Energy =    -247.8662264
 
Total Orbital Internal Iterations = 10
Total Occupation Internal Iterations = 0
 
Elapsed time:   32.01 Seconds

---------------------------------
   Lowdin Population Analysis    
---------------------------------
 Idx  Atom   Population   Charge 
---------------------------------
  1     C     6.586      -0.586
  2     O     7.752       0.248
  3     C     5.930       0.070
  4     H     1.048      -0.048
  5     H     1.038      -0.038
  6     N     6.383       0.617
  7     H     1.162      -0.162
  8     H     1.150      -0.150
  9     C     5.787       0.213
 10     H     1.058      -0.058
 11     H     1.055      -0.055
 12     H     1.051      -0.051

---------------------------------
   M Diagnostic: 0.04
---------------------------------

