Job runing on na06
Choosing scratch ...
Automatic scratch folder selection
/scratch/pobleyef/345640
/scratch/pobleyef/345640 directory
cp HAL59-MeI.gcf HAL59-MeI.inp to  /scratch/pobleyef/345640/.
HAL59-MeI
 This is the OpenMP version of the code
 This is the OpenMP version of the code
 This is the OpenMP version of the code
 This is the OpenMP version of the code
 This is the OpenMP version of the code
 This is the OpenMP version of the code
 This is the OpenMP version of the code
 This is the OpenMP version of the code
 This is the OpenMP version of the code
 This is the OpenMP version of the code
 This is the OpenMP version of the code
 This is the OpenMP version of the code
 This is the OpenMP version of the code
 This is the OpenMP version of the code
 This is the OpenMP version of the code
 This is the OpenMP version of the code
 This is the OpenMP version of the code
 This is the OpenMP version of the code
 This is the OpenMP version of the code
 This is the OpenMP version of the code
 This is the OpenMP version of the code
 This is the OpenMP version of the code
 This is the OpenMP version of the code
 This is the OpenMP version of the code
 This is the OpenMP version of the code
 This is the OpenMP version of the code
 This is the OpenMP version of the code
 This is the OpenMP version of the code
 This is the OpenMP version of the code
 This is the OpenMP version of the code
 This is the OpenMP version of the code
 This is the OpenMP version of the code
 This is the OpenMP version of the code
 This is the OpenMP version of the code
 This is the OpenMP version of the code
 This is the OpenMP version of the code
 This is the OpenMP version of the code
 This is the OpenMP version of the code
 This is the OpenMP version of the code
 This is the OpenMP version of the code
 This is the OpenMP version of the code
 This is the OpenMP version of the code
 This is the OpenMP version of the code
 This is the OpenMP version of the code
 This is the OpenMP version of the code
 This is the OpenMP version of the code
 This is the OpenMP version of the code
 This is the OpenMP version of the code
 This is the OpenMP version of the code
 This is the OpenMP version of the code
 This is the OpenMP version of the code
 This is the OpenMP version of the code
 This is the OpenMP version of the code
 This is the OpenMP version of the code
 This is the OpenMP version of the code
 This is the OpenMP version of the code
 This is the OpenMP version of the code
 This is the OpenMP version of the code
 This is the OpenMP version of the code
 This is the OpenMP version of the code
 This is the OpenMP version of the code
 This is the OpenMP version of the code
 This is the OpenMP version of the code
 This is the OpenMP version of the code
 This is the OpenMP version of the code
 This is the OpenMP version of the code
 This is the OpenMP version of the code
 This is the OpenMP version of the code
 This is the OpenMP version of the code
 This is the OpenMP version of the code
 This is the OpenMP version of the code
 This is the OpenMP version of the code
 This is the OpenMP version of the code
 This is the OpenMP version of the code
 This is the OpenMP version of the code
 This is the OpenMP version of the code
 This is the OpenMP version of the code
 This is the OpenMP version of the code
 This is the OpenMP version of the code
 This is the OpenMP version of the code
 This is the OpenMP version of the code
 This is the OpenMP version of the code
 This is the OpenMP version of the code
 This is the OpenMP version of the code
 This is the OpenMP version of the code
 This is the OpenMP version of the code
 This is the OpenMP version of the code
 This is the OpenMP version of the code
 This is the OpenMP version of the code
 This is the OpenMP version of the code
 This is the OpenMP version of the code
 This is the OpenMP version of the code
 This is the OpenMP version of the code
 This is the OpenMP version of the code
 This is the OpenMP version of the code
 This is the OpenMP version of the code
 This is the OpenMP version of the code
 This is the OpenMP version of the code
 This is the OpenMP version of the code
 This is the OpenMP version of the code
 This is the OpenMP version of the code
 This is the OpenMP version of the code
 This is the OpenMP version of the code
 This is the OpenMP version of the code
 This is the OpenMP version of the code
 This is the OpenMP version of the code
 This is the OpenMP version of the code
 This is the OpenMP version of the code
 This is the OpenMP version of the code
 This is the OpenMP version of the code
 This is the OpenMP version of the code
 This is the OpenMP version of the code
 This is the OpenMP version of the code
 This is the OpenMP version of the code
 This is the OpenMP version of the code
 This is the OpenMP version of the code
 This is the OpenMP version of the code
 This is the OpenMP version of the code
 This is the OpenMP version of the code
 This is the OpenMP version of the code

 The execution started at 11h 49min on the 11/ 4/2025

    ===========================================================
    !                                                         !
    !                        Do N O F                         !
    !                                                         !
    !  (Donostia Natural Orbital Functional Software Program) !
    !                                                         !
    !               COPYRIGHT by Mario Piris                  !
    !                                                         !
    !      Donostia International Physics Center (DIPC)       !
    !       University of the Basque Country (UPV/EHU)        !
    !       Basque Foundation for Science (IKERBASQUE)        !
    !                                                         !
    !          GNU General Public License version 3           !
    !                                                         !
    !                  VERSION: October 2025                  !
    !                                                         !
    ===========================================================

 Run Title
 ---------
  Molname                                                                        

 Basis Set
 ---------
 /home/pobleyef/DoNOFsw/basis/def2-QZVP.bas                                      

 Atom      Charge                Coordinates (Bohr)
                           x             y             z
 I          53.0        0.0000        0.0000        0.6147
 C           6.0        0.0000        0.0000       -3.4076
 H           1.0        0.0000        1.9468       -4.0436
 H           1.0       -1.6860       -0.9734       -4.0436
 H           1.0        1.6860       -0.9734       -4.0436

 Atomic Basis Set
 ----------------
 The contracted primitive functions were unnormalized
 The contracted basis functions are now normalized to unity

  Shell Type  Primitive         Exponent  Contraction Coefficient

 I         

      1   S       1         16788.4000000    0.000103586804
      1   S       2          2526.6400000    0.000765531745
      1   S       3           571.9840000    0.003150554741
      1   S       4           150.4340000    0.006717983204
      1   S       5            29.5405000   -0.134384929151
      1   S       6            18.4571000    0.859255064197
      1   S       7            11.5286000   -0.890227518539
      1   S       8             7.0828900   -1.367813214298
      1   S       9             2.5040500    1.808345152379

      2   S      10            25.0586179    0.088686579218
      2   S      11            15.6219794   -0.309437052616
      2   S      12             3.3536325    1.147487780264

      3   S      13             1.3540145    1.000000000000

      4   S      14             0.6743047    1.000000000000

      5   S      15             0.3272714    1.000000000000

      6   S      16             0.1574936    1.000000000000

      7   S      17             0.0743777    1.000000000000

      8   P      18           656.2740000    0.000102263116
      8   P      19           149.2320000    0.000688871318
      8   P      20            19.0153000    0.067339699796
      8   P      21            10.7378000   -0.280108787807
      8   P      22             6.4420800   -0.004916495947
      8   P      23             3.0920300    0.577616914298
      8   P      24             1.5787400    0.569991007671

      9   P      25            15.6605119   -0.024484627992
      9   P      26             4.9250670    0.260041620414
      9   P      27             1.6692320    0.808870366710

     10   P      28             0.7781790    1.000000000000

     11   P      29             0.3560884    1.000000000000

     12   P      30             0.1549324    1.000000000000

     13   P      31             0.0646662    1.000000000000

     14   D      32           318.2240778    0.000120648927
     14   D      33            95.8102274    0.001012623893
     14   D      34            35.3222953    0.005278751941
     14   D      35            13.1074478   -0.017935310228
     14   D      36             6.2949153    0.100128211172
     14   D      37             3.6826101    0.302771472093
     14   D      38             2.0858951    0.397340741727
     14   D      39             1.1644342    0.312691340071

     15   D      40             0.6318061    1.000000000000

     16   D      41             0.3221508    1.000000000000

     17   D      42             0.1349000    1.000000000000

     18   F      43             6.4253614    1.000000000000

     19   F      44             2.1780000    1.000000000000

     20   F      45             0.5878000    1.000000000000

     21   F      46             0.2500000    1.000000000000

     22   G      47             0.4739000    1.000000000000

 C         

     23   S      48         67025.0710290    0.000070988337
     23   S      49         10039.9865380    0.000551759078
     23   S      50          2284.9316911    0.002893301112
     23   S      51           647.1412213    0.012111149913
     23   S      52           211.0947234    0.042822697250
     23   S      53            76.1776439    0.129053328799
     23   S      54            29.6338392    0.318146477908
     23   S      55            12.1877851    0.591790274517

     24   S      56            53.0260063    0.091364916926
     24   S      57            15.2585028    0.928761090236

     25   S      58             5.2403957    1.000000000000

     26   S      59             2.2905022    1.000000000000

     27   S      60             0.6967328    1.000000000000

     28   S      61             0.2759934    1.000000000000

     29   S      62             0.1073988    1.000000000000

     30   P      63           105.1255508    0.002496535013
     30   P      64            24.8844611    0.019546395628
     30   P      65             7.8637231    0.088834946629
     30   P      66             2.8407002    0.294789686074
     30   P      67             1.1227137    0.702715999245

     31   P      68             0.4605073    1.000000000000

     32   P      69             0.1893753    1.000000000000

     33   P      70             0.0759838    1.000000000000

     34   D      71             1.8480000    1.000000000000

     35   D      72             0.6490000    1.000000000000

     36   D      73             0.2280000    1.000000000000

     37   F      74             1.4190000    1.000000000000

     38   F      75             0.4850000    1.000000000000

     39   G      76             1.0110000    1.000000000000

 H         

     40   S      77           190.6916900    0.005342636962
     40   S      78            28.6055320    0.041252338243
     40   S      79             6.5095943    0.210993525698
     40   S      80             1.8412455    0.812128545862

     41   S      81             0.5985373    1.000000000000

     42   S      82             0.2139762    1.000000000000

     43   S      83             0.0803163    1.000000000000

     44   P      84             2.2920000    1.000000000000

     45   P      85             0.8380000    1.000000000000

     46   P      86             0.2920000    1.000000000000

     47   D      87             2.0620000    1.000000000000

     48   D      88             0.6620000    1.000000000000

     49   F      89             1.3970000    1.000000000000

 H         

     50   S      90           190.6916900    0.005342636962
     50   S      91            28.6055320    0.041252338243
     50   S      92             6.5095943    0.210993525698
     50   S      93             1.8412455    0.812128545862

     51   S      94             0.5985373    1.000000000000

     52   S      95             0.2139762    1.000000000000

     53   S      96             0.0803163    1.000000000000

     54   P      97             2.2920000    1.000000000000

     55   P      98             0.8380000    1.000000000000

     56   P      99             0.2920000    1.000000000000

     57   D     100             2.0620000    1.000000000000

     58   D     101             0.6620000    1.000000000000

     59   F     102             1.3970000    1.000000000000

 H         

     60   S     103           190.6916900    0.005342636962
     60   S     104            28.6055320    0.041252338243
     60   S     105             6.5095943    0.210993525698
     60   S     106             1.8412455    0.812128545862

     61   S     107             0.5985373    1.000000000000

     62   S     108             0.2139762    1.000000000000

     63   S     109             0.0803163    1.000000000000

     64   P     110             2.2920000    1.000000000000

     65   P     111             0.8380000    1.000000000000

     66   P     112             0.2920000    1.000000000000

     67   D     113             2.0620000    1.000000000000

     68   D     114             0.6620000    1.000000000000

     69   F     115             1.3970000    1.000000000000

 Total Number of Basis Set Shells             =   69
 Total Number of Primitives                   =  115
 Number of Spherical Gaussian Basis Functions =  229
 Total Number of Auxiliary Basis Set Shells   =   89
 Number of Sph. Gaussian Auxiliary Set Func.  =  347
 Number of Electrons                          =   62
 Charge of Molecule                           =    0
 Spin Multiplicity                            =    1
 Number of Occupied Orbitals (Alpha)          =   31
 Number of Occupied Orbitals (Beta )          =   31
 Total Number of Atoms                        =    5

 Nuclear Energy =      120.2310354913

 Note: This calculation is using an effective core potential
 so NE and ENUC will be adjusted later after removal of the Core

 Input Run Options
 -----------------
 IRUNTYP = 1  MULT = 1  ICHARG =  0 IECP = 1  IEMOM = 1  UNITS = ANGS    

 ECP Potentials
 --------------
 Parameters for "I-ECP   " on Atom  1 with ZCORE 28 and LMAX 3 are

 for L= 3      COEFF    N           ZETA
    1      -21.84204    2       19.45861
    1      -28.46819    2       19.34926
    1       -0.24371    2        4.82377
    1       -0.32080    2        4.88431
 for L= 0      COEFF    N           ZETA
    1       49.99429    2       40.01584
    1      281.02532    2       17.42975
    1       61.57333    2        9.00548
    1       21.84204    2       19.45861
    1       28.46819    2       19.34926
    1        0.24371    2        4.82377
    1        0.32080    2        4.88431
 for L= 1      COEFF    N           ZETA
    1       67.44284    2       15.35547
    1      134.88114    2       14.97183
    1       14.67505    2        8.96016
    1       29.37567    2        8.25910
    1       21.84204    2       19.45861
    1       28.46819    2       19.34926
    1        0.24371    2        4.82377
    1        0.32080    2        4.88431
 for L= 2      COEFF    N           ZETA
    1       35.43953    2       15.06891
    1       53.17606    2       14.55532
    1        9.06719    2        6.71865
    1       13.20694    2        6.45639
    1        0.08933    2        1.19178
    1        0.05238    2        1.29116
    1       21.84204    2       19.45861
    1       28.46819    2       19.34926
    1        0.24371    2        4.82377
    1        0.32080    2        4.88431

 The ECP removes  28 core electrons and  28 protons

 Number of electrons kept in the run =   34
 Number of occupied orbitals (Alpha) =   17
 Number of occupied orbitals (Beta)  =   17

 Adjusted Nuclear Energy =       61.8259678559


 Integral Options
 ----------------
 ERITYP = RI     AUX = JKFIT

 Input NOF Options
 -----------------

 Natural Orbital Functional Selected:    (IPNOF)         8
 Modified version of GNOF (GNOFm):       (Imod)          1

 Type of calculation = ICOEF2 + ICOEF1:  (ICOEF)        21
 Use Softmax function for Occ. Opt.:     (ISOFTMAX)      1
 Type of Orb. Opt. = Orbital Rotations:  (IORBOPT)       2
 Maximum Number of Coef Outer Iter.:     (MAXIT21)       3
 Maximum Number of Occ-Coef Outer Iter.: (MAXIT)      1000

 Restart calculation Option:             (RESTART)       F
 Restart Gamma Matrix from GCF file:     (INPUTGAMMA)    1
 Coefficient Matrix from GCF file:       (INPUTC)        1
 Diagonal Elements FMIUG from GCF file:  (INPUTFMIUG)    0
 Cartesian Coordinates from GCF file:    (INPUTCXYZ)     0

 Threshold Lambda Convergence=10**(-N):  (NTHRESHL)      3
 Threshold Energy Convergence=10**(-N):  (NTHRESHE)      5
 Max. Number of Inner Coef. Iterations:  (MAXLOOP)      10
 Orthogonalize the initial Orbitals:     (ORTHO)         T

 Output Option:                          (NPRINT)        0
 Output the Coefficient Matrix:          (IWRITEC)       0
 Do a Mulliken Population Analysis:      (IMULPOP)       0
 Write Information into a WFN file:      (IAIMPAC)       1
 Write Information into a FCHK file:     (IFCHK)         1
 Write Information into a MLP file:      (MOLDEN)        1
 Create Ini. Cond. (ini.xyz) file:       (INICOND)       1
 Calculate IPs using Ext. Koopmans Theo: (IEKT)          0
 Write APSG expansion coefficient file:  (APSG)          F
 Output option for Lagrange Multipliers: (PRINTLAG)      F
 Diagonalize matrix of Lag. Multipliers: (DIAGLAG)       F

------------------------------------------------------------------------

 Orbital Space
 -------------

 You are doing a perfect pairing calculation: NCWO=1

 Inactive Doubly occupied orbitals up to NO1  =    0
 No. considered Strongly Doubly occupied MOs  =   17
 No. considered Strongly Singly occupied MOs  =    0
 No. of Weakly occ. per St. Doubly occ.  MOs  =    1
 Dimension of the Active Nat. Orb. subspace   =   34
 Secondary Empty orbitals                     =  195

 1e- integrals
 -------------
 Time to do integrals =      0.35

 2e- integrals
 -------------
 DONTW option skips storage 2e- integrals on Unit 1
 Time to do integrals =      0.35

 No violations of the orthonormality

   INITIAL VALUES
  =================

   OM     Occupation      Elag Diag

    1      1.9999999    -11.2553204
    2      1.9998425     -7.7261437
    3      1.9999701     -5.5763885
    4      1.9997697     -5.5840409
    5      1.9999986     -5.5784038
    6      1.9999927     -2.2694193
    7      1.9997484     -2.2215469
    8      1.9999764     -1.8916701
    9      1.9998391     -1.7341157
   10      1.9999464     -1.7413378
   11      1.9999952     -1.3988096
   12      1.9971116     -0.9160721
   13      1.9999852     -1.5685863
   14      1.9999995     -0.3809277
   15      1.9999988     -0.5862258
   16      1.9910801     -0.3728688
   17      1.9999946     -0.5046850
   18      0.0000054     -0.0000146
   19      0.0089199     -0.0196937
   20      0.0000012     -0.0000030
   21      0.0000005     -0.0000009
   22      0.0000148     -0.0000677
   23      0.0028884     -0.0088543
   24      0.0000048     -0.0000218
   25      0.0000536     -0.0002256
   26      0.0001609     -0.0005782
   27      0.0000236     -0.0001152
   28      0.0002516     -0.0012798
   29      0.0000073     -0.0000357
   30      0.0000014     -0.0000070
   31      0.0002303     -0.0013056
   32      0.0000299     -0.0002304
   33      0.0001575     -0.0011137
   34      0.0000001     -0.0000003

   RO Sum (  34) =   34.00

  ---------------
   Dipole Moment
  ---------------

      1.6829 Debye [   0.6621  (   0.0018,  -0.0002,  -0.6621) ]


  RESULTS OF OCCUPATION-COEFFICIENT OPTIMIZATION
 ================================================

  Ex It  Occ Time  Orb Time  Orb It   Electronic Energy     Total Energy   Energy Convergency    Max Mul-Lag Diff

    1    1.6E-01   1.9E+01      10    -398.1759369084     -336.3499690525    -0.0000000000           0.020654
    2    1.3E-01   2.4E+01      40    -398.2070618866     -336.3810940307    -0.0311249782           0.051477
    3    1.3E-01   4.9E+01      50    -398.2528971592     -336.4269293033    -0.0458352726           0.004680
    4    8.8E-02   4.8E+01      60    -398.2953159308     -336.4693480750    -0.0424187717           0.003502
    5    1.1E-01   3.3E+01      60    -398.6604180666     -336.8344502107    -0.3651021357           0.004691
    6    1.2E-01   4.0E+01      60    -398.8521800680     -337.0262122121    -0.1917620014           0.004263
    7    1.2E-01   3.8E+01      60    -398.9249308415     -337.0989629856    -0.0727507735           0.003401
    8    1.1E-01   1.8E+01      60    -398.9527785442     -337.1268106883    -0.0278477027           0.002420
    9    7.6E-02   6.4E+01      60    -398.9650119737     -337.1390441178    -0.0122334295           0.001737
   10    9.0E-02   4.2E+01      60    -398.9723430628     -337.1463752069    -0.0073310892           0.002220
   11    1.3E-01   2.1E+01      60    -398.9772756745     -337.1513078186    -0.0049326116           0.001939
   12    7.5E-02   1.7E+01      60    -398.9805092836     -337.1545414277    -0.0032336091           0.002049
   13    8.0E-02   4.7E+01      60    -398.9825469906     -337.1565791347    -0.0020377070           0.002247
   14    1.2E-01   1.5E+01      60    -398.9836739677     -337.1577061118    -0.0011269771           0.002443
   15    7.5E-02   2.9E+01      60    -398.9844472319     -337.1584793760    -0.0007732642           0.002345
   16    1.2E-01   1.5E+01      60    -398.9850707673     -337.1591029114    -0.0006235354           0.002173
   17    8.2E-02   1.6E+01      60    -398.9854908629     -337.1595230070    -0.0004200956           0.002064
   18    7.3E-02   1.6E+01      60    -398.9858483297     -337.1598804738    -0.0003574668           0.001895
   19    7.9E-02   7.9E+01      60    -398.9861645036     -337.1601966478    -0.0003161739           0.002072
   20    1.3E-01   1.8E+01      60    -398.9864792160     -337.1605113601    -0.0003147124           0.002224
   21    7.7E-02   1.1E+02      60    -398.9867564336     -337.1607885778    -0.0002772176           0.002234
   22    1.2E-01   2.2E+01      60    -398.9870047734     -337.1610369175    -0.0002483398           0.002514
   23    7.6E-02   1.6E+01      60    -398.9871981340     -337.1612302781    -0.0001933606           0.002926
   24    7.7E-02   2.1E+01      60    -398.9873423917     -337.1613745358    -0.0001442577           0.002546
   25    1.1E-01   2.1E+01      60    -398.9874021975     -337.1614343416    -0.0000598058           0.002290
   26    7.3E-02   1.7E+01      60    -398.9874568852     -337.1614890293    -0.0000546877           0.002326
   27    8.1E-02   2.8E+01      60    -398.9874656624     -337.1614978065    -0.0000087772           0.002425
   28    7.4E-02   1.8E+01      60    -398.9874705687     -337.1615027128    -0.0000049063           0.002551
   29    8.0E-02   4.8E+01      60    -398.9874737794     -337.1615059236    -0.0000032107           0.002560
   30    1.2E-01   2.9E+01      70    -398.9875196513     -337.1615517954    -0.0000458718           0.001961
   31    8.1E-02   2.5E+01      80    -398.9875446012     -337.1615767454    -0.0000249500           0.001683
   32    7.4E-02   2.7E+01      90    -398.9875602038     -337.1615923479    -0.0000156026           0.001268
   33    8.0E-02   2.8E+01     100    -398.9875727522     -337.1616048963    -0.0000125484           0.001044
   34    7.9E-02   2.7E+01     107    -398.9875758496     -337.1616079937    -0.0000030974           0.000985


  RESULTS OF THE OCCUPATION OPTIMIZATION
 ========================================

   OM     Occupation      Elag Diag

    1      1.9993006    -11.2846900
    2      1.9984404     -7.7267445
    3      1.9974703     -5.5778904
    4      1.9974668     -5.5779804
    5      1.9970160     -5.5931876
    6      1.9840875     -1.8473048
    7      1.9840336     -1.8314177
    8      1.9840000     -1.8258458
    9      1.9839743     -1.7992404
   10      1.9839498     -1.8064157
   11      1.9839158     -1.7927250
   12      1.9839111     -1.7960172
   13      1.9824089     -0.8143973
   14      1.9799400     -0.5829994
   15      1.9797391     -0.5818513
   16      1.9796768     -0.5724672
   17      1.9639991     -0.4815581
   18      0.0360009     -0.0439539
   19      0.0203232     -0.0256341
   20      0.0202609     -0.0255377
   21      0.0200600     -0.0252668
   22      0.0175911     -0.0255161
   23      0.0160889     -0.0496939
   24      0.0160842     -0.0496562
   25      0.0160502     -0.0497008
   26      0.0160257     -0.0496393
   27      0.0160000     -0.0497142
   28      0.0159664     -0.0496886
   29      0.0159125     -0.0496968
   30      0.0029840     -0.0145799
   31      0.0025332     -0.0121579
   32      0.0025297     -0.0121542
   33      0.0015596     -0.0109575
   34      0.0006994     -0.0117773

   RO Sum (  34) =   34.00

  ---------------
   Dipole Moment
  ---------------

      2.0984 Debye [   0.8256  (   0.0021,  -0.0067,  -0.8256) ]

 ----------------
  Final Energies  
 ----------------

  Final NOF Total Energy =     -337.1616079937 ( 1.E-03 , 0.E+00 )


  **************************************************
  *                                                *
  *       SINGLE-POINT DoNOF CALCULATION           *
  *                                                *
  *             FULL OPTIMIZATION                  *
  *                                                *
  *  FINAL RESULTS   FINAL RESULTS  FINAL RESULTS  *
  *                                                *
  **************************************************

  **************************************************
  *         No. EXTERNAL ITER =    34              *
  *         No. of TOTAL ITER =  2107              *
  **************************************************

  Elapsed real time :   1088.78  (Seconds)

 The execution finished at 12h  7min on the 11/ 4/2025
Recovering execution output...
Moving from /scratch/pobleyef/345640 to /home-nas/pobleyef/Slim-NOF/ncwo1/Slim16/GNOFm20/arina.345640
mkdir -p /home-nas/pobleyef/Slim-NOF/ncwo1/Slim16/GNOFm20/arina.345640
mv /scratch/pobleyef/345640/* /home-nas/pobleyef/Slim-NOF/ncwo1/Slim16/GNOFm20/arina.345640
