Job runing on na07
Choosing scratch ...
Automatic scratch folder selection
/scratch/pobleyef/346646
/scratch/pobleyef/346646 directory
cp HAL59-NIS.gcf HAL59-NIS.inp to  /scratch/pobleyef/346646/.
HAL59-NIS
 This is the OpenMP version of the code
 This is the OpenMP version of the code
 This is the OpenMP version of the code
 This is the OpenMP version of the code
 This is the OpenMP version of the code
 This is the OpenMP version of the code
 This is the OpenMP version of the code
 This is the OpenMP version of the code
 This is the OpenMP version of the code
 This is the OpenMP version of the code
 This is the OpenMP version of the code
 This is the OpenMP version of the code
 This is the OpenMP version of the code
 This is the OpenMP version of the code
 This is the OpenMP version of the code
 This is the OpenMP version of the code
 This is the OpenMP version of the code
 This is the OpenMP version of the code
 This is the OpenMP version of the code
 This is the OpenMP version of the code
 This is the OpenMP version of the code
 This is the OpenMP version of the code
 This is the OpenMP version of the code
 This is the OpenMP version of the code
 This is the OpenMP version of the code
 This is the OpenMP version of the code
 This is the OpenMP version of the code
 This is the OpenMP version of the code
 This is the OpenMP version of the code
 This is the OpenMP version of the code
 This is the OpenMP version of the code
 This is the OpenMP version of the code
 This is the OpenMP version of the code
 This is the OpenMP version of the code
 This is the OpenMP version of the code
 This is the OpenMP version of the code
 This is the OpenMP version of the code
 This is the OpenMP version of the code
 This is the OpenMP version of the code
 This is the OpenMP version of the code
 This is the OpenMP version of the code
 This is the OpenMP version of the code
 This is the OpenMP version of the code
 This is the OpenMP version of the code
 This is the OpenMP version of the code
 This is the OpenMP version of the code
 This is the OpenMP version of the code
 This is the OpenMP version of the code
 This is the OpenMP version of the code
 This is the OpenMP version of the code
 This is the OpenMP version of the code
 This is the OpenMP version of the code
 This is the OpenMP version of the code
 This is the OpenMP version of the code
 This is the OpenMP version of the code
 This is the OpenMP version of the code
 This is the OpenMP version of the code
 This is the OpenMP version of the code
 This is the OpenMP version of the code
 This is the OpenMP version of the code
 This is the OpenMP version of the code
 This is the OpenMP version of the code
 This is the OpenMP version of the code
 This is the OpenMP version of the code
 This is the OpenMP version of the code
 This is the OpenMP version of the code
 This is the OpenMP version of the code
 This is the OpenMP version of the code
 This is the OpenMP version of the code
 This is the OpenMP version of the code
 This is the OpenMP version of the code
 This is the OpenMP version of the code
 This is the OpenMP version of the code
 This is the OpenMP version of the code
 This is the OpenMP version of the code
 This is the OpenMP version of the code
 This is the OpenMP version of the code
 This is the OpenMP version of the code
 This is the OpenMP version of the code
 This is the OpenMP version of the code
 This is the OpenMP version of the code
 This is the OpenMP version of the code
 This is the OpenMP version of the code
 This is the OpenMP version of the code
 This is the OpenMP version of the code
 This is the OpenMP version of the code
 This is the OpenMP version of the code
 This is the OpenMP version of the code
 This is the OpenMP version of the code
 This is the OpenMP version of the code
 This is the OpenMP version of the code
 This is the OpenMP version of the code
 This is the OpenMP version of the code
 This is the OpenMP version of the code
 This is the OpenMP version of the code
 This is the OpenMP version of the code
 This is the OpenMP version of the code
 This is the OpenMP version of the code
 This is the OpenMP version of the code
 This is the OpenMP version of the code
 This is the OpenMP version of the code
 This is the OpenMP version of the code
 This is the OpenMP version of the code
 This is the OpenMP version of the code
 This is the OpenMP version of the code
 This is the OpenMP version of the code
 This is the OpenMP version of the code
 This is the OpenMP version of the code
 This is the OpenMP version of the code
 This is the OpenMP version of the code
 This is the OpenMP version of the code
 This is the OpenMP version of the code
 This is the OpenMP version of the code
 This is the OpenMP version of the code
 This is the OpenMP version of the code
 This is the OpenMP version of the code
 This is the OpenMP version of the code
 This is the OpenMP version of the code
 This is the OpenMP version of the code
 This is the OpenMP version of the code
 This is the OpenMP version of the code
 This is the OpenMP version of the code
 This is the OpenMP version of the code
 This is the OpenMP version of the code
 This is the OpenMP version of the code
 This is the OpenMP version of the code
 This is the OpenMP version of the code
 This is the OpenMP version of the code
 This is the OpenMP version of the code
 This is the OpenMP version of the code
 This is the OpenMP version of the code
 This is the OpenMP version of the code
 This is the OpenMP version of the code
 This is the OpenMP version of the code
 This is the OpenMP version of the code
 This is the OpenMP version of the code
 This is the OpenMP version of the code
 This is the OpenMP version of the code
 This is the OpenMP version of the code
 This is the OpenMP version of the code
 This is the OpenMP version of the code
 This is the OpenMP version of the code
 This is the OpenMP version of the code
 This is the OpenMP version of the code
 This is the OpenMP version of the code
 This is the OpenMP version of the code
 This is the OpenMP version of the code
 This is the OpenMP version of the code
 This is the OpenMP version of the code
 This is the OpenMP version of the code
 This is the OpenMP version of the code
 This is the OpenMP version of the code
 This is the OpenMP version of the code
 This is the OpenMP version of the code
 This is the OpenMP version of the code
 This is the OpenMP version of the code
 This is the OpenMP version of the code
 This is the OpenMP version of the code
 This is the OpenMP version of the code
 This is the OpenMP version of the code
 This is the OpenMP version of the code
 This is the OpenMP version of the code
 This is the OpenMP version of the code
 This is the OpenMP version of the code
 This is the OpenMP version of the code
 This is the OpenMP version of the code
 This is the OpenMP version of the code
 This is the OpenMP version of the code
 This is the OpenMP version of the code
 This is the OpenMP version of the code
 This is the OpenMP version of the code
 This is the OpenMP version of the code
 This is the OpenMP version of the code
 This is the OpenMP version of the code
 This is the OpenMP version of the code
 This is the OpenMP version of the code
 This is the OpenMP version of the code
 This is the OpenMP version of the code
 This is the OpenMP version of the code
 This is the OpenMP version of the code
 This is the OpenMP version of the code
 This is the OpenMP version of the code
 This is the OpenMP version of the code
 This is the OpenMP version of the code
 This is the OpenMP version of the code
 This is the OpenMP version of the code
 This is the OpenMP version of the code
 This is the OpenMP version of the code
 This is the OpenMP version of the code
 This is the OpenMP version of the code
 This is the OpenMP version of the code
 This is the OpenMP version of the code

 The execution started at 20h 54min on the 11/ 5/2025

    ===========================================================
    !                                                         !
    !                        Do N O F                         !
    !                                                         !
    !  (Donostia Natural Orbital Functional Software Program) !
    !                                                         !
    !               COPYRIGHT by Mario Piris                  !
    !                                                         !
    !      Donostia International Physics Center (DIPC)       !
    !       University of the Basque Country (UPV/EHU)        !
    !       Basque Foundation for Science (IKERBASQUE)        !
    !                                                         !
    !          GNU General Public License version 3           !
    !                                                         !
    !                  VERSION: October 2025                  !
    !                                                         !
    ===========================================================

 Run Title
 ---------
  Molname                                                                        

 Basis Set
 ---------
 /home/pobleyef/DoNOFsw/basis/def2-QZVP.bas                                      

 Atom      Charge                Coordinates (Bohr)
                           x             y             z
 I          53.0        0.0000        0.0000        2.7250
 C           6.0        0.0000        2.1744       -2.5738
 N           7.0        0.0000        0.0000       -1.0778
 O           8.0        0.0000        4.3123       -1.8309
 O           8.0        0.0000       -4.3123       -1.8309
 C           6.0        0.0000       -2.1744       -2.5738
 C           6.0        0.0000       -1.2506       -5.2540
 C           6.0        0.0000        1.2506       -5.2540
 H           1.0        0.0000        2.5499       -6.8252
 H           1.0        0.0000       -2.5499       -6.8252

 Atomic Basis Set
 ----------------
 The contracted primitive functions were unnormalized
 The contracted basis functions are now normalized to unity

  Shell Type  Primitive         Exponent  Contraction Coefficient

 I         

      1   S       1         16788.4000000    0.000103586804
      1   S       2          2526.6400000    0.000765531745
      1   S       3           571.9840000    0.003150554741
      1   S       4           150.4340000    0.006717983204
      1   S       5            29.5405000   -0.134384929151
      1   S       6            18.4571000    0.859255064197
      1   S       7            11.5286000   -0.890227518539
      1   S       8             7.0828900   -1.367813214298
      1   S       9             2.5040500    1.808345152379

      2   S      10            25.0586179    0.088686579218
      2   S      11            15.6219794   -0.309437052616
      2   S      12             3.3536325    1.147487780264

      3   S      13             1.3540145    1.000000000000

      4   S      14             0.6743047    1.000000000000

      5   S      15             0.3272714    1.000000000000

      6   S      16             0.1574936    1.000000000000

      7   S      17             0.0743777    1.000000000000

      8   P      18           656.2740000    0.000102263116
      8   P      19           149.2320000    0.000688871318
      8   P      20            19.0153000    0.067339699796
      8   P      21            10.7378000   -0.280108787807
      8   P      22             6.4420800   -0.004916495947
      8   P      23             3.0920300    0.577616914298
      8   P      24             1.5787400    0.569991007671

      9   P      25            15.6605119   -0.024484627992
      9   P      26             4.9250670    0.260041620414
      9   P      27             1.6692320    0.808870366710

     10   P      28             0.7781790    1.000000000000

     11   P      29             0.3560884    1.000000000000

     12   P      30             0.1549324    1.000000000000

     13   P      31             0.0646662    1.000000000000

     14   D      32           318.2240778    0.000120648927
     14   D      33            95.8102274    0.001012623893
     14   D      34            35.3222953    0.005278751941
     14   D      35            13.1074478   -0.017935310228
     14   D      36             6.2949153    0.100128211172
     14   D      37             3.6826101    0.302771472093
     14   D      38             2.0858951    0.397340741727
     14   D      39             1.1644342    0.312691340071

     15   D      40             0.6318061    1.000000000000

     16   D      41             0.3221508    1.000000000000

     17   D      42             0.1349000    1.000000000000

     18   F      43             6.4253614    1.000000000000

     19   F      44             2.1780000    1.000000000000

     20   F      45             0.5878000    1.000000000000

     21   F      46             0.2500000    1.000000000000

     22   G      47             0.4739000    1.000000000000

 C         

     23   S      48         67025.0710290    0.000070988337
     23   S      49         10039.9865380    0.000551759078
     23   S      50          2284.9316911    0.002893301112
     23   S      51           647.1412213    0.012111149913
     23   S      52           211.0947234    0.042822697250
     23   S      53            76.1776439    0.129053328799
     23   S      54            29.6338392    0.318146477908
     23   S      55            12.1877851    0.591790274517

     24   S      56            53.0260063    0.091364916926
     24   S      57            15.2585028    0.928761090236

     25   S      58             5.2403957    1.000000000000

     26   S      59             2.2905022    1.000000000000

     27   S      60             0.6967328    1.000000000000

     28   S      61             0.2759934    1.000000000000

     29   S      62             0.1073988    1.000000000000

     30   P      63           105.1255508    0.002496535013
     30   P      64            24.8844611    0.019546395628
     30   P      65             7.8637231    0.088834946629
     30   P      66             2.8407002    0.294789686074
     30   P      67             1.1227137    0.702715999245

     31   P      68             0.4605073    1.000000000000

     32   P      69             0.1893753    1.000000000000

     33   P      70             0.0759838    1.000000000000

     34   D      71             1.8480000    1.000000000000

     35   D      72             0.6490000    1.000000000000

     36   D      73             0.2280000    1.000000000000

     37   F      74             1.4190000    1.000000000000

     38   F      75             0.4850000    1.000000000000

     39   G      76             1.0110000    1.000000000000

 N         

     40   S      77         90726.8892100    0.000070982346
     40   S      78         13590.5288010    0.000551712516
     40   S      79          3092.9883781    0.002893067845
     40   S      80           875.9987636    0.012111212150
     40   S      81           285.7446998    0.042834127812
     40   S      82           103.1191342    0.129198809022
     40   S      83            40.1285568    0.318818920022
     40   S      84            16.5280957    0.590844885361

     41   S      85            69.3909610    0.094659213180
     41   S      86            20.4282006    0.925496499302

     42   S      87             7.1292588    1.000000000000

     43   S      88             3.1324305    1.000000000000

     44   S      89             0.9875578    1.000000000000

     45   S      90             0.3876572    1.000000000000

     46   S      91             0.1490988    1.000000000000

     47   P      92           150.0574267   -0.002450051156
     47   P      93            35.4915995   -0.019486267495
     47   P      94            11.2478642   -0.090355519008
     47   P      95             4.0900305   -0.299446872557
     47   P      96             1.6220573   -0.696789730227

     48   P      97             0.6644226    1.000000000000

     49   P      98             0.2709977    1.000000000000

     50   P      99             0.1068875    1.000000000000

     51   D     100             2.8370000    1.000000000000

     52   D     101             0.9680000    1.000000000000

     53   D     102             0.3350000    1.000000000000

     54   F     103             2.0270000    1.000000000000

     55   F     104             0.6850000    1.000000000000

     56   G     105             1.4270000    1.000000000000

 O         

     57   S     106        116506.4690800    0.000071987576
     57   S     107         17504.3497240    0.000557148772
     57   S     108          3993.4513230    0.002913003168
     57   S     109          1133.0063186    0.012172051077
     57   S     110           369.9956959    0.043003761827
     57   S     111           133.6207435    0.129647623897
     57   S     112            52.0356436    0.319696085629
     57   S     113            21.4619393    0.589314587967

     58   S     114            89.8350513    0.094848052763
     58   S     115            26.4280108    0.925363787917

     59   S     116             9.2822825    1.000000000000

     60   S     117             4.0947729    1.000000000000

     61   S     118             1.3255349    1.000000000000

     62   S     119             0.5187723    1.000000000000

     63   S     120             0.1977268    1.000000000000

     64   P     121           191.1525581    0.002535957414
     64   P     122            45.2333567    0.020233824294
     64   P     123            14.3534659    0.094518019998
     64   P     124             5.2422372    0.309154328074
     64   P     125             2.0792419    0.684689495338

     65   P     126             0.8428237    1.000000000000

     66   P     127             0.3361769    1.000000000000

     67   P     128             0.1286400    1.000000000000

     68   D     129             3.7750000    1.000000000000

     69   D     130             1.3000000    1.000000000000

     70   D     131             0.4440000    1.000000000000

     71   F     132             2.6660000    1.000000000000

     72   F     133             0.8590000    1.000000000000

     73   G     134             1.8460000    1.000000000000

 O         

     74   S     135        116506.4690800    0.000071987576
     74   S     136         17504.3497240    0.000557148772
     74   S     137          3993.4513230    0.002913003168
     74   S     138          1133.0063186    0.012172051077
     74   S     139           369.9956959    0.043003761827
     74   S     140           133.6207435    0.129647623897
     74   S     141            52.0356436    0.319696085629
     74   S     142            21.4619393    0.589314587967

     75   S     143            89.8350513    0.094848052763
     75   S     144            26.4280108    0.925363787917

     76   S     145             9.2822825    1.000000000000

     77   S     146             4.0947729    1.000000000000

     78   S     147             1.3255349    1.000000000000

     79   S     148             0.5187723    1.000000000000

     80   S     149             0.1977268    1.000000000000

     81   P     150           191.1525581    0.002535957414
     81   P     151            45.2333567    0.020233824294
     81   P     152            14.3534659    0.094518019998
     81   P     153             5.2422372    0.309154328074
     81   P     154             2.0792419    0.684689495338

     82   P     155             0.8428237    1.000000000000

     83   P     156             0.3361769    1.000000000000

     84   P     157             0.1286400    1.000000000000

     85   D     158             3.7750000    1.000000000000

     86   D     159             1.3000000    1.000000000000

     87   D     160             0.4440000    1.000000000000

     88   F     161             2.6660000    1.000000000000

     89   F     162             0.8590000    1.000000000000

     90   G     163             1.8460000    1.000000000000

 C         

     91   S     164         67025.0710290    0.000070988337
     91   S     165         10039.9865380    0.000551759078
     91   S     166          2284.9316911    0.002893301112
     91   S     167           647.1412213    0.012111149913
     91   S     168           211.0947234    0.042822697250
     91   S     169            76.1776439    0.129053328799
     91   S     170            29.6338392    0.318146477908
     91   S     171            12.1877851    0.591790274517

     92   S     172            53.0260063    0.091364916926
     92   S     173            15.2585028    0.928761090236

     93   S     174             5.2403957    1.000000000000

     94   S     175             2.2905022    1.000000000000

     95   S     176             0.6967328    1.000000000000

     96   S     177             0.2759934    1.000000000000

     97   S     178             0.1073988    1.000000000000

     98   P     179           105.1255508    0.002496535013
     98   P     180            24.8844611    0.019546395628
     98   P     181             7.8637231    0.088834946629
     98   P     182             2.8407002    0.294789686074
     98   P     183             1.1227137    0.702715999245

     99   P     184             0.4605073    1.000000000000

    100   P     185             0.1893753    1.000000000000

    101   P     186             0.0759838    1.000000000000

    102   D     187             1.8480000    1.000000000000

    103   D     188             0.6490000    1.000000000000

    104   D     189             0.2280000    1.000000000000

    105   F     190             1.4190000    1.000000000000

    106   F     191             0.4850000    1.000000000000

    107   G     192             1.0110000    1.000000000000

 C         

    108   S     193         67025.0710290    0.000070988337
    108   S     194         10039.9865380    0.000551759078
    108   S     195          2284.9316911    0.002893301112
    108   S     196           647.1412213    0.012111149913
    108   S     197           211.0947234    0.042822697250
    108   S     198            76.1776439    0.129053328799
    108   S     199            29.6338392    0.318146477908
    108   S     200            12.1877851    0.591790274517

    109   S     201            53.0260063    0.091364916926
    109   S     202            15.2585028    0.928761090236

    110   S     203             5.2403957    1.000000000000

    111   S     204             2.2905022    1.000000000000

    112   S     205             0.6967328    1.000000000000

    113   S     206             0.2759934    1.000000000000

    114   S     207             0.1073988    1.000000000000

    115   P     208           105.1255508    0.002496535013
    115   P     209            24.8844611    0.019546395628
    115   P     210             7.8637231    0.088834946629
    115   P     211             2.8407002    0.294789686074
    115   P     212             1.1227137    0.702715999245

    116   P     213             0.4605073    1.000000000000

    117   P     214             0.1893753    1.000000000000

    118   P     215             0.0759838    1.000000000000

    119   D     216             1.8480000    1.000000000000

    120   D     217             0.6490000    1.000000000000

    121   D     218             0.2280000    1.000000000000

    122   F     219             1.4190000    1.000000000000

    123   F     220             0.4850000    1.000000000000

    124   G     221             1.0110000    1.000000000000

 C         

    125   S     222         67025.0710290    0.000070988337
    125   S     223         10039.9865380    0.000551759078
    125   S     224          2284.9316911    0.002893301112
    125   S     225           647.1412213    0.012111149913
    125   S     226           211.0947234    0.042822697250
    125   S     227            76.1776439    0.129053328799
    125   S     228            29.6338392    0.318146477908
    125   S     229            12.1877851    0.591790274517

    126   S     230            53.0260063    0.091364916926
    126   S     231            15.2585028    0.928761090236

    127   S     232             5.2403957    1.000000000000

    128   S     233             2.2905022    1.000000000000

    129   S     234             0.6967328    1.000000000000

    130   S     235             0.2759934    1.000000000000

    131   S     236             0.1073988    1.000000000000

    132   P     237           105.1255508    0.002496535013
    132   P     238            24.8844611    0.019546395628
    132   P     239             7.8637231    0.088834946629
    132   P     240             2.8407002    0.294789686074
    132   P     241             1.1227137    0.702715999245

    133   P     242             0.4605073    1.000000000000

    134   P     243             0.1893753    1.000000000000

    135   P     244             0.0759838    1.000000000000

    136   D     245             1.8480000    1.000000000000

    137   D     246             0.6490000    1.000000000000

    138   D     247             0.2280000    1.000000000000

    139   F     248             1.4190000    1.000000000000

    140   F     249             0.4850000    1.000000000000

    141   G     250             1.0110000    1.000000000000

 H         

    142   S     251           190.6916900    0.005342636962
    142   S     252            28.6055320    0.041252338243
    142   S     253             6.5095943    0.210993525698
    142   S     254             1.8412455    0.812128545862

    143   S     255             0.5985373    1.000000000000

    144   S     256             0.2139762    1.000000000000

    145   S     257             0.0803163    1.000000000000

    146   P     258             2.2920000    1.000000000000

    147   P     259             0.8380000    1.000000000000

    148   P     260             0.2920000    1.000000000000

    149   D     261             2.0620000    1.000000000000

    150   D     262             0.6620000    1.000000000000

    151   F     263             1.3970000    1.000000000000

 H         

    152   S     264           190.6916900    0.005342636962
    152   S     265            28.6055320    0.041252338243
    152   S     266             6.5095943    0.210993525698
    152   S     267             1.8412455    0.812128545862

    153   S     268             0.5985373    1.000000000000

    154   S     269             0.2139762    1.000000000000

    155   S     270             0.0803163    1.000000000000

    156   P     271             2.2920000    1.000000000000

    157   P     272             0.8380000    1.000000000000

    158   P     273             0.2920000    1.000000000000

    159   D     274             2.0620000    1.000000000000

    160   D     275             0.6620000    1.000000000000

    161   F     276             1.3970000    1.000000000000

 Total Number of Basis Set Shells             =  161
 Total Number of Primitives                   =  276
 Number of Spherical Gaussian Basis Functions =  541
 Total Number of Auxiliary Basis Set Shells   =  233
 Number of Sph. Gaussian Auxiliary Set Func.  =  785
 Number of Electrons                          =  102
 Charge of Molecule                           =    0
 Spin Multiplicity                            =    1
 Number of Occupied Orbitals (Alpha)          =   51
 Number of Occupied Orbitals (Beta )          =   51
 Total Number of Atoms                        =   10

 Nuclear Energy =      695.5317611678

 Note: This calculation is using an effective core potential
 so NE and ENUC will be adjusted later after removal of the Core

 Input Run Options
 -----------------
 IRUNTYP = 1  MULT = 1  ICHARG =  0 IECP = 1  IEMOM = 1  UNITS = ANGS    

 ECP Potentials
 --------------
 Parameters for "I-ECP   " on Atom  1 with ZCORE 28 and LMAX 3 are

 for L= 3      COEFF    N           ZETA
    1      -21.84204    2       19.45861
    1      -28.46819    2       19.34926
    1       -0.24371    2        4.82377
    1       -0.32080    2        4.88431
 for L= 0      COEFF    N           ZETA
    1       49.99429    2       40.01584
    1      281.02532    2       17.42975
    1       61.57333    2        9.00548
    1       21.84204    2       19.45861
    1       28.46819    2       19.34926
    1        0.24371    2        4.82377
    1        0.32080    2        4.88431
 for L= 1      COEFF    N           ZETA
    1       67.44284    2       15.35547
    1      134.88114    2       14.97183
    1       14.67505    2        8.96016
    1       29.37567    2        8.25910
    1       21.84204    2       19.45861
    1       28.46819    2       19.34926
    1        0.24371    2        4.82377
    1        0.32080    2        4.88431
 for L= 2      COEFF    N           ZETA
    1       35.43953    2       15.06891
    1       53.17606    2       14.55532
    1        9.06719    2        6.71865
    1       13.20694    2        6.45639
    1        0.08933    2        1.19178
    1        0.05238    2        1.29116
    1       21.84204    2       19.45861
    1       28.46819    2       19.34926
    1        0.24371    2        4.82377
    1        0.32080    2        4.88431

 The ECP removes  28 core electrons and  28 protons

 Number of electrons kept in the run =   74
 Number of occupied orbitals (Alpha) =   37
 Number of occupied orbitals (Beta)  =   37

 Adjusted Nuclear Energy =      466.6427311454


 Integral Options
 ----------------
 ERITYP = RI     AUX = JKFIT   ISCHWZ = 1   CUTOFF = 1.0E-09

 Input NOF Options
 -----------------

 Natural Orbital Functional Selected:    (IPNOF)         8
 Modified version of GNOF (GNOFm):       (Imod)          1

 Type of calculation = ICOEF2 + ICOEF1:  (ICOEF)        21
 Use Softmax function for Occ. Opt.:     (ISOFTMAX)      1
 Type of Orb. Opt. = Orbital Rotations:  (IORBOPT)       2
 Maximum Number of Coef Outer Iter.:     (MAXIT21)       3
 Maximum Number of Occ-Coef Outer Iter.: (MAXIT)      1000

 Restart calculation Option:             (RESTART)       F
 Restart Gamma Matrix from GCF file:     (INPUTGAMMA)    1
 Coefficient Matrix from GCF file:       (INPUTC)        1
 Diagonal Elements FMIUG from GCF file:  (INPUTFMIUG)    0
 Cartesian Coordinates from GCF file:    (INPUTCXYZ)     0

 Threshold Lambda Convergence=10**(-N):  (NTHRESHL)      3
 Threshold Energy Convergence=10**(-N):  (NTHRESHE)      5
 Max. Number of Inner Coef. Iterations:  (MAXLOOP)      10
 Orthogonalize the initial Orbitals:     (ORTHO)         T

 Output Option:                          (NPRINT)        0
 Output the Coefficient Matrix:          (IWRITEC)       0
 Do a Mulliken Population Analysis:      (IMULPOP)       0
 Write Information into a WFN file:      (IAIMPAC)       1
 Write Information into a FCHK file:     (IFCHK)         1
 Write Information into a MLP file:      (MOLDEN)        1
 Create Ini. Cond. (ini.xyz) file:       (INICOND)       1
 Calculate IPs using Ext. Koopmans Theo: (IEKT)          0
 Write APSG expansion coefficient file:  (APSG)          F
 Output option for Lagrange Multipliers: (PRINTLAG)      F
 Diagonalize matrix of Lag. Multipliers: (DIAGLAG)       F

------------------------------------------------------------------------

 Orbital Space
 -------------

 You are doing a perfect pairing calculation: NCWO=1

 Inactive Doubly occupied orbitals up to NO1  =    0
 No. considered Strongly Doubly occupied MOs  =   37
 No. considered Strongly Singly occupied MOs  =    0
 No. of Weakly occ. per St. Doubly occ.  MOs  =    1
 Dimension of the Active Nat. Orb. subspace   =   74
 Secondary Empty orbitals                     =  467

 1e- integrals
 -------------
 Time to do integrals =      0.67

 2e- integrals
 -------------
 DONTW option skips storage 2e- integrals on Unit 1
 Time to do integrals =      4.18

 No violations of the orthonormality

   INITIAL VALUES
  =================

   OM     Occupation      Elag Diag

    1      1.9994758    -11.5110910
    2      1.9584321     -0.5660636
    3      1.9698124     -0.5589733
    4      1.9740976     -0.6090147
    5      1.9783790     -0.4692969
    6      1.9838816     -1.7355783
    7      1.9854634     -1.8900633
    8      1.9728864     -0.7742278
    9      1.9912018     -1.4318286
   10      1.9569459     -0.4566249
   11      1.9976631     -5.6100884
   12      1.9737344     -0.7911057
   13      1.9579267     -0.5492011
   14      1.9701592     -0.6028386
   15      1.9895483     -1.5989604
   16      1.9975783     -5.6168010
   17      1.9835194     -1.6210523
   18      1.9994761    -11.6318847
   19      1.9988601     -7.7560338
   20      1.9995895    -14.6402155
   21      1.9877894     -1.5243664
   22      1.9994692    -11.4152960
   23      1.9998366    -20.6017519
   24      1.9976853     -5.6344809
   25      1.9780434     -0.7279563
   26      1.9901696     -1.3183764
   27      1.9829608     -1.4682537
   28      1.9998211    -20.6017482
   29      1.9832753     -1.5907987
   30      1.9667111     -0.5334111
   31      1.9753685     -0.7135021
   32      1.9863902     -1.3159044
   33      1.9841609     -1.8504634
   34      1.9803670     -0.8919476
   35      1.9836222     -1.6760583
   36      1.9785964     -0.5204026
   37      1.9995299    -11.7309532
   38      0.0004701     -0.0081784
   39      0.0214036     -0.0306156
   40      0.0163778     -0.0487209
   41      0.0196330     -0.0278632
   42      0.0158391     -0.0484467
   43      0.0136098     -0.0243608
   44      0.0246315     -0.0344260
   45      0.0332889     -0.0492443
   46      0.0167247     -0.0488356
   47      0.0001789     -0.0060584
   48      0.0170392     -0.0480107
   49      0.0098304     -0.0211518
   50      0.0219566     -0.0249653
   51      0.0023147     -0.0128250
   52      0.0001634     -0.0055527
   53      0.0005308     -0.0088921
   54      0.0122106     -0.0223852
   55      0.0004105     -0.0090510
   56      0.0011399     -0.0083703
   57      0.0005239     -0.0089563
   58      0.0164806     -0.0485865
   59      0.0024217     -0.0121585
   60      0.0104517     -0.0207717
   61      0.0298408     -0.0380697
   62      0.0420733     -0.0521209
   63      0.0262656     -0.0402914
   64      0.0023369     -0.0124510
   65      0.0430541     -0.0385223
   66      0.0087982     -0.0202034
   67      0.0271136     -0.0416198
   68      0.0145366     -0.0422619
   69      0.0161184     -0.0486024
   70      0.0216210     -0.0294716
   71      0.0259024     -0.0358259
   72      0.0301876     -0.0406869
   73      0.0415679     -0.0520140
   74      0.0005242     -0.0088899

   RO Sum (  74) =   74.00

  ---------------
   Dipole Moment
  ---------------

      2.4131 Debye [   0.9494  (   0.0003,   0.0032,  -0.9494) ]


  RESULTS OF OCCUPATION-COEFFICIENT OPTIMIZATION
 ================================================

  Ex It  Occ Time  Orb Time  Orb It   Electronic Energy     Total Energy   Energy Convergency    Max Mul-Lag Diff

    1    1.1E+00   8.9E+01      10   -1121.9768666866     -655.3341355411    -0.0000000000           0.003718
    2    8.0E-01   2.8E+02      40   -1121.9768666866     -655.3341355411     0.0000000000           0.003718
    3    6.0E-01   5.0E+02      54   -1121.9820236263     -655.3392924809    -0.0051569398           0.000998
    4    7.8E-01   2.4E+00      54   -1121.9820236263     -655.3392924809     0.0000000000           0.000998


  RESULTS OF THE OCCUPATION OPTIMIZATION
 ========================================

   OM     Occupation      Elag Diag

    1      1.9998366    -20.6015151
    2      1.9998211    -20.6020854
    3      1.9995895    -14.6334952
    4      1.9995299    -11.7345016
    5      1.9994761    -11.6208365
    6      1.9994758    -11.5239357
    7      1.9994692    -11.4167781
    8      1.9988601     -7.7584960
    9      1.9976853     -5.6333344
   10      1.9976631     -5.6182791
   11      1.9975783     -5.6167225
   12      1.9912018     -1.4087298
   13      1.9901696     -1.3137575
   14      1.9895483     -1.6030033
   15      1.9877894     -1.5047721
   16      1.9863902     -1.2836188
   17      1.9854634     -1.8882631
   18      1.9841609     -1.8290810
   19      1.9838816     -1.7444327
   20      1.9836222     -1.6883475
   21      1.9835194     -1.6178822
   22      1.9832753     -1.6142410
   23      1.9829608     -1.5141587
   24      1.9803670     -0.8890498
   25      1.9785964     -0.5181717
   26      1.9783790     -0.4643209
   27      1.9780434     -0.7279445
   28      1.9753685     -0.7129552
   29      1.9740976     -0.6085682
   30      1.9737344     -0.7932488
   31      1.9728864     -0.7728213
   32      1.9701592     -0.6005332
   33      1.9698124     -0.5700682
   34      1.9667111     -0.5401055
   35      1.9584321     -0.5632331
   36      1.9579267     -0.5502293
   37      1.9569459     -0.4559758
   38      0.0430541     -0.0386210
   39      0.0420733     -0.0520775
   40      0.0415679     -0.0521075
   41      0.0332889     -0.0493770
   42      0.0301876     -0.0409163
   43      0.0298408     -0.0380557
   44      0.0271136     -0.0414557
   45      0.0262656     -0.0404411
   46      0.0259024     -0.0357540
   47      0.0246315     -0.0346032
   48      0.0219566     -0.0248893
   49      0.0216210     -0.0288517
   50      0.0214036     -0.0303142
   51      0.0196330     -0.0280166
   52      0.0170392     -0.0482998
   53      0.0167247     -0.0488359
   54      0.0164806     -0.0485206
   55      0.0163778     -0.0488640
   56      0.0161184     -0.0486333
   57      0.0158391     -0.0485243
   58      0.0145366     -0.0431833
   59      0.0136098     -0.0240354
   60      0.0122106     -0.0223725
   61      0.0104517     -0.0207792
   62      0.0098304     -0.0212510
   63      0.0087982     -0.0202947
   64      0.0024217     -0.0120900
   65      0.0023369     -0.0124696
   66      0.0023147     -0.0128134
   67      0.0011399     -0.0083418
   68      0.0005308     -0.0088918
   69      0.0005242     -0.0089028
   70      0.0005239     -0.0089556
   71      0.0004701     -0.0081919
   72      0.0004105     -0.0091247
   73      0.0001789     -0.0060775
   74      0.0001634     -0.0056210

   RO Sum (  74) =   74.00

  ---------------
   Dipole Moment
  ---------------

      2.4354 Debye [   0.9582  (   0.0016,   0.0069,  -0.9581) ]

 ----------------
  Final Energies  
 ----------------

  Final NOF Total Energy =     -655.3392924809 ( 1.E-03 , 0.E+00 )


  **************************************************
  *                                                *
  *       SINGLE-POINT DoNOF CALCULATION           *
  *                                                *
  *             FULL OPTIMIZATION                  *
  *                                                *
  *  FINAL RESULTS   FINAL RESULTS  FINAL RESULTS  *
  *                                                *
  **************************************************

  **************************************************
  *         No. EXTERNAL ITER =     4              *
  *         No. of TOTAL ITER =   158              *
  **************************************************

  Elapsed real time :    874.54  (Seconds)

 The execution finished at 21h  9min on the 11/ 5/2025
Recovering execution output...
Moving from /scratch/pobleyef/346646 to /home-nas/pobleyef/Slim-NOF/ncwo1/Slim16/GNOFm20/arina.346646
mkdir -p /home-nas/pobleyef/Slim-NOF/ncwo1/Slim16/GNOFm20/arina.346646
mv /scratch/pobleyef/346646/* /home-nas/pobleyef/Slim-NOF/ncwo1/Slim16/GNOFm20/arina.346646
