Computing Integrals
Basis Set                                            = def2-qzvp
Auxiliary Basis Set                                  = def2-universal-jkfit
Gaussian Type                                        = Spherical
Elapsed time:   21.34 Seconds

Number of basis functions                   (NBF)    = 700
Number of auxiliary basis functions         (NBFAUX) = 1022
Inactive Doubly occupied orbitals up to     (NO1)    = 0
No. considered Strongly Doubly occupied MOs (NDOC)   = 56
No. considered Strongly Singly occupied MOs (NSOC)   = 0
NO. of Weakly occ. per St. Doubly occ.  MOs (NCWO)   = 1
Dimension of the Nat. Orb. subspace         (NBF5)   = 112
No. of electrons                                     = 112
    No. of alpha electrons                           = 56
    No. of beta electrons                            = 56
Multiplicity                                         = 1

Geometry
========
 P      -0.6893655       1.7191620       0.6081943
 P      -2.0048435       0.6960096      -0.8899711
 P      -2.1371205      -1.4122873      -0.2512459
 P      -0.2432571      -1.7310933       0.9132867
 P       1.1492393      -1.3927172      -0.8064617
 P       2.3947834       0.2712669      -0.0072107
 P       1.1163168       1.9442632      -0.6972041
 H      -1.1915336       3.0109280       0.2786267
 H      -1.0255781       0.4544941      -1.8893056
 H      -2.9363110      -1.1036354       0.8827753
 H      -0.2443516      -3.1436783       0.7194482
 H       2.0531206      -2.3973638      -0.3692028
 H       1.9889383       0.2042760       1.3541132
 H       1.7699624       2.8803754       0.1541576

No violations of the orthonormality
No violations of the orthonormality
 
PNOF8/ADABelief Calculation
==================
 
  Nitext  Nit_orb  Time   Nit_occ  Time         Eelec          Etot           Ediff      maxdiff    MaxGrad_orb  Grad_occ
     1      10    2.9e+01    0    1.3e+01 -3342.97438393 -2391.46147772 -13341.97438393   0.000471   1.9e-03   2.2e-04 0.03
 
RESULTS OF THE OCCUPATION OPTIMIZATION
========================================
   1    1.9999608  -80.01017445
   2    1.9999700  -80.00952811
   3    1.9999718  -80.00888653
   4    1.9999620  -80.00881055
   5    1.9999529  -80.00867995
   6    1.9999539  -80.00835697
   7    1.9999616  -80.00775594
   8    1.9988634  -7.49972740
   9    1.9988652  -7.49697572
  10    1.9988580  -7.49516619
  11    1.9988852  -7.49400439
  12    1.9988858  -7.49324515
  13    1.9988930  -7.49167650
  14    1.9988669  -7.48429620
  15    1.9985082  -5.41916789
  16    1.9983013  -5.41873543
  17    1.9983217  -5.41854661
  18    1.9980880  -5.41720837
  19    1.9981782  -5.41687830
  20    1.9982869  -5.41340803
  21    1.9982043  -5.41170139
  22    1.9979563  -5.41156888
  23    1.9981603  -5.41091459
  24    1.9981368  -5.41017265
  25    1.9982026  -5.41011547
  26    1.9977370  -5.40965812
  27    1.9980933  -5.40895909
  28    1.9977118  -5.40831328
  29    1.9977404  -5.40735079
  30    1.9976651  -5.40688126
  31    1.9976375  -5.40662895
  32    1.9976783  -5.40654463
  33    1.9978800  -5.40609284
  34    1.9978209  -5.40564911
  35    1.9977111  -5.40441109
  36    1.9919977  -0.92732833
  37    1.9918504  -0.92430335
  38    1.9916135  -0.87287630
  39    1.9878175  -0.80681706
  40    1.9910608  -0.77591132
  41    1.9905488  -0.76460770
  42    1.9849971  -0.69514770
  43    1.9702192  -0.49773737
  44    1.9700168  -0.49573151
  45    1.9700185  -0.49507651
  46    1.9699283  -0.49191949
  47    1.9700666  -0.48836412
  48    1.9701303  -0.48791238
  49    1.9700482  -0.48317775
  50    1.9672870  -0.42770082
  51    1.9674920  -0.42486394
  52    1.9667793  -0.42415079
  53    1.9663213  -0.42075119
  54    1.9670710  -0.42073888
  55    1.9667295  -0.41918951
  56    1.9667095  -0.41537035
  57    0.0332905  -0.04294708
  58    0.0332705  -0.04294680
  59    0.0329290  -0.04291987
  60    0.0336787  -0.04280518
  61    0.0332207  -0.04272569
  62    0.0325080  -0.04275301
  63    0.0327130  -0.04274601
  64    0.0299518  -0.03298378
  65    0.0298697  -0.03304225
  66    0.0299334  -0.03312737
  67    0.0300717  -0.03333214
  68    0.0299815  -0.03341624
  69    0.0299832  -0.03334023
  70    0.0297808  -0.03327448
  71    0.0150029  -0.02309192
  72    0.0094512  -0.02595702
  73    0.0089392  -0.02799415
  74    0.0121825  -0.02349113
  75    0.0083865  -0.03055519
  76    0.0081496  -0.02871630
  77    0.0080023  -0.02720940
  78    0.0022889  -0.02153151
  79    0.0021791  -0.02017863
  80    0.0021200  -0.01969574
  81    0.0023217  -0.02173519
  82    0.0023625  -0.02254297
  83    0.0023349  -0.02171839
  84    0.0022596  -0.02101267
  85    0.0022882  -0.02245785
  86    0.0019067  -0.01720829
  87    0.0022630  -0.02108668
  88    0.0017974  -0.01694884
  89    0.0018632  -0.01744706
  90    0.0018397  -0.01664979
  91    0.0020437  -0.01887548
  92    0.0017957  -0.01676519
  93    0.0017131  -0.01659459
  94    0.0018218  -0.01632051
  95    0.0019120  -0.01769806
  96    0.0016783  -0.01650946
  97    0.0016987  -0.01667681
  98    0.0014918  -0.01675669
  99    0.0011331  -0.01528262
 100    0.0011070  -0.01523474
 101    0.0011142  -0.01478712
 102    0.0011148  -0.01510148
 103    0.0011420  -0.01440137
 104    0.0011348  -0.01512232
 105    0.0011366  -0.01498623
 106    0.0000384  -0.00557764
 107    0.0000461  -0.00641978
 108    0.0000471  -0.00653120
 109    0.0000380  -0.00543209
 110    0.0000282  -0.00442808
 111    0.0000300  -0.00455955
 112    0.0000392  -0.00562473
 
----------------
 Final Energies 
----------------
Final NOF Total Energy =   -2391.4614777
 
Total Orbital Internal Iterations = 10
Total Occupation Internal Iterations = 0
 
Elapsed time:   54.60 Seconds

---------------------------------
   Lowdin Population Analysis    
---------------------------------
 Idx  Atom   Population   Charge 
---------------------------------
  1     P    14.832       0.168
  2     P    14.824       0.176
  3     P    14.840       0.160
  4     P    14.838       0.162
  5     P    14.831       0.169
  6     P    14.825       0.175
  7     P    14.839       0.161
  8     H     1.166      -0.166
  9     H     1.172      -0.172
 10     H     1.167      -0.167
 11     H     1.166      -0.166
 12     H     1.163      -0.163
 13     H     1.173      -0.173
 14     H     1.163      -0.163

---------------------------------
   M Diagnostic: 0.03
---------------------------------

