Computing Integrals
Basis Set                                            = def2-qzvp
Auxiliary Basis Set                                  = def2-universal-jkfit
Gaussian Type                                        = Spherical
Elapsed time:    1.70 Seconds

Number of basis functions                   (NBF)    = 70
Number of auxiliary basis functions         (NBFAUX) = 128
Inactive Doubly occupied orbitals up to     (NO1)    = 0
No. considered Strongly Doubly occupied MOs (NDOC)   = 9
No. considered Strongly Singly occupied MOs (NSOC)   = 0
NO. of Weakly occ. per St. Doubly occ.  MOs (NCWO)   = 1
Dimension of the Nat. Orb. subspace         (NBF5)   = 18
No. of electrons                                     = 18
    No. of alpha electrons                           = 9
    No. of beta electrons                            = 9
Multiplicity                                         = 1

Geometry
========
Cl       1.5375100      -0.0133800       4.6330600

No violations of the orthonormality
No violations of the orthonormality
 
PNOF8/ADABelief Calculation
==================
 
  Nitext  Nit_orb  Time   Nit_occ  Time         Eelec          Etot           Ediff      maxdiff    MaxGrad_orb  Grad_occ
     1      10    9.1e+00    0    1.2e+01  -459.88021711  -459.88021711 -10458.88021711   0.000771   3.1e-03   4.7e-05 0.02
 
RESULTS OF THE OCCUPATION OPTIMIZATION
========================================
   1    1.9999627  -104.53481658
   2    1.9991329  -10.21357555
   3    1.9986490  -7.69391263
   4    1.9989187  -7.68774736
   5    1.9989160  -7.68754939
   6    1.9906290  -0.73757412
   7    1.9801429  -0.15681606
   8    1.9793473  -0.15665358
   9    1.9784416  -0.15204158
  10    0.0215584  -0.02003876
  11    0.0206527  -0.01994275
  12    0.0198571  -0.01988378
  13    0.0093710  -0.03031073
  14    0.0010840  -0.01914077
  15    0.0010813  -0.01910059
  16    0.0013510  -0.01904578
  17    0.0008671  -0.01761798
  18    0.0000373  -0.00674972
 
----------------
 Final Energies 
----------------
Final NOF Total Energy =    -459.8802171
 
Total Orbital Internal Iterations = 10
Total Occupation Internal Iterations = 0
 
Elapsed time:   26.82 Seconds

---------------------------------
   Lowdin Population Analysis    
---------------------------------
 Idx  Atom   Population   Charge 
---------------------------------
  1    Cl    18.000      -1.000

---------------------------------
   M Diagnostic: 0.02
---------------------------------

