Computing Integrals
Basis Set                                            = def2-qzvp
Auxiliary Basis Set                                  = def2-universal-jkfit
Gaussian Type                                        = Spherical
Elapsed time:   14.25 Seconds

Number of basis functions                   (NBF)    = 693
Number of auxiliary basis functions         (NBFAUX) = 791
Inactive Doubly occupied orbitals up to     (NO1)    = 0
No. considered Strongly Doubly occupied MOs (NDOC)   = 33
No. considered Strongly Singly occupied MOs (NSOC)   = 0
NO. of Weakly occ. per St. Doubly occ.  MOs (NCWO)   = 1
Dimension of the Nat. Orb. subspace         (NBF5)   = 66
No. of electrons                                     = 66
    No. of alpha electrons                           = 33
    No. of beta electrons                            = 33
Multiplicity                                         = 1

Geometry
========
 N      -0.3310925       1.7571570       0.0000000
 N       1.6526263       0.6161452       0.0000000
 C      -0.3970521      -0.6202242       0.0000000
 C       1.0540466      -0.6322768       0.0000000
 C      -1.0120744       0.5754960       0.0000000
 C       1.0302019       1.8378491       0.0000000
 C      -1.1307329      -1.9207587       0.0000000
 O       1.7384814      -1.6383625       0.0000000
 O       1.6383340       2.8885894       0.0000000
 H      -0.8449561       2.6266569       0.0000000
 H       2.6662888       0.6355064       0.0000000
 H      -2.0900023       0.6707908       0.0000000
 H      -0.8829150      -2.5191781      -0.8785562
 H      -0.8829150      -2.5191781       0.8785562
 H      -2.2082386      -1.7582124       0.0000000

No violations of the orthonormality
No violations of the orthonormality
 
PNOF8/ADABelief Calculation
==================
 
  Nitext  Nit_orb  Time   Nit_occ  Time         Eelec          Etot           Ediff      maxdiff    MaxGrad_orb  Grad_occ
     1      10    2.0e+01    0    1.2e+01  -895.26105808  -452.99530587 -10894.26105808   0.000795   3.2e-03   1.4e-04 0.04
 
RESULTS OF THE OCCUPATION OPTIMIZATION
========================================
   1    1.9998058  -20.56552252
   2    1.9998110  -20.56299705
   3    1.9996514  -15.35790345
   4    1.9996315  -14.99804913
   5    1.9996179  -11.86524795
   6    1.9995079  -11.50618420
   7    1.9994496  -11.38896904
   8    1.9994647  -11.36934840
   9    1.9994753  -11.26419634
  10    1.9914456  -1.35906955
  11    1.9898043  -1.24739098
  12    1.9899622  -1.24436382
  13    1.9897712  -1.20784123
  14    1.9819160  -1.01317380
  15    1.9811449  -0.88710194
  16    1.9864770  -0.79011301
  17    1.9759468  -0.77939451
  18    1.9731885  -0.77165314
  19    1.9758078  -0.74939146
  20    1.9760314  -0.74612967
  21    1.9865367  -0.74537294
  22    1.9723589  -0.73762734
  23    1.9729104  -0.72511422
  24    1.9769065  -0.70721455
  25    1.9723123  -0.67745550
  26    1.9724391  -0.65770557
  27    1.9711614  -0.64182429
  28    1.9719587  -0.63105933
  29    1.9747329  -0.60272355
  30    1.9736468  -0.59480610
  31    1.9587287  -0.52431834
  32    1.9610915  -0.49349984
  33    1.9590325  -0.40288003
  34    0.0409675  -0.04069561
  35    0.0389085  -0.04993721
  36    0.0412713  -0.05182211
  37    0.0263532  -0.02568069
  38    0.0252671  -0.02483805
  39    0.0280413  -0.03398748
  40    0.0288386  -0.04065724
  41    0.0275609  -0.03836492
  42    0.0276877  -0.03908005
  43    0.0230935  -0.02522412
  44    0.0270896  -0.03765948
  45    0.0276411  -0.04213296
  46    0.0134633  -0.01726818
  47    0.0239686  -0.02921937
  48    0.0241922  -0.02960831
  49    0.0268115  -0.04146602
  50    0.0240532  -0.03267553
  51    0.0135230  -0.01959164
  52    0.0188551  -0.02290073
  53    0.0180840  -0.02714544
  54    0.0102288  -0.01485262
  55    0.0100378  -0.01946511
  56    0.0101957  -0.02192163
  57    0.0085544  -0.01400874
  58    0.0005247  -0.00884686
  59    0.0005353  -0.00906269
  60    0.0005504  -0.00931617
  61    0.0004921  -0.00850718
  62    0.0003821  -0.00707203
  63    0.0003685  -0.00846234
  64    0.0003486  -0.00824642
  65    0.0001890  -0.00635219
  66    0.0001942  -0.00654387
 
----------------
 Final Energies 
----------------
Final NOF Total Energy =    -452.9953059
 
Total Orbital Internal Iterations = 10
Total Occupation Internal Iterations = 0
 
Elapsed time:   41.30 Seconds

---------------------------------
   Lowdin Population Analysis    
---------------------------------
 Idx  Atom   Population   Charge 
---------------------------------
  1     N     6.459       0.541
  2     N     6.453       0.547
  3     C     6.140      -0.140
  4     C     6.570      -0.570
  5     C     6.004      -0.004
  6     C     6.704      -0.704
  7     C     5.772       0.228
  8     O     7.717       0.283
  9     O     7.759       0.241
 10     H     1.119      -0.119
 11     H     1.110      -0.110
 12     H     1.051      -0.051
 13     H     1.043      -0.043
 14     H     1.046      -0.046
 15     H     1.052      -0.052

---------------------------------
   M Diagnostic: 0.04
---------------------------------

