Computing Integrals
Basis Set                                            = def2-qzvp
Auxiliary Basis Set                                  = def2-universal-jkfit
Gaussian Type                                        = Spherical
Elapsed time:    4.17 Seconds

Number of basis functions                   (NBF)    = 280
Number of auxiliary basis functions         (NBFAUX) = 512
Inactive Doubly occupied orbitals up to     (NO1)    = 0
No. considered Strongly Doubly occupied MOs (NDOC)   = 33
No. considered Strongly Singly occupied MOs (NSOC)   = 0
NO. of Weakly occ. per St. Doubly occ.  MOs (NCWO)   = 1
Dimension of the Nat. Orb. subspace         (NBF5)   = 66
No. of electrons                                     = 66
    No. of alpha electrons                           = 33
    No. of beta electrons                            = 33
Multiplicity                                         = 1

Geometry
========
 P       0.2078209      -1.7674485       0.0000000
Cl      -1.0912817      -1.9676194       1.5825606
Cl      -1.0912817      -1.9676194      -1.5825606
Cl       1.0912817      -3.6237210       0.0000000

No violations of the orthonormality
No violations of the orthonormality
 
PNOF8/ADABelief Calculation
==================
 
  Nitext  Nit_orb  Time   Nit_occ  Time         Eelec          Etot           Ediff      maxdiff    MaxGrad_orb  Grad_occ
     1      10    1.1e+01    0    1.2e+01 -2062.44426964 -1720.63119012 -12061.44426964   0.000612   2.4e-03   2.0e-04 0.03
 
RESULTS OF THE OCCUPATION OPTIMIZATION
========================================
   1    1.9999686  -104.07219010
   2    1.9999678  -103.72081199
   3    1.9999709  -103.34041422
   4    1.9999544  -83.72958377
   5    1.9993721  -10.59748686
   6    1.9993701  -10.59529310
   7    1.9993705  -10.59454120
   8    1.9990385  -8.05217188
   9    1.9990198  -8.04872178
  10    1.9990228  -8.04741714
  11    1.9990287  -8.04671725
  12    1.9990156  -8.04420276
  13    1.9990123  -8.04374756
  14    1.9984304  -8.00302847
  15    1.9984413  -8.00267221
  16    1.9983664  -7.78272419
  17    1.9985490  -7.76875474
  18    1.9979039  -5.64430315
  19    1.9978984  -5.63372544
  20    1.9977728  -5.59881504
  21    1.9902174  -1.09943769
  22    1.9899842  -1.08386059
  23    1.9897892  -1.06478348
  24    1.9912373  -0.97713897
  25    1.9785083  -0.53003010
  26    1.9674340  -0.52907558
  27    1.9782634  -0.52840080
  28    1.9777956  -0.52752307
  29    1.9674942  -0.52581617
  30    1.9672435  -0.51921765
  31    1.9778625  -0.51673218
  32    1.9779571  -0.51671192
  33    1.9782071  -0.51494306
  34    0.0217929  -0.02530423
  35    0.0220429  -0.02638543
  36    0.0221375  -0.02658715
  37    0.0327565  -0.05000553
  38    0.0325058  -0.05002098
  39    0.0222044  -0.02745233
  40    0.0217366  -0.02611309
  41    0.0325660  -0.05010119
  42    0.0214917  -0.02609576
  43    0.0087627  -0.03031010
  44    0.0102108  -0.02637799
  45    0.0100158  -0.02693878
  46    0.0097826  -0.02726096
  47    0.0022272  -0.02286552
  48    0.0021016  -0.02096455
  49    0.0020961  -0.02092712
  50    0.0014510  -0.01835918
  51    0.0016336  -0.02340390
  52    0.0015587  -0.02284901
  53    0.0015696  -0.02290510
  54    0.0009877  -0.01795999
  55    0.0009844  -0.01793755
  56    0.0009713  -0.01788673
  57    0.0009772  -0.01792631
  58    0.0009802  -0.01796112
  59    0.0009615  -0.01769661
  60    0.0006295  -0.01483823
  61    0.0006299  -0.01485820
  62    0.0006279  -0.01483999
  63    0.0000456  -0.00675915
  64    0.0000291  -0.00542539
  65    0.0000322  -0.00586282
  66    0.0000314  -0.00574073
 
----------------
 Final Energies 
----------------
Final NOF Total Energy =   -1720.6311901
 
Total Orbital Internal Iterations = 10
Total Occupation Internal Iterations = 0
 
Elapsed time:   29.78 Seconds

---------------------------------
   Lowdin Population Analysis    
---------------------------------
 Idx  Atom   Population   Charge 
---------------------------------
  1     P    15.638      -0.638
  2    Cl    16.791       0.209
  3    Cl    16.785       0.215
  4    Cl    16.786       0.214

---------------------------------
   M Diagnostic: 0.03
---------------------------------

