Computing Integrals
Basis Set                                            = def2-qzvp
Auxiliary Basis Set                                  = def2-universal-jkfit
Gaussian Type                                        = Spherical
Elapsed time:    3.86 Seconds

Number of basis functions                   (NBF)    = 348
Number of auxiliary basis functions         (NBFAUX) = 376
Inactive Doubly occupied orbitals up to     (NO1)    = 0
No. considered Strongly Doubly occupied MOs (NDOC)   = 16
No. considered Strongly Singly occupied MOs (NSOC)   = 0
NO. of Weakly occ. per St. Doubly occ.  MOs (NCWO)   = 1
Dimension of the Nat. Orb. subspace         (NBF5)   = 32
No. of electrons                                     = 32
    No. of alpha electrons                           = 16
    No. of beta electrons                            = 16
Multiplicity                                         = 1

Geometry
========
 C       0.0000000       0.1550740       0.0000000
 C       1.0603290      -0.9079900       0.0000000
 O       0.1875200       1.3447160       0.0000000
 O      -1.2415770      -0.3849890       0.0000000
 H      -1.8544670       0.3612640       0.0000000
 H       2.0400210      -0.4415430       0.0000000
 H       0.9424650      -1.5400210       0.8795850
 H       0.9424650      -1.5400210      -0.8795850

No violations of the orthonormality
No violations of the orthonormality
 
PNOF8/ADAM Calculation
==================
 
  Nitext  Nit_orb  Time   Nit_occ  Time         Eelec          Etot           Ediff      maxdiff    MaxGrad_orb  Grad_occ
     1      10    1.0e+01   10    1.2e+01  -331.53878158  -210.23233374 -10330.53878158   0.624355   2.5e+00   9.9e-05 0.02
     2      10    1.5e+00   16    3.8e-02  -343.07544482  -221.76899698   -11.53666324   0.439605   1.8e+00   1.5e-04 0.03
     3      10    1.9e+00    8    3.2e-02  -346.87293001  -225.56648217    -3.79748519   0.246556   9.9e-01   2.2e-04 0.04
     4      10    1.4e+00    7    2.8e-02  -348.28081169  -226.97436385    -1.40788168   0.162027   6.5e-01   1.3e-04 0.04
     5      10    1.4e+00    6    2.9e-02  -348.94738034  -227.64093249    -0.66656865   0.129434   5.2e-01   1.8e-04 0.04
     6      10    2.4e+00    5    2.8e-02  -349.27001189  -227.96356405    -0.32263155   0.162592   6.5e-01   3.0e-04 0.04
     7      10    1.9e+00    4    3.8e-02  -349.47525068  -228.16880284    -0.20523879   0.143523   5.7e-01   2.5e-04 0.04
     8      10    1.4e+00    5    3.2e-02  -349.60975413  -228.30330629    -0.13450345   0.197015   7.9e-01   1.5e-04 0.03
     9      10    1.7e+00    3    5.3e-02  -349.69931847  -228.39287063    -0.08956434   0.119458   4.8e-01   1.9e-04 0.03
    10      10    1.4e+00    4    2.8e-02  -349.75501507  -228.44856723    -0.05569660   0.114149   4.6e-01   2.2e-04 0.03
    11      10    1.7e+00    5    3.7e-02  -349.78133664  -228.47488879    -0.02632157   0.178103   7.1e-01   7.9e-05 0.03
    12      10    2.2e+00    3    2.9e-02  -349.79448351  -228.48803566    -0.01314687   0.132353   5.3e-01   1.8e-04 0.03
    13      10    1.6e+00    3    2.7e-02  -349.80329956  -228.49685172    -0.00881606   0.123130   4.9e-01   2.0e-04 0.03
    14      10    1.4e+00    3    3.1e-02  -349.80555735  -228.49910950    -0.00225778   0.169438   6.8e-01   1.6e-04 0.04
    15      10    1.4e+00    3    2.9e-02  -349.80824427  -228.50179642    -0.00268692   0.125430   5.0e-01   1.7e-04 0.04
    16      10    1.6e+00    0    2.8e-02  -349.80837594  -228.50192810    -0.00013168   0.125430   5.0e-01   1.7e-04 0.04
    17      30    5.6e+00    4    2.9e-02  -349.84468397  -228.53823613    -0.03630803   0.005520   2.2e-02   2.1e-04 0.04
    18      30    4.3e+00    2    2.5e-02  -349.84582702  -228.53937918    -0.00114305   0.003470   1.4e-02   2.1e-04 0.04
    19      30    4.8e+00    2    3.1e-02  -349.84634655  -228.53989871    -0.00051953   0.003388   1.4e-02   2.1e-04 0.04
    20      30    4.2e+00    2    2.7e-02  -349.84650379  -228.54005595    -0.00015724   0.005967   2.4e-02   1.9e-04 0.04
    21      30    4.1e+00    1    2.7e-02  -349.84656025  -228.54011241    -0.00005646   0.003084   1.2e-02   2.4e-04 0.04
    22      30    4.7e+00    0    2.8e-02  -349.84656356  -228.54011572    -0.00000331   0.003084   1.2e-02   2.4e-04 0.04
    23      36    5.9e+00    1    3.8e-02  -349.84682903  -228.54038119    -0.00026547   0.000466   1.9e-03   2.3e-04 0.04
 
RESULTS OF THE OCCUPATION OPTIMIZATION
========================================
   1    1.9997772  -20.62404393
   2    1.9998026  -20.58835720
   3    1.9994654  -11.33793414
   4    1.9995956  -11.25891666
   5    1.9911151  -1.37263533
   6    1.9899929  -1.29064908
   7    1.9815028  -0.90735259
   8    1.9864007  -0.76675672
   9    1.9713806  -0.75428824
  10    1.9732403  -0.72810804
  11    1.9733769  -0.71105414
  12    1.9849073  -0.66380803
  13    1.9677591  -0.65870393
  14    1.9747265  -0.60973990
  15    1.9746275  -0.60537805
  16    1.9582950  -0.53142244
  17    0.0417050  -0.05247012
  18    0.0253725  -0.02488299
  19    0.0252735  -0.02490808
  20    0.0322409  -0.04766649
  21    0.0150927  -0.01969749
  22    0.0266231  -0.03416160
  23    0.0267597  -0.04058544
  24    0.0286194  -0.03644572
  25    0.0135993  -0.02113742
  26    0.0184972  -0.02285621
  27    0.0100071  -0.02067642
  28    0.0088849  -0.01749300
  29    0.0004044  -0.00733567
  30    0.0005346  -0.00921483
  31    0.0001974  -0.00665972
  32    0.0002228  -0.00715516
 
----------------
 Final Energies 
----------------
Final NOF Total Energy =    -228.5403812
 
Total Orbital Internal Iterations = 376
Total Occupation Internal Iterations = 97
 
Elapsed time:   93.29 Seconds

---------------------------------
   Lowdin Population Analysis    
---------------------------------
 Idx  Atom   Population   Charge 
---------------------------------
  1     C     6.698      -0.698
  2     C     5.774       0.226
  3     O     7.720       0.280
  4     O     7.362       0.638
  5     H     1.295      -0.295
  6     H     1.050      -0.050
  7     H     1.050      -0.050
  8     H     1.050      -0.050

---------------------------------
   M Diagnostic: 0.04
---------------------------------

