Computing Integrals
Basis Set                                            = def2-qzvp
Auxiliary Basis Set                                  = def2-universal-jkfit
Gaussian Type                                        = Spherical
Elapsed time:    4.26 Seconds

Number of basis functions                   (NBF)    = 201
Number of auxiliary basis functions         (NBFAUX) = 247
Inactive Doubly occupied orbitals up to     (NO1)    = 0
No. considered Strongly Doubly occupied MOs (NDOC)   = 12
No. considered Strongly Singly occupied MOs (NSOC)   = 0
NO. of Weakly occ. per St. Doubly occ.  MOs (NCWO)   = 15
Dimension of the Nat. Orb. subspace         (NBF5)   = 192
No. of electrons                                     = 24
    No. of alpha electrons                           = 12
    No. of beta electrons                            = 12
Multiplicity                                         = 1

Geometry
========
 O       1.3805083      -0.6142758       0.6455369
 O       0.7599964       1.3416513      -0.3841626
 C       0.5623720       0.1724027       0.0942214
 H      -0.5000999      -0.1942600       0.0014523

No violations of the orthonormality
No violations of the orthonormality
 
PNOF8/ADABelief Calculation
==================
 
  Nitext  Nit_orb  Time   Nit_occ  Time         Eelec          Etot           Ediff      maxdiff    MaxGrad_orb  Grad_occ
     1      10    2.6e+01    0    3.0e+01  -250.77666816  -189.03975462 -10249.77666816   0.000746   3.0e-03   1.8e-04 0.03
 
RESULTS OF THE OCCUPATION OPTIMIZATION
========================================
   1    1.9999806  -20.23026008
   2    1.9999797  -19.33823376
   3    1.9999567  -12.16862748
   4    1.9849208  -1.07827770
   5    1.9842941  -1.02358269
   6    1.9763927  -0.53579587
   7    1.9721439  -0.44049984
   8    1.9710012  -0.41410053
   9    1.9795851  -0.38302688
  10    1.9785448  -0.35666247
  11    1.9778069  -0.32810879
  12    1.9650864  -0.23005169
  13    0.0340173  -0.04537401
  14    0.0097152  -0.01519313
  15    0.0079819  -0.01317678
  16    0.0079312  -0.01305940
  17    0.0223657  -0.03614343
  18    0.0236566  -0.03765256
  19    0.0168943  -0.02314374
  20    0.0075129  -0.01869574
  21    0.0074504  -0.01892434
  22    0.0000248  -0.00057382
  23    0.0000152  -0.00053284
  24    0.0000143  -0.00051111
  25    0.0002586  -0.00079895
  26    0.0049916  -0.00881931
  27    0.0049077  -0.00824285
  28    0.0052935  -0.00922035
  29    0.0032377  -0.00717406
  30    0.0032347  -0.00701753
  31    0.0021333  -0.00408091
  32    0.0031380  -0.00746550
  33    0.0031514  -0.00746093
  34    0.0000050  -0.00006008
  35    0.0000019  -0.00002865
  36    0.0000021  -0.00003130
  37    0.0002469  -0.00076135
  38    0.0042708  -0.00780959
  39    0.0042853  -0.00771485
  40    0.0048377  -0.00855202
  41    0.0029078  -0.00644808
  42    0.0003134  -0.00092104
  43    0.0018007  -0.00372348
  44    0.0017290  -0.00648006
  45    0.0017273  -0.00677654
  46    0.0000048  -0.00004914
  47    0.0000017  -0.00006240
  48    0.0000017  -0.00004765
  49    0.0002256  -0.00070114
  50    0.0008349  -0.00320939
  51    0.0013932  -0.00423384
  52    0.0009251  -0.00300843
  53    0.0002257  -0.00069288
  54    0.0002698  -0.00082916
  55    0.0016616  -0.00377477
  56    0.0008737  -0.00285539
  57    0.0006718  -0.00227057
  58    0.0000039  -0.00004375
  59    0.0000003  -0.00003831
  60    0.0000003  -0.00003283
  61    0.0000461  -0.00009759
  62    0.0006704  -0.00187872
  63    0.0007814  -0.00212958
  64    0.0005411  -0.00211468
  65    0.0000625  -0.00022252
  66    0.0001927  -0.00064855
  67    0.0002553  -0.00079984
  68    0.0007817  -0.00292914
  69    0.0006340  -0.00290418
  70    0.0000032  -0.00004434
  71    0.0000003  -0.00001137
  72    0.0000002  -0.00000948
  73    0.0000349  -0.00008774
  74    0.0004735  -0.00136216
  75    0.0006480  -0.00221308
  76    0.0003516  -0.00115719
  77    0.0000518  -0.00018722
  78    0.0000391  -0.00015156
  79    0.0002333  -0.00078171
  80    0.0006146  -0.00301635
  81    0.0004253  -0.00188606
  82    0.0000003  -0.00003640
  83    0.0000002  -0.00000689
  84    0.0000001  -0.00000495
  85    0.0000158  -0.00009304
  86    0.0003688  -0.00130069
  87    0.0004505  -0.00133465
  88    0.0001750  -0.00066562
  89    0.0000339  -0.00014565
  90    0.0000302  -0.00014625
  91    0.0001364  -0.00044406
  92    0.0003128  -0.00158511
  93    0.0003252  -0.00129632
  94    0.0000002  -0.00000728
  95    0.0000001  -0.00000509
  96    0.0000001  -0.00000311
  97    0.0000153  -0.00009374
  98    0.0003178  -0.00094952
  99    0.0003715  -0.00141011
 100    0.0001087  -0.00043773
 101    0.0000271  -0.00011733
 102    0.0000258  -0.00011749
 103    0.0001293  -0.00040132
 104    0.0002680  -0.00092350
 105    0.0002652  -0.00090352
 106    0.0000002  -0.00000604
 107    0.0000001  -0.00000366
 108    0.0000001  -0.00000241
 109    0.0000108  -0.00006227
 110    0.0002913  -0.00084361
 111    0.0002919  -0.00091319
 112    0.0000814  -0.00029429
 113    0.0000166  -0.00010337
 114    0.0000179  -0.00010217
 115    0.0000996  -0.00035742
 116    0.0002251  -0.00103699
 117    0.0001358  -0.00119880
 118    0.0000002  -0.00000533
 119    0.0000001  -0.00000265
 120    0.0000001  -0.00000176
 121    0.0000101  -0.00005059
 122    0.0001405  -0.00047585
 123    0.0001835  -0.00061952
 124    0.0000397  -0.00015409
 125    0.0000151  -0.00009096
 126    0.0000156  -0.00009649
 127    0.0000822  -0.00029917
 128    0.0001070  -0.00108507
 129    0.0001220  -0.00090648
 130    0.0000002  -0.00000500
 131    0.0000001  -0.00000152
 132    0.0000001  -0.00000166
 133    0.0000075  -0.00004322
 134    0.0000368  -0.00015887
 135    0.0000514  -0.00020622
 136    0.0000328  -0.00016782
 137    0.0000139  -0.00008967
 138    0.0000146  -0.00009247
 139    0.0000691  -0.00028473
 140    0.0000548  -0.00025316
 141    0.0000882  -0.00046127
 142    0.0000001  -0.00000436
 143    0.0000001  -0.00000135
 144    0.0000001  -0.00000126
 145    0.0000073  -0.00004216
 146    0.0000233  -0.00012104
 147    0.0000408  -0.00017566
 148    0.0000307  -0.00014572
 149    0.0000132  -0.00007808
 150    0.0000134  -0.00008668
 151    0.0000470  -0.00022124
 152    0.0000286  -0.00016093
 153    0.0000217  -0.00012705
 154    0.0000001  -0.00000375
 155    0.0000001  -0.00000082
 156    0.0000001  -0.00000114
 157    0.0000063  -0.00003820
 158    0.0000207  -0.00011676
 159    0.0000260  -0.00013387
 160    0.0000244  -0.00012414
 161    0.0000118  -0.00007524
 162    0.0000129  -0.00008081
 163    0.0000347  -0.00015727
 164    0.0000208  -0.00012729
 165    0.0000210  -0.00013040
 166    0.0000001  -0.00000359
 167    0.0000001  -0.00000091
 168    0.0000000  -0.00000073
 169    0.0000062  -0.00003735
 170    0.0000199  -0.00011283
 171    0.0000220  -0.00011839
 172    0.0000221  -0.00012355
 173    0.0000082  -0.00004437
 174    0.0000109  -0.00006847
 175    0.0000179  -0.00010856
 176    0.0000198  -0.00012460
 177    0.0000203  -0.00012380
 178    0.0000001  -0.00000195
 179    0.0000000  -0.00000061
 180    0.0000000  -0.00000060
 181    0.0000050  -0.00003178
 182    0.0000176  -0.00011077
 183    0.0000200  -0.00010805
 184    0.0000201  -0.00011218
 185    0.0000077  -0.00004138
 186    0.0000083  -0.00004750
 187    0.0000127  -0.00009337
 188    0.0000191  -0.00011731
 189    0.0000196  -0.00012093
 190    0.0000001  -0.00000204
 191    0.0000000  -0.00000050
 192    0.0000000  -0.00000056
 
----------------
 Final Energies 
----------------
Final NOF Total Energy =    -189.0397546
 
Total Orbital Internal Iterations = 10
Total Occupation Internal Iterations = 0
 
Elapsed time:   75.47 Seconds

---------------------------------
   Lowdin Population Analysis    
---------------------------------
 Idx  Atom   Population   Charge 
---------------------------------
  1     O     7.994       0.006
  2     O     8.016      -0.016
  3     C     6.824      -0.824
  4     H     1.166      -0.166

---------------------------------
   M Diagnostic: 0.03
---------------------------------

