Computing Integrals
Basis Set                                            = def2-qzvp
Auxiliary Basis Set                                  = def2-universal-jkfit
Gaussian Type                                        = Spherical
Elapsed time:    4.48 Seconds

Number of basis functions                   (NBF)    = 280
Number of auxiliary basis functions         (NBFAUX) = 512
Inactive Doubly occupied orbitals up to     (NO1)    = 0
No. considered Strongly Doubly occupied MOs (NDOC)   = 32
No. considered Strongly Singly occupied MOs (NSOC)   = 0
NO. of Weakly occ. per St. Doubly occ.  MOs (NCWO)   = 7
Dimension of the Nat. Orb. subspace         (NBF5)   = 256
No. of electrons                                     = 64
    No. of alpha electrons                           = 32
    No. of beta electrons                            = 32
Multiplicity                                         = 1

Geometry
========
Al       0.0000000       0.0000000       0.0000000
Cl       1.0381030       1.7980471       0.0000000
Cl       1.0381030      -1.7980471       0.0000000
Cl      -2.0762060       0.0000000       0.0000000

No violations of the orthonormality
No violations of the orthonormality
 
PNOF8/ADABelief Calculation
==================
 
  Nitext  Nit_orb  Time   Nit_occ  Time         Eelec          Etot           Ediff      maxdiff    MaxGrad_orb  Grad_occ
     1      10    2.4e+01    0    2.6e+01 -1919.21229928 -1622.64751105 -11918.21229928   0.000785   3.1e-03   1.7e-04 0.02
 
RESULTS OF THE OCCUPATION OPTIMIZATION
========================================
   1    1.9999990  -104.59916451
   2    1.9999990  -104.59471290
   3    1.9999988  -100.21789968
   4    1.9999979  -63.95481856
   5    1.9998178  -10.59411279
   6    1.9998030  -10.59400643
   7    1.9998102  -10.59315991
   8    1.9991310  -8.06683236
   9    1.9989373  -8.06640304
  10    1.9992311  -8.06636947
  11    1.9992774  -8.06597409
  12    1.9992524  -8.06547479
  13    1.9992319  -8.06507085
  14    1.9988166  -8.06346029
  15    1.9986867  -8.06306138
  16    1.9984268  -8.06256241
  17    1.9960187  -5.00796390
  18    1.9936697  -3.32901541
  19    1.9934593  -3.32280576
  20    1.9926186  -3.31650921
  21    1.9837610  -1.12052948
  22    1.9835557  -1.11850177
  23    1.9833657  -1.11714004
  24    1.9731150  -0.59772988
  25    1.9718332  -0.59714453
  26    1.9716176  -0.59356446
  27    1.9706727  -0.51647268
  28    1.9706185  -0.51627258
  29    1.9706722  -0.51584321
  30    1.9713586  -0.51489969
  31    1.9715240  -0.51398494
  32    1.9711513  -0.51374228
  33    0.0107031  -0.01930166
  34    0.0104891  -0.01902598
  35    0.0097569  -0.01816643
  36    0.0110929  -0.02053409
  37    0.0111967  -0.02077987
  38    0.0109386  -0.02059261
  39    0.0174766  -0.03472358
  40    0.0176368  -0.03526272
  41    0.0149087  -0.03280227
  42    0.0061916  -0.02822637
  43    0.0068693  -0.02862166
  44    0.0069294  -0.02890593
  45    0.0033367  -0.01949703
  46    0.0044135  -0.02226358
  47    0.0040995  -0.02837012
  48    0.0026121  -0.01822330
  49    0.0006074  -0.01260022
  50    0.0006628  -0.01235256
  51    0.0009715  -0.01020792
  52    0.0005667  -0.01171231
  53    0.0005351  -0.01107210
  54    0.0005361  -0.01083333
  55    0.0005280  -0.01074374
  56    0.0005096  -0.01101957
  57    0.0007233  -0.01245428
  58    0.0000816  -0.00246388
  59    0.0001125  -0.00148328
  60    0.0001336  -0.00230600
  61    0.0000006  -0.00001563
  62    0.0000007  -0.00003609
  63    0.0000006  -0.00002287
  64    0.0000006  -0.00002511
  65    0.0097703  -0.01747932
  66    0.0096302  -0.01768644
  67    0.0095798  -0.01709611
  68    0.0093295  -0.01687221
  69    0.0093281  -0.01706370
  70    0.0090531  -0.01718557
  71    0.0076014  -0.01643790
  72    0.0075555  -0.01644363
  73    0.0078285  -0.01713582
  74    0.0020630  -0.01065095
  75    0.0021664  -0.01084079
  76    0.0021408  -0.01079597
  77    0.0018281  -0.00902038
  78    0.0018693  -0.00928804
  79    0.0018547  -0.00913039
  80    0.0012412  -0.00855610
  81    0.0004629  -0.01055547
  82    0.0005047  -0.01101081
  83    0.0000875  -0.00112831
  84    0.0001485  -0.00270939
  85    0.0000864  -0.00115579
  86    0.0001125  -0.00151435
  87    0.0001120  -0.00155281
  88    0.0004884  -0.01084304
  89    0.0000778  -0.00179049
  90    0.0000449  -0.00039487
  91    0.0000268  -0.00017689
  92    0.0000234  -0.00016547
  93    0.0000005  -0.00001318
  94    0.0000004  -0.00001165
  95    0.0000003  -0.00001055
  96    0.0000003  -0.00001015
  97    0.0075711  -0.01854271
  98    0.0074234  -0.01876956
  99    0.0073924  -0.01856900
 100    0.0075704  -0.01787440
 101    0.0076023  -0.01792771
 102    0.0075755  -0.01795039
 103    0.0007157  -0.00177625
 104    0.0007182  -0.00179231
 105    0.0023453  -0.00931486
 106    0.0019837  -0.01058674
 107    0.0021386  -0.01086730
 108    0.0021313  -0.01079126
 109    0.0017915  -0.00906355
 110    0.0000685  -0.00081595
 111    0.0002115  -0.00220102
 112    0.0000259  -0.00018773
 113    0.0004560  -0.01046091
 114    0.0000956  -0.00128215
 115    0.0000727  -0.00222870
 116    0.0000165  -0.00027621
 117    0.0000744  -0.00297494
 118    0.0000215  -0.00016068
 119    0.0000897  -0.00183043
 120    0.0000163  -0.00014662
 121    0.0000193  -0.00015404
 122    0.0000194  -0.00015420
 123    0.0000211  -0.00017008
 124    0.0000099  -0.00008950
 125    0.0000003  -0.00000950
 126    0.0000000  -0.00000154
 127    0.0000000  -0.00000118
 128    0.0000000  -0.00000158
 129    0.0003078  -0.00111125
 130    0.0003271  -0.00117105
 131    0.0007412  -0.00181971
 132    0.0006809  -0.00162770
 133    0.0006717  -0.00160799
 134    0.0006515  -0.00157701
 135    0.0006838  -0.00171278
 136    0.0006864  -0.00172426
 137    0.0006768  -0.00173936
 138    0.0019564  -0.01042176
 139    0.0020885  -0.01072898
 140    0.0020393  -0.01044565
 141    0.0003105  -0.00623671
 142    0.0000521  -0.00071482
 143    0.0000512  -0.00030123
 144    0.0000257  -0.00017264
 145    0.0000159  -0.00014990
 146    0.0000168  -0.00014314
 147    0.0000151  -0.00028086
 148    0.0000134  -0.00012190
 149    0.0000175  -0.00016130
 150    0.0000181  -0.00082802
 151    0.0000172  -0.00029744
 152    0.0000158  -0.00086698
 153    0.0000170  -0.00028368
 154    0.0000148  -0.00020886
 155    0.0000144  -0.00048618
 156    0.0000052  -0.00015246
 157    0.0000002  -0.00000689
 158    0.0000000  -0.00000087
 159    0.0000000  -0.00000117
 160    0.0000000  -0.00000105
 161    0.0002557  -0.00098436
 162    0.0002533  -0.00097318
 163    0.0007088  -0.00170800
 164    0.0002769  -0.00103151
 165    0.0003007  -0.00107984
 166    0.0006397  -0.00155155
 167    0.0006767  -0.00166373
 168    0.0006784  -0.00165952
 169    0.0006726  -0.00173657
 170    0.0019427  -0.01035571
 171    0.0020233  -0.01047822
 172    0.0020300  -0.01044838
 173    0.0000450  -0.00025776
 174    0.0000500  -0.00039901
 175    0.0000431  -0.00025752
 176    0.0000257  -0.00025105
 177    0.0000127  -0.00011029
 178    0.0000160  -0.00013783
 179    0.0000144  -0.00012854
 180    0.0000103  -0.00009715
 181    0.0000121  -0.00009802
 182    0.0000136  -0.00021322
 183    0.0000100  -0.00011220
 184    0.0000121  -0.00010486
 185    0.0000121  -0.00014439
 186    0.0000131  -0.00035805
 187    0.0000113  -0.00013969
 188    0.0000042  -0.00004187
 189    0.0000002  -0.00000614
 190    0.0000000  -0.00000082
 191    0.0000000  -0.00000084
 192    0.0000000  -0.00000100
 193    0.0001304  -0.00041409
 194    0.0002251  -0.00077934
 195    0.0003364  -0.00118832
 196    0.0002523  -0.00095738
 197    0.0001625  -0.00063125
 198    0.0002467  -0.00095078
 199    0.0006714  -0.00165930
 200    0.0006772  -0.00165728
 201    0.0002346  -0.00097793
 202    0.0019277  -0.01029000
 203    0.0006189  -0.00195114
 204    0.0006664  -0.00230179
 205    0.0000361  -0.00020569
 206    0.0000468  -0.00027040
 207    0.0000357  -0.00020536
 208    0.0000256  -0.00035679
 209    0.0000096  -0.00008581
 210    0.0000096  -0.00010031
 211    0.0000116  -0.00014329
 212    0.0000084  -0.00008469
 213    0.0000117  -0.00009614
 214    0.0000112  -0.00009752
 215    0.0000065  -0.00007528
 216    0.0000109  -0.00009385
 217    0.0000112  -0.00011659
 218    0.0000101  -0.00010209
 219    0.0000076  -0.00016193
 220    0.0000030  -0.00055992
 221    0.0000002  -0.00000610
 222    0.0000000  -0.00000075
 223    0.0000000  -0.00000085
 224    0.0000000  -0.00000080
 225    0.0001103  -0.00034223
 226    0.0001277  -0.00041991
 227    0.0001258  -0.00039940
 228    0.0001250  -0.00040326
 229    0.0001196  -0.00040208
 230    0.0002223  -0.00089190
 231    0.0005568  -0.00142073
 232    0.0002142  -0.00086114
 233    0.0002185  -0.00094074
 234    0.0005692  -0.00188336
 235    0.0005393  -0.00163049
 236    0.0003017  -0.00149978
 237    0.0000335  -0.00019003
 238    0.0000406  -0.00023189
 239    0.0000346  -0.00019772
 240    0.0000251  -0.00016879
 241    0.0000088  -0.00009209
 242    0.0000079  -0.00007378
 243    0.0000106  -0.00011851
 244    0.0000044  -0.00018287
 245    0.0000103  -0.00008996
 246    0.0000096  -0.00011422
 247    0.0000055  -0.00023698
 248    0.0000096  -0.00008655
 249    0.0000083  -0.00008064
 250    0.0000059  -0.00018009
 251    0.0000032  -0.00062342
 252    0.0000029  -0.00050199
 253    0.0000002  -0.00000595
 254    0.0000000  -0.00000061
 255    0.0000000  -0.00000071
 256    0.0000000  -0.00000067
 
----------------
 Final Energies 
----------------
Final NOF Total Energy =   -1622.6475111
 
Total Orbital Internal Iterations = 10
Total Occupation Internal Iterations = 0
 
Elapsed time:   65.61 Seconds

---------------------------------
   Lowdin Population Analysis    
---------------------------------
 Idx  Atom   Population   Charge 
---------------------------------
  1    Al    14.657      -1.657
  2    Cl    16.447       0.553
  3    Cl    16.447       0.553
  4    Cl    16.448       0.552

---------------------------------
   M Diagnostic: 0.02
---------------------------------

