Computing Integrals
Basis Set                                            = def2-qzvp
Auxiliary Basis Set                                  = def2-universal-jkfit
Gaussian Type                                        = Spherical
Elapsed time:   19.75 Seconds

Number of basis functions                   (NBF)    = 560
Number of auxiliary basis functions         (NBFAUX) = 1024
Inactive Doubly occupied orbitals up to     (NO1)    = 0
No. considered Strongly Doubly occupied MOs (NDOC)   = 64
No. considered Strongly Singly occupied MOs (NSOC)   = 0
NO. of Weakly occ. per St. Doubly occ.  MOs (NCWO)   = 7
Dimension of the Nat. Orb. subspace         (NBF5)   = 512
No. of electrons                                     = 128
    No. of alpha electrons                           = 64
    No. of beta electrons                            = 64
Multiplicity                                         = 1

Geometry
========
Al       0.0000000       0.0000000      -1.5954390
Al       0.0000000       0.0000000       1.5954390
Cl       0.0000000       1.6230790       0.0000000
Cl       0.0000000      -1.6230790       0.0000000
Cl       1.8212280       0.0000000      -2.6042940
Cl      -1.8212280       0.0000000      -2.6042940
Cl      -1.8212280       0.0000000       2.6042940
Cl       1.8212280       0.0000000       2.6042940

No violations of the orthonormality
No violations of the orthonormality
 
PNOF8/ADABelief Calculation
==================
 
  Nitext  Nit_orb  Time   Nit_occ  Time         Eelec          Etot           Ediff      maxdiff    MaxGrad_orb  Grad_occ
     1      10    7.5e+01    0    3.1e+01 -4386.58754041 -3245.35829106 -14385.58754041   0.000499   2.0e-03   2.6e-04 0.03
 
RESULTS OF THE OCCUPATION OPTIMIZATION
========================================
   1    1.9999988  -104.92506447
   2    1.9999988  -104.92478707
   3    1.9999990  -104.92459118
   4    1.9999988  -104.92421907
   5    1.9999988  -104.91277232
   6    1.9999989  -104.91206259
   7    1.9999970  -58.65913276
   8    1.9999972  -58.65864224
   9    1.9998164  -10.60854707
  10    1.9998483  -10.60804457
  11    1.9998372  -10.60373080
  12    1.9998451  -10.60195207
  13    1.9998168  -10.60160339
  14    1.9998412  -10.60131791
  15    1.9994057  -8.12179794
  16    1.9994340  -8.12065420
  17    1.9994139  -8.10700109
  18    1.9994263  -8.10445138
  19    1.9994461  -8.09167009
  20    1.9994839  -8.09051955
  21    1.9995229  -8.08159866
  22    1.9994264  -8.07809645
  23    1.9993406  -8.07486007
  24    1.9992815  -8.07472556
  25    1.9993343  -8.07300711
  26    1.9993236  -8.06986109
  27    1.9992495  -8.06982811
  28    1.9989355  -8.06973858
  29    1.9993739  -8.06948905
  30    1.9993366  -8.06944359
  31    1.9993543  -8.06911872
  32    1.9994125  -8.06638125
  33    1.9966717  -5.01789919
  34    1.9962427  -5.01743490
  35    1.9932832  -3.33531134
  36    1.9930372  -3.33515164
  37    1.9931178  -3.33436349
  38    1.9921769  -3.33289584
  39    1.9930073  -3.33286519
  40    1.9922391  -3.32984807
  41    1.9834200  -1.14013346
  42    1.9831086  -1.13670889
  43    1.9834370  -1.13584807
  44    1.9827708  -1.13371363
  45    1.9826937  -1.13133593
  46    1.9819360  -1.12820607
  47    1.9761622  -0.62973868
  48    1.9732845  -0.62592672
  49    1.9705008  -0.61281993
  50    1.9721021  -0.60966680
  51    1.9722549  -0.60422934
  52    1.9718394  -0.58912572
  53    1.9711284  -0.58577903
  54    1.9703595  -0.57590400
  55    1.9711047  -0.56514084
  56    1.9681524  -0.56506371
  57    1.9731433  -0.52011811
  58    1.9707935  -0.51115046
  59    1.9712796  -0.51029420
  60    1.9709748  -0.51020067
  61    1.9733983  -0.50991628
  62    1.9707671  -0.50982106
  63    1.9681047  -0.50973110
  64    1.9681102  -0.50805057
  65    0.0105893  -0.01789112
  66    0.0086815  -0.01709123
  67    0.0107023  -0.01977465
  68    0.0106760  -0.01938429
  69    0.0108505  -0.01994160
  70    0.0094795  -0.01791125
  71    0.0109960  -0.02053851
  72    0.0142217  -0.02527008
  73    0.0102455  -0.01785675
  74    0.0104198  -0.01849670
  75    0.0179409  -0.03535250
  76    0.0185384  -0.03628422
  77    0.0153634  -0.03348789
  78    0.0093662  -0.01841057
  79    0.0167742  -0.03169669
  80    0.0179303  -0.03488007
  81    0.0149922  -0.03168310
  82    0.0123342  -0.03150715
  83    0.0050255  -0.02503062
  84    0.0060177  -0.02755004
  85    0.0054222  -0.02681374
  86    0.0057588  -0.02841120
  87    0.0056183  -0.02826696
  88    0.0057888  -0.02854584
  89    0.0037805  -0.02013148
  90    0.0036448  -0.01972551
  91    0.0037744  -0.02019196
  92    0.0043042  -0.02794792
  93    0.0042984  -0.02799355
  94    0.0037242  -0.02035567
  95    0.0025636  -0.01782775
  96    0.0008568  -0.01114607
  97    0.0004430  -0.00975382
  98    0.0004187  -0.00928962
  99    0.0005195  -0.01073899
 100    0.0005232  -0.01068734
 101    0.0004813  -0.01059426
 102    0.0004923  -0.01043418
 103    0.0005013  -0.01073910
 104    0.0004820  -0.01022814
 105    0.0005049  -0.01059626
 106    0.0004909  -0.01037612
 107    0.0004891  -0.01030369
 108    0.0002436  -0.00452628
 109    0.0002820  -0.00610154
 110    0.0002969  -0.00641274
 111    0.0004119  -0.00918710
 112    0.0005038  -0.01056758
 113    0.0004725  -0.01014438
 114    0.0005048  -0.01065395
 115    0.0000257  -0.00021161
 116    0.0000712  -0.00110057
 117    0.0000923  -0.00119103
 118    0.0000818  -0.00181696
 119    0.0000294  -0.00029192
 120    0.0000767  -0.00179546
 121    0.0000013  -0.00010187
 122    0.0000017  -0.00022279
 123    0.0000003  -0.00001000
 124    0.0000003  -0.00001194
 125    0.0000003  -0.00001190
 126    0.0000005  -0.00002139
 127    0.0000002  -0.00000781
 128    0.0000002  -0.00000915
 129    0.0102217  -0.01748313
 130    0.0083071  -0.01611254
 131    0.0092910  -0.01738653
 132    0.0105666  -0.01802798
 133    0.0094605  -0.01791317
 134    0.0093699  -0.01679155
 135    0.0093523  -0.01762471
 136    0.0087930  -0.01898140
 137    0.0102188  -0.01797326
 138    0.0099611  -0.01782728
 139    0.0093202  -0.01720804
 140    0.0083325  -0.01646873
 141    0.0083371  -0.01699481
 142    0.0092792  -0.01766478
 143    0.0080637  -0.01724467
 144    0.0097817  -0.01771918
 145    0.0070358  -0.01733198
 146    0.0053599  -0.01869457
 147    0.0041168  -0.01837745
 148    0.0054364  -0.02072063
 149    0.0039641  -0.01794203
 150    0.0020395  -0.01076530
 151    0.0019580  -0.01062484
 152    0.0020274  -0.01076639
 153    0.0017355  -0.00893969
 154    0.0018082  -0.00899244
 155    0.0017936  -0.00885619
 156    0.0017957  -0.00909393
 157    0.0018487  -0.00904997
 158    0.0018904  -0.00901309
 159    0.0009253  -0.01244522
 160    0.0007835  -0.01079230
 161    0.0000806  -0.00288770
 162    0.0001085  -0.00138501
 163    0.0000784  -0.00249923
 164    0.0000209  -0.00016042
 165    0.0004763  -0.01049143
 166    0.0002042  -0.00409541
 167    0.0000981  -0.00121709
 168    0.0001049  -0.00131955
 169    0.0000945  -0.00113183
 170    0.0000759  -0.00106274
 171    0.0000246  -0.00017036
 172    0.0001041  -0.00122370
 173    0.0000954  -0.00118584
 174    0.0001916  -0.00407742
 175    0.0000782  -0.00263845
 176    0.0000210  -0.00018157
 177    0.0000247  -0.00017710
 178    0.0000203  -0.00016095
 179    0.0000239  -0.00017193
 180    0.0000212  -0.00016307
 181    0.0000232  -0.00017567
 182    0.0000236  -0.00017105
 183    0.0000245  -0.00020156
 184    0.0000212  -0.00016676
 185    0.0000011  -0.00006189
 186    0.0000011  -0.00006615
 187    0.0000002  -0.00000808
 188    0.0000003  -0.00000998
 189    0.0000003  -0.00001095
 190    0.0000005  -0.00001870
 191    0.0000002  -0.00000759
 192    0.0000002  -0.00000753
 193    0.0097980  -0.01669925
 194    0.0080754  -0.01547130
 195    0.0075795  -0.01827988
 196    0.0027834  -0.00946457
 197    0.0077004  -0.01832417
 198    0.0075152  -0.01902131
 199    0.0076650  -0.01815745
 200    0.0008060  -0.00186340
 201    0.0100909  -0.01750526
 202    0.0072167  -0.01907074
 203    0.0007166  -0.00174390
 204    0.0006999  -0.00169232
 205    0.0023524  -0.00884457
 206    0.0071351  -0.01966564
 207    0.0007520  -0.00175238
 208    0.0007309  -0.00174234
 209    0.0024869  -0.00906622
 210    0.0022478  -0.00942250
 211    0.0018071  -0.01008919
 212    0.0021066  -0.01071385
 213    0.0019148  -0.01046744
 214    0.0020255  -0.01070257
 215    0.0019170  -0.01042307
 216    0.0019389  -0.01060715
 217    0.0017192  -0.00894364
 218    0.0011603  -0.01314323
 219    0.0017626  -0.00886181
 220    0.0003044  -0.00417096
 221    0.0002133  -0.00194190
 222    0.0003534  -0.00651000
 223    0.0001231  -0.00116904
 224    0.0007502  -0.00990684
 225    0.0000196  -0.00015849
 226    0.0000749  -0.00148228
 227    0.0000199  -0.00015273
 228    0.0000197  -0.00015785
 229    0.0000718  -0.00232575
 230    0.0000168  -0.00049594
 231    0.0000200  -0.00015717
 232    0.0000196  -0.00015043
 233    0.0000781  -0.00269529
 234    0.0000367  -0.00025943
 235    0.0000180  -0.00030774
 236    0.0000268  -0.00021592
 237    0.0000880  -0.00178615
 238    0.0000177  -0.00028886
 239    0.0000214  -0.00016933
 240    0.0000180  -0.00072101
 241    0.0000175  -0.00047767
 242    0.0000185  -0.00031144
 243    0.0000236  -0.00022941
 244    0.0000202  -0.00016015
 245    0.0000224  -0.00017643
 246    0.0000210  -0.00016053
 247    0.0000244  -0.00017305
 248    0.0000205  -0.00016616
 249    0.0000001  -0.00000395
 250    0.0000001  -0.00000262
 251    0.0000002  -0.00000704
 252    0.0000002  -0.00000887
 253    0.0000002  -0.00000830
 254    0.0000000  -0.00000104
 255    0.0000002  -0.00000690
 256    0.0000002  -0.00000712
 257    0.0006655  -0.00156290
 258    0.0065453  -0.01730838
 259    0.0006461  -0.00155300
 260    0.0007889  -0.00185866
 261    0.0006561  -0.00156718
 262    0.0007268  -0.00174570
 263    0.0006458  -0.00154942
 264    0.0007928  -0.00182388
 265    0.0007110  -0.00169000
 266    0.0007199  -0.00173029
 267    0.0007086  -0.00172328
 268    0.0006965  -0.00168838
 269    0.0006751  -0.00175786
 270    0.0007483  -0.00187492
 271    0.0007404  -0.00173664
 272    0.0007189  -0.00172371
 273    0.0006653  -0.00168397
 274    0.0021151  -0.00931716
 275    0.0017967  -0.01015317
 276    0.0020019  -0.01057073
 277    0.0019007  -0.01043387
 278    0.0019322  -0.01047809
 279    0.0018683  -0.01038731
 280    0.0019094  -0.01052095
 281    0.0002123  -0.00151944
 282    0.0001913  -0.00218524
 283    0.0003504  -0.00645645
 284    0.0001501  -0.00113480
 285    0.0001677  -0.00123550
 286    0.0002825  -0.00357001
 287    0.0000396  -0.00090282
 288    0.0007266  -0.01033309
 289    0.0000132  -0.00010099
 290    0.0000144  -0.00012733
 291    0.0000194  -0.00015476
 292    0.0000188  -0.00016903
 293    0.0000104  -0.00010103
 294    0.0000112  -0.00011480
 295    0.0000176  -0.00013873
 296    0.0000195  -0.00015836
 297    0.0000132  -0.00009944
 298    0.0000162  -0.00015321
 299    0.0000124  -0.00009783
 300    0.0000266  -0.00018663
 301    0.0000165  -0.00013913
 302    0.0000159  -0.00022278
 303    0.0000181  -0.00013794
 304    0.0000138  -0.00011169
 305    0.0000151  -0.00011955
 306    0.0000167  -0.00016126
 307    0.0000232  -0.00017094
 308    0.0000191  -0.00024340
 309    0.0000074  -0.00010870
 310    0.0000161  -0.00018702
 311    0.0000240  -0.00022351
 312    0.0000191  -0.00018780
 313    0.0000001  -0.00000302
 314    0.0000000  -0.00000162
 315    0.0000002  -0.00000605
 316    0.0000002  -0.00000652
 317    0.0000002  -0.00000681
 318    0.0000000  -0.00000078
 319    0.0000002  -0.00000632
 320    0.0000002  -0.00000636
 321    0.0002496  -0.00090165
 322    0.0001024  -0.00032366
 323    0.0006451  -0.00154829
 324    0.0007687  -0.00177906
 325    0.0001280  -0.00040116
 326    0.0007054  -0.00167857
 327    0.0002610  -0.00094311
 328    0.0007861  -0.00181810
 329    0.0002555  -0.00092828
 330    0.0003559  -0.00114369
 331    0.0005825  -0.00148598
 332    0.0002442  -0.00092219
 333    0.0006678  -0.00174213
 334    0.0007044  -0.00178142
 335    0.0006830  -0.00166265
 336    0.0001199  -0.00037804
 337    0.0006616  -0.00167877
 338    0.0006086  -0.00172558
 339    0.0017842  -0.01013058
 340    0.0008042  -0.00342455
 341    0.0018790  -0.01029893
 342    0.0019074  -0.01039645
 343    0.0018550  -0.00997983
 344    0.0018920  -0.01034931
 345    0.0001914  -0.00288511
 346    0.0000749  -0.00063575
 347    0.0000495  -0.00026739
 348    0.0001475  -0.00103511
 349    0.0001510  -0.00113785
 350    0.0001681  -0.00132814
 351    0.0000372  -0.00022636
 352    0.0001174  -0.00114556
 353    0.0000130  -0.00010051
 354    0.0000138  -0.00012756
 355    0.0000125  -0.00009809
 356    0.0000177  -0.00085740
 357    0.0000095  -0.00009494
 358    0.0000104  -0.00008850
 359    0.0000141  -0.00010554
 360    0.0000144  -0.00010585
 361    0.0000109  -0.00012603
 362    0.0000161  -0.00018055
 363    0.0000111  -0.00009296
 364    0.0000266  -0.00019650
 365    0.0000144  -0.00042560
 366    0.0000114  -0.00011014
 367    0.0000167  -0.00014192
 368    0.0000123  -0.00013568
 369    0.0000143  -0.00011492
 370    0.0000124  -0.00011462
 371    0.0000226  -0.00019953
 372    0.0000187  -0.00024298
 373    0.0000036  -0.00060204
 374    0.0000126  -0.00014850
 375    0.0000236  -0.00017915
 376    0.0000174  -0.00018636
 377    0.0000001  -0.00000282
 378    0.0000000  -0.00000121
 379    0.0000001  -0.00000522
 380    0.0000001  -0.00000478
 381    0.0000001  -0.00000444
 382    0.0000000  -0.00000072
 383    0.0000001  -0.00000582
 384    0.0000001  -0.00000566
 385    0.0002408  -0.00087412
 386    0.0000962  -0.00029876
 387    0.0002540  -0.00095198
 388    0.0007404  -0.00166895
 389    0.0001167  -0.00035248
 390    0.0006705  -0.00158910
 391    0.0001645  -0.00052608
 392    0.0007299  -0.00164171
 393    0.0002286  -0.00087038
 394    0.0001145  -0.00037057
 395    0.0002591  -0.00096394
 396    0.0002370  -0.00093111
 397    0.0005359  -0.00142796
 398    0.0002575  -0.00102094
 399    0.0006356  -0.00160566
 400    0.0001143  -0.00035678
 401    0.0006433  -0.00165200
 402    0.0006053  -0.00173202
 403    0.0017815  -0.01001360
 404    0.0006149  -0.00223228
 405    0.0018541  -0.01029793
 406    0.0018921  -0.01038378
 407    0.0018411  -0.01023057
 408    0.0018827  -0.01024936
 409    0.0000747  -0.00043568
 410    0.0000644  -0.00063790
 411    0.0000474  -0.00025043
 412    0.0001238  -0.00104778
 413    0.0001482  -0.00101591
 414    0.0001528  -0.00120849
 415    0.0000351  -0.00021331
 416    0.0000568  -0.00127406
 417    0.0000105  -0.00014785
 418    0.0000089  -0.00008662
 419    0.0000082  -0.00007519
 420    0.0000133  -0.00010356
 421    0.0000077  -0.00010187
 422    0.0000096  -0.00010214
 423    0.0000140  -0.00010413
 424    0.0000132  -0.00010122
 425    0.0000095  -0.00011376
 426    0.0000126  -0.00009645
 427    0.0000107  -0.00011542
 428    0.0000256  -0.00018356
 429    0.0000124  -0.00013724
 430    0.0000106  -0.00022659
 431    0.0000142  -0.00015632
 432    0.0000094  -0.00014770
 433    0.0000112  -0.00010361
 434    0.0000112  -0.00011982
 435    0.0000217  -0.00021266
 436    0.0000177  -0.00045528
 437    0.0000030  -0.00058250
 438    0.0000044  -0.00053444
 439    0.0000225  -0.00035180
 440    0.0000158  -0.00033282
 441    0.0000001  -0.00000281
 442    0.0000000  -0.00000119
 443    0.0000001  -0.00000409
 444    0.0000001  -0.00000278
 445    0.0000001  -0.00000298
 446    0.0000000  -0.00000064
 447    0.0000001  -0.00000524
 448    0.0000001  -0.00000470
 449    0.0001250  -0.00037710
 450    0.0000872  -0.00026740
 451    0.0001150  -0.00036727
 452    0.0002775  -0.00101500
 453    0.0001130  -0.00034039
 454    0.0002531  -0.00096472
 455    0.0001218  -0.00038662
 456    0.0007273  -0.00164612
 457    0.0000974  -0.00029600
 458    0.0001073  -0.00031669
 459    0.0001127  -0.00033310
 460    0.0001231  -0.00039449
 461    0.0002290  -0.00092303
 462    0.0002544  -0.00099736
 463    0.0002492  -0.00095770
 464    0.0001031  -0.00031711
 465    0.0002304  -0.00095865
 466    0.0005670  -0.00159742
 467    0.0017522  -0.00986008
 468    0.0003245  -0.00149762
 469    0.0002943  -0.00143648
 470    0.0010076  -0.00744741
 471    0.0018338  -0.01017487
 472    0.0011409  -0.00852513
 473    0.0000473  -0.00025731
 474    0.0000489  -0.00026249
 475    0.0000452  -0.00023429
 476    0.0000566  -0.00031340
 477    0.0001354  -0.00099326
 478    0.0001454  -0.00105162
 479    0.0000334  -0.00021433
 480    0.0000368  -0.00040887
 481    0.0000077  -0.00008075
 482    0.0000064  -0.00028757
 483    0.0000054  -0.00038257
 484    0.0000125  -0.00011668
 485    0.0000075  -0.00007679
 486    0.0000059  -0.00029781
 487    0.0000112  -0.00011006
 488    0.0000121  -0.00010897
 489    0.0000075  -0.00012766
 490    0.0000111  -0.00009606
 491    0.0000075  -0.00010590
 492    0.0000238  -0.00030796
 493    0.0000074  -0.00010822
 494    0.0000100  -0.00010094
 495    0.0000132  -0.00011794
 496    0.0000079  -0.00013502
 497    0.0000107  -0.00013106
 498    0.0000103  -0.00019367
 499    0.0000180  -0.00067914
 500    0.0000149  -0.00019436
 501    0.0000029  -0.00056833
 502    0.0000034  -0.00061664
 503    0.0000034  -0.00062010
 504    0.0000130  -0.00034445
 505    0.0000001  -0.00000257
 506    0.0000000  -0.00000111
 507    0.0000001  -0.00000364
 508    0.0000001  -0.00000242
 509    0.0000000  -0.00000218
 510    0.0000000  -0.00000061
 511    0.0000001  -0.00000503
 512    0.0000001  -0.00000446
 
----------------
 Final Energies 
----------------
Final NOF Total Energy =   -3245.3582911
 
Total Orbital Internal Iterations = 10
Total Occupation Internal Iterations = 0
 
Elapsed time:  139.74 Seconds

---------------------------------
   Lowdin Population Analysis    
---------------------------------
 Idx  Atom   Population   Charge 
---------------------------------
  1    Al    15.052      -2.052
  2    Al    15.052      -2.052
  3    Cl    16.080       0.920
  4    Cl    16.075       0.925
  5    Cl    16.432       0.568
  6    Cl    16.434       0.566
  7    Cl    16.437       0.563
  8    Cl    16.437       0.563

---------------------------------
   M Diagnostic: 0.03
---------------------------------

