Computing Integrals
Basis Set                                            = def2-qzvp
Auxiliary Basis Set                                  = def2-universal-jkfit
Gaussian Type                                        = Spherical
Elapsed time:    2.67 Seconds

Number of basis functions                   (NBF)    = 130
Number of auxiliary basis functions         (NBFAUX) = 164
Inactive Doubly occupied orbitals up to     (NO1)    = 0
No. considered Strongly Doubly occupied MOs (NDOC)   = 9
No. considered Strongly Singly occupied MOs (NSOC)   = 1
NO. of Weakly occ. per St. Doubly occ.  MOs (NCWO)   = 13
Dimension of the Nat. Orb. subspace         (NBF5)   = 127
No. of electrons                                     = 19
    No. of alpha electrons                           = 10
    No. of beta electrons                            = 9
Multiplicity                                         = 2

Geometry
========
 H       0.0000000       0.0000000      -0.2566159
Cl       0.0000000       0.0000000       1.2872646
 H       0.0000000       0.0000000      -1.0306487

No violations of the orthonormality
No violations of the orthonormality
 
PNOF8/ADABelief Calculation
==================
 
  Nitext  Nit_orb  Time   Nit_occ  Time         Eelec          Etot           Ediff      maxdiff    MaxGrad_orb  Grad_occ
     1      10    2.2e+01    0    2.5e+01  -471.55095491  -461.15934710 -10470.55095491   0.000926   3.7e-03   1.9e-04 0.02
 
RESULTS OF THE OCCUPATION OPTIMIZATION
========================================
   1    1.9999986  -104.91972092
   2    1.9996162  -10.60637485
   3    1.9993415  -8.07836781
   4    1.9993405  -8.07563473
   5    1.9993924  -8.07500527
   6    1.9809399  -1.11016379
   7    1.9678166  -0.65606723
   8    1.9780330  -0.54463978
   9    1.9665876  -0.50302160
  10    1.0000000  -0.26055871
  11    0.0108795  -0.01785965
  12    0.0068833  -0.01982075
  13    0.0156079  -0.02170877
  14    0.0066821  -0.02793476
  15    0.0004771  -0.01060780
  16    0.0005941  -0.01283825
  17    0.0004710  -0.01049478
  18    0.0003475  -0.00880521
  19    0.0000014  -0.00008242
  20    0.0107092  -0.01762283
  21    0.0065460  -0.01903300
  22    0.0099008  -0.01492162
  23    0.0054370  -0.01736119
  24    0.0000792  -0.00108326
  25    0.0000157  -0.00012130
  26    0.0000879  -0.00110671
  27    0.0000129  -0.00030612
  28    0.0000000  -0.00000018
  29    0.0097660  -0.01606844
  30    0.0030699  -0.01174834
  31    0.0020313  -0.00352268
  32    0.0019830  -0.01001860
  33    0.0000155  -0.00086379
  34    0.0000103  -0.00009210
  35    0.0000773  -0.00318825
  36    0.0000063  -0.00006858
  37    0.0000000  -0.00000011
  38    0.0005732  -0.00132500
  39    0.0021621  -0.00961011
  40    0.0017567  -0.00261005
  41    0.0019512  -0.01001134
  42    0.0000116  -0.00009829
  43    0.0000096  -0.00008565
  44    0.0000063  -0.00006367
  45    0.0000047  -0.00005205
  46    0.0000000  -0.00000010
  47    0.0005453  -0.00125874
  48    0.0013611  -0.00599238
  49    0.0015332  -0.00257575
  50    0.0018845  -0.00980755
  51    0.0000068  -0.00007193
  52    0.0000093  -0.00008411
  53    0.0000055  -0.00006794
  54    0.0000037  -0.00041343
  55    0.0000000  -0.00000005
  56    0.0005417  -0.00122207
  57    0.0006369  -0.00165575
  58    0.0006274  -0.00133696
  59    0.0004891  -0.00146962
  60    0.0000056  -0.00005801
  61    0.0000083  -0.00008749
  62    0.0000032  -0.00012231
  63    0.0000033  -0.00003612
  64    0.0000000  -0.00000004
  65    0.0001445  -0.00041148
  66    0.0006342  -0.00164039
  67    0.0002444  -0.00072070
  68    0.0002532  -0.00123900
  69    0.0000053  -0.00005339
  70    0.0000075  -0.00007419
  71    0.0000021  -0.00002397
  72    0.0000027  -0.00005336
  73    0.0000000  -0.00000004
  74    0.0001323  -0.00041769
  75    0.0002439  -0.00096693
  76    0.0002438  -0.00082169
  77    0.0001570  -0.00078127
  78    0.0000022  -0.00006378
  79    0.0000023  -0.00002368
  80    0.0000021  -0.00002416
  81    0.0000012  -0.00000674
  82    0.0000000  -0.00000003
  83    0.0000595  -0.00017922
  84    0.0002415  -0.00091319
  85    0.0000669  -0.00018165
  86    0.0001015  -0.00053664
  87    0.0000021  -0.00002598
  88    0.0000014  -0.00000884
  89    0.0000014  -0.00000875
  90    0.0000010  -0.00000561
  91    0.0000000  -0.00000002
  92    0.0000526  -0.00015116
  93    0.0000660  -0.00020740
  94    0.0000624  -0.00018183
  95    0.0000580  -0.00020809
  96    0.0000013  -0.00000881
  97    0.0000005  -0.00000305
  98    0.0000007  -0.00000523
  99    0.0000001  -0.00000072
 100    0.0000000  -0.00000001
 101    0.0000038  -0.00002710
 102    0.0000628  -0.00019588
 103    0.0000604  -0.00015835
 104    0.0000550  -0.00019896
 105    0.0000004  -0.00000278
 106    0.0000003  -0.00000164
 107    0.0000006  -0.00000318
 108    0.0000001  -0.00000040
 109    0.0000000  -0.00000001
 110    0.0000032  -0.00001156
 111    0.0000485  -0.00017984
 112    0.0000450  -0.00015504
 113    0.0000045  -0.00004425
 114    0.0000002  -0.00000150
 115    0.0000002  -0.00000099
 116    0.0000003  -0.00000193
 117    0.0000001  -0.00000040
 118    0.0000000  -0.00000001
 119    0.0000016  -0.00000548
 120    0.0000108  -0.00007796
 121    0.0000032  -0.00001130
 122    0.0000041  -0.00003956
 123    0.0000002  -0.00000104
 124    0.0000002  -0.00000076
 125    0.0000003  -0.00000127
 126    0.0000001  -0.00000044
 127    0.0000000  -0.00000001
 
----------------
 Final Energies 
----------------
Final NOF Total Energy =    -461.1593471
 
Total Orbital Internal Iterations = 10
Total Occupation Internal Iterations = 0
 
Elapsed time:   61.06 Seconds

---------------------------------
   Lowdin Population Analysis    
---------------------------------
 Idx  Atom   Population   Charge 
---------------------------------
  1     H     1.317      -0.317
  2    Cl    16.793       0.207
  3     H     0.889       0.111

---------------------------------
   M Diagnostic: 0.02
---------------------------------

