Computing Integrals
Basis Set                                            = def2-qzvp
Auxiliary Basis Set                                  = def2-universal-jkfit
Gaussian Type                                        = Spherical
Elapsed time:    3.15 Seconds

Number of basis functions                   (NBF)    = 171
Number of auxiliary basis functions         (NBFAUX) = 231
Inactive Doubly occupied orbitals up to     (NO1)    = 0
No. considered Strongly Doubly occupied MOs (NDOC)   = 11
No. considered Strongly Singly occupied MOs (NSOC)   = 0
NO. of Weakly occ. per St. Doubly occ.  MOs (NCWO)   = 14
Dimension of the Nat. Orb. subspace         (NBF5)   = 165
No. of electrons                                     = 22
    No. of alpha electrons                           = 11
    No. of beta electrons                            = 11
Multiplicity                                         = 1

Geometry
========
 N       0.0000000       0.0000000      -1.1427267
 N       0.0000000       0.0000000      -0.0221616
 O       0.0000000       0.0000000       1.1648883

No violations of the orthonormality
No violations of the orthonormality
 
PNOF8/ADAM Calculation
==================
 
  Nitext  Nit_orb  Time   Nit_occ  Time         Eelec          Etot           Ediff      maxdiff    MaxGrad_orb  Grad_occ
     1      10    1.1e+01   19    1.3e+01  -233.72972230  -172.78387612 -10232.72972230   0.925032   3.7e+00   1.8e-04 0.00
     2      10    1.5e+00   69    2.3e+00  -240.70729978  -179.76145361    -6.97757749   0.497392   2.0e+00   1.8e-04 0.02
     3      10    1.5e+00   40    1.4e+00  -243.41348184  -182.46763567    -2.70618206   0.518562   2.1e+00   2.4e-04 0.03
     4      10    1.5e+00   26    9.2e-01  -244.27924711  -183.33340093    -0.86576526   0.205273   8.2e-01   2.1e-04 0.03
     5      10    1.6e+00   18    7.0e-01  -244.65866865  -183.71282248    -0.37942155   0.189153   7.6e-01   2.3e-04 0.03
     6      10    1.5e+00   19    6.8e-01  -244.87093399  -183.92508781    -0.21226533   0.143612   5.7e-01   2.1e-04 0.04
     7      10    1.5e+00   16    5.9e-01  -245.04701616  -184.10116998    -0.17608217   0.164634   6.6e-01   2.4e-04 0.04
     8      10    1.5e+00   14    5.4e-01  -245.15662841  -184.21078224    -0.10961226   0.220102   8.8e-01   2.1e-04 0.04
     9      10    1.5e+00   11    4.5e-01  -245.24583490  -184.29998872    -0.08920648   0.142737   5.7e-01   2.4e-04 0.04
    10      10    1.5e+00   15    5.9e-01  -245.28991283  -184.34406665    -0.04407793   0.205803   8.2e-01   2.2e-04 0.04
    11      10    1.5e+00   11    4.3e-01  -245.33561959  -184.38977341    -0.04570676   0.111878   4.5e-01   2.3e-04 0.04
    12      10    1.5e+00   11    4.4e-01  -245.34727041  -184.40142423    -0.01165082   0.116942   4.7e-01   2.3e-04 0.04
    13      10    1.8e+00   11    4.1e-01  -245.37785107  -184.43200490    -0.03058067   0.148842   6.0e-01   2.1e-04 0.04
    14      10    1.5e+00   14    5.7e-01  -245.38334303  -184.43749686    -0.00549196   0.174210   7.0e-01   1.9e-04 0.04
    15      10    1.5e+00    5    2.6e-01  -245.39599183  -184.45014565    -0.01264879   0.497463   2.0e+00   2.1e-04 0.04
    16      10    1.5e+00    0    7.0e-02  -245.39603504  -184.45018886    -0.00004321   0.497463   2.0e+00   2.1e-04 0.04
    17      30    4.7e+00    8    3.8e-01  -245.44949151  -184.50364534    -0.05345648   0.007155   2.9e-02   2.7e-04 0.04
    18      30    5.0e+00    7    3.3e-01  -245.45073505  -184.50488887    -0.00124354   0.004242   1.7e-02   2.8e-04 0.04
    19      30    4.9e+00    9    4.0e-01  -245.45093690  -184.50509073    -0.00020185   0.004937   2.0e-02   1.7e-04 0.04
    20      30    4.5e+00   10    4.4e-01  -245.45118523  -184.50533906    -0.00024833   0.005047   2.0e-02   1.9e-04 0.04
    21      30    4.7e+00    7    3.1e-01  -245.45150867  -184.50566249    -0.00032343   0.004375   1.8e-02   2.1e-04 0.04
    22      30    4.8e+00    7    3.2e-01  -245.45190404  -184.50605786    -0.00039537   0.004446   1.8e-02   1.8e-04 0.04
    23      30    4.6e+00    7    3.4e-01  -245.45220307  -184.50635689    -0.00029903   0.004693   1.9e-02   2.2e-04 0.04
    24      30    4.6e+00    7    3.3e-01  -245.45249240  -184.50664623    -0.00028933   0.005095   2.0e-02   2.2e-04 0.04
    25      30    4.5e+00   13    5.4e-01  -245.45269448  -184.50684830    -0.00020208   0.004213   1.7e-02   1.8e-04 0.04
    26      30    4.6e+00    4    1.9e-01  -245.45280228  -184.50695610    -0.00010780   0.005372   2.1e-02   2.1e-04 0.04
    27      30    4.5e+00    7    3.3e-01  -245.45296211  -184.50711593    -0.00015983   0.004488   1.8e-02   1.7e-04 0.04
    28      30    4.5e+00    9    4.1e-01  -245.45310178  -184.50725561    -0.00013968   0.005583   2.2e-02   1.6e-04 0.04
    29      30    4.6e+00    4    2.1e-01  -245.45320430  -184.50735812    -0.00010252   0.006989   2.8e-02   2.0e-04 0.04
    30      30    4.5e+00    7    3.2e-01  -245.45329903  -184.50745286    -0.00009473   0.005727   2.3e-02   2.1e-04 0.04
    31      30    4.8e+00    0    7.7e-02  -245.45332765  -184.50748147    -0.00002862   0.005726   2.3e-02   2.1e-04 0.04
    32      50    7.5e+00    0    7.4e-02  -245.45379995  -184.50795378    -0.00047231   0.000901   3.6e-03   2.3e-04 0.04
 
RESULTS OF THE OCCUPATION OPTIMIZATION
========================================
   1    1.9999749  -19.04292762
   2    1.9999526  -16.65015462
   3    1.9999519  -16.51255678
   4    1.9870273  -1.55872573
   5    1.9861437  -1.34947406
   6    1.9806108  -0.88456691
   7    1.9780128  -0.83222352
   8    1.9709391  -0.81233988
   9    1.9779908  -0.75449761
  10    1.9617408  -0.56252707
  11    1.9619866  -0.55843556
  12    0.0348185  -0.05524470
  13    0.0354196  -0.05584998
  14    0.0060907  -0.01306936
  15    0.0259413  -0.05027125
  16    0.0155375  -0.02937110
  17    0.0068099  -0.01733900
  18    0.0049892  -0.01331810
  19    0.0059811  -0.01770930
  20    0.0000146  -0.00044702
  21    0.0000089  -0.00029973
  22    0.0000123  -0.00044825
  23    0.0022373  -0.00505466
  24    0.0022734  -0.00505974
  25    0.0043120  -0.00947858
  26    0.0017427  -0.00512082
  27    0.0033934  -0.00749428
  28    0.0053847  -0.01220010
  29    0.0035280  -0.00810576
  30    0.0038467  -0.00939452
  31    0.0000061  -0.00009501
  32    0.0000058  -0.00008165
  33    0.0000029  -0.00004642
  34    0.0002806  -0.00081425
  35    0.0001700  -0.00054071
  36    0.0036835  -0.00802355
  37    0.0004552  -0.00150457
  38    0.0010850  -0.00325991
  39    0.0026711  -0.00690944
  40    0.0015210  -0.00534720
  41    0.0010525  -0.00355674
  42    0.0000044  -0.00006223
  43    0.0000047  -0.00007180
  44    0.0000022  -0.00003681
  45    0.0001943  -0.00056487
  46    0.0001338  -0.00043864
  47    0.0036803  -0.00802638
  48    0.0002463  -0.00091100
  49    0.0005094  -0.00160807
  50    0.0021592  -0.00670114
  51    0.0013632  -0.00566657
  52    0.0005487  -0.00455566
  53    0.0000034  -0.00004350
  54    0.0000039  -0.00005839
  55    0.0000012  -0.00001231
  56    0.0001518  -0.00049340
  57    0.0000798  -0.00029603
  58    0.0021943  -0.00678607
  59    0.0001741  -0.00067224
  60    0.0004372  -0.00140805
  61    0.0011074  -0.00316546
  62    0.0006401  -0.00264103
  63    0.0004145  -0.00328148
  64    0.0000031  -0.00004377
  65    0.0000037  -0.00004850
  66    0.0000011  -0.00000956
  67    0.0001168  -0.00040966
  68    0.0000527  -0.00022160
  69    0.0010708  -0.00289819
  70    0.0001683  -0.00064133
  71    0.0002299  -0.00076693
  72    0.0004209  -0.00143598
  73    0.0005927  -0.00197668
  74    0.0003884  -0.00152787
  75    0.0000027  -0.00004503
  76    0.0000036  -0.00004818
  77    0.0000010  -0.00000989
  78    0.0001068  -0.00036337
  79    0.0000429  -0.00016291
  80    0.0004293  -0.00165537
  81    0.0000912  -0.00037609
  82    0.0002229  -0.00074544
  83    0.0002699  -0.00105661
  84    0.0005895  -0.00356124
  85    0.0003260  -0.00150199
  86    0.0000025  -0.00003851
  87    0.0000033  -0.00004722
  88    0.0000008  -0.00001493
  89    0.0000408  -0.00016845
  90    0.0000195  -0.00008972
  91    0.0002348  -0.00082818
  92    0.0000878  -0.00037674
  93    0.0002125  -0.00072513
  94    0.0002131  -0.00077079
  95    0.0002375  -0.00085713
  96    0.0001505  -0.00110529
  97    0.0000024  -0.00003730
  98    0.0000026  -0.00006575
  99    0.0000007  -0.00001151
 100    0.0000169  -0.00008150
 101    0.0000138  -0.00007681
 102    0.0001737  -0.00066640
 103    0.0000741  -0.00035485
 104    0.0001107  -0.00045367
 105    0.0001363  -0.00056929
 106    0.0001064  -0.00049672
 107    0.0001456  -0.00074130
 108    0.0000020  -0.00003440
 109    0.0000023  -0.00003286
 110    0.0000007  -0.00000488
 111    0.0000119  -0.00007598
 112    0.0000135  -0.00006905
 113    0.0000540  -0.00028811
 114    0.0000313  -0.00015684
 115    0.0000957  -0.00038557
 116    0.0001191  -0.00066399
 117    0.0000966  -0.00100413
 118    0.0000320  -0.00018776
 119    0.0000019  -0.00002713
 120    0.0000021  -0.00003116
 121    0.0000006  -0.00000749
 122    0.0000104  -0.00006883
 123    0.0000112  -0.00006599
 124    0.0000241  -0.00013528
 125    0.0000148  -0.00009653
 126    0.0000556  -0.00029763
 127    0.0000326  -0.00018485
 128    0.0000784  -0.00098959
 129    0.0000261  -0.00015845
 130    0.0000018  -0.00002442
 131    0.0000020  -0.00002835
 132    0.0000004  -0.00002851
 133    0.0000097  -0.00006693
 134    0.0000103  -0.00006144
 135    0.0000223  -0.00013141
 136    0.0000131  -0.00008835
 137    0.0000455  -0.00023206
 138    0.0000260  -0.00016139
 139    0.0000473  -0.00025351
 140    0.0000204  -0.00012136
 141    0.0000015  -0.00001511
 142    0.0000017  -0.00002406
 143    0.0000004  -0.00000797
 144    0.0000091  -0.00006304
 145    0.0000097  -0.00005799
 146    0.0000204  -0.00011124
 147    0.0000113  -0.00008086
 148    0.0000331  -0.00016033
 149    0.0000204  -0.00011180
 150    0.0000341  -0.00018828
 151    0.0000202  -0.00011463
 152    0.0000010  -0.00000990
 153    0.0000016  -0.00002430
 154    0.0000004  -0.00001578
 155    0.0000085  -0.00003588
 156    0.0000090  -0.00005595
 157    0.0000191  -0.00010149
 158    0.0000094  -0.00006742
 159    0.0000187  -0.00011413
 160    0.0000183  -0.00010826
 161    0.0000323  -0.00015996
 162    0.0000199  -0.00011671
 163    0.0000007  -0.00003696
 164    0.0000014  -0.00001517
 165    0.0000003  -0.00003054
 
----------------
 Final Energies 
----------------
Final NOF Total Energy =    -184.5079538
 
Total Orbital Internal Iterations = 660
Total Occupation Internal Iterations = 405
 
Elapsed time:  155.00 Seconds

---------------------------------
   Lowdin Population Analysis    
---------------------------------
 Idx  Atom   Population   Charge 
---------------------------------
  1     N     6.952       0.048
  2     N     7.141      -0.141
  3     O     7.908       0.092

---------------------------------
   M Diagnostic: 0.04
---------------------------------

