Computing Integrals
Basis Set                                            = def2-qzvp
Auxiliary Basis Set                                  = def2-universal-jkfit
Gaussian Type                                        = Spherical
Elapsed time:    3.60 Seconds

Number of basis functions                   (NBF)    = 261
Number of auxiliary basis functions         (NBFAUX) = 281
Inactive Doubly occupied orbitals up to     (NO1)    = 0
No. considered Strongly Doubly occupied MOs (NDOC)   = 11
No. considered Strongly Singly occupied MOs (NSOC)   = 0
NO. of Weakly occ. per St. Doubly occ.  MOs (NCWO)   = 22
Dimension of the Nat. Orb. subspace         (NBF5)   = 253
No. of electrons                                     = 22
    No. of alpha electrons                           = 11
    No. of beta electrons                            = 11
Multiplicity                                         = 1

Geometry
========
 C       0.9674583      -0.1163671       0.0000000
 N      -0.3099720      -0.0898597       0.0000000
 C      -1.5211073      -0.2201241       0.0000000
 H       1.5009811      -0.1281249       0.9417770
 H       1.5009811      -0.1281249      -0.9417770
 H      -2.1383412       0.6826006       0.0000000

No violations of the orthonormality
No violations of the orthonormality
 
PNOF8/ADAM Calculation
==================
 
  Nitext  Nit_orb  Time   Nit_occ  Time         Eelec          Etot           Ediff      maxdiff    MaxGrad_orb  Grad_occ
     1      10    1.2e+01   19    1.4e+01  -180.91114769  -119.80594054 -10179.91114769   1.090989   4.4e+00   1.8e-04 0.00
     2      10    3.4e+00   78    8.3e+00  -187.46375162  -126.35854447    -6.55260393   0.350354   1.4e+00   2.2e-04 0.02
     3      10    3.4e+00   78    7.8e+00  -190.35911069  -129.25390354    -2.89535907   0.864487   3.5e+00   2.3e-04 0.02
     4      10    3.4e+00   28    3.1e+00  -191.06805639  -129.96284924    -0.70894570   0.313876   1.3e+00   2.0e-04 0.03
     5      10    3.4e+00   28    3.1e+00  -191.43127418  -130.32606703    -0.36321779   0.374967   1.5e+00   1.7e-04 0.04
     6      10    3.4e+00   18    2.1e+00  -191.63488270  -130.52967555    -0.20360852   0.179313   7.2e-01   1.9e-04 0.04
     7      10    3.5e+00   18    2.1e+00  -191.91713190  -130.81192476    -0.28224920   0.167072   6.7e-01   2.0e-04 0.05
     8      10    3.5e+00   14    1.7e+00  -192.10455593  -130.99934878    -0.18742403   0.150875   6.0e-01   2.2e-04 0.05
     9      10    3.4e+00   17    2.1e+00  -192.27705904  -131.17185189    -0.17250311   0.153950   6.2e-01   2.2e-04 0.05
    10      10    3.4e+00   11    1.4e+00  -192.54961302  -131.44440587    -0.27255398   0.463823   1.9e+00   2.4e-04 0.05
    11      10    3.4e+00   11    1.4e+00  -192.57658751  -131.47138037    -0.02697450   0.098572   3.9e-01   2.4e-04 0.05
    12      10    3.4e+00   10    1.3e+00  -192.76375208  -131.65854494    -0.18716457   0.247162   9.9e-01   2.2e-04 0.05
    13      10    3.4e+00   14    1.7e+00  -192.92250336  -131.81729621    -0.15875127   0.400854   1.6e+00   2.1e-04 0.04
    14      10    3.5e+00   20    2.3e+00  -193.01463772  -131.90943057    -0.09213436   0.111597   4.5e-01   1.5e-04 0.04
    15      10    3.4e+00    8    1.1e+00  -193.06026909  -131.95506194    -0.04563137   0.126448   5.1e-01   2.4e-04 0.04
    16      10    3.5e+00   10    1.4e+00  -193.16262243  -132.05741528    -0.10235334   0.155901   6.2e-01   2.3e-04 0.04
    17      10    3.4e+00   13    1.6e+00  -193.26403415  -132.15882700    -0.10141172   0.117417   4.7e-01   2.0e-04 0.04
    18      10    3.5e+00    0    3.4e-01  -193.26427997  -132.15907282    -0.00024582   0.117417   4.7e-01   2.0e-04 0.04
    19      30    1.0e+01   18    2.1e+00  -193.53053077  -132.42532363    -0.26625080   0.077095   3.1e-01   1.6e-04 0.04
    20      30    9.6e+00    7    1.0e+00  -193.58262437  -132.47741722    -0.05209359   0.045423   1.8e-01   2.0e-04 0.04
    21      30    9.7e+00    6    9.4e-01  -193.60618667  -132.50097952    -0.02356230   0.032233   1.3e-01   2.4e-04 0.04
    22      30    9.7e+00    6    9.1e-01  -193.61618981  -132.51098267    -0.01000314   0.015226   6.1e-02   2.8e-04 0.04
    23      30    9.8e+00    9    1.2e+00  -193.61935553  -132.51414838    -0.00316572   0.047177   1.9e-01   2.2e-04 0.04
    24      30    9.7e+00    7    1.0e+00  -193.62131114  -132.51610400    -0.00195562   0.005127   2.1e-02   2.1e-04 0.04
    25      30    1.0e+01    7    1.0e+00  -193.62236362  -132.51715647    -0.00105248   0.005790   2.3e-02   2.4e-04 0.04
    26      30    9.6e+00   10    1.3e+00  -193.62341215  -132.51820500    -0.00104853   0.005643   2.3e-02   1.9e-04 0.04
    27      30    9.7e+00    4    7.1e-01  -193.62395335  -132.51874620    -0.00054120   0.006195   2.5e-02   2.2e-04 0.04
    28      30    9.7e+00    4    7.2e-01  -193.62466601  -132.51945886    -0.00071266   0.005804   2.3e-02   2.3e-04 0.04
    29      30    9.9e+00    7    1.0e+00  -193.62481721  -132.51961006    -0.00015120   0.005291   2.1e-02   2.0e-04 0.04
    30      30    9.6e+00    4    7.5e-01  -193.62506802  -132.51986087    -0.00025081   0.006613   2.6e-02   2.1e-04 0.04
    31      30    9.6e+00    7    1.0e+00  -193.62520894  -132.52000179    -0.00014091   0.005898   2.4e-02   1.9e-04 0.04
    32      30    9.8e+00    4    7.9e-01  -193.62528547  -132.52007832    -0.00007653   0.006279   2.5e-02   2.2e-04 0.04
    33      30    9.9e+00    4    7.5e-01  -193.62538767  -132.52018052    -0.00010220   0.005818   2.3e-02   2.3e-04 0.04
    34      30    9.7e+00    6    9.7e-01  -193.62542967  -132.52022253    -0.00004200   0.005431   2.2e-02   2.1e-04 0.04
    35      30    1.0e+01    4    7.3e-01  -193.62552899  -132.52032184    -0.00009932   0.005385   2.2e-02   1.9e-04 0.04
    36      30    1.0e+01    4    7.6e-01  -193.62558307  -132.52037592    -0.00005408   0.005464   2.2e-02   2.3e-04 0.04
    37      30    1.0e+01    9    1.2e+00  -193.62572899  -132.52052185    -0.00014593   0.006103   2.4e-02   1.7e-04 0.04
    38      30    9.7e+00    0    3.1e-01  -193.62575752  -132.52055037    -0.00002853   0.006103   2.4e-02   1.7e-04 0.04
    39      50    1.8e+01    4    7.2e-01  -193.62658700  -132.52137986    -0.00082948   0.000761   3.0e-03   1.3e-04 0.04
 
RESULTS OF THE OCCUPATION OPTIMIZATION
========================================
   1    1.9999683  -13.99516188
   2    1.9999639  -12.81845745
   3    1.9999561  -11.40575640
   4    1.9846465  -1.28079784
   5    1.9833936  -1.02125437
   6    1.9776547  -0.76719619
   7    1.9745182  -0.69928464
   8    1.9717087  -0.65539252
   9    1.9752734  -0.63445448
  10    1.9666671  -0.51889937
  11    1.9611304  -0.38887194
  12    0.0381920  -0.04674674
  13    0.0290939  -0.03702758
  14    0.0124398  -0.02275810
  15    0.0118367  -0.01743614
  16    0.0186396  -0.03436151
  17    0.0121803  -0.01833943
  18    0.0044862  -0.00933569
  19    0.0060268  -0.01383909
  20    0.0000277  -0.00061908
  21    0.0000141  -0.00036668
  22    0.0000186  -0.00051385
  23    0.0003494  -0.00076906
  24    0.0014144  -0.00298293
  25    0.0044204  -0.00885405
  26    0.0114693  -0.01668347
  27    0.0024795  -0.00545653
  28    0.0035205  -0.00674754
  29    0.0040293  -0.00879959
  30    0.0030702  -0.00758802
  31    0.0000037  -0.00006610
  32    0.0000045  -0.00005653
  33    0.0000032  -0.00004603
  34    0.0001618  -0.00038528
  35    0.0007114  -0.00163427
  36    0.0035140  -0.00713295
  37    0.0034102  -0.00550513
  38    0.0023652  -0.00515284
  39    0.0023039  -0.00459949
  40    0.0020427  -0.00570806
  41    0.0026316  -0.00630113
  42    0.0000027  -0.00002748
  43    0.0000033  -0.00004900
  44    0.0000013  -0.00002141
  45    0.0000691  -0.00018493
  46    0.0006189  -0.00150915
  47    0.0025247  -0.00533774
  48    0.0008685  -0.00189098
  49    0.0006940  -0.00210604
  50    0.0013453  -0.00309500
  51    0.0013684  -0.00466293
  52    0.0014779  -0.00640139
  53    0.0000019  -0.00001651
  54    0.0000026  -0.00002667
  55    0.0000011  -0.00002812
  56    0.0000316  -0.00009468
  57    0.0004810  -0.00114489
  58    0.0005881  -0.00156931
  59    0.0002236  -0.00054942
  60    0.0005183  -0.00148983
  61    0.0011417  -0.00299436
  62    0.0009977  -0.00322010
  63    0.0004593  -0.00242771
  64    0.0000016  -0.00001710
  65    0.0000021  -0.00002065
  66    0.0000010  -0.00002622
  67    0.0000147  -0.00004388
  68    0.0002830  -0.00073787
  69    0.0002227  -0.00062200
  70    0.0001046  -0.00032265
  71    0.0002281  -0.00067480
  72    0.0006045  -0.00162531
  73    0.0009595  -0.00353161
  74    0.0003532  -0.00149806
  75    0.0000013  -0.00002025
  76    0.0000019  -0.00001615
  77    0.0000007  -0.00001319
  78    0.0000116  -0.00003936
  79    0.0002400  -0.00062446
  80    0.0001915  -0.00058413
  81    0.0001024  -0.00031610
  82    0.0001575  -0.00046025
  83    0.0003826  -0.00113689
  84    0.0007847  -0.00238235
  85    0.0002972  -0.00133076
  86    0.0000012  -0.00001694
  87    0.0000012  -0.00001978
  88    0.0000006  -0.00000747
  89    0.0000086  -0.00003345
  90    0.0002282  -0.00061104
  91    0.0001641  -0.00050112
  92    0.0000614  -0.00018977
  93    0.0001070  -0.00035766
  94    0.0002426  -0.00075720
  95    0.0005468  -0.00181389
  96    0.0002917  -0.00095139
  97    0.0000005  -0.00001605
  98    0.0000010  -0.00003016
  99    0.0000006  -0.00000677
 100    0.0000078  -0.00003240
 101    0.0000774  -0.00023298
 102    0.0001373  -0.00041597
 103    0.0000465  -0.00014828
 104    0.0000763  -0.00027386
 105    0.0001883  -0.00052686
 106    0.0004029  -0.00233650
 107    0.0001727  -0.00099550
 108    0.0000004  -0.00000320
 109    0.0000007  -0.00000849
 110    0.0000006  -0.00000778
 111    0.0000068  -0.00002206
 112    0.0000577  -0.00018094
 113    0.0001340  -0.00039862
 114    0.0000399  -0.00013395
 115    0.0000508  -0.00017999
 116    0.0001028  -0.00035408
 117    0.0002698  -0.00103010
 118    0.0001491  -0.00071292
 119    0.0000003  -0.00000224
 120    0.0000007  -0.00000867
 121    0.0000005  -0.00000343
 122    0.0000054  -0.00002318
 123    0.0000253  -0.00010465
 124    0.0001151  -0.00033958
 125    0.0000274  -0.00010409
 126    0.0000406  -0.00014561
 127    0.0000746  -0.00025848
 128    0.0001386  -0.00066765
 129    0.0001064  -0.00069850
 130    0.0000003  -0.00000216
 131    0.0000005  -0.00001485
 132    0.0000005  -0.00000335
 133    0.0000031  -0.00001242
 134    0.0000216  -0.00007923
 135    0.0000694  -0.00023432
 136    0.0000215  -0.00008388
 137    0.0000318  -0.00011714
 138    0.0000602  -0.00021624
 139    0.0001311  -0.00049703
 140    0.0000675  -0.00031785
 141    0.0000003  -0.00000134
 142    0.0000005  -0.00000695
 143    0.0000004  -0.00000290
 144    0.0000017  -0.00000732
 145    0.0000199  -0.00007288
 146    0.0000581  -0.00019689
 147    0.0000172  -0.00006772
 148    0.0000247  -0.00010052
 149    0.0000529  -0.00018216
 150    0.0001130  -0.00040148
 151    0.0000473  -0.00020285
 152    0.0000003  -0.00000121
 153    0.0000004  -0.00000377
 154    0.0000004  -0.00000224
 155    0.0000016  -0.00000766
 156    0.0000136  -0.00005617
 157    0.0000408  -0.00015840
 158    0.0000148  -0.00005831
 159    0.0000160  -0.00007932
 160    0.0000344  -0.00013146
 161    0.0000957  -0.00036486
 162    0.0000429  -0.00017653
 163    0.0000003  -0.00000085
 164    0.0000004  -0.00000227
 165    0.0000003  -0.00000191
 166    0.0000012  -0.00000369
 167    0.0000117  -0.00004811
 168    0.0000370  -0.00013066
 169    0.0000101  -0.00004501
 170    0.0000149  -0.00006446
 171    0.0000288  -0.00011982
 172    0.0000863  -0.00041464
 173    0.0000338  -0.00014356
 174    0.0000003  -0.00000078
 175    0.0000004  -0.00000149
 176    0.0000003  -0.00000139
 177    0.0000012  -0.00000402
 178    0.0000100  -0.00003836
 179    0.0000259  -0.00009677
 180    0.0000091  -0.00004120
 181    0.0000110  -0.00005122
 182    0.0000271  -0.00011943
 183    0.0000444  -0.00018211
 184    0.0000307  -0.00013127
 185    0.0000002  -0.00000064
 186    0.0000003  -0.00000158
 187    0.0000003  -0.00000104
 188    0.0000009  -0.00000310
 189    0.0000092  -0.00003716
 190    0.0000125  -0.00006267
 191    0.0000071  -0.00003610
 192    0.0000091  -0.00004443
 193    0.0000187  -0.00007992
 194    0.0000359  -0.00014718
 195    0.0000258  -0.00011567
 196    0.0000002  -0.00000049
 197    0.0000003  -0.00000069
 198    0.0000003  -0.00000089
 199    0.0000005  -0.00000084
 200    0.0000055  -0.00002682
 201    0.0000109  -0.00005191
 202    0.0000056  -0.00002745
 203    0.0000059  -0.00003314
 204    0.0000135  -0.00006685
 205    0.0000220  -0.00009751
 206    0.0000221  -0.00009844
 207    0.0000002  -0.00000051
 208    0.0000003  -0.00000083
 209    0.0000002  -0.00000076
 210    0.0000002  -0.00000023
 211    0.0000050  -0.00002562
 212    0.0000073  -0.00003911
 213    0.0000051  -0.00002623
 214    0.0000045  -0.00002745
 215    0.0000065  -0.00003654
 216    0.0000176  -0.00008577
 217    0.0000182  -0.00008156
 218    0.0000002  -0.00000042
 219    0.0000002  -0.00000072
 220    0.0000002  -0.00000063
 221    0.0000002  -0.00000022
 222    0.0000021  -0.00000950
 223    0.0000058  -0.00003174
 224    0.0000045  -0.00002366
 225    0.0000039  -0.00002371
 226    0.0000061  -0.00003398
 227    0.0000162  -0.00007518
 228    0.0000111  -0.00006051
 229    0.0000001  -0.00000043
 230    0.0000002  -0.00000078
 231    0.0000002  -0.00000063
 232    0.0000002  -0.00000023
 233    0.0000019  -0.00000833
 234    0.0000050  -0.00002704
 235    0.0000045  -0.00002191
 236    0.0000019  -0.00001033
 237    0.0000054  -0.00003109
 238    0.0000094  -0.00005333
 239    0.0000097  -0.00005153
 240    0.0000001  -0.00000043
 241    0.0000002  -0.00000066
 242    0.0000002  -0.00000043
 243    0.0000001  -0.00000030
 244    0.0000012  -0.00000432
 245    0.0000022  -0.00001136
 246    0.0000013  -0.00000510
 247    0.0000013  -0.00000517
 248    0.0000045  -0.00002738
 249    0.0000081  -0.00004605
 250    0.0000081  -0.00004594
 251    0.0000001  -0.00000025
 252    0.0000002  -0.00000059
 253    0.0000002  -0.00000052
 
----------------
 Final Energies 
----------------
Final NOF Total Energy =    -132.5213799
 
Total Orbital Internal Iterations = 830
Total Occupation Internal Iterations = 526
 
Elapsed time:  403.45 Seconds

---------------------------------
   Lowdin Population Analysis    
---------------------------------
 Idx  Atom   Population   Charge 
---------------------------------
  1     C     5.915       0.085
  2     N     6.689       0.311
  3     C     6.045      -0.045
  4     H     1.103      -0.103
  5     H     1.103      -0.103
  6     H     1.144      -0.144

---------------------------------
   M Diagnostic: 0.04
---------------------------------

