Computing Integrals
Basis Set                                            = def2-qzvp
Auxiliary Basis Set                                  = def2-universal-jkfit
Gaussian Type                                        = Spherical
Elapsed time:   19.60 Seconds

Number of basis functions                   (NBF)    = 555
Number of auxiliary basis functions         (NBFAUX) = 539
Inactive Doubly occupied orbitals up to     (NO1)    = 0
No. considered Strongly Doubly occupied MOs (NDOC)   = 20
No. considered Strongly Singly occupied MOs (NSOC)   = 0
NO. of Weakly occ. per St. Doubly occ.  MOs (NCWO)   = 26
Dimension of the Nat. Orb. subspace         (NBF5)   = 540
No. of electrons                                     = 40
    No. of alpha electrons                           = 20
    No. of beta electrons                            = 20
Multiplicity                                         = 1

Geometry
========
 C       1.4336238      -0.0717234       0.6820010
 C       1.4336238      -0.0717234      -0.6820010
 C      -0.9658292       0.1718331      -1.1995815
 N      -1.3426590      -0.3073458       0.0000000
 C      -0.9658292       0.1718331       1.1995815
 H       1.4734971      -0.9964973       1.2441549
 H       1.6593256       0.8272111       1.2428766
 H       1.4734971      -0.9964973      -1.2441549
 H       1.6593256       0.8272111      -1.2428766
 H      -0.8162270       1.2370668      -1.2855138
 H      -1.2955194      -0.3759926      -2.0704810
 H      -1.6350828      -1.2764493       0.0000000
 H      -0.8162270       1.2370668       1.2855138
 H      -1.2955194      -0.3759926       2.0704810

No violations of the orthonormality
No violations of the orthonormality
 
PNOF8/ADAM Calculation
==================
 
  Nitext  Nit_orb  Time   Nit_occ  Time         Eelec          Etot           Ediff      maxdiff    MaxGrad_orb  Grad_occ
     1      10    8.1e+01   16    4.5e+01  -367.40172366  -192.42447291 -10366.40172366   1.585130   6.3e+00   1.9e-04 0.00
     2      10    7.6e+01  105    1.7e+02  -377.79889837  -202.82164762   -10.39717471   0.917839   3.7e+00   2.5e-04 0.01
     3      10    8.9e+01   36    6.2e+01  -379.62493397  -204.64768322    -1.82603560   1.723477   6.9e+00   2.6e-04 0.02
     4      10    9.5e+01   31    5.4e+01  -381.98410743  -207.00685668    -2.35917346   0.238832   9.6e-01   2.3e-04 0.02
     5      10    6.5e+01   31    3.3e+01  -382.80730746  -207.83005671    -0.82320003   0.187205   7.5e-01   1.9e-04 0.03
     6      10    6.2e+01    0    5.9e+00  -382.80959936  -207.83234860    -0.00229189   0.187203   7.5e-01   1.9e-04 0.03
     7      30    1.8e+02   17    2.6e+01  -385.64577397  -210.66852322    -2.83617462   0.115068   4.6e-01   2.2e-04 0.03
     8      30    2.4e+02   14    2.7e+01  -386.36561511  -211.38836436    -0.71984114   0.080265   3.2e-01   2.5e-04 0.03
     9      30    2.6e+02   21    3.9e+01  -386.61339480  -211.63614405    -0.24777969   0.057568   2.3e-01   2.2e-04 0.04
    10      30    2.7e+02   15    3.0e+01  -386.71412019  -211.73686944    -0.10072540   0.049737   2.0e-01   2.2e-04 0.04
    11      30    1.8e+02   18    2.5e+01  -386.77548269  -211.79823194    -0.06136250   0.049498   2.0e-01   2.1e-04 0.04
    12      30    1.8e+02   10    1.7e+01  -386.82388084  -211.84663009    -0.04839815   0.042056   1.7e-01   2.3e-04 0.04
    13      30    2.4e+02   14    2.6e+01  -386.85985988  -211.88260913    -0.03597904   0.033074   1.3e-01   2.3e-04 0.05
    14      30    2.6e+02   16    2.9e+01  -386.89005357  -211.91280282    -0.03019369   0.034886   1.4e-01   2.3e-04 0.04
    15      30    2.6e+02   15    3.1e+01  -386.92433317  -211.94708242    -0.03427960   0.051031   2.0e-01   1.9e-04 0.04
    16      30    2.6e+02   11    2.4e+01  -386.97725042  -211.99999967    -0.05291725   0.124933   5.0e-01   2.3e-04 0.04
    17      30    2.7e+02   10    2.2e+01  -387.06022024  -212.08296949    -0.08296982   0.077388   3.1e-01   2.8e-04 0.04
    18      30    2.7e+02    6    1.6e+01  -387.12861232  -212.15136157    -0.06839209   0.054934   2.2e-01   3.0e-04 0.04
    19      30    1.7e+02    7    1.3e+01  -387.17113466  -212.19388391    -0.04252234   0.036137   1.4e-01   2.9e-04 0.03
    20      30    1.9e+02   10    1.8e+01  -387.19199071  -212.21473996    -0.02085604   0.023125   9.3e-02   2.7e-04 0.03
    21      30    2.3e+02    9    2.0e+01  -387.19825618  -212.22100543    -0.00626548   0.016434   6.6e-02   2.3e-04 0.03
    22      30    2.5e+02    9    1.9e+01  -387.20109122  -212.22384047    -0.00283504   0.013902   5.6e-02   2.5e-04 0.04
    23      30    2.7e+02    9    2.0e+01  -387.20195065  -212.22469990    -0.00085942   0.011948   4.8e-02   2.6e-04 0.04
    24      30    2.7e+02   10    2.3e+01  -387.20288265  -212.22563190    -0.00093201   0.010382   4.2e-02   1.7e-04 0.04
    25      30    2.7e+02    7    1.7e+01  -387.20361258  -212.22636183    -0.00072993   0.011062   4.4e-02   2.3e-04 0.04
    26      30    2.8e+02    7    1.8e+01  -387.20374594  -212.22649519    -0.00013336   0.089204   3.6e-01   2.5e-04 0.04
    27      30    2.4e+02    9    1.3e+01  -387.20465186  -212.22740111    -0.00090592   0.008068   3.2e-02   2.3e-04 0.04
    28      30    1.8e+02    7    1.9e+01  -387.20534094  -212.22809019    -0.00068908   0.005857   2.3e-02   2.3e-04 0.04
    29      30    2.1e+02    7    1.4e+01  -387.20571629  -212.22846554    -0.00037535   0.006227   2.5e-02   2.3e-04 0.04
    30      30    2.3e+02    9    2.2e+01  -387.20600520  -212.22875445    -0.00028891   0.006061   2.4e-02   2.0e-04 0.04
    31      30    2.7e+02    6    1.8e+01  -387.20640876  -212.22915801    -0.00040357   0.006316   2.5e-02   2.2e-04 0.04
    32      30    2.7e+02    0    6.4e+00  -387.20643311  -212.22918236    -0.00002435   0.006316   2.5e-02   2.2e-04 0.04
    33      50    4.5e+02    3    1.2e+01  -387.20809815  -212.23084740    -0.00166503   0.000486   1.9e-03   2.4e-04 0.04
 
RESULTS OF THE OCCUPATION OPTIMIZATION
========================================
   1    1.9999688  -13.11283385
   2    1.9999621  -12.05848678
   3    1.9999630  -11.91348746
   4    1.9999640  -11.76162781
   5    1.9999623  -11.72995384
   6    1.9850070  -1.08054122
   7    1.9802286  -1.01542071
   8    1.9835384  -0.96756672
   9    1.9827447  -0.92340824
  10    1.9756593  -0.80043658
  11    1.9740954  -0.72769159
  12    1.9747164  -0.70249422
  13    1.9759821  -0.64233689
  14    1.9739442  -0.61572906
  15    1.9711987  -0.60140594
  16    1.9729913  -0.58498693
  17    1.9735033  -0.57758744
  18    1.9714103  -0.56289354
  19    1.9641043  -0.36724793
  20    1.9608209  -0.29693270
  21    0.0386360  -0.04698802
  22    0.0282447  -0.03410167
  23    0.0129430  -0.01749442
  24    0.0134123  -0.01827449
  25    0.0154266  -0.01987139
  26    0.0121549  -0.01761565
  27    0.0140358  -0.01890788
  28    0.0108982  -0.01661638
  29    0.0215622  -0.03410065
  30    0.0203119  -0.03318333
  31    0.0156243  -0.02422880
  32    0.0049283  -0.00946459
  33    0.0062865  -0.01168671
  34    0.0150374  -0.02747204
  35    0.0031115  -0.00692379
  36    0.0000303  -0.00061338
  37    0.0000283  -0.00057977
  38    0.0000258  -0.00055278
  39    0.0000227  -0.00051519
  40    0.0000200  -0.00051690
  41    0.0001906  -0.00043388
  42    0.0041298  -0.00648697
  43    0.0111129  -0.01519590
  44    0.0055154  -0.00857319
  45    0.0052562  -0.00807782
  46    0.0112597  -0.01607946
  47    0.0059476  -0.00927953
  48    0.0045465  -0.00817719
  49    0.0013319  -0.00323929
  50    0.0038731  -0.00781931
  51    0.0040771  -0.00776696
  52    0.0041863  -0.00837545
  53    0.0047992  -0.00927978
  54    0.0009950  -0.00313197
  55    0.0021411  -0.00678401
  56    0.0000022  -0.00004031
  57    0.0000021  -0.00005066
  58    0.0000028  -0.00006142
  59    0.0000042  -0.00007788
  60    0.0000015  -0.00003058
  61    0.0000932  -0.00023951
  62    0.0014274  -0.00275054
  63    0.0034992  -0.00532870
  64    0.0030699  -0.00543242
  65    0.0035409  -0.00549700
  66    0.0031751  -0.00522134
  67    0.0038223  -0.00598407
  68    0.0036466  -0.00655138
  69    0.0006687  -0.00169411
  70    0.0007819  -0.00202270
  71    0.0016177  -0.00386513
  72    0.0022868  -0.00569859
  73    0.0015371  -0.00529571
  74    0.0009508  -0.00281160
  75    0.0019446  -0.00535008
  76    0.0000009  -0.00003602
  77    0.0000020  -0.00004551
  78    0.0000008  -0.00002206
  79    0.0000019  -0.00003080
  80    0.0000012  -0.00003377
  81    0.0000620  -0.00018328
  82    0.0009937  -0.00187904
  83    0.0003488  -0.00079677
  84    0.0029272  -0.00504478
  85    0.0009542  -0.00188123
  86    0.0008087  -0.00169186
  87    0.0010071  -0.00209305
  88    0.0018949  -0.00425882
  89    0.0005004  -0.00126615
  90    0.0002101  -0.00061834
  91    0.0009676  -0.00239974
  92    0.0017906  -0.00544423
  93    0.0010966  -0.00456454
  94    0.0008247  -0.00205774
  95    0.0016278  -0.00566398
  96    0.0000007  -0.00001529
  97    0.0000007  -0.00000567
  98    0.0000008  -0.00001300
  99    0.0000013  -0.00002758
 100    0.0000011  -0.00002443
 101    0.0000472  -0.00012775
 102    0.0003640  -0.00080455
 103    0.0002065  -0.00049486
 104    0.0006173  -0.00127993
 105    0.0004975  -0.00109479
 106    0.0003479  -0.00084179
 107    0.0004085  -0.00099931
 108    0.0007695  -0.00192194
 109    0.0004194  -0.00117740
 110    0.0001273  -0.00041155
 111    0.0006839  -0.00193330
 112    0.0010609  -0.00401597
 113    0.0005590  -0.00183144
 114    0.0005886  -0.00162512
 115    0.0012793  -0.00452985
 116    0.0000005  -0.00001097
 117    0.0000006  -0.00001204
 118    0.0000006  -0.00001167
 119    0.0000011  -0.00001704
 120    0.0000010  -0.00003397
 121    0.0000291  -0.00008839
 122    0.0002625  -0.00063935
 123    0.0001193  -0.00032395
 124    0.0002306  -0.00066626
 125    0.0003588  -0.00083378
 126    0.0003048  -0.00070819
 127    0.0001904  -0.00053762
 128    0.0005898  -0.00138763
 129    0.0002618  -0.00074223
 130    0.0001229  -0.00040222
 131    0.0004682  -0.00121077
 132    0.0007730  -0.00228443
 133    0.0005108  -0.00157704
 134    0.0005392  -0.00144404
 135    0.0010201  -0.00412726
 136    0.0000005  -0.00000273
 137    0.0000003  -0.00000164
 138    0.0000006  -0.00000399
 139    0.0000008  -0.00001480
 140    0.0000007  -0.00000424
 141    0.0000240  -0.00006211
 142    0.0001165  -0.00027869
 143    0.0000796  -0.00023674
 144    0.0001863  -0.00048844
 145    0.0002970  -0.00070972
 146    0.0001745  -0.00048160
 147    0.0001633  -0.00046919
 148    0.0004025  -0.00102336
 149    0.0002419  -0.00070814
 150    0.0001123  -0.00035977
 151    0.0004562  -0.00123392
 152    0.0004914  -0.00200464
 153    0.0003633  -0.00155370
 154    0.0001459  -0.00060780
 155    0.0009685  -0.00358677
 156    0.0000005  -0.00000315
 157    0.0000002  -0.00000098
 158    0.0000006  -0.00000322
 159    0.0000006  -0.00001323
 160    0.0000006  -0.00000317
 161    0.0000209  -0.00005353
 162    0.0000963  -0.00024551
 163    0.0000572  -0.00018007
 164    0.0001740  -0.00045865
 165    0.0002132  -0.00053616
 166    0.0001088  -0.00032857
 167    0.0001349  -0.00040762
 168    0.0002906  -0.00079113
 169    0.0001360  -0.00042058
 170    0.0000917  -0.00030107
 171    0.0001388  -0.00046644
 172    0.0003948  -0.00154906
 173    0.0003113  -0.00107232
 174    0.0001223  -0.00038960
 175    0.0009449  -0.00257974
 176    0.0000003  -0.00000144
 177    0.0000002  -0.00000089
 178    0.0000005  -0.00000376
 179    0.0000005  -0.00000299
 180    0.0000006  -0.00000308
 181    0.0000154  -0.00004786
 182    0.0000728  -0.00020206
 183    0.0000478  -0.00015447
 184    0.0000730  -0.00023454
 185    0.0001222  -0.00036711
 186    0.0000703  -0.00022552
 187    0.0000877  -0.00026638
 188    0.0002567  -0.00070197
 189    0.0000254  -0.00010106
 190    0.0000768  -0.00025808
 191    0.0000677  -0.00023482
 192    0.0003313  -0.00142953
 193    0.0002006  -0.00124270
 194    0.0001162  -0.00036466
 195    0.0007044  -0.00203891
 196    0.0000002  -0.00000089
 197    0.0000002  -0.00000080
 198    0.0000005  -0.00000307
 199    0.0000005  -0.00000255
 200    0.0000004  -0.00000228
 201    0.0000138  -0.00004283
 202    0.0000579  -0.00016382
 203    0.0000303  -0.00010842
 204    0.0000558  -0.00018446
 205    0.0000834  -0.00026789
 206    0.0000616  -0.00019208
 207    0.0000832  -0.00026406
 208    0.0002262  -0.00063714
 209    0.0000189  -0.00007439
 210    0.0000609  -0.00020510
 211    0.0000362  -0.00014280
 212    0.0002637  -0.00102641
 213    0.0001783  -0.00088908
 214    0.0001035  -0.00033444
 215    0.0003523  -0.00154727
 216    0.0000002  -0.00000088
 217    0.0000001  -0.00000075
 218    0.0000004  -0.00000234
 219    0.0000004  -0.00000264
 220    0.0000004  -0.00000198
 221    0.0000113  -0.00003411
 222    0.0000477  -0.00012931
 223    0.0000257  -0.00009516
 224    0.0000418  -0.00014045
 225    0.0000439  -0.00014904
 226    0.0000537  -0.00017733
 227    0.0000519  -0.00017585
 228    0.0000910  -0.00030486
 229    0.0000179  -0.00007043
 230    0.0000422  -0.00015984
 231    0.0000341  -0.00013468
 232    0.0001704  -0.00088059
 233    0.0001395  -0.00060462
 234    0.0000614  -0.00020160
 235    0.0003078  -0.00111749
 236    0.0000001  -0.00000058
 237    0.0000001  -0.00000056
 238    0.0000004  -0.00000207
 239    0.0000004  -0.00000188
 240    0.0000004  -0.00000177
 241    0.0000094  -0.00002795
 242    0.0000222  -0.00005849
 243    0.0000207  -0.00007384
 244    0.0000294  -0.00011026
 245    0.0000390  -0.00013584
 246    0.0000511  -0.00016519
 247    0.0000258  -0.00010424
 248    0.0000806  -0.00027288
 249    0.0000179  -0.00006957
 250    0.0000271  -0.00011210
 251    0.0000332  -0.00013215
 252    0.0001623  -0.00074145
 253    0.0001199  -0.00043340
 254    0.0000483  -0.00018301
 255    0.0001580  -0.00109237
 256    0.0000001  -0.00000054
 257    0.0000001  -0.00000062
 258    0.0000004  -0.00000212
 259    0.0000003  -0.00000173
 260    0.0000003  -0.00000148
 261    0.0000065  -0.00001910
 262    0.0000177  -0.00005540
 263    0.0000155  -0.00005507
 264    0.0000274  -0.00009662
 265    0.0000363  -0.00013196
 266    0.0000438  -0.00014909
 267    0.0000164  -0.00006573
 268    0.0000650  -0.00021875
 269    0.0000143  -0.00005934
 270    0.0000138  -0.00005450
 271    0.0000306  -0.00012652
 272    0.0000927  -0.00032821
 273    0.0001177  -0.00044626
 274    0.0000431  -0.00016907
 275    0.0001173  -0.00054283
 276    0.0000001  -0.00000052
 277    0.0000001  -0.00000056
 278    0.0000004  -0.00000178
 279    0.0000003  -0.00000166
 280    0.0000003  -0.00000145
 281    0.0000056  -0.00001566
 282    0.0000075  -0.00002279
 283    0.0000132  -0.00004647
 284    0.0000248  -0.00008895
 285    0.0000332  -0.00011879
 286    0.0000423  -0.00014171
 287    0.0000120  -0.00004905
 288    0.0000534  -0.00019182
 289    0.0000133  -0.00005637
 290    0.0000129  -0.00005348
 291    0.0000305  -0.00012864
 292    0.0000767  -0.00027865
 293    0.0000597  -0.00021504
 294    0.0000355  -0.00014307
 295    0.0000767  -0.00029317
 296    0.0000001  -0.00000052
 297    0.0000001  -0.00000050
 298    0.0000003  -0.00000155
 299    0.0000003  -0.00000147
 300    0.0000003  -0.00000141
 301    0.0000041  -0.00001161
 302    0.0000069  -0.00001871
 303    0.0000127  -0.00004523
 304    0.0000202  -0.00007655
 305    0.0000222  -0.00008577
 306    0.0000373  -0.00013131
 307    0.0000111  -0.00004860
 308    0.0000485  -0.00018061
 309    0.0000126  -0.00005382
 310    0.0000120  -0.00004817
 311    0.0000128  -0.00005226
 312    0.0000456  -0.00017513
 313    0.0000407  -0.00016326
 314    0.0000322  -0.00012629
 315    0.0000662  -0.00029571
 316    0.0000001  -0.00000036
 317    0.0000001  -0.00000036
 318    0.0000003  -0.00000155
 319    0.0000003  -0.00000144
 320    0.0000003  -0.00000140
 321    0.0000023  -0.00000786
 322    0.0000063  -0.00001778
 323    0.0000085  -0.00003251
 324    0.0000191  -0.00006664
 325    0.0000152  -0.00005517
 326    0.0000336  -0.00011943
 327    0.0000100  -0.00004111
 328    0.0000422  -0.00015397
 329    0.0000103  -0.00004327
 330    0.0000091  -0.00003961
 331    0.0000116  -0.00004988
 332    0.0000356  -0.00015034
 333    0.0000291  -0.00012216
 334    0.0000285  -0.00011948
 335    0.0000514  -0.00020550
 336    0.0000001  -0.00000040
 337    0.0000001  -0.00000040
 338    0.0000002  -0.00000124
 339    0.0000003  -0.00000142
 340    0.0000003  -0.00000121
 341    0.0000015  -0.00000544
 342    0.0000053  -0.00001499
 343    0.0000077  -0.00003161
 344    0.0000158  -0.00005766
 345    0.0000143  -0.00005318
 346    0.0000263  -0.00009812
 347    0.0000089  -0.00003851
 348    0.0000328  -0.00012628
 349    0.0000086  -0.00003807
 350    0.0000052  -0.00002413
 351    0.0000110  -0.00004530
 352    0.0000293  -0.00012879
 353    0.0000251  -0.00010645
 354    0.0000254  -0.00009976
 355    0.0000234  -0.00010277
 356    0.0000001  -0.00000037
 357    0.0000001  -0.00000037
 358    0.0000002  -0.00000122
 359    0.0000003  -0.00000139
 360    0.0000002  -0.00000114
 361    0.0000014  -0.00000444
 362    0.0000041  -0.00001231
 363    0.0000073  -0.00003039
 364    0.0000124  -0.00004827
 365    0.0000113  -0.00004467
 366    0.0000113  -0.00004427
 367    0.0000075  -0.00003465
 368    0.0000245  -0.00009935
 369    0.0000068  -0.00003324
 370    0.0000037  -0.00001739
 371    0.0000101  -0.00004085
 372    0.0000281  -0.00011684
 373    0.0000185  -0.00007942
 374    0.0000190  -0.00008239
 375    0.0000215  -0.00009563
 376    0.0000001  -0.00000042
 377    0.0000001  -0.00000028
 378    0.0000002  -0.00000115
 379    0.0000002  -0.00000118
 380    0.0000002  -0.00000103
 381    0.0000013  -0.00000363
 382    0.0000036  -0.00001122
 383    0.0000070  -0.00002872
 384    0.0000114  -0.00004607
 385    0.0000084  -0.00003494
 386    0.0000106  -0.00004190
 387    0.0000064  -0.00002926
 388    0.0000126  -0.00005178
 389    0.0000033  -0.00001584
 390    0.0000029  -0.00001364
 391    0.0000091  -0.00004044
 392    0.0000255  -0.00010953
 393    0.0000175  -0.00007579
 394    0.0000181  -0.00007626
 395    0.0000194  -0.00007996
 396    0.0000001  -0.00000035
 397    0.0000001  -0.00000030
 398    0.0000002  -0.00000109
 399    0.0000002  -0.00000115
 400    0.0000002  -0.00000106
 401    0.0000011  -0.00000343
 402    0.0000022  -0.00000734
 403    0.0000063  -0.00002284
 404    0.0000099  -0.00003891
 405    0.0000080  -0.00003277
 406    0.0000071  -0.00003095
 407    0.0000054  -0.00002687
 408    0.0000087  -0.00003796
 409    0.0000033  -0.00001574
 410    0.0000015  -0.00000708
 411    0.0000089  -0.00003901
 412    0.0000188  -0.00008008
 413    0.0000124  -0.00005676
 414    0.0000165  -0.00006742
 415    0.0000136  -0.00006756
 416    0.0000001  -0.00000035
 417    0.0000001  -0.00000031
 418    0.0000002  -0.00000096
 419    0.0000002  -0.00000121
 420    0.0000002  -0.00000098
 421    0.0000006  -0.00000103
 422    0.0000019  -0.00000582
 423    0.0000062  -0.00002371
 424    0.0000086  -0.00003562
 425    0.0000061  -0.00002864
 426    0.0000065  -0.00002831
 427    0.0000046  -0.00002130
 428    0.0000086  -0.00003888
 429    0.0000027  -0.00001346
 430    0.0000015  -0.00000731
 431    0.0000036  -0.00001753
 432    0.0000175  -0.00007412
 433    0.0000111  -0.00005099
 434    0.0000063  -0.00003997
 435    0.0000115  -0.00005663
 436    0.0000001  -0.00000032
 437    0.0000001  -0.00000029
 438    0.0000002  -0.00000078
 439    0.0000002  -0.00000095
 440    0.0000002  -0.00000068
 441    0.0000005  -0.00000066
 442    0.0000014  -0.00000373
 443    0.0000056  -0.00002018
 444    0.0000045  -0.00002031
 445    0.0000055  -0.00002490
 446    0.0000047  -0.00001752
 447    0.0000042  -0.00001898
 448    0.0000080  -0.00003665
 449    0.0000017  -0.00000821
 450    0.0000009  -0.00000358
 451    0.0000023  -0.00001105
 452    0.0000137  -0.00006220
 453    0.0000094  -0.00004613
 454    0.0000039  -0.00002235
 455    0.0000107  -0.00005181
 456    0.0000001  -0.00000025
 457    0.0000001  -0.00000021
 458    0.0000001  -0.00000065
 459    0.0000002  -0.00000099
 460    0.0000002  -0.00000075
 461    0.0000004  -0.00000055
 462    0.0000008  -0.00000188
 463    0.0000026  -0.00001051
 464    0.0000040  -0.00001673
 465    0.0000054  -0.00002203
 466    0.0000026  -0.00001140
 467    0.0000036  -0.00001592
 468    0.0000067  -0.00003131
 469    0.0000013  -0.00000666
 470    0.0000008  -0.00000318
 471    0.0000014  -0.00000647
 472    0.0000117  -0.00005623
 473    0.0000073  -0.00003823
 474    0.0000030  -0.00001801
 475    0.0000095  -0.00004771
 476    0.0000001  -0.00000029
 477    0.0000001  -0.00000019
 478    0.0000001  -0.00000073
 479    0.0000002  -0.00000087
 480    0.0000002  -0.00000079
 481    0.0000003  -0.00000063
 482    0.0000008  -0.00000126
 483    0.0000022  -0.00000942
 484    0.0000020  -0.00000910
 485    0.0000037  -0.00001582
 486    0.0000015  -0.00000645
 487    0.0000029  -0.00001305
 488    0.0000061  -0.00003026
 489    0.0000012  -0.00000466
 490    0.0000008  -0.00000280
 491    0.0000013  -0.00000602
 492    0.0000087  -0.00004711
 493    0.0000056  -0.00002955
 494    0.0000026  -0.00001512
 495    0.0000048  -0.00002717
 496    0.0000001  -0.00000021
 497    0.0000001  -0.00000021
 498    0.0000001  -0.00000068
 499    0.0000002  -0.00000077
 500    0.0000001  -0.00000069
 501    0.0000002  -0.00000057
 502    0.0000008  -0.00000125
 503    0.0000021  -0.00000853
 504    0.0000019  -0.00000840
 505    0.0000036  -0.00001506
 506    0.0000014  -0.00000544
 507    0.0000023  -0.00001048
 508    0.0000039  -0.00001852
 509    0.0000009  -0.00000384
 510    0.0000007  -0.00000222
 511    0.0000013  -0.00000612
 512    0.0000076  -0.00003836
 513    0.0000029  -0.00001767
 514    0.0000025  -0.00001424
 515    0.0000036  -0.00002049
 516    0.0000001  -0.00000020
 517    0.0000001  -0.00000020
 518    0.0000001  -0.00000058
 519    0.0000001  -0.00000061
 520    0.0000001  -0.00000058
 521    0.0000001  -0.00000040
 522    0.0000008  -0.00000116
 523    0.0000018  -0.00000758
 524    0.0000017  -0.00000707
 525    0.0000026  -0.00001130
 526    0.0000014  -0.00000541
 527    0.0000019  -0.00000865
 528    0.0000036  -0.00001638
 529    0.0000008  -0.00000258
 530    0.0000006  -0.00000202
 531    0.0000012  -0.00000519
 532    0.0000041  -0.00002280
 533    0.0000024  -0.00001239
 534    0.0000013  -0.00000636
 535    0.0000029  -0.00001754
 536    0.0000001  -0.00000020
 537    0.0000000  -0.00000018
 538    0.0000001  -0.00000046
 539    0.0000001  -0.00000052
 540    0.0000001  -0.00000046
 
----------------
 Final Energies 
----------------
Final NOF Total Energy =    -212.2308474
 
Total Orbital Internal Iterations = 890
Total Occupation Internal Iterations = 495
 
Elapsed time: 8743.21 Seconds

---------------------------------
   Lowdin Population Analysis    
---------------------------------
 Idx  Atom   Population   Charge 
---------------------------------
  1     C     5.872       0.128
  2     C     5.871       0.129
  3     C     5.910       0.090
  4     N     6.526       0.474
  5     C     5.896       0.104
  6     H     1.096      -0.096
  7     H     1.094      -0.094
  8     H     1.095      -0.095
  9     H     1.091      -0.091
 10     H     1.107      -0.107
 11     H     1.120      -0.120
 12     H     1.103      -0.103
 13     H     1.104      -0.104
 14     H     1.116      -0.116

---------------------------------
   M Diagnostic: 0.04
---------------------------------

