Job runing on na12
Choosing scratch ...
Automatic scratch folder selection
/scratch/pobleyef/346695
/scratch/pobleyef/346695 directory
cp HAL59-PhI.gcf HAL59-PhI.inp to  /scratch/pobleyef/346695/.
HAL59-PhI
 This is the OpenMP version of the code
 This is the OpenMP version of the code
 This is the OpenMP version of the code
 This is the OpenMP version of the code
 This is the OpenMP version of the code
 This is the OpenMP version of the code
 This is the OpenMP version of the code
 This is the OpenMP version of the code
 This is the OpenMP version of the code
 This is the OpenMP version of the code
 This is the OpenMP version of the code
 This is the OpenMP version of the code
 This is the OpenMP version of the code
 This is the OpenMP version of the code
 This is the OpenMP version of the code
 This is the OpenMP version of the code
 This is the OpenMP version of the code
 This is the OpenMP version of the code
 This is the OpenMP version of the code
 This is the OpenMP version of the code
 This is the OpenMP version of the code
 This is the OpenMP version of the code
 This is the OpenMP version of the code
 This is the OpenMP version of the code
 This is the OpenMP version of the code
 This is the OpenMP version of the code
 This is the OpenMP version of the code
 This is the OpenMP version of the code
 This is the OpenMP version of the code
 This is the OpenMP version of the code
 This is the OpenMP version of the code
 This is the OpenMP version of the code
 This is the OpenMP version of the code
 This is the OpenMP version of the code
 This is the OpenMP version of the code
 This is the OpenMP version of the code
 This is the OpenMP version of the code
 This is the OpenMP version of the code
 This is the OpenMP version of the code
 This is the OpenMP version of the code
 This is the OpenMP version of the code
 This is the OpenMP version of the code
 This is the OpenMP version of the code
 This is the OpenMP version of the code
 This is the OpenMP version of the code
 This is the OpenMP version of the code
 This is the OpenMP version of the code
 This is the OpenMP version of the code
 This is the OpenMP version of the code
 This is the OpenMP version of the code
 This is the OpenMP version of the code
 This is the OpenMP version of the code
 This is the OpenMP version of the code
 This is the OpenMP version of the code
 This is the OpenMP version of the code
 This is the OpenMP version of the code
 This is the OpenMP version of the code
 This is the OpenMP version of the code
 This is the OpenMP version of the code
 This is the OpenMP version of the code
 This is the OpenMP version of the code
 This is the OpenMP version of the code
 This is the OpenMP version of the code
 This is the OpenMP version of the code
 This is the OpenMP version of the code
 This is the OpenMP version of the code
 This is the OpenMP version of the code
 This is the OpenMP version of the code
 This is the OpenMP version of the code
 This is the OpenMP version of the code
 This is the OpenMP version of the code
 This is the OpenMP version of the code
 This is the OpenMP version of the code
 This is the OpenMP version of the code
 This is the OpenMP version of the code
 This is the OpenMP version of the code
 This is the OpenMP version of the code
 This is the OpenMP version of the code
 This is the OpenMP version of the code
 This is the OpenMP version of the code
 This is the OpenMP version of the code
 This is the OpenMP version of the code
 This is the OpenMP version of the code
 This is the OpenMP version of the code
 This is the OpenMP version of the code
 This is the OpenMP version of the code
 This is the OpenMP version of the code
 This is the OpenMP version of the code
 This is the OpenMP version of the code
 This is the OpenMP version of the code
 This is the OpenMP version of the code
 This is the OpenMP version of the code
 This is the OpenMP version of the code
 This is the OpenMP version of the code
 This is the OpenMP version of the code
 This is the OpenMP version of the code
 This is the OpenMP version of the code
 This is the OpenMP version of the code
 This is the OpenMP version of the code
 This is the OpenMP version of the code
 This is the OpenMP version of the code
 This is the OpenMP version of the code
 This is the OpenMP version of the code
 This is the OpenMP version of the code
 This is the OpenMP version of the code
 This is the OpenMP version of the code
 This is the OpenMP version of the code
 This is the OpenMP version of the code
 This is the OpenMP version of the code
 This is the OpenMP version of the code
 This is the OpenMP version of the code
 This is the OpenMP version of the code
 This is the OpenMP version of the code
 This is the OpenMP version of the code
 This is the OpenMP version of the code
 This is the OpenMP version of the code
 This is the OpenMP version of the code
 This is the OpenMP version of the code
 This is the OpenMP version of the code
 This is the OpenMP version of the code
 This is the OpenMP version of the code
 This is the OpenMP version of the code
 This is the OpenMP version of the code
 This is the OpenMP version of the code
 This is the OpenMP version of the code
 This is the OpenMP version of the code
 This is the OpenMP version of the code
 This is the OpenMP version of the code
 This is the OpenMP version of the code
 This is the OpenMP version of the code
 This is the OpenMP version of the code
 This is the OpenMP version of the code
 This is the OpenMP version of the code
 This is the OpenMP version of the code
 This is the OpenMP version of the code
 This is the OpenMP version of the code
 This is the OpenMP version of the code
 This is the OpenMP version of the code
 This is the OpenMP version of the code
 This is the OpenMP version of the code
 This is the OpenMP version of the code
 This is the OpenMP version of the code
 This is the OpenMP version of the code
 This is the OpenMP version of the code
 This is the OpenMP version of the code
 This is the OpenMP version of the code
 This is the OpenMP version of the code
 This is the OpenMP version of the code
 This is the OpenMP version of the code
 This is the OpenMP version of the code
 This is the OpenMP version of the code
 This is the OpenMP version of the code
 This is the OpenMP version of the code
 This is the OpenMP version of the code
 This is the OpenMP version of the code
 This is the OpenMP version of the code
 This is the OpenMP version of the code
 This is the OpenMP version of the code
 This is the OpenMP version of the code
 This is the OpenMP version of the code
 This is the OpenMP version of the code
 This is the OpenMP version of the code
 This is the OpenMP version of the code
 This is the OpenMP version of the code
 This is the OpenMP version of the code
 This is the OpenMP version of the code
 This is the OpenMP version of the code
 This is the OpenMP version of the code
 This is the OpenMP version of the code
 This is the OpenMP version of the code
 This is the OpenMP version of the code
 This is the OpenMP version of the code
 This is the OpenMP version of the code
 This is the OpenMP version of the code
 This is the OpenMP version of the code
 This is the OpenMP version of the code
 This is the OpenMP version of the code
 This is the OpenMP version of the code
 This is the OpenMP version of the code
 This is the OpenMP version of the code
 This is the OpenMP version of the code
 This is the OpenMP version of the code
 This is the OpenMP version of the code
 This is the OpenMP version of the code
 This is the OpenMP version of the code
 This is the OpenMP version of the code
 This is the OpenMP version of the code
 This is the OpenMP version of the code
 This is the OpenMP version of the code
 This is the OpenMP version of the code
 This is the OpenMP version of the code
 This is the OpenMP version of the code

 The execution started at 23h  6min on the 11/ 5/2025

    ===========================================================
    !                                                         !
    !                        Do N O F                         !
    !                                                         !
    !  (Donostia Natural Orbital Functional Software Program) !
    !                                                         !
    !               COPYRIGHT by Mario Piris                  !
    !                                                         !
    !      Donostia International Physics Center (DIPC)       !
    !       University of the Basque Country (UPV/EHU)        !
    !       Basque Foundation for Science (IKERBASQUE)        !
    !                                                         !
    !          GNU General Public License version 3           !
    !                                                         !
    !                  VERSION: October 2025                  !
    !                                                         !
    ===========================================================

 Run Title
 ---------
  Molname                                                                        

 Basis Set
 ---------
 /home/pobleyef/DoNOFsw/basis/def2-QZVP.bas                                      

 Atom      Charge                Coordinates (Bohr)
                           x             y             z
 I          53.0        0.0000        0.0000        2.9140
 C           6.0        0.0000        0.0000       -1.0450
 C           6.0        0.0000        2.2782       -2.3399
 C           6.0        0.0000        2.2660       -4.9613
 C           6.0        0.0000        0.0000       -6.2757
 C           6.0        0.0000       -2.2660       -4.9613
 C           6.0        0.0000       -2.2782       -2.3399
 H           1.0        0.0000        4.0485       -1.3182
 H           1.0        0.0000        4.0434       -5.9739
 H           1.0        0.0000        0.0000       -8.3208
 H           1.0        0.0000       -4.0434       -5.9739
 H           1.0        0.0000       -4.0485       -1.3182

 Atomic Basis Set
 ----------------
 The contracted primitive functions were unnormalized
 The contracted basis functions are now normalized to unity

  Shell Type  Primitive         Exponent  Contraction Coefficient

 I         

      1   S       1         16788.4000000    0.000103586804
      1   S       2          2526.6400000    0.000765531745
      1   S       3           571.9840000    0.003150554741
      1   S       4           150.4340000    0.006717983204
      1   S       5            29.5405000   -0.134384929151
      1   S       6            18.4571000    0.859255064197
      1   S       7            11.5286000   -0.890227518539
      1   S       8             7.0828900   -1.367813214298
      1   S       9             2.5040500    1.808345152379

      2   S      10            25.0586179    0.088686579218
      2   S      11            15.6219794   -0.309437052616
      2   S      12             3.3536325    1.147487780264

      3   S      13             1.3540145    1.000000000000

      4   S      14             0.6743047    1.000000000000

      5   S      15             0.3272714    1.000000000000

      6   S      16             0.1574936    1.000000000000

      7   S      17             0.0743777    1.000000000000

      8   P      18           656.2740000    0.000102263116
      8   P      19           149.2320000    0.000688871318
      8   P      20            19.0153000    0.067339699796
      8   P      21            10.7378000   -0.280108787807
      8   P      22             6.4420800   -0.004916495947
      8   P      23             3.0920300    0.577616914298
      8   P      24             1.5787400    0.569991007671

      9   P      25            15.6605119   -0.024484627992
      9   P      26             4.9250670    0.260041620414
      9   P      27             1.6692320    0.808870366710

     10   P      28             0.7781790    1.000000000000

     11   P      29             0.3560884    1.000000000000

     12   P      30             0.1549324    1.000000000000

     13   P      31             0.0646662    1.000000000000

     14   D      32           318.2240778    0.000120648927
     14   D      33            95.8102274    0.001012623893
     14   D      34            35.3222953    0.005278751941
     14   D      35            13.1074478   -0.017935310228
     14   D      36             6.2949153    0.100128211172
     14   D      37             3.6826101    0.302771472093
     14   D      38             2.0858951    0.397340741727
     14   D      39             1.1644342    0.312691340071

     15   D      40             0.6318061    1.000000000000

     16   D      41             0.3221508    1.000000000000

     17   D      42             0.1349000    1.000000000000

     18   F      43             6.4253614    1.000000000000

     19   F      44             2.1780000    1.000000000000

     20   F      45             0.5878000    1.000000000000

     21   F      46             0.2500000    1.000000000000

     22   G      47             0.4739000    1.000000000000

 C         

     23   S      48         67025.0710290    0.000070988337
     23   S      49         10039.9865380    0.000551759078
     23   S      50          2284.9316911    0.002893301112
     23   S      51           647.1412213    0.012111149913
     23   S      52           211.0947234    0.042822697250
     23   S      53            76.1776439    0.129053328799
     23   S      54            29.6338392    0.318146477908
     23   S      55            12.1877851    0.591790274517

     24   S      56            53.0260063    0.091364916926
     24   S      57            15.2585028    0.928761090236

     25   S      58             5.2403957    1.000000000000

     26   S      59             2.2905022    1.000000000000

     27   S      60             0.6967328    1.000000000000

     28   S      61             0.2759934    1.000000000000

     29   S      62             0.1073988    1.000000000000

     30   P      63           105.1255508    0.002496535013
     30   P      64            24.8844611    0.019546395628
     30   P      65             7.8637231    0.088834946629
     30   P      66             2.8407002    0.294789686074
     30   P      67             1.1227137    0.702715999245

     31   P      68             0.4605073    1.000000000000

     32   P      69             0.1893753    1.000000000000

     33   P      70             0.0759838    1.000000000000

     34   D      71             1.8480000    1.000000000000

     35   D      72             0.6490000    1.000000000000

     36   D      73             0.2280000    1.000000000000

     37   F      74             1.4190000    1.000000000000

     38   F      75             0.4850000    1.000000000000

     39   G      76             1.0110000    1.000000000000

 C         

     40   S      77         67025.0710290    0.000070988337
     40   S      78         10039.9865380    0.000551759078
     40   S      79          2284.9316911    0.002893301112
     40   S      80           647.1412213    0.012111149913
     40   S      81           211.0947234    0.042822697250
     40   S      82            76.1776439    0.129053328799
     40   S      83            29.6338392    0.318146477908
     40   S      84            12.1877851    0.591790274517

     41   S      85            53.0260063    0.091364916926
     41   S      86            15.2585028    0.928761090236

     42   S      87             5.2403957    1.000000000000

     43   S      88             2.2905022    1.000000000000

     44   S      89             0.6967328    1.000000000000

     45   S      90             0.2759934    1.000000000000

     46   S      91             0.1073988    1.000000000000

     47   P      92           105.1255508    0.002496535013
     47   P      93            24.8844611    0.019546395628
     47   P      94             7.8637231    0.088834946629
     47   P      95             2.8407002    0.294789686074
     47   P      96             1.1227137    0.702715999245

     48   P      97             0.4605073    1.000000000000

     49   P      98             0.1893753    1.000000000000

     50   P      99             0.0759838    1.000000000000

     51   D     100             1.8480000    1.000000000000

     52   D     101             0.6490000    1.000000000000

     53   D     102             0.2280000    1.000000000000

     54   F     103             1.4190000    1.000000000000

     55   F     104             0.4850000    1.000000000000

     56   G     105             1.0110000    1.000000000000

 C         

     57   S     106         67025.0710290    0.000070988337
     57   S     107         10039.9865380    0.000551759078
     57   S     108          2284.9316911    0.002893301112
     57   S     109           647.1412213    0.012111149913
     57   S     110           211.0947234    0.042822697250
     57   S     111            76.1776439    0.129053328799
     57   S     112            29.6338392    0.318146477908
     57   S     113            12.1877851    0.591790274517

     58   S     114            53.0260063    0.091364916926
     58   S     115            15.2585028    0.928761090236

     59   S     116             5.2403957    1.000000000000

     60   S     117             2.2905022    1.000000000000

     61   S     118             0.6967328    1.000000000000

     62   S     119             0.2759934    1.000000000000

     63   S     120             0.1073988    1.000000000000

     64   P     121           105.1255508    0.002496535013
     64   P     122            24.8844611    0.019546395628
     64   P     123             7.8637231    0.088834946629
     64   P     124             2.8407002    0.294789686074
     64   P     125             1.1227137    0.702715999245

     65   P     126             0.4605073    1.000000000000

     66   P     127             0.1893753    1.000000000000

     67   P     128             0.0759838    1.000000000000

     68   D     129             1.8480000    1.000000000000

     69   D     130             0.6490000    1.000000000000

     70   D     131             0.2280000    1.000000000000

     71   F     132             1.4190000    1.000000000000

     72   F     133             0.4850000    1.000000000000

     73   G     134             1.0110000    1.000000000000

 C         

     74   S     135         67025.0710290    0.000070988337
     74   S     136         10039.9865380    0.000551759078
     74   S     137          2284.9316911    0.002893301112
     74   S     138           647.1412213    0.012111149913
     74   S     139           211.0947234    0.042822697250
     74   S     140            76.1776439    0.129053328799
     74   S     141            29.6338392    0.318146477908
     74   S     142            12.1877851    0.591790274517

     75   S     143            53.0260063    0.091364916926
     75   S     144            15.2585028    0.928761090236

     76   S     145             5.2403957    1.000000000000

     77   S     146             2.2905022    1.000000000000

     78   S     147             0.6967328    1.000000000000

     79   S     148             0.2759934    1.000000000000

     80   S     149             0.1073988    1.000000000000

     81   P     150           105.1255508    0.002496535013
     81   P     151            24.8844611    0.019546395628
     81   P     152             7.8637231    0.088834946629
     81   P     153             2.8407002    0.294789686074
     81   P     154             1.1227137    0.702715999245

     82   P     155             0.4605073    1.000000000000

     83   P     156             0.1893753    1.000000000000

     84   P     157             0.0759838    1.000000000000

     85   D     158             1.8480000    1.000000000000

     86   D     159             0.6490000    1.000000000000

     87   D     160             0.2280000    1.000000000000

     88   F     161             1.4190000    1.000000000000

     89   F     162             0.4850000    1.000000000000

     90   G     163             1.0110000    1.000000000000

 C         

     91   S     164         67025.0710290    0.000070988337
     91   S     165         10039.9865380    0.000551759078
     91   S     166          2284.9316911    0.002893301112
     91   S     167           647.1412213    0.012111149913
     91   S     168           211.0947234    0.042822697250
     91   S     169            76.1776439    0.129053328799
     91   S     170            29.6338392    0.318146477908
     91   S     171            12.1877851    0.591790274517

     92   S     172            53.0260063    0.091364916926
     92   S     173            15.2585028    0.928761090236

     93   S     174             5.2403957    1.000000000000

     94   S     175             2.2905022    1.000000000000

     95   S     176             0.6967328    1.000000000000

     96   S     177             0.2759934    1.000000000000

     97   S     178             0.1073988    1.000000000000

     98   P     179           105.1255508    0.002496535013
     98   P     180            24.8844611    0.019546395628
     98   P     181             7.8637231    0.088834946629
     98   P     182             2.8407002    0.294789686074
     98   P     183             1.1227137    0.702715999245

     99   P     184             0.4605073    1.000000000000

    100   P     185             0.1893753    1.000000000000

    101   P     186             0.0759838    1.000000000000

    102   D     187             1.8480000    1.000000000000

    103   D     188             0.6490000    1.000000000000

    104   D     189             0.2280000    1.000000000000

    105   F     190             1.4190000    1.000000000000

    106   F     191             0.4850000    1.000000000000

    107   G     192             1.0110000    1.000000000000

 C         

    108   S     193         67025.0710290    0.000070988337
    108   S     194         10039.9865380    0.000551759078
    108   S     195          2284.9316911    0.002893301112
    108   S     196           647.1412213    0.012111149913
    108   S     197           211.0947234    0.042822697250
    108   S     198            76.1776439    0.129053328799
    108   S     199            29.6338392    0.318146477908
    108   S     200            12.1877851    0.591790274517

    109   S     201            53.0260063    0.091364916926
    109   S     202            15.2585028    0.928761090236

    110   S     203             5.2403957    1.000000000000

    111   S     204             2.2905022    1.000000000000

    112   S     205             0.6967328    1.000000000000

    113   S     206             0.2759934    1.000000000000

    114   S     207             0.1073988    1.000000000000

    115   P     208           105.1255508    0.002496535013
    115   P     209            24.8844611    0.019546395628
    115   P     210             7.8637231    0.088834946629
    115   P     211             2.8407002    0.294789686074
    115   P     212             1.1227137    0.702715999245

    116   P     213             0.4605073    1.000000000000

    117   P     214             0.1893753    1.000000000000

    118   P     215             0.0759838    1.000000000000

    119   D     216             1.8480000    1.000000000000

    120   D     217             0.6490000    1.000000000000

    121   D     218             0.2280000    1.000000000000

    122   F     219             1.4190000    1.000000000000

    123   F     220             0.4850000    1.000000000000

    124   G     221             1.0110000    1.000000000000

 H         

    125   S     222           190.6916900    0.005342636962
    125   S     223            28.6055320    0.041252338243
    125   S     224             6.5095943    0.210993525698
    125   S     225             1.8412455    0.812128545862

    126   S     226             0.5985373    1.000000000000

    127   S     227             0.2139762    1.000000000000

    128   S     228             0.0803163    1.000000000000

    129   P     229             2.2920000    1.000000000000

    130   P     230             0.8380000    1.000000000000

    131   P     231             0.2920000    1.000000000000

    132   D     232             2.0620000    1.000000000000

    133   D     233             0.6620000    1.000000000000

    134   F     234             1.3970000    1.000000000000

 H         

    135   S     235           190.6916900    0.005342636962
    135   S     236            28.6055320    0.041252338243
    135   S     237             6.5095943    0.210993525698
    135   S     238             1.8412455    0.812128545862

    136   S     239             0.5985373    1.000000000000

    137   S     240             0.2139762    1.000000000000

    138   S     241             0.0803163    1.000000000000

    139   P     242             2.2920000    1.000000000000

    140   P     243             0.8380000    1.000000000000

    141   P     244             0.2920000    1.000000000000

    142   D     245             2.0620000    1.000000000000

    143   D     246             0.6620000    1.000000000000

    144   F     247             1.3970000    1.000000000000

 H         

    145   S     248           190.6916900    0.005342636962
    145   S     249            28.6055320    0.041252338243
    145   S     250             6.5095943    0.210993525698
    145   S     251             1.8412455    0.812128545862

    146   S     252             0.5985373    1.000000000000

    147   S     253             0.2139762    1.000000000000

    148   S     254             0.0803163    1.000000000000

    149   P     255             2.2920000    1.000000000000

    150   P     256             0.8380000    1.000000000000

    151   P     257             0.2920000    1.000000000000

    152   D     258             2.0620000    1.000000000000

    153   D     259             0.6620000    1.000000000000

    154   F     260             1.3970000    1.000000000000

 H         

    155   S     261           190.6916900    0.005342636962
    155   S     262            28.6055320    0.041252338243
    155   S     263             6.5095943    0.210993525698
    155   S     264             1.8412455    0.812128545862

    156   S     265             0.5985373    1.000000000000

    157   S     266             0.2139762    1.000000000000

    158   S     267             0.0803163    1.000000000000

    159   P     268             2.2920000    1.000000000000

    160   P     269             0.8380000    1.000000000000

    161   P     270             0.2920000    1.000000000000

    162   D     271             2.0620000    1.000000000000

    163   D     272             0.6620000    1.000000000000

    164   F     273             1.3970000    1.000000000000

 H         

    165   S     274           190.6916900    0.005342636962
    165   S     275            28.6055320    0.041252338243
    165   S     276             6.5095943    0.210993525698
    165   S     277             1.8412455    0.812128545862

    166   S     278             0.5985373    1.000000000000

    167   S     279             0.2139762    1.000000000000

    168   S     280             0.0803163    1.000000000000

    169   P     281             2.2920000    1.000000000000

    170   P     282             0.8380000    1.000000000000

    171   P     283             0.2920000    1.000000000000

    172   D     284             2.0620000    1.000000000000

    173   D     285             0.6620000    1.000000000000

    174   F     286             1.3970000    1.000000000000

 Total Number of Basis Set Shells             =  174
 Total Number of Primitives                   =  286
 Number of Spherical Gaussian Basis Functions =  574
 Total Number of Auxiliary Basis Set Shells   =  226
 Number of Sph. Gaussian Auxiliary Set Func.  =  758
 Number of Electrons                          =   94
 Charge of Molecule                           =    0
 Spin Multiplicity                            =    1
 Number of Occupied Orbitals (Alpha)          =   47
 Number of Occupied Orbitals (Beta )          =   47
 Total Number of Atoms                        =   12

 Nuclear Energy =      532.4345696465

 Note: This calculation is using an effective core potential
 so NE and ENUC will be adjusted later after removal of the Core

 Input Run Options
 -----------------
 IRUNTYP = 1  MULT = 1  ICHARG =  0 IECP = 1  IEMOM = 1  UNITS = ANGS    

 ECP Potentials
 --------------
 Parameters for "I-ECP   " on Atom  1 with ZCORE 28 and LMAX 3 are

 for L= 3      COEFF    N           ZETA
    1      -21.84204    2       19.45861
    1      -28.46819    2       19.34926
    1       -0.24371    2        4.82377
    1       -0.32080    2        4.88431
 for L= 0      COEFF    N           ZETA
    1       49.99429    2       40.01584
    1      281.02532    2       17.42975
    1       61.57333    2        9.00548
    1       21.84204    2       19.45861
    1       28.46819    2       19.34926
    1        0.24371    2        4.82377
    1        0.32080    2        4.88431
 for L= 1      COEFF    N           ZETA
    1       67.44284    2       15.35547
    1      134.88114    2       14.97183
    1       14.67505    2        8.96016
    1       29.37567    2        8.25910
    1       21.84204    2       19.45861
    1       28.46819    2       19.34926
    1        0.24371    2        4.82377
    1        0.32080    2        4.88431
 for L= 2      COEFF    N           ZETA
    1       35.43953    2       15.06891
    1       53.17606    2       14.55532
    1        9.06719    2        6.71865
    1       13.20694    2        6.45639
    1        0.08933    2        1.19178
    1        0.05238    2        1.29116
    1       21.84204    2       19.45861
    1       28.46819    2       19.34926
    1        0.24371    2        4.82377
    1        0.32080    2        4.88431

 The ECP removes  28 core electrons and  28 protons

 Number of electrons kept in the run =   66
 Number of occupied orbitals (Alpha) =   33
 Number of occupied orbitals (Beta)  =   33

 Adjusted Nuclear Energy =      354.2550408257


 Integral Options
 ----------------
 ERITYP = RI     AUX = JKFIT   ISCHWZ = 1   CUTOFF = 1.0E-09

 Input NOF Options
 -----------------

 Natural Orbital Functional Selected:    (IPNOF)         8
 Modified version of GNOF (GNOFm):       (Imod)          1

 Type of calculation = ICOEF2 + ICOEF1:  (ICOEF)        21
 Use Softmax function for Occ. Opt.:     (ISOFTMAX)      1
 Type of Orb. Opt. = Orbital Rotations:  (IORBOPT)       2
 Maximum Number of Coef Outer Iter.:     (MAXIT21)       3
 Maximum Number of Occ-Coef Outer Iter.: (MAXIT)      1000

 Restart calculation Option:             (RESTART)       F
 Restart Gamma Matrix from GCF file:     (INPUTGAMMA)    1
 Coefficient Matrix from GCF file:       (INPUTC)        1
 Diagonal Elements FMIUG from GCF file:  (INPUTFMIUG)    0
 Cartesian Coordinates from GCF file:    (INPUTCXYZ)     0

 Threshold Lambda Convergence=10**(-N):  (NTHRESHL)      3
 Threshold Energy Convergence=10**(-N):  (NTHRESHE)      5
 Max. Number of Inner Coef. Iterations:  (MAXLOOP)      10
 Orthogonalize the initial Orbitals:     (ORTHO)         T

 Output Option:                          (NPRINT)        0
 Output the Coefficient Matrix:          (IWRITEC)       0
 Do a Mulliken Population Analysis:      (IMULPOP)       0
 Write Information into a WFN file:      (IAIMPAC)       1
 Write Information into a FCHK file:     (IFCHK)         1
 Write Information into a MLP file:      (MOLDEN)        1
 Create Ini. Cond. (ini.xyz) file:       (INICOND)       1
 Calculate IPs using Ext. Koopmans Theo: (IEKT)          0
 Write APSG expansion coefficient file:  (APSG)          F
 Output option for Lagrange Multipliers: (PRINTLAG)      F
 Diagonalize matrix of Lag. Multipliers: (DIAGLAG)       F

------------------------------------------------------------------------

 Orbital Space
 -------------

 Inactive Doubly occupied orbitals up to NO1  =    0
 No. considered Strongly Doubly occupied MOs  =   33
 No. considered Strongly Singly occupied MOs  =    0
 NO. of Weakly occ. per St. Doubly occ.  MOs (NCWO)   =   16
 Dimension of the Active Nat. Orb. subspace   =  561
 Secondary Empty orbitals                     =   13

 1e- integrals
 -------------
 Time to do integrals =      0.74

 2e- integrals
 -------------
 DONTW option skips storage 2e- integrals on Unit 1
 Time to do integrals =      3.62

 No violations of the orthonormality

   INITIAL VALUES
  =================

   OM     Occupation      Elag Diag

    1      1.9674868     -0.4575244
    2      1.9940868     -2.2809446
    3      1.9845756     -2.0444958
    4      1.9999736    -11.2683362
    5      1.9658346     -0.4194611
    6      1.9827955     -1.7404367
    7      1.9844780     -1.1523693
    8      1.9993704     -5.6082232
    9      1.9795021     -0.8279277
   10      1.9838023     -1.0141015
   11      1.9705988     -0.6244353
   12      1.9727298     -0.6242311
   13      1.9773272     -1.5512693
   14      1.9657280     -0.4372318
   15      1.9678991     -0.3971683
   16      1.9993179     -5.6006242
   17      1.9723358     -0.6268236
   18      1.9999741    -11.2615568
   19      1.9997153     -7.7475379
   20      1.9999728    -11.2652624
   21      1.9999735    -11.2636258
   22      1.9840472     -1.9699924
   23      1.9762238     -0.7359272
   24      1.9844364     -1.9951139
   25      1.9699837     -0.3946866
   26      1.9766418     -0.7951342
   27      1.9728953     -0.6297846
   28      1.9755250     -0.7087094
   29      1.9666313     -0.5307646
   30      1.9999741    -11.2610848
   31      1.9834757     -1.8723535
   32      1.9999739    -11.2618979
   33      1.9992617     -5.6018038
   34      0.0002459     -0.0017185
   35      0.0000002     -0.0000006
   36      0.0000095     -0.0000490
   37      0.0000021     -0.0000163
   38      0.0000016     -0.0000048
   39      0.0000971     -0.0002988
   40      0.0000427     -0.0001480
   41      0.0154099     -0.0276113
   42      0.0000009     -0.0000031
   43      0.0000105     -0.0000538
   44      0.0004114     -0.0011009
   45      0.0000305     -0.0001509
   46      0.0000012     -0.0000545
   47      0.0000048     -0.0000339
   48      0.0000275     -0.0003622
   49      0.0000005     -0.0000059
   50      0.0033694     -0.0062850
   51      0.0000144     -0.0001180
   52      0.0002067     -0.0005080
   53      0.0000002     -0.0000004
   54      0.0000004     -0.0000014
   55      0.0003008     -0.0007833
   56      0.0027298     -0.0054375
   57      0.0017099     -0.0068433
   58      0.0018991     -0.0041431
   59      0.0000093     -0.0000586
   60      0.0001877     -0.0006060
   61      0.0000453     -0.0002064
   62      0.0000045     -0.0000120
   63      0.0000004     -0.0000020
   64      0.0000048     -0.0000277
   65      0.0013556     -0.0042577
   66      0.0000061     -0.0000209
   67      0.0000124     -0.0001235
   68      0.0000014     -0.0000209
   69      0.0149489     -0.0479461
   70      0.0000039     -0.0000259
   71      0.0000136     -0.0000476
   72      0.0168674     -0.0284530
   73      0.0033007     -0.0063763
   74      0.0026074     -0.0057053
   75      0.0000001     -0.0000004
   76      0.0000074     -0.0000405
   77      0.0006702     -0.0016715
   78      0.0000068     -0.0000370
   79      0.0000002     -0.0000007
   80      0.0000011     -0.0000272
   81      0.0000067     -0.0000421
   82      0.0000018     -0.0000161
   83      0.0000330     -0.0001181
   84      0.0000172     -0.0001264
   85      0.0000001     -0.0000004
   86      0.0000875     -0.0002458
   87      0.0000002     -0.0000006
   88      0.0000010     -0.0000038
   89      0.0000008     -0.0000025
   90      0.0001716     -0.0005517
   91      0.0014567     -0.0038461
   92      0.0000152     -0.0001024
   93      0.0016425     -0.0071751
   94      0.0007852     -0.0029492
   95      0.0007410     -0.0015828
   96      0.0000005     -0.0000061
   97      0.0153370     -0.0496937
   98      0.0000662     -0.0003976
   99      0.0000001     -0.0000002
  100      0.0000213     -0.0001946
  101      0.0000002     -0.0000007
  102      0.0000224     -0.0001142
  103      0.0000010     -0.0000169
  104      0.0002139     -0.0004940
  105      0.0014327     -0.0035564
  106      0.0000152     -0.0000574
  107      0.0003436     -0.0009305
  108      0.0000016     -0.0000058
  109      0.0000149     -0.0000793
  110      0.0000537     -0.0001878
  111      0.0000273     -0.0001393
  112      0.0000021     -0.0000231
  113      0.0000003     -0.0000025
  114      0.0000134     -0.0001501
  115      0.0000003     -0.0000016
  116      0.0136759     -0.0229929
  117      0.0000135     -0.0001376
  118      0.0000001     -0.0000003
  119      0.0000406     -0.0001110
  120      0.0000006     -0.0000027
  121      0.0000455     -0.0001602
  122      0.0000423     -0.0001452
  123      0.0008905     -0.0033010
  124      0.0079826     -0.0151752
  125      0.0000143     -0.0001195
  126      0.0002110     -0.0007347
  127      0.0000610     -0.0002838
  128      0.0000412     -0.0001032
  129      0.0000010     -0.0000124
  130      0.0000104     -0.0000549
  131      0.0012412     -0.0040436
  132      0.0175095     -0.0248952
  133      0.0000873     -0.0007694
  134      0.0000002     -0.0000008
  135      0.0009078     -0.0034328
  136      0.0000012     -0.0000381
  137      0.0000045     -0.0000129
  138      0.0000756     -0.0002546
  139      0.0001177     -0.0003846
  140      0.0003503     -0.0009592
  141      0.0000027     -0.0000108
  142      0.0000052     -0.0000301
  143      0.0000753     -0.0002583
  144      0.0007282     -0.0029690
  145      0.0000026     -0.0000167
  146      0.0000002     -0.0000012
  147      0.0000109     -0.0000761
  148      0.0000016     -0.0000210
  149      0.0004947     -0.0013199
  150      0.0000267     -0.0002913
  151      0.0002137     -0.0005208
  152      0.0000002     -0.0000003
  153      0.0000002     -0.0000008
  154      0.0000061     -0.0000239
  155      0.0000002     -0.0000003
  156      0.0004298     -0.0015421
  157      0.0010368     -0.0031245
  158      0.0000474     -0.0003521
  159      0.0005537     -0.0016964
  160      0.0000362     -0.0001687
  161      0.0033592     -0.0061615
  162      0.0000040     -0.0000273
  163      0.0000025     -0.0000133
  164      0.0001967     -0.0013800
  165      0.0000009     -0.0000024
  166      0.0000122     -0.0000986
  167      0.0000001     -0.0000005
  168      0.0001348     -0.0006309
  169      0.0000001     -0.0000006
  170      0.0000052     -0.0000134
  171      0.0000991     -0.0003122
  172      0.0002283     -0.0006155
  173      0.0013572     -0.0035985
  174      0.0000013     -0.0000043
  175      0.0000169     -0.0000904
  176      0.0000045     -0.0000173
  177      0.0000244     -0.0001246
  178      0.0000002     -0.0000006
  179      0.0000027     -0.0000175
  180      0.0000083     -0.0000503
  181      0.0000007     -0.0000065
  182      0.0000039     -0.0000148
  183      0.0002334     -0.0016184
  184      0.0000016     -0.0000053
  185      0.0245836     -0.0323492
  186      0.0000007     -0.0000029
  187      0.0005606     -0.0013085
  188      0.0039807     -0.0076703
  189      0.0001987     -0.0006041
  190      0.0004327     -0.0011482
  191      0.0000876     -0.0007394
  192      0.0003754     -0.0018869
  193      0.0000470     -0.0002150
  194      0.0001045     -0.0002762
  195      0.0000003     -0.0000021
  196      0.0000051     -0.0000300
  197      0.0000517     -0.0002883
  198      0.0000029     -0.0000106
  199      0.0000169     -0.0001100
  200      0.0000002     -0.0000006
  201      0.0003188     -0.0014872
  202      0.0000038     -0.0000251
  203      0.0004632     -0.0010538
  204      0.0003411     -0.0009463
  205      0.0000069     -0.0000254
  206      0.0001032     -0.0003442
  207      0.0000116     -0.0000407
  208      0.0000178     -0.0000920
  209      0.0001298     -0.0003753
  210      0.0000231     -0.0001291
  211      0.0000001     -0.0000006
  212      0.0000002     -0.0000007
  213      0.0000240     -0.0002880
  214      0.0000003     -0.0000014
  215      0.0000694     -0.0002367
  216      0.0000190     -0.0001344
  217      0.0000001     -0.0000003
  218      0.0000030     -0.0000091
  219      0.0000002     -0.0000006
  220      0.0008732     -0.0024959
  221      0.0000001     -0.0000003
  222      0.0012543     -0.0037005
  223      0.0001216     -0.0004080
  224      0.0000136     -0.0001179
  225      0.0002631     -0.0008196
  226      0.0000384     -0.0001814
  227      0.0000329     -0.0000850
  228      0.0000014     -0.0000201
  229      0.0000043     -0.0000234
  230      0.0000787     -0.0005236
  231      0.0000001     -0.0000002
  232      0.0000197     -0.0001249
  233      0.0000004     -0.0000056
  234      0.0000066     -0.0000364
  235      0.0000033     -0.0000231
  236      0.0002110     -0.0004987
  237      0.0002044     -0.0005766
  238      0.0161377     -0.0265098
  239      0.0000738     -0.0002621
  240      0.0000043     -0.0000154
  241      0.0000046     -0.0000256
  242      0.0000073     -0.0000273
  243      0.0149281     -0.0484340
  244      0.0000002     -0.0000007
  245      0.0000013     -0.0000255
  246      0.0000148     -0.0001500
  247      0.0000004     -0.0000022
  248      0.0026802     -0.0060801
  249      0.0000095     -0.0000583
  250      0.0000004     -0.0000010
  251      0.0000002     -0.0000003
  252      0.0113184     -0.0419672
  253      0.0000862     -0.0002721
  254      0.0000029     -0.0000111
  255      0.0002892     -0.0010146
  256      0.0002590     -0.0007617
  257      0.0000275     -0.0002765
  258      0.0012068     -0.0037132
  259      0.0001591     -0.0005107
  260      0.0000077     -0.0000173
  261      0.0000059     -0.0000451
  262      0.0000268     -0.0001379
  263      0.0002493     -0.0017350
  264      0.0000001     -0.0000003
  265      0.0000065     -0.0000408
  266      0.0000044     -0.0000356
  267      0.0000118     -0.0000606
  268      0.0000005     -0.0000058
  269      0.0305638     -0.0439280
  270      0.0000960     -0.0003095
  271      0.0000260     -0.0000959
  272      0.0006983     -0.0017234
  273      0.0000004     -0.0000009
  274      0.0000155     -0.0000823
  275      0.0001184     -0.0003700
  276      0.0000341     -0.0001648
  277      0.0000038     -0.0000253
  278      0.0000002     -0.0000006
  279      0.0000084     -0.0000542
  280      0.0000004     -0.0000019
  281      0.0024995     -0.0052176
  282      0.0000103     -0.0000795
  283      0.0083637     -0.0171142
  284      0.0026863     -0.0052288
  285      0.0000008     -0.0000036
  286      0.0000442     -0.0001594
  287      0.0000037     -0.0000146
  288      0.0001992     -0.0006728
  289      0.0005135     -0.0016070
  290      0.0001076     -0.0010165
  291      0.0018686     -0.0066878
  292      0.0006520     -0.0024800
  293      0.0001372     -0.0003490
  294      0.0000002     -0.0000011
  295      0.0000040     -0.0000219
  296      0.0000134     -0.0000694
  297      0.0000001     -0.0000003
  298      0.0000068     -0.0000418
  299      0.0000008     -0.0000086
  300      0.0000544     -0.0002610
  301      0.0000074     -0.0001072
  302      0.0000070     -0.0000170
  303      0.0003923     -0.0009763
  304      0.0000464     -0.0001677
  305      0.0000905     -0.0003002
  306      0.0113397     -0.0201091
  307      0.0000134     -0.0000730
  308      0.0001800     -0.0005050
  309      0.0000142     -0.0000764
  310      0.0000041     -0.0000272
  311      0.0000072     -0.0001044
  312      0.0000059     -0.0000384
  313      0.0000082     -0.0000984
  314      0.0000640     -0.0002129
  315      0.0000199     -0.0001847
  316      0.0000001     -0.0000004
  317      0.0032413     -0.0055753
  318      0.0000001     -0.0000004
  319      0.0006963     -0.0017270
  320      0.0119252     -0.0205896
  321      0.0003375     -0.0012495
  322      0.0006396     -0.0016990
  323      0.0000066     -0.0000419
  324      0.0019418     -0.0064298
  325      0.0000363     -0.0001754
  326      0.0005447     -0.0011819
  327      0.0000008     -0.0000048
  328      0.0000089     -0.0000472
  329      0.0000209     -0.0001047
  330      0.0044573     -0.0080818
  331      0.0000139     -0.0001139
  332      0.0000003     -0.0000013
  333      0.0000196     -0.0000993
  334      0.0000003     -0.0000016
  335      0.0000023     -0.0000080
  336      0.0001329     -0.0003801
  337      0.0000047     -0.0000175
  338      0.0008766     -0.0025328
  339      0.0066958     -0.0134271
  340      0.0000403     -0.0001848
  341      0.0001134     -0.0003457
  342      0.0000265     -0.0001364
  343      0.0000002     -0.0000006
  344      0.0000034     -0.0000247
  345      0.0001207     -0.0011759
  346      0.0000005     -0.0000032
  347      0.0002356     -0.0006361
  348      0.0002623     -0.0018510
  349      0.0000001     -0.0000002
  350      0.0001045     -0.0002803
  351      0.0113459     -0.0419961
  352      0.0165401     -0.0275490
  353      0.0000003     -0.0000006
  354      0.0003792     -0.0013009
  355      0.0011324     -0.0029429
  356      0.0000069     -0.0000421
  357      0.0001408     -0.0004691
  358      0.0000839     -0.0003771
  359      0.0003345     -0.0007801
  360      0.0000072     -0.0000996
  361      0.0000019     -0.0000110
  362      0.0000327     -0.0001590
  363      0.0000064     -0.0000172
  364      0.0001996     -0.0014236
  365      0.0000027     -0.0000186
  366      0.0000052     -0.0000309
  367      0.0000013     -0.0000250
  368      0.0000292     -0.0000751
  369      0.0007228     -0.0017182
  370      0.0000538     -0.0001817
  371      0.0000921     -0.0003107
  372      0.0109875     -0.0195121
  373      0.0000058     -0.0000342
  374      0.0000795     -0.0002699
  375      0.0000148     -0.0000755
  376      0.0000002     -0.0000008
  377      0.0000002     -0.0000011
  378      0.0000077     -0.0000481
  379      0.0000011     -0.0000444
  380      0.0000142     -0.0000528
  381      0.0000087     -0.0000566
  382      0.0086952     -0.0174258
  383      0.0000038     -0.0000131
  384      0.0000003     -0.0000010
  385      0.0003371     -0.0009319
  386      0.0000597     -0.0001922
  387      0.0001227     -0.0004322
  388      0.0014331     -0.0041261
  389      0.0000244     -0.0001961
  390      0.0001620     -0.0005716
  391      0.0000258     -0.0001304
  392      0.0000108     -0.0000364
  393      0.0000013     -0.0000270
  394      0.0000030     -0.0000159
  395      0.0013528     -0.0042819
  396      0.0000014     -0.0000039
  397      0.0000074     -0.0000442
  398      0.0000077     -0.0001047
  399      0.0000243     -0.0001226
  400      0.0000002     -0.0000011
  401      0.0015548     -0.0033991
  402      0.0001150     -0.0003662
  403      0.0000897     -0.0002868
  404      0.0001560     -0.0004745
  405      0.0000006     -0.0000018
  406      0.0001526     -0.0009150
  407      0.0018169     -0.0038170
  408      0.0000282     -0.0001406
  409      0.0000005     -0.0000058
  410      0.0000003     -0.0000014
  411      0.0000129     -0.0001449
  412      0.0000004     -0.0000025
  413      0.0000190     -0.0000681
  414      0.0000071     -0.0000441
  415      0.0000001     -0.0000002
  416      0.0000016     -0.0000055
  417      0.0000004     -0.0000018
  418      0.0000676     -0.0002194
  419      0.0000012     -0.0000044
  420      0.0005310     -0.0016850
  421      0.0005964     -0.0015130
  422      0.0000084     -0.0000509
  423      0.0002826     -0.0009344
  424      0.0000273     -0.0001348
  425      0.0000567     -0.0001554
  426      0.0000015     -0.0000163
  427      0.0000032     -0.0000176
  428      0.0000551     -0.0003484
  429      0.0064949     -0.0120550
  430      0.0000114     -0.0000901
  431      0.0000002     -0.0000007
  432      0.0000252     -0.0001301
  433      0.0000002     -0.0000008
  434      0.0000363     -0.0000801
  435      0.0008714     -0.0025590
  436      0.0008371     -0.0020602
  437      0.0002210     -0.0006514
  438      0.0000007     -0.0000024
  439      0.0000357     -0.0001728
  440      0.0002559     -0.0007252
  441      0.0000146     -0.0000763
  442      0.0000003     -0.0000024
  443      0.0000020     -0.0000158
  444      0.0000014     -0.0000077
  445      0.0000025     -0.0000170
  446      0.0000061     -0.0000225
  447      0.0000068     -0.0000415
  448      0.0000009     -0.0000029
  449      0.0000053     -0.0000139
  450      0.0000012     -0.0000059
  451      0.0045079     -0.0083348
  452      0.0106134     -0.0178872
  453      0.0009892     -0.0033170
  454      0.0003333     -0.0009972
  455      0.0000104     -0.0000685
  456      0.0050657     -0.0112999
  457      0.0000242     -0.0001257
  458      0.0000189     -0.0000605
  459      0.0000004     -0.0000022
  460      0.0000046     -0.0000253
  461      0.0006141     -0.0028355
  462      0.0000241     -0.0000836
  463      0.0000193     -0.0001462
  464      0.0000010     -0.0000451
  465      0.0000081     -0.0000431
  466      0.0000001     -0.0000004
  467      0.0002569     -0.0005991
  468      0.0026946     -0.0055818
  469      0.0000971     -0.0003108
  470      0.0002226     -0.0006213
  471      0.0009492     -0.0021199
  472      0.0000062     -0.0000364
  473      0.0087081     -0.0163341
  474      0.0000127     -0.0000655
  475      0.0000052     -0.0000427
  476      0.0000002     -0.0000009
  477      0.0000098     -0.0000608
  478      0.0000062     -0.0000427
  479      0.0000026     -0.0000101
  480      0.0000066     -0.0000429
  481      0.0093145     -0.0186108
  482      0.0034410     -0.0063764
  483      0.0000002     -0.0000009
  484      0.0000043     -0.0000166
  485      0.0000403     -0.0001392
  486      0.0022835     -0.0071310
  487      0.0009234     -0.0029199
  488      0.0000093     -0.0000562
  489      0.0004190     -0.0015383
  490      0.0000303     -0.0001402
  491      0.0000725     -0.0002048
  492      0.0000003     -0.0000014
  493      0.0000036     -0.0000188
  494      0.0003285     -0.0023661
  495      0.0033335     -0.0058488
  496      0.0000492     -0.0004008
  497      0.0000007     -0.0000044
  498      0.0000135     -0.0000681
  499      0.0000003     -0.0000019
  500      0.0000028     -0.0000098
  501      0.0001160     -0.0003900
  502      0.0060340     -0.0116835
  503      0.0006181     -0.0016014
  504      0.0000190     -0.0000500
  505      0.0151758     -0.0492163
  506      0.0000186     -0.0000699
  507      0.0000202     -0.0001034
  508      0.0000003     -0.0000018
  509      0.0000010     -0.0000285
  510      0.0000033     -0.0000199
  511      0.0000003     -0.0000016
  512      0.0044525     -0.0083161
  513      0.0000188     -0.0001785
  514      0.0000014     -0.0000045
  515      0.0000728     -0.0002112
  516      0.0000015     -0.0000078
  517      0.0031799     -0.0060588
  518      0.0000002     -0.0000004
  519      0.0044932     -0.0110894
  520      0.0004164     -0.0011687
  521      0.0000080     -0.0000465
  522      0.0008824     -0.0034498
  523      0.0001043     -0.0004421
  524      0.0000853     -0.0002439
  525      0.0000011     -0.0000356
  526      0.0000023     -0.0000126
  527      0.0002351     -0.0014988
  528      0.0000126     -0.0000450
  529      0.0000086     -0.0000570
  530      0.0000056     -0.0000473
  531      0.0000137     -0.0000727
  532      0.0000002     -0.0000007
  533      0.0000027     -0.0000093
  534      0.0002167     -0.0005901
  535      0.0000667     -0.0002243
  536      0.0001377     -0.0004340
  537      0.0000010     -0.0000034
  538      0.0000410     -0.0002037
  539      0.0111332     -0.0187031
  540      0.0000189     -0.0000976
  541      0.0000055     -0.0000631
  542      0.0000018     -0.0000191
  543      0.0000091     -0.0000573
  544      0.0000008     -0.0000069
  545      0.0000441     -0.0001591
  546      0.0000077     -0.0000466
  547      0.0053022     -0.0120502
  548      0.0000000     -0.0000002
  549      0.0000018     -0.0000102
  550      0.0000193     -0.0000727
  551      0.0000006     -0.0000019
  552      0.0019182     -0.0046830
  553      0.0013209     -0.0037104
  554      0.0002331     -0.0016417
  555      0.0003188     -0.0013116
  556      0.0150482     -0.0472865
  557      0.0286139     -0.0359147
  558      0.0000002     -0.0000006
  559      0.0000021     -0.0000114
  560      0.0000211     -0.0001086
  561      0.0006632     -0.0015236

   RO Sum (  66) =   66.00

  ---------------
   Dipole Moment
  ---------------

      2.0995 Debye [   0.8260  (  -0.0036,  -0.0011,  -0.8260) ]


  RESULTS OF OCCUPATION-COEFFICIENT OPTIMIZATION
 ================================================

  Ex It  Occ Time  Orb Time  Orb It   Electronic Energy     Total Energy   Energy Convergency    Max Mul-Lag Diff

    1    6.9E+00   3.2E+02      10    -883.1717165229     -528.9166756973    -0.0000000000           0.002272
    2    2.6E+00   1.2E+03      40    -883.1717165229     -528.9166756973     0.0000000000           0.002272
    3    2.6E+00   8.1E+02      29    -883.1719090864     -528.9168682607    -0.0001925634           0.000902
    4    2.5E+00   2.3E+01      29    -883.1719090864     -528.9168682607     0.0000000000           0.000902


  RESULTS OF THE OCCUPATION OPTIMIZATION
 ========================================

   OM     Occupation      Elag Diag

    1      1.9999741    -11.2616656
    2      1.9999741    -11.2612193
    3      1.9999739    -11.2620381
    4      1.9999736    -11.2684540
    5      1.9999735    -11.2637362
    6      1.9999728    -11.2653875
    7      1.9997153     -7.7477120
    8      1.9993704     -5.6083169
    9      1.9993179     -5.6007324
   10      1.9992617     -5.6019442
   11      1.9940868     -2.2778150
   12      1.9845756     -2.0443347
   13      1.9844780     -1.1526126
   14      1.9844364     -1.9950917
   15      1.9840472     -1.9698690
   16      1.9838023     -1.0139777
   17      1.9834757     -1.8749424
   18      1.9827955     -1.7436172
   19      1.9795021     -0.8282376
   20      1.9773272     -1.5496688
   21      1.9766418     -0.7951528
   22      1.9762238     -0.7360614
   23      1.9755250     -0.7086574
   24      1.9728953     -0.6296124
   25      1.9727298     -0.6244920
   26      1.9723358     -0.6269881
   27      1.9705988     -0.6245947
   28      1.9699837     -0.3947774
   29      1.9678991     -0.3972489
   30      1.9674868     -0.4576713
   31      1.9666313     -0.5308324
   32      1.9658346     -0.4194511
   33      1.9657280     -0.4374469
   34      0.0000002     -0.0000004
   35      0.0000045     -0.0000120
   36      0.0000016     -0.0000048
   37      0.0000061     -0.0000208
   38      0.0002067     -0.0005081
   39      0.0000009     -0.0000031
   40      0.0027298     -0.0054368
   41      0.0033694     -0.0062828
   42      0.0003008     -0.0007829
   43      0.0000427     -0.0001484
   44      0.0000971     -0.0002995
   45      0.0004114     -0.0011004
   46      0.0154099     -0.0276186
   47      0.0000004     -0.0000014
   48      0.0018991     -0.0041438
   49      0.0000453     -0.0002061
   50      0.0000095     -0.0000488
   51      0.0017099     -0.0068400
   52      0.0000305     -0.0001501
   53      0.0000105     -0.0000536
   54      0.0001877     -0.0006047
   55      0.0000048     -0.0000277
   56      0.0013556     -0.0042558
   57      0.0002459     -0.0017122
   58      0.0000144     -0.0001183
   59      0.0000093     -0.0000586
   60      0.0000275     -0.0003664
   61      0.0000048     -0.0000339
   62      0.0000012     -0.0000547
   63      0.0000004     -0.0000021
   64      0.0000002     -0.0000007
   65      0.0000021     -0.0000161
   66      0.0000005     -0.0000058
   67      0.0000875     -0.0002456
   68      0.0007410     -0.0015827
   69      0.0000136     -0.0000474
   70      0.0000001     -0.0000002
   71      0.0000001     -0.0000004
   72      0.0000001     -0.0000004
   73      0.0000008     -0.0000026
   74      0.0000330     -0.0001190
   75      0.0000010     -0.0000038
   76      0.0033007     -0.0063704
   77      0.0168674     -0.0284561
   78      0.0006702     -0.0016730
   79      0.0026074     -0.0057001
   80      0.0000002     -0.0000006
   81      0.0014567     -0.0038487
   82      0.0007852     -0.0029508
   83      0.0149489     -0.0479670
   84      0.0001716     -0.0005519
   85      0.0000068     -0.0000370
   86      0.0000074     -0.0000402
   87      0.0016425     -0.0071674
   88      0.0153370     -0.0496903
   89      0.0000662     -0.0004034
   90      0.0000124     -0.0001236
   91      0.0000172     -0.0001258
   92      0.0000152     -0.0001014
   93      0.0000067     -0.0000421
   94      0.0000011     -0.0000275
   95      0.0000002     -0.0000007
   96      0.0000005     -0.0000061
   97      0.0000014     -0.0000202
   98      0.0000039     -0.0000259
   99      0.0000018     -0.0000161
  100      0.0000406     -0.0001107
  101      0.0000412     -0.0001035
  102      0.0002139     -0.0004936
  103      0.0175095     -0.0248945
  104      0.0000001     -0.0000003
  105      0.0000016     -0.0000058
  106      0.0000423     -0.0001455
  107      0.0136759     -0.0229999
  108      0.0000455     -0.0001611
  109      0.0000152     -0.0000577
  110      0.0014327     -0.0035543
  111      0.0000537     -0.0001888
  112      0.0003436     -0.0009318
  113      0.0000006     -0.0000027
  114      0.0079826     -0.0151768
  115      0.0000610     -0.0002813
  116      0.0000224     -0.0001133
  117      0.0008905     -0.0032912
  118      0.0000273     -0.0001395
  119      0.0000149     -0.0000790
  120      0.0002110     -0.0007360
  121      0.0000104     -0.0000547
  122      0.0012412     -0.0040429
  123      0.0000213     -0.0001974
  124      0.0000135     -0.0001373
  125      0.0000143     -0.0001187
  126      0.0000134     -0.0001505
  127      0.0000003     -0.0000026
  128      0.0000021     -0.0000225
  129      0.0000010     -0.0000128
  130      0.0000002     -0.0000007
  131      0.0000010     -0.0000177
  132      0.0000003     -0.0000016
  133      0.0000002     -0.0000003
  134      0.0033592     -0.0061639
  135      0.0000045     -0.0000128
  136      0.0000009     -0.0000024
  137      0.0002137     -0.0005209
  138      0.0000027     -0.0000108
  139      0.0000002     -0.0000004
  140      0.0004947     -0.0013147
  141      0.0000061     -0.0000239
  142      0.0001177     -0.0003842
  143      0.0000756     -0.0002557
  144      0.0000753     -0.0002597
  145      0.0003503     -0.0009575
  146      0.0000002     -0.0000008
  147      0.0010368     -0.0031225
  148      0.0000362     -0.0001689
  149      0.0009078     -0.0034369
  150      0.0004298     -0.0015397
  151      0.0007282     -0.0029727
  152      0.0000052     -0.0000301
  153      0.0005537     -0.0016963
  154      0.0000025     -0.0000133
  155      0.0001967     -0.0013847
  156      0.0000873     -0.0007797
  157      0.0000267     -0.0002923
  158      0.0000474     -0.0003581
  159      0.0000109     -0.0000758
  160      0.0000002     -0.0000012
  161      0.0000026     -0.0000167
  162      0.0000040     -0.0000273
  163      0.0000002     -0.0000008
  164      0.0000012     -0.0000379
  165      0.0000016     -0.0000205
  166      0.0245836     -0.0323527
  167      0.0001045     -0.0002760
  168      0.0000052     -0.0000135
  169      0.0000029     -0.0000107
  170      0.0000016     -0.0000053
  171      0.0000013     -0.0000043
  172      0.0039807     -0.0076697
  173      0.0000039     -0.0000148
  174      0.0005606     -0.0013079
  175      0.0002283     -0.0006161
  176      0.0000991     -0.0003119
  177      0.0000045     -0.0000173
  178      0.0013572     -0.0035994
  179      0.0000007     -0.0000029
  180      0.0004327     -0.0011494
  181      0.0000470     -0.0002142
  182      0.0001348     -0.0006164
  183      0.0001987     -0.0006063
  184      0.0000244     -0.0001242
  185      0.0000169     -0.0000901
  186      0.0003754     -0.0019001
  187      0.0000051     -0.0000301
  188      0.0000517     -0.0002895
  189      0.0000122     -0.0000982
  190      0.0002334     -0.0016189
  191      0.0000876     -0.0007501
  192      0.0000083     -0.0000503
  193      0.0000027     -0.0000175
  194      0.0000002     -0.0000006
  195      0.0000003     -0.0000022
  196      0.0000001     -0.0000005
  197      0.0000001     -0.0000006
  198      0.0000007     -0.0000068
  199      0.0000030     -0.0000091
  200      0.0000329     -0.0000850
  201      0.0004632     -0.0010560
  202      0.0000001     -0.0000002
  203      0.0000001     -0.0000003
  204      0.0000116     -0.0000408
  205      0.0000001     -0.0000003
  206      0.0000694     -0.0002372
  207      0.0008732     -0.0024980
  208      0.0000069     -0.0000254
  209      0.0003411     -0.0009475
  210      0.0001298     -0.0003755
  211      0.0001032     -0.0003436
  212      0.0000002     -0.0000006
  213      0.0001216     -0.0004083
  214      0.0000384     -0.0001810
  215      0.0003188     -0.0014570
  216      0.0012543     -0.0037051
  217      0.0000231     -0.0001289
  218      0.0000178     -0.0000920
  219      0.0002631     -0.0008129
  220      0.0000043     -0.0000234
  221      0.0000787     -0.0005295
  222      0.0000169     -0.0001098
  223      0.0000190     -0.0001355
  224      0.0000136     -0.0001181
  225      0.0000240     -0.0002856
  226      0.0000002     -0.0000007
  227      0.0000001     -0.0000006
  228      0.0000014     -0.0000199
  229      0.0000002     -0.0000007
  230      0.0000038     -0.0000251
  231      0.0000003     -0.0000014
  232      0.0000002     -0.0000003
  233      0.0000077     -0.0000173
  234      0.0002110     -0.0004991
  235      0.0000001     -0.0000003
  236      0.0000004     -0.0000010
  237      0.0000043     -0.0000154
  238      0.0000029     -0.0000111
  239      0.0026802     -0.0060813
  240      0.0000862     -0.0002712
  241      0.0161377     -0.0265018
  242      0.0002044     -0.0005753
  243      0.0000073     -0.0000274
  244      0.0000738     -0.0002623
  245      0.0113184     -0.0419578
  246      0.0002590     -0.0007583
  247      0.0001591     -0.0005098
  248      0.0000066     -0.0000364
  249      0.0002892     -0.0010302
  250      0.0149281     -0.0484410
  251      0.0000046     -0.0000255
  252      0.0012068     -0.0037149
  253      0.0000268     -0.0001379
  254      0.0002493     -0.0017340
  255      0.0000197     -0.0001254
  256      0.0000095     -0.0000581
  257      0.0000275     -0.0002780
  258      0.0000148     -0.0001506
  259      0.0000013     -0.0000251
  260      0.0000002     -0.0000007
  261      0.0000059     -0.0000447
  262      0.0000004     -0.0000059
  263      0.0000033     -0.0000231
  264      0.0000004     -0.0000022
  265      0.0026863     -0.0052306
  266      0.0001372     -0.0003499
  267      0.0305638     -0.0439288
  268      0.0000001     -0.0000003
  269      0.0083637     -0.0171093
  270      0.0000004     -0.0000010
  271      0.0000037     -0.0000146
  272      0.0024995     -0.0052186
  273      0.0000442     -0.0001599
  274      0.0000260     -0.0000961
  275      0.0000960     -0.0003085
  276      0.0001184     -0.0003695
  277      0.0006983     -0.0017224
  278      0.0000008     -0.0000036
  279      0.0005135     -0.0016057
  280      0.0006520     -0.0024723
  281      0.0000118     -0.0000604
  282      0.0001992     -0.0006778
  283      0.0000341     -0.0001646
  284      0.0000155     -0.0000820
  285      0.0018686     -0.0066838
  286      0.0000040     -0.0000218
  287      0.0000134     -0.0000700
  288      0.0000065     -0.0000408
  289      0.0000103     -0.0000805
  290      0.0001076     -0.0010233
  291      0.0000084     -0.0000540
  292      0.0000002     -0.0000006
  293      0.0000038     -0.0000253
  294      0.0000002     -0.0000012
  295      0.0000044     -0.0000359
  296      0.0000005     -0.0000056
  297      0.0000004     -0.0000019
  298      0.0032413     -0.0055741
  299      0.0005447     -0.0011794
  300      0.0000070     -0.0000170
  301      0.0044573     -0.0080798
  302      0.0000001     -0.0000004
  303      0.0113397     -0.0201067
  304      0.0119252     -0.0205836
  305      0.0000640     -0.0002123
  306      0.0006963     -0.0017237
  307      0.0000464     -0.0001680
  308      0.0003923     -0.0009755
  309      0.0001800     -0.0005048
  310      0.0000905     -0.0003015
  311      0.0000001     -0.0000004
  312      0.0006396     -0.0016978
  313      0.0000363     -0.0001743
  314      0.0000544     -0.0002584
  315      0.0003375     -0.0012509
  316      0.0000142     -0.0000763
  317      0.0000134     -0.0000730
  318      0.0019418     -0.0064191
  319      0.0000089     -0.0000471
  320      0.0000209     -0.0001053
  321      0.0000068     -0.0000418
  322      0.0000199     -0.0001833
  323      0.0000066     -0.0000419
  324      0.0000059     -0.0000384
  325      0.0000072     -0.0001043
  326      0.0000041     -0.0000273
  327      0.0000008     -0.0000049
  328      0.0000008     -0.0000089
  329      0.0000074     -0.0001074
  330      0.0000082     -0.0000986
  331      0.0001045     -0.0002801
  332      0.0003345     -0.0007760
  333      0.0000023     -0.0000080
  334      0.0000064     -0.0000171
  335      0.0000001     -0.0000002
  336      0.0066958     -0.0134267
  337      0.0000003     -0.0000006
  338      0.0002356     -0.0006350
  339      0.0165401     -0.0275510
  340      0.0000047     -0.0000175
  341      0.0001329     -0.0003792
  342      0.0001134     -0.0003471
  343      0.0008766     -0.0025306
  344      0.0113459     -0.0419942
  345      0.0011324     -0.0029468
  346      0.0000839     -0.0003718
  347      0.0000196     -0.0000991
  348      0.0003792     -0.0013067
  349      0.0000265     -0.0001360
  350      0.0000403     -0.0001829
  351      0.0001408     -0.0004709
  352      0.0000019     -0.0000110
  353      0.0000327     -0.0001602
  354      0.0000139     -0.0001135
  355      0.0002623     -0.0018498
  356      0.0000069     -0.0000420
  357      0.0001207     -0.0011898
  358      0.0000034     -0.0000247
  359      0.0000002     -0.0000006
  360      0.0000072     -0.0001000
  361      0.0000003     -0.0000013
  362      0.0000003     -0.0000016
  363      0.0000005     -0.0000033
  364      0.0000038     -0.0000130
  365      0.0000108     -0.0000364
  366      0.0000292     -0.0000748
  367      0.0000014     -0.0000039
  368      0.0086952     -0.0174259
  369      0.0109875     -0.0195120
  370      0.0000597     -0.0001924
  371      0.0000142     -0.0000529
  372      0.0003371     -0.0009231
  373      0.0000538     -0.0001822
  374      0.0007228     -0.0017176
  375      0.0000795     -0.0002706
  376      0.0000921     -0.0003106
  377      0.0000003     -0.0000010
  378      0.0014331     -0.0041152
  379      0.0000258     -0.0001305
  380      0.0000052     -0.0000310
  381      0.0001227     -0.0004332
  382      0.0000148     -0.0000753
  383      0.0000058     -0.0000341
  384      0.0001620     -0.0005683
  385      0.0000030     -0.0000160
  386      0.0013528     -0.0042790
  387      0.0001996     -0.0014322
  388      0.0000087     -0.0000568
  389      0.0000244     -0.0001970
  390      0.0000077     -0.0000481
  391      0.0000002     -0.0000012
  392      0.0000002     -0.0000008
  393      0.0000013     -0.0000269
  394      0.0000027     -0.0000186
  395      0.0000013     -0.0000247
  396      0.0000011     -0.0000453
  397      0.0000016     -0.0000055
  398      0.0000567     -0.0001550
  399      0.0015548     -0.0033952
  400      0.0064949     -0.0120537
  401      0.0000001     -0.0000002
  402      0.0000006     -0.0000018
  403      0.0000012     -0.0000044
  404      0.0000190     -0.0000682
  405      0.0000676     -0.0002187
  406      0.0000897     -0.0002871
  407      0.0001150     -0.0003665
  408      0.0018169     -0.0038161
  409      0.0001560     -0.0004748
  410      0.0000004     -0.0000018
  411      0.0005964     -0.0015181
  412      0.0000273     -0.0001346
  413      0.0000243     -0.0001224
  414      0.0005310     -0.0016789
  415      0.0000282     -0.0001404
  416      0.0001526     -0.0009046
  417      0.0002826     -0.0009339
  418      0.0000032     -0.0000176
  419      0.0000551     -0.0003512
  420      0.0000074     -0.0000441
  421      0.0000071     -0.0000442
  422      0.0000084     -0.0000511
  423      0.0000129     -0.0001450
  424      0.0000003     -0.0000014
  425      0.0000005     -0.0000058
  426      0.0000015     -0.0000158
  427      0.0000077     -0.0001043
  428      0.0000002     -0.0000011
  429      0.0000004     -0.0000025
  430      0.0000053     -0.0000140
  431      0.0000189     -0.0000605
  432      0.0000363     -0.0000802
  433      0.0000241     -0.0000837
  434      0.0000009     -0.0000029
  435      0.0000007     -0.0000024
  436      0.0106134     -0.0178880
  437      0.0000061     -0.0000226
  438      0.0045079     -0.0083331
  439      0.0008371     -0.0020616
  440      0.0008714     -0.0025617
  441      0.0002559     -0.0007258
  442      0.0002210     -0.0006491
  443      0.0000012     -0.0000059
  444      0.0003333     -0.0009985
  445      0.0000242     -0.0001259
  446      0.0000252     -0.0001300
  447      0.0009892     -0.0033161
  448      0.0000146     -0.0000762
  449      0.0000357     -0.0001725
  450      0.0050657     -0.0113079
  451      0.0000046     -0.0000253
  452      0.0006141     -0.0028529
  453      0.0000114     -0.0000905
  454      0.0000068     -0.0000414
  455      0.0000104     -0.0000694
  456      0.0000014     -0.0000077
  457      0.0000020     -0.0000158
  458      0.0000003     -0.0000024
  459      0.0000004     -0.0000023
  460      0.0000002     -0.0000007
  461      0.0000002     -0.0000009
  462      0.0000025     -0.0000169
  463      0.0034410     -0.0063845
  464      0.0000725     -0.0002043
  465      0.0002569     -0.0005984
  466      0.0033335     -0.0058482
  467      0.0093145     -0.0186111
  468      0.0009492     -0.0021200
  469      0.0000403     -0.0001394
  470      0.0000026     -0.0000102
  471      0.0000043     -0.0000166
  472      0.0000971     -0.0003108
  473      0.0026946     -0.0055831
  474      0.0087081     -0.0163333
  475      0.0002226     -0.0006216
  476      0.0000002     -0.0000009
  477      0.0009234     -0.0029148
  478      0.0000303     -0.0001394
  479      0.0000081     -0.0000429
  480      0.0022835     -0.0071414
  481      0.0000127     -0.0000650
  482      0.0000062     -0.0000364
  483      0.0004190     -0.0015393
  484      0.0000036     -0.0000188
  485      0.0003285     -0.0024021
  486      0.0000193     -0.0001477
  487      0.0000066     -0.0000428
  488      0.0000093     -0.0000563
  489      0.0000098     -0.0000605
  490      0.0000002     -0.0000009
  491      0.0000052     -0.0000432
  492      0.0000003     -0.0000014
  493      0.0000010     -0.0000456
  494      0.0000001     -0.0000004
  495      0.0000062     -0.0000426
  496      0.0000728     -0.0002111
  497      0.0000853     -0.0002437
  498      0.0000028     -0.0000097
  499      0.0000126     -0.0000452
  500      0.0000014     -0.0000045
  501      0.0000190     -0.0000499
  502      0.0000002     -0.0000004
  503      0.0044525     -0.0083178
  504      0.0031799     -0.0060606
  505      0.0060340     -0.0116999
  506      0.0001160     -0.0003897
  507      0.0000186     -0.0000707
  508      0.0006181     -0.0015964
  509      0.0000015     -0.0000077
  510      0.0004164     -0.0011709
  511      0.0001043     -0.0004392
  512      0.0000135     -0.0000679
  513      0.0044932     -0.0110698
  514      0.0000202     -0.0001030
  515      0.0151758     -0.0492175
  516      0.0008824     -0.0034425
  517      0.0000023     -0.0000125
  518      0.0002351     -0.0014913
  519      0.0000492     -0.0004025
  520      0.0000188     -0.0001791
  521      0.0000080     -0.0000466
  522      0.0000033     -0.0000200
  523      0.0000010     -0.0000288
  524      0.0000003     -0.0000018
  525      0.0000011     -0.0000364
  526      0.0000007     -0.0000045
  527      0.0000003     -0.0000020
  528      0.0000003     -0.0000016
  529      0.0000000     -0.0000002
  530      0.0286139     -0.0359145
  531      0.0000027     -0.0000093
  532      0.0006632     -0.0015233
  533      0.0053022     -0.0120505
  534      0.0000010     -0.0000035
  535      0.0000006     -0.0000019
  536      0.0000441     -0.0001584
  537      0.0000193     -0.0000727
  538      0.0000667     -0.0002252
  539      0.0002167     -0.0005898
  540      0.0111332     -0.0187011
  541      0.0001377     -0.0004322
  542      0.0000018     -0.0000102
  543      0.0013209     -0.0037113
  544      0.0150482     -0.0473075
  545      0.0000137     -0.0000724
  546      0.0019182     -0.0046831
  547      0.0000189     -0.0000969
  548      0.0000410     -0.0002045
  549      0.0003188     -0.0013111
  550      0.0000021     -0.0000114
  551      0.0000211     -0.0001093
  552      0.0000086     -0.0000572
  553      0.0000077     -0.0000467
  554      0.0002331     -0.0016389
  555      0.0000091     -0.0000573
  556      0.0000018     -0.0000189
  557      0.0000055     -0.0000637
  558      0.0000002     -0.0000007
  559      0.0000056     -0.0000473
  560      0.0000002     -0.0000007
  561      0.0000008     -0.0000071

   RO Sum (  66) =   66.00

  ---------------
   Dipole Moment
  ---------------

      2.0867 Debye [   0.8210  (  -0.0001,  -0.0052,  -0.8210) ]

 ----------------
  Final Energies  
 ----------------

  Final NOF Total Energy =     -528.9168682607 ( 9.E-04 , 0.E+00 )


  **************************************************
  *                                                *
  *       SINGLE-POINT DoNOF CALCULATION           *
  *                                                *
  *             FULL OPTIMIZATION                  *
  *                                                *
  *  FINAL RESULTS   FINAL RESULTS  FINAL RESULTS  *
  *                                                *
  **************************************************

  **************************************************
  *         No. EXTERNAL ITER =     4              *
  *         No. of TOTAL ITER =   108              *
  **************************************************

  Elapsed real time :   2350.98  (Seconds)

 The execution finished at 23h 45min on the 11/ 5/2025
Recovering execution output...
Moving from /scratch/pobleyef/346695 to /home-nas/pobleyef/Slim-NOF/ncwomax/Slim16/GNOFm20/arina.346695
mkdir -p /home-nas/pobleyef/Slim-NOF/ncwomax/Slim16/GNOFm20/arina.346695
mv /scratch/pobleyef/346695/* /home-nas/pobleyef/Slim-NOF/ncwomax/Slim16/GNOFm20/arina.346695
