Job runing on na07
Choosing scratch ...
Automatic scratch folder selection
/scratch/pobleyef/346694
/scratch/pobleyef/346694 directory
cp HAL59-NIS.gcf HAL59-NIS.inp to  /scratch/pobleyef/346694/.
HAL59-NIS
 This is the OpenMP version of the code
 This is the OpenMP version of the code
 This is the OpenMP version of the code
 This is the OpenMP version of the code
 This is the OpenMP version of the code
 This is the OpenMP version of the code
 This is the OpenMP version of the code
 This is the OpenMP version of the code
 This is the OpenMP version of the code
 This is the OpenMP version of the code
 This is the OpenMP version of the code
 This is the OpenMP version of the code
 This is the OpenMP version of the code
 This is the OpenMP version of the code
 This is the OpenMP version of the code
 This is the OpenMP version of the code
 This is the OpenMP version of the code
 This is the OpenMP version of the code
 This is the OpenMP version of the code
 This is the OpenMP version of the code
 This is the OpenMP version of the code
 This is the OpenMP version of the code
 This is the OpenMP version of the code
 This is the OpenMP version of the code
 This is the OpenMP version of the code
 This is the OpenMP version of the code
 This is the OpenMP version of the code
 This is the OpenMP version of the code
 This is the OpenMP version of the code
 This is the OpenMP version of the code
 This is the OpenMP version of the code
 This is the OpenMP version of the code
 This is the OpenMP version of the code
 This is the OpenMP version of the code
 This is the OpenMP version of the code
 This is the OpenMP version of the code
 This is the OpenMP version of the code
 This is the OpenMP version of the code
 This is the OpenMP version of the code
 This is the OpenMP version of the code
 This is the OpenMP version of the code
 This is the OpenMP version of the code
 This is the OpenMP version of the code
 This is the OpenMP version of the code
 This is the OpenMP version of the code
 This is the OpenMP version of the code
 This is the OpenMP version of the code
 This is the OpenMP version of the code
 This is the OpenMP version of the code
 This is the OpenMP version of the code
 This is the OpenMP version of the code
 This is the OpenMP version of the code
 This is the OpenMP version of the code
 This is the OpenMP version of the code
 This is the OpenMP version of the code
 This is the OpenMP version of the code
 This is the OpenMP version of the code
 This is the OpenMP version of the code
 This is the OpenMP version of the code
 This is the OpenMP version of the code
 This is the OpenMP version of the code
 This is the OpenMP version of the code
 This is the OpenMP version of the code
 This is the OpenMP version of the code
 This is the OpenMP version of the code
 This is the OpenMP version of the code
 This is the OpenMP version of the code
 This is the OpenMP version of the code
 This is the OpenMP version of the code
 This is the OpenMP version of the code
 This is the OpenMP version of the code
 This is the OpenMP version of the code
 This is the OpenMP version of the code
 This is the OpenMP version of the code
 This is the OpenMP version of the code
 This is the OpenMP version of the code
 This is the OpenMP version of the code
 This is the OpenMP version of the code
 This is the OpenMP version of the code
 This is the OpenMP version of the code
 This is the OpenMP version of the code
 This is the OpenMP version of the code
 This is the OpenMP version of the code
 This is the OpenMP version of the code
 This is the OpenMP version of the code
 This is the OpenMP version of the code
 This is the OpenMP version of the code
 This is the OpenMP version of the code
 This is the OpenMP version of the code
 This is the OpenMP version of the code
 This is the OpenMP version of the code
 This is the OpenMP version of the code
 This is the OpenMP version of the code
 This is the OpenMP version of the code
 This is the OpenMP version of the code
 This is the OpenMP version of the code
 This is the OpenMP version of the code
 This is the OpenMP version of the code
 This is the OpenMP version of the code
 This is the OpenMP version of the code
 This is the OpenMP version of the code
 This is the OpenMP version of the code
 This is the OpenMP version of the code
 This is the OpenMP version of the code
 This is the OpenMP version of the code
 This is the OpenMP version of the code
 This is the OpenMP version of the code
 This is the OpenMP version of the code
 This is the OpenMP version of the code
 This is the OpenMP version of the code
 This is the OpenMP version of the code
 This is the OpenMP version of the code
 This is the OpenMP version of the code
 This is the OpenMP version of the code
 This is the OpenMP version of the code
 This is the OpenMP version of the code
 This is the OpenMP version of the code
 This is the OpenMP version of the code
 This is the OpenMP version of the code
 This is the OpenMP version of the code
 This is the OpenMP version of the code
 This is the OpenMP version of the code
 This is the OpenMP version of the code
 This is the OpenMP version of the code
 This is the OpenMP version of the code
 This is the OpenMP version of the code
 This is the OpenMP version of the code
 This is the OpenMP version of the code
 This is the OpenMP version of the code
 This is the OpenMP version of the code
 This is the OpenMP version of the code
 This is the OpenMP version of the code
 This is the OpenMP version of the code
 This is the OpenMP version of the code
 This is the OpenMP version of the code
 This is the OpenMP version of the code
 This is the OpenMP version of the code
 This is the OpenMP version of the code
 This is the OpenMP version of the code
 This is the OpenMP version of the code
 This is the OpenMP version of the code
 This is the OpenMP version of the code
 This is the OpenMP version of the code
 This is the OpenMP version of the code
 This is the OpenMP version of the code
 This is the OpenMP version of the code
 This is the OpenMP version of the code
 This is the OpenMP version of the code
 This is the OpenMP version of the code
 This is the OpenMP version of the code
 This is the OpenMP version of the code
 This is the OpenMP version of the code
 This is the OpenMP version of the code
 This is the OpenMP version of the code
 This is the OpenMP version of the code
 This is the OpenMP version of the code
 This is the OpenMP version of the code
 This is the OpenMP version of the code
 This is the OpenMP version of the code
 This is the OpenMP version of the code
 This is the OpenMP version of the code
 This is the OpenMP version of the code
 This is the OpenMP version of the code
 This is the OpenMP version of the code
 This is the OpenMP version of the code
 This is the OpenMP version of the code
 This is the OpenMP version of the code
 This is the OpenMP version of the code
 This is the OpenMP version of the code
 This is the OpenMP version of the code
 This is the OpenMP version of the code
 This is the OpenMP version of the code
 This is the OpenMP version of the code
 This is the OpenMP version of the code
 This is the OpenMP version of the code
 This is the OpenMP version of the code
 This is the OpenMP version of the code
 This is the OpenMP version of the code
 This is the OpenMP version of the code
 This is the OpenMP version of the code
 This is the OpenMP version of the code
 This is the OpenMP version of the code
 This is the OpenMP version of the code
 This is the OpenMP version of the code
 This is the OpenMP version of the code
 This is the OpenMP version of the code
 This is the OpenMP version of the code
 This is the OpenMP version of the code
 This is the OpenMP version of the code
 This is the OpenMP version of the code
 This is the OpenMP version of the code
 This is the OpenMP version of the code

 The execution started at 23h  6min on the 11/ 5/2025

    ===========================================================
    !                                                         !
    !                        Do N O F                         !
    !                                                         !
    !  (Donostia Natural Orbital Functional Software Program) !
    !                                                         !
    !               COPYRIGHT by Mario Piris                  !
    !                                                         !
    !      Donostia International Physics Center (DIPC)       !
    !       University of the Basque Country (UPV/EHU)        !
    !       Basque Foundation for Science (IKERBASQUE)        !
    !                                                         !
    !          GNU General Public License version 3           !
    !                                                         !
    !                  VERSION: October 2025                  !
    !                                                         !
    ===========================================================

 Run Title
 ---------
  Molname                                                                        

 Basis Set
 ---------
 /home/pobleyef/DoNOFsw/basis/def2-QZVP.bas                                      

 Atom      Charge                Coordinates (Bohr)
                           x             y             z
 I          53.0        0.0000        0.0000        2.7250
 C           6.0        0.0000        2.1744       -2.5738
 N           7.0        0.0000        0.0000       -1.0778
 O           8.0        0.0000        4.3123       -1.8309
 O           8.0        0.0000       -4.3123       -1.8309
 C           6.0        0.0000       -2.1744       -2.5738
 C           6.0        0.0000       -1.2506       -5.2540
 C           6.0        0.0000        1.2506       -5.2540
 H           1.0        0.0000        2.5499       -6.8252
 H           1.0        0.0000       -2.5499       -6.8252

 Atomic Basis Set
 ----------------
 The contracted primitive functions were unnormalized
 The contracted basis functions are now normalized to unity

  Shell Type  Primitive         Exponent  Contraction Coefficient

 I         

      1   S       1         16788.4000000    0.000103586804
      1   S       2          2526.6400000    0.000765531745
      1   S       3           571.9840000    0.003150554741
      1   S       4           150.4340000    0.006717983204
      1   S       5            29.5405000   -0.134384929151
      1   S       6            18.4571000    0.859255064197
      1   S       7            11.5286000   -0.890227518539
      1   S       8             7.0828900   -1.367813214298
      1   S       9             2.5040500    1.808345152379

      2   S      10            25.0586179    0.088686579218
      2   S      11            15.6219794   -0.309437052616
      2   S      12             3.3536325    1.147487780264

      3   S      13             1.3540145    1.000000000000

      4   S      14             0.6743047    1.000000000000

      5   S      15             0.3272714    1.000000000000

      6   S      16             0.1574936    1.000000000000

      7   S      17             0.0743777    1.000000000000

      8   P      18           656.2740000    0.000102263116
      8   P      19           149.2320000    0.000688871318
      8   P      20            19.0153000    0.067339699796
      8   P      21            10.7378000   -0.280108787807
      8   P      22             6.4420800   -0.004916495947
      8   P      23             3.0920300    0.577616914298
      8   P      24             1.5787400    0.569991007671

      9   P      25            15.6605119   -0.024484627992
      9   P      26             4.9250670    0.260041620414
      9   P      27             1.6692320    0.808870366710

     10   P      28             0.7781790    1.000000000000

     11   P      29             0.3560884    1.000000000000

     12   P      30             0.1549324    1.000000000000

     13   P      31             0.0646662    1.000000000000

     14   D      32           318.2240778    0.000120648927
     14   D      33            95.8102274    0.001012623893
     14   D      34            35.3222953    0.005278751941
     14   D      35            13.1074478   -0.017935310228
     14   D      36             6.2949153    0.100128211172
     14   D      37             3.6826101    0.302771472093
     14   D      38             2.0858951    0.397340741727
     14   D      39             1.1644342    0.312691340071

     15   D      40             0.6318061    1.000000000000

     16   D      41             0.3221508    1.000000000000

     17   D      42             0.1349000    1.000000000000

     18   F      43             6.4253614    1.000000000000

     19   F      44             2.1780000    1.000000000000

     20   F      45             0.5878000    1.000000000000

     21   F      46             0.2500000    1.000000000000

     22   G      47             0.4739000    1.000000000000

 C         

     23   S      48         67025.0710290    0.000070988337
     23   S      49         10039.9865380    0.000551759078
     23   S      50          2284.9316911    0.002893301112
     23   S      51           647.1412213    0.012111149913
     23   S      52           211.0947234    0.042822697250
     23   S      53            76.1776439    0.129053328799
     23   S      54            29.6338392    0.318146477908
     23   S      55            12.1877851    0.591790274517

     24   S      56            53.0260063    0.091364916926
     24   S      57            15.2585028    0.928761090236

     25   S      58             5.2403957    1.000000000000

     26   S      59             2.2905022    1.000000000000

     27   S      60             0.6967328    1.000000000000

     28   S      61             0.2759934    1.000000000000

     29   S      62             0.1073988    1.000000000000

     30   P      63           105.1255508    0.002496535013
     30   P      64            24.8844611    0.019546395628
     30   P      65             7.8637231    0.088834946629
     30   P      66             2.8407002    0.294789686074
     30   P      67             1.1227137    0.702715999245

     31   P      68             0.4605073    1.000000000000

     32   P      69             0.1893753    1.000000000000

     33   P      70             0.0759838    1.000000000000

     34   D      71             1.8480000    1.000000000000

     35   D      72             0.6490000    1.000000000000

     36   D      73             0.2280000    1.000000000000

     37   F      74             1.4190000    1.000000000000

     38   F      75             0.4850000    1.000000000000

     39   G      76             1.0110000    1.000000000000

 N         

     40   S      77         90726.8892100    0.000070982346
     40   S      78         13590.5288010    0.000551712516
     40   S      79          3092.9883781    0.002893067845
     40   S      80           875.9987636    0.012111212150
     40   S      81           285.7446998    0.042834127812
     40   S      82           103.1191342    0.129198809022
     40   S      83            40.1285568    0.318818920022
     40   S      84            16.5280957    0.590844885361

     41   S      85            69.3909610    0.094659213180
     41   S      86            20.4282006    0.925496499302

     42   S      87             7.1292588    1.000000000000

     43   S      88             3.1324305    1.000000000000

     44   S      89             0.9875578    1.000000000000

     45   S      90             0.3876572    1.000000000000

     46   S      91             0.1490988    1.000000000000

     47   P      92           150.0574267   -0.002450051156
     47   P      93            35.4915995   -0.019486267495
     47   P      94            11.2478642   -0.090355519008
     47   P      95             4.0900305   -0.299446872557
     47   P      96             1.6220573   -0.696789730227

     48   P      97             0.6644226    1.000000000000

     49   P      98             0.2709977    1.000000000000

     50   P      99             0.1068875    1.000000000000

     51   D     100             2.8370000    1.000000000000

     52   D     101             0.9680000    1.000000000000

     53   D     102             0.3350000    1.000000000000

     54   F     103             2.0270000    1.000000000000

     55   F     104             0.6850000    1.000000000000

     56   G     105             1.4270000    1.000000000000

 O         

     57   S     106        116506.4690800    0.000071987576
     57   S     107         17504.3497240    0.000557148772
     57   S     108          3993.4513230    0.002913003168
     57   S     109          1133.0063186    0.012172051077
     57   S     110           369.9956959    0.043003761827
     57   S     111           133.6207435    0.129647623897
     57   S     112            52.0356436    0.319696085629
     57   S     113            21.4619393    0.589314587967

     58   S     114            89.8350513    0.094848052763
     58   S     115            26.4280108    0.925363787917

     59   S     116             9.2822825    1.000000000000

     60   S     117             4.0947729    1.000000000000

     61   S     118             1.3255349    1.000000000000

     62   S     119             0.5187723    1.000000000000

     63   S     120             0.1977268    1.000000000000

     64   P     121           191.1525581    0.002535957414
     64   P     122            45.2333567    0.020233824294
     64   P     123            14.3534659    0.094518019998
     64   P     124             5.2422372    0.309154328074
     64   P     125             2.0792419    0.684689495338

     65   P     126             0.8428237    1.000000000000

     66   P     127             0.3361769    1.000000000000

     67   P     128             0.1286400    1.000000000000

     68   D     129             3.7750000    1.000000000000

     69   D     130             1.3000000    1.000000000000

     70   D     131             0.4440000    1.000000000000

     71   F     132             2.6660000    1.000000000000

     72   F     133             0.8590000    1.000000000000

     73   G     134             1.8460000    1.000000000000

 O         

     74   S     135        116506.4690800    0.000071987576
     74   S     136         17504.3497240    0.000557148772
     74   S     137          3993.4513230    0.002913003168
     74   S     138          1133.0063186    0.012172051077
     74   S     139           369.9956959    0.043003761827
     74   S     140           133.6207435    0.129647623897
     74   S     141            52.0356436    0.319696085629
     74   S     142            21.4619393    0.589314587967

     75   S     143            89.8350513    0.094848052763
     75   S     144            26.4280108    0.925363787917

     76   S     145             9.2822825    1.000000000000

     77   S     146             4.0947729    1.000000000000

     78   S     147             1.3255349    1.000000000000

     79   S     148             0.5187723    1.000000000000

     80   S     149             0.1977268    1.000000000000

     81   P     150           191.1525581    0.002535957414
     81   P     151            45.2333567    0.020233824294
     81   P     152            14.3534659    0.094518019998
     81   P     153             5.2422372    0.309154328074
     81   P     154             2.0792419    0.684689495338

     82   P     155             0.8428237    1.000000000000

     83   P     156             0.3361769    1.000000000000

     84   P     157             0.1286400    1.000000000000

     85   D     158             3.7750000    1.000000000000

     86   D     159             1.3000000    1.000000000000

     87   D     160             0.4440000    1.000000000000

     88   F     161             2.6660000    1.000000000000

     89   F     162             0.8590000    1.000000000000

     90   G     163             1.8460000    1.000000000000

 C         

     91   S     164         67025.0710290    0.000070988337
     91   S     165         10039.9865380    0.000551759078
     91   S     166          2284.9316911    0.002893301112
     91   S     167           647.1412213    0.012111149913
     91   S     168           211.0947234    0.042822697250
     91   S     169            76.1776439    0.129053328799
     91   S     170            29.6338392    0.318146477908
     91   S     171            12.1877851    0.591790274517

     92   S     172            53.0260063    0.091364916926
     92   S     173            15.2585028    0.928761090236

     93   S     174             5.2403957    1.000000000000

     94   S     175             2.2905022    1.000000000000

     95   S     176             0.6967328    1.000000000000

     96   S     177             0.2759934    1.000000000000

     97   S     178             0.1073988    1.000000000000

     98   P     179           105.1255508    0.002496535013
     98   P     180            24.8844611    0.019546395628
     98   P     181             7.8637231    0.088834946629
     98   P     182             2.8407002    0.294789686074
     98   P     183             1.1227137    0.702715999245

     99   P     184             0.4605073    1.000000000000

    100   P     185             0.1893753    1.000000000000

    101   P     186             0.0759838    1.000000000000

    102   D     187             1.8480000    1.000000000000

    103   D     188             0.6490000    1.000000000000

    104   D     189             0.2280000    1.000000000000

    105   F     190             1.4190000    1.000000000000

    106   F     191             0.4850000    1.000000000000

    107   G     192             1.0110000    1.000000000000

 C         

    108   S     193         67025.0710290    0.000070988337
    108   S     194         10039.9865380    0.000551759078
    108   S     195          2284.9316911    0.002893301112
    108   S     196           647.1412213    0.012111149913
    108   S     197           211.0947234    0.042822697250
    108   S     198            76.1776439    0.129053328799
    108   S     199            29.6338392    0.318146477908
    108   S     200            12.1877851    0.591790274517

    109   S     201            53.0260063    0.091364916926
    109   S     202            15.2585028    0.928761090236

    110   S     203             5.2403957    1.000000000000

    111   S     204             2.2905022    1.000000000000

    112   S     205             0.6967328    1.000000000000

    113   S     206             0.2759934    1.000000000000

    114   S     207             0.1073988    1.000000000000

    115   P     208           105.1255508    0.002496535013
    115   P     209            24.8844611    0.019546395628
    115   P     210             7.8637231    0.088834946629
    115   P     211             2.8407002    0.294789686074
    115   P     212             1.1227137    0.702715999245

    116   P     213             0.4605073    1.000000000000

    117   P     214             0.1893753    1.000000000000

    118   P     215             0.0759838    1.000000000000

    119   D     216             1.8480000    1.000000000000

    120   D     217             0.6490000    1.000000000000

    121   D     218             0.2280000    1.000000000000

    122   F     219             1.4190000    1.000000000000

    123   F     220             0.4850000    1.000000000000

    124   G     221             1.0110000    1.000000000000

 C         

    125   S     222         67025.0710290    0.000070988337
    125   S     223         10039.9865380    0.000551759078
    125   S     224          2284.9316911    0.002893301112
    125   S     225           647.1412213    0.012111149913
    125   S     226           211.0947234    0.042822697250
    125   S     227            76.1776439    0.129053328799
    125   S     228            29.6338392    0.318146477908
    125   S     229            12.1877851    0.591790274517

    126   S     230            53.0260063    0.091364916926
    126   S     231            15.2585028    0.928761090236

    127   S     232             5.2403957    1.000000000000

    128   S     233             2.2905022    1.000000000000

    129   S     234             0.6967328    1.000000000000

    130   S     235             0.2759934    1.000000000000

    131   S     236             0.1073988    1.000000000000

    132   P     237           105.1255508    0.002496535013
    132   P     238            24.8844611    0.019546395628
    132   P     239             7.8637231    0.088834946629
    132   P     240             2.8407002    0.294789686074
    132   P     241             1.1227137    0.702715999245

    133   P     242             0.4605073    1.000000000000

    134   P     243             0.1893753    1.000000000000

    135   P     244             0.0759838    1.000000000000

    136   D     245             1.8480000    1.000000000000

    137   D     246             0.6490000    1.000000000000

    138   D     247             0.2280000    1.000000000000

    139   F     248             1.4190000    1.000000000000

    140   F     249             0.4850000    1.000000000000

    141   G     250             1.0110000    1.000000000000

 H         

    142   S     251           190.6916900    0.005342636962
    142   S     252            28.6055320    0.041252338243
    142   S     253             6.5095943    0.210993525698
    142   S     254             1.8412455    0.812128545862

    143   S     255             0.5985373    1.000000000000

    144   S     256             0.2139762    1.000000000000

    145   S     257             0.0803163    1.000000000000

    146   P     258             2.2920000    1.000000000000

    147   P     259             0.8380000    1.000000000000

    148   P     260             0.2920000    1.000000000000

    149   D     261             2.0620000    1.000000000000

    150   D     262             0.6620000    1.000000000000

    151   F     263             1.3970000    1.000000000000

 H         

    152   S     264           190.6916900    0.005342636962
    152   S     265            28.6055320    0.041252338243
    152   S     266             6.5095943    0.210993525698
    152   S     267             1.8412455    0.812128545862

    153   S     268             0.5985373    1.000000000000

    154   S     269             0.2139762    1.000000000000

    155   S     270             0.0803163    1.000000000000

    156   P     271             2.2920000    1.000000000000

    157   P     272             0.8380000    1.000000000000

    158   P     273             0.2920000    1.000000000000

    159   D     274             2.0620000    1.000000000000

    160   D     275             0.6620000    1.000000000000

    161   F     276             1.3970000    1.000000000000

 Total Number of Basis Set Shells             =  161
 Total Number of Primitives                   =  276
 Number of Spherical Gaussian Basis Functions =  541
 Total Number of Auxiliary Basis Set Shells   =  233
 Number of Sph. Gaussian Auxiliary Set Func.  =  785
 Number of Electrons                          =  102
 Charge of Molecule                           =    0
 Spin Multiplicity                            =    1
 Number of Occupied Orbitals (Alpha)          =   51
 Number of Occupied Orbitals (Beta )          =   51
 Total Number of Atoms                        =   10

 Nuclear Energy =      695.5317611678

 Note: This calculation is using an effective core potential
 so NE and ENUC will be adjusted later after removal of the Core

 Input Run Options
 -----------------
 IRUNTYP = 1  MULT = 1  ICHARG =  0 IECP = 1  IEMOM = 1  UNITS = ANGS    

 ECP Potentials
 --------------
 Parameters for "I-ECP   " on Atom  1 with ZCORE 28 and LMAX 3 are

 for L= 3      COEFF    N           ZETA
    1      -21.84204    2       19.45861
    1      -28.46819    2       19.34926
    1       -0.24371    2        4.82377
    1       -0.32080    2        4.88431
 for L= 0      COEFF    N           ZETA
    1       49.99429    2       40.01584
    1      281.02532    2       17.42975
    1       61.57333    2        9.00548
    1       21.84204    2       19.45861
    1       28.46819    2       19.34926
    1        0.24371    2        4.82377
    1        0.32080    2        4.88431
 for L= 1      COEFF    N           ZETA
    1       67.44284    2       15.35547
    1      134.88114    2       14.97183
    1       14.67505    2        8.96016
    1       29.37567    2        8.25910
    1       21.84204    2       19.45861
    1       28.46819    2       19.34926
    1        0.24371    2        4.82377
    1        0.32080    2        4.88431
 for L= 2      COEFF    N           ZETA
    1       35.43953    2       15.06891
    1       53.17606    2       14.55532
    1        9.06719    2        6.71865
    1       13.20694    2        6.45639
    1        0.08933    2        1.19178
    1        0.05238    2        1.29116
    1       21.84204    2       19.45861
    1       28.46819    2       19.34926
    1        0.24371    2        4.82377
    1        0.32080    2        4.88431

 The ECP removes  28 core electrons and  28 protons

 Number of electrons kept in the run =   74
 Number of occupied orbitals (Alpha) =   37
 Number of occupied orbitals (Beta)  =   37

 Adjusted Nuclear Energy =      466.6427311454


 Integral Options
 ----------------
 ERITYP = RI     AUX = JKFIT   ISCHWZ = 1   CUTOFF = 1.0E-09

 Input NOF Options
 -----------------

 Natural Orbital Functional Selected:    (IPNOF)         8
 Modified version of GNOF (GNOFm):       (Imod)          1

 Type of calculation = ICOEF2 + ICOEF1:  (ICOEF)        21
 Use Softmax function for Occ. Opt.:     (ISOFTMAX)      1
 Type of Orb. Opt. = Orbital Rotations:  (IORBOPT)       2
 Maximum Number of Coef Outer Iter.:     (MAXIT21)       3
 Maximum Number of Occ-Coef Outer Iter.: (MAXIT)      1000

 Restart calculation Option:             (RESTART)       F
 Restart Gamma Matrix from GCF file:     (INPUTGAMMA)    1
 Coefficient Matrix from GCF file:       (INPUTC)        1
 Diagonal Elements FMIUG from GCF file:  (INPUTFMIUG)    0
 Cartesian Coordinates from GCF file:    (INPUTCXYZ)     0

 Threshold Lambda Convergence=10**(-N):  (NTHRESHL)      3
 Threshold Energy Convergence=10**(-N):  (NTHRESHE)      5
 Max. Number of Inner Coef. Iterations:  (MAXLOOP)      10
 Orthogonalize the initial Orbitals:     (ORTHO)         T

 Output Option:                          (NPRINT)        0
 Output the Coefficient Matrix:          (IWRITEC)       0
 Do a Mulliken Population Analysis:      (IMULPOP)       0
 Write Information into a WFN file:      (IAIMPAC)       1
 Write Information into a FCHK file:     (IFCHK)         1
 Write Information into a MLP file:      (MOLDEN)        1
 Create Ini. Cond. (ini.xyz) file:       (INICOND)       1
 Calculate IPs using Ext. Koopmans Theo: (IEKT)          0
 Write APSG expansion coefficient file:  (APSG)          F
 Output option for Lagrange Multipliers: (PRINTLAG)      F
 Diagonalize matrix of Lag. Multipliers: (DIAGLAG)       F

------------------------------------------------------------------------

 Orbital Space
 -------------

 Inactive Doubly occupied orbitals up to NO1  =    0
 No. considered Strongly Doubly occupied MOs  =   37
 No. considered Strongly Singly occupied MOs  =    0
 No. of Weakly occ. per St. Doubly occ.  MOs  =   13
 Dimension of the Active Nat. Orb. subspace   =  518
 Secondary Empty orbitals                     =   23

 1e- integrals
 -------------
 Time to do integrals =      0.68

 2e- integrals
 -------------
 DONTW option skips storage 2e- integrals on Unit 1
 Time to do integrals =      4.19

 No violations of the orthonormality

   INITIAL VALUES
  =================

   OM     Occupation      Elag Diag

    1      1.9999664    -11.3743633
    2      1.9719283     -0.6249127
    3      1.9744387     -0.5016157
    4      1.9625264     -0.5825686
    5      1.9786365     -0.8879995
    6      1.9841533     -1.2807362
    7      1.9750333     -0.7842905
    8      1.9828788     -1.2265697
    9      1.9993806     -5.6403603
   10      1.9719189     -0.7592440
   11      1.9668157     -0.6128539
   12      1.9630829     -0.4757476
   13      1.9749699     -0.7241582
   14      1.9746430     -0.5836800
   15      1.9728342     -0.6620499
   16      1.9680726     -0.4085205
   17      1.9816750     -1.5708511
   18      1.9999658    -11.3503391
   19      1.9994352     -5.6342969
   20      1.9999905    -20.6053702
   21      1.9841032     -1.9563701
   22      1.9999880    -17.8260865
   23      1.9999676    -11.3948253
   24      1.9997547     -7.7814156
   25      1.9631533     -0.5742661
   26      1.9949295     -2.3337307
   27      1.9843398     -2.0002679
   28      1.9999890    -18.3487618
   29      1.9843585     -2.0049142
   30      1.9735841     -0.6213100
   31      1.9848513     -1.3534002
   32      1.9994142     -5.6319704
   33      1.9856284     -1.3535135
   34      1.9717124     -0.6790832
   35      1.9796944     -1.2360296
   36      1.9939801     -2.3184826
   37      1.9999641    -11.3474822
   38      0.0000016     -0.0000122
   39      0.0006238     -0.0036826
   40      0.0000427     -0.0002026
   41      0.0000066     -0.0000327
   42      0.0002227     -0.0008558
   43      0.0002498     -0.0016784
   44      0.0007787     -0.0028474
   45      0.0175776     -0.0361058
   46      0.0154399     -0.0495721
   47      0.0000005     -0.0000030
   48      0.0154267     -0.0495420
   49      0.0001036     -0.0006906
   50      0.0000098     -0.0000330
   51      0.0000375     -0.0003064
   52      0.0000020     -0.0000156
   53      0.0000002     -0.0000009
   54      0.0000277     -0.0001559
   55      0.0000004     -0.0000350
   56      0.0000166     -0.0001400
   57      0.0000042     -0.0000377
   58      0.0147135     -0.0458577
   59      0.0000056     -0.0000244
   60      0.0000102     -0.0000469
   61      0.0004030     -0.0011296
   62      0.0185508     -0.0336132
   63      0.0000298     -0.0000827
   64      0.0000032     -0.0000135
   65      0.0039055     -0.0096211
   66      0.0000345     -0.0001868
   67      0.0007883     -0.0026377
   68      0.0001619     -0.0005825
   69      0.0016053     -0.0062771
   70      0.0006388     -0.0018202
   71      0.0029831     -0.0066581
   72      0.0002103     -0.0005262
   73      0.0038967     -0.0081212
   74      0.0000010     -0.0000100
   75      0.0000041     -0.0000493
   76      0.0012928     -0.0042525
   77      0.0046691     -0.0131308
   78      0.0000680     -0.0002564
   79      0.0002438     -0.0009112
   80      0.0000269     -0.0002469
   81      0.0013445     -0.0052277
   82      0.0000354     -0.0001455
   83      0.0000132     -0.0000909
   84      0.0000013     -0.0000142
   85      0.0000133     -0.0000908
   86      0.0000937     -0.0006610
   87      0.0031605     -0.0068007
   88      0.0000111     -0.0001616
   89      0.0000010     -0.0000087
   90      0.0000002     -0.0000016
   91      0.0154685     -0.0492096
   92      0.0000002     -0.0000007
   93      0.0000134     -0.0001970
   94      0.0000020     -0.0000140
   95      0.0024738     -0.0084116
   96      0.0000097     -0.0000394
   97      0.0000953     -0.0003056
   98      0.0000028     -0.0000131
   99      0.0005907     -0.0015196
  100      0.0000319     -0.0000943
  101      0.0000266     -0.0000774
  102      0.0000382     -0.0001559
  103      0.0000726     -0.0008353
  104      0.0002456     -0.0008705
  105      0.0001100     -0.0004021
  106      0.0052025     -0.0140288
  107      0.0003988     -0.0012246
  108      0.0000023     -0.0000074
  109      0.0000707     -0.0002691
  110      0.0000644     -0.0002461
  111      0.0000007     -0.0000056
  112      0.0000030     -0.0000289
  113      0.0001300     -0.0009772
  114      0.0000143     -0.0000837
  115      0.0029657     -0.0072890
  116      0.0004770     -0.0020927
  117      0.0000176     -0.0001296
  118      0.0003321     -0.0012068
  119      0.0000921     -0.0003439
  120      0.0000095     -0.0000646
  121      0.0000006     -0.0000165
  122      0.0000281     -0.0001578
  123      0.0004975     -0.0036762
  124      0.0000029     -0.0000091
  125      0.0000184     -0.0001423
  126      0.0000007     -0.0000048
  127      0.0000076     -0.0001402
  128      0.0000070     -0.0000480
  129      0.0000001     -0.0000006
  130      0.0000309     -0.0002566
  131      0.0000017     -0.0000128
  132      0.0000254     -0.0001367
  133      0.0001845     -0.0004607
  134      0.0000075     -0.0000363
  135      0.0002245     -0.0006131
  136      0.0002295     -0.0007172
  137      0.0053252     -0.0085890
  138      0.0000117     -0.0000518
  139      0.0000643     -0.0002395
  140      0.0000157     -0.0001234
  141      0.0002426     -0.0008793
  142      0.0001059     -0.0003880
  143      0.0004825     -0.0021021
  144      0.0005146     -0.0014537
  145      0.0027419     -0.0062411
  146      0.0000342     -0.0001414
  147      0.0002588     -0.0008006
  148      0.0000013     -0.0000110
  149      0.0000038     -0.0000318
  150      0.0002495     -0.0014352
  151      0.0000070     -0.0000439
  152      0.0038861     -0.0094167
  153      0.0024617     -0.0082552
  154      0.0000313     -0.0002582
  155      0.0005734     -0.0026804
  156      0.0000385     -0.0001522
  157      0.0000129     -0.0000873
  158      0.0000004     -0.0000215
  159      0.0000145     -0.0000990
  160      0.0000518     -0.0002796
  161      0.0000022     -0.0000066
  162      0.0000134     -0.0002426
  163      0.0000008     -0.0000054
  164      0.0000002     -0.0000010
  165      0.0000135     -0.0000905
  166      0.0000001     -0.0000006
  167      0.0000186     -0.0001352
  168      0.0000050     -0.0000595
  169      0.0000227     -0.0001272
  170      0.0000059     -0.0000233
  171      0.0070978     -0.0132678
  172      0.0085241     -0.0173328
  173      0.0001086     -0.0003559
  174      0.0000042     -0.0000142
  175      0.0000231     -0.0000731
  176      0.0033832     -0.0084964
  177      0.0000463     -0.0003170
  178      0.0013800     -0.0049027
  179      0.0000140     -0.0000676
  180      0.0023524     -0.0073215
  181      0.0004910     -0.0013961
  182      0.0000010     -0.0000032
  183      0.0008502     -0.0021160
  184      0.0000705     -0.0002645
  185      0.0000033     -0.0000272
  186      0.0000019     -0.0000158
  187      0.0002830     -0.0016981
  188      0.0000137     -0.0000823
  189      0.0000203     -0.0000837
  190      0.0003007     -0.0010919
  191      0.0000152     -0.0001439
  192      0.0002832     -0.0011701
  193      0.0000093     -0.0000466
  194      0.0000133     -0.0000896
  195      0.0000005     -0.0000048
  196      0.0000100     -0.0000679
  197      0.0016076     -0.0050084
  198      0.0002485     -0.0007771
  199      0.0000155     -0.0001275
  200      0.0000007     -0.0000040
  201      0.0000004     -0.0000173
  202      0.0000219     -0.0001273
  203      0.0000002     -0.0000008
  204      0.0003352     -0.0026040
  205      0.0000021     -0.0000207
  206      0.0000217     -0.0001220
  207      0.0085403     -0.0175832
  208      0.0000094     -0.0000460
  209      0.0000062     -0.0000348
  210      0.0002074     -0.0006629
  211      0.0000161     -0.0000540
  212      0.0000092     -0.0000397
  213      0.0025944     -0.0065382
  214      0.0000142     -0.0001446
  215      0.0003307     -0.0012163
  216      0.0005252     -0.0015395
  217      0.0006293     -0.0022423
  218      0.0099617     -0.0185068
  219      0.0031331     -0.0068235
  220      0.0000110     -0.0000558
  221      0.0205448     -0.0359523
  222      0.0000052     -0.0000739
  223      0.0000014     -0.0000315
  224      0.0002995     -0.0019309
  225      0.0000351     -0.0001659
  226      0.0025084     -0.0062533
  227      0.0017285     -0.0068283
  228      0.0000473     -0.0003307
  229      0.0022436     -0.0087488
  230      0.0000158     -0.0000746
  231      0.0000157     -0.0001019
  232      0.0000005     -0.0000031
  233      0.0000360     -0.0001918
  234      0.0001684     -0.0009335
  235      0.0001896     -0.0005828
  236      0.0000194     -0.0001516
  237      0.0000011     -0.0000511
  238      0.0000002     -0.0000011
  239      0.0001252     -0.0005355
  240      0.0000003     -0.0000040
  241      0.0000208     -0.0002079
  242      0.0000030     -0.0000258
  243      0.0000785     -0.0003904
  244      0.0088538     -0.0183092
  245      0.0023353     -0.0050005
  246      0.0002229     -0.0006100
  247      0.0015259     -0.0036073
  248      0.0239492     -0.0296472
  249      0.0027475     -0.0061685
  250      0.0000124     -0.0000551
  251      0.0000589     -0.0003110
  252      0.0002379     -0.0008463
  253      0.0035848     -0.0084738
  254      0.0007035     -0.0024339
  255      0.0047796     -0.0106856
  256      0.0000026     -0.0000094
  257      0.0003117     -0.0008544
  258      0.0001750     -0.0005709
  259      0.0000046     -0.0000427
  260      0.0000026     -0.0000240
  261      0.0002080     -0.0014003
  262      0.0001161     -0.0004573
  263      0.0000128     -0.0000557
  264      0.0006121     -0.0030067
  265      0.0000143     -0.0001554
  266      0.0062524     -0.0174371
  267      0.0000081     -0.0000396
  268      0.0000106     -0.0000703
  269      0.0000006     -0.0000038
  270      0.0000673     -0.0003508
  271      0.0014567     -0.0045032
  272      0.0000042     -0.0000169
  273      0.0000183     -0.0001502
  274      0.0000011     -0.0000182
  275      0.0000002     -0.0000010
  276      0.0001057     -0.0005215
  277      0.0000002     -0.0000008
  278      0.0000203     -0.0001591
  279      0.0000009     -0.0000118
  280      0.0000467     -0.0002325
  281      0.0000315     -0.0000691
  282      0.0030691     -0.0067075
  283      0.0000012     -0.0000050
  284      0.0000769     -0.0002950
  285      0.0000136     -0.0000439
  286      0.0000056     -0.0000250
  287      0.0000047     -0.0000220
  288      0.0000147     -0.0001446
  289      0.0006516     -0.0021754
  290      0.0004369     -0.0013451
  291      0.0002724     -0.0009850
  292      0.0008510     -0.0021926
  293      0.0000018     -0.0000057
  294      0.0088304     -0.0183160
  295      0.0001062     -0.0003702
  296      0.0000016     -0.0000109
  297      0.0000042     -0.0000483
  298      0.0002492     -0.0014652
  299      0.0000218     -0.0001162
  300      0.0000070     -0.0000342
  301      0.0004399     -0.0019965
  302      0.0000143     -0.0002060
  303      0.0005327     -0.0019665
  304      0.0001451     -0.0004882
  305      0.0000239     -0.0001424
  306      0.0000007     -0.0000138
  307      0.0000109     -0.0000723
  308      0.0000678     -0.0003654
  309      0.0000214     -0.0000674
  310      0.0000178     -0.0001492
  311      0.0000046     -0.0000413
  312      0.0000003     -0.0000029
  313      0.0000306     -0.0001728
  314      0.0000002     -0.0000009
  315      0.0000137     -0.0002108
  316      0.0000010     -0.0000339
  317      0.0000297     -0.0001554
  318      0.0000004     -0.0000011
  319      0.0115362     -0.0216422
  320      0.0000624     -0.0002430
  321      0.0009388     -0.0026399
  322      0.0001046     -0.0002897
  323      0.0000062     -0.0000246
  324      0.0000063     -0.0000317
  325      0.0000674     -0.0004368
  326      0.0058555     -0.0162623
  327      0.0002681     -0.0008706
  328      0.0005733     -0.0022574
  329      0.0002547     -0.0007967
  330      0.0000013     -0.0000043
  331      0.0151174     -0.0375527
  332      0.0000688     -0.0002621
  333      0.0000049     -0.0000570
  334      0.0000030     -0.0000276
  335      0.0012565     -0.0040965
  336      0.0000088     -0.0000539
  337      0.0000081     -0.0000367
  338      0.0012356     -0.0042226
  339      0.0000203     -0.0001367
  340      0.0004300     -0.0017034
  341      0.0000262     -0.0001156
  342      0.0000139     -0.0000941
  343      0.0000009     -0.0000110
  344      0.0000079     -0.0000548
  345      0.0002673     -0.0017681
  346      0.0000025     -0.0000087
  347      0.0000134     -0.0002026
  348      0.0000062     -0.0000855
  349      0.0000003     -0.0000019
  350      0.0000131     -0.0000894
  351      0.0000001     -0.0000006
  352      0.0000278     -0.0002478
  353      0.0000019     -0.0000154
  354      0.0000544     -0.0002656
  355      0.0000008     -0.0000024
  356      0.0016924     -0.0036545
  357      0.0000079     -0.0000396
  358      0.0007896     -0.0020125
  359      0.0038924     -0.0063863
  360      0.0000078     -0.0000334
  361      0.0000272     -0.0001124
  362      0.0000280     -0.0002253
  363      0.0015284     -0.0056044
  364      0.0001493     -0.0005223
  365      0.0008942     -0.0031963
  366      0.0005808     -0.0015262
  367      0.0285810     -0.0447756
  368      0.0000223     -0.0000896
  369      0.0001461     -0.0004812
  370      0.0000034     -0.0000306
  371      0.0000033     -0.0000291
  372      0.0000977     -0.0006036
  373      0.0001407     -0.0005063
  374      0.0027716     -0.0067543
  375      0.0003174     -0.0012386
  376      0.0000680     -0.0007771
  377      0.0006853     -0.0022969
  378      0.0003418     -0.0009637
  379      0.0000257     -0.0001411
  380      0.0000007     -0.0000077
  381      0.0000171     -0.0001093
  382      0.0000745     -0.0005813
  383      0.0329549     -0.0487228
  384      0.0000156     -0.0001271
  385      0.0000016     -0.0000121
  386      0.0000002     -0.0000008
  387      0.0000422     -0.0002240
  388      0.0000069     -0.0001261
  389      0.0000136     -0.0001496
  390      0.0000031     -0.0000294
  391      0.0000119     -0.0000753
  392      0.0050345     -0.0118826
  393      0.0001135     -0.0003636
  394      0.0001596     -0.0005431
  395      0.0000993     -0.0003493
  396      0.0000585     -0.0001725
  397      0.0301282     -0.0479743
  398      0.0176461     -0.0346505
  399      0.0000187     -0.0001342
  400      0.0049398     -0.0133170
  401      0.0002048     -0.0006794
  402      0.0014541     -0.0054432
  403      0.0002789     -0.0007930
  404      0.0000074     -0.0000226
  405      0.0000417     -0.0001615
  406      0.0024161     -0.0059379
  407      0.0000011     -0.0000269
  408      0.0000029     -0.0000263
  409      0.0011721     -0.0039996
  410      0.0145133     -0.0439776
  411      0.0000098     -0.0000469
  412      0.0002005     -0.0008247
  413      0.0000183     -0.0001274
  414      0.0004840     -0.0016769
  415      0.0046007     -0.0098943
  416      0.0000188     -0.0001152
  417      0.0000024     -0.0000207
  418      0.0000069     -0.0000486
  419      0.0002134     -0.0013002
  420      0.0000036     -0.0000110
  421      0.0000166     -0.0001282
  422      0.0000064     -0.0000709
  423      0.0000007     -0.0000232
  424      0.0000073     -0.0000512
  425      0.0000003     -0.0000018
  426      0.0000196     -0.0001554
  427      0.0000059     -0.0000889
  428      0.0000165     -0.0000998
  429      0.0000048     -0.0000205
  430      0.0000140     -0.0000591
  431      0.0149231     -0.0355765
  432      0.0017553     -0.0042235
  433      0.0034100     -0.0056420
  434      0.0000199     -0.0000663
  435      0.0000069     -0.0000350
  436      0.0000576     -0.0003469
  437      0.0001499     -0.0005562
  438      0.0002269     -0.0007400
  439      0.0004024     -0.0016187
  440      0.0002211     -0.0007108
  441      0.0000133     -0.0000422
  442      0.0000103     -0.0000508
  443      0.0000900     -0.0003083
  444      0.0000011     -0.0000352
  445      0.0000012     -0.0000427
  446      0.0000776     -0.0004764
  447      0.0007034     -0.0023464
  448      0.0159742     -0.0329719
  449      0.0052770     -0.0132968
  450      0.0000404     -0.0003069
  451      0.0009067     -0.0032557
  452      0.0034790     -0.0081201
  453      0.0000297     -0.0001668
  454      0.0000015     -0.0000162
  455      0.0000127     -0.0000861
  456      0.0002318     -0.0013521
  457      0.0000039     -0.0000130
  458      0.0000273     -0.0002502
  459      0.0000055     -0.0000438
  460      0.0000004     -0.0000111
  461      0.0000101     -0.0000677
  462      0.0000003     -0.0000019
  463      0.0000166     -0.0001262
  464      0.0000010     -0.0000190
  465      0.0000129     -0.0000831
  466      0.0092514     -0.0189525
  467      0.0000069     -0.0000377
  468      0.0000182     -0.0000815
  469      0.0001079     -0.0003934
  470      0.0000059     -0.0000152
  471      0.0000050     -0.0000217
  472      0.0002032     -0.0006900
  473      0.0001065     -0.0011555
  474      0.0004754     -0.0017525
  475      0.0190144     -0.0364411
  476      0.0002091     -0.0007975
  477      0.0020492     -0.0053914
  478      0.0000046     -0.0000127
  479      0.0000184     -0.0000835
  480      0.0000801     -0.0002989
  481      0.0000015     -0.0000122
  482      0.0000028     -0.0000237
  483      0.0000799     -0.0005183
  484      0.0000196     -0.0001089
  485      0.0000491     -0.0002058
  486      0.0008546     -0.0028233
  487      0.0000221     -0.0002166
  488      0.0003020     -0.0011823
  489      0.0000464     -0.0001817
  490      0.0000145     -0.0000974
  491      0.0000004     -0.0000101
  492      0.0000089     -0.0000625
  493      0.0002365     -0.0013412
  494      0.0002427     -0.0007555
  495      0.0000209     -0.0002200
  496      0.0000009     -0.0000056
  497      0.0000010     -0.0000113
  498      0.0000238     -0.0001392
  499      0.0000002     -0.0000009
  500      0.0000176     -0.0001310
  501      0.0000024     -0.0000194
  502      0.0008172     -0.0030228
  503      0.0000043     -0.0000144
  504      0.0011783     -0.0029947
  505      0.0008012     -0.0020562
  506      0.0000496     -0.0001872
  507      0.0000758     -0.0002076
  508      0.0001902     -0.0005505
  509      0.0001888     -0.0006525
  510      0.0000843     -0.0007878
  511      0.0002955     -0.0010913
  512      0.0001645     -0.0005666
  513      0.0010657     -0.0036411
  514      0.0003432     -0.0010175
  515      0.0000001     -0.0000004
  516      0.0000326     -0.0001311
  517      0.0001541     -0.0004977
  518      0.0000039     -0.0000332

   RO Sum (  74) =   74.00

  ---------------
   Dipole Moment
  ---------------

      2.3740 Debye [   0.9340  (  -0.0014,   0.0062,  -0.9340) ]


  RESULTS OF OCCUPATION-COEFFICIENT OPTIMIZATION
 ================================================

  Ex It  Occ Time  Orb Time  Orb It   Electronic Energy     Total Energy   Energy Convergency    Max Mul-Lag Diff

    1    5.7E+00   1.8E+01       0   -1122.6563068316     -656.0135756862     0.0000000000           0.000987

   OM     Occupation      Elag Diag

    1      1.9999905    -20.6053702
    2      1.9999890    -18.3487618
    3      1.9999880    -17.8260865
    4      1.9999676    -11.3948253
    5      1.9999664    -11.3743633
    6      1.9999658    -11.3503391
    7      1.9999641    -11.3474822
    8      1.9997547     -7.7814156
    9      1.9994352     -5.6342969
   10      1.9994142     -5.6319704
   11      1.9993806     -5.6403603
   12      1.9949295     -2.3337307
   13      1.9939801     -2.3184826
   14      1.9856284     -1.3535135
   15      1.9848513     -1.3534002
   16      1.9843585     -2.0049142
   17      1.9843398     -2.0002679
   18      1.9841533     -1.2807362
   19      1.9841032     -1.9563701
   20      1.9828788     -1.2265697
   21      1.9816750     -1.5708511
   22      1.9796944     -1.2360296
   23      1.9786365     -0.8879995
   24      1.9750333     -0.7842905
   25      1.9749699     -0.7241582
   26      1.9746430     -0.5836800
   27      1.9744387     -0.5016157
   28      1.9735841     -0.6213100
   29      1.9728342     -0.6620499
   30      1.9719283     -0.6249127
   31      1.9719189     -0.7592440
   32      1.9717124     -0.6790832
   33      1.9680726     -0.4085205
   34      1.9668157     -0.6128539
   35      1.9631533     -0.5742661
   36      1.9630829     -0.4757476
   37      1.9625264     -0.5825686
   38      0.0029831     -0.0066581
   39      0.0000298     -0.0000827
   40      0.0000098     -0.0000330
   41      0.0000032     -0.0000135
   42      0.0000056     -0.0000244
   43      0.0000066     -0.0000327
   44      0.0039055     -0.0096211
   45      0.0038967     -0.0081212
   46      0.0000102     -0.0000469
   47      0.0175776     -0.0361058
   48      0.0002103     -0.0005262
   49      0.0004030     -0.0011296
   50      0.0185508     -0.0336132
   51      0.0001619     -0.0005825
   52      0.0006388     -0.0018202
   53      0.0000427     -0.0002026
   54      0.0147135     -0.0458577
   55      0.0007883     -0.0026377
   56      0.0000277     -0.0001559
   57      0.0016053     -0.0062771
   58      0.0154267     -0.0495420
   59      0.0154399     -0.0495721
   60      0.0007787     -0.0028474
   61      0.0002227     -0.0008558
   62      0.0006238     -0.0036826
   63      0.0001036     -0.0006906
   64      0.0000345     -0.0001868
   65      0.0002498     -0.0016784
   66      0.0000166     -0.0001400
   67      0.0000375     -0.0003064
   68      0.0000016     -0.0000122
   69      0.0000042     -0.0000377
   70      0.0000010     -0.0000100
   71      0.0000020     -0.0000156
   72      0.0000002     -0.0000009
   73      0.0000005     -0.0000030
   74      0.0000004     -0.0000350
   75      0.0000023     -0.0000074
   76      0.0000319     -0.0000943
   77      0.0031605     -0.0068007
   78      0.0000266     -0.0000774
   79      0.0000097     -0.0000394
   80      0.0000680     -0.0002564
   81      0.0000382     -0.0001559
   82      0.0000644     -0.0002461
   83      0.0000953     -0.0003056
   84      0.0000354     -0.0001455
   85      0.0000707     -0.0002691
   86      0.0000028     -0.0000131
   87      0.0005907     -0.0015196
   88      0.0001100     -0.0004021
   89      0.0003988     -0.0012246
   90      0.0046691     -0.0131308
   91      0.0024738     -0.0084116
   92      0.0002456     -0.0008705
   93      0.0154685     -0.0492096
   94      0.0052025     -0.0140288
   95      0.0000133     -0.0000908
   96      0.0000132     -0.0000909
   97      0.0013445     -0.0052277
   98      0.0002438     -0.0009112
   99      0.0012928     -0.0042525
  100      0.0000937     -0.0006610
  101      0.0000726     -0.0008353
  102      0.0000269     -0.0002469
  103      0.0000134     -0.0001970
  104      0.0000111     -0.0001616
  105      0.0000041     -0.0000493
  106      0.0000020     -0.0000140
  107      0.0000007     -0.0000056
  108      0.0000010     -0.0000087
  109      0.0000002     -0.0000016
  110      0.0000013     -0.0000142
  111      0.0000002     -0.0000007
  112      0.0027419     -0.0062411
  113      0.0053252     -0.0085890
  114      0.0000029     -0.0000091
  115      0.0000117     -0.0000518
  116      0.0001845     -0.0004607
  117      0.0029657     -0.0072890
  118      0.0000643     -0.0002395
  119      0.0002588     -0.0008006
  120      0.0000075     -0.0000363
  121      0.0000921     -0.0003439
  122      0.0000342     -0.0001414
  123      0.0002245     -0.0006131
  124      0.0002295     -0.0007172
  125      0.0001059     -0.0003880
  126      0.0005146     -0.0014537
  127      0.0000143     -0.0000837
  128      0.0000254     -0.0001367
  129      0.0002426     -0.0008793
  130      0.0000070     -0.0000480
  131      0.0004825     -0.0021021
  132      0.0000281     -0.0001578
  133      0.0000095     -0.0000646
  134      0.0003321     -0.0012068
  135      0.0004770     -0.0020927
  136      0.0001300     -0.0009772
  137      0.0004975     -0.0036762
  138      0.0000157     -0.0001234
  139      0.0000176     -0.0001296
  140      0.0000309     -0.0002566
  141      0.0000184     -0.0001423
  142      0.0000030     -0.0000289
  143      0.0000017     -0.0000128
  144      0.0000013     -0.0000110
  145      0.0000007     -0.0000048
  146      0.0000076     -0.0001402
  147      0.0000006     -0.0000165
  148      0.0000001     -0.0000006
  149      0.0000010     -0.0000032
  150      0.0000042     -0.0000142
  151      0.0000022     -0.0000066
  152      0.0000231     -0.0000731
  153      0.0000059     -0.0000233
  154      0.0038861     -0.0094167
  155      0.0033832     -0.0084964
  156      0.0000705     -0.0002645
  157      0.0070978     -0.0132678
  158      0.0000385     -0.0001522
  159      0.0008502     -0.0021160
  160      0.0085241     -0.0173328
  161      0.0001086     -0.0003559
  162      0.0000140     -0.0000676
  163      0.0004910     -0.0013961
  164      0.0000070     -0.0000439
  165      0.0000227     -0.0001272
  166      0.0013800     -0.0049027
  167      0.0000135     -0.0000905
  168      0.0023524     -0.0073215
  169      0.0000145     -0.0000990
  170      0.0000129     -0.0000873
  171      0.0005734     -0.0026804
  172      0.0024617     -0.0082552
  173      0.0002495     -0.0014352
  174      0.0000518     -0.0002796
  175      0.0000463     -0.0003170
  176      0.0000313     -0.0002582
  177      0.0000186     -0.0001352
  178      0.0000134     -0.0002426
  179      0.0000038     -0.0000318
  180      0.0000050     -0.0000595
  181      0.0000033     -0.0000272
  182      0.0000008     -0.0000054
  183      0.0000002     -0.0000010
  184      0.0000004     -0.0000215
  185      0.0000001     -0.0000006
  186      0.0031331     -0.0068235
  187      0.0000161     -0.0000540
  188      0.0002485     -0.0007771
  189      0.0000092     -0.0000397
  190      0.0085403     -0.0175832
  191      0.0000203     -0.0000837
  192      0.0025944     -0.0065382
  193      0.0205448     -0.0359523
  194      0.0000094     -0.0000460
  195      0.0000093     -0.0000466
  196      0.0000110     -0.0000558
  197      0.0000062     -0.0000348
  198      0.0002074     -0.0006629
  199      0.0005252     -0.0015395
  200      0.0099617     -0.0185068
  201      0.0000137     -0.0000823
  202      0.0000217     -0.0001220
  203      0.0003307     -0.0012163
  204      0.0000219     -0.0001273
  205      0.0006293     -0.0022423
  206      0.0000100     -0.0000679
  207      0.0000133     -0.0000896
  208      0.0002832     -0.0011701
  209      0.0003007     -0.0010919
  210      0.0002830     -0.0016981
  211      0.0016076     -0.0050084
  212      0.0000142     -0.0001446
  213      0.0000152     -0.0001439
  214      0.0003352     -0.0026040
  215      0.0000155     -0.0001275
  216      0.0000019     -0.0000158
  217      0.0000021     -0.0000207
  218      0.0000052     -0.0000739
  219      0.0000007     -0.0000040
  220      0.0000004     -0.0000173
  221      0.0000005     -0.0000048
  222      0.0000002     -0.0000008
  223      0.0000026     -0.0000094
  224      0.0239492     -0.0296472
  225      0.0001896     -0.0005828
  226      0.0027475     -0.0061685
  227      0.0088538     -0.0183092
  228      0.0025084     -0.0062533
  229      0.0000124     -0.0000551
  230      0.0001750     -0.0005709
  231      0.0023353     -0.0050005
  232      0.0000158     -0.0000746
  233      0.0003117     -0.0008544
  234      0.0002229     -0.0006100
  235      0.0015259     -0.0036073
  236      0.0035848     -0.0084738
  237      0.0047796     -0.0106856
  238      0.0000351     -0.0001659
  239      0.0000785     -0.0003904
  240      0.0002379     -0.0008463
  241      0.0001252     -0.0005355
  242      0.0007035     -0.0024339
  243      0.0000360     -0.0001918
  244      0.0000157     -0.0001019
  245      0.0022436     -0.0087488
  246      0.0017285     -0.0068283
  247      0.0002995     -0.0019309
  248      0.0001684     -0.0009335
  249      0.0000589     -0.0003110
  250      0.0000473     -0.0003307
  251      0.0000208     -0.0002079
  252      0.0000194     -0.0001516
  253      0.0000014     -0.0000315
  254      0.0000030     -0.0000258
  255      0.0000046     -0.0000427
  256      0.0000011     -0.0000511
  257      0.0000002     -0.0000011
  258      0.0000005     -0.0000031
  259      0.0000003     -0.0000040
  260      0.0000018     -0.0000057
  261      0.0000136     -0.0000439
  262      0.0000042     -0.0000169
  263      0.0000056     -0.0000250
  264      0.0000315     -0.0000691
  265      0.0000128     -0.0000557
  266      0.0000047     -0.0000220
  267      0.0001062     -0.0003702
  268      0.0030691     -0.0067075
  269      0.0000081     -0.0000396
  270      0.0088304     -0.0183160
  271      0.0000012     -0.0000050
  272      0.0000769     -0.0002950
  273      0.0004369     -0.0013451
  274      0.0008510     -0.0021926
  275      0.0001161     -0.0004573
  276      0.0000467     -0.0002325
  277      0.0006516     -0.0021754
  278      0.0001057     -0.0005215
  279      0.0002724     -0.0009850
  280      0.0000673     -0.0003508
  281      0.0000106     -0.0000703
  282      0.0062524     -0.0174371
  283      0.0006121     -0.0030067
  284      0.0002080     -0.0014003
  285      0.0014567     -0.0045032
  286      0.0000147     -0.0001446
  287      0.0000143     -0.0001554
  288      0.0000203     -0.0001591
  289      0.0000183     -0.0001502
  290      0.0000026     -0.0000240
  291      0.0000009     -0.0000118
  292      0.0000016     -0.0000109
  293      0.0000011     -0.0000182
  294      0.0000002     -0.0000010
  295      0.0000006     -0.0000038
  296      0.0000002     -0.0000008
  297      0.0000013     -0.0000043
  298      0.0001046     -0.0002897
  299      0.0000214     -0.0000674
  300      0.0000062     -0.0000246
  301      0.0000004     -0.0000011
  302      0.0000070     -0.0000342
  303      0.0000063     -0.0000317
  304      0.0000688     -0.0002621
  305      0.0115362     -0.0216422
  306      0.0001451     -0.0004882
  307      0.0151174     -0.0375527
  308      0.0000624     -0.0002430
  309      0.0009388     -0.0026399
  310      0.0002681     -0.0008706
  311      0.0002547     -0.0007967
  312      0.0000218     -0.0001162
  313      0.0000297     -0.0001554
  314      0.0058555     -0.0162623
  315      0.0000306     -0.0001728
  316      0.0005733     -0.0022574
  317      0.0000109     -0.0000723
  318      0.0000239     -0.0001424
  319      0.0005327     -0.0019665
  320      0.0004399     -0.0019965
  321      0.0002492     -0.0014652
  322      0.0000678     -0.0003654
  323      0.0000674     -0.0004368
  324      0.0000143     -0.0002060
  325      0.0000137     -0.0002108
  326      0.0000178     -0.0001492
  327      0.0000042     -0.0000483
  328      0.0000010     -0.0000339
  329      0.0000049     -0.0000570
  330      0.0000046     -0.0000413
  331      0.0000003     -0.0000029
  332      0.0000007     -0.0000138
  333      0.0000002     -0.0000009
  334      0.0285810     -0.0447756
  335      0.0038924     -0.0063863
  336      0.0000025     -0.0000087
  337      0.0000078     -0.0000334
  338      0.0000008     -0.0000024
  339      0.0000081     -0.0000367
  340      0.0000272     -0.0001124
  341      0.0001461     -0.0004812
  342      0.0016924     -0.0036545
  343      0.0000262     -0.0001156
  344      0.0000223     -0.0000896
  345      0.0000079     -0.0000396
  346      0.0007896     -0.0020125
  347      0.0001493     -0.0005223
  348      0.0005808     -0.0015262
  349      0.0000088     -0.0000539
  350      0.0000544     -0.0002656
  351      0.0015284     -0.0056044
  352      0.0000131     -0.0000894
  353      0.0008942     -0.0031963
  354      0.0000079     -0.0000548
  355      0.0000139     -0.0000941
  356      0.0004300     -0.0017034
  357      0.0012356     -0.0042226
  358      0.0012565     -0.0040965
  359      0.0002673     -0.0017681
  360      0.0000280     -0.0002253
  361      0.0000203     -0.0001367
  362      0.0000278     -0.0002478
  363      0.0000134     -0.0002026
  364      0.0000030     -0.0000276
  365      0.0000019     -0.0000154
  366      0.0000034     -0.0000306
  367      0.0000062     -0.0000855
  368      0.0000003     -0.0000019
  369      0.0000009     -0.0000110
  370      0.0000001     -0.0000006
  371      0.0000074     -0.0000226
  372      0.0000585     -0.0001725
  373      0.0329549     -0.0487228
  374      0.0301282     -0.0479743
  375      0.0050345     -0.0118826
  376      0.0027716     -0.0067543
  377      0.0176461     -0.0346505
  378      0.0024161     -0.0059379
  379      0.0001135     -0.0003636
  380      0.0003418     -0.0009637
  381      0.0000417     -0.0001615
  382      0.0001596     -0.0005431
  383      0.0000993     -0.0003493
  384      0.0002048     -0.0006794
  385      0.0002789     -0.0007930
  386      0.0001407     -0.0005063
  387      0.0000119     -0.0000753
  388      0.0049398     -0.0133170
  389      0.0000422     -0.0002240
  390      0.0014541     -0.0054432
  391      0.0000171     -0.0001093
  392      0.0000257     -0.0001411
  393      0.0006853     -0.0022969
  394      0.0003174     -0.0012386
  395      0.0000977     -0.0006036
  396      0.0000745     -0.0005813
  397      0.0000187     -0.0001342
  398      0.0000680     -0.0007771
  399      0.0000136     -0.0001496
  400      0.0000156     -0.0001271
  401      0.0000033     -0.0000291
  402      0.0000031     -0.0000294
  403      0.0000011     -0.0000269
  404      0.0000016     -0.0000121
  405      0.0000002     -0.0000008
  406      0.0000007     -0.0000077
  407      0.0000069     -0.0001261
  408      0.0000133     -0.0000422
  409      0.0034100     -0.0056420
  410      0.0000036     -0.0000110
  411      0.0000199     -0.0000663
  412      0.0000048     -0.0000205
  413      0.0000098     -0.0000469
  414      0.0000069     -0.0000350
  415      0.0000900     -0.0003083
  416      0.0000140     -0.0000591
  417      0.0046007     -0.0098943
  418      0.0000103     -0.0000508
  419      0.0149231     -0.0355765
  420      0.0017553     -0.0042235
  421      0.0002269     -0.0007400
  422      0.0002211     -0.0007108
  423      0.0145133     -0.0439776
  424      0.0000165     -0.0000998
  425      0.0001499     -0.0005562
  426      0.0000073     -0.0000512
  427      0.0004024     -0.0016187
  428      0.0000069     -0.0000486
  429      0.0000188     -0.0001152
  430      0.0004840     -0.0016769
  431      0.0002005     -0.0008247
  432      0.0011721     -0.0039996
  433      0.0002134     -0.0013002
  434      0.0000576     -0.0003469
  435      0.0000183     -0.0001274
  436      0.0000196     -0.0001554
  437      0.0000166     -0.0001282
  438      0.0000029     -0.0000263
  439      0.0000059     -0.0000889
  440      0.0000011     -0.0000352
  441      0.0000064     -0.0000709
  442      0.0000007     -0.0000232
  443      0.0000024     -0.0000207
  444      0.0000003     -0.0000018
  445      0.0000046     -0.0000127
  446      0.0000059     -0.0000152
  447      0.0000039     -0.0000130
  448      0.0000050     -0.0000217
  449      0.0092514     -0.0189525
  450      0.0159742     -0.0329719
  451      0.0002032     -0.0006900
  452      0.0000801     -0.0002989
  453      0.0000069     -0.0000377
  454      0.0034790     -0.0081201
  455      0.0000184     -0.0000835
  456      0.0000182     -0.0000815
  457      0.0001079     -0.0003934
  458      0.0190144     -0.0364411
  459      0.0020492     -0.0053914
  460      0.0007034     -0.0023464
  461      0.0000129     -0.0000831
  462      0.0004754     -0.0017525
  463      0.0000101     -0.0000677
  464      0.0002091     -0.0007975
  465      0.0000127     -0.0000861
  466      0.0000297     -0.0001668
  467      0.0009067     -0.0032557
  468      0.0052770     -0.0132968
  469      0.0000776     -0.0004764
  470      0.0002318     -0.0013521
  471      0.0001065     -0.0011555
  472      0.0000404     -0.0003069
  473      0.0000166     -0.0001262
  474      0.0000273     -0.0002502
  475      0.0000012     -0.0000427
  476      0.0000010     -0.0000190
  477      0.0000015     -0.0000122
  478      0.0000055     -0.0000438
  479      0.0000004     -0.0000111
  480      0.0000015     -0.0000162
  481      0.0000003     -0.0000019
  482      0.0000001     -0.0000004
  483      0.0000758     -0.0002076
  484      0.0002427     -0.0007555
  485      0.0001902     -0.0005505
  486      0.0000043     -0.0000144
  487      0.0000491     -0.0002058
  488      0.0001888     -0.0006525
  489      0.0001541     -0.0004977
  490      0.0011783     -0.0029947
  491      0.0000464     -0.0001817
  492      0.0000326     -0.0001311
  493      0.0008012     -0.0020562
  494      0.0000496     -0.0001872
  495      0.0001645     -0.0005666
  496      0.0003432     -0.0010175
  497      0.0000196     -0.0001089
  498      0.0008172     -0.0030228
  499      0.0002955     -0.0010913
  500      0.0000238     -0.0001392
  501      0.0010657     -0.0036411
  502      0.0000089     -0.0000625
  503      0.0000145     -0.0000974
  504      0.0003020     -0.0011823
  505      0.0008546     -0.0028233
  506      0.0000799     -0.0005183
  507      0.0002365     -0.0013412
  508      0.0000843     -0.0007878
  509      0.0000221     -0.0002166
  510      0.0000176     -0.0001310
  511      0.0000209     -0.0002200
  512      0.0000028     -0.0000237
  513      0.0000024     -0.0000194
  514      0.0000039     -0.0000332
  515      0.0000009     -0.0000056
  516      0.0000010     -0.0000113
  517      0.0000004     -0.0000101
  518      0.0000002     -0.0000009

   RO Sum (  74) =   74.00

  ---------------
   Dipole Moment
  ---------------

      2.3740 Debye [   0.9340  (  -0.0014,   0.0062,  -0.9340) ]

 ----------------
  Final Energies  
 ----------------

  Final NOF Total Energy =     -656.0135756862 ( 1.E-03 , 0.E+00 )


  **************************************************
  *                                                *
  *       SINGLE-POINT DoNOF CALCULATION           *
  *                                                *
  *             FULL OPTIMIZATION                  *
  *                                                *
  *  FINAL RESULTS   FINAL RESULTS  FINAL RESULTS  *
  *                                                *
  **************************************************

  **************************************************
  *         No. EXTERNAL ITER =     1              *
  *         No. of TOTAL ITER =     0              *
  **************************************************

  Elapsed real time :     34.55  (Seconds)

 The execution finished at 23h  6min on the 11/ 5/2025
Recovering execution output...
Moving from /scratch/pobleyef/346694 to /home-nas/pobleyef/Slim-NOF/ncwomax/Slim16/GNOFm20/arina.346694
mkdir -p /home-nas/pobleyef/Slim-NOF/ncwomax/Slim16/GNOFm20/arina.346694
mv /scratch/pobleyef/346694/* /home-nas/pobleyef/Slim-NOF/ncwomax/Slim16/GNOFm20/arina.346694
