Computing Integrals
Basis Set                                            = def2-qzvp
Auxiliary Basis Set                                  = def2-universal-jkfit
Gaussian Type                                        = Spherical
Elapsed time:    3.28 Seconds

Number of basis functions                   (NBF)    = 204
Number of auxiliary basis functions         (NBFAUX) = 206
Inactive Doubly occupied orbitals up to     (NO1)    = 0
No. considered Strongly Doubly occupied MOs (NDOC)   = 9
No. considered Strongly Singly occupied MOs (NSOC)   = 0
NO. of Weakly occ. per St. Doubly occ.  MOs (NCWO)   = 21
Dimension of the Nat. Orb. subspace         (NBF5)   = 198
No. of electrons                                     = 18
    No. of alpha electrons                           = 9
    No. of beta electrons                            = 9
Multiplicity                                         = 1

Geometry
========
 F       0.0000000       0.0000000       0.7507480
 C       0.0000000       0.0000000      -0.6335550
 H       0.0000000       1.0313900      -0.9851350
 H      -0.8932100      -0.5156950      -0.9851350
 H       0.8932100      -0.5156950      -0.9851350

No violations of the orthonormality
No violations of the orthonormality
 
PNOF8/ADABelief Calculation
==================
 
  Nitext  Nit_orb  Time   Nit_occ  Time         Eelec          Etot           Ediff      maxdiff    MaxGrad_orb  Grad_occ
     1      10    2.2e+01    0    2.5e+01  -177.00352973  -139.65493204 -10176.00352973   0.000960   3.8e-03   9.7e-05 0.03
 
RESULTS OF THE OCCUPATION OPTIMIZATION
========================================
   1    1.9999879  -26.32226390
   2    1.9999525  -11.30756979
   3    1.9850781  -1.58851526
   4    1.9796280  -0.94506007
   5    1.9693102  -0.76521878
   6    1.9807918  -0.73197449
   7    1.9789040  -0.72173072
   8    1.9729997  -0.59404093
   9    1.9730281  -0.58907699
  10    0.0174496  -0.02157957
  11    0.0174325  -0.02153360
  12    0.0098914  -0.01951070
  13    0.0098608  -0.01929012
  14    0.0298881  -0.05003576
  15    0.0128958  -0.02004304
  16    0.0068081  -0.02259211
  17    0.0000403  -0.00087012
  18    0.0000113  -0.00049511
  19    0.0048432  -0.00695634
  20    0.0048311  -0.00695376
  21    0.0042869  -0.00991299
  22    0.0043447  -0.00988507
  23    0.0002619  -0.00096081
  24    0.0035971  -0.00662615
  25    0.0031397  -0.00976751
  26    0.0000028  -0.00008292
  27    0.0000004  -0.00005212
  28    0.0020514  -0.00388279
  29    0.0020350  -0.00379387
  30    0.0041526  -0.00983688
  31    0.0022118  -0.00676033
  32    0.0002347  -0.00089575
  33    0.0015337  -0.00408166
  34    0.0030089  -0.00935229
  35    0.0000018  -0.00001264
  36    0.0000001  -0.00000188
  37    0.0011459  -0.00230541
  38    0.0011204  -0.00226188
  39    0.0007157  -0.00257966
  40    0.0009606  -0.00415721
  41    0.0002092  -0.00080053
  42    0.0011077  -0.00276788
  43    0.0007243  -0.00385085
  44    0.0000015  -0.00003189
  45    0.0000000  -0.00000074
  46    0.0005658  -0.00122105
  47    0.0005633  -0.00121960
  48    0.0005469  -0.00243183
  49    0.0006163  -0.00370435
  50    0.0000641  -0.00021951
  51    0.0002955  -0.00085871
  52    0.0004282  -0.00244324
  53    0.0000007  -0.00003106
  54    0.0000000  -0.00000044
  55    0.0003204  -0.00081591
  56    0.0003340  -0.00077549
  57    0.0005268  -0.00182324
  58    0.0003174  -0.00118721
  59    0.0000076  -0.00003350
  60    0.0001960  -0.00071183
  61    0.0002882  -0.00126208
  62    0.0000001  -0.00000145
  63    0.0000000  -0.00000044
  64    0.0002071  -0.00054175
  65    0.0002902  -0.00073160
  66    0.0003249  -0.00128733
  67    0.0003172  -0.00118683
  68    0.0000059  -0.00003049
  69    0.0001644  -0.00058208
  70    0.0002470  -0.00111471
  71    0.0000000  -0.00000109
  72    0.0000000  -0.00000030
  73    0.0000845  -0.00026001
  74    0.0001063  -0.00028227
  75    0.0002667  -0.00097010
  76    0.0002362  -0.00090875
  77    0.0000037  -0.00001137
  78    0.0001564  -0.00056823
  79    0.0001024  -0.00129959
  80    0.0000000  -0.00000068
  81    0.0000000  -0.00000030
  82    0.0000700  -0.00021432
  83    0.0000733  -0.00023659
  84    0.0001292  -0.00064024
  85    0.0000879  -0.00028004
  86    0.0000029  -0.00000996
  87    0.0000976  -0.00029621
  88    0.0000327  -0.00017241
  89    0.0000000  -0.00000069
  90    0.0000000  -0.00000026
  91    0.0000536  -0.00016865
  92    0.0000497  -0.00015681
  93    0.0000503  -0.00023178
  94    0.0000538  -0.00021803
  95    0.0000021  -0.00000723
  96    0.0000809  -0.00029267
  97    0.0000226  -0.00013913
  98    0.0000000  -0.00000062
  99    0.0000000  -0.00000022
 100    0.0000432  -0.00012911
 101    0.0000437  -0.00012744
 102    0.0000357  -0.00013996
 103    0.0000389  -0.00016465
 104    0.0000016  -0.00000649
 105    0.0000687  -0.00023811
 106    0.0000194  -0.00011644
 107    0.0000000  -0.00000052
 108    0.0000000  -0.00000018
 109    0.0000375  -0.00010555
 110    0.0000336  -0.00010186
 111    0.0000314  -0.00011996
 112    0.0000341  -0.00014769
 113    0.0000014  -0.00000596
 114    0.0000546  -0.00029731
 115    0.0000168  -0.00011231
 116    0.0000000  -0.00000049
 117    0.0000000  -0.00000019
 118    0.0000273  -0.00012685
 119    0.0000253  -0.00012159
 120    0.0000283  -0.00012280
 121    0.0000262  -0.00012950
 122    0.0000012  -0.00000610
 123    0.0000265  -0.00014526
 124    0.0000158  -0.00010735
 125    0.0000000  -0.00000048
 126    0.0000000  -0.00000017
 127    0.0000194  -0.00010498
 128    0.0000167  -0.00009133
 129    0.0000216  -0.00011030
 130    0.0000227  -0.00011840
 131    0.0000011  -0.00000517
 132    0.0000203  -0.00015316
 133    0.0000153  -0.00011310
 134    0.0000000  -0.00000043
 135    0.0000000  -0.00000013
 136    0.0000147  -0.00008230
 137    0.0000098  -0.00005171
 138    0.0000190  -0.00011251
 139    0.0000186  -0.00012011
 140    0.0000010  -0.00000496
 141    0.0000170  -0.00011266
 142    0.0000148  -0.00010058
 143    0.0000000  -0.00000039
 144    0.0000000  -0.00000014
 145    0.0000099  -0.00004780
 146    0.0000095  -0.00004371
 147    0.0000188  -0.00011097
 148    0.0000179  -0.00011515
 149    0.0000008  -0.00000369
 150    0.0000163  -0.00012220
 151    0.0000097  -0.00005912
 152    0.0000000  -0.00000040
 153    0.0000000  -0.00000012
 154    0.0000079  -0.00002944
 155    0.0000073  -0.00003456
 156    0.0000141  -0.00008341
 157    0.0000132  -0.00006546
 158    0.0000006  -0.00000347
 159    0.0000151  -0.00011621
 160    0.0000091  -0.00004934
 161    0.0000000  -0.00000035
 162    0.0000000  -0.00000014
 163    0.0000075  -0.00003098
 164    0.0000064  -0.00002364
 165    0.0000123  -0.00005881
 166    0.0000120  -0.00005860
 167    0.0000006  -0.00000310
 168    0.0000111  -0.00006805
 169    0.0000073  -0.00004224
 170    0.0000000  -0.00000027
 171    0.0000000  -0.00000010
 172    0.0000052  -0.00001691
 173    0.0000047  -0.00001546
 174    0.0000088  -0.00004389
 175    0.0000080  -0.00004008
 176    0.0000005  -0.00000297
 177    0.0000077  -0.00004367
 178    0.0000049  -0.00003662
 179    0.0000000  -0.00000030
 180    0.0000000  -0.00000012
 181    0.0000042  -0.00001482
 182    0.0000039  -0.00000815
 183    0.0000080  -0.00004101
 184    0.0000059  -0.00003178
 185    0.0000005  -0.00000255
 186    0.0000051  -0.00002502
 187    0.0000039  -0.00002313
 188    0.0000000  -0.00000028
 189    0.0000000  -0.00000011
 190    0.0000039  -0.00000883
 191    0.0000036  -0.00001149
 192    0.0000066  -0.00003327
 193    0.0000041  -0.00001529
 194    0.0000004  -0.00000251
 195    0.0000044  -0.00002274
 196    0.0000031  -0.00001371
 197    0.0000000  -0.00000029
 198    0.0000000  -0.00000010
 
----------------
 Final Energies 
----------------
Final NOF Total Energy =    -139.6549320
 
Total Orbital Internal Iterations = 10
Total Occupation Internal Iterations = 0
 
Elapsed time:   61.41 Seconds

---------------------------------
   Lowdin Population Analysis    
---------------------------------
 Idx  Atom   Population   Charge 
---------------------------------
  1     F     8.735       0.265
  2     C     6.023      -0.023
  3     H     1.081      -0.081
  4     H     1.079      -0.079
  5     H     1.081      -0.081

---------------------------------
   M Diagnostic: 0.03
---------------------------------

