Job runing on na17
Choosing scratch ...
Automatic scratch folder selection
/scratch/pobleyef/352915
/scratch/pobleyef/352915 directory
cp HEAVY28-pbh4_h2o.gcf HEAVY28-pbh4_h2o.inp to  /scratch/pobleyef/352915/.
HEAVY28-pbh4_h2o
 This is the OpenMP version of the code
 This is the OpenMP version of the code
 This is the OpenMP version of the code
 This is the OpenMP version of the code
 This is the OpenMP version of the code
 This is the OpenMP version of the code
 This is the OpenMP version of the code
 This is the OpenMP version of the code
 This is the OpenMP version of the code
 This is the OpenMP version of the code
 This is the OpenMP version of the code
 This is the OpenMP version of the code
 This is the OpenMP version of the code
 This is the OpenMP version of the code
 This is the OpenMP version of the code
 This is the OpenMP version of the code
 This is the OpenMP version of the code
 This is the OpenMP version of the code
 This is the OpenMP version of the code
 This is the OpenMP version of the code
 This is the OpenMP version of the code
 This is the OpenMP version of the code
 This is the OpenMP version of the code
 This is the OpenMP version of the code
 This is the OpenMP version of the code
 This is the OpenMP version of the code
 This is the OpenMP version of the code
 This is the OpenMP version of the code
 This is the OpenMP version of the code
 This is the OpenMP version of the code
 This is the OpenMP version of the code
 This is the OpenMP version of the code
 This is the OpenMP version of the code
 This is the OpenMP version of the code
 This is the OpenMP version of the code
 This is the OpenMP version of the code
 This is the OpenMP version of the code
 This is the OpenMP version of the code
 This is the OpenMP version of the code
 This is the OpenMP version of the code
 This is the OpenMP version of the code
 This is the OpenMP version of the code
 This is the OpenMP version of the code
 This is the OpenMP version of the code
 This is the OpenMP version of the code
 This is the OpenMP version of the code
 This is the OpenMP version of the code
 This is the OpenMP version of the code
 This is the OpenMP version of the code
 This is the OpenMP version of the code
 This is the OpenMP version of the code
 This is the OpenMP version of the code
 This is the OpenMP version of the code
 This is the OpenMP version of the code
 This is the OpenMP version of the code
 This is the OpenMP version of the code
 This is the OpenMP version of the code
 This is the OpenMP version of the code
 This is the OpenMP version of the code
 This is the OpenMP version of the code
 This is the OpenMP version of the code
 This is the OpenMP version of the code
 This is the OpenMP version of the code
 This is the OpenMP version of the code
 This is the OpenMP version of the code
 This is the OpenMP version of the code
 This is the OpenMP version of the code
 This is the OpenMP version of the code
 This is the OpenMP version of the code
 This is the OpenMP version of the code
 This is the OpenMP version of the code
 This is the OpenMP version of the code
 This is the OpenMP version of the code
 This is the OpenMP version of the code
 This is the OpenMP version of the code
 This is the OpenMP version of the code
 This is the OpenMP version of the code
 This is the OpenMP version of the code
 This is the OpenMP version of the code
 This is the OpenMP version of the code
 This is the OpenMP version of the code
 This is the OpenMP version of the code
 This is the OpenMP version of the code
 This is the OpenMP version of the code
 This is the OpenMP version of the code
 This is the OpenMP version of the code
 This is the OpenMP version of the code
 This is the OpenMP version of the code
 This is the OpenMP version of the code
 This is the OpenMP version of the code
 This is the OpenMP version of the code
 This is the OpenMP version of the code
 This is the OpenMP version of the code
 This is the OpenMP version of the code
 This is the OpenMP version of the code
 This is the OpenMP version of the code
 This is the OpenMP version of the code
 This is the OpenMP version of the code
 This is the OpenMP version of the code
 This is the OpenMP version of the code
 This is the OpenMP version of the code
 This is the OpenMP version of the code
 This is the OpenMP version of the code
 This is the OpenMP version of the code
 This is the OpenMP version of the code
 This is the OpenMP version of the code
 This is the OpenMP version of the code
 This is the OpenMP version of the code
 This is the OpenMP version of the code
 This is the OpenMP version of the code
 This is the OpenMP version of the code
 This is the OpenMP version of the code
 This is the OpenMP version of the code
 This is the OpenMP version of the code
 This is the OpenMP version of the code
 This is the OpenMP version of the code
 This is the OpenMP version of the code
 This is the OpenMP version of the code
 This is the OpenMP version of the code
 This is the OpenMP version of the code
 This is the OpenMP version of the code
 This is the OpenMP version of the code
 This is the OpenMP version of the code
 This is the OpenMP version of the code
 This is the OpenMP version of the code
 This is the OpenMP version of the code
 This is the OpenMP version of the code
 This is the OpenMP version of the code
 This is the OpenMP version of the code
 This is the OpenMP version of the code
 This is the OpenMP version of the code
 This is the OpenMP version of the code
 This is the OpenMP version of the code
 This is the OpenMP version of the code
 This is the OpenMP version of the code
 This is the OpenMP version of the code
 This is the OpenMP version of the code
 This is the OpenMP version of the code
 This is the OpenMP version of the code
 This is the OpenMP version of the code

 The execution started at 15h 54min on the 11/12/2025

    ===========================================================
    !                                                         !
    !                        Do N O F                         !
    !                                                         !
    !  (Donostia Natural Orbital Functional Software Program) !
    !                                                         !
    !               COPYRIGHT by Mario Piris                  !
    !                                                         !
    !      Donostia International Physics Center (DIPC)       !
    !       University of the Basque Country (UPV/EHU)        !
    !       Basque Foundation for Science (IKERBASQUE)        !
    !                                                         !
    !          GNU General Public License version 3           !
    !                                                         !
    !                  VERSION: October 2025                  !
    !                                                         !
    ===========================================================

 Run Title
 ---------
  Molname                                                                        

 Basis Set
 ---------
 /home/pobleyef/DoNOFsw/basis/def2-QZVP.bas                                      

 Atom      Charge                Coordinates (Bohr)
                           x             y             z
 PB         82.0       -0.0106       -3.4568        0.0000
 H           1.0        1.4716       -4.6512        2.6463
 H           1.0       -3.1092       -4.4687        0.0000
 H           1.0        0.1150       -0.2146        0.0000
 H           1.0        1.4716       -4.6512       -2.6463
 O           8.0       -0.0106        5.0731        0.0000
 H           1.0        1.4639        6.1247        0.0000
 H           1.0       -1.3917        6.2447        0.0000

 Atomic Basis Set
 ----------------
 The contracted primitive functions were unnormalized
 The contracted basis functions are now normalized to unity

  Shell Type  Primitive         Exponent  Contraction Coefficient

 PB        

      1   S       1          9368.3300000    0.000034136073
      1   S       2          1366.9300000    0.000251143967
      1   S       3           299.6820000    0.000924112269
      1   S       4            34.8597000    0.056748783490
      1   S       5            21.7889000   -0.496036157006
      1   S       6            13.6200000    1.704887165912
      1   S       7             8.5129500   -1.479654916305
      1   S       8             5.3033200   -1.490751578403
      1   S       9             1.9281600    1.865846066168

      2   S      10            13.5599442    0.352119859911
      2   S      11            11.0396200   -0.590368297460
      2   S      12             2.1371723    1.158652262856

      3   S      13             1.0373400    1.000000000000

      4   S      14             0.5111169    1.000000000000

      5   S      15             0.2467399    1.000000000000

      6   S      16             0.1157798    1.000000000000

      7   S      17             0.0528742    1.000000000000

      8   P      18            59.0901000    0.000754772094
      8   P      19            20.9197000   -0.022223610733
      8   P      20            13.0777000    0.133941476302
      8   P      21             6.8991000   -0.392443539432
      8   P      22             2.1962700    0.459254573712
      8   P      23             1.3048600    0.459330472581
      8   P      24             0.7795720    0.275077532970

      9   P      25             9.1373183   -0.061423409595
      9   P      26             3.9570574    0.302855439115
      9   P      27             1.2246639    0.802563771238

     10   P      28             0.4260156    1.000000000000

     11   P      29             0.2037859    1.000000000000

     12   P      30             0.0881686    1.000000000000

     13   P      31             0.0370947    1.000000000000

     14   D      32            66.3482490    0.000313339274
     14   D      33            13.4558998    0.010260971277
     14   D      34             6.5510273   -0.082826992406
     14   D      35             2.6574137    0.183280411305
     14   D      36             1.6001278    0.343034392962
     14   D      37             0.9330445    0.361628277252
     14   D      38             0.5439137    0.249015333759

     15   D      39             0.3205955    1.000000000000

     16   D      40             0.1792230    1.000000000000

     17   D      41             0.0832000    1.000000000000

     18   F      42             2.5184939    1.000000000000

     19   F      43             1.1606000    1.000000000000

     20   F      44             0.4413000    1.000000000000

     21   F      45             0.1782000    1.000000000000

     22   G      46             0.3881000    1.000000000000

 H         

     23   S      47           190.6916900    0.005342636962
     23   S      48            28.6055320    0.041252338243
     23   S      49             6.5095943    0.210993525698
     23   S      50             1.8412455    0.812128545862

     24   S      51             0.5985373    1.000000000000

     25   S      52             0.2139762    1.000000000000

     26   S      53             0.0803163    1.000000000000

     27   P      54             2.2920000    1.000000000000

     28   P      55             0.8380000    1.000000000000

     29   P      56             0.2920000    1.000000000000

     30   D      57             2.0620000    1.000000000000

     31   D      58             0.6620000    1.000000000000

     32   F      59             1.3970000    1.000000000000

 H         

     33   S      60           190.6916900    0.005342636962
     33   S      61            28.6055320    0.041252338243
     33   S      62             6.5095943    0.210993525698
     33   S      63             1.8412455    0.812128545862

     34   S      64             0.5985373    1.000000000000

     35   S      65             0.2139762    1.000000000000

     36   S      66             0.0803163    1.000000000000

     37   P      67             2.2920000    1.000000000000

     38   P      68             0.8380000    1.000000000000

     39   P      69             0.2920000    1.000000000000

     40   D      70             2.0620000    1.000000000000

     41   D      71             0.6620000    1.000000000000

     42   F      72             1.3970000    1.000000000000

 H         

     43   S      73           190.6916900    0.005342636962
     43   S      74            28.6055320    0.041252338243
     43   S      75             6.5095943    0.210993525698
     43   S      76             1.8412455    0.812128545862

     44   S      77             0.5985373    1.000000000000

     45   S      78             0.2139762    1.000000000000

     46   S      79             0.0803163    1.000000000000

     47   P      80             2.2920000    1.000000000000

     48   P      81             0.8380000    1.000000000000

     49   P      82             0.2920000    1.000000000000

     50   D      83             2.0620000    1.000000000000

     51   D      84             0.6620000    1.000000000000

     52   F      85             1.3970000    1.000000000000

 H         

     53   S      86           190.6916900    0.005342636962
     53   S      87            28.6055320    0.041252338243
     53   S      88             6.5095943    0.210993525698
     53   S      89             1.8412455    0.812128545862

     54   S      90             0.5985373    1.000000000000

     55   S      91             0.2139762    1.000000000000

     56   S      92             0.0803163    1.000000000000

     57   P      93             2.2920000    1.000000000000

     58   P      94             0.8380000    1.000000000000

     59   P      95             0.2920000    1.000000000000

     60   D      96             2.0620000    1.000000000000

     61   D      97             0.6620000    1.000000000000

     62   F      98             1.3970000    1.000000000000

 O         

     63   S      99        116506.4690800    0.000071987576
     63   S     100         17504.3497240    0.000557148772
     63   S     101          3993.4513230    0.002913003168
     63   S     102          1133.0063186    0.012172051077
     63   S     103           369.9956959    0.043003761827
     63   S     104           133.6207435    0.129647623897
     63   S     105            52.0356436    0.319696085629
     63   S     106            21.4619393    0.589314587967

     64   S     107            89.8350513    0.094848052763
     64   S     108            26.4280108    0.925363787917

     65   S     109             9.2822825    1.000000000000

     66   S     110             4.0947729    1.000000000000

     67   S     111             1.3255349    1.000000000000

     68   S     112             0.5187723    1.000000000000

     69   S     113             0.1977268    1.000000000000

     70   P     114           191.1525581    0.002535957414
     70   P     115            45.2333567    0.020233824294
     70   P     116            14.3534659    0.094518019998
     70   P     117             5.2422372    0.309154328074
     70   P     118             2.0792419    0.684689495338

     71   P     119             0.8428237    1.000000000000

     72   P     120             0.3361769    1.000000000000

     73   P     121             0.1286400    1.000000000000

     74   D     122             3.7750000    1.000000000000

     75   D     123             1.3000000    1.000000000000

     76   D     124             0.4440000    1.000000000000

     77   F     125             2.6660000    1.000000000000

     78   F     126             0.8590000    1.000000000000

     79   G     127             1.8460000    1.000000000000

 H         

     80   S     128           190.6916900    0.005342636962
     80   S     129            28.6055320    0.041252338243
     80   S     130             6.5095943    0.210993525698
     80   S     131             1.8412455    0.812128545862

     81   S     132             0.5985373    1.000000000000

     82   S     133             0.2139762    1.000000000000

     83   S     134             0.0803163    1.000000000000

     84   P     135             2.2920000    1.000000000000

     85   P     136             0.8380000    1.000000000000

     86   P     137             0.2920000    1.000000000000

     87   D     138             2.0620000    1.000000000000

     88   D     139             0.6620000    1.000000000000

     89   F     140             1.3970000    1.000000000000

 H         

     90   S     141           190.6916900    0.005342636962
     90   S     142            28.6055320    0.041252338243
     90   S     143             6.5095943    0.210993525698
     90   S     144             1.8412455    0.812128545862

     91   S     145             0.5985373    1.000000000000

     92   S     146             0.2139762    1.000000000000

     93   S     147             0.0803163    1.000000000000

     94   P     148             2.2920000    1.000000000000

     95   P     149             0.8380000    1.000000000000

     96   P     150             0.2920000    1.000000000000

     97   D     151             2.0620000    1.000000000000

     98   D     152             0.6620000    1.000000000000

     99   F     153             1.3970000    1.000000000000

 Total Number of Basis Set Shells             =   99
 Total Number of Primitives                   =  153
 Number of Spherical Gaussian Basis Functions =  319
 Total Number of Auxiliary Basis Set Shells   =  114
 Number of Sph. Gaussian Auxiliary Set Func.  =  436
 Number of Electrons                          =   96
 Charge of Molecule                           =    0
 Spin Multiplicity                            =    1
 Number of Occupied Orbitals (Alpha)          =   48
 Number of Occupied Orbitals (Beta )          =   48
 Total Number of Atoms                        =    8

 Nuclear Energy =      209.5021146483

 Note: This calculation is using an effective core potential
 so NE and ENUC will be adjusted later after removal of the Core

 Input Run Options
 -----------------
 IRUNTYP = 1  MULT = 1  ICHARG =  0 IECP = 1  IEMOM = 1  UNITS = ANGS    

 ECP Potentials
 --------------
 Parameters for "PB-ECP  " on Atom  1 with ZCORE 60 and LMAX 3 are

 for L= 3      COEFF    N           ZETA
    1       12.20989    2        3.88751
    1       16.19029    2        3.81196
 for L= 0      COEFF    N           ZETA
    1      281.28550    2       12.29630
    1       62.52022    2        8.63263
    1      -12.20989    2        3.88751
    1      -16.19029    2        3.81196
 for L= 1      COEFF    N           ZETA
    1       72.27690    2       10.24179
    1      144.59108    2        8.92418
    1        4.75869    2        6.58134
    1        9.94062    2        6.25540
    1      -12.20989    2        3.88751
    1      -16.19029    2        3.81196
 for L= 2      COEFF    N           ZETA
    1       35.84851    2        7.75434
    1       53.72434    2        7.72028
    1       10.11526    2        4.97026
    1       14.83373    2        4.56379
    1      -12.20989    2        3.88751
    1      -16.19029    2        3.81196

 The ECP removes  60 core electrons and  60 protons

 Number of electrons kept in the run =   36
 Number of occupied orbitals (Alpha) =   18
 Number of occupied orbitals (Beta)  =   18

 Adjusted Nuclear Energy =       67.2059450740


 Integral Options
 ----------------
 ERITYP = RI     AUX = JKFIT   ISCHWZ = 1   CUTOFF = 1.0E-09

 Input NOF Options
 -----------------

 Natural Orbital Functional Selected:    (IPNOF)         8
 Modified version of GNOF (GNOFm):       (Imod)          1

 Type of calculation = ICOEF2 + ICOEF1:  (ICOEF)        21
 Use Softmax function for Occ. Opt.:     (ISOFTMAX)      1
 Type of Orb. Opt. = Orbital Rotations:  (IORBOPT)       2
 Maximum Number of Coef Outer Iter.:     (MAXIT21)       3
 Maximum Number of Occ-Coef Outer Iter.: (MAXIT)      1000

 Restart calculation Option:             (RESTART)       F
 Restart Gamma Matrix from GCF file:     (INPUTGAMMA)    1
 Coefficient Matrix from GCF file:       (INPUTC)        1
 Diagonal Elements FMIUG from GCF file:  (INPUTFMIUG)    0
 Cartesian Coordinates from GCF file:    (INPUTCXYZ)     0

 Threshold Lambda Convergence=10**(-N):  (NTHRESHL)      3
 Threshold Energy Convergence=10**(-N):  (NTHRESHE)      5
 Max. Number of Inner Coef. Iterations:  (MAXLOOP)      10
 Orthogonalize the initial Orbitals:     (ORTHO)         T

 Output Option:                          (NPRINT)        0
 Output the Coefficient Matrix:          (IWRITEC)       0
 Do a Mulliken Population Analysis:      (IMULPOP)       0
 Write Information into a WFN file:      (IAIMPAC)       1
 Write Information into a FCHK file:     (IFCHK)         1
 Write Information into a MLP file:      (MOLDEN)        1
 Create Ini. Cond. (ini.xyz) file:       (INICOND)       1
 Calculate IPs using Ext. Koopmans Theo: (IEKT)          0
 Write APSG expansion coefficient file:  (APSG)          F
 Output option for Lagrange Multipliers: (PRINTLAG)      F
 Diagonalize matrix of Lag. Multipliers: (DIAGLAG)       F

------------------------------------------------------------------------

 Orbital Space
 -------------

 Inactive Doubly occupied orbitals up to NO1  =    0
 No. considered Strongly Doubly occupied MOs  =   18
 No. considered Strongly Singly occupied MOs  =    0
 NO. of Weakly occ. per St. Doubly occ.  MOs (NCWO)   =   16
 Dimension of the Active Nat. Orb. subspace   =  306
 Secondary Empty orbitals                     =   13

 1e- integrals
 -------------
 Time to do integrals =      0.42

 2e- integrals
 -------------
 DONTW option skips storage 2e- integrals on Unit 1
 Time to do integrals =      0.68

 No violations of the orthonormality

   INITIAL VALUES
  =================

   OM     Occupation      Elag Diag

    1      1.9997159    -20.5919936
    2      1.9995245     -4.2073876
    3      1.9994170     -3.9918801
    4      1.9994147     -4.1551330
    5      1.9993947     -3.7816901
    6      1.9978912     -2.2802400
    7      1.9966240     -1.4510327
    8      1.9955389     -1.1868826
    9      1.9946969     -1.0942455
   10      1.9944014     -1.1337636
   11      1.9829320     -0.7653594
   12      1.9828838     -0.7645589
   13      1.9697575     -0.9079637
   14      1.9696570     -0.9072712
   15      1.9548001     -0.5335280
   16      1.9545040     -0.5321131
   17      1.9543820     -0.5315257
   18      1.9539648     -0.5283896
   19      0.0000515     -0.0001208
   20      0.0047716     -0.0043213
   21      0.0061078     -0.0057612
   22      0.0000416     -0.0001060
   23      0.0000043     -0.0000492
   24      0.0000268     -0.0001179
   25      0.0000055     -0.0000719
   26      0.0001138     -0.0006203
   27      0.0000010     -0.0000106
   28      0.0000085     -0.0000921
   29      0.0033471     -0.0162333
   30      0.0020487     -0.0130481
   31      0.0000003     -0.0000031
   32      0.0004724     -0.0036537
   33      0.0000040     -0.0000904
   34      0.0000053     -0.0001083
   35      0.0000928     -0.0017425
   36      0.0000001     -0.0000007
   37      0.0000443     -0.0001104
   38      0.0000604     -0.0001364
   39      0.0000046     -0.0000176
   40      0.0299030     -0.0221823
   41      0.0000055     -0.0000562
   42      0.0000776     -0.0003490
   43      0.0001117     -0.0005957
   44      0.0135994     -0.0192333
   45      0.0000008     -0.0000083
   46      0.0000166     -0.0001167
   47      0.0000009     -0.0000092
   48      0.0000009     -0.0000088
   49      0.0000002     -0.0000014
   50      0.0000020     -0.0000449
   51      0.0003603     -0.0040541
   52      0.0000002     -0.0000023
   53      0.0002562     -0.0024190
   54      0.0000001     -0.0000009
   55      0.0295802     -0.0218006
   56      0.0001300     -0.0001941
   57      0.0000346     -0.0000872
   58      0.0001924     -0.0003012
   59      0.0000268     -0.0001179
   60      0.0000140     -0.0000734
   61      0.0000943     -0.0005088
   62      0.0007770     -0.0026458
   63      0.0000180     -0.0001234
   64      0.0000009     -0.0000091
   65      0.0000007     -0.0000072
   66      0.0000010     -0.0000093
   67      0.0000003     -0.0000027
   68      0.0000002     -0.0000009
   69      0.0000009     -0.0000210
   70      0.0001556     -0.0024351
   71      0.0000001     -0.0000010
   72      0.0000228     -0.0007887
   73      0.0001025     -0.0002069
   74      0.0000827     -0.0001679
   75      0.0291434     -0.0217066
   76      0.0051745     -0.0052922
   77      0.0000378     -0.0001684
   78      0.0000291     -0.0001357
   79      0.0000051     -0.0000644
   80      0.0000089     -0.0001010
   81      0.0006336     -0.0033924
   82      0.0029325     -0.0150791
   83      0.0000007     -0.0000069
   84      0.0000007     -0.0000084
   85      0.0000004     -0.0000032
   86      0.0000011     -0.0000485
   87      0.0000001     -0.0000009
   88      0.0004026     -0.0032066
   89      0.0000001     -0.0000009
   90      0.0000001     -0.0000008
   91      0.0046680     -0.0040440
   92      0.0290097     -0.0215417
   93      0.0000617     -0.0001378
   94      0.0000158     -0.0000424
   95      0.0000097     -0.0000627
   96      0.0029010     -0.0053705
   97      0.0001545     -0.0007193
   98      0.0000052     -0.0000666
   99      0.0000007     -0.0000074
  100      0.0000020     -0.0000156
  101      0.0000008     -0.0000089
  102      0.0000005     -0.0000046
  103      0.0000002     -0.0000011
  104      0.0000002     -0.0000018
  105      0.0000002     -0.0000019
  106      0.0000002     -0.0000018
  107      0.0000001     -0.0000012
  108      0.0000002     -0.0000083
  109      0.0001192     -0.0001726
  110      0.0000043     -0.0000168
  111      0.0000952     -0.0001894
  112      0.0001829     -0.0002943
  113      0.0000591     -0.0002691
  114      0.0000056     -0.0000550
  115      0.0000320     -0.0003138
  116      0.0012410     -0.0039210
  117      0.0000007     -0.0000080
  118      0.0000291     -0.0001892
  119      0.0000010     -0.0000096
  120      0.0012578     -0.0057563
  121      0.0000007     -0.0000072
  122      0.0000001     -0.0000010
  123      0.0000002     -0.0000012
  124      0.0000030     -0.0000688
  125      0.0000006     -0.0000087
  126      0.0000327     -0.0010749
  127      0.0046856     -0.0040562
  128      0.0001591     -0.0002551
  129      0.0000128     -0.0000338
  130      0.0000985     -0.0001884
  131      0.0000148     -0.0000764
  132      0.0000083     -0.0000841
  133      0.0000048     -0.0000636
  134      0.0000061     -0.0000846
  135      0.0020865     -0.0130993
  136      0.0000006     -0.0000062
  137      0.0010160     -0.0053148
  138      0.0000004     -0.0000026
  139      0.0000005     -0.0000044
  140      0.0000996     -0.0015819
  141      0.0000489     -0.0011000
  142      0.0000011     -0.0000481
  143      0.0000010     -0.0000189
  144      0.0000001     -0.0000013
  145      0.0000257     -0.0000673
  146      0.0000284     -0.0000740
  147      0.0001641     -0.0002566
  148      0.0000282     -0.0000777
  149      0.0249071     -0.0324554
  150      0.0248590     -0.0324364
  151      0.0007546     -0.0024386
  152      0.0000311     -0.0003043
  153      0.0000013     -0.0000126
  154      0.0000008     -0.0000087
  155      0.0000007     -0.0000065
  156      0.0000279     -0.0002226
  157      0.0000915     -0.0013913
  158      0.0000001     -0.0000010
  159      0.0000001     -0.0000010
  160      0.0000001     -0.0000007
  161      0.0000001     -0.0000011
  162      0.0000001     -0.0000006
  163      0.0000922     -0.0001655
  164      0.0047494     -0.0042643
  165      0.0000859     -0.0001476
  166      0.0047643     -0.0043548
  167      0.0011554     -0.0029491
  168      0.0000589     -0.0002694
  169      0.0000067     -0.0000756
  170      0.0001604     -0.0006876
  171      0.0000006     -0.0000051
  172      0.0000008     -0.0000081
  173      0.0000168     -0.0001194
  174      0.0000035     -0.0000268
  175      0.0000003     -0.0000026
  176      0.0000217     -0.0003934
  177      0.0000001     -0.0000009
  178      0.0000004     -0.0000047
  179      0.0000002     -0.0000015
  180      0.0000002     -0.0000174
  181      0.0000158     -0.0000417
  182      0.0001133     -0.0001751
  183      0.0001479     -0.0002367
  184      0.0001059     -0.0001578
  185      0.0000284     -0.0001325
  186      0.0000051     -0.0000490
  187      0.0001531     -0.0008314
  188      0.0000067     -0.0000768
  189      0.0000062     -0.0000679
  190      0.0000110     -0.0000942
  191      0.0000017     -0.0000135
  192      0.0000101     -0.0000787
  193      0.0012510     -0.0108010
  194      0.0000067     -0.0001368
  195      0.0000002     -0.0000008
  196      0.0000002     -0.0000023
  197      0.0000002     -0.0000018
  198      0.0000001     -0.0000008
  199      0.0000900     -0.0001522
  200      0.0000893     -0.0001525
  201      0.0000468     -0.0001081
  202      0.0000838     -0.0001442
  203      0.0000623     -0.0002957
  204      0.0000038     -0.0000422
  205      0.0000993     -0.0005478
  206      0.0000053     -0.0000658
  207      0.0000007     -0.0000076
  208      0.0000011     -0.0000094
  209      0.0000011     -0.0000119
  210      0.0000012     -0.0000118
  211      0.0000015     -0.0000225
  212      0.0000001     -0.0000009
  213      0.0000021     -0.0000871
  214      0.0000129     -0.0002725
  215      0.0000001     -0.0000010
  216      0.0000003     -0.0000158
  217      0.0062017     -0.0056792
  218      0.0000110     -0.0000298
  219      0.0001227     -0.0001724
  220      0.0044628     -0.0039995
  221      0.0000051     -0.0000466
  222      0.0000407     -0.0001851
  223      0.0008051     -0.0027250
  224      0.0000829     -0.0004346
  225      0.0000080     -0.0000851
  226      0.0000010     -0.0000119
  227      0.0000041     -0.0000360
  228      0.0000006     -0.0000055
  229      0.0002938     -0.0032945
  230      0.0000002     -0.0000026
  231      0.0000002     -0.0000013
  232      0.0000003     -0.0000036
  233      0.0001201     -0.0019347
  234      0.0000001     -0.0000006
  235      0.0001564     -0.0002418
  236      0.0000828     -0.0001472
  237      0.0046162     -0.0041226
  238      0.0000734     -0.0001535
  239      0.0010933     -0.0027644
  240      0.0011105     -0.0028343
  241      0.0135912     -0.0192287
  242      0.0001520     -0.0008629
  243      0.0028364     -0.0147933
  244      0.0022954     -0.0133867
  245      0.0000007     -0.0000055
  246      0.0000004     -0.0000032
  247      0.0000003     -0.0000033
  248      0.0000002     -0.0000016
  249      0.0000001     -0.0000009
  250      0.0000003     -0.0000030
  251      0.0000001     -0.0000010
  252      0.0000001     -0.0000013
  253      0.0001847     -0.0002884
  254      0.0062631     -0.0058337
  255      0.0000108     -0.0000282
  256      0.0000049     -0.0000188
  257      0.0000084     -0.0000853
  258      0.0000094     -0.0000593
  259      0.0000079     -0.0000862
  260      0.0000065     -0.0000724
  261      0.0000009     -0.0000093
  262      0.0000006     -0.0000045
  263      0.0000113     -0.0000886
  264      0.0000044     -0.0000459
  265      0.0004627     -0.0037417
  266      0.0000001     -0.0000010
  267      0.0000001     -0.0000010
  268      0.0000002     -0.0000021
  269      0.0000033     -0.0001200
  270      0.0002237     -0.0085718
  271      0.0000046     -0.0000177
  272      0.0000533     -0.0001217
  273      0.0000808     -0.0001432
  274      0.0000537     -0.0001302
  275      0.0000227     -0.0001039
  276      0.0010705     -0.0027386
  277      0.0012840     -0.0040112
  278      0.0001154     -0.0006463
  279      0.0000018     -0.0000119
  280      0.0000013     -0.0000126
  281      0.0000567     -0.0006386
  282      0.0000005     -0.0000041
  283      0.0000003     -0.0000023
  284      0.0000002     -0.0000016
  285      0.0000003     -0.0000023
  286      0.0000003     -0.0000024
  287      0.0000003     -0.0000032
  288      0.0000036     -0.0002992
  289      0.0000127     -0.0000345
  290      0.0000096     -0.0000261
  291      0.0047608     -0.0042466
  292      0.0000142     -0.0000348
  293      0.0029023     -0.0053770
  294      0.0000224     -0.0001031
  295      0.0000062     -0.0000839
  296      0.0007563     -0.0024612
  297      0.0000014     -0.0000089
  298      0.0000008     -0.0000073
  299      0.0000009     -0.0000093
  300      0.0000175     -0.0001276
  301      0.0000048     -0.0000756
  302      0.0000002     -0.0000023
  303      0.0001674     -0.0023216
  304      0.0000002     -0.0000014
  305      0.0000001     -0.0000010
  306      0.0000002     -0.0000104

   RO Sum (  36) =   36.00

  ---------------
   Dipole Moment
  ---------------

      2.4862 Debye [   0.9781  (   0.0307,   0.9777,   0.0019) ]


  RESULTS OF OCCUPATION-COEFFICIENT OPTIMIZATION
 ================================================

  Ex It  Occ Time  Orb Time  Orb It   Electronic Energy     Total Energy   Energy Convergency    Max Mul-Lag Diff

    1    9.2E-01   1.1E+02      10    -338.0760113624     -270.8700662883    -0.0000000000           0.021722
    2    4.8E-01   3.6E+02      40    -338.1584873136     -270.9525422396    -0.0824759513           0.282603
    3    5.1E-01   4.2E+02      50    -338.1993657088     -270.9934206347    -0.0408783951           0.002657
    4    4.7E-01   4.1E+02      60    -338.2100423453     -271.0040972713    -0.0106766365           0.004872
    5    3.9E+01   5.9E+02      60    -338.3321120226     -271.1261669486    -0.1220696773           0.003796
    6    2.1E+01   4.1E+02      60    -338.3526463167     -271.1467012427    -0.0205342941           0.003796
    7    2.0E+01   3.8E+02      60    -338.3636114824     -271.1576664083    -0.0109651656           0.003093
    8    2.1E+01   5.0E+02      60    -338.3692055209     -271.1632604469    -0.0055940386           0.002766
    9    2.4E+01   3.9E+02      60    -338.3720920506     -271.1661469766    -0.0028865297           0.003683
   10    2.1E+01   6.1E+02      60    -338.3735440107     -271.1675989367    -0.0014519601           0.002835
   11    1.8E+01   4.9E+02      60    -338.3742537788     -271.1683087047    -0.0007097681           0.002685
   12    1.9E+01   4.8E+02      60    -338.3745875417     -271.1686424677    -0.0003337629           0.002902
   13    2.5E+01   4.6E+02      60    -338.3747432820     -271.1687982080    -0.0001557403           0.003030
   14    2.5E+01   4.4E+02      60    -338.3748775702     -271.1689324962    -0.0001342882           0.002624
   15    1.8E+01   4.8E+02      60    -338.3750098710     -271.1690647969    -0.0001323007           0.002677
   16    2.1E+01   5.5E+02      60    -338.3751873665     -271.1692422924    -0.0001774955           0.002594
   17    1.9E+01   4.6E+02      60    -338.3753065143     -271.1693614403    -0.0001191479           0.002488
   18    1.7E+01   5.1E+02      60    -338.3754209693     -271.1694758953    -0.0001144550           0.002399
   19    2.1E+01   5.4E+02      60    -338.3755274424     -271.1695823683    -0.0001064730           0.002055
   20    2.0E+01   5.2E+02      60    -338.3756388579     -271.1696937839    -0.0001114155           0.002212
   21    2.1E+01   3.8E+02      60    -338.3757353887     -271.1697903147    -0.0000965309           0.002640
   22    1.8E+01   5.0E+02      60    -338.3758115951     -271.1698665211    -0.0000762064           0.002779
   23    1.6E+01   4.9E+02      60    -338.3758723950     -271.1699273210    -0.0000607999           0.002334
   24    1.4E+01   4.7E+02      60    -338.3759177770     -271.1699727029    -0.0000453819           0.002078
   25    1.5E+01   4.4E+02      60    -338.3759341309     -271.1699890569    -0.0000163540           0.002295
   26    1.4E+01   4.0E+02      60    -338.3759767534     -271.1700316794    -0.0000426225           0.002183
   27    1.4E+01   4.5E+02      60    -338.3759860027     -271.1700409287    -0.0000092493           0.002353
   28    1.4E+01   4.9E+02      60    -338.3760269630     -271.1700818889    -0.0000409603           0.002228
   29    1.6E+01   4.2E+02      60    -338.3760493751     -271.1701043011    -0.0000224121           0.002319
   30    1.8E+01   3.8E+02      60    -338.3761077415     -271.1701626674    -0.0000583664           0.002055
   31    1.6E+01   4.9E+02      60    -338.3761268564     -271.1701817824    -0.0000191149           0.001952
   32    1.4E+01   4.8E+02      60    -338.3761596520     -271.1702145780    -0.0000327956           0.001771
   33    2.5E+01   4.0E+02      60    -338.3761558889     -271.1702108149     0.0000037631           0.001981
   34    1.4E+01   2.9E+02      29    -338.3762066026     -271.1702615286    -0.0000507137           0.000950
   35    6.3E+00   4.6E+00      29    -338.3762070339     -271.1702619598    -0.0000004313           0.000950


  RESULTS OF THE OCCUPATION OPTIMIZATION
 ========================================

   OM     Occupation      Elag Diag

    1      1.9999878    -20.5989453
    2      1.9996692     -6.2009832
    3      1.9987837     -3.8846832
    4      1.9987278     -3.8847526
    5      1.9986940     -3.8847856
    6      1.9854566     -1.3008254
    7      1.9843126     -1.1121796
    8      1.9841534     -1.0981442
    9      1.9840331     -1.1135073
   10      1.9793855     -1.1088236
   11      1.9791931     -1.0952951
   12      1.9771738     -0.5666369
   13      1.9743960     -0.7456928
   14      1.9726964     -0.7330792
   15      1.9698958     -0.4526131
   16      1.9697696     -0.7179255
   17      1.9693014     -0.4496042
   18      1.9689395     -0.4481206
   19      0.0015650     -0.0024640
   20      0.0071995     -0.0115186
   21      0.0000018     -0.0000057
   22      0.0000470     -0.0001154
   23      0.0000358     -0.0001499
   24      0.0000310     -0.0001073
   25      0.0000211     -0.0000830
   26      0.0000015     -0.0000081
   27      0.0000147     -0.0000641
   28      0.0127913     -0.0300664
   29      0.0000010     -0.0000045
   30      0.0132496     -0.0305566
   31      0.0005287     -0.0015985
   32      0.0007714     -0.0031151
   33      0.0000065     -0.0000752
   34      0.0000065     -0.0000721
   35      0.0000658     -0.0006597
   36      0.0000000     -0.0000001
   37      0.0000587     -0.0001366
   38      0.0000090     -0.0000239
   39      0.0000022     -0.0000061
   40      0.0000513     -0.0001336
   41      0.0001462     -0.0005087
   42      0.0112765     -0.0195080
   43      0.0003051     -0.0008842
   44      0.0000011     -0.0000055
   45      0.0000287     -0.0001080
   46      0.0000048     -0.0000249
   47      0.0000009     -0.0000036
   48      0.0000038     -0.0000208
   49      0.0081875     -0.0196317
   50      0.0000062     -0.0000767
   51      0.0005641     -0.0029975
   52      0.0000004     -0.0000020
   53      0.0001211     -0.0008890
   54      0.0000000     -0.0000001
   55      0.0002794     -0.0005274
   56      0.0000456     -0.0001151
   57      0.0000285     -0.0001143
   58      0.0176370     -0.0237342
   59      0.0000185     -0.0000855
   60      0.0001062     -0.0003470
   61      0.0003616     -0.0010106
   62      0.0000145     -0.0000621
   63      0.0000019     -0.0000099
   64      0.0000065     -0.0000351
   65      0.0000018     -0.0000101
   66      0.0000053     -0.0000279
   67      0.0012258     -0.0045197
   68      0.0000003     -0.0000014
   69      0.0000032     -0.0000257
   70      0.0005665     -0.0025104
   71      0.0000001     -0.0000006
   72      0.0000002     -0.0000013
   73      0.0001153     -0.0002521
   74      0.0194355     -0.0247436
   75      0.0000353     -0.0001448
   76      0.0002185     -0.0004628
   77      0.0000364     -0.0001485
   78      0.0055593     -0.0111754
   79      0.0000164     -0.0000626
   80      0.0003759     -0.0011098
   81      0.0102080     -0.0276641
   82      0.0000035     -0.0000204
   83      0.0000012     -0.0000064
   84      0.0000040     -0.0000202
   85      0.0000535     -0.0002100
   86      0.0000036     -0.0000337
   87      0.0000003     -0.0000015
   88      0.0005952     -0.0035955
   89      0.0000001     -0.0000006
   90      0.0000000     -0.0000001
   91      0.0194152     -0.0247112
   92      0.0000560     -0.0001357
   93      0.0000052     -0.0000141
   94      0.0016669     -0.0028476
   95      0.0042088     -0.0084126
   96      0.0000165     -0.0000581
   97      0.0005122     -0.0013586
   98      0.0000007     -0.0000029
   99      0.0000029     -0.0000154
  100      0.0000024     -0.0000131
  101      0.0000008     -0.0000034
  102      0.0000069     -0.0000359
  103      0.0000124     -0.0000623
  104      0.0000003     -0.0000015
  105      0.0000004     -0.0000020
  106      0.0000003     -0.0000016
  107      0.0000001     -0.0000007
  108      0.0000000     -0.0000002
  109      0.0000053     -0.0000134
  110      0.0002155     -0.0004507
  111      0.0000646     -0.0002247
  112      0.0002131     -0.0004552
  113      0.0000087     -0.0000349
  114      0.0004409     -0.0010459
  115      0.0001056     -0.0003753
  116      0.0000011     -0.0000047
  117      0.0000317     -0.0001197
  118      0.0028294     -0.0063344
  119      0.0000031     -0.0000181
  120      0.0000105     -0.0000567
  121      0.0012964     -0.0037214
  122      0.0000002     -0.0000011
  123      0.0000003     -0.0000015
  124      0.0000067     -0.0000709
  125      0.0000004     -0.0000026
  126      0.0000004     -0.0000411
  127      0.0002604     -0.0005068
  128      0.0000349     -0.0000969
  129      0.0000062     -0.0000209
  130      0.0010802     -0.0018041
  131      0.0000108     -0.0000426
  132      0.0000497     -0.0001468
  133      0.0000186     -0.0000757
  134      0.0101656     -0.0279214
  135      0.0000010     -0.0000047
  136      0.0000009     -0.0000038
  137      0.0000024     -0.0000137
  138      0.0019674     -0.0042681
  139      0.0000367     -0.0001656
  140      0.0004270     -0.0025214
  141      0.0001501     -0.0007778
  142      0.0000037     -0.0000309
  143      0.0000015     -0.0000099
  144      0.0000000     -0.0000001
  145      0.0000542     -0.0001342
  146      0.0002965     -0.0005490
  147      0.0183280     -0.0290233
  148      0.0000425     -0.0001106
  149      0.0218445     -0.0320856
  150      0.0000359     -0.0001177
  151      0.0010897     -0.0027147
  152      0.0000021     -0.0000116
  153      0.0000014     -0.0000065
  154      0.0001520     -0.0006100
  155      0.0009142     -0.0028298
  156      0.0000034     -0.0000197
  157      0.0002749     -0.0009274
  158      0.0000002     -0.0000012
  159      0.0000002     -0.0000013
  160      0.0000002     -0.0000012
  161      0.0000001     -0.0000006
  162      0.0000000     -0.0000001
  163      0.0017246     -0.0027954
  164      0.0000993     -0.0002117
  165      0.0036973     -0.0078771
  166      0.0001171     -0.0002813
  167      0.0000783     -0.0002909
  168      0.0068436     -0.0128809
  169      0.0000224     -0.0000897
  170      0.0000007     -0.0000029
  171      0.0000015     -0.0000073
  172      0.0000176     -0.0000841
  173      0.0000014     -0.0000073
  174      0.0001047     -0.0003929
  175      0.0007462     -0.0020685
  176      0.0000850     -0.0006171
  177      0.0000002     -0.0000012
  178      0.0000006     -0.0000033
  179      0.0000001     -0.0000017
  180      0.0000000     -0.0000002
  181      0.0001245     -0.0002712
  182      0.0002714     -0.0005188
  183      0.0000151     -0.0000589
  184      0.0000337     -0.0000913
  185      0.0000072     -0.0000252
  186      0.0002020     -0.0004809
  187      0.0006965     -0.0016081
  188      0.0000084     -0.0000425
  189      0.0000137     -0.0000628
  190      0.0000196     -0.0000995
  191      0.0127384     -0.0300067
  192      0.0000132     -0.0000694
  193      0.0000204     -0.0001047
  194      0.0000098     -0.0000728
  195      0.0000003     -0.0000014
  196      0.0000004     -0.0000022
  197      0.0000001     -0.0000009
  198      0.0000000     -0.0000001
  199      0.0001407     -0.0002975
  200      0.0000525     -0.0001268
  201      0.0000667     -0.0002479
  202      0.0000987     -0.0002133
  203      0.0000046     -0.0000145
  204      0.0000480     -0.0001584
  205      0.0004599     -0.0012690
  206      0.0000009     -0.0000036
  207      0.0000021     -0.0000115
  208      0.0000121     -0.0000610
  209      0.0000188     -0.0000934
  210      0.0000124     -0.0000653
  211      0.0000205     -0.0001038
  212      0.0000002     -0.0000012
  213      0.0000066     -0.0000767
  214      0.0000338     -0.0002049
  215      0.0000001     -0.0000007
  216      0.0000000     -0.0000002
  217      0.0000104     -0.0000285
  218      0.0001380     -0.0003127
  219      0.0000028     -0.0000094
  220      0.0081579     -0.0130310
  221      0.0000524     -0.0001743
  222      0.0008966     -0.0018667
  223      0.0014563     -0.0036619
  224      0.0000088     -0.0000452
  225      0.0000019     -0.0000103
  226      0.0000027     -0.0000163
  227      0.0012065     -0.0032683
  228      0.0000188     -0.0000953
  229      0.0002857     -0.0009533
  230      0.0000005     -0.0000027
  231      0.0000003     -0.0000015
  232      0.0000005     -0.0000026
  233      0.0001346     -0.0007212
  234      0.0000000     -0.0000001
  235      0.0000962     -0.0002059
  236      0.0017470     -0.0028527
  237      0.0038027     -0.0079989
  238      0.0002327     -0.0004768
  239      0.0003328     -0.0009952
  240      0.0000377     -0.0001299
  241      0.0125265     -0.0192484
  242      0.0102202     -0.0280803
  243      0.0103008     -0.0279942
  244      0.0000017     -0.0000091
  245      0.0000011     -0.0000044
  246      0.0000031     -0.0000169
  247      0.0006418     -0.0017169
  248      0.0000003     -0.0000015
  249      0.0000002     -0.0000011
  250      0.0000005     -0.0000027
  251      0.0000001     -0.0000006
  252      0.0000000     -0.0000001
  253      0.0071320     -0.0114338
  254      0.0000105     -0.0000289
  255      0.0000034     -0.0000104
  256      0.0004847     -0.0009898
  257      0.0000178     -0.0000815
  258      0.0000067     -0.0000228
  259      0.0000861     -0.0003011
  260      0.0000013     -0.0000065
  261      0.0000007     -0.0000030
  262      0.0000187     -0.0000966
  263      0.0009340     -0.0029646
  264      0.0001124     -0.0004430
  265      0.0000393     -0.0001708
  266      0.0000002     -0.0000014
  267      0.0000002     -0.0000012
  268      0.0000003     -0.0000019
  269      0.0000062     -0.0000718
  270      0.0000115     -0.0003739
  271      0.0000616     -0.0001437
  272      0.0000587     -0.0001426
  273      0.0000091     -0.0000309
  274      0.0000088     -0.0000246
  275      0.0004605     -0.0012641
  276      0.0000416     -0.0001286
  277      0.0051074     -0.0093285
  278      0.0000023     -0.0000132
  279      0.0000022     -0.0000118
  280      0.0000020     -0.0000103
  281      0.0000014     -0.0000072
  282      0.0001618     -0.0005832
  283      0.0002966     -0.0009880
  284      0.0000003     -0.0000015
  285      0.0000005     -0.0000026
  286      0.0000004     -0.0000021
  287      0.0000002     -0.0000013
  288      0.0000001     -0.0000009
  289      0.0000171     -0.0000459
  290      0.0010287     -0.0016758
  291      0.0041614     -0.0084106
  292      0.0000142     -0.0000425
  293      0.0000401     -0.0001570
  294      0.0000118     -0.0000495
  295      0.0000408     -0.0001495
  296      0.0000018     -0.0000092
  297      0.0000013     -0.0000059
  298      0.0001015     -0.0003888
  299      0.0000195     -0.0000971
  300      0.0000099     -0.0000536
  301      0.0008771     -0.0029674
  302      0.0000004     -0.0000023
  303      0.0005389     -0.0028353
  304      0.0000003     -0.0000015
  305      0.0000001     -0.0000029
  306      0.0000000     -0.0000002

   RO Sum (  36) =   36.00

  ---------------
   Dipole Moment
  ---------------

      2.4747 Debye [   0.9736  (   0.0264,   0.9733,  -0.0025) ]

 ----------------
  Final Energies  
 ----------------

  Final NOF Total Energy =     -271.1702619598 ( 9.E-04 , 0.E+00 )


  **************************************************
  *                                                *
  *       SINGLE-POINT DoNOF CALCULATION           *
  *                                                *
  *             FULL OPTIMIZATION                  *
  *                                                *
  *  FINAL RESULTS   FINAL RESULTS  FINAL RESULTS  *
  *                                                *
  **************************************************

  **************************************************
  *         No. EXTERNAL ITER =    35              *
  *         No. of TOTAL ITER =  1958              *
  **************************************************

  Elapsed real time :  15803.04  (Seconds)

 The execution finished at 20h 17min on the 11/12/2025
Recovering execution output...
Moving from /scratch/pobleyef/352915 to /home-nas/pobleyef/Slim-NOF/ncwomax/Slim16/GNOFm20/arina.352915
mkdir -p /home-nas/pobleyef/Slim-NOF/ncwomax/Slim16/GNOFm20/arina.352915
mv /scratch/pobleyef/352915/* /home-nas/pobleyef/Slim-NOF/ncwomax/Slim16/GNOFm20/arina.352915
