Computing Integrals
Basis Set                                            = def2-qzvp
Auxiliary Basis Set                                  = def2-universal-jkfit
Gaussian Type                                        = Spherical
Elapsed time:    2.32 Seconds

Number of basis functions                   (NBF)    = 140
Number of auxiliary basis functions         (NBFAUX) = 256
Inactive Doubly occupied orbitals up to     (NO1)    = 0
No. considered Strongly Doubly occupied MOs (NDOC)   = 15
No. considered Strongly Singly occupied MOs (NSOC)   = 2
NO. of Weakly occ. per St. Doubly occ.  MOs (NCWO)   = 8
Dimension of the Nat. Orb. subspace         (NBF5)   = 137
No. of electrons                                     = 32
    No. of alpha electrons                           = 17
    No. of beta electrons                            = 15
Multiplicity                                         = 3

Geometry
========
 S       0.0000000       0.0000000      -0.9540074
 S       0.0000000       0.0000000       0.9540074

No violations of the orthonormality
No violations of the orthonormality
 
PNOF8/ADAM Calculation
==================
 
  Nitext  Nit_orb  Time   Nit_occ  Time         Eelec          Etot           Ediff      maxdiff    MaxGrad_orb  Grad_occ
     1      10    1.0e+01   22    1.2e+01  -840.12319719  -769.12317760 -10839.12319719   1.657597   6.6e+00   2.3e-04 0.01
     2      10    1.3e+00   62    8.6e-01  -855.83645803  -784.83643844   -15.71326084   4.688505   1.9e+01   1.8e-04 0.02
     3      10    1.2e+00   45    5.2e-01  -860.06575545  -789.06573586    -4.22929742   0.441780   1.8e+00   2.4e-04 0.02
     4      10    1.3e+00   41    4.9e-01  -861.65831958  -790.65829999    -1.59256413   2.203513   8.8e+00   2.5e-04 0.03
     5      10    1.3e+00   30    4.0e-01  -862.50064518  -791.50062559    -0.84232560   0.411047   1.6e+00   2.1e-04 0.03
     6      10    1.3e+00   28    3.0e-01  -863.73952318  -792.73950359    -1.23887800   0.435924   1.7e+00   1.8e-04 0.03
     7      10    1.2e+00   26    4.1e-01  -864.53806508  -793.53804550    -0.79854190   0.291495   1.2e+00   2.2e-04 0.02
     8      10    1.4e+00   15    1.7e-01  -865.23020492  -794.23018533    -0.69213984   0.592067   2.4e+00   2.6e-04 0.02
     9      10    1.3e+00   18    2.9e-01  -865.63558138  -794.63556179    -0.40537645   0.347073   1.4e+00   3.0e-04 0.02
    10      10    1.3e+00   16    2.6e-01  -865.91435972  -794.91434013    -0.27877834   0.325059   1.3e+00   2.5e-04 0.02
    11      10    1.4e+00   15    2.2e-01  -866.10616048  -795.10614089    -0.19180076   0.318595   1.3e+00   2.3e-04 0.02
    12      10    1.2e+00   15    2.8e-01  -866.28896879  -795.28894921    -0.18280831   0.445591   1.8e+00   2.4e-04 0.02
    13      10    1.3e+00   15    2.0e-01  -866.35248328  -795.35246369    -0.06351449   0.367209   1.5e+00   2.2e-04 0.02
    14      10    1.4e+00   19    3.2e-01  -866.42762141  -795.42760182    -0.07513813   0.443687   1.8e+00   2.5e-04 0.03
    15      10    1.3e+00   10    1.4e-01  -866.50991897  -795.50989938    -0.08229755   0.270898   1.1e+00   3.0e-04 0.03
    16      10    1.4e+00   17    2.7e-01  -866.57002721  -795.57000762    -0.06010825   0.263602   1.1e+00   1.7e-04 0.03
    17      10    1.3e+00    0    4.5e-02  -866.57028897  -795.57026938    -0.00026176   0.263602   1.1e+00   1.7e-04 0.03
    18      30    3.9e+00   15    2.1e-01  -866.95077936  -795.95075977    -0.38049039   0.043041   1.7e-01   2.0e-04 0.03
    19      30    3.9e+00   12    1.9e-01  -867.00236211  -796.00234252    -0.05158275   0.029634   1.2e-01   2.3e-04 0.03
    20      30    3.8e+00   10    1.5e-01  -867.01843387  -796.01841428    -0.01607176   0.026023   1.0e-01   2.7e-04 0.03
    21      30    3.9e+00   12    2.0e-01  -867.02433041  -796.02431082    -0.00589654   0.014286   5.7e-02   2.3e-04 0.03
    22      30    4.2e+00    5    9.1e-02  -867.02727673  -796.02725714    -0.00294632   0.018054   7.2e-02   2.6e-04 0.03
    23      30    3.9e+00   12    1.9e-01  -867.02881753  -796.02879794    -0.00154080   0.012646   5.1e-02   1.7e-04 0.03
    24      30    4.0e+00    5    1.3e-01  -867.02978715  -796.02976756    -0.00096961   0.015676   6.3e-02   2.1e-04 0.03
    25      30    4.2e+00    5    9.7e-02  -867.03057109  -796.03055150    -0.00078394   0.017565   7.0e-02   2.2e-04 0.03
    26      30    3.8e+00    5    1.3e-01  -867.03126020  -796.03124061    -0.00068911   0.017528   7.0e-02   2.3e-04 0.03
    27      30    3.9e+00    5    1.2e-01  -867.03170463  -796.03168504    -0.00044443   0.012938   5.2e-02   2.9e-04 0.03
    28      30    4.3e+00    8    1.5e-01  -867.03217101  -796.03215142    -0.00046638   0.015118   6.0e-02   2.2e-04 0.03
    29      30    4.0e+00    8    1.6e-01  -867.03255920  -796.03253961    -0.00038819   0.012888   5.2e-02   2.3e-04 0.03
    30      30    3.9e+00    6    1.5e-01  -867.03298101  -796.03296142    -0.00042181   0.012450   5.0e-02   2.6e-04 0.03
    31      30    4.1e+00    6    1.5e-01  -867.03330127  -796.03328168    -0.00032027   0.012528   5.0e-02   2.1e-04 0.03
    32      30    4.1e+00    6    1.5e-01  -867.03358511  -796.03356552    -0.00028384   0.011356   4.5e-02   2.1e-04 0.03
    33      30    4.1e+00    6    1.4e-01  -867.03384062  -796.03382103    -0.00025551   0.012239   4.9e-02   1.9e-04 0.03
    34      30    4.2e+00    5    1.1e-01  -867.03409220  -796.03407261    -0.00025157   0.012803   5.1e-02   2.3e-04 0.03
    35      30    3.8e+00    5    1.3e-01  -867.03437030  -796.03435071    -0.00027810   0.014312   5.7e-02   2.1e-04 0.03
    36      30    4.2e+00    8    1.6e-01  -867.03459452  -796.03457493    -0.00022422   0.012488   5.0e-02   2.2e-04 0.03
    37      30    4.4e+00    5    1.4e-01  -867.03493454  -796.03491495    -0.00034002   0.012341   4.9e-02   2.0e-04 0.03
    38      30    3.9e+00    4    1.3e-01  -867.03516814  -796.03514855    -0.00023359   0.012585   5.0e-02   2.2e-04 0.03
    39      30    4.0e+00    0    6.1e-02  -867.03518108  -796.03516149    -0.00001294   0.012585   5.0e-02   2.2e-04 0.03
    40      50    6.7e+00    5    1.6e-01  -867.03656304  -796.03654345    -0.00138196   0.001533   6.1e-03   1.8e-04 0.03
 
RESULTS OF THE OCCUPATION OPTIMIZATION
========================================
   1    1.9999986  -92.07311533
   2    1.9999985  -92.07172680
   3    1.9997055  -9.03750038
   4    1.9995130  -9.03487257
   5    1.9987019  -6.72013018
   6    1.9985522  -6.71922090
   7    1.9985929  -6.71725553
   8    1.9981016  -6.71574241
   9    1.9982247  -6.71520885
  10    1.9977784  -6.71471462
  11    1.9809200  -1.07633690
  12    1.9786518  -0.82035469
  13    1.9645038  -0.54644015
  14    1.9740362  -0.49259269
  15    1.9646443  -0.48884979
  16    1.0000000  -0.20939847
  17    1.0000000  -0.20864647
  18    0.0106089  -0.01637381
  19    0.0062305  -0.01320622
  20    0.0214413  -0.04111791
  21    0.0061960  -0.02590904
  22    0.0067167  -0.02907817
  23    0.0019439  -0.02036638
  24    0.0009871  -0.00848296
  25    0.0011256  -0.01140791
  26    0.0012106  -0.01239821
  27    0.0005578  -0.00943957
  28    0.0006197  -0.01122194
  29    0.0003868  -0.00531560
  30    0.0001257  -0.00202482
  31    0.0000004  -0.00001056
  32    0.0000005  -0.00001201
  33    0.0083477  -0.01315540
  34    0.0057724  -0.01746868
  35    0.0073231  -0.01373889
  36    0.0055598  -0.01958041
  37    0.0038674  -0.01383679
  38    0.0000811  -0.00167213
  39    0.0005451  -0.00971975
  40    0.0005815  -0.01058668
  41    0.0000783  -0.00193352
  42    0.0005476  -0.00928581
  43    0.0005624  -0.00963153
  44    0.0000544  -0.00049475
  45    0.0000940  -0.00140393
  46    0.0000002  -0.00000781
  47    0.0000003  -0.00000883
  48    0.0078162  -0.01257206
  49    0.0054498  -0.01712589
  50    0.0047591  -0.01032599
  51    0.0053084  -0.01862900
  52    0.0035046  -0.01322569
  53    0.0000701  -0.00063512
  54    0.0000762  -0.00167346
  55    0.0000665  -0.00074430
  56    0.0000544  -0.00046076
  57    0.0002711  -0.00428404
  58    0.0000371  -0.00029081
  59    0.0000161  -0.00079960
  60    0.0000265  -0.00016708
  61    0.0000002  -0.00000690
  62    0.0000001  -0.00000480
  63    0.0063157  -0.01152693
  64    0.0039762  -0.01196669
  65    0.0006000  -0.00142247
  66    0.0020452  -0.00947845
  67    0.0020747  -0.00976556
  68    0.0000529  -0.00038649
  69    0.0000694  -0.00069171
  70    0.0000621  -0.00054580
  71    0.0000178  -0.00050698
  72    0.0000352  -0.00027818
  73    0.0000238  -0.00015989
  74    0.0000095  -0.00007427
  75    0.0000212  -0.00017150
  76    0.0000002  -0.00000669
  77    0.0000001  -0.00000438
  78    0.0011685  -0.00348858
  79    0.0019537  -0.00848810
  80    0.0005247  -0.00129029
  81    0.0012339  -0.00558043
  82    0.0018737  -0.00882834
  83    0.0000308  -0.00024626
  84    0.0000689  -0.00060688
  85    0.0000214  -0.00014783
  86    0.0000163  -0.00013682
  87    0.0000123  -0.00017680
  88    0.0000174  -0.00024770
  89    0.0000071  -0.00014427
  90    0.0000128  -0.00008787
  91    0.0000001  -0.00000417
  92    0.0000001  -0.00000236
  93    0.0005018  -0.00103249
  94    0.0016034  -0.00692538
  95    0.0005205  -0.00129806
  96    0.0004354  -0.00113048
  97    0.0004783  -0.00140616
  98    0.0000185  -0.00017378
  99    0.0000126  -0.00009477
 100    0.0000189  -0.00016895
 101    0.0000144  -0.00009879
 102    0.0000108  -0.00008260
 103    0.0000162  -0.00013474
 104    0.0000054  -0.00005493
 105    0.0000060  -0.00006280
 106    0.0000001  -0.00000290
 107    0.0000001  -0.00000194
 108    0.0004070  -0.00090152
 109    0.0006006  -0.00149279
 110    0.0002481  -0.00069484
 111    0.0002925  -0.00085989
 112    0.0002933  -0.00097355
 113    0.0000150  -0.00030458
 114    0.0000083  -0.00007831
 115    0.0000142  -0.00010237
 116    0.0000101  -0.00007957
 117    0.0000093  -0.00007011
 118    0.0000124  -0.00008728
 119    0.0000047  -0.00003713
 120    0.0000049  -0.00004043
 121    0.0000001  -0.00000234
 122    0.0000001  -0.00000119
 123    0.0001899  -0.00063629
 124    0.0003771  -0.00096924
 125    0.0000793  -0.00026477
 126    0.0002770  -0.00086051
 127    0.0002713  -0.00096033
 128    0.0000092  -0.00007955
 129    0.0000077  -0.00008673
 130    0.0000082  -0.00018909
 131    0.0000053  -0.00004104
 132    0.0000036  -0.00029959
 133    0.0000091  -0.00007059
 134    0.0000031  -0.00028563
 135    0.0000034  -0.00054419
 136    0.0000001  -0.00000187
 137    0.0000001  -0.00000118
 
----------------
 Final Energies 
----------------
Final NOF Total Energy =    -796.0365435
 
Total Orbital Internal Iterations = 880
Total Occupation Internal Iterations = 552
 
Elapsed time:  160.33 Seconds

---------------------------------
   Lowdin Population Analysis    
---------------------------------
 Idx  Atom   Population   Charge 
---------------------------------
  1     S    16.000       0.000
  2     S    16.000      -0.000

---------------------------------
   M Diagnostic: 0.03
---------------------------------

