Computing Integrals
Basis Set                                            = def2-qzvp
Auxiliary Basis Set                                  = def2-universal-jkfit
Gaussian Type                                        = Spherical
Elapsed time:    1.69 Seconds

Number of basis functions                   (NBF)    = 76
Number of auxiliary basis functions         (NBFAUX) = 130
Inactive Doubly occupied orbitals up to     (NO1)    = 0
No. considered Strongly Doubly occupied MOs (NDOC)   = 6
No. considered Strongly Singly occupied MOs (NSOC)   = 0
NO. of Weakly occ. per St. Doubly occ.  MOs (NCWO)   = 11
Dimension of the Nat. Orb. subspace         (NBF5)   = 72
No. of electrons                                     = 12
    No. of alpha electrons                           = 6
    No. of beta electrons                            = 6
Multiplicity                                         = 1

Geometry
========
Na       0.0000000       0.0000000      -0.9485832
 H       0.0000000       0.0000000       0.9485832

No violations of the orthonormality
No violations of the orthonormality
 
PNOF8/ADAM Calculation
==================
 
  Nitext  Nit_orb  Time   Nit_occ  Time         Eelec          Etot           Ediff      maxdiff    MaxGrad_orb  Grad_occ
     1      10    9.0e+00   30    1.2e+01  -161.50712394  -158.43889683 -10160.50712394   1.306589   5.2e+00   1.7e-04 0.01
     2      10    4.6e-02   58    1.4e-01  -163.62231551  -160.55408840    -2.11519157   0.410469   1.6e+00   1.5e-04 0.01
     3      10    8.2e-02   23    4.7e-02  -164.32542621  -161.25719909    -0.70311069   0.185229   7.4e-01   1.5e-04 0.01
     4      10    4.9e-02   17    8.3e-02  -164.67580647  -161.60757936    -0.35038027   0.177396   7.1e-01   2.2e-04 0.02
     5      10    6.7e-02   12    2.0e-02  -164.88460798  -161.81638087    -0.20880151   0.118270   4.7e-01   2.3e-04 0.02
     6      10    4.8e-02   14    3.0e-02  -164.98835581  -161.92012870    -0.10374783   0.085069   3.4e-01   2.4e-04 0.02
     7      10    4.5e-02   10    6.8e-02  -165.07148130  -162.00325419    -0.08312549   0.080734   3.2e-01   1.8e-04 0.02
     8      10    4.0e-02    8    1.4e-02  -165.14990073  -162.08167362    -0.07841942   0.092894   3.7e-01   2.0e-04 0.02
     9      10    5.4e-02   15    3.0e-02  -165.26757829  -162.19935118    -0.11767757   0.139303   5.6e-01   9.6e-05 0.02
    10      10    5.0e-02   15    2.6e-02  -165.34349531  -162.27526820    -0.07591702   0.083679   3.3e-01   1.3e-04 0.03
    11      10    4.6e-02   11    2.2e-02  -165.41901778  -162.35079067    -0.07552247   0.112486   4.5e-01   1.5e-04 0.04
    12      10    8.0e-02    8    1.6e-02  -165.48461118  -162.41638407    -0.06559341   0.118911   4.8e-01   1.6e-04 0.04
    13      10    5.3e-02    8    1.5e-02  -165.53763652  -162.46940941    -0.05302533   0.114619   4.6e-01   2.2e-04 0.03
    14      10    4.0e-02   14    2.7e-02  -165.58800575  -162.51977864    -0.05036923   0.104715   4.2e-01   2.0e-04 0.03
    15      10    4.8e-02    8    2.3e-02  -165.61767938  -162.54945227    -0.02967363   0.098108   3.9e-01   1.5e-04 0.02
    16      10    5.2e-02   14    5.7e-02  -165.63493916  -162.56671205    -0.01725978   0.092764   3.7e-01   1.5e-04 0.02
    17      10    5.2e-02    4    1.9e-02  -165.64803948  -162.57981237    -0.01310032   0.101227   4.0e-01   2.1e-04 0.02
    18      10    4.0e-02    4    1.5e-02  -165.65631843  -162.58809132    -0.00827896   0.081935   3.3e-01   2.2e-04 0.02
    19      10    3.7e-02    6    1.4e-02  -165.66432519  -162.59609808    -0.00800676   0.086868   3.5e-01   1.8e-04 0.02
    20      10    4.8e-02    3    7.4e-03  -165.67259070  -162.60436359    -0.00826551   0.086921   3.5e-01   1.5e-04 0.02
    21      10    4.5e-02    3    7.6e-03  -165.67995408  -162.61172697    -0.00736338   0.099925   4.0e-01   1.3e-04 0.02
    22      10    4.8e-02    4    1.3e-02  -165.68120913  -162.61298202    -0.00125505   0.061152   2.4e-01   1.4e-04 0.02
    23      10    4.6e-02    3    7.6e-03  -165.68573099  -162.61750388    -0.00452186   0.087516   3.5e-01   1.2e-04 0.02
    24      10    5.2e-02    3    7.4e-03  -165.68690604  -162.61867893    -0.00117505   0.083491   3.3e-01   1.4e-04 0.02
    25      10    3.4e-02    3    1.3e-02  -165.69038010  -162.62215299    -0.00347405   0.083926   3.4e-01   1.4e-04 0.02
    26      10    3.8e-02    4    9.1e-03  -165.69267395  -162.62444684    -0.00229386   0.075135   3.0e-01   1.7e-04 0.02
    27      10    4.9e-02    0    2.5e-03  -165.69268351  -162.62445640    -0.00000955   0.075135   3.0e-01   1.7e-04 0.02
    28      30    1.0e-01    3    1.1e-02  -165.69685244  -162.62862533    -0.00416893   0.006813   2.7e-02   9.9e-05 0.02
    29      30    1.1e-01    0    2.4e-03  -165.69740162  -162.62917451    -0.00054918   0.004208   1.7e-02   1.2e-04 0.02
    30      40    1.6e-01    0    2.5e-03  -165.69760130  -162.62937419    -0.00019968   0.002907   1.2e-02   1.8e-04 0.02
    31      50    2.0e-01    0    5.0e-03  -165.69764872  -162.62942161    -0.00004742   0.001558   6.2e-03   2.1e-04 0.02
    32      60    2.0e-01    1    3.3e-03  -165.69764994  -162.62942283    -0.00000121   0.001456   5.8e-03   2.0e-04 0.02
    33      60    2.2e-01    0    2.4e-03  -165.69765379  -162.62942668    -0.00000385   0.001186   4.7e-03   1.6e-04 0.02
    34      70    2.3e-01    0    5.8e-03  -165.69765780  -162.62943068    -0.00000401   0.000969   3.9e-03   1.6e-04 0.02
 
RESULTS OF THE OCCUPATION OPTIMIZATION
========================================
   1    1.9999989  -40.52193332
   2    1.9970456  -2.83214594
   3    1.9929920  -1.54983675
   4    1.9882469  -1.54242232
   5    1.9914177  -1.53075078
   6    1.9679591  -0.31093737
   7    0.0091901  -0.00821002
   8    0.0052980  -0.01024500
   9    0.0088218  -0.03091825
  10    0.0030515  -0.01223705
  11    0.0027716  -0.01225795
  12    0.0000007  -0.00000188
  13    0.0077360  -0.00784018
  14    0.0030771  -0.01221939
  15    0.0027244  -0.01181069
  16    0.0030139  -0.01217921
  17    0.0000940  -0.00185049
  18    0.0000001  -0.00000029
  19    0.0072128  -0.00774977
  20    0.0000832  -0.00051042
  21    0.0001003  -0.00027498
  22    0.0006883  -0.00714403
  23    0.0000554  -0.00015946
  24    0.0000001  -0.00000023
  25    0.0030856  -0.00265626
  26    0.0000395  -0.00012712
  27    0.0000465  -0.00014438
  28    0.0000998  -0.00026384
  29    0.0000173  -0.00055394
  30    0.0000000  -0.00000017
  31    0.0029343  -0.00275804
  32    0.0000327  -0.00008682
  33    0.0000417  -0.00012573
  34    0.0000584  -0.00016303
  35    0.0000053  -0.00001969
  36    0.0000000  -0.00000018
  37    0.0016410  -0.00189797
  38    0.0000254  -0.00038697
  39    0.0000062  -0.00001853
  40    0.0000419  -0.00013562
  41    0.0000037  -0.00001037
  42    0.0000000  -0.00000007
  43    0.0001717  -0.00022138
  44    0.0000124  -0.00004591
  45    0.0000050  -0.00000902
  46    0.0000276  -0.00008240
  47    0.0000024  -0.00000871
  48    0.0000000  -0.00000009
  49    0.0000457  -0.00009423
  50    0.0000077  -0.00002701
  51    0.0000045  -0.00000738
  52    0.0000168  -0.00005152
  53    0.0000019  -0.00000429
  54    0.0000000  -0.00000004
  55    0.0000172  -0.00001780
  56    0.0000040  -0.00000780
  57    0.0000018  -0.00000166
  58    0.0000054  -0.00001106
  59    0.0000014  -0.00000250
  60    0.0000000  -0.00000006
  61    0.0000036  -0.00000082
  62    0.0000013  -0.00000117
  63    0.0000005  -0.00000090
  64    0.0000031  -0.00000529
  65    0.0000007  -0.00000212
  66    0.0000000  -0.00000006
  67    0.0000029  -0.00000066
  68    0.0000010  -0.00000125
  69    0.0000004  -0.00000026
  70    0.0000014  -0.00000257
  71    0.0000004  -0.00000076
  72    0.0000000  -0.00000001
 
----------------
 Final Energies 
----------------
Final NOF Total Energy =    -162.6294307
 
Total Orbital Internal Iterations = 610
Total Occupation Internal Iterations = 306
 
Elapsed time:   31.09 Seconds

---------------------------------
   Lowdin Population Analysis    
---------------------------------
 Idx  Atom   Population   Charge 
---------------------------------
  1    Na    10.778       0.222
  2     H     1.222      -0.222

---------------------------------
   M Diagnostic: 0.02
---------------------------------

