Computing Integrals
Basis Set                                            = def2-qzvp
Auxiliary Basis Set                                  = def2-universal-jkfit
Gaussian Type                                        = Spherical
Elapsed time:    1.75 Seconds

Number of basis functions                   (NBF)    = 92
Number of auxiliary basis functions         (NBFAUX) = 128
Inactive Doubly occupied orbitals up to     (NO1)    = 0
No. considered Strongly Doubly occupied MOs (NDOC)   = 6
No. considered Strongly Singly occupied MOs (NSOC)   = 0
NO. of Weakly occ. per St. Doubly occ.  MOs (NCWO)   = 1
Dimension of the Nat. Orb. subspace         (NBF5)   = 12
No. of electrons                                     = 12
    No. of alpha electrons                           = 6
    No. of beta electrons                            = 6
Multiplicity                                         = 1

Geometry
========
Li       0.0000000       0.0000000       0.7824649
 F       0.0000000       0.0000000      -0.7824649

No violations of the orthonormality
No violations of the orthonormality
 
PNOF7/ADABelief Calculation
==================
 
  Nitext  Nit_orb  Time   Nit_occ  Time         Eelec          Etot           Ediff      maxdiff    MaxGrad_orb  Grad_occ
     1      10    9.1e+00    0    1.2e+01  -116.21569868  -107.08573298 -10115.21569868   0.000665   2.7e-03   7.3e-05 0.01
 
RESULTS OF THE OCCUPATION OPTIMIZATION
========================================
   1    1.9998381  -26.11755188
   2    1.9975362  -2.44192281
   3    1.9863608  -0.75345158
   4    1.9862886  -0.75259789
   5    1.9880583  -0.73520814
   6    1.9869489  -0.72129857
   7    0.0130511  -0.01380877
   8    0.0119417  -0.01312108
   9    0.0137114  -0.01455514
  10    0.0136392  -0.01451766
  11    0.0024638  -0.01008477
  12    0.0001619  -0.00723187
 
----------------
 Final Energies 
----------------
Final NOF Total Energy =    -107.0857330
 
Total Orbital Internal Iterations = 10
Total Occupation Internal Iterations = 0
 
Elapsed time:   26.87 Seconds

---------------------------------
   Lowdin Population Analysis    
---------------------------------
 Idx  Atom   Population   Charge 
---------------------------------
  1    Li     2.677       0.323
  2     F     9.323      -0.323

---------------------------------
   M Diagnostic: 0.01
---------------------------------

