Computing Integrals
Basis Set                                            = def2-qzvp
Auxiliary Basis Set                                  = def2-universal-jkfit
Gaussian Type                                        = Spherical
Elapsed time:   12.49 Seconds

Number of basis functions                   (NBF)    = 534
Number of auxiliary basis functions         (NBFAUX) = 833
Inactive Doubly occupied orbitals up to     (NO1)    = 0
No. considered Strongly Doubly occupied MOs (NDOC)   = 42
No. considered Strongly Singly occupied MOs (NSOC)   = 0
NO. of Weakly occ. per St. Doubly occ.  MOs (NCWO)   = 1
Dimension of the Nat. Orb. subspace         (NBF5)   = 84
No. of electrons                                     = 84
    No. of alpha electrons                           = 42
    No. of beta electrons                            = 42
Multiplicity                                         = 1

Geometry
========
Br       0.0000000       0.0000000       1.6333980
 C       0.0000000       1.1563490      -0.9695670
 N       0.0000000       0.0000000      -0.1856280
 O       0.0000000       2.2845980      -0.5725970
 O       0.0000000      -2.2845980      -0.5725970
 C       0.0000000      -1.1563490      -0.9695670
 C       0.0000000      -0.6619240      -2.3863210
 C       0.0000000       0.6619240      -2.3863210
 H       0.0000000       1.3482480      -3.2186690
 H       0.0000000      -1.3482480      -3.2186690

No violations of the orthonormality
No violations of the orthonormality
 
PNOF7/ADABelief Calculation
==================
 
  Nitext  Nit_orb  Time   Nit_occ  Time         Eelec          Etot           Ediff      maxdiff    MaxGrad_orb  Grad_occ
     1      10    1.8e+01    0    1.2e+01 -3496.68868712 -2929.93246570 -13495.68868712   0.000495   2.0e-03   1.7e-04 0.14
 
RESULTS OF THE OCCUPATION OPTIMIZATION
========================================
   1    1.9999906  -428.24484988
   2    1.9999998  -80.47644877
   3    1.9999998  -80.07935091
   4    2.0000000  -71.57424004
   5    2.0000000  -70.15734382
   6    1.9997850  -20.57689703
   7    1.9997852  -20.57645449
   8    1.9996858  -15.63401878
   9    1.9995595  -11.36394429
  10    1.9995595  -11.36392107
  11    1.9995589  -11.26229728
  12    1.9995589  -11.26228835
  13    1.9992836  -5.60741951
  14    1.9992718  -5.60002281
  15    1.9992626  -5.59186903
  16    1.9993082  -5.58750227
  17    1.9992808  -5.56149699
  18    1.9992681  -5.56064184
  19    1.9992495  -5.17571378
  20    1.9992481  -5.16808224
  21    1.9992412  -5.16568829
  22    1.9849687  -1.15351038
  23    1.9849769  -1.15285458
  24    1.9813441  -0.98066375
  25    1.9814131  -0.98059103
  26    1.9859074  -0.93588823
  27    1.9756037  -0.82353821
  28    1.9756078  -0.82353362
  29    1.9878036  -0.79826079
  30    1.9876047  -0.79679680
  31    1.9873900  -0.79434577
  32    1.9873789  -0.79350266
  33    1.9773738  -0.75033081
  34    1.9773738  -0.75032348
  35    1.9405787  -0.71901570
  36    1.9909010  -0.67455072
  37    1.9862298  -0.65945712
  38    1.9902767  -0.65839588
  39    1.9902225  -0.64923862
  40    1.9060495  -0.56983412
  41    1.9063926  -0.56980313
  42    1.8603928  -0.45351524
  43    0.1396072  -0.04840796
  44    0.0936074  -0.04610307
  45    0.0939505  -0.04622077
  46    0.0097775  -0.00657380
  47    0.0097233  -0.00652624
  48    0.0137702  -0.00938939
  49    0.0090990  -0.00632503
  50    0.0594213  -0.03529270
  51    0.0226262  -0.01722514
  52    0.0226262  -0.01722507
  53    0.0126211  -0.01229139
  54    0.0126100  -0.01228754
  55    0.0123953  -0.01215697
  56    0.0121964  -0.01202707
  57    0.0243922  -0.01943188
  58    0.0243963  -0.01943190
  59    0.0140926  -0.01327600
  60    0.0185869  -0.01805775
  61    0.0186559  -0.01810780
  62    0.0150231  -0.01803868
  63    0.0150313  -0.01805248
  64    0.0007588  -0.00521792
  65    0.0007519  -0.00520559
  66    0.0007505  -0.00519985
  67    0.0007319  -0.00541997
  68    0.0007192  -0.00533541
  69    0.0006918  -0.00526231
  70    0.0007374  -0.00545013
  71    0.0007282  -0.00539624
  72    0.0007164  -0.00535821
  73    0.0004411  -0.00834170
  74    0.0004411  -0.00834160
  75    0.0004405  -0.00837236
  76    0.0004405  -0.00837175
  77    0.0003142  -0.00817145
  78    0.0002148  -0.00751094
  79    0.0002150  -0.00751413
  80    0.0000000  -0.00001806
  81    0.0000000  -0.00001984
  82    0.0000002  -0.00004785
  83    0.0000002  -0.00004426
  84    0.0000094  -0.00770459
 
----------------
 Final Energies 
----------------
Final NOF Total Energy =   -2929.9324657
 
Total Orbital Internal Iterations = 10
Total Occupation Internal Iterations = 0
 
Elapsed time:   39.15 Seconds

---------------------------------
   Lowdin Population Analysis    
---------------------------------
 Idx  Atom   Population   Charge 
---------------------------------
  1    Br    34.532       0.468
  2     C     6.609      -0.609
  3     N     6.998       0.002
  4     O     7.676       0.324
  5     O     7.676       0.324
  6     C     6.609      -0.609
  7     C     5.879       0.121
  8     C     5.879       0.121
  9     H     1.071      -0.071
 10     H     1.071      -0.071

---------------------------------
   M Diagnostic: 0.14
---------------------------------

