Job runing on na09
Choosing scratch ...
Automatic scratch folder selection
/scratch/pobleyef/345616
/scratch/pobleyef/345616 directory
cp HAL59-NCH_PhI.gcf HAL59-NCH_PhI.inp to  /scratch/pobleyef/345616/.
HAL59-NCH_PhI
 This is the OpenMP version of the code
 This is the OpenMP version of the code
 This is the OpenMP version of the code
 This is the OpenMP version of the code
 This is the OpenMP version of the code
 This is the OpenMP version of the code
 This is the OpenMP version of the code
 This is the OpenMP version of the code
 This is the OpenMP version of the code
 This is the OpenMP version of the code
 This is the OpenMP version of the code
 This is the OpenMP version of the code
 This is the OpenMP version of the code
 This is the OpenMP version of the code
 This is the OpenMP version of the code
 This is the OpenMP version of the code
 This is the OpenMP version of the code
 This is the OpenMP version of the code
 This is the OpenMP version of the code
 This is the OpenMP version of the code
 This is the OpenMP version of the code
 This is the OpenMP version of the code
 This is the OpenMP version of the code
 This is the OpenMP version of the code
 This is the OpenMP version of the code
 This is the OpenMP version of the code
 This is the OpenMP version of the code
 This is the OpenMP version of the code
 This is the OpenMP version of the code
 This is the OpenMP version of the code
 This is the OpenMP version of the code
 This is the OpenMP version of the code
 This is the OpenMP version of the code
 This is the OpenMP version of the code
 This is the OpenMP version of the code
 This is the OpenMP version of the code
 This is the OpenMP version of the code
 This is the OpenMP version of the code
 This is the OpenMP version of the code
 This is the OpenMP version of the code
 This is the OpenMP version of the code
 This is the OpenMP version of the code
 This is the OpenMP version of the code
 This is the OpenMP version of the code
 This is the OpenMP version of the code
 This is the OpenMP version of the code
 This is the OpenMP version of the code
 This is the OpenMP version of the code
 This is the OpenMP version of the code
 This is the OpenMP version of the code
 This is the OpenMP version of the code
 This is the OpenMP version of the code
 This is the OpenMP version of the code
 This is the OpenMP version of the code
 This is the OpenMP version of the code
 This is the OpenMP version of the code
 This is the OpenMP version of the code
 This is the OpenMP version of the code
 This is the OpenMP version of the code
 This is the OpenMP version of the code
 This is the OpenMP version of the code
 This is the OpenMP version of the code
 This is the OpenMP version of the code
 This is the OpenMP version of the code
 This is the OpenMP version of the code
 This is the OpenMP version of the code
 This is the OpenMP version of the code
 This is the OpenMP version of the code
 This is the OpenMP version of the code
 This is the OpenMP version of the code
 This is the OpenMP version of the code
 This is the OpenMP version of the code
 This is the OpenMP version of the code
 This is the OpenMP version of the code
 This is the OpenMP version of the code
 This is the OpenMP version of the code
 This is the OpenMP version of the code
 This is the OpenMP version of the code
 This is the OpenMP version of the code
 This is the OpenMP version of the code
 This is the OpenMP version of the code
 This is the OpenMP version of the code
 This is the OpenMP version of the code
 This is the OpenMP version of the code
 This is the OpenMP version of the code
 This is the OpenMP version of the code
 This is the OpenMP version of the code
 This is the OpenMP version of the code
 This is the OpenMP version of the code
 This is the OpenMP version of the code
 This is the OpenMP version of the code
 This is the OpenMP version of the code
 This is the OpenMP version of the code
 This is the OpenMP version of the code
 This is the OpenMP version of the code
 This is the OpenMP version of the code
 This is the OpenMP version of the code
 This is the OpenMP version of the code
 This is the OpenMP version of the code
 This is the OpenMP version of the code
 This is the OpenMP version of the code
 This is the OpenMP version of the code
 This is the OpenMP version of the code
 This is the OpenMP version of the code
 This is the OpenMP version of the code
 This is the OpenMP version of the code
 This is the OpenMP version of the code
 This is the OpenMP version of the code
 This is the OpenMP version of the code
 This is the OpenMP version of the code
 This is the OpenMP version of the code
 This is the OpenMP version of the code
 This is the OpenMP version of the code
 This is the OpenMP version of the code
 This is the OpenMP version of the code
 This is the OpenMP version of the code
 This is the OpenMP version of the code
 This is the OpenMP version of the code
 This is the OpenMP version of the code
 This is the OpenMP version of the code

 The execution started at 10h 27min on the 11/ 4/2025

    ===========================================================
    !                                                         !
    !                        Do N O F                         !
    !                                                         !
    !  (Donostia Natural Orbital Functional Software Program) !
    !                                                         !
    !               COPYRIGHT by Mario Piris                  !
    !                                                         !
    !      Donostia International Physics Center (DIPC)       !
    !       University of the Basque Country (UPV/EHU)        !
    !       Basque Foundation for Science (IKERBASQUE)        !
    !                                                         !
    !          GNU General Public License version 3           !
    !                                                         !
    !                  VERSION: October 2025                  !
    !                                                         !
    ===========================================================

 Run Title
 ---------
  Molname                                                                        

 Basis Set
 ---------
 /home/pobleyef/DoNOFsw/basis/def2-QZVP.bas                                      

 Atom      Charge                Coordinates (Bohr)
                           x             y             z
 N           7.0        0.0000        0.0000        7.7415
 C           6.0        0.0000        0.0000        9.9001
 H           1.0        0.0000        0.0000       11.9173
 I          53.0        0.0000        0.0000        1.5834
 C           6.0        0.0000        0.0000       -2.3762
 C           6.0        0.0000        2.2743       -3.6822
 C           6.0        0.0000        2.2651       -6.3037
 C           6.0        0.0000        0.0000       -7.6201
 C           6.0        0.0000       -2.2651       -6.3037
 C           6.0        0.0000       -2.2743       -3.6822
 H           1.0        0.0000        4.0462       -2.6620
 H           1.0        0.0000        4.0430       -7.3160
 H           1.0        0.0000        0.0000       -9.6654
 H           1.0        0.0000       -4.0430       -7.3160
 H           1.0        0.0000       -4.0462       -2.6620

 Atomic Basis Set
 ----------------
 The contracted primitive functions were unnormalized
 The contracted basis functions are now normalized to unity

  Shell Type  Primitive         Exponent  Contraction Coefficient

 N         

      1   S       1         90726.8892100    0.000070982346
      1   S       2         13590.5288010    0.000551712516
      1   S       3          3092.9883781    0.002893067845
      1   S       4           875.9987636    0.012111212150
      1   S       5           285.7446998    0.042834127812
      1   S       6           103.1191342    0.129198809022
      1   S       7            40.1285568    0.318818920022
      1   S       8            16.5280957    0.590844885361

      2   S       9            69.3909610    0.094659213180
      2   S      10            20.4282006    0.925496499302

      3   S      11             7.1292588    1.000000000000

      4   S      12             3.1324305    1.000000000000

      5   S      13             0.9875578    1.000000000000

      6   S      14             0.3876572    1.000000000000

      7   S      15             0.1490988    1.000000000000

      8   P      16           150.0574267   -0.002450051156
      8   P      17            35.4915995   -0.019486267495
      8   P      18            11.2478642   -0.090355519008
      8   P      19             4.0900305   -0.299446872557
      8   P      20             1.6220573   -0.696789730227

      9   P      21             0.6644226    1.000000000000

     10   P      22             0.2709977    1.000000000000

     11   P      23             0.1068875    1.000000000000

     12   D      24             2.8370000    1.000000000000

     13   D      25             0.9680000    1.000000000000

     14   D      26             0.3350000    1.000000000000

     15   F      27             2.0270000    1.000000000000

     16   F      28             0.6850000    1.000000000000

     17   G      29             1.4270000    1.000000000000

 C         

     18   S      30         67025.0710290    0.000070988337
     18   S      31         10039.9865380    0.000551759078
     18   S      32          2284.9316911    0.002893301112
     18   S      33           647.1412213    0.012111149913
     18   S      34           211.0947234    0.042822697250
     18   S      35            76.1776439    0.129053328799
     18   S      36            29.6338392    0.318146477908
     18   S      37            12.1877851    0.591790274517

     19   S      38            53.0260063    0.091364916926
     19   S      39            15.2585028    0.928761090236

     20   S      40             5.2403957    1.000000000000

     21   S      41             2.2905022    1.000000000000

     22   S      42             0.6967328    1.000000000000

     23   S      43             0.2759934    1.000000000000

     24   S      44             0.1073988    1.000000000000

     25   P      45           105.1255508    0.002496535013
     25   P      46            24.8844611    0.019546395628
     25   P      47             7.8637231    0.088834946629
     25   P      48             2.8407002    0.294789686074
     25   P      49             1.1227137    0.702715999245

     26   P      50             0.4605073    1.000000000000

     27   P      51             0.1893753    1.000000000000

     28   P      52             0.0759838    1.000000000000

     29   D      53             1.8480000    1.000000000000

     30   D      54             0.6490000    1.000000000000

     31   D      55             0.2280000    1.000000000000

     32   F      56             1.4190000    1.000000000000

     33   F      57             0.4850000    1.000000000000

     34   G      58             1.0110000    1.000000000000

 H         

     35   S      59           190.6916900    0.005342636962
     35   S      60            28.6055320    0.041252338243
     35   S      61             6.5095943    0.210993525698
     35   S      62             1.8412455    0.812128545862

     36   S      63             0.5985373    1.000000000000

     37   S      64             0.2139762    1.000000000000

     38   S      65             0.0803163    1.000000000000

     39   P      66             2.2920000    1.000000000000

     40   P      67             0.8380000    1.000000000000

     41   P      68             0.2920000    1.000000000000

     42   D      69             2.0620000    1.000000000000

     43   D      70             0.6620000    1.000000000000

     44   F      71             1.3970000    1.000000000000

 I         

     45   S      72         16788.4000000    0.000103586804
     45   S      73          2526.6400000    0.000765531745
     45   S      74           571.9840000    0.003150554741
     45   S      75           150.4340000    0.006717983204
     45   S      76            29.5405000   -0.134384929151
     45   S      77            18.4571000    0.859255064197
     45   S      78            11.5286000   -0.890227518539
     45   S      79             7.0828900   -1.367813214298
     45   S      80             2.5040500    1.808345152379

     46   S      81            25.0586179    0.088686579218
     46   S      82            15.6219794   -0.309437052616
     46   S      83             3.3536325    1.147487780264

     47   S      84             1.3540145    1.000000000000

     48   S      85             0.6743047    1.000000000000

     49   S      86             0.3272714    1.000000000000

     50   S      87             0.1574936    1.000000000000

     51   S      88             0.0743777    1.000000000000

     52   P      89           656.2740000    0.000102263116
     52   P      90           149.2320000    0.000688871318
     52   P      91            19.0153000    0.067339699796
     52   P      92            10.7378000   -0.280108787807
     52   P      93             6.4420800   -0.004916495947
     52   P      94             3.0920300    0.577616914298
     52   P      95             1.5787400    0.569991007671

     53   P      96            15.6605119   -0.024484627992
     53   P      97             4.9250670    0.260041620414
     53   P      98             1.6692320    0.808870366710

     54   P      99             0.7781790    1.000000000000

     55   P     100             0.3560884    1.000000000000

     56   P     101             0.1549324    1.000000000000

     57   P     102             0.0646662    1.000000000000

     58   D     103           318.2240778    0.000120648927
     58   D     104            95.8102274    0.001012623893
     58   D     105            35.3222953    0.005278751941
     58   D     106            13.1074478   -0.017935310228
     58   D     107             6.2949153    0.100128211172
     58   D     108             3.6826101    0.302771472093
     58   D     109             2.0858951    0.397340741727
     58   D     110             1.1644342    0.312691340071

     59   D     111             0.6318061    1.000000000000

     60   D     112             0.3221508    1.000000000000

     61   D     113             0.1349000    1.000000000000

     62   F     114             6.4253614    1.000000000000

     63   F     115             2.1780000    1.000000000000

     64   F     116             0.5878000    1.000000000000

     65   F     117             0.2500000    1.000000000000

     66   G     118             0.4739000    1.000000000000

 C         

     67   S     119         67025.0710290    0.000070988337
     67   S     120         10039.9865380    0.000551759078
     67   S     121          2284.9316911    0.002893301112
     67   S     122           647.1412213    0.012111149913
     67   S     123           211.0947234    0.042822697250
     67   S     124            76.1776439    0.129053328799
     67   S     125            29.6338392    0.318146477908
     67   S     126            12.1877851    0.591790274517

     68   S     127            53.0260063    0.091364916926
     68   S     128            15.2585028    0.928761090236

     69   S     129             5.2403957    1.000000000000

     70   S     130             2.2905022    1.000000000000

     71   S     131             0.6967328    1.000000000000

     72   S     132             0.2759934    1.000000000000

     73   S     133             0.1073988    1.000000000000

     74   P     134           105.1255508    0.002496535013
     74   P     135            24.8844611    0.019546395628
     74   P     136             7.8637231    0.088834946629
     74   P     137             2.8407002    0.294789686074
     74   P     138             1.1227137    0.702715999245

     75   P     139             0.4605073    1.000000000000

     76   P     140             0.1893753    1.000000000000

     77   P     141             0.0759838    1.000000000000

     78   D     142             1.8480000    1.000000000000

     79   D     143             0.6490000    1.000000000000

     80   D     144             0.2280000    1.000000000000

     81   F     145             1.4190000    1.000000000000

     82   F     146             0.4850000    1.000000000000

     83   G     147             1.0110000    1.000000000000

 C         

     84   S     148         67025.0710290    0.000070988337
     84   S     149         10039.9865380    0.000551759078
     84   S     150          2284.9316911    0.002893301112
     84   S     151           647.1412213    0.012111149913
     84   S     152           211.0947234    0.042822697250
     84   S     153            76.1776439    0.129053328799
     84   S     154            29.6338392    0.318146477908
     84   S     155            12.1877851    0.591790274517

     85   S     156            53.0260063    0.091364916926
     85   S     157            15.2585028    0.928761090236

     86   S     158             5.2403957    1.000000000000

     87   S     159             2.2905022    1.000000000000

     88   S     160             0.6967328    1.000000000000

     89   S     161             0.2759934    1.000000000000

     90   S     162             0.1073988    1.000000000000

     91   P     163           105.1255508    0.002496535013
     91   P     164            24.8844611    0.019546395628
     91   P     165             7.8637231    0.088834946629
     91   P     166             2.8407002    0.294789686074
     91   P     167             1.1227137    0.702715999245

     92   P     168             0.4605073    1.000000000000

     93   P     169             0.1893753    1.000000000000

     94   P     170             0.0759838    1.000000000000

     95   D     171             1.8480000    1.000000000000

     96   D     172             0.6490000    1.000000000000

     97   D     173             0.2280000    1.000000000000

     98   F     174             1.4190000    1.000000000000

     99   F     175             0.4850000    1.000000000000

    100   G     176             1.0110000    1.000000000000

 C         

    101   S     177         67025.0710290    0.000070988337
    101   S     178         10039.9865380    0.000551759078
    101   S     179          2284.9316911    0.002893301112
    101   S     180           647.1412213    0.012111149913
    101   S     181           211.0947234    0.042822697250
    101   S     182            76.1776439    0.129053328799
    101   S     183            29.6338392    0.318146477908
    101   S     184            12.1877851    0.591790274517

    102   S     185            53.0260063    0.091364916926
    102   S     186            15.2585028    0.928761090236

    103   S     187             5.2403957    1.000000000000

    104   S     188             2.2905022    1.000000000000

    105   S     189             0.6967328    1.000000000000

    106   S     190             0.2759934    1.000000000000

    107   S     191             0.1073988    1.000000000000

    108   P     192           105.1255508    0.002496535013
    108   P     193            24.8844611    0.019546395628
    108   P     194             7.8637231    0.088834946629
    108   P     195             2.8407002    0.294789686074
    108   P     196             1.1227137    0.702715999245

    109   P     197             0.4605073    1.000000000000

    110   P     198             0.1893753    1.000000000000

    111   P     199             0.0759838    1.000000000000

    112   D     200             1.8480000    1.000000000000

    113   D     201             0.6490000    1.000000000000

    114   D     202             0.2280000    1.000000000000

    115   F     203             1.4190000    1.000000000000

    116   F     204             0.4850000    1.000000000000

    117   G     205             1.0110000    1.000000000000

 C         

    118   S     206         67025.0710290    0.000070988337
    118   S     207         10039.9865380    0.000551759078
    118   S     208          2284.9316911    0.002893301112
    118   S     209           647.1412213    0.012111149913
    118   S     210           211.0947234    0.042822697250
    118   S     211            76.1776439    0.129053328799
    118   S     212            29.6338392    0.318146477908
    118   S     213            12.1877851    0.591790274517

    119   S     214            53.0260063    0.091364916926
    119   S     215            15.2585028    0.928761090236

    120   S     216             5.2403957    1.000000000000

    121   S     217             2.2905022    1.000000000000

    122   S     218             0.6967328    1.000000000000

    123   S     219             0.2759934    1.000000000000

    124   S     220             0.1073988    1.000000000000

    125   P     221           105.1255508    0.002496535013
    125   P     222            24.8844611    0.019546395628
    125   P     223             7.8637231    0.088834946629
    125   P     224             2.8407002    0.294789686074
    125   P     225             1.1227137    0.702715999245

    126   P     226             0.4605073    1.000000000000

    127   P     227             0.1893753    1.000000000000

    128   P     228             0.0759838    1.000000000000

    129   D     229             1.8480000    1.000000000000

    130   D     230             0.6490000    1.000000000000

    131   D     231             0.2280000    1.000000000000

    132   F     232             1.4190000    1.000000000000

    133   F     233             0.4850000    1.000000000000

    134   G     234             1.0110000    1.000000000000

 C         

    135   S     235         67025.0710290    0.000070988337
    135   S     236         10039.9865380    0.000551759078
    135   S     237          2284.9316911    0.002893301112
    135   S     238           647.1412213    0.012111149913
    135   S     239           211.0947234    0.042822697250
    135   S     240            76.1776439    0.129053328799
    135   S     241            29.6338392    0.318146477908
    135   S     242            12.1877851    0.591790274517

    136   S     243            53.0260063    0.091364916926
    136   S     244            15.2585028    0.928761090236

    137   S     245             5.2403957    1.000000000000

    138   S     246             2.2905022    1.000000000000

    139   S     247             0.6967328    1.000000000000

    140   S     248             0.2759934    1.000000000000

    141   S     249             0.1073988    1.000000000000

    142   P     250           105.1255508    0.002496535013
    142   P     251            24.8844611    0.019546395628
    142   P     252             7.8637231    0.088834946629
    142   P     253             2.8407002    0.294789686074
    142   P     254             1.1227137    0.702715999245

    143   P     255             0.4605073    1.000000000000

    144   P     256             0.1893753    1.000000000000

    145   P     257             0.0759838    1.000000000000

    146   D     258             1.8480000    1.000000000000

    147   D     259             0.6490000    1.000000000000

    148   D     260             0.2280000    1.000000000000

    149   F     261             1.4190000    1.000000000000

    150   F     262             0.4850000    1.000000000000

    151   G     263             1.0110000    1.000000000000

 C         

    152   S     264         67025.0710290    0.000070988337
    152   S     265         10039.9865380    0.000551759078
    152   S     266          2284.9316911    0.002893301112
    152   S     267           647.1412213    0.012111149913
    152   S     268           211.0947234    0.042822697250
    152   S     269            76.1776439    0.129053328799
    152   S     270            29.6338392    0.318146477908
    152   S     271            12.1877851    0.591790274517

    153   S     272            53.0260063    0.091364916926
    153   S     273            15.2585028    0.928761090236

    154   S     274             5.2403957    1.000000000000

    155   S     275             2.2905022    1.000000000000

    156   S     276             0.6967328    1.000000000000

    157   S     277             0.2759934    1.000000000000

    158   S     278             0.1073988    1.000000000000

    159   P     279           105.1255508    0.002496535013
    159   P     280            24.8844611    0.019546395628
    159   P     281             7.8637231    0.088834946629
    159   P     282             2.8407002    0.294789686074
    159   P     283             1.1227137    0.702715999245

    160   P     284             0.4605073    1.000000000000

    161   P     285             0.1893753    1.000000000000

    162   P     286             0.0759838    1.000000000000

    163   D     287             1.8480000    1.000000000000

    164   D     288             0.6490000    1.000000000000

    165   D     289             0.2280000    1.000000000000

    166   F     290             1.4190000    1.000000000000

    167   F     291             0.4850000    1.000000000000

    168   G     292             1.0110000    1.000000000000

 H         

    169   S     293           190.6916900    0.005342636962
    169   S     294            28.6055320    0.041252338243
    169   S     295             6.5095943    0.210993525698
    169   S     296             1.8412455    0.812128545862

    170   S     297             0.5985373    1.000000000000

    171   S     298             0.2139762    1.000000000000

    172   S     299             0.0803163    1.000000000000

    173   P     300             2.2920000    1.000000000000

    174   P     301             0.8380000    1.000000000000

    175   P     302             0.2920000    1.000000000000

    176   D     303             2.0620000    1.000000000000

    177   D     304             0.6620000    1.000000000000

    178   F     305             1.3970000    1.000000000000

 H         

    179   S     306           190.6916900    0.005342636962
    179   S     307            28.6055320    0.041252338243
    179   S     308             6.5095943    0.210993525698
    179   S     309             1.8412455    0.812128545862

    180   S     310             0.5985373    1.000000000000

    181   S     311             0.2139762    1.000000000000

    182   S     312             0.0803163    1.000000000000

    183   P     313             2.2920000    1.000000000000

    184   P     314             0.8380000    1.000000000000

    185   P     315             0.2920000    1.000000000000

    186   D     316             2.0620000    1.000000000000

    187   D     317             0.6620000    1.000000000000

    188   F     318             1.3970000    1.000000000000

 H         

    189   S     319           190.6916900    0.005342636962
    189   S     320            28.6055320    0.041252338243
    189   S     321             6.5095943    0.210993525698
    189   S     322             1.8412455    0.812128545862

    190   S     323             0.5985373    1.000000000000

    191   S     324             0.2139762    1.000000000000

    192   S     325             0.0803163    1.000000000000

    193   P     326             2.2920000    1.000000000000

    194   P     327             0.8380000    1.000000000000

    195   P     328             0.2920000    1.000000000000

    196   D     329             2.0620000    1.000000000000

    197   D     330             0.6620000    1.000000000000

    198   F     331             1.3970000    1.000000000000

 H         

    199   S     332           190.6916900    0.005342636962
    199   S     333            28.6055320    0.041252338243
    199   S     334             6.5095943    0.210993525698
    199   S     335             1.8412455    0.812128545862

    200   S     336             0.5985373    1.000000000000

    201   S     337             0.2139762    1.000000000000

    202   S     338             0.0803163    1.000000000000

    203   P     339             2.2920000    1.000000000000

    204   P     340             0.8380000    1.000000000000

    205   P     341             0.2920000    1.000000000000

    206   D     342             2.0620000    1.000000000000

    207   D     343             0.6620000    1.000000000000

    208   F     344             1.3970000    1.000000000000

 H         

    209   S     345           190.6916900    0.005342636962
    209   S     346            28.6055320    0.041252338243
    209   S     347             6.5095943    0.210993525698
    209   S     348             1.8412455    0.812128545862

    210   S     349             0.5985373    1.000000000000

    211   S     350             0.2139762    1.000000000000

    212   S     351             0.0803163    1.000000000000

    213   P     352             2.2920000    1.000000000000

    214   P     353             0.8380000    1.000000000000

    215   P     354             0.2920000    1.000000000000

    216   D     355             2.0620000    1.000000000000

    217   D     356             0.6620000    1.000000000000

    218   F     357             1.3970000    1.000000000000

 Total Number of Basis Set Shells             =  218
 Total Number of Primitives                   =  357
 Number of Spherical Gaussian Basis Functions =  718
 Total Number of Auxiliary Basis Set Shells   =  282
 Number of Sph. Gaussian Auxiliary Set Func.  =  928
 Number of Electrons                          =  108
 Charge of Molecule                           =    0
 Spin Multiplicity                            =    1
 Number of Occupied Orbitals (Alpha)          =   54
 Number of Occupied Orbitals (Beta )          =   54
 Total Number of Atoms                        =   15

 Nuclear Energy =      701.2051009597

 Note: This calculation is using an effective core potential
 so NE and ENUC will be adjusted later after removal of the Core

 Input Run Options
 -----------------
 IRUNTYP = 1  MULT = 1  ICHARG =  0 IECP = 1  IEMOM = 1  UNITS = ANGS    

 ECP Potentials
 --------------
 Parameters for "I-ECP   " on Atom  4 with ZCORE 28 and LMAX 3 are

 for L= 3      COEFF    N           ZETA
    1      -21.84204    2       19.45861
    1      -28.46819    2       19.34926
    1       -0.24371    2        4.82377
    1       -0.32080    2        4.88431
 for L= 0      COEFF    N           ZETA
    1       49.99429    2       40.01584
    1      281.02532    2       17.42975
    1       61.57333    2        9.00548
    1       21.84204    2       19.45861
    1       28.46819    2       19.34926
    1        0.24371    2        4.82377
    1        0.32080    2        4.88431
 for L= 1      COEFF    N           ZETA
    1       67.44284    2       15.35547
    1      134.88114    2       14.97183
    1       14.67505    2        8.96016
    1       29.37567    2        8.25910
    1       21.84204    2       19.45861
    1       28.46819    2       19.34926
    1        0.24371    2        4.82377
    1        0.32080    2        4.88431
 for L= 2      COEFF    N           ZETA
    1       35.43953    2       15.06891
    1       53.17606    2       14.55532
    1        9.06719    2        6.71865
    1       13.20694    2        6.45639
    1        0.08933    2        1.19178
    1        0.05238    2        1.29116
    1       21.84204    2       19.45861
    1       28.46819    2       19.34926
    1        0.24371    2        4.82377
    1        0.32080    2        4.88431

 The ECP removes  28 core electrons and  28 protons

 Number of electrons kept in the run =   80
 Number of occupied orbitals (Alpha) =   40
 Number of occupied orbitals (Beta)  =   40

 Adjusted Nuclear Energy =      468.4929187441


 Integral Options
 ----------------
 ERITYP = RI     AUX = JKFIT   ISCHWZ = 1   CUTOFF = 1.0E-09

 Input NOF Options
 -----------------

 Natural Orbital Functional Selected:    (IPNOF)         7

 Type of calculation = ICOEF2 + ICOEF1:  (ICOEF)        21
 Use Softmax function for Occ. Opt.:     (ISOFTMAX)      1
 Type of Orb. Opt. = Orbital Rotations:  (IORBOPT)       2
 Maximum Number of Coef Outer Iter.:     (MAXIT21)       3
 Maximum Number of Occ-Coef Outer Iter.: (MAXIT)      1000

 Restart calculation Option:             (RESTART)       F
 Restart Gamma Matrix from GCF file:     (INPUTGAMMA)    1
 Coefficient Matrix from GCF file:       (INPUTC)        1
 Diagonal Elements FMIUG from GCF file:  (INPUTFMIUG)    0
 Cartesian Coordinates from GCF file:    (INPUTCXYZ)     0

 Threshold Lambda Convergence=10**(-N):  (NTHRESHL)      3
 Threshold Energy Convergence=10**(-N):  (NTHRESHE)      6
 Max. Number of Inner Coef. Iterations:  (MAXLOOP)      10
 Orthogonalize the initial Orbitals:     (ORTHO)         T

 Output Option:                          (NPRINT)        0
 Output the Coefficient Matrix:          (IWRITEC)       0
 Do a Mulliken Population Analysis:      (IMULPOP)       0
 Write Information into a WFN file:      (IAIMPAC)       1
 Write Information into a FCHK file:     (IFCHK)         1
 Write Information into a MLP file:      (MOLDEN)        1
 Create Ini. Cond. (ini.xyz) file:       (INICOND)       1
 Calculate IPs using Ext. Koopmans Theo: (IEKT)          0
 Write APSG expansion coefficient file:  (APSG)          F
 Output option for Lagrange Multipliers: (PRINTLAG)      F
 Diagonalize matrix of Lag. Multipliers: (DIAGLAG)       F

------------------------------------------------------------------------

 Orbital Space
 -------------

 You are doing a perfect pairing calculation: NCWO=1

 Inactive Doubly occupied orbitals up to NO1  =    0
 No. considered Strongly Doubly occupied MOs  =   40
 No. considered Strongly Singly occupied MOs  =    0
 No. of Weakly occ. per St. Doubly occ.  MOs  =    1
 Dimension of the Active Nat. Orb. subspace   =   80
 Secondary Empty orbitals                     =  638

 1e- integrals
 -------------
 Time to do integrals =      0.91

 2e- integrals
 -------------
 DONTW option skips storage 2e- integrals on Unit 1
 Time to do integrals =      8.63

 No violations of the orthonormality

   INITIAL VALUES
  =================

   OM     Occupation      Elag Diag

    1      1.9999995     -4.6437363
    2      1.9999999     -4.6538266
    3      1.9999992     -2.5360949
    4      1.9999983     -2.6095704
    5      1.9995459    -11.2596527
    6      1.9999992    -15.5755125
    7      1.9999994    -11.2192401
    8      1.9999999    -11.2183155
    9      1.9999999     -4.5528002
   10      1.9999999     -4.5113732
   11      1.9999995     -2.9006606
   12      1.9999990     -4.6638758
   13      1.9999993     -4.5917722
   14      1.9999175    -11.2175166
   15      1.9995609    -11.2263071
   16      1.9999905    -11.2173185
   17      1.9991746     -0.5580793
   18      1.9998769     -0.6835777
   19      1.9989677     -0.8128753
   20      1.9819975     -0.8239738
   21      1.9999876     -0.5473541
   22      1.9999162     -0.8095925
   23      1.9999956     -0.3328347
   24      1.9999999    -11.2682248
   25      1.9968025     -0.6860413
   26      1.9997091     -0.8134596
   27      1.9998770     -1.1550004
   28      1.9999341     -0.6846309
   29      1.9988798     -0.4502045
   30      1.9980703     -0.6863170
   31      1.9986138     -0.6868291
   32      1.9999829     -0.8320617
   33      1.9999201     -0.8332202
   34      1.9977619     -0.5209065
   35      1.9999753     -0.8115454
   36      1.9999964     -0.5025406
   37      1.9966805     -0.6878131
   38      1.9948250     -0.5046958
   39      1.9999940     -0.3975882
   40      1.9872693     -0.5334964
   41      0.0127307     -0.0041276
   42      0.0000060      0.0000094
   43      0.0051750     -0.0028409
   44      0.0033195     -0.0026727
   45      0.0000036      0.0000008
   46      0.0000247     -0.0000537
   47      0.0022381     -0.0010236
   48      0.0000799     -0.0001337
   49      0.0000171     -0.0000240
   50      0.0013862     -0.0013644
   51      0.0019297     -0.0021210
   52      0.0011202     -0.0000872
   53      0.0000659     -0.0002247
   54      0.0001230     -0.0001700
   55      0.0002909     -0.0003215
   56      0.0031975     -0.0025608
   57      0.0000001      0.0000002
   58      0.0000044      0.0000082
   59      0.0000838     -0.0002652
   60      0.0000124      0.0000108
   61      0.0180025     -0.0118475
   62      0.0010323     -0.0012889
   63      0.0001231     -0.0002812
   64      0.0008254     -0.0004514
   65      0.0000095     -0.0003536
   66      0.0004391     -0.0077687
   67      0.0000825     -0.0008524
   68      0.0000007      0.0000014
   69      0.0000010      0.0000019
   70      0.0000005      0.0000010
   71      0.0000001      0.0000003
   72      0.0000001      0.0000003
   73      0.0000001      0.0000002
   74      0.0000006     -0.0000285
   75      0.0000008     -0.0000071
   76      0.0004541     -0.0078487
   77      0.0000017      0.0000047
   78      0.0000008      0.0000019
   79      0.0000001      0.0000003
   80      0.0000005      0.0000008

   RO Sum (  80) =   80.00

  ---------------
   Dipole Moment
  ---------------

      2.3437 Debye [   0.9221  (  -0.0020,  -0.0194,   0.9219) ]


  RESULTS OF OCCUPATION-COEFFICIENT OPTIMIZATION
 ================================================

  Ex It  Occ Time  Orb Time  Orb It   Electronic Energy     Total Energy   Energy Convergency    Max Mul-Lag Diff

    1    2.2E+00   1.5E+02      10   -1088.3133594252     -619.8204406811    -0.0000000000           0.018885
    2    1.8E+00   4.5E+02      40   -1088.3534490375     -619.8605302933    -0.0400896123           0.001682
    3    1.6E+00   5.3E+02      50   -1088.3722208571     -619.8793021130    -0.0187718197           0.002082
    4    1.8E+00   9.4E+02      60   -1088.3891716653     -619.8962529212    -0.0169508082           0.002766
    5    2.0E+00   1.0E+03      60   -1088.4729211901     -619.9800024460    -0.0837495248           0.003418
    6    1.8E+00   8.9E+02      60   -1088.5426919079     -620.0497731637    -0.0697707178           0.004203
    7    1.9E+00   9.0E+02      60   -1088.6005777694     -620.1076590253    -0.0578858615           0.005962
    8    2.0E+00   8.1E+02      60   -1088.6539512227     -620.1610324786    -0.0533734533           0.005384
    9    2.0E+00   6.8E+02      60   -1088.7076215933     -620.2147028492    -0.0536703706           0.005302
   10    2.0E+00   5.8E+02      60   -1088.7569816658     -620.2640629217    -0.0493600725           0.003798
   11    1.8E+00   5.8E+02      60   -1088.7930776309     -620.3001588868    -0.0360959651           0.003063
   12    1.8E+00   1.4E+03      60   -1088.8162600691     -620.3233413249    -0.0231824382           0.003287
   13    1.8E+00   1.6E+03      60   -1088.8307295539     -620.3378108098    -0.0144694849           0.005269
   14    1.7E+00   1.6E+03      60   -1088.8393529657     -620.3464342215    -0.0086234117           0.004119
   15    1.8E+00   1.2E+03      60   -1088.8440030728     -620.3510843287    -0.0046501072           0.004327
   16    1.9E+00   1.3E+03      60   -1088.8463896492     -620.3534709051    -0.0023865764           0.004318
   17    1.7E+00   1.4E+03      60   -1088.8474635472     -620.3545448030    -0.0010738980           0.004322
   18    1.9E+00   2.7E+03      60   -1088.8477126577     -620.3547939136    -0.0002491106           0.004176
   19    2.0E+00   4.1E+03      60   -1088.8477857312     -620.3548669870    -0.0000730735           0.004369
   20    2.1E+00   2.8E+03      60   -1088.8477886969     -620.3548699528    -0.0000029657           0.004512
   21    1.6E+00   1.9E+03      39   -1088.8483434917     -620.3554247475    -0.0005547948           0.000941
   22    1.9E+00   8.4E+00       0   -1088.8483500674     -620.3554313233    -0.0000065757           0.000941
   23    1.6E+00   4.2E+00       0   -1088.8483500674     -620.3554313233     0.0000000832           0.000941


  RESULTS OF THE OCCUPATION OPTIMIZATION
 ========================================

   OM     Occupation      Elag Diag

    1      1.9997099    -15.5679779
    2      1.9995640    -11.2088804
    3      1.9995631    -11.2071655
    4      1.9995630    -11.2106011
    5      1.9995625    -11.2069792
    6      1.9995599    -11.2089449
    7      1.9995460    -11.2397523
    8      1.9995414    -11.2610622
    9      1.9991899     -4.8078575
   10      1.9991467     -4.7450163
   11      1.9991155     -4.6937087
   12      1.9990855     -4.6604307
   13      1.9988268     -4.0034014
   14      1.9988062     -3.9761967
   15      1.9983445     -3.2334653
   16      1.9983077     -3.1835249
   17      1.9975809     -2.3193729
   18      1.9909560     -0.6426753
   19      1.9909198     -0.6359778
   20      1.9893359     -1.1875723
   21      1.9851765     -0.4508217
   22      1.9833396     -0.6753932
   23      1.9828317     -0.8230774
   24      1.9828264     -0.8226207
   25      1.9826810     -0.8198533
   26      1.9823148     -0.8237329
   27      1.9819584     -0.8419515
   28      1.9816118     -0.8393613
   29      1.9770290     -0.6922594
   30      1.9767963     -0.6904180
   31      1.9766537     -0.6902812
   32      1.9765844     -0.6898436
   33      1.9763951     -0.6923426
   34      1.9754872     -0.8138145
   35      1.9204965     -0.5216781
   36      1.8950192     -0.5169136
   37      1.8950105     -0.5168854
   38      1.8891338     -0.4150480
   39      1.8762740     -0.4058715
   40      1.8473290     -0.3927323
   41      0.1526710     -0.0451211
   42      0.1237260     -0.0381639
   43      0.1108662     -0.0352259
   44      0.1049895     -0.0448135
   45      0.1049808     -0.0448136
   46      0.0795035     -0.0339648
   47      0.0245128     -0.0186144
   48      0.0236049     -0.0171492
   49      0.0234156     -0.0170417
   50      0.0233463     -0.0170131
   51      0.0232037     -0.0169437
   52      0.0229710     -0.0168418
   53      0.0183882     -0.0154311
   54      0.0180416     -0.0152602
   55      0.0176852     -0.0149589
   56      0.0173190     -0.0147304
   57      0.0171736     -0.0146788
   58      0.0171683     -0.0146296
   59      0.0166604     -0.0117782
   60      0.0148235     -0.0064725
   61      0.0106641     -0.0123199
   62      0.0090802     -0.0056738
   63      0.0090440     -0.0056319
   64      0.0024191     -0.0063070
   65      0.0016923     -0.0062279
   66      0.0016555     -0.0061904
   67      0.0011938     -0.0054358
   68      0.0011732     -0.0053664
   69      0.0009145     -0.0047811
   70      0.0008845     -0.0046483
   71      0.0008533     -0.0045052
   72      0.0008101     -0.0043483
   73      0.0004586     -0.0085790
   74      0.0004540     -0.0084838
   75      0.0004401     -0.0083119
   76      0.0004375     -0.0082814
   77      0.0004370     -0.0082785
   78      0.0004369     -0.0082753
   79      0.0004360     -0.0082668
   80      0.0002901     -0.0077075

   RO Sum (  80) =   80.00

  ---------------
   Dipole Moment
  ---------------

      2.2254 Debye [   0.8755  (  -0.0033,   0.0148,   0.8754) ]

 ----------------
  Final Energies  
 ----------------

  Final NOF Total Energy =     -620.3554313233 ( 9.E-04 , 0.E+00 )


  **************************************************
  *                                                *
  *       SINGLE-POINT DoNOF CALCULATION           *
  *                                                *
  *             FULL OPTIMIZATION                  *
  *                                                *
  *  FINAL RESULTS   FINAL RESULTS  FINAL RESULTS  *
  *                                                *
  **************************************************

  **************************************************
  *         No. EXTERNAL ITER =    23              *
  *         No. of TOTAL ITER =  1159              *
  **************************************************

  Elapsed real time :  27644.22  (Seconds)

 The execution finished at 18h  8min on the 11/ 4/2025
Recovering execution output...
Moving from /scratch/pobleyef/345616 to /home-nas/pobleyef/Slim-NOF/ncwo1/Slim16/PNOF7/arina.345616
mkdir -p /home-nas/pobleyef/Slim-NOF/ncwo1/Slim16/PNOF7/arina.345616
mv /scratch/pobleyef/345616/* /home-nas/pobleyef/Slim-NOF/ncwo1/Slim16/PNOF7/arina.345616
