Job runing on na07
Choosing scratch ...
Automatic scratch folder selection
/scratch/pobleyef/345624
/scratch/pobleyef/345624 directory
cp HEAVY28-teh2_2.gcf HEAVY28-teh2_2.inp to  /scratch/pobleyef/345624/.
HEAVY28-teh2_2
 This is the OpenMP version of the code
 This is the OpenMP version of the code
 This is the OpenMP version of the code
 This is the OpenMP version of the code
 This is the OpenMP version of the code
 This is the OpenMP version of the code
 This is the OpenMP version of the code
 This is the OpenMP version of the code
 This is the OpenMP version of the code
 This is the OpenMP version of the code
 This is the OpenMP version of the code
 This is the OpenMP version of the code
 This is the OpenMP version of the code
 This is the OpenMP version of the code
 This is the OpenMP version of the code
 This is the OpenMP version of the code
 This is the OpenMP version of the code
 This is the OpenMP version of the code
 This is the OpenMP version of the code
 This is the OpenMP version of the code
 This is the OpenMP version of the code
 This is the OpenMP version of the code
 This is the OpenMP version of the code
 This is the OpenMP version of the code
 This is the OpenMP version of the code
 This is the OpenMP version of the code
 This is the OpenMP version of the code
 This is the OpenMP version of the code
 This is the OpenMP version of the code
 This is the OpenMP version of the code
 This is the OpenMP version of the code
 This is the OpenMP version of the code
 This is the OpenMP version of the code
 This is the OpenMP version of the code
 This is the OpenMP version of the code
 This is the OpenMP version of the code
 This is the OpenMP version of the code
 This is the OpenMP version of the code
 This is the OpenMP version of the code
 This is the OpenMP version of the code
 This is the OpenMP version of the code
 This is the OpenMP version of the code
 This is the OpenMP version of the code
 This is the OpenMP version of the code
 This is the OpenMP version of the code
 This is the OpenMP version of the code
 This is the OpenMP version of the code
 This is the OpenMP version of the code
 This is the OpenMP version of the code
 This is the OpenMP version of the code
 This is the OpenMP version of the code
 This is the OpenMP version of the code
 This is the OpenMP version of the code
 This is the OpenMP version of the code
 This is the OpenMP version of the code
 This is the OpenMP version of the code
 This is the OpenMP version of the code
 This is the OpenMP version of the code
 This is the OpenMP version of the code
 This is the OpenMP version of the code
 This is the OpenMP version of the code
 This is the OpenMP version of the code
 This is the OpenMP version of the code
 This is the OpenMP version of the code
 This is the OpenMP version of the code
 This is the OpenMP version of the code
 This is the OpenMP version of the code
 This is the OpenMP version of the code
 This is the OpenMP version of the code
 This is the OpenMP version of the code
 This is the OpenMP version of the code
 This is the OpenMP version of the code
 This is the OpenMP version of the code
 This is the OpenMP version of the code
 This is the OpenMP version of the code
 This is the OpenMP version of the code
 This is the OpenMP version of the code
 This is the OpenMP version of the code
 This is the OpenMP version of the code
 This is the OpenMP version of the code
 This is the OpenMP version of the code
 This is the OpenMP version of the code
 This is the OpenMP version of the code
 This is the OpenMP version of the code
 This is the OpenMP version of the code
 This is the OpenMP version of the code
 This is the OpenMP version of the code
 This is the OpenMP version of the code
 This is the OpenMP version of the code
 This is the OpenMP version of the code
 This is the OpenMP version of the code
 This is the OpenMP version of the code
 This is the OpenMP version of the code
 This is the OpenMP version of the code
 This is the OpenMP version of the code
 This is the OpenMP version of the code
 This is the OpenMP version of the code
 This is the OpenMP version of the code
 This is the OpenMP version of the code
 This is the OpenMP version of the code
 This is the OpenMP version of the code
 This is the OpenMP version of the code
 This is the OpenMP version of the code
 This is the OpenMP version of the code
 This is the OpenMP version of the code
 This is the OpenMP version of the code
 This is the OpenMP version of the code
 This is the OpenMP version of the code
 This is the OpenMP version of the code
 This is the OpenMP version of the code
 This is the OpenMP version of the code
 This is the OpenMP version of the code
 This is the OpenMP version of the code
 This is the OpenMP version of the code
 This is the OpenMP version of the code
 This is the OpenMP version of the code
 This is the OpenMP version of the code
 This is the OpenMP version of the code
 This is the OpenMP version of the code
 This is the OpenMP version of the code

 The execution started at 10h 35min on the 11/ 4/2025

    ===========================================================
    !                                                         !
    !                        Do N O F                         !
    !                                                         !
    !  (Donostia Natural Orbital Functional Software Program) !
    !                                                         !
    !               COPYRIGHT by Mario Piris                  !
    !                                                         !
    !      Donostia International Physics Center (DIPC)       !
    !       University of the Basque Country (UPV/EHU)        !
    !       Basque Foundation for Science (IKERBASQUE)        !
    !                                                         !
    !          GNU General Public License version 3           !
    !                                                         !
    !                  VERSION: October 2025                  !
    !                                                         !
    ===========================================================

 Run Title
 ---------
  Molname                                                                        

 Basis Set
 ---------
 /home/pobleyef/DoNOFsw/basis/def2-QZVP.bas                                      

 Atom      Charge                Coordinates (Bohr)
                           x             y             z
 TE         52.0        0.4112       -5.7519        0.0000
 H           1.0        0.5034       -2.6652        0.0000
 H           1.0       -2.6739       -5.6549        0.0000
 TE         52.0        0.4112        3.2494        0.0000
 H           1.0        2.8453        5.1473        0.0000
 H           1.0       -1.4972        5.6753        0.0000

 Atomic Basis Set
 ----------------
 The contracted primitive functions were unnormalized
 The contracted basis functions are now normalized to unity

  Shell Type  Primitive         Exponent  Contraction Coefficient

 TE        

      1   S       1         15746.3000000    0.000143505502
      1   S       2          2369.2500000    0.001057688697
      1   S       3           535.8600000    0.004416780439
      1   S       4           141.8850000    0.009662703776
      1   S       5            27.8197000   -0.155270295244
      1   S       6            17.3879000    0.974030304699
      1   S       7            10.8656000   -1.056596460807
      1   S       8             6.5688500   -1.379712385251
      1   S       9             2.4013900    1.827441577778

      2   S      10            29.3832530    0.065123322284
      2   S      11            15.9464080   -0.295127541592
      2   S      12             3.6679903    1.157583693522

      3   S      13             1.2865442    1.000000000000

      4   S      14             0.6353359    1.000000000000

      5   S      15             0.2980779    1.000000000000

      6   S      16             0.1406125    1.000000000000

      7   S      17             0.0656607    1.000000000000

      8   P      18           750.2220000    0.000059811429
      8   P      19           163.9610000    0.000471590110
      8   P      20            16.9227000    0.095913376815
      8   P      21            10.5755000   -0.308502747699
      8   P      22             5.7046200   -0.026376840001
      8   P      23             2.9802200    0.569989111661
      8   P      24             1.5197000    0.591813381771

      9   P      25            13.9254573   -0.023770496808
      9   P      26             4.2323767    0.249927523263
      9   P      27             1.4547631    0.815474645660

     10   P      28             0.7552878    1.000000000000

     11   P      29             0.3182945    1.000000000000

     12   P      30             0.1372183    1.000000000000

     13   P      31             0.0570992    1.000000000000

     14   D      32           146.3072712    0.000461306274
     14   D      33            42.2438594    0.003533209679
     14   D      34             9.9155378   -0.117465721016
     14   D      35             8.9949644    0.139705429021
     14   D      36             4.1376628    0.227137070875
     14   D      37             2.3659339    0.343049326787
     14   D      38             1.3736142    0.323069207587
     14   D      39             0.7984638    0.204724481522

     15   D      40             0.4568518    1.000000000000

     16   D      41             0.2502275    1.000000000000

     17   D      42             0.1156000    1.000000000000

     18   F      43             5.8043400    1.000000000000

     19   F      44             1.9347800    1.000000000000

     20   F      45             0.5184000    1.000000000000

     21   F      46             0.2135000    1.000000000000

     22   G      47             0.4294000    1.000000000000

 H         

     23   S      48           190.6916900    0.005342636962
     23   S      49            28.6055320    0.041252338243
     23   S      50             6.5095943    0.210993525698
     23   S      51             1.8412455    0.812128545862

     24   S      52             0.5985373    1.000000000000

     25   S      53             0.2139762    1.000000000000

     26   S      54             0.0803163    1.000000000000

     27   P      55             2.2920000    1.000000000000

     28   P      56             0.8380000    1.000000000000

     29   P      57             0.2920000    1.000000000000

     30   D      58             2.0620000    1.000000000000

     31   D      59             0.6620000    1.000000000000

     32   F      60             1.3970000    1.000000000000

 H         

     33   S      61           190.6916900    0.005342636962
     33   S      62            28.6055320    0.041252338243
     33   S      63             6.5095943    0.210993525698
     33   S      64             1.8412455    0.812128545862

     34   S      65             0.5985373    1.000000000000

     35   S      66             0.2139762    1.000000000000

     36   S      67             0.0803163    1.000000000000

     37   P      68             2.2920000    1.000000000000

     38   P      69             0.8380000    1.000000000000

     39   P      70             0.2920000    1.000000000000

     40   D      71             2.0620000    1.000000000000

     41   D      72             0.6620000    1.000000000000

     42   F      73             1.3970000    1.000000000000

 TE        

     43   S      74         15746.3000000    0.000143505502
     43   S      75          2369.2500000    0.001057688697
     43   S      76           535.8600000    0.004416780439
     43   S      77           141.8850000    0.009662703776
     43   S      78            27.8197000   -0.155270295244
     43   S      79            17.3879000    0.974030304699
     43   S      80            10.8656000   -1.056596460807
     43   S      81             6.5688500   -1.379712385251
     43   S      82             2.4013900    1.827441577778

     44   S      83            29.3832530    0.065123322284
     44   S      84            15.9464080   -0.295127541592
     44   S      85             3.6679903    1.157583693522

     45   S      86             1.2865442    1.000000000000

     46   S      87             0.6353359    1.000000000000

     47   S      88             0.2980779    1.000000000000

     48   S      89             0.1406125    1.000000000000

     49   S      90             0.0656607    1.000000000000

     50   P      91           750.2220000    0.000059811429
     50   P      92           163.9610000    0.000471590110
     50   P      93            16.9227000    0.095913376815
     50   P      94            10.5755000   -0.308502747699
     50   P      95             5.7046200   -0.026376840001
     50   P      96             2.9802200    0.569989111661
     50   P      97             1.5197000    0.591813381771

     51   P      98            13.9254573   -0.023770496808
     51   P      99             4.2323767    0.249927523263
     51   P     100             1.4547631    0.815474645660

     52   P     101             0.7552878    1.000000000000

     53   P     102             0.3182945    1.000000000000

     54   P     103             0.1372183    1.000000000000

     55   P     104             0.0570992    1.000000000000

     56   D     105           146.3072712    0.000461306274
     56   D     106            42.2438594    0.003533209679
     56   D     107             9.9155378   -0.117465721016
     56   D     108             8.9949644    0.139705429021
     56   D     109             4.1376628    0.227137070875
     56   D     110             2.3659339    0.343049326787
     56   D     111             1.3736142    0.323069207587
     56   D     112             0.7984638    0.204724481522

     57   D     113             0.4568518    1.000000000000

     58   D     114             0.2502275    1.000000000000

     59   D     115             0.1156000    1.000000000000

     60   F     116             5.8043400    1.000000000000

     61   F     117             1.9347800    1.000000000000

     62   F     118             0.5184000    1.000000000000

     63   F     119             0.2135000    1.000000000000

     64   G     120             0.4294000    1.000000000000

 H         

     65   S     121           190.6916900    0.005342636962
     65   S     122            28.6055320    0.041252338243
     65   S     123             6.5095943    0.210993525698
     65   S     124             1.8412455    0.812128545862

     66   S     125             0.5985373    1.000000000000

     67   S     126             0.2139762    1.000000000000

     68   S     127             0.0803163    1.000000000000

     69   P     128             2.2920000    1.000000000000

     70   P     129             0.8380000    1.000000000000

     71   P     130             0.2920000    1.000000000000

     72   D     131             2.0620000    1.000000000000

     73   D     132             0.6620000    1.000000000000

     74   F     133             1.3970000    1.000000000000

 H         

     75   S     134           190.6916900    0.005342636962
     75   S     135            28.6055320    0.041252338243
     75   S     136             6.5095943    0.210993525698
     75   S     137             1.8412455    0.812128545862

     76   S     138             0.5985373    1.000000000000

     77   S     139             0.2139762    1.000000000000

     78   S     140             0.0803163    1.000000000000

     79   P     141             2.2920000    1.000000000000

     80   P     142             0.8380000    1.000000000000

     81   P     143             0.2920000    1.000000000000

     82   D     144             2.0620000    1.000000000000

     83   D     145             0.6620000    1.000000000000

     84   F     146             1.3970000    1.000000000000

 Total Number of Basis Set Shells             =   84
 Total Number of Primitives                   =  146
 Number of Spherical Gaussian Basis Functions =  284
 Total Number of Auxiliary Basis Set Shells   =  116
 Number of Sph. Gaussian Auxiliary Set Func.  =  508
 Number of Electrons                          =  108
 Charge of Molecule                           =    0
 Spin Multiplicity                            =    1
 Number of Occupied Orbitals (Alpha)          =   54
 Number of Occupied Orbitals (Beta )          =   54
 Total Number of Atoms                        =    6

 Nuclear Energy =      392.0994643098

 Note: This calculation is using an effective core potential
 so NE and ENUC will be adjusted later after removal of the Core

 Input Run Options
 -----------------
 IRUNTYP = 1  MULT = 1  ICHARG =  0 IECP = 1  IEMOM = 1  UNITS = ANGS    

 ECP Potentials
 --------------
 Parameters for "TE-ECP  " on Atom  1 with ZCORE 28 and LMAX 3 are

 for L= 3      COEFF    N           ZETA
    1      -15.74545    2       15.20617
    1      -20.74245    2       15.20170
 for L= 0      COEFF    N           ZETA
    1      281.04584    2       16.81447
    1       61.62066    2        8.79353
    1       15.74545    2       15.20617
    1       20.74245    2       15.20170
 for L= 1      COEFF    N           ZETA
    1       67.44946    2       14.87780
    1      134.90430    2       14.26973
    1       14.68955    2        8.72443
    1       29.41506    2        8.29152
    1       15.74545    2       15.20617
    1       20.74245    2       15.20170
 for L= 2      COEFF    N           ZETA
    1       35.43206    2       15.20501
    1       53.13569    2       15.22585
    1        9.06980    2        6.07177
    1       13.12230    2        5.80476
    1       15.74545    2       15.20617
    1       20.74245    2       15.20170
 Parameters for "TE-ECP  " on Atom  4 are the same as atom  4

 The ECP removes  56 core electrons and  56 protons

 Number of electrons kept in the run =   52
 Number of occupied orbitals (Alpha) =   26
 Number of occupied orbitals (Beta)  =   26

 Adjusted Nuclear Energy =      106.7806037516


 Integral Options
 ----------------
 ERITYP = RI     AUX = JKFIT   ISCHWZ = 1   CUTOFF = 1.0E-09

 Input NOF Options
 -----------------

 Natural Orbital Functional Selected:    (IPNOF)         7

 Type of calculation = ICOEF2 + ICOEF1:  (ICOEF)        21
 Use Softmax function for Occ. Opt.:     (ISOFTMAX)      1
 Type of Orb. Opt. = Orbital Rotations:  (IORBOPT)       2
 Maximum Number of Coef Outer Iter.:     (MAXIT21)       3
 Maximum Number of Occ-Coef Outer Iter.: (MAXIT)      1000

 Restart calculation Option:             (RESTART)       F
 Restart Gamma Matrix from GCF file:     (INPUTGAMMA)    1
 Coefficient Matrix from GCF file:       (INPUTC)        1
 Diagonal Elements FMIUG from GCF file:  (INPUTFMIUG)    0
 Cartesian Coordinates from GCF file:    (INPUTCXYZ)     0

 Threshold Lambda Convergence=10**(-N):  (NTHRESHL)      3
 Threshold Energy Convergence=10**(-N):  (NTHRESHE)      5
 Max. Number of Inner Coef. Iterations:  (MAXLOOP)      10
 Orthogonalize the initial Orbitals:     (ORTHO)         T

 Output Option:                          (NPRINT)        0
 Output the Coefficient Matrix:          (IWRITEC)       0
 Do a Mulliken Population Analysis:      (IMULPOP)       0
 Write Information into a WFN file:      (IAIMPAC)       1
 Write Information into a FCHK file:     (IFCHK)         1
 Write Information into a MLP file:      (MOLDEN)        1
 Create Ini. Cond. (ini.xyz) file:       (INICOND)       1
 Calculate IPs using Ext. Koopmans Theo: (IEKT)          0
 Write APSG expansion coefficient file:  (APSG)          F
 Output option for Lagrange Multipliers: (PRINTLAG)      F
 Diagonalize matrix of Lag. Multipliers: (DIAGLAG)       F

------------------------------------------------------------------------

 Orbital Space
 -------------

 You are doing a perfect pairing calculation: NCWO=1

 Inactive Doubly occupied orbitals up to NO1  =    0
 No. considered Strongly Doubly occupied MOs  =   26
 No. considered Strongly Singly occupied MOs  =    0
 NO. of Weakly occ. per St. Doubly occ.  MOs (NCWO)   =    1
 Dimension of the Active Nat. Orb. subspace   =   52
 Secondary Empty orbitals                     =  232

 1e- integrals
 -------------
 Time to do integrals =      0.50

 2e- integrals
 -------------
 DONTW option skips storage 2e- integrals on Unit 1
 Time to do integrals =      0.88

 No violations of the orthonormality

   INITIAL VALUES
  =================

   OM     Occupation      Elag Diag

    1      1.9999866     -4.3861383
    2      1.9999998     -4.3938529
    3      1.9992719     -4.4732493
    4      1.9999999     -4.2523504
    5      1.9999554     -4.3256877
    6      1.9999987     -4.3044953
    7      1.9999978     -4.2807686
    8      1.9991355     -4.2338298
    9      1.9994563     -4.0544732
   10      1.9999997     -3.7192806
   11      1.9991076     -3.6252491
   12      1.9999942     -3.6758956
   13      1.9999992     -3.2728390
   14      1.9999525     -2.8779559
   15      1.9975280     -2.1236771
   16      1.9997540     -1.9996092
   17      1.9999053     -2.0417078
   18      1.9977016     -2.1419053
   19      1.9998069     -0.5273589
   20      1.9998689     -0.5186134
   21      1.9998727     -0.5070820
   22      1.9995016     -0.5086376
   23      1.9999138     -0.5559841
   24      1.9589910     -0.5629247
   25      1.9999019     -0.5579057
   26      1.9951279     -0.5612321
   27      0.0048721     -0.0034968
   28      0.0000981     -0.0001863
   29      0.0410090     -0.0196405
   30      0.0000862     -0.0001824
   31      0.0004984     -0.0003399
   32      0.0001273     -0.0001065
   33      0.0001311     -0.0000993
   34      0.0001931     -0.0000979
   35      0.0022984     -0.0054865
   36      0.0000947     -0.0003341
   37      0.0002460     -0.0005748
   38      0.0024720     -0.0056039
   39      0.0000475     -0.0002036
   40      0.0000008     -0.0000029
   41      0.0000058     -0.0000137
   42      0.0008924     -0.0032516
   43      0.0000003      0.0000002
   44      0.0005437     -0.0022475
   45      0.0008645     -0.0035202
   46      0.0000022     -0.0000040
   47      0.0000013     -0.0000107
   48      0.0000446     -0.0001795
   49      0.0000001      0.0000002
   50      0.0007281     -0.0031190
   51      0.0000002      0.0000003
   52      0.0000134     -0.0000765

   RO Sum (  52) =   52.00

  ---------------
   Dipole Moment
  ---------------

      0.6719 Debye [   0.2643  (  -0.0692,   0.2551,  -0.0014) ]


  RESULTS OF OCCUPATION-COEFFICIENT OPTIMIZATION
 ================================================

  Ex It  Occ Time  Orb Time  Orb It   Electronic Energy     Total Energy   Energy Convergency    Max Mul-Lag Diff

    1    2.1E-01   1.9E+01      10    -643.1340907255     -536.3534869739    -0.0000000000           0.007501
    2    1.4E-01   3.7E+01      40    -643.1521570449     -536.3715532933    -0.0180663194           0.001026
    3    1.4E-01   2.6E+01      29    -643.1591364384     -536.3785326868    -0.0069793935           0.000998
    4    1.4E-01   2.5E-01      29    -643.1591364384     -536.3785326868     0.0000000000           0.000998


  RESULTS OF THE OCCUPATION OPTIMIZATION
 ========================================

   OM     Occupation      Elag Diag

    1      1.9999999     -3.7433009
    2      1.9999998     -4.1622229
    3      1.9999997     -3.8797978
    4      1.9999992     -3.9040174
    5      1.9999987     -4.8252208
    6      1.9999978     -4.0203876
    7      1.9999942     -4.1327278
    8      1.9999866     -4.3124320
    9      1.9999554     -4.4420077
   10      1.9999525     -3.2166048
   11      1.9999138     -0.6182449
   12      1.9999053     -2.5341293
   13      1.9999019     -0.5995464
   14      1.9998727     -0.6987027
   15      1.9998689     -0.6275966
   16      1.9998069     -0.7013648
   17      1.9997540     -2.4777990
   18      1.9995016     -0.5284561
   19      1.9994563     -3.5289592
   20      1.9992719     -3.6161113
   21      1.9991355     -3.4313962
   22      1.9991076     -3.1797620
   23      1.9977016     -2.0932431
   24      1.9975280     -2.1070428
   25      1.9951279     -0.5898864
   26      1.9589910     -0.5238873
   27      0.0410090     -0.0194417
   28      0.0048721     -0.0042473
   29      0.0024720     -0.0061350
   30      0.0022984     -0.0059436
   31      0.0008924     -0.0043545
   32      0.0008645     -0.0044150
   33      0.0007281     -0.0039484
   34      0.0005437     -0.0034042
   35      0.0004984     -0.0008272
   36      0.0002460     -0.0014262
   37      0.0001931     -0.0003729
   38      0.0001311     -0.0003832
   39      0.0001273     -0.0003532
   40      0.0000981     -0.0004338
   41      0.0000947     -0.0007775
   42      0.0000862     -0.0004237
   43      0.0000475     -0.0004732
   44      0.0000446     -0.0005383
   45      0.0000134     -0.0001962
   46      0.0000058     -0.0000956
   47      0.0000022     -0.0000637
   48      0.0000013     -0.0000677
   49      0.0000008     -0.0000412
   50      0.0000003     -0.0000270
   51      0.0000002     -0.0000163
   52      0.0000001     -0.0000141

   RO Sum (  52) =   52.00

  ---------------
   Dipole Moment
  ---------------

      0.6882 Debye [   0.2708  (  -0.0684,   0.2620,   0.0042) ]

 ----------------
  Final Energies  
 ----------------

  Final NOF Total Energy =     -536.3785326868 ( 1.E-03 , 0.E+00 )


  **************************************************
  *                                                *
  *       SINGLE-POINT DoNOF CALCULATION           *
  *                                                *
  *             FULL OPTIMIZATION                  *
  *                                                *
  *  FINAL RESULTS   FINAL RESULTS  FINAL RESULTS  *
  *                                                *
  **************************************************

  **************************************************
  *         No. EXTERNAL ITER =     4              *
  *         No. of TOTAL ITER =   108              *
  **************************************************

  Elapsed real time :     85.02  (Seconds)

 The execution finished at 10h 36min on the 11/ 4/2025
Recovering execution output...
Moving from /scratch/pobleyef/345624 to /home-nas/pobleyef/Slim-NOF/ncwo1/Slim16/PNOF7/arina.345624
mkdir -p /home-nas/pobleyef/Slim-NOF/ncwo1/Slim16/PNOF7/arina.345624
mv /scratch/pobleyef/345624/* /home-nas/pobleyef/Slim-NOF/ncwo1/Slim16/PNOF7/arina.345624
