Job runing on na07
Choosing scratch ...
Automatic scratch folder selection
/scratch/pobleyef/345622
/scratch/pobleyef/345622 directory
cp HEAVY28-pbh4.gcf HEAVY28-pbh4.inp to  /scratch/pobleyef/345622/.
HEAVY28-pbh4
 This is the OpenMP version of the code
 This is the OpenMP version of the code
 This is the OpenMP version of the code
 This is the OpenMP version of the code
 This is the OpenMP version of the code
 This is the OpenMP version of the code
 This is the OpenMP version of the code
 This is the OpenMP version of the code
 This is the OpenMP version of the code
 This is the OpenMP version of the code
 This is the OpenMP version of the code
 This is the OpenMP version of the code
 This is the OpenMP version of the code
 This is the OpenMP version of the code
 This is the OpenMP version of the code
 This is the OpenMP version of the code
 This is the OpenMP version of the code
 This is the OpenMP version of the code
 This is the OpenMP version of the code
 This is the OpenMP version of the code
 This is the OpenMP version of the code
 This is the OpenMP version of the code
 This is the OpenMP version of the code
 This is the OpenMP version of the code
 This is the OpenMP version of the code
 This is the OpenMP version of the code
 This is the OpenMP version of the code
 This is the OpenMP version of the code
 This is the OpenMP version of the code
 This is the OpenMP version of the code
 This is the OpenMP version of the code
 This is the OpenMP version of the code
 This is the OpenMP version of the code
 This is the OpenMP version of the code
 This is the OpenMP version of the code
 This is the OpenMP version of the code
 This is the OpenMP version of the code
 This is the OpenMP version of the code
 This is the OpenMP version of the code
 This is the OpenMP version of the code
 This is the OpenMP version of the code
 This is the OpenMP version of the code
 This is the OpenMP version of the code
 This is the OpenMP version of the code
 This is the OpenMP version of the code
 This is the OpenMP version of the code
 This is the OpenMP version of the code
 This is the OpenMP version of the code
 This is the OpenMP version of the code
 This is the OpenMP version of the code
 This is the OpenMP version of the code
 This is the OpenMP version of the code
 This is the OpenMP version of the code
 This is the OpenMP version of the code
 This is the OpenMP version of the code
 This is the OpenMP version of the code
 This is the OpenMP version of the code
 This is the OpenMP version of the code
 This is the OpenMP version of the code
 This is the OpenMP version of the code
 This is the OpenMP version of the code
 This is the OpenMP version of the code
 This is the OpenMP version of the code
 This is the OpenMP version of the code
 This is the OpenMP version of the code
 This is the OpenMP version of the code
 This is the OpenMP version of the code
 This is the OpenMP version of the code
 This is the OpenMP version of the code
 This is the OpenMP version of the code
 This is the OpenMP version of the code
 This is the OpenMP version of the code
 This is the OpenMP version of the code
 This is the OpenMP version of the code
 This is the OpenMP version of the code
 This is the OpenMP version of the code
 This is the OpenMP version of the code
 This is the OpenMP version of the code
 This is the OpenMP version of the code
 This is the OpenMP version of the code
 This is the OpenMP version of the code
 This is the OpenMP version of the code
 This is the OpenMP version of the code
 This is the OpenMP version of the code
 This is the OpenMP version of the code
 This is the OpenMP version of the code
 This is the OpenMP version of the code
 This is the OpenMP version of the code
 This is the OpenMP version of the code
 This is the OpenMP version of the code
 This is the OpenMP version of the code
 This is the OpenMP version of the code
 This is the OpenMP version of the code
 This is the OpenMP version of the code
 This is the OpenMP version of the code
 This is the OpenMP version of the code
 This is the OpenMP version of the code
 This is the OpenMP version of the code
 This is the OpenMP version of the code
 This is the OpenMP version of the code
 This is the OpenMP version of the code
 This is the OpenMP version of the code
 This is the OpenMP version of the code
 This is the OpenMP version of the code
 This is the OpenMP version of the code
 This is the OpenMP version of the code
 This is the OpenMP version of the code
 This is the OpenMP version of the code
 This is the OpenMP version of the code
 This is the OpenMP version of the code
 This is the OpenMP version of the code
 This is the OpenMP version of the code
 This is the OpenMP version of the code
 This is the OpenMP version of the code
 This is the OpenMP version of the code
 This is the OpenMP version of the code
 This is the OpenMP version of the code
 This is the OpenMP version of the code
 This is the OpenMP version of the code
 This is the OpenMP version of the code

 The execution started at 10h 34min on the 11/ 4/2025

    ===========================================================
    !                                                         !
    !                        Do N O F                         !
    !                                                         !
    !  (Donostia Natural Orbital Functional Software Program) !
    !                                                         !
    !               COPYRIGHT by Mario Piris                  !
    !                                                         !
    !      Donostia International Physics Center (DIPC)       !
    !       University of the Basque Country (UPV/EHU)        !
    !       Basque Foundation for Science (IKERBASQUE)        !
    !                                                         !
    !          GNU General Public License version 3           !
    !                                                         !
    !                  VERSION: October 2025                  !
    !                                                         !
    ===========================================================

 Run Title
 ---------
  Molname                                                                        

 Basis Set
 ---------
 /home/pobleyef/DoNOFsw/basis/def2-QZVP.bas                                      

 Atom      Charge                Coordinates (Bohr)
                           x             y             z
 PB         82.0        0.0000        0.0000        0.0000
 H           1.0        1.8792       -1.8792        1.8792
 H           1.0       -1.8792        1.8792        1.8792
 H           1.0        1.8792        1.8792       -1.8792
 H           1.0       -1.8792       -1.8792       -1.8792

 Atomic Basis Set
 ----------------
 The contracted primitive functions were unnormalized
 The contracted basis functions are now normalized to unity

  Shell Type  Primitive         Exponent  Contraction Coefficient

 PB        

      1   S       1          9368.3300000    0.000034136073
      1   S       2          1366.9300000    0.000251143967
      1   S       3           299.6820000    0.000924112269
      1   S       4            34.8597000    0.056748783490
      1   S       5            21.7889000   -0.496036157006
      1   S       6            13.6200000    1.704887165912
      1   S       7             8.5129500   -1.479654916305
      1   S       8             5.3033200   -1.490751578403
      1   S       9             1.9281600    1.865846066168

      2   S      10            13.5599442    0.352119859911
      2   S      11            11.0396200   -0.590368297460
      2   S      12             2.1371723    1.158652262856

      3   S      13             1.0373400    1.000000000000

      4   S      14             0.5111169    1.000000000000

      5   S      15             0.2467399    1.000000000000

      6   S      16             0.1157798    1.000000000000

      7   S      17             0.0528742    1.000000000000

      8   P      18            59.0901000    0.000754772094
      8   P      19            20.9197000   -0.022223610733
      8   P      20            13.0777000    0.133941476302
      8   P      21             6.8991000   -0.392443539432
      8   P      22             2.1962700    0.459254573712
      8   P      23             1.3048600    0.459330472581
      8   P      24             0.7795720    0.275077532970

      9   P      25             9.1373183   -0.061423409595
      9   P      26             3.9570574    0.302855439115
      9   P      27             1.2246639    0.802563771238

     10   P      28             0.4260156    1.000000000000

     11   P      29             0.2037859    1.000000000000

     12   P      30             0.0881686    1.000000000000

     13   P      31             0.0370947    1.000000000000

     14   D      32            66.3482490    0.000313339274
     14   D      33            13.4558998    0.010260971277
     14   D      34             6.5510273   -0.082826992406
     14   D      35             2.6574137    0.183280411305
     14   D      36             1.6001278    0.343034392962
     14   D      37             0.9330445    0.361628277252
     14   D      38             0.5439137    0.249015333759

     15   D      39             0.3205955    1.000000000000

     16   D      40             0.1792230    1.000000000000

     17   D      41             0.0832000    1.000000000000

     18   F      42             2.5184939    1.000000000000

     19   F      43             1.1606000    1.000000000000

     20   F      44             0.4413000    1.000000000000

     21   F      45             0.1782000    1.000000000000

     22   G      46             0.3881000    1.000000000000

 H         

     23   S      47           190.6916900    0.005342636962
     23   S      48            28.6055320    0.041252338243
     23   S      49             6.5095943    0.210993525698
     23   S      50             1.8412455    0.812128545862

     24   S      51             0.5985373    1.000000000000

     25   S      52             0.2139762    1.000000000000

     26   S      53             0.0803163    1.000000000000

     27   P      54             2.2920000    1.000000000000

     28   P      55             0.8380000    1.000000000000

     29   P      56             0.2920000    1.000000000000

     30   D      57             2.0620000    1.000000000000

     31   D      58             0.6620000    1.000000000000

     32   F      59             1.3970000    1.000000000000

 H         

     33   S      60           190.6916900    0.005342636962
     33   S      61            28.6055320    0.041252338243
     33   S      62             6.5095943    0.210993525698
     33   S      63             1.8412455    0.812128545862

     34   S      64             0.5985373    1.000000000000

     35   S      65             0.2139762    1.000000000000

     36   S      66             0.0803163    1.000000000000

     37   P      67             2.2920000    1.000000000000

     38   P      68             0.8380000    1.000000000000

     39   P      69             0.2920000    1.000000000000

     40   D      70             2.0620000    1.000000000000

     41   D      71             0.6620000    1.000000000000

     42   F      72             1.3970000    1.000000000000

 H         

     43   S      73           190.6916900    0.005342636962
     43   S      74            28.6055320    0.041252338243
     43   S      75             6.5095943    0.210993525698
     43   S      76             1.8412455    0.812128545862

     44   S      77             0.5985373    1.000000000000

     45   S      78             0.2139762    1.000000000000

     46   S      79             0.0803163    1.000000000000

     47   P      80             2.2920000    1.000000000000

     48   P      81             0.8380000    1.000000000000

     49   P      82             0.2920000    1.000000000000

     50   D      83             2.0620000    1.000000000000

     51   D      84             0.6620000    1.000000000000

     52   F      85             1.3970000    1.000000000000

 H         

     53   S      86           190.6916900    0.005342636962
     53   S      87            28.6055320    0.041252338243
     53   S      88             6.5095943    0.210993525698
     53   S      89             1.8412455    0.812128545862

     54   S      90             0.5985373    1.000000000000

     55   S      91             0.2139762    1.000000000000

     56   S      92             0.0803163    1.000000000000

     57   P      93             2.2920000    1.000000000000

     58   P      94             0.8380000    1.000000000000

     59   P      95             0.2920000    1.000000000000

     60   D      96             2.0620000    1.000000000000

     61   D      97             0.6620000    1.000000000000

     62   F      98             1.3970000    1.000000000000

 Total Number of Basis Set Shells             =   62
 Total Number of Primitives                   =   98
 Number of Spherical Gaussian Basis Functions =  202
 Total Number of Auxiliary Basis Set Shells   =   77
 Number of Sph. Gaussian Auxiliary Set Func.  =  323
 Number of Electrons                          =   86
 Charge of Molecule                           =    0
 Spin Multiplicity                            =    1
 Number of Occupied Orbitals (Alpha)          =   43
 Number of Occupied Orbitals (Beta )          =   43
 Total Number of Atoms                        =    5

 Nuclear Energy =      101.8990638201

 Note: This calculation is using an effective core potential
 so NE and ENUC will be adjusted later after removal of the Core

 Input Run Options
 -----------------
 IRUNTYP = 1  MULT = 1  ICHARG =  0 IECP = 1  IEMOM = 1  UNITS = ANGS    

 ECP Potentials
 --------------
 Parameters for "PB-ECP  " on Atom  1 with ZCORE 60 and LMAX 3 are

 for L= 3      COEFF    N           ZETA
    1       12.20989    2        3.88751
    1       16.19029    2        3.81196
 for L= 0      COEFF    N           ZETA
    1      281.28550    2       12.29630
    1       62.52022    2        8.63263
    1      -12.20989    2        3.88751
    1      -16.19029    2        3.81196
 for L= 1      COEFF    N           ZETA
    1       72.27690    2       10.24179
    1      144.59108    2        8.92418
    1        4.75869    2        6.58134
    1        9.94062    2        6.25540
    1      -12.20989    2        3.88751
    1      -16.19029    2        3.81196
 for L= 2      COEFF    N           ZETA
    1       35.84851    2        7.75434
    1       53.72434    2        7.72028
    1       10.11526    2        4.97026
    1       14.83373    2        4.56379
    1      -12.20989    2        3.88751
    1      -16.19029    2        3.81196

 The ECP removes  60 core electrons and  60 protons

 Number of electrons kept in the run =   26
 Number of occupied orbitals (Alpha) =   13
 Number of occupied orbitals (Beta)  =   13

 Adjusted Nuclear Energy =       28.1647403045


 Integral Options
 ----------------
 ERITYP = RI     AUX = JKFIT

 Input NOF Options
 -----------------

 Natural Orbital Functional Selected:    (IPNOF)         7

 Type of calculation = ICOEF2 + ICOEF1:  (ICOEF)        21
 Use Softmax function for Occ. Opt.:     (ISOFTMAX)      1
 Type of Orb. Opt. = Orbital Rotations:  (IORBOPT)       2
 Maximum Number of Coef Outer Iter.:     (MAXIT21)       3
 Maximum Number of Occ-Coef Outer Iter.: (MAXIT)      1000

 Restart calculation Option:             (RESTART)       F
 Restart Gamma Matrix from GCF file:     (INPUTGAMMA)    1
 Coefficient Matrix from GCF file:       (INPUTC)        1
 Diagonal Elements FMIUG from GCF file:  (INPUTFMIUG)    0
 Cartesian Coordinates from GCF file:    (INPUTCXYZ)     0

 Threshold Lambda Convergence=10**(-N):  (NTHRESHL)      3
 Threshold Energy Convergence=10**(-N):  (NTHRESHE)      5
 Max. Number of Inner Coef. Iterations:  (MAXLOOP)      10
 Orthogonalize the initial Orbitals:     (ORTHO)         T

 Output Option:                          (NPRINT)        0
 Output the Coefficient Matrix:          (IWRITEC)       0
 Do a Mulliken Population Analysis:      (IMULPOP)       0
 Write Information into a WFN file:      (IAIMPAC)       1
 Write Information into a FCHK file:     (IFCHK)         1
 Write Information into a MLP file:      (MOLDEN)        1
 Create Ini. Cond. (ini.xyz) file:       (INICOND)       1
 Calculate IPs using Ext. Koopmans Theo: (IEKT)          0
 Write APSG expansion coefficient file:  (APSG)          F
 Output option for Lagrange Multipliers: (PRINTLAG)      F
 Diagonalize matrix of Lag. Multipliers: (DIAGLAG)       F

------------------------------------------------------------------------

 Orbital Space
 -------------

 You are doing a perfect pairing calculation: NCWO=1

 Inactive Doubly occupied orbitals up to NO1  =    0
 No. considered Strongly Doubly occupied MOs  =   13
 No. considered Strongly Singly occupied MOs  =    0
 No. of Weakly occ. per St. Doubly occ.  MOs  =    1
 Dimension of the Active Nat. Orb. subspace   =   26
 Secondary Empty orbitals                     =  176

 1e- integrals
 -------------
 Time to do integrals =      0.36

 2e- integrals
 -------------
 DONTW option skips storage 2e- integrals on Unit 1
 Time to do integrals =      0.26

 No violations of the orthonormality

   INITIAL VALUES
  =================

   OM     Occupation      Elag Diag

    1      1.9999996     -4.0618175
    2      1.9999971     -3.8090751
    3      1.9999901     -3.8338794
    4      1.9995597     -3.6929223
    5      1.9981533     -1.7703685
    6      1.9999655     -1.7383544
    7      1.9993196     -1.6692820
    8      1.9999996     -1.5307047
    9      1.9974168     -1.0879844
   10      1.9999356     -0.5222809
   11      1.9999842     -0.5173327
   12      1.9999848     -0.5193887
   13      1.9999005     -0.5173063
   14      0.0000995     -0.0002181
   15      0.0000152     -0.0000440
   16      0.0000158     -0.0000451
   17      0.0000644     -0.0001617
   18      0.0025832     -0.0032340
   19      0.0000004      0.0000011
   20      0.0006804     -0.0011963
   21      0.0000345     -0.0000363
   22      0.0018467     -0.0034252
   23      0.0004403     -0.0014544
   24      0.0000099     -0.0000328
   25      0.0000029     -0.0000100
   26      0.0000004      0.0000010

   RO Sum (  26) =   26.00

  ---------------
   Dipole Moment
  ---------------

      0.0175 Debye [   0.0069  (  -0.0031,   0.0039,   0.0048) ]


  RESULTS OF OCCUPATION-COEFFICIENT OPTIMIZATION
 ================================================

  Ex It  Occ Time  Orb Time  Orb It   Electronic Energy     Total Energy   Energy Convergency    Max Mul-Lag Diff

    1    1.1E-01   2.2E+00      10    -222.2518010252     -194.0870607207    -0.0000000000           0.007336
    2    6.4E-02   6.3E+01      28    -222.2575228932     -194.0927825886    -0.0057218680           0.000780
    3    6.5E-02   6.8E-02      28    -222.2575228932     -194.0927825886     0.0000000000           0.000780

   OM     Occupation      Elag Diag

    1      1.9999996     -3.9687179
    2      1.9999996     -1.6077765
    3      1.9999971     -4.1119381
    4      1.9999901     -3.6472395
    5      1.9999848     -0.5521190
    6      1.9999842     -0.5442864
    7      1.9999655     -1.8524859
    8      1.9999356     -0.5272693
    9      1.9999005     -0.5362221
   10      1.9995597     -3.4103586
   11      1.9993196     -1.8766268
   12      1.9981533     -1.5415861
   13      1.9974168     -1.0938741
   14      0.0025832     -0.0038345
   15      0.0018467     -0.0037913
   16      0.0006804     -0.0016758
   17      0.0004403     -0.0018201
   18      0.0000995     -0.0002849
   19      0.0000644     -0.0002282
   20      0.0000345     -0.0001109
   21      0.0000158     -0.0000616
   22      0.0000152     -0.0000686
   23      0.0000099     -0.0000834
   24      0.0000029     -0.0000415
   25      0.0000004     -0.0000043
   26      0.0000004     -0.0000041

   RO Sum (  26) =   26.00

  ---------------
   Dipole Moment
  ---------------

      0.0015 Debye [   0.0006  (  -0.0005,  -0.0001,  -0.0002) ]

 ----------------
  Final Energies  
 ----------------

  Final NOF Total Energy =     -194.0927825886 ( 8.E-04 , 0.E+00 )


  **************************************************
  *                                                *
  *       SINGLE-POINT DoNOF CALCULATION           *
  *                                                *
  *             FULL OPTIMIZATION                  *
  *                                                *
  *  FINAL RESULTS   FINAL RESULTS  FINAL RESULTS  *
  *                                                *
  **************************************************

  **************************************************
  *         No. EXTERNAL ITER =     3              *
  *         No. of TOTAL ITER =    66              *
  **************************************************

  Elapsed real time :     66.17  (Seconds)

 The execution finished at 10h 35min on the 11/ 4/2025
Recovering execution output...
Moving from /scratch/pobleyef/345622 to /home-nas/pobleyef/Slim-NOF/ncwo1/Slim16/PNOF7/arina.345622
mkdir -p /home-nas/pobleyef/Slim-NOF/ncwo1/Slim16/PNOF7/arina.345622
mv /scratch/pobleyef/345622/* /home-nas/pobleyef/Slim-NOF/ncwo1/Slim16/PNOF7/arina.345622
