Computing Integrals
Basis Set                                            = def2-qzvp
Auxiliary Basis Set                                  = def2-universal-jkfit
Gaussian Type                                        = Spherical
Elapsed time:   17.15 Seconds

Number of basis functions                   (NBF)    = 560
Number of auxiliary basis functions         (NBFAUX) = 1024
Inactive Doubly occupied orbitals up to     (NO1)    = 0
No. considered Strongly Doubly occupied MOs (NDOC)   = 64
No. considered Strongly Singly occupied MOs (NSOC)   = 0
NO. of Weakly occ. per St. Doubly occ.  MOs (NCWO)   = 7
Dimension of the Nat. Orb. subspace         (NBF5)   = 512
No. of electrons                                     = 128
    No. of alpha electrons                           = 64
    No. of beta electrons                            = 64
Multiplicity                                         = 1

Geometry
========
Al       0.0000000       0.0000000      -1.5954390
Al       0.0000000       0.0000000       1.5954390
Cl       0.0000000       1.6230790       0.0000000
Cl       0.0000000      -1.6230790       0.0000000
Cl       1.8212280       0.0000000      -2.6042940
Cl      -1.8212280       0.0000000      -2.6042940
Cl      -1.8212280       0.0000000       2.6042940
Cl       1.8212280       0.0000000       2.6042940

No violations of the orthonormality
No violations of the orthonormality
 
PNOF8/ADABelief Calculation
==================
 
  Nitext  Nit_orb  Time   Nit_occ  Time         Eelec          Etot           Ediff      maxdiff    MaxGrad_orb  Grad_occ
     1      10    6.1e+01    0    3.0e+01 -4386.46220451 -3245.23295516 -14385.46220451   0.000845   3.4e-03   3.1e-04 0.02
 
RESULTS OF THE OCCUPATION OPTIMIZATION
========================================
   1    1.9999992  -104.92524670
   2    1.9999993  -104.92510397
   3    1.9999991  -104.92465644
   4    1.9999991  -104.92352332
   5    1.9999991  -104.91292806
   6    1.9999992  -104.91244401
   7    1.9999982  -58.66072942
   8    1.9999981  -58.66049744
   9    1.9998787  -10.61140605
  10    1.9998462  -10.60904176
  11    1.9998505  -10.59785943
  12    1.9998500  -10.59582490
  13    1.9998625  -10.59487692
  14    1.9998742  -10.59401903
  15    1.9994065  -8.12395789
  16    1.9991898  -8.12064460
  17    1.9994088  -8.11790036
  18    1.9991940  -8.11654503
  19    1.9991425  -8.11634052
  20    1.9994214  -8.11614834
  21    1.9993522  -8.07985176
  22    1.9992788  -8.07349569
  23    1.9988804  -8.06758417
  24    1.9993070  -8.06531493
  25    1.9993228  -8.06437749
  26    1.9988996  -8.06377017
  27    1.9994002  -8.06314436
  28    1.9985860  -8.06169372
  29    1.9986320  -8.06101179
  30    1.9990362  -8.06098237
  31    1.9986032  -8.06013172
  32    1.9984244  -8.05711565
  33    1.9961128  -5.01778305
  34    1.9961840  -5.01776678
  35    1.9937232  -3.33852002
  36    1.9937037  -3.33693676
  37    1.9938154  -3.33541579
  38    1.9926911  -3.33450353
  39    1.9916295  -3.33376917
  40    1.9926399  -3.33356461
  41    1.9844657  -1.17553812
  42    1.9826106  -1.17338433
  43    1.9833260  -1.11103085
  44    1.9838288  -1.10917947
  45    1.9844802  -1.10876780
  46    1.9819810  -1.09295180
  47    1.9753394  -0.62560394
  48    1.9724434  -0.62505839
  49    1.9725555  -0.62472210
  50    1.9719044  -0.61617830
  51    1.9787195  -0.60971023
  52    1.9738145  -0.59508204
  53    1.9728665  -0.59499886
  54    1.9715232  -0.58783494
  55    1.9728208  -0.56615243
  56    1.9696717  -0.56500045
  57    1.9747159  -0.51446128
  58    1.9717062  -0.51089246
  59    1.9725174  -0.51045885
  60    1.9722014  -0.51026825
  61    1.9721928  -0.51022096
  62    1.9753055  -0.50967812
  63    1.9717602  -0.50937017
  64    1.9689059  -0.50904806
  65    0.0085619  -0.01689017
  66    0.0102502  -0.01858851
  67    0.0098729  -0.01750042
  68    0.0101029  -0.01861223
  69    0.0102329  -0.01868922
  70    0.0098186  -0.01766913
  71    0.0105288  -0.01917905
  72    0.0134017  -0.02220405
  73    0.0099613  -0.01754799
  74    0.0097957  -0.01789866
  75    0.0173411  -0.03444886
  76    0.0176392  -0.03507318
  77    0.0148318  -0.03240355
  78    0.0092467  -0.01900508
  79    0.0118088  -0.02508166
  80    0.0156027  -0.03143904
  81    0.0161136  -0.03188062
  82    0.0134303  -0.02953605
  83    0.0116730  -0.03344616
  84    0.0065379  -0.02858773
  85    0.0061691  -0.02798262
  86    0.0060351  -0.02606655
  87    0.0050969  -0.02350957
  88    0.0062234  -0.02660002
  89    0.0035724  -0.01953723
  90    0.0034009  -0.01914520
  91    0.0034288  -0.01914881
  92    0.0035314  -0.01939215
  93    0.0040818  -0.02752285
  94    0.0040152  -0.02719398
  95    0.0023912  -0.01683538
  96    0.0011567  -0.00812438
  97    0.0006425  -0.01370829
  98    0.0008832  -0.01024843
  99    0.0004600  -0.01062833
 100    0.0008803  -0.00960024
 101    0.0008802  -0.00942154
 102    0.0004834  -0.01077056
 103    0.0009156  -0.00948842
 104    0.0004881  -0.01076877
 105    0.0004964  -0.01081993
 106    0.0006608  -0.01260208
 107    0.0005834  -0.01199881
 108    0.0005006  -0.01113333
 109    0.0005100  -0.01047352
 110    0.0004190  -0.00998142
 111    0.0006713  -0.01298508
 112    0.0004692  -0.01065082
 113    0.0007033  -0.01343257
 114    0.0004649  -0.01045609
 115    0.0000719  -0.00205377
 116    0.0000917  -0.00112853
 117    0.0000629  -0.00065672
 118    0.0000580  -0.00059384
 119    0.0000752  -0.00221169
 120    0.0000278  -0.00023578
 121    0.0000009  -0.00004590
 122    0.0000009  -0.00004218
 123    0.0000002  -0.00000809
 124    0.0000002  -0.00000975
 125    0.0000002  -0.00000960
 126    0.0000002  -0.00000771
 127    0.0000004  -0.00001646
 128    0.0000002  -0.00000624
 129    0.0080119  -0.01540824
 130    0.0096249  -0.01739767
 131    0.0096921  -0.01862203
 132    0.0091369  -0.01661551
 133    0.0091689  -0.01739546
 134    0.0091466  -0.01657195
 135    0.0092853  -0.01663887
 136    0.0085580  -0.01894869
 137    0.0096326  -0.01693647
 138    0.0090998  -0.01775332
 139    0.0093883  -0.01720194
 140    0.0075077  -0.01585230
 141    0.0067170  -0.01553772
 142    0.0074949  -0.02376252
 143    0.0083198  -0.01620478
 144    0.0093404  -0.01702664
 145    0.0096337  -0.01740571
 146    0.0068508  -0.01772811
 147    0.0022277  -0.01016842
 148    0.0021055  -0.01038683
 149    0.0019492  -0.01020324
 150    0.0054848  -0.01976471
 151    0.0045458  -0.01886940
 152    0.0020922  -0.01065234
 153    0.0017016  -0.00851235
 154    0.0029792  -0.01786023
 155    0.0017481  -0.00853341
 156    0.0017988  -0.00860994
 157    0.0017925  -0.00862278
 158    0.0017484  -0.00901475
 159    0.0012115  -0.00799744
 160    0.0011341  -0.00862246
 161    0.0004540  -0.01054505
 162    0.0004659  -0.01056652
 163    0.0004597  -0.01048719
 164    0.0004451  -0.01010752
 165    0.0004330  -0.00994491
 166    0.0000704  -0.00292950
 167    0.0000739  -0.00336925
 168    0.0000730  -0.00126491
 169    0.0001409  -0.00291610
 170    0.0004036  -0.00961082
 171    0.0000877  -0.00109570
 172    0.0000788  -0.00099288
 173    0.0000161  -0.00015465
 174    0.0003930  -0.00938030
 175    0.0000672  -0.00079439
 176    0.0000657  -0.00179539
 177    0.0000604  -0.00146926
 178    0.0000786  -0.00246234
 179    0.0000199  -0.00014431
 180    0.0000167  -0.00030916
 181    0.0000167  -0.00013857
 182    0.0000176  -0.00014031
 183    0.0000187  -0.00014989
 184    0.0000190  -0.00015275
 185    0.0000008  -0.00003110
 186    0.0000008  -0.00003424
 187    0.0000002  -0.00000661
 188    0.0000002  -0.00000811
 189    0.0000002  -0.00000915
 190    0.0000001  -0.00000594
 191    0.0000003  -0.00001449
 192    0.0000001  -0.00000587
 193    0.0078071  -0.01493639
 194    0.0072733  -0.01813590
 195    0.0026140  -0.00940375
 196    0.0072101  -0.01807954
 197    0.0073663  -0.01821618
 198    0.0073439  -0.01849778
 199    0.0073930  -0.01782513
 200    0.0008110  -0.00189796
 201    0.0095188  -0.01741178
 202    0.0071223  -0.01875223
 203    0.0006919  -0.00166658
 204    0.0006391  -0.00156316
 205    0.0022380  -0.00897773
 206    0.0024206  -0.00987619
 207    0.0067524  -0.01667877
 208    0.0007121  -0.00170822
 209    0.0007112  -0.00167664
 210    0.0022762  -0.00928116
 211    0.0020816  -0.01000409
 212    0.0020828  -0.01039139
 213    0.0019491  -0.01024979
 214    0.0020734  -0.01033012
 215    0.0018471  -0.01019601
 216    0.0020580  -0.01050897
 217    0.0016850  -0.00850528
 218    0.0015767  -0.00867344
 219    0.0016873  -0.00882073
 220    0.0003149  -0.00623463
 221    0.0001796  -0.00182518
 222    0.0002348  -0.00260026
 223    0.0000984  -0.00109805
 224    0.0008061  -0.01171303
 225    0.0004475  -0.01055746
 226    0.0000137  -0.00086697
 227    0.0000139  -0.00057157
 228    0.0000139  -0.00065221
 229    0.0000632  -0.00179815
 230    0.0000145  -0.00013575
 231    0.0000695  -0.00085976
 232    0.0000715  -0.00282492
 233    0.0000143  -0.00070146
 234    0.0000146  -0.00013401
 235    0.0000159  -0.00013362
 236    0.0000247  -0.00015928
 237    0.0000152  -0.00087852
 238    0.0000120  -0.00011584
 239    0.0000157  -0.00014745
 240    0.0000164  -0.00014014
 241    0.0000169  -0.00013733
 242    0.0000150  -0.00018875
 243    0.0000192  -0.00014278
 244    0.0000087  -0.00008377
 245    0.0000157  -0.00020073
 246    0.0000174  -0.00013973
 247    0.0000180  -0.00014327
 248    0.0000185  -0.00015370
 249    0.0000001  -0.00000292
 250    0.0000000  -0.00000191
 251    0.0000001  -0.00000587
 252    0.0000002  -0.00000782
 253    0.0000002  -0.00000699
 254    0.0000001  -0.00000584
 255    0.0000000  -0.00000092
 256    0.0000001  -0.00000553
 257    0.0064465  -0.01676441
 258    0.0006144  -0.00146177
 259    0.0008545  -0.00225034
 260    0.0006414  -0.00153641
 261    0.0006217  -0.00148127
 262    0.0006874  -0.00163729
 263    0.0006370  -0.00150972
 264    0.0007730  -0.00181464
 265    0.0006758  -0.00159645
 266    0.0006648  -0.00160015
 267    0.0006858  -0.00166116
 268    0.0006381  -0.00156061
 269    0.0006350  -0.00165875
 270    0.0007961  -0.00221608
 271    0.0006594  -0.00163804
 272    0.0006913  -0.00165956
 273    0.0006885  -0.00163750
 274    0.0006404  -0.00163234
 275    0.0006397  -0.00184447
 276    0.0019788  -0.01019966
 277    0.0018765  -0.00995667
 278    0.0020113  -0.01031934
 279    0.0017896  -0.00993614
 280    0.0020093  -0.01027196
 281    0.0002118  -0.00234886
 282    0.0003085  -0.00631009
 283    0.0002256  -0.00227126
 284    0.0002200  -0.00206758
 285    0.0001132  -0.00113402
 286    0.0001091  -0.00080945
 287    0.0000370  -0.00093531
 288    0.0006058  -0.00931814
 289    0.0000107  -0.00009869
 290    0.0000128  -0.00014625
 291    0.0000089  -0.00007938
 292    0.0000084  -0.00008164
 293    0.0000121  -0.00011634
 294    0.0000093  -0.00008169
 295    0.0000140  -0.00014435
 296    0.0000147  -0.00012749
 297    0.0000136  -0.00013835
 298    0.0000132  -0.00013193
 299    0.0000129  -0.00011675
 300    0.0000135  -0.00018687
 301    0.0000131  -0.00012191
 302    0.0000106  -0.00009430
 303    0.0000137  -0.00012671
 304    0.0000142  -0.00075322
 305    0.0000101  -0.00009073
 306    0.0000113  -0.00009899
 307    0.0000061  -0.00010082
 308    0.0000077  -0.00008383
 309    0.0000152  -0.00022650
 310    0.0000167  -0.00013810
 311    0.0000123  -0.00012490
 312    0.0000184  -0.00015550
 313    0.0000000  -0.00000225
 314    0.0000000  -0.00000120
 315    0.0000001  -0.00000499
 316    0.0000001  -0.00000544
 317    0.0000001  -0.00000565
 318    0.0000001  -0.00000515
 319    0.0000000  -0.00000063
 320    0.0000001  -0.00000508
 321    0.0000920  -0.00029385
 322    0.0001884  -0.00059442
 323    0.0007280  -0.00164574
 324    0.0002643  -0.00096808
 325    0.0001915  -0.00058940
 326    0.0002567  -0.00099579
 327    0.0002343  -0.00088674
 328    0.0007335  -0.00164600
 329    0.0002290  -0.00085349
 330    0.0002896  -0.00104717
 331    0.0001713  -0.00061651
 332    0.0002630  -0.00100318
 333    0.0005940  -0.00154398
 334    0.0007314  -0.00197175
 335    0.0002243  -0.00091010
 336    0.0006136  -0.00147675
 337    0.0002048  -0.00082896
 338    0.0006201  -0.00157984
 339    0.0005712  -0.00159614
 340    0.0019743  -0.01013486
 341    0.0018539  -0.01005047
 342    0.0004924  -0.00147807
 343    0.0017824  -0.00993036
 344    0.0019774  -0.01020204
 345    0.0001051  -0.00097825
 346    0.0000366  -0.00021279
 347    0.0001272  -0.00094724
 348    0.0001500  -0.00209606
 349    0.0000485  -0.00026894
 350    0.0000649  -0.00053321
 351    0.0000264  -0.00019480
 352    0.0001269  -0.00223844
 353    0.0000093  -0.00008183
 354    0.0000082  -0.00007577
 355    0.0000081  -0.00007711
 356    0.0000082  -0.00007483
 357    0.0000089  -0.00008382
 358    0.0000083  -0.00008070
 359    0.0000096  -0.00008212
 360    0.0000142  -0.00013190
 361    0.0000123  -0.00013605
 362    0.0000110  -0.00011804
 363    0.0000078  -0.00007545
 364    0.0000120  -0.00011021
 365    0.0000098  -0.00014297
 366    0.0000089  -0.00009170
 367    0.0000129  -0.00012963
 368    0.0000094  -0.00008879
 369    0.0000077  -0.00007069
 370    0.0000093  -0.00009205
 371    0.0000031  -0.00058430
 372    0.0000065  -0.00007074
 373    0.0000149  -0.00031220
 374    0.0000156  -0.00039087
 375    0.0000110  -0.00010444
 376    0.0000180  -0.00015068
 377    0.0000000  -0.00000205
 378    0.0000000  -0.00000087
 379    0.0000001  -0.00000423
 380    0.0000001  -0.00000403
 381    0.0000001  -0.00000360
 382    0.0000001  -0.00000452
 383    0.0000000  -0.00000059
 384    0.0000001  -0.00000467
 385    0.0000897  -0.00028056
 386    0.0001877  -0.00060164
 387    0.0006892  -0.00155214
 388    0.0002344  -0.00089458
 389    0.0001119  -0.00035277
 390    0.0001163  -0.00036560
 391    0.0001091  -0.00034637
 392    0.0007008  -0.00156617
 393    0.0002186  -0.00082931
 394    0.0001102  -0.00034828
 395    0.0001014  -0.00030733
 396    0.0002235  -0.00090508
 397    0.0005901  -0.00152559
 398    0.0003037  -0.00118871
 399    0.0001912  -0.00077308
 400    0.0002580  -0.00098869
 401    0.0001072  -0.00034624
 402    0.0006147  -0.00156802
 403    0.0005172  -0.00147067
 404    0.0005699  -0.00177222
 405    0.0018489  -0.00990074
 406    0.0003323  -0.00157503
 407    0.0017700  -0.00996442
 408    0.0006118  -0.00201720
 409    0.0000456  -0.00052070
 410    0.0000350  -0.00019543
 411    0.0000522  -0.00086545
 412    0.0001122  -0.00108914
 413    0.0000421  -0.00022374
 414    0.0000582  -0.00036048
 415    0.0000260  -0.00018028
 416    0.0000315  -0.00060775
 417    0.0000070  -0.00006859
 418    0.0000075  -0.00007579
 419    0.0000078  -0.00007762
 420    0.0000070  -0.00006813
 421    0.0000083  -0.00007514
 422    0.0000080  -0.00009355
 423    0.0000093  -0.00009379
 424    0.0000102  -0.00008597
 425    0.0000081  -0.00007901
 426    0.0000088  -0.00009251
 427    0.0000075  -0.00009836
 428    0.0000093  -0.00008237
 429    0.0000089  -0.00008123
 430    0.0000080  -0.00007593
 431    0.0000127  -0.00013289
 432    0.0000083  -0.00008945
 433    0.0000064  -0.00005948
 434    0.0000079  -0.00012477
 435    0.0000029  -0.00054633
 436    0.0000031  -0.00057774
 437    0.0000135  -0.00013023
 438    0.0000124  -0.00012014
 439    0.0000099  -0.00036075
 440    0.0000167  -0.00022659
 441    0.0000000  -0.00000209
 442    0.0000000  -0.00000088
 443    0.0000001  -0.00000329
 444    0.0000000  -0.00000227
 445    0.0000000  -0.00000240
 446    0.0000001  -0.00000375
 447    0.0000000  -0.00000051
 448    0.0000001  -0.00000419
 449    0.0000851  -0.00025561
 450    0.0001009  -0.00028766
 451    0.0002438  -0.00090519
 452    0.0002173  -0.00086589
 453    0.0001054  -0.00032989
 454    0.0001131  -0.00035075
 455    0.0001063  -0.00032482
 456    0.0003062  -0.00110387
 457    0.0000921  -0.00028715
 458    0.0000968  -0.00029321
 459    0.0000970  -0.00028880
 460    0.0002231  -0.00090214
 461    0.0005797  -0.00152199
 462    0.0002872  -0.00115464
 463    0.0001397  -0.00040325
 464    0.0002264  -0.00090851
 465    0.0000975  -0.00029222
 466    0.0002281  -0.00092895
 467    0.0003086  -0.00141729
 468    0.0002706  -0.00137496
 469    0.0005245  -0.00174827
 470    0.0002447  -0.00116531
 471    0.0005576  -0.00221775
 472    0.0005621  -0.00182060
 473    0.0000386  -0.00021157
 474    0.0000334  -0.00019285
 475    0.0000396  -0.00022337
 476    0.0000572  -0.00046296
 477    0.0000386  -0.00020407
 478    0.0000461  -0.00024453
 479    0.0000255  -0.00016808
 480    0.0000260  -0.00018621
 481    0.0000046  -0.00011323
 482    0.0000055  -0.00006734
 483    0.0000054  -0.00012138
 484    0.0000050  -0.00014867
 485    0.0000082  -0.00008473
 486    0.0000059  -0.00006787
 487    0.0000086  -0.00007826
 488    0.0000054  -0.00015916
 489    0.0000074  -0.00007449
 490    0.0000077  -0.00007791
 491    0.0000060  -0.00013325
 492    0.0000090  -0.00008202
 493    0.0000055  -0.00014727
 494    0.0000061  -0.00022505
 495    0.0000124  -0.00011226
 496    0.0000079  -0.00008016
 497    0.0000054  -0.00016715
 498    0.0000064  -0.00009330
 499    0.0000028  -0.00052832
 500    0.0000031  -0.00059329
 501    0.0000111  -0.00014959
 502    0.0000118  -0.00038012
 503    0.0000088  -0.00009591
 504    0.0000030  -0.00057290
 505    0.0000000  -0.00000190
 506    0.0000000  -0.00000080
 507    0.0000001  -0.00000295
 508    0.0000000  -0.00000209
 509    0.0000000  -0.00000180
 510    0.0000001  -0.00000351
 511    0.0000000  -0.00000050
 512    0.0000001  -0.00000385
 
----------------
 Final Energies 
----------------
Final NOF Total Energy =   -3245.2329552
 
Total Orbital Internal Iterations = 10
Total Occupation Internal Iterations = 0
 
Elapsed time:  119.65 Seconds

---------------------------------
   Lowdin Population Analysis    
---------------------------------
 Idx  Atom   Population   Charge 
---------------------------------
  1    Al    15.048      -2.048
  2    Al    15.050      -2.050
  3    Cl    16.078       0.922
  4    Cl    16.076       0.924
  5    Cl    16.435       0.565
  6    Cl    16.436       0.564
  7    Cl    16.437       0.563
  8    Cl    16.441       0.559

---------------------------------
   M Diagnostic: 0.02
---------------------------------

