Computing Integrals
Basis Set                                            = def2-qzvp
Auxiliary Basis Set                                  = def2-universal-jkfit
Gaussian Type                                        = Spherical
Elapsed time:    3.31 Seconds

Number of basis functions                   (NBF)    = 201
Number of auxiliary basis functions         (NBFAUX) = 249
Inactive Doubly occupied orbitals up to     (NO1)    = 0
No. considered Strongly Doubly occupied MOs (NDOC)   = 11
No. considered Strongly Singly occupied MOs (NSOC)   = 1
NO. of Weakly occ. per St. Doubly occ.  MOs (NCWO)   = 17
Dimension of the Nat. Orb. subspace         (NBF5)   = 199
No. of electrons                                     = 23
    No. of alpha electrons                           = 12
    No. of beta electrons                            = 11
Multiplicity                                         = 2

Geometry
========
 H      -0.2690454      -1.5391876       0.0000000
 O      -0.8267685      -0.2299978       0.0000000
 N       0.0342399       0.6485534       0.0000000
 N       1.0615740       1.1206319       0.0000000

No violations of the orthonormality
No violations of the orthonormality
 
PNOF8/ADABelief Calculation
==================
 
  Nitext  Nit_orb  Time   Nit_occ  Time         Eelec          Etot           Ediff      maxdiff    MaxGrad_orb  Grad_occ
     1      10    2.2e+01    8    2.6e+01  -250.61860841  -184.93236658 -10249.61860841   0.003073   1.2e-02   1.6e-04 0.04
     2      20    3.0e+00    0    1.8e-01  -250.61889205  -184.93265023    -0.00028365   0.003073   1.2e-02   1.6e-04 0.04
     3      40    5.7e+00    4    3.9e-01  -250.61906345  -184.93282163    -0.00017140   0.004611   1.8e-02   1.7e-04 0.04
     4      40    5.7e+00    1    2.2e-01  -250.61919019  -184.93294837    -0.00012674   0.004002   1.6e-02   2.7e-04 0.04
     5      40    5.7e+00    0    1.7e-01  -250.61919146  -184.93294964    -0.00000127   0.004002   1.6e-02   2.7e-04 0.04
     6      45    6.1e+00    0    1.7e-01  -250.61940389  -184.93316206    -0.00021242   0.000489   2.0e-03   2.7e-04 0.04
 
RESULTS OF THE OCCUPATION OPTIMIZATION
========================================
   1    1.9999832  -19.77387172
   2    1.9999711  -16.72470430
   3    1.9999574  -15.76296227
   4    1.9878988  -1.54671739
   5    1.9829564  -1.44286938
   6    1.9715103  -0.90807377
   7    1.9808398  -0.80421802
   8    1.9794320  -0.78725786
   9    1.9781993  -0.71737111
  10    1.9624629  -0.62099278
  11    1.9620083  -0.59211618
  12    1.0000000  -0.18395460
  13    0.0353673  -0.05427200
  14    0.0345650  -0.05347421
  15    0.0069501  -0.01382257
  16    0.0055777  -0.01165744
  17    0.0070056  -0.01589003
  18    0.0274782  -0.05078341
  19    0.0128312  -0.02933921
  20    0.0056179  -0.01737451
  21    0.0000285  -0.00085151
  22    0.0000148  -0.00043905
  23    0.0000122  -0.00043715
  24    0.0020384  -0.00445403
  25    0.0023393  -0.00507950
  26    0.0043078  -0.00893987
  27    0.0045605  -0.01082418
  28    0.0033937  -0.00715495
  29    0.0002882  -0.00101350
  30    0.0018792  -0.00552731
  31    0.0019673  -0.00797830
  32    0.0000030  -0.00006384
  33    0.0000038  -0.00006222
  34    0.0000018  -0.00003021
  35    0.0001348  -0.00040705
  36    0.0001601  -0.00048360
  37    0.0039576  -0.00841019
  38    0.0037861  -0.00807512
  39    0.0029637  -0.00635257
  40    0.0001823  -0.00065675
  41    0.0008320  -0.00296066
  42    0.0012762  -0.00491886
  43    0.0000021  -0.00005232
  44    0.0000025  -0.00003864
  45    0.0000007  -0.00001715
  46    0.0001182  -0.00036344
  47    0.0001230  -0.00038003
  48    0.0038029  -0.00803739
  49    0.0026765  -0.00626860
  50    0.0023908  -0.00561042
  51    0.0001729  -0.00062507
  52    0.0004589  -0.00358183
  53    0.0008799  -0.00341631
  54    0.0000020  -0.00003399
  55    0.0000025  -0.00004198
  56    0.0000005  -0.00002118
  57    0.0001018  -0.00031686
  58    0.0000962  -0.00032097
  59    0.0007255  -0.00195862
  60    0.0012189  -0.00338214
  61    0.0012999  -0.00439777
  62    0.0001323  -0.00043178
  63    0.0003832  -0.00258446
  64    0.0006075  -0.00214322
  65    0.0000017  -0.00002662
  66    0.0000013  -0.00002176
  67    0.0000004  -0.00002218
  68    0.0000826  -0.00029352
  69    0.0000856  -0.00030624
  70    0.0006458  -0.00179161
  71    0.0011057  -0.00276126
  72    0.0005793  -0.00173496
  73    0.0000727  -0.00033793
  74    0.0001748  -0.00060081
  75    0.0005292  -0.00454161
  76    0.0000016  -0.00002637
  77    0.0000008  -0.00001231
  78    0.0000003  -0.00000342
  79    0.0000426  -0.00012869
  80    0.0000741  -0.00027453
  81    0.0003909  -0.00147358
  82    0.0004944  -0.00152186
  83    0.0005158  -0.00170449
  84    0.0000514  -0.00023239
  85    0.0001533  -0.00067478
  86    0.0003602  -0.00146635
  87    0.0000010  -0.00002069
  88    0.0000008  -0.00001136
  89    0.0000003  -0.00000383
  90    0.0000310  -0.00008617
  91    0.0000204  -0.00006488
  92    0.0003229  -0.00107394
  93    0.0003513  -0.00105841
  94    0.0003199  -0.00106738
  95    0.0000210  -0.00011579
  96    0.0001024  -0.00039614
  97    0.0002905  -0.00148279
  98    0.0000005  -0.00001623
  99    0.0000005  -0.00003215
 100    0.0000001  -0.00000120
 101    0.0000232  -0.00006230
 102    0.0000147  -0.00005717
 103    0.0002049  -0.00071292
 104    0.0002581  -0.00087155
 105    0.0002215  -0.00071264
 106    0.0000163  -0.00008769
 107    0.0000565  -0.00027748
 108    0.0002508  -0.00092971
 109    0.0000004  -0.00002479
 110    0.0000003  -0.00000857
 111    0.0000001  -0.00000060
 112    0.0000117  -0.00004713
 113    0.0000127  -0.00005398
 114    0.0001400  -0.00062996
 115    0.0002136  -0.00076163
 116    0.0002116  -0.00074628
 117    0.0000145  -0.00008259
 118    0.0000532  -0.00027607
 119    0.0001067  -0.00080066
 120    0.0000004  -0.00000737
 121    0.0000003  -0.00001126
 122    0.0000001  -0.00000053
 123    0.0000084  -0.00004009
 124    0.0000096  -0.00004808
 125    0.0001331  -0.00051619
 126    0.0001673  -0.00060840
 127    0.0000965  -0.00038902
 128    0.0000112  -0.00006385
 129    0.0000285  -0.00014999
 130    0.0000901  -0.00097069
 131    0.0000003  -0.00000355
 132    0.0000002  -0.00000274
 133    0.0000001  -0.00000041
 134    0.0000073  -0.00004131
 135    0.0000088  -0.00004562
 136    0.0000813  -0.00037691
 137    0.0000484  -0.00025309
 138    0.0000445  -0.00021232
 139    0.0000108  -0.00006303
 140    0.0000183  -0.00011262
 141    0.0000298  -0.00016058
 142    0.0000002  -0.00000266
 143    0.0000002  -0.00000247
 144    0.0000001  -0.00000040
 145    0.0000071  -0.00004034
 146    0.0000080  -0.00004101
 147    0.0000569  -0.00029867
 148    0.0000301  -0.00014623
 149    0.0000403  -0.00020445
 150    0.0000101  -0.00006308
 151    0.0000175  -0.00010169
 152    0.0000244  -0.00013980
 153    0.0000002  -0.00000268
 154    0.0000002  -0.00000275
 155    0.0000001  -0.00000025
 156    0.0000061  -0.00003923
 157    0.0000074  -0.00004338
 158    0.0000274  -0.00013781
 159    0.0000266  -0.00014154
 160    0.0000250  -0.00012412
 161    0.0000091  -0.00005957
 162    0.0000150  -0.00009334
 163    0.0000206  -0.00012258
 164    0.0000002  -0.00000234
 165    0.0000002  -0.00000300
 166    0.0000001  -0.00000025
 167    0.0000059  -0.00003874
 168    0.0000054  -0.00003405
 169    0.0000235  -0.00012867
 170    0.0000187  -0.00009878
 171    0.0000216  -0.00012125
 172    0.0000084  -0.00005972
 173    0.0000149  -0.00009527
 174    0.0000182  -0.00010853
 175    0.0000001  -0.00000133
 176    0.0000002  -0.00000163
 177    0.0000001  -0.00000020
 178    0.0000035  -0.00002401
 179    0.0000050  -0.00002900
 180    0.0000177  -0.00009355
 181    0.0000179  -0.00009344
 182    0.0000167  -0.00008903
 183    0.0000076  -0.00005344
 184    0.0000136  -0.00009161
 185    0.0000172  -0.00010335
 186    0.0000001  -0.00000073
 187    0.0000001  -0.00000109
 188    0.0000000  -0.00000015
 189    0.0000020  -0.00001775
 190    0.0000018  -0.00001323
 191    0.0000126  -0.00006497
 192    0.0000163  -0.00008668
 193    0.0000137  -0.00007673
 194    0.0000026  -0.00002776
 195    0.0000112  -0.00008204
 196    0.0000148  -0.00009480
 197    0.0000001  -0.00000028
 198    0.0000001  -0.00000056
 199    0.0000000  -0.00000012
 
----------------
 Final Energies 
----------------
Final NOF Total Energy =    -184.9331621
 
Total Orbital Internal Iterations = 195
Total Occupation Internal Iterations = 13
 
Elapsed time:   91.81 Seconds

---------------------------------
   Lowdin Population Analysis    
---------------------------------
 Idx  Atom   Population   Charge 
---------------------------------
  1     H     1.194      -0.194
  2     O     7.803       0.197
  3     N     7.092      -0.092
  4     N     6.912       0.088

---------------------------------
   M Diagnostic: 0.04
---------------------------------

