Computing Integrals
Basis Set                                            = def2-qzvp
Auxiliary Basis Set                                  = def2-universal-jkfit
Gaussian Type                                        = Spherical
Elapsed time:    3.38 Seconds

Number of basis functions                   (NBF)    = 234
Number of auxiliary basis functions         (NBFAUX) = 222
Inactive Doubly occupied orbitals up to     (NO1)    = 0
No. considered Strongly Doubly occupied MOs (NDOC)   = 8
No. considered Strongly Singly occupied MOs (NSOC)   = 0
NO. of Weakly occ. per St. Doubly occ.  MOs (NCWO)   = 28
Dimension of the Nat. Orb. subspace         (NBF5)   = 232
No. of electrons                                     = 16
    No. of alpha electrons                           = 8
    No. of beta electrons                            = 8
Multiplicity                                         = 1

Geometry
========
 C       0.6625035       0.0000000       0.0000000
 C      -0.6625035       0.0000000       0.0000000
 H       1.2314886      -0.9211903       0.0000000
 H       1.2314886       0.9211903       0.0000000
 H      -1.2314886      -0.9211903       0.0000000
 H      -1.2314886       0.9211903       0.0000000

No violations of the orthonormality
No violations of the orthonormality
 
PNOF8/ADAM Calculation
==================
 
  Nitext  Nit_orb  Time   Nit_occ  Time         Eelec          Etot           Ediff      maxdiff    MaxGrad_orb  Grad_occ
     1      10    1.4e+01   34    3.1e+01  -101.87217314   -68.38661471 -10100.87217314   0.724018   2.9e+00   1.4e-04 0.00
     2      10    2.6e+00  111    1.5e+01  -106.67140680   -73.18584837    -4.79923366   0.407235   1.6e+00   2.0e-04 0.02
     3      10    2.2e+00   39    4.3e+00  -108.60274978   -75.11719136    -1.93134298   1.205778   4.8e+00   1.9e-04 0.03
     4      10    2.6e+00   20    2.3e+00  -109.33800383   -75.85244540    -0.73525405   0.372610   1.5e+00   2.4e-04 0.03
     5      10    2.3e+00   31    3.3e+00  -109.93920895   -76.45365052    -0.60120512   0.279465   1.1e+00   2.1e-04 0.04
     6      10    2.2e+00   13    1.6e+00  -110.38266310   -76.89710467    -0.44345415   0.261368   1.0e+00   2.1e-04 0.04
     7      10    2.4e+00   32    3.6e+00  -110.69123688   -77.20567845    -0.30857378   0.226947   9.1e-01   2.0e-04 0.04
     8      10    2.8e+00   11    1.4e+00  -110.95980457   -77.47424614    -0.26856769   0.172259   6.9e-01   2.2e-04 0.04
     9      10    2.3e+00    7    1.0e+00  -111.19490167   -77.70934324    -0.23509710   0.146446   5.9e-01   3.1e-04 0.04
    10      10    2.4e+00   16    2.0e+00  -111.35103317   -77.86547474    -0.15613150   0.165274   6.6e-01   2.0e-04 0.03
    11      10    2.2e+00   10    1.3e+00  -111.45469417   -77.96913574    -0.10366099   0.166678   6.7e-01   2.3e-04 0.03
    12      10    2.5e+00   13    1.6e+00  -111.57148709   -78.08592866    -0.11679292   0.167003   6.7e-01   1.8e-04 0.03
    13      10    2.2e+00    7    9.5e-01  -111.63680676   -78.15124833    -0.06531967   0.170836   6.8e-01   2.1e-04 0.03
    14      10    2.2e+00   10    1.3e+00  -111.70632200   -78.22076357    -0.06951524   0.158128   6.3e-01   2.0e-04 0.03
    15      10    2.3e+00   12    1.5e+00  -111.75705079   -78.27149236    -0.05072879   0.132585   5.3e-01   1.6e-04 0.02
    16      10    2.6e+00    3    5.0e-01  -111.82723792   -78.34167949    -0.07018713   0.113011   4.5e-01   2.2e-04 0.02
    17      10    2.3e+00    7    9.0e-01  -111.86260795   -78.37704952    -0.03537003   0.095820   3.8e-01   2.3e-04 0.02
    18      10    2.4e+00    6    8.7e-01  -111.88156868   -78.39601026    -0.01896073   0.062985   2.5e-01   2.2e-04 0.03
    19      10    2.3e+00    6    8.7e-01  -111.90782081   -78.42226238    -0.02625212   0.070375   2.8e-01   1.7e-04 0.03
    20      10    2.4e+00    6    8.8e-01  -111.92457786   -78.43901943    -0.01675705   0.066378   2.7e-01   1.8e-04 0.03
    21      10    2.3e+00    3    5.8e-01  -111.93022499   -78.44466656    -0.00564713   0.068358   2.7e-01   2.0e-04 0.03
    22      10    2.6e+00    0    2.0e-01  -111.93034587   -78.44478744    -0.00012088   0.068358   2.7e-01   2.0e-04 0.03
    23      30    6.8e+00    6    8.9e-01  -111.96627251   -78.48071408    -0.03592664   0.014264   5.7e-02   1.8e-04 0.03
    24      30    6.4e+00    6    8.8e-01  -111.96738477   -78.48182634    -0.00111226   0.004887   2.0e-02   1.7e-04 0.03
    25      30    6.5e+00    6    8.9e-01  -111.96802678   -78.48246835    -0.00064201   0.004827   1.9e-02   1.7e-04 0.03
    26      30    6.8e+00    6    8.5e-01  -111.96855945   -78.48300102    -0.00053268   0.004325   1.7e-02   1.6e-04 0.03
    27      30    6.7e+00    3    5.8e-01  -111.96890136   -78.48334293    -0.00034191   0.005277   2.1e-02   2.0e-04 0.03
    28      30    6.8e+00    6    8.8e-01  -111.96909223   -78.48353380    -0.00019087   0.004920   2.0e-02   1.7e-04 0.03
    29      30    7.1e+00    3    5.7e-01  -111.96919003   -78.48363160    -0.00009779   0.004003   1.6e-02   1.6e-04 0.03
    30      30    7.1e+00    3    5.7e-01  -111.96929969   -78.48374126    -0.00010966   0.004115   1.6e-02   1.8e-04 0.03
    31      30    6.9e+00    5    7.7e-01  -111.96934121   -78.48378278    -0.00004151   0.004525   1.8e-02   1.7e-04 0.03
    32      30    7.2e+00    3    5.6e-01  -111.96945769   -78.48389926    -0.00011648   0.003947   1.6e-02   1.5e-04 0.03
    33      30    6.7e+00    0    2.1e-01  -111.96946702   -78.48390860    -0.00000934   0.003947   1.6e-02   1.5e-04 0.03
    34      45    9.6e+00    3    5.5e-01  -111.96969188   -78.48413345    -0.00022486   0.000498   2.0e-03   1.5e-04 0.03
 
RESULTS OF THE OCCUPATION OPTIMIZATION
========================================
   1    1.9999645  -11.23723508
   2    1.9999612  -11.23589080
   3    1.9818663  -0.93252905
   4    1.9805455  -0.85369210
   5    1.9775150  -0.65966591
   6    1.9725757  -0.61711522
   7    1.9749663  -0.61480708
   8    1.9627782  -0.40609403
   9    0.0274125  -0.02988340
  10    0.0153236  -0.01981255
  11    0.0150745  -0.01949325
  12    0.0148901  -0.02437640
  13    0.0131154  -0.01959616
  14    0.0104349  -0.01734069
  15    0.0000181  -0.00046739
  16    0.0000227  -0.00053936
  17    0.0047840  -0.00687016
  18    0.0042696  -0.00646553
  19    0.0042620  -0.00653453
  20    0.0025684  -0.00495297
  21    0.0019910  -0.00392316
  22    0.0033020  -0.00622924
  23    0.0000036  -0.00004855
  24    0.0000039  -0.00003627
  25    0.0047264  -0.00683678
  26    0.0024501  -0.00418121
  27    0.0041338  -0.00634806
  28    0.0010060  -0.00247266
  29    0.0017013  -0.00415606
  30    0.0013394  -0.00599363
  31    0.0000028  -0.00005176
  32    0.0000021  -0.00003198
  33    0.0000789  -0.00018842
  34    0.0009499  -0.00244643
  35    0.0025845  -0.00418101
  36    0.0009090  -0.00288026
  37    0.0010121  -0.00266230
  38    0.0009478  -0.00378442
  39    0.0000022  -0.00003029
  40    0.0000012  -0.00004104
  41    0.0000512  -0.00013698
  42    0.0007093  -0.00147212
  43    0.0004120  -0.00091190
  44    0.0008795  -0.00204540
  45    0.0006179  -0.00146114
  46    0.0004757  -0.00129885
  47    0.0000021  -0.00002406
  48    0.0000010  -0.00001780
  49    0.0000437  -0.00011629
  50    0.0003504  -0.00079178
  51    0.0002662  -0.00062326
  52    0.0005841  -0.00128208
  53    0.0003372  -0.00083259
  54    0.0003107  -0.00122085
  55    0.0000014  -0.00001505
  56    0.0000007  -0.00001772
  57    0.0000254  -0.00007887
  58    0.0002209  -0.00049673
  59    0.0001785  -0.00038834
  60    0.0005127  -0.00141504
  61    0.0002563  -0.00138314
  62    0.0002753  -0.00093410
  63    0.0000014  -0.00001387
  64    0.0000006  -0.00000580
  65    0.0000213  -0.00004207
  66    0.0001814  -0.00042059
  67    0.0001285  -0.00034467
  68    0.0003451  -0.00090968
  69    0.0001209  -0.00068458
  70    0.0002393  -0.00070385
  71    0.0000011  -0.00001165
  72    0.0000005  -0.00000261
  73    0.0000183  -0.00004695
  74    0.0001079  -0.00028782
  75    0.0000959  -0.00026489
  76    0.0002808  -0.00068030
  77    0.0000739  -0.00022579
  78    0.0001467  -0.00046019
  79    0.0000010  -0.00002562
  80    0.0000004  -0.00000190
  81    0.0000161  -0.00004084
  82    0.0000995  -0.00026742
  83    0.0000800  -0.00020981
  84    0.0001969  -0.00062152
  85    0.0000595  -0.00018906
  86    0.0001265  -0.00064077
  87    0.0000007  -0.00001755
  88    0.0000003  -0.00000157
  89    0.0000134  -0.00004172
  90    0.0000970  -0.00026484
  91    0.0000719  -0.00019953
  92    0.0000760  -0.00025533
  93    0.0000484  -0.00017424
  94    0.0001105  -0.00037935
  95    0.0000006  -0.00000417
  96    0.0000002  -0.00000083
  97    0.0000121  -0.00003568
  98    0.0000648  -0.00019228
  99    0.0000337  -0.00011236
 100    0.0000720  -0.00023645
 101    0.0000330  -0.00011974
 102    0.0000977  -0.00031889
 103    0.0000006  -0.00000359
 104    0.0000002  -0.00000084
 105    0.0000048  -0.00002366
 106    0.0000419  -0.00012488
 107    0.0000287  -0.00009414
 108    0.0000537  -0.00016452
 109    0.0000306  -0.00011669
 110    0.0000645  -0.00023447
 111    0.0000004  -0.00000204
 112    0.0000002  -0.00000077
 113    0.0000032  -0.00001513
 114    0.0000340  -0.00011341
 115    0.0000269  -0.00009674
 116    0.0000460  -0.00015463
 117    0.0000179  -0.00007318
 118    0.0000553  -0.00017053
 119    0.0000004  -0.00000188
 120    0.0000002  -0.00000074
 121    0.0000027  -0.00001160
 122    0.0000330  -0.00011247
 123    0.0000192  -0.00006569
 124    0.0000175  -0.00007401
 125    0.0000076  -0.00004468
 126    0.0000432  -0.00015680
 127    0.0000004  -0.00000153
 128    0.0000002  -0.00000081
 129    0.0000018  -0.00000681
 130    0.0000218  -0.00007576
 131    0.0000086  -0.00003547
 132    0.0000127  -0.00005496
 133    0.0000069  -0.00003705
 134    0.0000403  -0.00013686
 135    0.0000003  -0.00000129
 136    0.0000002  -0.00000069
 137    0.0000016  -0.00000478
 138    0.0000190  -0.00006650
 139    0.0000069  -0.00003323
 140    0.0000122  -0.00005310
 141    0.0000061  -0.00003413
 142    0.0000324  -0.00011405
 143    0.0000003  -0.00000101
 144    0.0000001  -0.00000029
 145    0.0000010  -0.00000115
 146    0.0000171  -0.00006073
 147    0.0000034  -0.00002238
 148    0.0000065  -0.00003740
 149    0.0000043  -0.00002897
 150    0.0000257  -0.00010379
 151    0.0000002  -0.00000090
 152    0.0000001  -0.00000034
 153    0.0000008  -0.00000106
 154    0.0000100  -0.00004565
 155    0.0000023  -0.00001185
 156    0.0000047  -0.00002729
 157    0.0000035  -0.00002569
 158    0.0000184  -0.00008061
 159    0.0000002  -0.00000082
 160    0.0000001  -0.00000037
 161    0.0000007  -0.00000032
 162    0.0000097  -0.00004217
 163    0.0000018  -0.00000890
 164    0.0000016  -0.00000918
 165    0.0000024  -0.00001656
 166    0.0000105  -0.00004748
 167    0.0000002  -0.00000069
 168    0.0000001  -0.00000034
 169    0.0000004  -0.00000038
 170    0.0000056  -0.00003092
 171    0.0000008  -0.00000098
 172    0.0000016  -0.00000819
 173    0.0000015  -0.00000800
 174    0.0000098  -0.00004471
 175    0.0000002  -0.00000070
 176    0.0000001  -0.00000011
 177    0.0000003  -0.00000033
 178    0.0000045  -0.00002771
 179    0.0000007  -0.00000068
 180    0.0000013  -0.00000624
 181    0.0000011  -0.00000511
 182    0.0000081  -0.00004431
 183    0.0000001  -0.00000046
 184    0.0000001  -0.00000005
 185    0.0000002  -0.00000027
 186    0.0000027  -0.00001949
 187    0.0000006  -0.00000072
 188    0.0000013  -0.00000599
 189    0.0000011  -0.00000455
 190    0.0000061  -0.00003404
 191    0.0000001  -0.00000043
 192    0.0000001  -0.00000003
 193    0.0000002  -0.00000029
 194    0.0000024  -0.00001205
 195    0.0000006  -0.00000046
 196    0.0000012  -0.00000553
 197    0.0000010  -0.00000419
 198    0.0000033  -0.00002498
 199    0.0000001  -0.00000032
 200    0.0000001  -0.00000006
 201    0.0000002  -0.00000022
 202    0.0000023  -0.00001306
 203    0.0000006  -0.00000067
 204    0.0000011  -0.00000494
 205    0.0000010  -0.00000442
 206    0.0000030  -0.00002373
 207    0.0000001  -0.00000019
 208    0.0000000  -0.00000004
 209    0.0000002  -0.00000027
 210    0.0000020  -0.00001054
 211    0.0000006  -0.00000057
 212    0.0000011  -0.00000412
 213    0.0000009  -0.00000335
 214    0.0000025  -0.00001946
 215    0.0000001  -0.00000015
 216    0.0000000  -0.00000005
 217    0.0000002  -0.00000020
 218    0.0000018  -0.00000865
 219    0.0000005  -0.00000045
 220    0.0000009  -0.00000283
 221    0.0000008  -0.00000305
 222    0.0000024  -0.00001746
 223    0.0000001  -0.00000013
 224    0.0000000  -0.00000000
 225    0.0000002  -0.00000026
 226    0.0000014  -0.00000598
 227    0.0000005  -0.00000057
 228    0.0000007  -0.00000185
 229    0.0000008  -0.00000249
 230    0.0000018  -0.00001164
 231    0.0000001  -0.00000015
 232    0.0000000  -0.00000001
 
----------------
 Final Energies 
----------------
Final NOF Total Energy =     -78.4841335
 
Total Orbital Internal Iterations = 595
Total Occupation Internal Iterations = 447
 
Elapsed time:  262.46 Seconds

---------------------------------
   Lowdin Population Analysis    
---------------------------------
 Idx  Atom   Population   Charge 
---------------------------------
  1     C     5.828       0.172
  2     C     5.831       0.169
  3     H     1.085      -0.085
  4     H     1.085      -0.085
  5     H     1.086      -0.086
  6     H     1.084      -0.084

---------------------------------
   M Diagnostic: 0.03
---------------------------------

