Computing Integrals
Basis Set                                            = def2-qzvp
Auxiliary Basis Set                                  = def2-universal-jkfit
Gaussian Type                                        = Spherical
Elapsed time:    2.72 Seconds

Number of basis functions                   (NBF)    = 127
Number of auxiliary basis functions         (NBFAUX) = 205
Inactive Doubly occupied orbitals up to     (NO1)    = 0
No. considered Strongly Doubly occupied MOs (NDOC)   = 13
No. considered Strongly Singly occupied MOs (NSOC)   = 0
NO. of Weakly occ. per St. Doubly occ.  MOs (NCWO)   = 8
Dimension of the Nat. Orb. subspace         (NBF5)   = 117
No. of electrons                                     = 26
    No. of alpha electrons                           = 13
    No. of beta electrons                            = 13
Multiplicity                                         = 1

Geometry
========
Cl       0.0000000       0.0000000      -0.8287459
 F       0.0000000       0.0000000       0.8287459

No violations of the orthonormality
No violations of the orthonormality
 
PNOF8/ADABelief Calculation
==================
 
  Nitext  Nit_orb  Time   Nit_occ  Time         Eelec          Etot           Ediff      maxdiff    MaxGrad_orb  Grad_occ
     1      10    2.2e+01    0    2.5e+01  -608.60183562  -559.75456874 -10607.60183562   0.000678   2.7e-03   2.1e-04 0.04
 
RESULTS OF THE OCCUPATION OPTIMIZATION
========================================
   1    1.9999987  -104.99085422
   2    1.9999816  -26.39847232
   3    1.9996719  -10.65817882
   4    1.9993784  -8.16118466
   5    1.9994229  -8.14105791
   6    1.9994431  -8.14086426
   7    1.9888211  -1.65155032
   8    1.9843399  -1.12929046
   9    1.9644094  -0.75678926
  10    1.9780659  -0.75047246
  11    1.9778580  -0.75016629
  12    1.9756322  -0.53159718
  13    1.9733054  -0.53067125
  14    0.0092642  -0.01774993
  15    0.0084497  -0.01731464
  16    0.0103929  -0.02195326
  17    0.0101684  -0.02161425
  18    0.0349230  -0.06664199
  19    0.0065328  -0.02780042
  20    0.0067084  -0.02323729
  21    0.0004496  -0.01048139
  22    0.0004523  -0.01056469
  23    0.0004991  -0.01186798
  24    0.0002716  -0.00718237
  25    0.0000041  -0.00010003
  26    0.0000008  -0.00003054
  27    0.0080049  -0.01689950
  28    0.0068483  -0.01801692
  29    0.0038685  -0.01176925
  30    0.0038918  -0.01192654
  31    0.0001882  -0.00076189
  32    0.0045558  -0.01451133
  33    0.0016605  -0.00915347
  34    0.0000490  -0.00167342
  35    0.0000631  -0.00272303
  36    0.0000609  -0.00073124
  37    0.0000222  -0.00028469
  38    0.0000026  -0.00006796
  39    0.0000001  -0.00002869
  40    0.0067874  -0.01795809
  41    0.0056271  -0.01449291
  42    0.0033642  -0.00909290
  43    0.0033403  -0.00905470
  44    0.0001672  -0.00073504
  45    0.0019811  -0.00985337
  46    0.0014407  -0.00747145
  47    0.0000133  -0.00013921
  48    0.0000145  -0.00014341
  49    0.0000149  -0.00029261
  50    0.0000071  -0.00026536
  51    0.0000026  -0.00022895
  52    0.0000001  -0.00000890
  53    0.0014078  -0.00570134
  54    0.0020388  -0.00880162
  55    0.0032286  -0.00856436
  56    0.0031749  -0.00866921
  57    0.0001651  -0.00071538
  58    0.0011428  -0.00659071
  59    0.0005017  -0.00517749
  60    0.0000111  -0.00061416
  61    0.0000133  -0.00013798
  62    0.0000137  -0.00014109
  63    0.0000059  -0.00008605
  64    0.0000022  -0.00022365
  65    0.0000001  -0.00000655
  66    0.0004943  -0.00127809
  67    0.0006013  -0.00157721
  68    0.0006167  -0.00246545
  69    0.0005974  -0.00235430
  70    0.0000455  -0.00016356
  71    0.0005591  -0.00166380
  72    0.0002541  -0.00114562
  73    0.0000095  -0.00011143
  74    0.0000109  -0.00025642
  75    0.0000099  -0.00012577
  76    0.0000057  -0.00008670
  77    0.0000020  -0.00013208
  78    0.0000000  -0.00000497
  79    0.0004515  -0.00123152
  80    0.0005076  -0.00131226
  81    0.0002842  -0.00113845
  82    0.0003076  -0.00119552
  83    0.0000411  -0.00015888
  84    0.0004332  -0.00153670
  85    0.0002495  -0.00113960
  86    0.0000087  -0.00010354
  87    0.0000083  -0.00010748
  88    0.0000084  -0.00011043
  89    0.0000054  -0.00008570
  90    0.0000019  -0.00004564
  91    0.0000000  -0.00000488
  92    0.0001883  -0.00084221
  93    0.0001813  -0.00084502
  94    0.0002422  -0.00096031
  95    0.0002352  -0.00096636
  96    0.0000319  -0.00014561
  97    0.0002759  -0.00139277
  98    0.0002333  -0.00103241
  99    0.0000079  -0.00010945
 100    0.0000078  -0.00010143
 101    0.0000080  -0.00010534
 102    0.0000051  -0.00008233
 103    0.0000015  -0.00004104
 104    0.0000000  -0.00000427
 105    0.0000962  -0.00045123
 106    0.0001138  -0.00057216
 107    0.0001446  -0.00066656
 108    0.0002183  -0.00089747
 109    0.0000286  -0.00014081
 110    0.0001792  -0.00095163
 111    0.0001308  -0.00085608
 112    0.0000077  -0.00011157
 113    0.0000070  -0.00009467
 114    0.0000068  -0.00009649
 115    0.0000049  -0.00012132
 116    0.0000014  -0.00004369
 117    0.0000000  -0.00000365
 
----------------
 Final Energies 
----------------
Final NOF Total Energy =    -559.7545687
 
Total Orbital Internal Iterations = 10
Total Occupation Internal Iterations = 0
 
Elapsed time:   60.68 Seconds

---------------------------------
   Lowdin Population Analysis    
---------------------------------
 Idx  Atom   Population   Charge 
---------------------------------
  1    Cl    16.876       0.124
  2     F     9.124      -0.124

---------------------------------
   M Diagnostic: 0.04
---------------------------------

