Computing Integrals
Basis Set                                            = def2-qzvp
Auxiliary Basis Set                                  = def2-universal-jkfit
Gaussian Type                                        = Spherical
Elapsed time:   11.71 Seconds

Number of basis functions                   (NBF)    = 676
Number of auxiliary basis functions         (NBFAUX) = 814
Inactive Doubly occupied orbitals up to     (NO1)    = 0
No. considered Strongly Doubly occupied MOs (NDOC)   = 37
No. considered Strongly Singly occupied MOs (NSOC)   = 0
NO. of Weakly occ. per St. Doubly occ.  MOs (NCWO)   = 17
Dimension of the Nat. Orb. subspace         (NBF5)   = 666
No. of electrons                                     = 74
    No. of alpha electrons                           = 37
    No. of beta electrons                            = 37
Multiplicity                                         = 1

Geometry
========
Li       1.0928625       0.0434901      -1.7557828
Cl      -1.2279159      -2.8929292      -2.1392631
 F       1.1962299      -1.6035034      -2.4561761
 H      -0.0785287      -0.2311005       2.8911575
 H       0.6641532       1.9698902       1.6534759
Na      -1.9625666      -0.9045698      -0.7644044
 B      -0.2687685      -0.0458454       1.7215938
 H       1.0366035      -0.3681109       0.7926051
 C      -0.0720207       1.3963775       1.0657223
 H      -1.0776781      -0.8145733       1.2448115
 H       0.5383462       2.3844644      -0.7480454
 F      -0.6422696       0.7680864      -1.3017912
 C       0.5289643       1.3698399      -0.3235856
 H       0.9670991      -0.8939463       1.3865146
 H      -1.0080309       1.9829484       1.1201133
 H       0.3135203      -2.1605181      -2.3869455

No violations of the orthonormality
No violations of the orthonormality
 
PNOF8/ADABelief Calculation
==================
 
  Nitext  Nit_orb  Time   Nit_occ  Time         Eelec          Etot           Ediff      maxdiff    MaxGrad_orb  Grad_occ
     1      10    1.0e+02    0    3.2e+01 -1357.36077902  -934.98572633 -11356.36077902   0.001113   4.5e-03   2.3e-04 0.03
     2      30    2.3e+02    0    6.5e+00 -1357.36077902  -934.98572633     0.00000000   0.001113   4.5e-03   2.3e-04 0.03
     3      50    3.8e+02    0    6.4e+00 -1357.36077902  -934.98572633     0.00000000   0.001113   4.5e-03   2.3e-04 0.03
     4      70    5.3e+02    8    1.5e+01 -1357.36087547  -934.98582278    -0.00009645   0.000936   3.7e-03   2.1e-04 0.03
 
RESULTS OF THE OCCUPATION OPTIMIZATION
========================================
   1    1.9999996  -104.80866168
   2    1.9999992  -40.53722432
   3    1.9999957  -26.31399077
   4    1.9999944  -26.31238568
   5    1.9999792  -11.19858903
   6    1.9999728  -10.42202643
   7    1.9998773  -10.26246083
   8    1.9999667  -8.71797611
   9    1.9995589  -7.97482556
  10    1.9997777  -7.97445818
  11    1.9997224  -7.97412914
  12    1.9945473  -2.80494067
  13    1.9952659  -2.44247303
  14    1.9914829  -1.59172331
  15    1.9885508  -1.56005528
  16    1.9868105  -1.53784231
  17    1.9864819  -1.51627642
  18    1.9879211  -1.33768834
  19    1.9847253  -0.99480792
  20    1.9829899  -0.99415374
  21    1.9837763  -0.94509800
  22    1.9735581  -0.81999116
  23    1.9812374  -0.80401728
  24    1.9797256  -0.72439499
  25    1.9804294  -0.69293310
  26    1.9777031  -0.68893579
  27    1.9777894  -0.68463358
  28    1.9662199  -0.66433263
  29    1.9694274  -0.58654842
  30    1.9717414  -0.57790040
  31    1.9726697  -0.54879032
  32    1.9715554  -0.53951806
  33    1.9721876  -0.53928525
  34    1.9726922  -0.53704052
  35    1.9789441  -0.46229580
  36    1.9738967  -0.43539321
  37    1.9736826  -0.43449944
  38    0.0111196  -0.01763358
  39    0.0110295  -0.01756899
  40    0.0087790  -0.01787850
  41    0.0139776  -0.02041537
  42    0.0209373  -0.02909229
  43    0.0146504  -0.01614299
  44    0.0174477  -0.02060673
  45    0.0156095  -0.01968076
  46    0.0302295  -0.04380817
  47    0.0154616  -0.01609354
  48    0.0121850  -0.02249729
  49    0.0123662  -0.02307313
  50    0.0119365  -0.02138258
  51    0.0135982  -0.02438031
  52    0.0080198  -0.01240854
  53    0.0223611  -0.04028245
  54    0.0062465  -0.01287212
  55    0.0065516  -0.01805343
  56    0.0074419  -0.02578175
  57    0.0043427  -0.00865669
  58    0.0080001  -0.02291647
  59    0.0073624  -0.02146313
  60    0.0084124  -0.03047736
  61    0.0027789  -0.01168935
  62    0.0022814  -0.00931254
  63    0.0023229  -0.01139908
  64    0.0002655  -0.00601213
  65    0.0002154  -0.00428185
  66    0.0004346  -0.00978800
  67    0.0000263  -0.00041153
  68    0.0001166  -0.00480731
  69    0.0000211  -0.00041725
  70    0.0000159  -0.00033709
  71    0.0000053  -0.00009925
  72    0.0000039  -0.00003253
  73    0.0000008  -0.00001412
  74    0.0000003  -0.00001051
  75    0.0110685  -0.01766102
  76    0.0107899  -0.01727472
  77    0.0070041  -0.01839729
  78    0.0113145  -0.01629846
  79    0.0045619  -0.00755874
  80    0.0051664  -0.00641689
  81    0.0041051  -0.00613908
  82    0.0045739  -0.00673539
  83    0.0002446  -0.00083358
  84    0.0122142  -0.01360410
  85    0.0042552  -0.00985922
  86    0.0040862  -0.00963862
  87    0.0045016  -0.01017306
  88    0.0043711  -0.00994761
  89    0.0028725  -0.00652660
  90    0.0034515  -0.00878897
  91    0.0030611  -0.00755140
  92    0.0063346  -0.01866432
  93    0.0023567  -0.00861748
  94    0.0039985  -0.01050363
  95    0.0032076  -0.00921908
  96    0.0031761  -0.00933505
  97    0.0027169  -0.01175727
  98    0.0027547  -0.01164148
  99    0.0011137  -0.00442383
 100    0.0022855  -0.01130310
 101    0.0000078  -0.00065078
 102    0.0000025  -0.00042611
 103    0.0000019  -0.00005082
 104    0.0000052  -0.00008532
 105    0.0000013  -0.00002300
 106    0.0000046  -0.00007550
 107    0.0000032  -0.00003611
 108    0.0000001  -0.00000050
 109    0.0000001  -0.00000111
 110    0.0000000  -0.00000009
 111    0.0000000  -0.00000003
 112    0.0023769  -0.00782618
 113    0.0023108  -0.00785495
 114    0.0024735  -0.00897196
 115    0.0007950  -0.00161142
 116    0.0009944  -0.00216126
 117    0.0037335  -0.00496791
 118    0.0022405  -0.00370567
 119    0.0039404  -0.00613283
 120    0.0000481  -0.00013289
 121    0.0027773  -0.00365252
 122    0.0040831  -0.00939017
 123    0.0039865  -0.00936030
 124    0.0012937  -0.00444490
 125    0.0008595  -0.00309487
 126    0.0015920  -0.00312493
 127    0.0002749  -0.00102329
 128    0.0019199  -0.00673909
 129    0.0021442  -0.00896980
 130    0.0020042  -0.00873238
 131    0.0009383  -0.00622001
 132    0.0007097  -0.00309161
 133    0.0011759  -0.00631349
 134    0.0000824  -0.00058007
 135    0.0008600  -0.00891361
 136    0.0010628  -0.00426629
 137    0.0005192  -0.00692223
 138    0.0000010  -0.00003513
 139    0.0000006  -0.00000635
 140    0.0000014  -0.00004122
 141    0.0000007  -0.00002731
 142    0.0000010  -0.00003055
 143    0.0000003  -0.00000240
 144    0.0000003  -0.00000336
 145    0.0000000  -0.00000029
 146    0.0000000  -0.00000039
 147    0.0000000  -0.00000008
 148    0.0000000  -0.00000002
 149    0.0007196  -0.00155206
 150    0.0007278  -0.00157960
 151    0.0008017  -0.00241582
 152    0.0004441  -0.00094549
 153    0.0007230  -0.00161461
 154    0.0032413  -0.00404450
 155    0.0020411  -0.00348261
 156    0.0034198  -0.00535829
 157    0.0000146  -0.00007358
 158    0.0021528  -0.00287636
 159    0.0007241  -0.00266321
 160    0.0007401  -0.00269851
 161    0.0007653  -0.00288439
 162    0.0004052  -0.00133000
 163    0.0015748  -0.00489815
 164    0.0002548  -0.00097001
 165    0.0015356  -0.00398824
 166    0.0006528  -0.00222284
 167    0.0019476  -0.00882339
 168    0.0008592  -0.00466407
 169    0.0004014  -0.00184826
 170    0.0004366  -0.00169890
 171    0.0000631  -0.00021733
 172    0.0007436  -0.00724576
 173    0.0000769  -0.00124614
 174    0.0001300  -0.00130750
 175    0.0000007  -0.00000883
 176    0.0000006  -0.00000548
 177    0.0000006  -0.00000679
 178    0.0000002  -0.00000159
 179    0.0000009  -0.00001071
 180    0.0000003  -0.00000244
 181    0.0000003  -0.00000253
 182    0.0000000  -0.00000026
 183    0.0000000  -0.00000032
 184    0.0000000  -0.00000005
 185    0.0000000  -0.00000002
 186    0.0007172  -0.00155785
 187    0.0006938  -0.00152872
 188    0.0007061  -0.00161512
 189    0.0002582  -0.00062111
 190    0.0002457  -0.00059128
 191    0.0006310  -0.00122341
 192    0.0006329  -0.00134327
 193    0.0003286  -0.00077701
 194    0.0000104  -0.00003765
 195    0.0006856  -0.00124537
 196    0.0003301  -0.00110919
 197    0.0002979  -0.00106616
 198    0.0004030  -0.00137577
 199    0.0003065  -0.00110643
 200    0.0014221  -0.00281270
 201    0.0000244  -0.00010007
 202    0.0009898  -0.00288731
 203    0.0005802  -0.00157459
 204    0.0008153  -0.00382023
 205    0.0006541  -0.00503587
 206    0.0002665  -0.00112303
 207    0.0002770  -0.00119020
 208    0.0000550  -0.00020229
 209    0.0005117  -0.00563243
 210    0.0000483  -0.00080098
 211    0.0000830  -0.00144171
 212    0.0000005  -0.00000557
 213    0.0000006  -0.00000649
 214    0.0000005  -0.00000600
 215    0.0000002  -0.00000158
 216    0.0000007  -0.00000741
 217    0.0000002  -0.00000167
 218    0.0000002  -0.00000196
 219    0.0000000  -0.00000023
 220    0.0000000  -0.00000023
 221    0.0000000  -0.00000006
 222    0.0000000  -0.00000002
 223    0.0000737  -0.00018705
 224    0.0002660  -0.00086636
 225    0.0003011  -0.00113285
 226    0.0002095  -0.00050585
 227    0.0001404  -0.00037423
 228    0.0002978  -0.00055062
 229    0.0004015  -0.00093306
 230    0.0001081  -0.00027069
 231    0.0000071  -0.00002261
 232    0.0001760  -0.00034546
 233    0.0002810  -0.00103108
 234    0.0002837  -0.00105059
 235    0.0003002  -0.00108553
 236    0.0003020  -0.00110387
 237    0.0010667  -0.00242470
 238    0.0000193  -0.00008773
 239    0.0006606  -0.00159637
 240    0.0002676  -0.00110470
 241    0.0002646  -0.00102649
 242    0.0003493  -0.00172645
 243    0.0002583  -0.00107327
 244    0.0002528  -0.00107697
 245    0.0000258  -0.00014709
 246    0.0002599  -0.00162869
 247    0.0000352  -0.00025637
 248    0.0000227  -0.00053467
 249    0.0000005  -0.00000595
 250    0.0000005  -0.00000578
 251    0.0000004  -0.00001672
 252    0.0000002  -0.00000144
 253    0.0000005  -0.00000593
 254    0.0000002  -0.00000141
 255    0.0000002  -0.00000180
 256    0.0000000  -0.00000018
 257    0.0000000  -0.00000017
 258    0.0000000  -0.00000005
 259    0.0000000  -0.00000001
 260    0.0000488  -0.00014765
 261    0.0000541  -0.00015617
 262    0.0002938  -0.00110483
 263    0.0001090  -0.00028818
 264    0.0000682  -0.00019514
 265    0.0001768  -0.00036695
 266    0.0001415  -0.00034500
 267    0.0001004  -0.00026044
 268    0.0000060  -0.00001873
 269    0.0000789  -0.00016371
 270    0.0001246  -0.00046240
 271    0.0002569  -0.00096157
 272    0.0000993  -0.00033177
 273    0.0001303  -0.00046516
 274    0.0008959  -0.00222926
 275    0.0000157  -0.00007445
 276    0.0005022  -0.00149455
 277    0.0002605  -0.00106641
 278    0.0001000  -0.00036249
 279    0.0002497  -0.00107614
 280    0.0002523  -0.00103902
 281    0.0002454  -0.00104011
 282    0.0000144  -0.00011499
 283    0.0001894  -0.00110261
 284    0.0000235  -0.00061583
 285    0.0000167  -0.00041176
 286    0.0000004  -0.00001286
 287    0.0000005  -0.00000476
 288    0.0000004  -0.00000770
 289    0.0000001  -0.00000122
 290    0.0000004  -0.00002491
 291    0.0000001  -0.00000100
 292    0.0000001  -0.00000132
 293    0.0000000  -0.00000016
 294    0.0000000  -0.00000019
 295    0.0000000  -0.00000004
 296    0.0000000  -0.00000001
 297    0.0000464  -0.00013987
 298    0.0000479  -0.00014539
 299    0.0002048  -0.00068858
 300    0.0000591  -0.00016791
 301    0.0000370  -0.00012212
 302    0.0001609  -0.00031611
 303    0.0001122  -0.00029662
 304    0.0000680  -0.00018386
 305    0.0000038  -0.00001350
 306    0.0000684  -0.00014654
 307    0.0000771  -0.00027392
 308    0.0000754  -0.00026378
 309    0.0000707  -0.00026135
 310    0.0000727  -0.00026415
 311    0.0004107  -0.00094897
 312    0.0000115  -0.00004359
 313    0.0004186  -0.00112773
 314    0.0000544  -0.00019055
 315    0.0000877  -0.00030528
 316    0.0001850  -0.00100432
 317    0.0002465  -0.00102178
 318    0.0000820  -0.00038107
 319    0.0000131  -0.00010499
 320    0.0001479  -0.00130676
 321    0.0000153  -0.00032504
 322    0.0000137  -0.00017510
 323    0.0000003  -0.00000310
 324    0.0000005  -0.00000485
 325    0.0000002  -0.00000226
 326    0.0000001  -0.00000106
 327    0.0000003  -0.00000264
 328    0.0000001  -0.00000086
 329    0.0000001  -0.00000137
 330    0.0000000  -0.00000015
 331    0.0000000  -0.00000016
 332    0.0000000  -0.00000003
 333    0.0000000  -0.00000001
 334    0.0000438  -0.00013419
 335    0.0000452  -0.00013748
 336    0.0001272  -0.00037188
 337    0.0000468  -0.00014316
 338    0.0000295  -0.00009554
 339    0.0001205  -0.00026453
 340    0.0000698  -0.00018627
 341    0.0000422  -0.00013130
 342    0.0000018  -0.00000762
 343    0.0000464  -0.00011808
 344    0.0000442  -0.00015437
 345    0.0000650  -0.00023048
 346    0.0000617  -0.00020862
 347    0.0000554  -0.00021643
 348    0.0003011  -0.00066162
 349    0.0000074  -0.00002862
 350    0.0003649  -0.00112370
 351    0.0000540  -0.00018696
 352    0.0000585  -0.00020930
 353    0.0001343  -0.00063047
 354    0.0000380  -0.00016270
 355    0.0000495  -0.00022334
 356    0.0000119  -0.00009636
 357    0.0000908  -0.00072006
 358    0.0000142  -0.00020029
 359    0.0000132  -0.00015482
 360    0.0000003  -0.00000259
 361    0.0000004  -0.00002779
 362    0.0000002  -0.00000199
 363    0.0000001  -0.00000061
 364    0.0000003  -0.00000338
 365    0.0000001  -0.00000086
 366    0.0000001  -0.00000091
 367    0.0000000  -0.00000014
 368    0.0000000  -0.00000009
 369    0.0000000  -0.00000003
 370    0.0000000  -0.00000001
 371    0.0000412  -0.00013215
 372    0.0000441  -0.00013184
 373    0.0000987  -0.00028502
 374    0.0000250  -0.00008064
 375    0.0000286  -0.00009454
 376    0.0000719  -0.00018322
 377    0.0000530  -0.00015122
 378    0.0000173  -0.00006285
 379    0.0000016  -0.00000705
 380    0.0000335  -0.00009183
 381    0.0000392  -0.00012771
 382    0.0000450  -0.00014216
 383    0.0000538  -0.00019142
 384    0.0000484  -0.00016393
 385    0.0002739  -0.00070242
 386    0.0000061  -0.00002390
 387    0.0001790  -0.00055074
 388    0.0000508  -0.00018386
 389    0.0000579  -0.00020309
 390    0.0001011  -0.00037621
 391    0.0000317  -0.00013560
 392    0.0000450  -0.00019370
 393    0.0000113  -0.00008711
 394    0.0000612  -0.00081472
 395    0.0000133  -0.00013475
 396    0.0000127  -0.00016566
 397    0.0000002  -0.00000192
 398    0.0000002  -0.00000158
 399    0.0000002  -0.00000197
 400    0.0000001  -0.00000054
 401    0.0000003  -0.00000246
 402    0.0000001  -0.00000061
 403    0.0000001  -0.00000063
 404    0.0000000  -0.00000012
 405    0.0000000  -0.00000008
 406    0.0000000  -0.00000002
 407    0.0000000  -0.00000001
 408    0.0000180  -0.00004530
 409    0.0000408  -0.00012199
 410    0.0000636  -0.00019191
 411    0.0000209  -0.00006924
 412    0.0000140  -0.00004901
 413    0.0000621  -0.00015975
 414    0.0000342  -0.00010517
 415    0.0000142  -0.00005063
 416    0.0000016  -0.00000649
 417    0.0000268  -0.00008093
 418    0.0000217  -0.00008598
 419    0.0000353  -0.00012202
 420    0.0000286  -0.00012953
 421    0.0000390  -0.00011967
 422    0.0002057  -0.00051128
 423    0.0000034  -0.00001420
 424    0.0001548  -0.00046867
 425    0.0000139  -0.00007540
 426    0.0000544  -0.00018743
 427    0.0000837  -0.00028944
 428    0.0000256  -0.00013690
 429    0.0000178  -0.00012129
 430    0.0000112  -0.00008547
 431    0.0000235  -0.00014687
 432    0.0000130  -0.00012130
 433    0.0000126  -0.00012681
 434    0.0000001  -0.00000115
 435    0.0000002  -0.00000139
 436    0.0000002  -0.00000185
 437    0.0000000  -0.00000042
 438    0.0000001  -0.00000120
 439    0.0000001  -0.00000055
 440    0.0000001  -0.00000059
 441    0.0000000  -0.00000011
 442    0.0000000  -0.00000006
 443    0.0000000  -0.00000002
 444    0.0000000  -0.00000001
 445    0.0000116  -0.00003512
 446    0.0000199  -0.00004763
 447    0.0000624  -0.00019158
 448    0.0000140  -0.00005219
 449    0.0000091  -0.00003472
 450    0.0000524  -0.00013773
 451    0.0000134  -0.00004653
 452    0.0000092  -0.00003372
 453    0.0000012  -0.00000519
 454    0.0000198  -0.00005572
 455    0.0000164  -0.00008654
 456    0.0000278  -0.00010223
 457    0.0000173  -0.00010262
 458    0.0000269  -0.00011910
 459    0.0000471  -0.00015681
 460    0.0000032  -0.00001288
 461    0.0001075  -0.00033517
 462    0.0000134  -0.00007533
 463    0.0000287  -0.00013146
 464    0.0000699  -0.00030560
 465    0.0000215  -0.00012726
 466    0.0000162  -0.00011175
 467    0.0000106  -0.00008628
 468    0.0000213  -0.00016371
 469    0.0000130  -0.00020040
 470    0.0000117  -0.00017308
 471    0.0000001  -0.00000084
 472    0.0000001  -0.00000100
 473    0.0000001  -0.00000085
 474    0.0000000  -0.00000037
 475    0.0000001  -0.00000099
 476    0.0000001  -0.00000050
 477    0.0000001  -0.00000054
 478    0.0000000  -0.00000009
 479    0.0000000  -0.00000005
 480    0.0000000  -0.00000002
 481    0.0000000  -0.00000001
 482    0.0000094  -0.00003296
 483    0.0000111  -0.00003333
 484    0.0000528  -0.00017655
 485    0.0000109  -0.00003848
 486    0.0000082  -0.00003061
 487    0.0000439  -0.00012250
 488    0.0000110  -0.00004032
 489    0.0000085  -0.00003032
 490    0.0000007  -0.00000374
 491    0.0000182  -0.00004896
 492    0.0000111  -0.00004867
 493    0.0000082  -0.00003719
 494    0.0000167  -0.00010643
 495    0.0000168  -0.00009416
 496    0.0000294  -0.00010390
 497    0.0000029  -0.00001068
 498    0.0000290  -0.00011929
 499    0.0000122  -0.00006713
 500    0.0000280  -0.00012026
 501    0.0000467  -0.00019255
 502    0.0000181  -0.00011827
 503    0.0000159  -0.00011496
 504    0.0000099  -0.00007070
 505    0.0000200  -0.00014996
 506    0.0000129  -0.00014151
 507    0.0000034  -0.00002387
 508    0.0000001  -0.00000071
 509    0.0000001  -0.00000081
 510    0.0000001  -0.00000085
 511    0.0000000  -0.00000037
 512    0.0000001  -0.00000079
 513    0.0000000  -0.00000041
 514    0.0000001  -0.00000049
 515    0.0000000  -0.00000008
 516    0.0000000  -0.00000005
 517    0.0000000  -0.00000001
 518    0.0000000  -0.00000001
 519    0.0000076  -0.00002764
 520    0.0000093  -0.00003322
 521    0.0000323  -0.00011677
 522    0.0000107  -0.00003979
 523    0.0000065  -0.00002482
 524    0.0000171  -0.00005571
 525    0.0000098  -0.00003479
 526    0.0000069  -0.00002413
 527    0.0000006  -0.00000294
 528    0.0000103  -0.00002829
 529    0.0000089  -0.00004017
 530    0.0000079  -0.00003546
 531    0.0000114  -0.00006566
 532    0.0000164  -0.00009667
 533    0.0000178  -0.00007493
 534    0.0000024  -0.00000999
 535    0.0000192  -0.00009869
 536    0.0000081  -0.00004402
 537    0.0000163  -0.00009467
 538    0.0000338  -0.00014760
 539    0.0000157  -0.00010617
 540    0.0000149  -0.00011041
 541    0.0000054  -0.00003777
 542    0.0000178  -0.00013789
 543    0.0000051  -0.00004163
 544    0.0000021  -0.00001555
 545    0.0000001  -0.00000068
 546    0.0000001  -0.00000069
 547    0.0000001  -0.00000074
 548    0.0000000  -0.00000023
 549    0.0000000  -0.00000039
 550    0.0000000  -0.00000043
 551    0.0000000  -0.00000024
 552    0.0000000  -0.00000008
 553    0.0000000  -0.00000004
 554    0.0000000  -0.00000001
 555    0.0000000  -0.00000001
 556    0.0000069  -0.00002657
 557    0.0000064  -0.00002502
 558    0.0000269  -0.00010264
 559    0.0000062  -0.00002356
 560    0.0000050  -0.00001873
 561    0.0000102  -0.00003450
 562    0.0000082  -0.00002903
 563    0.0000061  -0.00002150
 564    0.0000005  -0.00000279
 565    0.0000051  -0.00001780
 566    0.0000038  -0.00001874
 567    0.0000070  -0.00003127
 568    0.0000053  -0.00002515
 569    0.0000144  -0.00007592
 570    0.0000137  -0.00006107
 571    0.0000017  -0.00000777
 572    0.0000191  -0.00009519
 573    0.0000074  -0.00004093
 574    0.0000063  -0.00003709
 575    0.0000160  -0.00011713
 576    0.0000149  -0.00010245
 577    0.0000106  -0.00007138
 578    0.0000035  -0.00002277
 579    0.0000150  -0.00012181
 580    0.0000027  -0.00002395
 581    0.0000014  -0.00000965
 582    0.0000001  -0.00000050
 583    0.0000001  -0.00000056
 584    0.0000001  -0.00000060
 585    0.0000000  -0.00000015
 586    0.0000000  -0.00000033
 587    0.0000000  -0.00000027
 588    0.0000000  -0.00000018
 589    0.0000000  -0.00000007
 590    0.0000000  -0.00000004
 591    0.0000000  -0.00000001
 592    0.0000000  -0.00000000
 593    0.0000063  -0.00002024
 594    0.0000054  -0.00002032
 595    0.0000237  -0.00009353
 596    0.0000039  -0.00001470
 597    0.0000021  -0.00000920
 598    0.0000050  -0.00001763
 599    0.0000058  -0.00001964
 600    0.0000028  -0.00001083
 601    0.0000002  -0.00000138
 602    0.0000028  -0.00000963
 603    0.0000026  -0.00001330
 604    0.0000043  -0.00002044
 605    0.0000028  -0.00001498
 606    0.0000077  -0.00003991
 607    0.0000128  -0.00005174
 608    0.0000009  -0.00000462
 609    0.0000113  -0.00006558
 610    0.0000031  -0.00001735
 611    0.0000042  -0.00002361
 612    0.0000101  -0.00007480
 613    0.0000054  -0.00003233
 614    0.0000082  -0.00004814
 615    0.0000015  -0.00001070
 616    0.0000139  -0.00011330
 617    0.0000015  -0.00001110
 618    0.0000013  -0.00000875
 619    0.0000000  -0.00000033
 620    0.0000000  -0.00000031
 621    0.0000000  -0.00000030
 622    0.0000000  -0.00000013
 623    0.0000000  -0.00000028
 624    0.0000000  -0.00000011
 625    0.0000000  -0.00000012
 626    0.0000000  -0.00000006
 627    0.0000000  -0.00000002
 628    0.0000000  -0.00000001
 629    0.0000000  -0.00000001
 630    0.0000017  -0.00000747
 631    0.0000012  -0.00000607
 632    0.0000042  -0.00001939
 633    0.0000024  -0.00001024
 634    0.0000016  -0.00000679
 635    0.0000033  -0.00001274
 636    0.0000026  -0.00001009
 637    0.0000024  -0.00000973
 638    0.0000002  -0.00000112
 639    0.0000022  -0.00000744
 640    0.0000025  -0.00001263
 641    0.0000035  -0.00001636
 642    0.0000026  -0.00001382
 643    0.0000040  -0.00001987
 644    0.0000067  -0.00003297
 645    0.0000006  -0.00000291
 646    0.0000045  -0.00002321
 647    0.0000013  -0.00000737
 648    0.0000022  -0.00001360
 649    0.0000066  -0.00004022
 650    0.0000048  -0.00002650
 651    0.0000031  -0.00001848
 652    0.0000007  -0.00000556
 653    0.0000076  -0.00005339
 654    0.0000014  -0.00001214
 655    0.0000008  -0.00000614
 656    0.0000000  -0.00000020
 657    0.0000000  -0.00000013
 658    0.0000000  -0.00000028
 659    0.0000000  -0.00000013
 660    0.0000000  -0.00000023
 661    0.0000000  -0.00000012
 662    0.0000000  -0.00000010
 663    0.0000000  -0.00000004
 664    0.0000000  -0.00000002
 665    0.0000000  -0.00000000
 666    0.0000000  -0.00000001
 
----------------
 Final Energies 
----------------
Final NOF Total Energy =    -934.9858228
 
Total Orbital Internal Iterations = 160
Total Occupation Internal Iterations = 8
 
Elapsed time: 1403.85 Seconds

---------------------------------
   Lowdin Population Analysis    
---------------------------------
 Idx  Atom   Population   Charge 
---------------------------------
  1    Li     3.350      -0.350
  2    Cl    16.779       0.221
  3     F     8.527       0.473
  4     H     1.032      -0.032
  5     H     1.012      -0.012
  6    Na    11.246      -0.246
  7     B     5.246      -0.246
  8     H     0.816       0.184
  9     C     5.905       0.095
 10     H     0.969       0.031
 11     H     1.078      -0.078
 12     F     8.714       0.286
 13     C     5.995       0.005
 14     H     0.800       0.200
 15     H     1.026      -0.026
 16     H     1.508      -0.508

---------------------------------
   M Diagnostic: 0.03
---------------------------------

