Computing Integrals
Basis Set                                            = def2-qzvp
Auxiliary Basis Set                                  = def2-universal-jkfit
Gaussian Type                                        = Spherical
Elapsed time:   14.85 Seconds

Number of basis functions                   (NBF)    = 730
Number of auxiliary basis functions         (NBFAUX) = 897
Inactive Doubly occupied orbitals up to     (NO1)    = 0
No. considered Strongly Doubly occupied MOs (NDOC)   = 39
No. considered Strongly Singly occupied MOs (NSOC)   = 0
NO. of Weakly occ. per St. Doubly occ.  MOs (NCWO)   = 17
Dimension of the Nat. Orb. subspace         (NBF5)   = 702
No. of electrons                                     = 78
    No. of alpha electrons                           = 39
    No. of beta electrons                            = 39
Multiplicity                                         = 1

Geometry
========
 F       0.7376682       2.7204564       2.3332915
 H       2.1502189       1.5310882      -2.2904535
 C      -1.1792462       0.2222691      -1.8302544
 C      -0.7925509      -0.8893835      -1.4482176
Al       0.6303297      -2.2656506      -1.0558775
 H      -0.3935600      -2.5587739       0.7967031
Mg       1.3292880       0.3191643      -1.3712420
 H       0.2272279      -2.1405843       0.9694259
 H       1.9889959       2.1855359       0.3246245
 O       1.3190089       1.4883302       0.4414428
 B       0.4640822       1.6883121       1.5238846
 H       0.0341861      -3.7377772      -1.1971673
 N      -0.6296379       0.8353057       1.7092888
 B      -1.6389717       0.0900917       1.6400511
 H      -2.5819614      -0.5997115       1.6291404
 H      -1.6650778       1.1113275      -2.1746405

No violations of the orthonormality
No violations of the orthonormality
 
PNOF8/ADABelief Calculation
==================
 
  Nitext  Nit_orb  Time   Nit_occ  Time         Eelec          Etot           Ediff      maxdiff    MaxGrad_orb  Grad_occ
     1      10    1.3e+02    0    3.4e+01 -1288.13149901  -801.70854566 -11287.13149901   0.000490   2.0e-03   1.7e-04 0.03
 
RESULTS OF THE OCCUPATION OPTIMIZATION
========================================
   1    1.9999992  -53.78735961
   2    1.9999992  -53.78405636
   3    1.9999922  -23.51926684
   4    1.9999935  -22.49977149
   5    1.9999874  -15.07046512
   6    1.9999855  -12.65751496
   7    1.9999806  -11.34901895
   8    1.9999446  -7.73138837
   9    1.9999233  -7.69233965
  10    1.9987745  -4.85633325
  11    1.9973758  -3.72495046
  12    1.9971647  -3.26299589
  13    1.9948978  -3.09427457
  14    1.9957136  -3.07570928
  15    1.9954761  -2.43693382
  16    1.9953741  -2.42636301
  17    1.9927837  -2.29935941
  18    1.9870011  -1.58801376
  19    1.9853346  -1.37474506
  20    1.9845028  -1.04842781
  21    1.9750844  -0.86613338
  22    1.9783131  -0.82207949
  23    1.9744237  -0.81060087
  24    1.9773268  -0.78247579
  25    1.9753675  -0.77516284
  26    1.9800227  -0.76778820
  27    1.9769101  -0.75843132
  28    1.9784836  -0.74693343
  29    1.9756469  -0.72810761
  30    1.9819617  -0.71142533
  31    1.9795564  -0.65536309
  32    1.9780508  -0.64772186
  33    1.9677201  -0.62140423
  34    1.9723791  -0.53133419
  35    1.9691570  -0.50593475
  36    1.9657991  -0.45165915
  37    1.9638639  -0.43968161
  38    1.9757867  -0.41136298
  39    1.9711373  -0.40114933
  40    0.0165827  -0.02231831
  41    0.0064066  -0.01082609
  42    0.0264759  -0.02916776
  43    0.0290598  -0.03164526
  44    0.0214579  -0.02609855
  45    0.0177172  -0.02294732
  46    0.0133083  -0.01415770
  47    0.0140362  -0.02306367
  48    0.0112879  -0.02259829
  49    0.0067004  -0.01420139
  50    0.0154371  -0.02337112
  51    0.0079996  -0.01777424
  52    0.0175911  -0.02918028
  53    0.0083572  -0.01609900
  54    0.0189639  -0.03277468
  55    0.0146717  -0.02557932
  56    0.0198462  -0.03066784
  57    0.0143005  -0.02395608
  58    0.0201518  -0.03761227
  59    0.0054270  -0.01284289
  60    0.0068275  -0.01691587
  61    0.0067263  -0.02165447
  62    0.0066185  -0.03110159
  63    0.0030452  -0.01386972
  64    0.0030481  -0.01383003
  65    0.0039744  -0.01862142
  66    0.0049249  -0.02550668
  67    0.0023692  -0.01354649
  68    0.0024305  -0.01332315
  69    0.0011698  -0.00774432
  70    0.0000660  -0.00096081
  71    0.0000422  -0.00059260
  72    0.0000168  -0.00032609
  73    0.0000113  -0.00021047
  74    0.0000112  -0.00025820
  75    0.0000057  -0.00011774
  76    0.0000072  -0.00023533
  77    0.0000007  -0.00000994
  78    0.0000006  -0.00000909
  79    0.0039235  -0.00543546
  80    0.0049953  -0.00894845
  81    0.0047930  -0.00700409
  82    0.0034239  -0.00488156
  83    0.0043742  -0.00719539
  84    0.0061318  -0.01039057
  85    0.0106774  -0.01185553
  86    0.0049279  -0.00970170
  87    0.0025303  -0.00820545
  88    0.0032190  -0.01030826
  89    0.0035346  -0.00669881
  90    0.0037631  -0.00959998
  91    0.0039231  -0.00922201
  92    0.0046427  -0.01036019
  93    0.0041062  -0.00892429
  94    0.0049564  -0.00982677
  95    0.0043266  -0.00890658
  96    0.0026187  -0.00485464
  97    0.0036958  -0.00944236
  98    0.0032919  -0.00783462
  99    0.0032451  -0.00830711
 100    0.0029723  -0.00930427
 101    0.0001956  -0.00122450
 102    0.0004991  -0.00433242
 103    0.0005114  -0.00446186
 104    0.0002263  -0.00307080
 105    0.0000842  -0.00095059
 106    0.0003109  -0.00420934
 107    0.0000598  -0.00142586
 108    0.0000214  -0.00069324
 109    0.0000025  -0.00004580
 110    0.0000036  -0.00008301
 111    0.0000004  -0.00000505
 112    0.0000008  -0.00004023
 113    0.0000002  -0.00000423
 114    0.0000001  -0.00000131
 115    0.0000001  -0.00000167
 116    0.0000000  -0.00000014
 117    0.0000000  -0.00000023
 118    0.0036470  -0.00515519
 119    0.0033986  -0.00832429
 120    0.0033136  -0.00484623
 121    0.0009412  -0.00163813
 122    0.0037249  -0.00608586
 123    0.0017260  -0.00364455
 124    0.0029089  -0.00358070
 125    0.0011952  -0.00349884
 126    0.0025278  -0.00802347
 127    0.0025889  -0.00835007
 128    0.0018784  -0.00432914
 129    0.0036763  -0.00941750
 130    0.0004925  -0.00163458
 131    0.0023779  -0.00599909
 132    0.0004620  -0.00134295
 133    0.0013153  -0.00340227
 134    0.0005046  -0.00138008
 135    0.0025874  -0.00490677
 136    0.0002784  -0.00108749
 137    0.0023111  -0.00799454
 138    0.0015015  -0.00591351
 139    0.0014509  -0.00617729
 140    0.0001514  -0.00075728
 141    0.0004467  -0.00574449
 142    0.0004307  -0.00563374
 143    0.0000185  -0.00017483
 144    0.0000229  -0.00018660
 145    0.0000482  -0.00092793
 146    0.0000530  -0.00084183
 147    0.0000091  -0.00027889
 148    0.0000015  -0.00002552
 149    0.0000022  -0.00004335
 150    0.0000004  -0.00000872
 151    0.0000005  -0.00002015
 152    0.0000002  -0.00000212
 153    0.0000001  -0.00000113
 154    0.0000001  -0.00000085
 155    0.0000000  -0.00000012
 156    0.0000000  -0.00000010
 157    0.0019706  -0.00276690
 158    0.0027683  -0.00685466
 159    0.0008403  -0.00145731
 160    0.0003108  -0.00063263
 161    0.0004930  -0.00118359
 162    0.0013277  -0.00284030
 163    0.0026550  -0.00323877
 164    0.0007503  -0.00226571
 165    0.0022320  -0.00640218
 166    0.0020527  -0.00569643
 167    0.0017314  -0.00355649
 168    0.0036299  -0.00946649
 169    0.0002784  -0.00104958
 170    0.0014723  -0.00477526
 171    0.0003227  -0.00102595
 172    0.0005438  -0.00127257
 173    0.0004306  -0.00120548
 174    0.0007896  -0.00246483
 175    0.0002739  -0.00106325
 176    0.0012224  -0.00464723
 177    0.0010387  -0.00479847
 178    0.0006354  -0.00299133
 179    0.0001310  -0.00064193
 180    0.0002429  -0.00151878
 181    0.0002561  -0.00166479
 182    0.0000120  -0.00012614
 183    0.0000158  -0.00014151
 184    0.0000279  -0.00018445
 185    0.0000166  -0.00013796
 186    0.0000050  -0.00018927
 187    0.0000012  -0.00002418
 188    0.0000019  -0.00001545
 189    0.0000003  -0.00001077
 190    0.0000003  -0.00001802
 191    0.0000002  -0.00000174
 192    0.0000001  -0.00000100
 193    0.0000001  -0.00000061
 194    0.0000000  -0.00000007
 195    0.0000000  -0.00000009
 196    0.0016450  -0.00286084
 197    0.0022482  -0.00444669
 198    0.0002650  -0.00051752
 199    0.0001757  -0.00036972
 200    0.0003092  -0.00076370
 201    0.0002827  -0.00069954
 202    0.0011604  -0.00220387
 203    0.0004507  -0.00125994
 204    0.0005686  -0.00139882
 205    0.0011842  -0.00400041
 206    0.0008024  -0.00236584
 207    0.0008186  -0.00296713
 208    0.0002771  -0.00104220
 209    0.0006545  -0.00181262
 210    0.0003071  -0.00096298
 211    0.0004239  -0.00117044
 212    0.0002559  -0.00085044
 213    0.0005595  -0.00119826
 214    0.0002460  -0.00097333
 215    0.0008358  -0.00343752
 216    0.0007098  -0.00313996
 217    0.0004734  -0.00343885
 218    0.0000193  -0.00013691
 219    0.0001738  -0.00083112
 220    0.0000668  -0.00115008
 221    0.0000106  -0.00009269
 222    0.0000103  -0.00007800
 223    0.0000135  -0.00014908
 224    0.0000130  -0.00016378
 225    0.0000037  -0.00003363
 226    0.0000009  -0.00002253
 227    0.0000010  -0.00002782
 228    0.0000002  -0.00000250
 229    0.0000003  -0.00000322
 230    0.0000002  -0.00000142
 231    0.0000001  -0.00000083
 232    0.0000000  -0.00000052
 233    0.0000000  -0.00000005
 234    0.0000000  -0.00000008
 235    0.0002980  -0.00049704
 236    0.0015567  -0.00239322
 237    0.0002441  -0.00050052
 238    0.0000949  -0.00023197
 239    0.0001626  -0.00040384
 240    0.0000930  -0.00026021
 241    0.0009711  -0.00159427
 242    0.0001333  -0.00047233
 243    0.0004605  -0.00128922
 244    0.0007166  -0.00226023
 245    0.0002772  -0.00066697
 246    0.0003864  -0.00140747
 247    0.0002128  -0.00087191
 248    0.0006306  -0.00167637
 249    0.0002611  -0.00088887
 250    0.0002576  -0.00077104
 251    0.0000577  -0.00018151
 252    0.0002563  -0.00065452
 253    0.0001671  -0.00060740
 254    0.0007644  -0.00224207
 255    0.0004300  -0.00146118
 256    0.0002291  -0.00106548
 257    0.0000160  -0.00012399
 258    0.0000678  -0.00101849
 259    0.0000542  -0.00074758
 260    0.0000105  -0.00012507
 261    0.0000095  -0.00007164
 262    0.0000119  -0.00014095
 263    0.0000108  -0.00017149
 264    0.0000033  -0.00004299
 265    0.0000009  -0.00001386
 266    0.0000008  -0.00001135
 267    0.0000002  -0.00000207
 268    0.0000003  -0.00000261
 269    0.0000001  -0.00000130
 270    0.0000001  -0.00000079
 271    0.0000000  -0.00000041
 272    0.0000000  -0.00000005
 273    0.0000000  -0.00000007
 274    0.0002069  -0.00034602
 275    0.0015436  -0.00230263
 276    0.0000866  -0.00020234
 277    0.0000680  -0.00017550
 278    0.0001071  -0.00031125
 279    0.0000825  -0.00022935
 280    0.0001537  -0.00028135
 281    0.0000955  -0.00029814
 282    0.0002272  -0.00071402
 283    0.0003783  -0.00111062
 284    0.0002288  -0.00056066
 285    0.0003594  -0.00133164
 286    0.0001312  -0.00041823
 287    0.0005593  -0.00156614
 288    0.0000630  -0.00022042
 289    0.0002558  -0.00088243
 290    0.0000410  -0.00014582
 291    0.0001790  -0.00046610
 292    0.0000231  -0.00009472
 293    0.0007532  -0.00224296
 294    0.0003279  -0.00128700
 295    0.0002263  -0.00102197
 296    0.0000149  -0.00011311
 297    0.0000240  -0.00024430
 298    0.0000353  -0.00025672
 299    0.0000079  -0.00006631
 300    0.0000082  -0.00005973
 301    0.0000103  -0.00011691
 302    0.0000098  -0.00017509
 303    0.0000028  -0.00002720
 304    0.0000006  -0.00001121
 305    0.0000007  -0.00000738
 306    0.0000002  -0.00000193
 307    0.0000002  -0.00000226
 308    0.0000001  -0.00000111
 309    0.0000001  -0.00000065
 310    0.0000000  -0.00000041
 311    0.0000000  -0.00000004
 312    0.0000000  -0.00000008
 313    0.0001541  -0.00029387
 314    0.0003652  -0.00081114
 315    0.0000357  -0.00008001
 316    0.0000455  -0.00011068
 317    0.0000698  -0.00019760
 318    0.0000731  -0.00021729
 319    0.0001228  -0.00024961
 320    0.0000907  -0.00027861
 321    0.0001749  -0.00050927
 322    0.0003527  -0.00139483
 323    0.0002259  -0.00056251
 324    0.0002687  -0.00117971
 325    0.0000643  -0.00022341
 326    0.0004462  -0.00127912
 327    0.0000443  -0.00015495
 328    0.0000796  -0.00025953
 329    0.0000328  -0.00012219
 330    0.0000990  -0.00027687
 331    0.0000192  -0.00009688
 332    0.0003813  -0.00113807
 333    0.0001513  -0.00072748
 334    0.0000774  -0.00035704
 335    0.0000114  -0.00008898
 336    0.0000230  -0.00016604
 337    0.0000253  -0.00015184
 338    0.0000070  -0.00012886
 339    0.0000053  -0.00003906
 340    0.0000097  -0.00010180
 341    0.0000063  -0.00016908
 342    0.0000022  -0.00001745
 343    0.0000006  -0.00000455
 344    0.0000006  -0.00001095
 345    0.0000002  -0.00000175
 346    0.0000002  -0.00000185
 347    0.0000001  -0.00000064
 348    0.0000001  -0.00000063
 349    0.0000000  -0.00000026
 350    0.0000000  -0.00000004
 351    0.0000000  -0.00000006
 352    0.0001013  -0.00020002
 353    0.0002703  -0.00070357
 354    0.0000256  -0.00005370
 355    0.0000231  -0.00006457
 356    0.0000383  -0.00011309
 357    0.0000584  -0.00016865
 358    0.0000936  -0.00016505
 359    0.0000658  -0.00022721
 360    0.0001248  -0.00033418
 361    0.0002514  -0.00075997
 362    0.0000853  -0.00024669
 363    0.0002291  -0.00091239
 364    0.0000243  -0.00010012
 365    0.0001664  -0.00049739
 366    0.0000377  -0.00015379
 367    0.0000473  -0.00016737
 368    0.0000224  -0.00008938
 369    0.0000935  -0.00025583
 370    0.0000140  -0.00007246
 371    0.0001722  -0.00051727
 372    0.0001261  -0.00061313
 373    0.0000443  -0.00021639
 374    0.0000108  -0.00007878
 375    0.0000188  -0.00013016
 376    0.0000236  -0.00023643
 377    0.0000044  -0.00003259
 378    0.0000044  -0.00003000
 379    0.0000076  -0.00011360
 380    0.0000061  -0.00010812
 381    0.0000018  -0.00001209
 382    0.0000006  -0.00000537
 383    0.0000005  -0.00000486
 384    0.0000002  -0.00000169
 385    0.0000001  -0.00000111
 386    0.0000001  -0.00000052
 387    0.0000001  -0.00000059
 388    0.0000000  -0.00000020
 389    0.0000000  -0.00000002
 390    0.0000000  -0.00000005
 391    0.0000939  -0.00019486
 392    0.0001729  -0.00039371
 393    0.0000170  -0.00003888
 394    0.0000146  -0.00004004
 395    0.0000283  -0.00007882
 396    0.0000552  -0.00015008
 397    0.0000748  -0.00014836
 398    0.0000561  -0.00018588
 399    0.0000849  -0.00025161
 400    0.0001558  -0.00050147
 401    0.0000382  -0.00012603
 402    0.0002117  -0.00082523
 403    0.0000172  -0.00008708
 404    0.0001399  -0.00036206
 405    0.0000228  -0.00009242
 406    0.0000382  -0.00012998
 407    0.0000151  -0.00006804
 408    0.0000612  -0.00018872
 409    0.0000122  -0.00005955
 410    0.0001035  -0.00042343
 411    0.0000938  -0.00039842
 412    0.0000393  -0.00021121
 413    0.0000094  -0.00006568
 414    0.0000167  -0.00013607
 415    0.0000173  -0.00014185
 416    0.0000035  -0.00003107
 417    0.0000034  -0.00002516
 418    0.0000068  -0.00004973
 419    0.0000048  -0.00003853
 420    0.0000014  -0.00001370
 421    0.0000004  -0.00000397
 422    0.0000004  -0.00000301
 423    0.0000001  -0.00000124
 424    0.0000001  -0.00000114
 425    0.0000000  -0.00000045
 426    0.0000000  -0.00000036
 427    0.0000000  -0.00000020
 428    0.0000000  -0.00000002
 429    0.0000000  -0.00000005
 430    0.0000803  -0.00017001
 431    0.0001549  -0.00036223
 432    0.0000075  -0.00002060
 433    0.0000137  -0.00003781
 434    0.0000239  -0.00006596
 435    0.0000219  -0.00008168
 436    0.0000583  -0.00013969
 437    0.0000495  -0.00016765
 438    0.0000720  -0.00020558
 439    0.0001272  -0.00041701
 440    0.0000306  -0.00009439
 441    0.0000505  -0.00018528
 442    0.0000152  -0.00008367
 443    0.0001229  -0.00037966
 444    0.0000120  -0.00005392
 445    0.0000241  -0.00009826
 446    0.0000137  -0.00005389
 447    0.0000369  -0.00012778
 448    0.0000082  -0.00003457
 449    0.0000894  -0.00028231
 450    0.0000778  -0.00035714
 451    0.0000344  -0.00018530
 452    0.0000091  -0.00006307
 453    0.0000151  -0.00011873
 454    0.0000169  -0.00013851
 455    0.0000030  -0.00002118
 456    0.0000033  -0.00002268
 457    0.0000055  -0.00004832
 458    0.0000047  -0.00004090
 459    0.0000013  -0.00002428
 460    0.0000004  -0.00000375
 461    0.0000004  -0.00000759
 462    0.0000001  -0.00000069
 463    0.0000001  -0.00000101
 464    0.0000000  -0.00000045
 465    0.0000000  -0.00000027
 466    0.0000000  -0.00000017
 467    0.0000000  -0.00000002
 468    0.0000000  -0.00000004
 469    0.0000664  -0.00014662
 470    0.0001158  -0.00026070
 471    0.0000071  -0.00001847
 472    0.0000090  -0.00002581
 473    0.0000154  -0.00004532
 474    0.0000164  -0.00006221
 475    0.0000319  -0.00008534
 476    0.0000396  -0.00014985
 477    0.0000533  -0.00016661
 478    0.0001249  -0.00036763
 479    0.0000278  -0.00008589
 480    0.0000426  -0.00015198
 481    0.0000144  -0.00008212
 482    0.0001155  -0.00033329
 483    0.0000092  -0.00003935
 484    0.0000176  -0.00007420
 485    0.0000094  -0.00003567
 486    0.0000285  -0.00011043
 487    0.0000076  -0.00003203
 488    0.0000516  -0.00018056
 489    0.0000571  -0.00024800
 490    0.0000274  -0.00014990
 491    0.0000090  -0.00006259
 492    0.0000146  -0.00011552
 493    0.0000145  -0.00011041
 494    0.0000024  -0.00001917
 495    0.0000032  -0.00002343
 496    0.0000048  -0.00004286
 497    0.0000032  -0.00002746
 498    0.0000011  -0.00001812
 499    0.0000004  -0.00002193
 500    0.0000004  -0.00001159
 501    0.0000001  -0.00000065
 502    0.0000001  -0.00000092
 503    0.0000000  -0.00000043
 504    0.0000000  -0.00000030
 505    0.0000000  -0.00000016
 506    0.0000000  -0.00000002
 507    0.0000000  -0.00000005
 508    0.0000508  -0.00012294
 509    0.0000951  -0.00021870
 510    0.0000067  -0.00001755
 511    0.0000066  -0.00001912
 512    0.0000142  -0.00004471
 513    0.0000136  -0.00005282
 514    0.0000218  -0.00006133
 515    0.0000223  -0.00010201
 516    0.0000421  -0.00013945
 517    0.0000655  -0.00020159
 518    0.0000184  -0.00006176
 519    0.0000310  -0.00012518
 520    0.0000143  -0.00007592
 521    0.0001071  -0.00028629
 522    0.0000080  -0.00003525
 523    0.0000128  -0.00005971
 524    0.0000066  -0.00002620
 525    0.0000258  -0.00009635
 526    0.0000059  -0.00002534
 527    0.0000369  -0.00015774
 528    0.0000403  -0.00017380
 529    0.0000238  -0.00014318
 530    0.0000061  -0.00004218
 531    0.0000137  -0.00010444
 532    0.0000123  -0.00010422
 533    0.0000021  -0.00001550
 534    0.0000028  -0.00002034
 535    0.0000037  -0.00003534
 536    0.0000026  -0.00002429
 537    0.0000009  -0.00000886
 538    0.0000002  -0.00000190
 539    0.0000003  -0.00000805
 540    0.0000001  -0.00000059
 541    0.0000001  -0.00000067
 542    0.0000000  -0.00000036
 543    0.0000000  -0.00000028
 544    0.0000000  -0.00000015
 545    0.0000000  -0.00000002
 546    0.0000000  -0.00000004
 547    0.0000243  -0.00006239
 548    0.0000751  -0.00016771
 549    0.0000061  -0.00001551
 550    0.0000064  -0.00001633
 551    0.0000106  -0.00003185
 552    0.0000105  -0.00003768
 553    0.0000145  -0.00004168
 554    0.0000149  -0.00007143
 555    0.0000309  -0.00011196
 556    0.0000551  -0.00017195
 557    0.0000160  -0.00005301
 558    0.0000211  -0.00008424
 559    0.0000141  -0.00007684
 560    0.0001031  -0.00027644
 561    0.0000059  -0.00002560
 562    0.0000104  -0.00004222
 563    0.0000059  -0.00002313
 564    0.0000217  -0.00008146
 565    0.0000049  -0.00002136
 566    0.0000246  -0.00012515
 567    0.0000184  -0.00011543
 568    0.0000165  -0.00011750
 569    0.0000055  -0.00003764
 570    0.0000110  -0.00008450
 571    0.0000046  -0.00003479
 572    0.0000016  -0.00001193
 573    0.0000026  -0.00001802
 574    0.0000029  -0.00002422
 575    0.0000016  -0.00001295
 576    0.0000008  -0.00000637
 577    0.0000002  -0.00000156
 578    0.0000003  -0.00000664
 579    0.0000000  -0.00000040
 580    0.0000000  -0.00000040
 581    0.0000000  -0.00000029
 582    0.0000000  -0.00000016
 583    0.0000000  -0.00000012
 584    0.0000000  -0.00000001
 585    0.0000000  -0.00000004
 586    0.0000114  -0.00003469
 587    0.0000253  -0.00008454
 588    0.0000053  -0.00001332
 589    0.0000054  -0.00001523
 590    0.0000083  -0.00002557
 591    0.0000071  -0.00002627
 592    0.0000131  -0.00003638
 593    0.0000105  -0.00004557
 594    0.0000186  -0.00006945
 595    0.0000269  -0.00011127
 596    0.0000151  -0.00005346
 597    0.0000160  -0.00006987
 598    0.0000119  -0.00005339
 599    0.0000665  -0.00021104
 600    0.0000037  -0.00001632
 601    0.0000093  -0.00004039
 602    0.0000051  -0.00002186
 603    0.0000172  -0.00006807
 604    0.0000033  -0.00001441
 605    0.0000152  -0.00008057
 606    0.0000082  -0.00004726
 607    0.0000153  -0.00011418
 608    0.0000053  -0.00003724
 609    0.0000082  -0.00006492
 610    0.0000028  -0.00001930
 611    0.0000010  -0.00000865
 612    0.0000006  -0.00000461
 613    0.0000009  -0.00000724
 614    0.0000007  -0.00000560
 615    0.0000005  -0.00000541
 616    0.0000002  -0.00000141
 617    0.0000001  -0.00000074
 618    0.0000000  -0.00000034
 619    0.0000000  -0.00000034
 620    0.0000000  -0.00000028
 621    0.0000000  -0.00000014
 622    0.0000000  -0.00000010
 623    0.0000000  -0.00000001
 624    0.0000000  -0.00000002
 625    0.0000035  -0.00001224
 626    0.0000159  -0.00005449
 627    0.0000047  -0.00001269
 628    0.0000011  -0.00000476
 629    0.0000034  -0.00001206
 630    0.0000020  -0.00000856
 631    0.0000105  -0.00003258
 632    0.0000055  -0.00002544
 633    0.0000045  -0.00002030
 634    0.0000223  -0.00008663
 635    0.0000037  -0.00001439
 636    0.0000086  -0.00004009
 637    0.0000055  -0.00002554
 638    0.0000093  -0.00003947
 639    0.0000017  -0.00000828
 640    0.0000052  -0.00002554
 641    0.0000018  -0.00000762
 642    0.0000089  -0.00003921
 643    0.0000023  -0.00001075
 644    0.0000093  -0.00005159
 645    0.0000075  -0.00004339
 646    0.0000043  -0.00002681
 647    0.0000016  -0.00001174
 648    0.0000030  -0.00002247
 649    0.0000027  -0.00001897
 650    0.0000005  -0.00000438
 651    0.0000004  -0.00000384
 652    0.0000008  -0.00000645
 653    0.0000005  -0.00000392
 654    0.0000002  -0.00000181
 655    0.0000001  -0.00000077
 656    0.0000001  -0.00000058
 657    0.0000000  -0.00000021
 658    0.0000000  -0.00000026
 659    0.0000000  -0.00000017
 660    0.0000000  -0.00000011
 661    0.0000000  -0.00000009
 662    0.0000000  -0.00000001
 663    0.0000000  -0.00000002
 664    0.0000030  -0.00001090
 665    0.0000058  -0.00002494
 666    0.0000020  -0.00000694
 667    0.0000010  -0.00000417
 668    0.0000019  -0.00000763
 669    0.0000016  -0.00000732
 670    0.0000036  -0.00001232
 671    0.0000051  -0.00002219
 672    0.0000033  -0.00001577
 673    0.0000163  -0.00006506
 674    0.0000023  -0.00001050
 675    0.0000037  -0.00001678
 676    0.0000023  -0.00001139
 677    0.0000059  -0.00002836
 678    0.0000012  -0.00000626
 679    0.0000042  -0.00001946
 680    0.0000010  -0.00000524
 681    0.0000030  -0.00001374
 682    0.0000019  -0.00000945
 683    0.0000073  -0.00003806
 684    0.0000042  -0.00002557
 685    0.0000027  -0.00001647
 686    0.0000012  -0.00000828
 687    0.0000022  -0.00001557
 688    0.0000014  -0.00001081
 689    0.0000004  -0.00000372
 690    0.0000003  -0.00000256
 691    0.0000007  -0.00000501
 692    0.0000004  -0.00000322
 693    0.0000002  -0.00000142
 694    0.0000001  -0.00000074
 695    0.0000001  -0.00000060
 696    0.0000000  -0.00000020
 697    0.0000000  -0.00000023
 698    0.0000000  -0.00000011
 699    0.0000000  -0.00000009
 700    0.0000000  -0.00000007
 701    0.0000000  -0.00000001
 702    0.0000000  -0.00000002
 
----------------
 Final Energies 
----------------
Final NOF Total Energy =    -801.7085457
 
Total Orbital Internal Iterations = 10
Total Occupation Internal Iterations = 0
 
Elapsed time:  220.59 Seconds

---------------------------------
   Lowdin Population Analysis    
---------------------------------
 Idx  Atom   Population   Charge 
---------------------------------
  1     F     8.482       0.518
  2     H     1.161      -0.161
  3     C     5.773       0.227
  4     C     5.986       0.014
  5    Al    13.119      -0.119
  6     H     0.854       0.146
  7    Mg    12.327      -0.327
  8     H     0.869       0.131
  9     H     1.204      -0.204
 10     O     7.169       0.831
 11     B     6.207      -1.207
 12     H     1.111      -0.111
 13     N     6.555       0.445
 14     B     5.008      -0.008
 15     H     1.074      -0.074
 16     H     1.100      -0.100

---------------------------------
   M Diagnostic: 0.03
---------------------------------

