Computing Integrals
Basis Set                                            = def2-qzvp
Auxiliary Basis Set                                  = def2-universal-jkfit
Gaussian Type                                        = Spherical
Elapsed time:   11.51 Seconds

Number of basis functions                   (NBF)    = 560
Number of auxiliary basis functions         (NBFAUX) = 1024
Inactive Doubly occupied orbitals up to     (NO1)    = 0
No. considered Strongly Doubly occupied MOs (NDOC)   = 66
No. considered Strongly Singly occupied MOs (NSOC)   = 0
NO. of Weakly occ. per St. Doubly occ.  MOs (NCWO)   = 7
Dimension of the Nat. Orb. subspace         (NBF5)   = 528
No. of electrons                                     = 132
    No. of alpha electrons                           = 66
    No. of beta electrons                            = 66
Multiplicity                                         = 1

Geometry
========
 P      -0.2078210       1.7674490       0.0000000
Cl       1.0912820       1.9676200       1.5825610
Cl       1.0912820       1.9676200      -1.5825610
Cl      -1.0912820       3.6237220       0.0000000
 P       0.2078210      -1.7674490       0.0000000
Cl      -1.0912820      -1.9676200       1.5825610
Cl      -1.0912820      -1.9676200      -1.5825610
Cl       1.0912820      -3.6237220       0.0000000

No violations of the orthonormality
No violations of the orthonormality
 
PNOF8/ADABelief Calculation
==================
 
  Nitext  Nit_orb  Time   Nit_occ  Time         Eelec          Etot           Ediff      maxdiff    MaxGrad_orb  Grad_occ
     1      10    7.2e+01    0    2.9e+01 -4587.60624320 -3442.80736911 -14586.60624320   0.000497   2.0e-03   2.8e-04 0.03
 
RESULTS OF THE OCCUPATION OPTIMIZATION
========================================
   1    1.9999991  -103.32389463
   2    1.9999992  -101.48784606
   3    1.9999991  -100.11304772
   4    1.9999991  -100.04948860
   5    1.9999988  -98.24959799
   6    1.9999988  -97.02406832
   7    1.9999987  -96.31561913
   8    1.9999989  -93.28185881
   9    1.9998831  -10.61206813
  10    1.9998627  -10.61177764
  11    1.9998721  -10.61173070
  12    1.9998821  -10.61107413
  13    1.9998738  -10.61092326
  14    1.9998728  -10.61077579
  15    1.9994625  -8.06970239
  16    1.9994120  -8.06395421
  17    1.9994120  -8.06103003
  18    1.9994356  -8.05983927
  19    1.9994703  -8.05171757
  20    1.9991836  -8.04052706
  21    1.9992194  -8.03270748
  22    1.9994049  -8.02958790
  23    1.9991422  -8.02238926
  24    1.9993620  -8.01552077
  25    1.9993711  -8.01305784
  26    1.9994756  -8.01221999
  27    1.9993585  -8.00834146
  28    1.9991036  -8.00535963
  29    1.9989980  -7.98326500
  30    1.9990879  -7.96158235
  31    1.9996013  -7.94669343
  32    1.9988247  -7.41773064
  33    1.9984092  -7.23059907
  34    1.9987145  -7.21232408
  35    1.9985828  -7.06163565
  36    1.9978194  -6.56049670
  37    1.9982165  -5.54234559
  38    1.9981629  -5.53775962
  39    1.9974138  -5.53695011
  40    1.9974375  -5.53621728
  41    1.9822911  -1.13758986
  42    1.9821656  -1.13161593
  43    1.9821968  -1.12953011
  44    1.9830228  -1.12939188
  45    1.9829825  -1.12799773
  46    1.9825929  -1.12510451
  47    1.9812162  -0.86776585
  48    1.9815122  -0.85934435
  49    1.9699449  -0.58355346
  50    1.9702792  -0.57981506
  51    1.9702336  -0.57867303
  52    1.9726020  -0.57613826
  53    1.9729836  -0.56610876
  54    1.9728622  -0.56220138
  55    1.9720828  -0.52489398
  56    1.9720454  -0.52405914
  57    1.9720168  -0.52353551
  58    1.9722157  -0.52327966
  59    1.9696481  -0.52327136
  60    1.9719862  -0.52316399
  61    1.9697264  -0.52291236
  62    1.9697081  -0.52290677
  63    1.9697353  -0.52282514
  64    1.9719952  -0.52229646
  65    1.9695056  -0.52188556
  66    1.9697874  -0.52178225
  67    0.0100330  -0.01735898
  68    0.0099439  -0.01742117
  69    0.0098421  -0.01859462
  70    0.0099050  -0.01746782
  71    0.0099933  -0.01737518
  72    0.0100250  -0.01737067
  73    0.0097497  -0.01847530
  74    0.0099826  -0.01748674
  75    0.0094566  -0.01836406
  76    0.0096377  -0.01842181
  77    0.0097797  -0.01852049
  78    0.0097879  -0.01859783
  79    0.0171114  -0.03918155
  80    0.0172731  -0.03947465
  81    0.0203691  -0.04249112
  82    0.0267110  -0.04708967
  83    0.0266327  -0.04694574
  84    0.0274847  -0.04756837
  85    0.0045178  -0.02327704
  86    0.0043920  -0.02297896
  87    0.0056538  -0.02833613
  88    0.0059793  -0.02865690
  89    0.0059660  -0.02871764
  90    0.0052938  -0.02806971
  91    0.0053061  -0.02806274
  92    0.0055637  -0.02823515
  93    0.0010626  -0.01141136
  94    0.0010698  -0.01188373
  95    0.0011152  -0.01207184
  96    0.0011109  -0.01196927
  97    0.0009972  -0.00924034
  98    0.0005207  -0.01108839
  99    0.0010311  -0.00962795
 100    0.0009885  -0.00954437
 101    0.0010199  -0.00974132
 102    0.0001319  -0.00207661
 103    0.0004916  -0.01127026
 104    0.0009397  -0.00950543
 105    0.0004505  -0.01040409
 106    0.0004863  -0.01097701
 107    0.0003487  -0.00793401
 108    0.0005001  -0.01106766
 109    0.0004635  -0.01028813
 110    0.0003755  -0.00905592
 111    0.0004885  -0.01102408
 112    0.0003813  -0.00915970
 113    0.0003761  -0.00907798
 114    0.0003953  -0.00923248
 115    0.0003990  -0.00937759
 116    0.0004535  -0.01028351
 117    0.0004517  -0.01045058
 118    0.0004545  -0.01039907
 119    0.0000799  -0.00088620
 120    0.0000574  -0.00055587
 121    0.0000768  -0.00085995
 122    0.0000206  -0.00017205
 123    0.0000563  -0.00063682
 124    0.0000752  -0.00074908
 125    0.0000004  -0.00001492
 126    0.0000002  -0.00001073
 127    0.0000003  -0.00001100
 128    0.0000002  -0.00001024
 129    0.0000005  -0.00002566
 130    0.0000005  -0.00001848
 131    0.0000005  -0.00001993
 132    0.0000004  -0.00001519
 133    0.0095733  -0.01701769
 134    0.0094748  -0.01690333
 135    0.0090032  -0.01705115
 136    0.0094689  -0.01697279
 137    0.0095962  -0.01681760
 138    0.0095899  -0.01700093
 139    0.0089568  -0.01698756
 140    0.0095915  -0.01702022
 141    0.0087110  -0.01696194
 142    0.0088644  -0.01700823
 143    0.0089899  -0.01707036
 144    0.0090257  -0.01722030
 145    0.0036018  -0.01324355
 146    0.0034947  -0.01230721
 147    0.0028710  -0.01007339
 148    0.0008903  -0.00257749
 149    0.0009017  -0.00265685
 150    0.0007442  -0.00179163
 151    0.0036002  -0.01798864
 152    0.0036478  -0.01794529
 153    0.0044759  -0.01870480
 154    0.0048024  -0.01905522
 155    0.0048180  -0.01918972
 156    0.0040688  -0.01839876
 157    0.0041109  -0.01834587
 158    0.0044381  -0.01853193
 159    0.0009548  -0.01259748
 160    0.0009423  -0.01201641
 161    0.0004370  -0.00558080
 162    0.0004863  -0.00654821
 163    0.0009965  -0.00923313
 164    0.0004590  -0.00996293
 165    0.0001146  -0.00170962
 166    0.0004900  -0.01085772
 167    0.0000710  -0.00286672
 168    0.0000907  -0.00105980
 169    0.0003282  -0.00764303
 170    0.0000172  -0.00023490
 171    0.0003858  -0.00938540
 172    0.0000547  -0.00057551
 173    0.0000877  -0.00103414
 174    0.0000565  -0.00056768
 175    0.0001003  -0.00176607
 176    0.0003346  -0.00804312
 177    0.0000566  -0.00056835
 178    0.0003314  -0.00788973
 179    0.0003401  -0.00822108
 180    0.0000732  -0.00284167
 181    0.0000739  -0.00301293
 182    0.0000713  -0.00313872
 183    0.0000689  -0.00308424
 184    0.0000280  -0.00028822
 185    0.0000201  -0.00020535
 186    0.0000214  -0.00016307
 187    0.0000187  -0.00014617
 188    0.0000190  -0.00019009
 189    0.0000201  -0.00017946
 190    0.0000183  -0.00016712
 191    0.0000003  -0.00001376
 192    0.0000002  -0.00001082
 193    0.0000002  -0.00000964
 194    0.0000002  -0.00000966
 195    0.0000003  -0.00001391
 196    0.0000004  -0.00001394
 197    0.0000003  -0.00001332
 198    0.0000004  -0.00001424
 199    0.0094494  -0.01668376
 200    0.0094062  -0.01657659
 201    0.0071146  -0.01795181
 202    0.0093633  -0.01656684
 203    0.0095122  -0.01688072
 204    0.0095148  -0.01676580
 205    0.0070800  -0.01803751
 206    0.0095018  -0.01664714
 207    0.0069346  -0.01796323
 208    0.0070282  -0.01793417
 209    0.0071264  -0.01804062
 210    0.0070908  -0.01805274
 211    0.0028955  -0.00984168
 212    0.0028470  -0.00990203
 213    0.0026960  -0.01020383
 214    0.0007026  -0.00169046
 215    0.0007055  -0.00172419
 216    0.0006256  -0.00149039
 217    0.0030805  -0.01508239
 218    0.0035376  -0.01733726
 219    0.0018098  -0.00992743
 220    0.0018943  -0.01016263
 221    0.0019053  -0.01015202
 222    0.0017328  -0.00988225
 223    0.0017243  -0.00987052
 224    0.0034823  -0.01735454
 225    0.0004175  -0.00519575
 226    0.0004286  -0.00517157
 227    0.0001317  -0.00178011
 228    0.0000765  -0.00159886
 229    0.0000888  -0.00110064
 230    0.0003425  -0.00763598
 231    0.0000848  -0.00103903
 232    0.0000593  -0.00059158
 233    0.0000332  -0.00029941
 234    0.0000830  -0.00090945
 235    0.0000511  -0.00056677
 236    0.0000132  -0.00053917
 237    0.0000137  -0.00025561
 238    0.0000469  -0.00047591
 239    0.0000354  -0.00033533
 240    0.0000173  -0.00013642
 241    0.0000209  -0.00016495
 242    0.0000646  -0.00078996
 243    0.0000155  -0.00013220
 244    0.0000286  -0.00030565
 245    0.0000657  -0.00282964
 246    0.0000161  -0.00013411
 247    0.0000547  -0.00068962
 248    0.0000154  -0.00012958
 249    0.0000231  -0.00018581
 250    0.0000144  -0.00038311
 251    0.0000073  -0.00009293
 252    0.0000212  -0.00016774
 253    0.0000110  -0.00011079
 254    0.0000190  -0.00021197
 255    0.0000166  -0.00019901
 256    0.0000086  -0.00011532
 257    0.0000003  -0.00001207
 258    0.0000002  -0.00001018
 259    0.0000002  -0.00000846
 260    0.0000002  -0.00000944
 261    0.0000000  -0.00000246
 262    0.0000000  -0.00000241
 263    0.0000000  -0.00000177
 264    0.0000001  -0.00000369
 265    0.0006210  -0.00150691
 266    0.0006587  -0.00163576
 267    0.0006108  -0.00147971
 268    0.0005836  -0.00139891
 269    0.0006120  -0.00140943
 270    0.0005814  -0.00139150
 271    0.0006089  -0.00148178
 272    0.0006062  -0.00140755
 273    0.0008942  -0.00292537
 274    0.0006645  -0.00172232
 275    0.0006208  -0.00156271
 276    0.0006202  -0.00151781
 277    0.0028332  -0.00968241
 278    0.0026263  -0.01035471
 279    0.0006141  -0.00170630
 280    0.0006312  -0.00154843
 281    0.0005978  -0.00145521
 282    0.0006049  -0.00145373
 283    0.0026513  -0.01238245
 284    0.0027014  -0.01123247
 285    0.0017998  -0.00997463
 286    0.0018888  -0.01010993
 287    0.0018916  -0.01023267
 288    0.0017224  -0.00983104
 289    0.0017185  -0.00985835
 290    0.0017910  -0.00992680
 291    0.0000437  -0.00054407
 292    0.0000581  -0.00102561
 293    0.0000725  -0.00148989
 294    0.0000310  -0.00023154
 295    0.0000485  -0.00060609
 296    0.0000419  -0.00041971
 297    0.0000215  -0.00016385
 298    0.0000166  -0.00014846
 299    0.0000169  -0.00015794
 300    0.0000269  -0.00018708
 301    0.0000150  -0.00012948
 302    0.0000111  -0.00010378
 303    0.0000137  -0.00047779
 304    0.0000159  -0.00013303
 305    0.0000169  -0.00014215
 306    0.0000168  -0.00014100
 307    0.0000165  -0.00014198
 308    0.0000426  -0.00042939
 309    0.0000123  -0.00010311
 310    0.0000126  -0.00042238
 311    0.0000108  -0.00010608
 312    0.0000157  -0.00013248
 313    0.0000100  -0.00008730
 314    0.0000146  -0.00012870
 315    0.0000135  -0.00012427
 316    0.0000134  -0.00061478
 317    0.0000063  -0.00011045
 318    0.0000092  -0.00017671
 319    0.0000030  -0.00045175
 320    0.0000180  -0.00020702
 321    0.0000134  -0.00022433
 322    0.0000055  -0.00006760
 323    0.0000000  -0.00000241
 324    0.0000002  -0.00001010
 325    0.0000002  -0.00000843
 326    0.0000002  -0.00000845
 327    0.0000000  -0.00000089
 328    0.0000000  -0.00000164
 329    0.0000000  -0.00000124
 330    0.0000000  -0.00000186
 331    0.0001933  -0.00066196
 332    0.0005996  -0.00140076
 333    0.0006072  -0.00147233
 334    0.0005203  -0.00129237
 335    0.0002273  -0.00079264
 336    0.0002053  -0.00066349
 337    0.0006035  -0.00147236
 338    0.0002439  -0.00076714
 339    0.0005980  -0.00146743
 340    0.0006001  -0.00146640
 341    0.0006096  -0.00147901
 342    0.0006079  -0.00147529
 343    0.0004138  -0.00123965
 344    0.0004605  -0.00134712
 345    0.0005073  -0.00139744
 346    0.0004381  -0.00120353
 347    0.0004629  -0.00128315
 348    0.0002322  -0.00073091
 349    0.0018965  -0.00978105
 350    0.0026586  -0.01125035
 351    0.0017752  -0.00996791
 352    0.0018714  -0.01022998
 353    0.0018655  -0.01025165
 354    0.0016856  -0.00971344
 355    0.0016728  -0.00969515
 356    0.0017342  -0.00973143
 357    0.0000333  -0.00024528
 358    0.0000327  -0.00027434
 359    0.0000286  -0.00022312
 360    0.0000282  -0.00023911
 361    0.0000183  -0.00020897
 362    0.0000177  -0.00015654
 363    0.0000143  -0.00038286
 364    0.0000133  -0.00022150
 365    0.0000126  -0.00026202
 366    0.0000255  -0.00017090
 367    0.0000094  -0.00008179
 368    0.0000075  -0.00007805
 369    0.0000123  -0.00018205
 370    0.0000159  -0.00013212
 371    0.0000152  -0.00048349
 372    0.0000162  -0.00013366
 373    0.0000157  -0.00043792
 374    0.0000145  -0.00015282
 375    0.0000087  -0.00008662
 376    0.0000094  -0.00008498
 377    0.0000085  -0.00007981
 378    0.0000103  -0.00008485
 379    0.0000095  -0.00008249
 380    0.0000143  -0.00014449
 381    0.0000125  -0.00013001
 382    0.0000097  -0.00008484
 383    0.0000058  -0.00009758
 384    0.0000064  -0.00010581
 385    0.0000029  -0.00055159
 386    0.0000179  -0.00019206
 387    0.0000109  -0.00018129
 388    0.0000036  -0.00042901
 389    0.0000000  -0.00000100
 390    0.0000002  -0.00000892
 391    0.0000002  -0.00000785
 392    0.0000001  -0.00000750
 393    0.0000000  -0.00000075
 394    0.0000000  -0.00000137
 395    0.0000000  -0.00000060
 396    0.0000000  -0.00000133
 397    0.0001786  -0.00060918
 398    0.0002248  -0.00077757
 399    0.0005977  -0.00142449
 400    0.0002135  -0.00081284
 401    0.0001841  -0.00062270
 402    0.0001837  -0.00063539
 403    0.0005963  -0.00145607
 404    0.0002136  -0.00079398
 405    0.0005956  -0.00145961
 406    0.0005958  -0.00146105
 407    0.0006050  -0.00147867
 408    0.0006071  -0.00145473
 409    0.0001597  -0.00068005
 410    0.0001803  -0.00072546
 411    0.0002044  -0.00077370
 412    0.0002365  -0.00072960
 413    0.0002310  -0.00072293
 414    0.0001869  -0.00055922
 415    0.0018120  -0.00968284
 416    0.0009514  -0.00464694
 417    0.0017344  -0.00971967
 418    0.0003988  -0.00175866
 419    0.0003513  -0.00137685
 420    0.0016519  -0.00954941
 421    0.0016572  -0.00967062
 422    0.0004996  -0.00270609
 423    0.0000267  -0.00022152
 424    0.0000294  -0.00024833
 425    0.0000277  -0.00024127
 426    0.0000262  -0.00019345
 427    0.0000160  -0.00027650
 428    0.0000177  -0.00014049
 429    0.0000101  -0.00012390
 430    0.0000125  -0.00010169
 431    0.0000116  -0.00011419
 432    0.0000208  -0.00017469
 433    0.0000089  -0.00008350
 434    0.0000068  -0.00008393
 435    0.0000112  -0.00009341
 436    0.0000113  -0.00010287
 437    0.0000110  -0.00010706
 438    0.0000112  -0.00015977
 439    0.0000109  -0.00012989
 440    0.0000135  -0.00027612
 441    0.0000072  -0.00009029
 442    0.0000089  -0.00008407
 443    0.0000079  -0.00007222
 444    0.0000102  -0.00008588
 445    0.0000089  -0.00008008
 446    0.0000103  -0.00008957
 447    0.0000099  -0.00008425
 448    0.0000093  -0.00008270
 449    0.0000045  -0.00012235
 450    0.0000057  -0.00011687
 451    0.0000028  -0.00054401
 452    0.0000174  -0.00017450
 453    0.0000106  -0.00014518
 454    0.0000029  -0.00055865
 455    0.0000000  -0.00000089
 456    0.0000001  -0.00000521
 457    0.0000001  -0.00000705
 458    0.0000001  -0.00000677
 459    0.0000000  -0.00000064
 460    0.0000000  -0.00000126
 461    0.0000000  -0.00000057
 462    0.0000000  -0.00000121
 463    0.0001640  -0.00057149
 464    0.0001863  -0.00061559
 465    0.0002291  -0.00076441
 466    0.0002102  -0.00079819
 467    0.0001668  -0.00058621
 468    0.0001736  -0.00062518
 469    0.0004186  -0.00123564
 470    0.0002123  -0.00080807
 471    0.0005944  -0.00145901
 472    0.0005925  -0.00143381
 473    0.0002232  -0.00074884
 474    0.0001776  -0.00063844
 475    0.0001224  -0.00053373
 476    0.0001346  -0.00056905
 477    0.0001361  -0.00052380
 478    0.0001567  -0.00048509
 479    0.0001892  -0.00061431
 480    0.0001764  -0.00053719
 481    0.0009294  -0.00450589
 482    0.0008950  -0.00431823
 483    0.0001581  -0.00080579
 484    0.0001825  -0.00112366
 485    0.0001795  -0.00107672
 486    0.0016480  -0.00955058
 487    0.0016447  -0.00961287
 488    0.0002000  -0.00104628
 489    0.0000239  -0.00017921
 490    0.0000252  -0.00020093
 491    0.0000244  -0.00018470
 492    0.0000244  -0.00018751
 493    0.0000152  -0.00039450
 494    0.0000175  -0.00015308
 495    0.0000091  -0.00014225
 496    0.0000107  -0.00009061
 497    0.0000100  -0.00008263
 498    0.0000198  -0.00024536
 499    0.0000079  -0.00008515
 500    0.0000064  -0.00012498
 501    0.0000094  -0.00008103
 502    0.0000104  -0.00008598
 503    0.0000094  -0.00010313
 504    0.0000108  -0.00009388
 505    0.0000101  -0.00008130
 506    0.0000126  -0.00060770
 507    0.0000063  -0.00021096
 508    0.0000084  -0.00009784
 509    0.0000073  -0.00009537
 510    0.0000089  -0.00009577
 511    0.0000083  -0.00007668
 512    0.0000087  -0.00009022
 513    0.0000085  -0.00007692
 514    0.0000082  -0.00010913
 515    0.0000033  -0.00049195
 516    0.0000049  -0.00020984
 517    0.0000027  -0.00047678
 518    0.0000159  -0.00032044
 519    0.0000094  -0.00011722
 520    0.0000028  -0.00055012
 521    0.0000000  -0.00000087
 522    0.0000001  -0.00000428
 523    0.0000001  -0.00000700
 524    0.0000001  -0.00000638
 525    0.0000000  -0.00000061
 526    0.0000000  -0.00000112
 527    0.0000000  -0.00000053
 528    0.0000000  -0.00000103
 
----------------
 Final Energies 
----------------
Final NOF Total Energy =   -3442.8073691
 
Total Orbital Internal Iterations = 10
Total Occupation Internal Iterations = 0
 
Elapsed time:  133.91 Seconds

---------------------------------
   Lowdin Population Analysis    
---------------------------------
 Idx  Atom   Population   Charge 
---------------------------------
  1     P    15.620      -0.620
  2    Cl    16.794       0.206
  3    Cl    16.794       0.206
  4    Cl    16.794       0.206
  5     P    15.617      -0.617
  6    Cl    16.793       0.207
  7    Cl    16.793       0.207
  8    Cl    16.794       0.206

---------------------------------
   M Diagnostic: 0.03
---------------------------------

