Computing Integrals
Basis Set                                            = def2-qzvp
Auxiliary Basis Set                                  = def2-universal-jkfit
Gaussian Type                                        = Spherical
Elapsed time:    5.94 Seconds

Number of basis functions                   (NBF)    = 261
Number of auxiliary basis functions         (NBFAUX) = 285
Inactive Doubly occupied orbitals up to     (NO1)    = 0
No. considered Strongly Doubly occupied MOs (NDOC)   = 15
No. considered Strongly Singly occupied MOs (NSOC)   = 0
NO. of Weakly occ. per St. Doubly occ.  MOs (NCWO)   = 16
Dimension of the Nat. Orb. subspace         (NBF5)   = 255
No. of electrons                                     = 30
    No. of alpha electrons                           = 15
    No. of beta electrons                            = 15
Multiplicity                                         = 1

Geometry
========
 H       0.0000000       1.1641500       0.0000000
 H       1.0081830      -0.5820750       0.0000000
 H      -1.0081830      -0.5820750       0.0000000
 F      -0.5275200      -1.3957780       0.0000000
 F      -0.9450190       1.1547350       0.0000000
 F       1.4725400       0.2410430       0.0000000

No violations of the orthonormality
No violations of the orthonormality
 
PNOF8/ADAM Calculation
==================
 
  Nitext  Nit_orb  Time   Nit_occ  Time         Eelec          Etot           Ediff      maxdiff    MaxGrad_orb  Grad_occ
     1      10    1.2e+01   19    1.4e+01  -366.13222063  -286.78414876 -10365.13222063   1.124019   4.5e+00   3.0e-04 0.00
     2      10    3.5e+00   70    7.9e+00  -374.98298467  -295.63491280    -8.85076404   1.090066   4.4e+00   2.4e-04 0.01
     3      10    3.7e+00   70    7.3e+00  -378.52943521  -299.18136333    -3.54645053   1.393880   5.6e+00   2.1e-04 0.01
     4      10    3.6e+00   38    4.2e+00  -379.46412566  -300.11605378    -0.93469045   0.488169   2.0e+00   1.9e-04 0.02
     5      10    3.5e+00   25    2.8e+00  -379.69954491  -300.35147304    -0.23541926   0.420740   1.7e+00   2.5e-04 0.02
     6      10    3.5e+00    0    3.4e-01  -379.70133127  -300.35325939    -0.00178635   0.420740   1.7e+00   2.5e-04 0.02
     7      30    1.0e+01   28    3.2e+00  -380.39695889  -301.04888701    -0.69562762   0.058352   2.3e-01   2.2e-04 0.02
     8      30    1.0e+01   17    2.1e+00  -380.46537475  -301.11730288    -0.06841586   0.024473   9.8e-02   2.0e-04 0.02
     9      30    1.0e+01   23    2.7e+00  -380.48092076  -301.13284888    -0.01554601   0.011714   4.7e-02   2.1e-04 0.02
    10      30    1.1e+01   11    1.5e+00  -380.48989157  -301.14181970    -0.00897081   0.010322   4.1e-02   2.5e-04 0.02
    11      30    9.9e+00   10    1.4e+00  -380.49631539  -301.14824352    -0.00642382   0.008128   3.3e-02   2.8e-04 0.02
    12      30    1.0e+01   10    1.4e+00  -380.49992147  -301.15184959    -0.00360607   0.010445   4.2e-02   2.4e-04 0.02
    13      30    1.0e+01    9    1.3e+00  -380.50245122  -301.15437935    -0.00252976   0.012032   4.8e-02   2.8e-04 0.02
    14      30    1.0e+01    9    1.4e+00  -380.50441142  -301.15633955    -0.00196020   0.009572   3.8e-02   2.1e-04 0.02
    15      30    1.1e+01    4    7.2e-01  -380.50572635  -301.15765448    -0.00131493   0.008954   3.6e-02   2.9e-04 0.02
    16      30    1.0e+01   11    1.4e+00  -380.50665952  -301.15858765    -0.00093317   0.012257   4.9e-02   1.9e-04 0.02
    17      30    1.0e+01    6    9.9e-01  -380.50793908  -301.15986721    -0.00127956   0.009907   4.0e-02   1.8e-04 0.02
    18      30    1.0e+01    3    6.3e-01  -380.50878632  -301.16071444    -0.00084723   0.009690   3.9e-02   3.1e-04 0.02
    19      30    1.0e+01    6    9.7e-01  -380.50936243  -301.16129056    -0.00057612   0.013280   5.3e-02   2.2e-04 0.02
    20      30    1.1e+01    3    6.9e-01  -380.50974635  -301.16167448    -0.00038392   0.011914   4.8e-02   2.4e-04 0.02
    21      30    1.0e+01    6    1.0e+00  -380.51010070  -301.16202883    -0.00035435   0.010300   4.1e-02   1.8e-04 0.02
    22      30    1.0e+01    3    6.3e-01  -380.51042219  -301.16235032    -0.00032149   0.008972   3.6e-02   1.9e-04 0.02
    23      30    1.0e+01    1    4.1e-01  -380.51052284  -301.16245097    -0.00010065   0.009237   3.7e-02   2.5e-04 0.02
    24      30    1.0e+01    6    9.7e-01  -380.51068655  -301.16261468    -0.00016371   0.009003   3.6e-02   1.7e-04 0.02
    25      30    1.0e+01    1    4.6e-01  -380.51079052  -301.16271865    -0.00010397   0.009057   3.6e-02   2.1e-04 0.02
    26      30    1.0e+01    3    6.6e-01  -380.51094311  -301.16287124    -0.00015259   0.011202   4.5e-02   1.9e-04 0.02
    27      30    1.0e+01    6    1.0e+00  -380.51097994  -301.16290807    -0.00003683   0.038138   1.5e-01   1.4e-04 0.02
    28      30    1.0e+01    1    4.4e-01  -380.51105644  -301.16298457    -0.00007650   0.010074   4.0e-02   1.6e-04 0.02
    29      30    1.1e+01    0    3.7e-01  -380.51105738  -301.16298551    -0.00000094   0.010074   4.0e-02   1.6e-04 0.02
    30      50    1.7e+01    1    4.3e-01  -380.51191937  -301.16384750    -0.00086199   0.000955   3.8e-03   1.4e-04 0.02
 
RESULTS OF THE OCCUPATION OPTIMIZATION
========================================
   1    1.9999943  -26.36525377
   2    1.9999899  -26.36524063
   3    1.9999902  -26.36503914
   4    1.9886808  -1.62976029
   5    1.9883741  -1.62106239
   6    1.9898349  -1.61921216
   7    1.9740493  -0.87037082
   8    1.9742984  -0.86936463
   9    1.9732589  -0.86198349
  10    1.9824822  -0.74396128
  11    1.9817402  -0.73980676
  12    1.9803023  -0.73934286
  13    1.9818362  -0.73408689
  14    1.9792823  -0.72725260
  15    1.9792209  -0.72505562
  16    0.0100896  -0.02021999
  17    0.0108008  -0.02064921
  18    0.0114209  -0.02102330
  19    0.0098489  -0.01959415
  20    0.0106236  -0.02040982
  21    0.0099776  -0.01970528
  22    0.0193850  -0.03598103
  23    0.0211400  -0.03783332
  24    0.0218585  -0.03832617
  25    0.0075438  -0.02195512
  26    0.0072557  -0.02235565
  27    0.0072522  -0.02208494
  28    0.0000064  -0.00027504
  29    0.0000069  -0.00029414
  30    0.0000023  -0.00003332
  31    0.0040067  -0.00964834
  32    0.0042099  -0.00967438
  33    0.0044745  -0.01022540
  34    0.0042452  -0.00976249
  35    0.0043198  -0.01011290
  36    0.0039943  -0.00984683
  37    0.0032689  -0.00866961
  38    0.0034276  -0.00883197
  39    0.0033983  -0.00876431
  40    0.0006210  -0.00323804
  41    0.0028562  -0.00892129
  42    0.0028175  -0.00865138
  43    0.0000011  -0.00000818
  44    0.0000010  -0.00000831
  45    0.0000009  -0.00000644
  46    0.0038848  -0.00963024
  47    0.0040478  -0.00985344
  48    0.0007625  -0.00293788
  49    0.0038916  -0.00960546
  50    0.0012140  -0.00480215
  51    0.0011980  -0.00486922
  52    0.0030807  -0.00843412
  53    0.0002537  -0.00101188
  54    0.0002653  -0.00103261
  55    0.0005396  -0.00411179
  56    0.0006679  -0.00287314
  57    0.0003818  -0.00155255
  58    0.0000005  -0.00000455
  59    0.0000006  -0.00000573
  60    0.0000005  -0.00003045
  61    0.0011611  -0.00449224
  62    0.0004741  -0.00154248
  63    0.0006473  -0.00368788
  64    0.0005198  -0.00173398
  65    0.0008128  -0.00302950
  66    0.0007923  -0.00290119
  67    0.0002478  -0.00101587
  68    0.0002515  -0.00100402
  69    0.0002627  -0.00100221
  70    0.0005061  -0.00402129
  71    0.0002562  -0.00107390
  72    0.0002668  -0.00111552
  73    0.0000004  -0.00003501
  74    0.0000005  -0.00003279
  75    0.0000004  -0.00003899
  76    0.0006819  -0.00267320
  77    0.0004153  -0.00142541
  78    0.0003061  -0.00109283
  79    0.0004050  -0.00134368
  80    0.0004291  -0.00147596
  81    0.0006173  -0.00413955
  82    0.0002387  -0.00097621
  83    0.0002506  -0.00104533
  84    0.0000464  -0.00016475
  85    0.0003976  -0.00166899
  86    0.0002543  -0.00106299
  87    0.0002652  -0.00110728
  88    0.0000003  -0.00002394
  89    0.0000003  -0.00000428
  90    0.0000002  -0.00000287
  91    0.0002663  -0.00100970
  92    0.0002891  -0.00107296
  93    0.0003040  -0.00108428
  94    0.0003017  -0.00110391
  95    0.0002974  -0.00108207
  96    0.0004063  -0.00138822
  97    0.0002260  -0.00089321
  98    0.0002431  -0.00095067
  99    0.0000366  -0.00013918
 100    0.0002824  -0.00115526
 101    0.0001003  -0.00095249
 102    0.0001399  -0.00188923
 103    0.0000003  -0.00000334
 104    0.0000001  -0.00000175
 105    0.0000002  -0.00000285
 106    0.0002574  -0.00099221
 107    0.0002738  -0.00100906
 108    0.0001078  -0.00046587
 109    0.0002654  -0.00100210
 110    0.0002846  -0.00104616
 111    0.0002925  -0.00107126
 112    0.0002125  -0.00087623
 113    0.0000243  -0.00011523
 114    0.0000305  -0.00011758
 115    0.0000721  -0.00061094
 116    0.0000698  -0.00060030
 117    0.0001019  -0.00097628
 118    0.0000002  -0.00000195
 119    0.0000001  -0.00000145
 120    0.0000002  -0.00000297
 121    0.0002470  -0.00094900
 122    0.0000622  -0.00029989
 123    0.0000349  -0.00018365
 124    0.0000807  -0.00036624
 125    0.0000786  -0.00035228
 126    0.0000708  -0.00031471
 127    0.0000247  -0.00008515
 128    0.0000240  -0.00009249
 129    0.0000136  -0.00010443
 130    0.0000490  -0.00036218
 131    0.0000667  -0.00097095
 132    0.0000397  -0.00021676
 133    0.0000001  -0.00000185
 134    0.0000001  -0.00000113
 135    0.0000002  -0.00000239
 136    0.0000632  -0.00028849
 137    0.0000621  -0.00029502
 138    0.0000209  -0.00014766
 139    0.0000291  -0.00014520
 140    0.0000692  -0.00029921
 141    0.0000352  -0.00018149
 142    0.0000180  -0.00008191
 143    0.0000219  -0.00010452
 144    0.0000129  -0.00009993
 145    0.0000274  -0.00017097
 146    0.0000227  -0.00016677
 147    0.0000185  -0.00014302
 148    0.0000001  -0.00000160
 149    0.0000001  -0.00000091
 150    0.0000002  -0.00000207
 151    0.0000272  -0.00014967
 152    0.0000192  -0.00014189
 153    0.0000185  -0.00012826
 154    0.0000217  -0.00014716
 155    0.0000344  -0.00016666
 156    0.0000328  -0.00016076
 157    0.0000086  -0.00005646
 158    0.0000125  -0.00010385
 159    0.0000058  -0.00003800
 160    0.0000219  -0.00017332
 161    0.0000183  -0.00016696
 162    0.0000124  -0.00011848
 163    0.0000001  -0.00000115
 164    0.0000001  -0.00000092
 165    0.0000001  -0.00000169
 166    0.0000264  -0.00014206
 167    0.0000164  -0.00011495
 168    0.0000177  -0.00012802
 169    0.0000172  -0.00012538
 170    0.0000325  -0.00015942
 171    0.0000292  -0.00016046
 172    0.0000073  -0.00003878
 173    0.0000111  -0.00007049
 174    0.0000048  -0.00003144
 175    0.0000186  -0.00016594
 176    0.0000175  -0.00015462
 177    0.0000110  -0.00010488
 178    0.0000001  -0.00000109
 179    0.0000001  -0.00000073
 180    0.0000001  -0.00000142
 181    0.0000167  -0.00011682
 182    0.0000159  -0.00011424
 183    0.0000175  -0.00011717
 184    0.0000163  -0.00011904
 185    0.0000179  -0.00013246
 186    0.0000187  -0.00012524
 187    0.0000070  -0.00003893
 188    0.0000099  -0.00006094
 189    0.0000041  -0.00002701
 190    0.0000181  -0.00015115
 191    0.0000164  -0.00013467
 192    0.0000029  -0.00002583
 193    0.0000001  -0.00000104
 194    0.0000001  -0.00000055
 195    0.0000001  -0.00000129
 196    0.0000161  -0.00011313
 197    0.0000157  -0.00011263
 198    0.0000162  -0.00011997
 199    0.0000162  -0.00011546
 200    0.0000168  -0.00012658
 201    0.0000171  -0.00012021
 202    0.0000063  -0.00003534
 203    0.0000091  -0.00005799
 204    0.0000031  -0.00001228
 205    0.0000174  -0.00014781
 206    0.0000151  -0.00012712
 207    0.0000027  -0.00001864
 208    0.0000001  -0.00000060
 209    0.0000000  -0.00000043
 210    0.0000001  -0.00000108
 211    0.0000152  -0.00011172
 212    0.0000063  -0.00004342
 213    0.0000055  -0.00004144
 214    0.0000160  -0.00011329
 215    0.0000153  -0.00011631
 216    0.0000166  -0.00011742
 217    0.0000053  -0.00003305
 218    0.0000087  -0.00005709
 219    0.0000031  -0.00000982
 220    0.0000169  -0.00024216
 221    0.0000033  -0.00002746
 222    0.0000025  -0.00001520
 223    0.0000001  -0.00000054
 224    0.0000000  -0.00000042
 225    0.0000001  -0.00000099
 226    0.0000105  -0.00007208
 227    0.0000059  -0.00004119
 228    0.0000049  -0.00003814
 229    0.0000156  -0.00011604
 230    0.0000100  -0.00007286
 231    0.0000162  -0.00012053
 232    0.0000028  -0.00000891
 233    0.0000073  -0.00004204
 234    0.0000027  -0.00000921
 235    0.0000167  -0.00013109
 236    0.0000029  -0.00001880
 237    0.0000022  -0.00001324
 238    0.0000000  -0.00000053
 239    0.0000000  -0.00000037
 240    0.0000001  -0.00000063
 241    0.0000089  -0.00006640
 242    0.0000031  -0.00001577
 243    0.0000045  -0.00003679
 244    0.0000074  -0.00005520
 245    0.0000036  -0.00002724
 246    0.0000027  -0.00001426
 247    0.0000015  -0.00000625
 248    0.0000061  -0.00003758
 249    0.0000023  -0.00000960
 250    0.0000163  -0.00025671
 251    0.0000025  -0.00001606
 252    0.0000021  -0.00000989
 253    0.0000000  -0.00000049
 254    0.0000000  -0.00000036
 255    0.0000001  -0.00000058
 
----------------
 Final Energies 
----------------
Final NOF Total Energy =    -301.1638475
 
Total Orbital Internal Iterations = 800
Total Occupation Internal Iterations = 400
 
Elapsed time:  382.08 Seconds

---------------------------------
   Lowdin Population Analysis    
---------------------------------
 Idx  Atom   Population   Charge 
---------------------------------
  1     H     1.496      -0.496
  2     H     1.494      -0.494
  3     H     1.497      -0.497
  4     F     8.507       0.493
  5     F     8.502       0.498
  6     F     8.503       0.497

---------------------------------
   M Diagnostic: 0.02
---------------------------------

